Clock: clk_i
Sources: clk_i 
Generated: no
Virtual: yes
Propagated: no
Period: 25.000000

===========================================================================
report_clock_properties
============================================================================
Clock                   Period          Waveform
----------------------------------------------------
clk_i                25.000000    0.000000 12.500000

===========================================================================
report_clock_latency
============================================================================
Clock clk_i
rise -> rise
    min     max
0.000000 0.000000 source latency
1.309794         network latency _09831_/CLK
        7.005052 network latency _10124_/CLK
---------------
1.309794 7.005052 latency
        5.695258 skew

rise -> fall
    min     max
0.000000 0.000000 source latency
5.255783         network latency _10078_/CLK
        6.678504 network latency _10124_/CLK
---------------
5.255783 6.678504 latency
        1.422721 skew

fall -> fall
    min     max
0.000000 0.000000 source latency
1.030198         network latency _09853_/CLK
        1.407032 network latency _09354_/CLK
---------------
1.030198 1.407032 latency
        0.376834 skew



===========================================================================
report_clock_min_period
============================================================================
clk_i period_min = 15.60 fmax = 64.09
