
===========================================================================
 report_power
============================================================================
======================= nom_tt_025C_1v80 Corner ===================================

Group                    Internal    Switching      Leakage        Total
                            Power        Power        Power        Power (Watts)
------------------------------------------------------------------------
Sequential           1.880790e-03 2.208740e-04 1.573145e-08 2.101680e-03  20.1%
Combinational        2.606742e-03 3.510334e-03 6.926940e-08 6.117145e-03  58.4%
Clock                1.207941e-03 1.054422e-03 3.868478e-09 2.262367e-03  21.6%
Macro                0.000000e+00 0.000000e+00 0.000000e+00 0.000000e+00   0.0%
Pad                  0.000000e+00 0.000000e+00 0.000000e+00 0.000000e+00   0.0%
------------------------------------------------------------------------
Total                5.695456e-03 4.785625e-03 8.885968e-08 1.048117e-02 100.0%
                            54.3%        45.7%         0.0%

