fft_ctrl_tlul
----------------------------------------
All nwells must contain metal-connected N+ taps (nwell.4)
----------------------------------------
 5.330um 311.385um 314.560um 314.215um
 5.330um 305.945um 314.560um 308.775um
 5.330um 300.505um 314.560um 303.335um
 5.330um 295.065um 314.560um 297.895um
 5.330um 289.625um 314.560um 292.455um
 5.330um 284.185um 314.560um 287.015um
 5.330um 278.745um 314.560um 281.575um
 5.330um 273.305um 314.560um 276.135um
 5.330um 267.865um 314.560um 270.695um
 5.330um 262.425um 314.560um 265.255um
 5.330um 256.985um 314.560um 259.815um
 5.330um 251.545um 314.560um 254.375um
 5.330um 246.105um 314.560um 248.935um
 5.330um 240.665um 314.560um 243.495um
 5.330um 235.225um 314.560um 238.055um
 5.330um 229.785um 314.560um 232.615um
 5.330um 224.345um 314.560um 227.175um
 5.330um 218.905um 314.560um 221.735um
 5.330um 213.465um 314.560um 216.295um
 5.330um 208.025um 314.560um 210.855um
 5.330um 202.585um 314.560um 205.415um
 5.330um 197.145um 314.560um 199.975um
 5.330um 191.705um 314.560um 194.535um
 5.330um 186.265um 314.560um 189.095um
 5.330um 180.825um 314.560um 183.655um
 5.330um 175.385um 314.560um 178.215um
 5.330um 169.945um 314.560um 172.775um
 5.330um 164.505um 314.560um 167.335um
 5.330um 159.065um 314.560um 161.895um
 5.330um 153.625um 314.560um 156.455um
 5.330um 148.185um 314.560um 151.015um
 5.330um 142.745um 314.560um 145.575um
 5.330um 137.305um 314.560um 140.135um
 5.330um 131.865um 314.560um 134.695um
 5.330um 126.425um 314.560um 129.255um
 5.330um 120.985um 314.560um 123.815um
 5.330um 115.545um 314.560um 118.375um
 5.330um 110.105um 314.560um 112.935um
 5.330um 104.665um 314.560um 107.495um
 5.330um 99.225um 314.560um 102.055um
 5.330um 93.785um 314.560um 96.615um
 5.330um 88.345um 314.560um 91.175um
 5.330um 82.905um 314.560um 85.735um
 5.330um 77.465um 314.560um 80.295um
 5.330um 72.025um 314.560um 74.855um
 5.330um 66.585um 314.560um 69.415um
 5.330um 61.145um 314.560um 63.975um
 5.330um 55.705um 314.560um 58.535um
 5.330um 50.265um 314.560um 53.095um
 5.330um 44.825um 314.560um 47.655um
 5.330um 39.385um 314.560um 42.215um
 5.330um 33.945um 314.560um 36.775um
 5.330um 28.505um 314.560um 31.335um
 5.330um 23.065um 314.560um 25.895um
 5.330um 17.625um 314.560um 20.455um
 5.330um 12.185um 314.560um 15.015um
 5.330um 626.905um 314.560um 629.120um
 5.330um 621.465um 314.560um 624.295um
 5.330um 616.025um 314.560um 618.855um
 5.330um 610.585um 314.560um 613.415um
 5.330um 605.145um 314.560um 607.975um
 5.330um 599.705um 314.560um 602.535um
 5.330um 594.265um 314.560um 597.095um
 5.330um 588.825um 314.560um 591.655um
 5.330um 583.385um 314.560um 586.215um
 5.330um 577.945um 314.560um 580.775um
 5.330um 572.505um 314.560um 575.335um
 5.330um 567.065um 314.560um 569.895um
 5.330um 561.625um 314.560um 564.455um
 5.330um 556.185um 314.560um 559.015um
 5.330um 550.745um 314.560um 553.575um
 5.330um 545.305um 314.560um 548.135um
 5.330um 539.865um 314.560um 542.695um
 5.330um 534.425um 314.560um 537.255um
 5.330um 528.985um 314.560um 531.815um
 5.330um 523.545um 314.560um 526.375um
 5.330um 518.105um 314.560um 520.935um
 5.330um 512.665um 314.560um 515.495um
 5.330um 507.225um 314.560um 510.055um
 5.330um 501.785um 314.560um 504.615um
 5.330um 496.345um 314.560um 499.175um
 5.330um 490.905um 314.560um 493.735um
 5.330um 485.465um 314.560um 488.295um
 5.330um 480.025um 314.560um 482.855um
 5.330um 474.585um 314.560um 477.415um
 5.330um 469.145um 314.560um 471.975um
 5.330um 463.705um 314.560um 466.535um
 5.330um 458.265um 314.560um 461.095um
 5.330um 452.825um 314.560um 455.655um
 5.330um 447.385um 314.560um 450.215um
 5.330um 441.945um 314.560um 444.775um
 5.330um 436.505um 314.560um 439.335um
 5.330um 431.065um 314.560um 433.895um
 5.330um 425.625um 314.560um 428.455um
 5.330um 420.185um 314.560um 423.015um
 5.330um 414.745um 314.560um 417.575um
 5.330um 409.305um 314.560um 412.135um
 5.330um 403.865um 314.560um 406.695um
 5.330um 398.425um 314.560um 401.255um
 5.330um 392.985um 314.560um 395.815um
 5.330um 387.545um 314.560um 390.375um
 5.330um 382.105um 314.560um 384.935um
 5.330um 376.665um 314.560um 379.495um
 5.330um 371.225um 314.560um 374.055um
 5.330um 365.785um 314.560um 368.615um
 5.330um 360.345um 314.560um 363.175um
 5.330um 354.905um 314.560um 357.735um
 5.330um 349.465um 314.560um 352.295um
 5.330um 344.025um 314.560um 346.855um
 5.330um 338.585um 314.560um 341.415um
 5.330um 333.145um 314.560um 335.975um
 5.330um 327.705um 314.560um 330.535um
 5.330um 322.265um 314.560um 325.095um
 5.330um 316.825um 314.560um 319.655um
 5.330um 942.425um 314.560um 943.680um
 5.330um 936.985um 314.560um 939.815um
 5.330um 931.545um 314.560um 934.375um
 5.330um 926.105um 314.560um 928.935um
 5.330um 920.665um 314.560um 923.495um
 5.330um 915.225um 314.560um 918.055um
 5.330um 909.785um 314.560um 912.615um
 5.330um 904.345um 314.560um 907.175um
 5.330um 898.905um 314.560um 901.735um
 5.330um 893.465um 314.560um 896.295um
 5.330um 888.025um 314.560um 890.855um
 5.330um 882.585um 314.560um 885.415um
 5.330um 877.145um 314.560um 879.975um
 5.330um 871.705um 314.560um 874.535um
 5.330um 866.265um 314.560um 869.095um
 5.330um 860.825um 314.560um 863.655um
 5.330um 855.385um 314.560um 858.215um
 5.330um 849.945um 314.560um 852.775um
 5.330um 844.505um 314.560um 847.335um
 5.330um 839.065um 314.560um 841.895um
 5.330um 833.625um 314.560um 836.455um
 5.330um 828.185um 314.560um 831.015um
 5.330um 822.745um 314.560um 825.575um
 5.330um 817.305um 314.560um 820.135um
 5.330um 811.865um 314.560um 814.695um
 5.330um 806.425um 314.560um 809.255um
 5.330um 800.985um 314.560um 803.815um
 5.330um 795.545um 314.560um 798.375um
 5.330um 790.105um 314.560um 792.935um
 5.330um 784.665um 314.560um 787.495um
 5.330um 779.225um 314.560um 782.055um
 5.330um 773.785um 314.560um 776.615um
 5.330um 768.345um 314.560um 771.175um
 5.330um 762.905um 314.560um 765.735um
 5.330um 757.465um 314.560um 760.295um
 5.330um 752.025um 314.560um 754.855um
 5.330um 746.585um 314.560um 749.415um
 5.330um 741.145um 314.560um 743.975um
 5.330um 735.705um 314.560um 738.535um
 5.330um 730.265um 314.560um 733.095um
 5.330um 724.825um 314.560um 727.655um
 5.330um 719.385um 314.560um 722.215um
 5.330um 713.945um 314.560um 716.775um
 5.330um 708.505um 314.560um 711.335um
 5.330um 703.065um 314.560um 705.895um
 5.330um 697.625um 314.560um 700.455um
 5.330um 692.185um 314.560um 695.015um
 5.330um 686.745um 314.560um 689.575um
 5.330um 681.305um 314.560um 684.135um
 5.330um 675.865um 314.560um 678.695um
 5.330um 670.425um 314.560um 673.255um
 5.330um 664.985um 314.560um 667.815um
 5.330um 659.545um 314.560um 662.375um
 5.330um 654.105um 314.560um 656.935um
 5.330um 648.665um 314.560um 651.495um
 5.330um 643.225um 314.560um 646.055um
 5.330um 637.785um 314.560um 640.615um
 5.330um 632.345um 314.560um 635.175um
 5.330um 629.120um 314.560um 629.735um
 5.330um 1257.945um 314.560um 1258.240um
 5.330um 1252.505um 314.560um 1255.335um
 5.330um 1247.065um 314.560um 1249.895um
 5.330um 1241.625um 314.560um 1244.455um
 5.330um 1236.185um 314.560um 1239.015um
 5.330um 1230.745um 314.560um 1233.575um
 5.330um 1225.305um 314.560um 1228.135um
 5.330um 1219.865um 314.560um 1222.695um
 5.330um 1214.425um 314.560um 1217.255um
 5.330um 1208.985um 314.560um 1211.815um
 5.330um 1203.545um 314.560um 1206.375um
 5.330um 1198.105um 314.560um 1200.935um
 5.330um 1192.665um 314.560um 1195.495um
 5.330um 1187.225um 314.560um 1190.055um
 5.330um 1181.785um 314.560um 1184.615um
 5.330um 1176.345um 314.560um 1179.175um
 5.330um 1170.905um 314.560um 1173.735um
 5.330um 1165.465um 314.560um 1168.295um
 5.330um 1160.025um 314.560um 1162.855um
 5.330um 1154.585um 314.560um 1157.415um
 5.330um 1149.145um 314.560um 1151.975um
 5.330um 1143.705um 314.560um 1146.535um
 5.330um 1138.265um 314.560um 1141.095um
 5.330um 1132.825um 314.560um 1135.655um
 5.330um 1127.385um 314.560um 1130.215um
 5.330um 1121.945um 314.560um 1124.775um
 5.330um 1116.505um 314.560um 1119.335um
 5.330um 1111.065um 314.560um 1113.895um
 5.330um 1105.625um 314.560um 1108.455um
 5.330um 1100.185um 314.560um 1103.015um
 5.330um 1094.745um 314.560um 1097.575um
 5.330um 1089.305um 314.560um 1092.135um
 5.330um 1083.865um 314.560um 1086.695um
 5.330um 1078.425um 314.560um 1081.255um
 5.330um 1072.985um 314.560um 1075.815um
 5.330um 1067.545um 314.560um 1070.375um
 5.330um 1062.105um 314.560um 1064.935um
 5.330um 1056.665um 314.560um 1059.495um
 5.330um 1051.225um 314.560um 1054.055um
 5.330um 1045.785um 314.560um 1048.615um
 5.330um 1040.345um 314.560um 1043.175um
 5.330um 1034.905um 314.560um 1037.735um
 5.330um 1029.465um 314.560um 1032.295um
 5.330um 1024.025um 314.560um 1026.855um
 5.330um 1018.585um 314.560um 1021.415um
 5.330um 1013.145um 314.560um 1015.975um
 5.330um 1007.705um 314.560um 1010.535um
 5.330um 1002.265um 314.560um 1005.095um
 5.330um 996.825um 314.560um 999.655um
 5.330um 991.385um 314.560um 994.215um
 5.330um 985.945um 314.560um 988.775um
 5.330um 980.505um 314.560um 983.335um
 5.330um 975.065um 314.560um 977.895um
 5.330um 969.625um 314.560um 972.455um
 5.330um 964.185um 314.560um 967.015um
 5.330um 958.745um 314.560um 961.575um
 5.330um 953.305um 314.560um 956.135um
 5.330um 947.865um 314.560um 950.695um
 5.330um 943.680um 314.560um 945.255um
 5.330um 1486.425um 314.560um 1488.030um
 5.330um 1480.985um 314.560um 1483.815um
 5.330um 1475.545um 314.560um 1478.375um
 5.330um 1470.105um 314.560um 1472.935um
 5.330um 1464.665um 314.560um 1467.495um
 5.330um 1459.225um 314.560um 1462.055um
 5.330um 1453.785um 314.560um 1456.615um
 5.330um 1448.345um 314.560um 1451.175um
 5.330um 1442.905um 314.560um 1445.735um
 5.330um 1437.465um 314.560um 1440.295um
 5.330um 1432.025um 314.560um 1434.855um
 5.330um 1426.585um 314.560um 1429.415um
 5.330um 1421.145um 314.560um 1423.975um
 5.330um 1415.705um 314.560um 1418.535um
 5.330um 1410.265um 314.560um 1413.095um
 5.330um 1404.825um 314.560um 1407.655um
 5.330um 1399.385um 314.560um 1402.215um
 5.330um 1393.945um 314.560um 1396.775um
 5.330um 1388.505um 314.560um 1391.335um
 5.330um 1383.065um 314.560um 1385.895um
 5.330um 1377.625um 314.560um 1380.455um
 5.330um 1372.185um 314.560um 1375.015um
 5.330um 1366.745um 314.560um 1369.575um
 5.330um 1361.305um 314.560um 1364.135um
 5.330um 1355.865um 314.560um 1358.695um
 5.330um 1350.425um 314.560um 1353.255um
 5.330um 1344.985um 314.560um 1347.815um
 5.330um 1339.545um 314.560um 1342.375um
 5.330um 1334.105um 314.560um 1336.935um
 5.330um 1328.665um 314.560um 1331.495um
 5.330um 1323.225um 314.560um 1326.055um
 5.330um 1317.785um 314.560um 1320.615um
 5.330um 1312.345um 314.560um 1315.175um
 5.330um 1306.905um 314.560um 1309.735um
 5.330um 1301.465um 314.560um 1304.295um
 5.330um 1296.025um 314.560um 1298.855um
 5.330um 1290.585um 314.560um 1293.415um
 5.330um 1285.145um 314.560um 1287.975um
 5.330um 1279.705um 314.560um 1282.535um
 5.330um 1274.265um 314.560um 1277.095um
 5.330um 1268.825um 314.560um 1271.655um
 5.330um 1263.385um 314.560um 1266.215um
 5.330um 1258.240um 314.560um 1260.775um
 314.560um 311.385um 629.120um 314.215um
 314.560um 305.945um 629.120um 308.775um
 314.560um 300.505um 629.120um 303.335um
 314.560um 295.065um 629.120um 297.895um
 314.560um 289.625um 629.120um 292.455um
 314.560um 284.185um 629.120um 287.015um
 314.560um 278.745um 629.120um 281.575um
 314.560um 273.305um 629.120um 276.135um
 314.560um 267.865um 629.120um 270.695um
 314.560um 262.425um 629.120um 265.255um
 314.560um 256.985um 629.120um 259.815um
 314.560um 251.545um 629.120um 254.375um
 314.560um 246.105um 629.120um 248.935um
 314.560um 240.665um 629.120um 243.495um
 314.560um 235.225um 629.120um 238.055um
 314.560um 229.785um 629.120um 232.615um
 314.560um 224.345um 629.120um 227.175um
 314.560um 218.905um 629.120um 221.735um
 314.560um 213.465um 629.120um 216.295um
 314.560um 208.025um 629.120um 210.855um
 314.560um 202.585um 629.120um 205.415um
 314.560um 197.145um 629.120um 199.975um
 314.560um 191.705um 629.120um 194.535um
 314.560um 186.265um 629.120um 189.095um
 314.560um 180.825um 629.120um 183.655um
 314.560um 175.385um 629.120um 178.215um
 314.560um 169.945um 629.120um 172.775um
 314.560um 164.505um 629.120um 167.335um
 314.560um 159.065um 629.120um 161.895um
 314.560um 153.625um 629.120um 156.455um
 314.560um 148.185um 629.120um 151.015um
 314.560um 142.745um 629.120um 145.575um
 314.560um 137.305um 629.120um 140.135um
 314.560um 131.865um 629.120um 134.695um
 314.560um 126.425um 629.120um 129.255um
 314.560um 120.985um 629.120um 123.815um
 314.560um 115.545um 629.120um 118.375um
 314.560um 110.105um 629.120um 112.935um
 314.560um 104.665um 629.120um 107.495um
 314.560um 99.225um 629.120um 102.055um
 314.560um 93.785um 629.120um 96.615um
 314.560um 88.345um 629.120um 91.175um
 314.560um 82.905um 629.120um 85.735um
 314.560um 77.465um 629.120um 80.295um
 314.560um 72.025um 629.120um 74.855um
 314.560um 66.585um 629.120um 69.415um
 314.560um 61.145um 629.120um 63.975um
 314.560um 55.705um 629.120um 58.535um
 314.560um 50.265um 629.120um 53.095um
 314.560um 44.825um 629.120um 47.655um
 314.560um 39.385um 629.120um 42.215um
 314.560um 33.945um 629.120um 36.775um
 314.560um 28.505um 629.120um 31.335um
 314.560um 23.065um 629.120um 25.895um
 314.560um 17.625um 629.120um 20.455um
 314.560um 12.185um 629.120um 15.015um
 314.560um 626.905um 629.120um 629.120um
 314.560um 621.465um 629.120um 624.295um
 314.560um 616.025um 629.120um 618.855um
 314.560um 610.585um 629.120um 613.415um
 314.560um 605.145um 629.120um 607.975um
 314.560um 599.705um 629.120um 602.535um
 314.560um 594.265um 629.120um 597.095um
 314.560um 588.825um 629.120um 591.655um
 314.560um 583.385um 629.120um 586.215um
 314.560um 577.945um 629.120um 580.775um
 314.560um 572.505um 629.120um 575.335um
 314.560um 567.065um 629.120um 569.895um
 314.560um 561.625um 629.120um 564.455um
 314.560um 556.185um 629.120um 559.015um
 314.560um 550.745um 629.120um 553.575um
 314.560um 545.305um 629.120um 548.135um
 314.560um 539.865um 629.120um 542.695um
 314.560um 534.425um 629.120um 537.255um
 314.560um 528.985um 629.120um 531.815um
 314.560um 523.545um 629.120um 526.375um
 314.560um 518.105um 629.120um 520.935um
 314.560um 512.665um 629.120um 515.495um
 314.560um 507.225um 629.120um 510.055um
 314.560um 501.785um 629.120um 504.615um
 314.560um 496.345um 629.120um 499.175um
 314.560um 490.905um 629.120um 493.735um
 314.560um 485.465um 629.120um 488.295um
 314.560um 480.025um 629.120um 482.855um
 314.560um 474.585um 629.120um 477.415um
 314.560um 469.145um 629.120um 471.975um
 314.560um 463.705um 629.120um 466.535um
 314.560um 458.265um 629.120um 461.095um
 314.560um 452.825um 629.120um 455.655um
 314.560um 447.385um 629.120um 450.215um
 314.560um 441.945um 629.120um 444.775um
 314.560um 436.505um 629.120um 439.335um
 314.560um 431.065um 629.120um 433.895um
 314.560um 425.625um 629.120um 428.455um
 314.560um 420.185um 629.120um 423.015um
 314.560um 414.745um 629.120um 417.575um
 314.560um 409.305um 629.120um 412.135um
 314.560um 403.865um 629.120um 406.695um
 314.560um 398.425um 629.120um 401.255um
 314.560um 392.985um 629.120um 395.815um
 314.560um 387.545um 629.120um 390.375um
 314.560um 382.105um 629.120um 384.935um
 314.560um 376.665um 629.120um 379.495um
 314.560um 371.225um 629.120um 374.055um
 314.560um 365.785um 629.120um 368.615um
 314.560um 360.345um 629.120um 363.175um
 314.560um 354.905um 629.120um 357.735um
 314.560um 349.465um 629.120um 352.295um
 314.560um 344.025um 629.120um 346.855um
 314.560um 338.585um 629.120um 341.415um
 314.560um 333.145um 629.120um 335.975um
 314.560um 327.705um 629.120um 330.535um
 314.560um 322.265um 629.120um 325.095um
 314.560um 316.825um 629.120um 319.655um
 314.560um 942.425um 629.120um 943.680um
 314.560um 936.985um 629.120um 939.815um
 314.560um 931.545um 629.120um 934.375um
 314.560um 926.105um 629.120um 928.935um
 314.560um 920.665um 629.120um 923.495um
 314.560um 915.225um 629.120um 918.055um
 314.560um 909.785um 629.120um 912.615um
 314.560um 904.345um 629.120um 907.175um
 314.560um 898.905um 629.120um 901.735um
 314.560um 893.465um 629.120um 896.295um
 314.560um 888.025um 629.120um 890.855um
 314.560um 882.585um 629.120um 885.415um
 314.560um 877.145um 629.120um 879.975um
 314.560um 871.705um 629.120um 874.535um
 314.560um 866.265um 629.120um 869.095um
 314.560um 860.825um 629.120um 863.655um
 314.560um 855.385um 629.120um 858.215um
 314.560um 849.945um 629.120um 852.775um
 314.560um 844.505um 629.120um 847.335um
 314.560um 839.065um 629.120um 841.895um
 314.560um 833.625um 629.120um 836.455um
 314.560um 828.185um 629.120um 831.015um
 314.560um 822.745um 629.120um 825.575um
 314.560um 817.305um 629.120um 820.135um
 314.560um 811.865um 629.120um 814.695um
 314.560um 806.425um 629.120um 809.255um
 314.560um 800.985um 629.120um 803.815um
 314.560um 795.545um 629.120um 798.375um
 314.560um 790.105um 629.120um 792.935um
 314.560um 784.665um 629.120um 787.495um
 314.560um 779.225um 629.120um 782.055um
 314.560um 773.785um 629.120um 776.615um
 314.560um 768.345um 629.120um 771.175um
 314.560um 762.905um 629.120um 765.735um
 314.560um 757.465um 629.120um 760.295um
 314.560um 752.025um 629.120um 754.855um
 314.560um 746.585um 629.120um 749.415um
 314.560um 741.145um 629.120um 743.975um
 314.560um 735.705um 629.120um 738.535um
 314.560um 730.265um 629.120um 733.095um
 314.560um 724.825um 629.120um 727.655um
 314.560um 719.385um 629.120um 722.215um
 314.560um 713.945um 629.120um 716.775um
 314.560um 708.505um 629.120um 711.335um
 314.560um 703.065um 629.120um 705.895um
 314.560um 697.625um 629.120um 700.455um
 314.560um 692.185um 629.120um 695.015um
 314.560um 686.745um 629.120um 689.575um
 314.560um 681.305um 629.120um 684.135um
 314.560um 675.865um 629.120um 678.695um
 314.560um 670.425um 629.120um 673.255um
 314.560um 664.985um 629.120um 667.815um
 314.560um 659.545um 629.120um 662.375um
 314.560um 654.105um 629.120um 656.935um
 314.560um 648.665um 629.120um 651.495um
 314.560um 643.225um 629.120um 646.055um
 314.560um 637.785um 629.120um 640.615um
 314.560um 632.345um 629.120um 635.175um
 314.560um 629.120um 629.120um 629.735um
 314.560um 1257.945um 629.120um 1258.240um
 314.560um 1252.505um 629.120um 1255.335um
 314.560um 1247.065um 629.120um 1249.895um
 314.560um 1241.625um 629.120um 1244.455um
 314.560um 1236.185um 629.120um 1239.015um
 314.560um 1230.745um 629.120um 1233.575um
 314.560um 1225.305um 629.120um 1228.135um
 314.560um 1219.865um 629.120um 1222.695um
 314.560um 1214.425um 629.120um 1217.255um
 314.560um 1208.985um 629.120um 1211.815um
 314.560um 1203.545um 629.120um 1206.375um
 314.560um 1198.105um 629.120um 1200.935um
 314.560um 1192.665um 629.120um 1195.495um
 314.560um 1187.225um 629.120um 1190.055um
 314.560um 1181.785um 629.120um 1184.615um
 314.560um 1176.345um 629.120um 1179.175um
 314.560um 1170.905um 629.120um 1173.735um
 314.560um 1165.465um 629.120um 1168.295um
 314.560um 1160.025um 629.120um 1162.855um
 314.560um 1154.585um 629.120um 1157.415um
 314.560um 1149.145um 629.120um 1151.975um
 314.560um 1143.705um 629.120um 1146.535um
 314.560um 1138.265um 629.120um 1141.095um
 314.560um 1132.825um 629.120um 1135.655um
 314.560um 1127.385um 629.120um 1130.215um
 314.560um 1121.945um 629.120um 1124.775um
 314.560um 1116.505um 629.120um 1119.335um
 314.560um 1111.065um 629.120um 1113.895um
 314.560um 1105.625um 629.120um 1108.455um
 314.560um 1100.185um 629.120um 1103.015um
 314.560um 1094.745um 629.120um 1097.575um
 314.560um 1089.305um 629.120um 1092.135um
 314.560um 1083.865um 629.120um 1086.695um
 314.560um 1078.425um 629.120um 1081.255um
 314.560um 1072.985um 629.120um 1075.815um
 314.560um 1067.545um 629.120um 1070.375um
 314.560um 1062.105um 629.120um 1064.935um
 314.560um 1056.665um 629.120um 1059.495um
 314.560um 1051.225um 629.120um 1054.055um
 314.560um 1045.785um 629.120um 1048.615um
 314.560um 1040.345um 629.120um 1043.175um
 314.560um 1034.905um 629.120um 1037.735um
 314.560um 1029.465um 629.120um 1032.295um
 314.560um 1024.025um 629.120um 1026.855um
 314.560um 1018.585um 629.120um 1021.415um
 314.560um 1013.145um 629.120um 1015.975um
 314.560um 1007.705um 629.120um 1010.535um
 314.560um 1002.265um 629.120um 1005.095um
 314.560um 996.825um 629.120um 999.655um
 314.560um 991.385um 629.120um 994.215um
 314.560um 985.945um 629.120um 988.775um
 314.560um 980.505um 629.120um 983.335um
 314.560um 975.065um 629.120um 977.895um
 314.560um 969.625um 629.120um 972.455um
 314.560um 964.185um 629.120um 967.015um
 314.560um 958.745um 629.120um 961.575um
 314.560um 953.305um 629.120um 956.135um
 314.560um 947.865um 629.120um 950.695um
 314.560um 943.680um 629.120um 945.255um
 314.560um 1486.425um 629.120um 1488.030um
 314.560um 1480.985um 629.120um 1483.815um
 314.560um 1475.545um 629.120um 1478.375um
 314.560um 1470.105um 629.120um 1472.935um
 314.560um 1464.665um 629.120um 1467.495um
 314.560um 1459.225um 629.120um 1462.055um
 314.560um 1453.785um 629.120um 1456.615um
 314.560um 1448.345um 629.120um 1451.175um
 314.560um 1442.905um 629.120um 1445.735um
 314.560um 1437.465um 629.120um 1440.295um
 314.560um 1432.025um 629.120um 1434.855um
 314.560um 1426.585um 629.120um 1429.415um
 314.560um 1421.145um 629.120um 1423.975um
 314.560um 1415.705um 629.120um 1418.535um
 314.560um 1410.265um 629.120um 1413.095um
 314.560um 1404.825um 629.120um 1407.655um
 314.560um 1399.385um 629.120um 1402.215um
 314.560um 1393.945um 629.120um 1396.775um
 314.560um 1388.505um 629.120um 1391.335um
 314.560um 1383.065um 629.120um 1385.895um
 314.560um 1377.625um 629.120um 1380.455um
 314.560um 1372.185um 629.120um 1375.015um
 314.560um 1366.745um 629.120um 1369.575um
 314.560um 1361.305um 629.120um 1364.135um
 314.560um 1355.865um 629.120um 1358.695um
 314.560um 1350.425um 629.120um 1353.255um
 314.560um 1344.985um 629.120um 1347.815um
 314.560um 1339.545um 629.120um 1342.375um
 314.560um 1334.105um 629.120um 1336.935um
 314.560um 1328.665um 629.120um 1331.495um
 314.560um 1323.225um 629.120um 1326.055um
 314.560um 1317.785um 629.120um 1320.615um
 314.560um 1312.345um 629.120um 1315.175um
 314.560um 1306.905um 629.120um 1309.735um
 314.560um 1301.465um 629.120um 1304.295um
 314.560um 1296.025um 629.120um 1298.855um
 314.560um 1290.585um 629.120um 1293.415um
 314.560um 1285.145um 629.120um 1287.975um
 314.560um 1279.705um 629.120um 1282.535um
 314.560um 1274.265um 629.120um 1277.095um
 314.560um 1268.825um 629.120um 1271.655um
 314.560um 1263.385um 629.120um 1266.215um
 314.560um 1258.240um 629.120um 1260.775um
 629.120um 311.385um 943.680um 314.215um
 629.120um 305.945um 943.680um 308.775um
 629.120um 300.505um 943.680um 303.335um
 629.120um 295.065um 943.680um 297.895um
 629.120um 289.625um 943.680um 292.455um
 629.120um 284.185um 943.680um 287.015um
 629.120um 278.745um 943.680um 281.575um
 629.120um 273.305um 943.680um 276.135um
 629.120um 267.865um 943.680um 270.695um
 629.120um 262.425um 943.680um 265.255um
 629.120um 256.985um 943.680um 259.815um
 629.120um 251.545um 943.680um 254.375um
 629.120um 246.105um 943.680um 248.935um
 629.120um 240.665um 943.680um 243.495um
 629.120um 235.225um 943.680um 238.055um
 629.120um 229.785um 943.680um 232.615um
 629.120um 224.345um 943.680um 227.175um
 629.120um 218.905um 943.680um 221.735um
 629.120um 213.465um 943.680um 216.295um
 629.120um 208.025um 943.680um 210.855um
 629.120um 202.585um 943.680um 205.415um
 629.120um 197.145um 943.680um 199.975um
 629.120um 191.705um 943.680um 194.535um
 629.120um 186.265um 943.680um 189.095um
 629.120um 180.825um 943.680um 183.655um
 629.120um 175.385um 943.680um 178.215um
 629.120um 169.945um 943.680um 172.775um
 629.120um 164.505um 943.680um 167.335um
 629.120um 159.065um 943.680um 161.895um
 629.120um 153.625um 943.680um 156.455um
 629.120um 148.185um 943.680um 151.015um
 629.120um 142.745um 943.680um 145.575um
 629.120um 137.305um 943.680um 140.135um
 629.120um 131.865um 943.680um 134.695um
 629.120um 126.425um 943.680um 129.255um
 629.120um 120.985um 943.680um 123.815um
 629.120um 115.545um 943.680um 118.375um
 629.120um 110.105um 943.680um 112.935um
 629.120um 104.665um 943.680um 107.495um
 629.120um 99.225um 943.680um 102.055um
 629.120um 93.785um 943.680um 96.615um
 629.120um 88.345um 943.680um 91.175um
 629.120um 82.905um 943.680um 85.735um
 629.120um 77.465um 943.680um 80.295um
 629.120um 72.025um 943.680um 74.855um
 629.120um 66.585um 943.680um 69.415um
 629.120um 61.145um 943.680um 63.975um
 629.120um 55.705um 943.680um 58.535um
 629.120um 50.265um 943.680um 53.095um
 629.120um 44.825um 943.680um 47.655um
 629.120um 39.385um 943.680um 42.215um
 629.120um 33.945um 943.680um 36.775um
 629.120um 28.505um 943.680um 31.335um
 629.120um 23.065um 943.680um 25.895um
 629.120um 17.625um 943.680um 20.455um
 629.120um 12.185um 943.680um 15.015um
 629.120um 626.905um 943.680um 629.120um
 629.120um 621.465um 943.680um 624.295um
 629.120um 616.025um 943.680um 618.855um
 629.120um 610.585um 943.680um 613.415um
 629.120um 605.145um 943.680um 607.975um
 629.120um 599.705um 943.680um 602.535um
 629.120um 594.265um 943.680um 597.095um
 629.120um 588.825um 943.680um 591.655um
 629.120um 583.385um 943.680um 586.215um
 629.120um 577.945um 943.680um 580.775um
 629.120um 572.505um 943.680um 575.335um
 629.120um 567.065um 943.680um 569.895um
 629.120um 561.625um 943.680um 564.455um
 629.120um 556.185um 943.680um 559.015um
 629.120um 550.745um 943.680um 553.575um
 629.120um 545.305um 943.680um 548.135um
 629.120um 539.865um 943.680um 542.695um
 629.120um 534.425um 943.680um 537.255um
 629.120um 528.985um 943.680um 531.815um
 629.120um 523.545um 943.680um 526.375um
 629.120um 518.105um 943.680um 520.935um
 629.120um 512.665um 943.680um 515.495um
 629.120um 507.225um 943.680um 510.055um
 629.120um 501.785um 943.680um 504.615um
 629.120um 496.345um 943.680um 499.175um
 629.120um 490.905um 943.680um 493.735um
 629.120um 485.465um 943.680um 488.295um
 629.120um 480.025um 943.680um 482.855um
 629.120um 474.585um 943.680um 477.415um
 629.120um 469.145um 943.680um 471.975um
 629.120um 463.705um 943.680um 466.535um
 629.120um 458.265um 943.680um 461.095um
 629.120um 452.825um 943.680um 455.655um
 629.120um 447.385um 943.680um 450.215um
 629.120um 441.945um 943.680um 444.775um
 629.120um 436.505um 943.680um 439.335um
 629.120um 431.065um 943.680um 433.895um
 629.120um 425.625um 943.680um 428.455um
 629.120um 420.185um 943.680um 423.015um
 629.120um 414.745um 943.680um 417.575um
 629.120um 409.305um 943.680um 412.135um
 629.120um 403.865um 943.680um 406.695um
 629.120um 398.425um 943.680um 401.255um
 629.120um 392.985um 943.680um 395.815um
 629.120um 387.545um 943.680um 390.375um
 629.120um 382.105um 943.680um 384.935um
 629.120um 376.665um 943.680um 379.495um
 629.120um 371.225um 943.680um 374.055um
 629.120um 365.785um 943.680um 368.615um
 629.120um 360.345um 943.680um 363.175um
 629.120um 354.905um 943.680um 357.735um
 629.120um 349.465um 943.680um 352.295um
 629.120um 344.025um 943.680um 346.855um
 629.120um 338.585um 943.680um 341.415um
 629.120um 333.145um 943.680um 335.975um
 629.120um 327.705um 943.680um 330.535um
 629.120um 322.265um 943.680um 325.095um
 629.120um 316.825um 943.680um 319.655um
 629.120um 942.425um 943.680um 943.680um
 629.120um 936.985um 943.680um 939.815um
 629.120um 931.545um 943.680um 934.375um
 629.120um 926.105um 943.680um 928.935um
 629.120um 920.665um 943.680um 923.495um
 629.120um 915.225um 943.680um 918.055um
 629.120um 909.785um 943.680um 912.615um
 629.120um 904.345um 943.680um 907.175um
 629.120um 898.905um 943.680um 901.735um
 629.120um 893.465um 943.680um 896.295um
 629.120um 888.025um 943.680um 890.855um
 629.120um 882.585um 943.680um 885.415um
 629.120um 877.145um 943.680um 879.975um
 629.120um 871.705um 943.680um 874.535um
 629.120um 866.265um 943.680um 869.095um
 629.120um 860.825um 943.680um 863.655um
 629.120um 855.385um 943.680um 858.215um
 629.120um 849.945um 943.680um 852.775um
 629.120um 844.505um 943.680um 847.335um
 629.120um 839.065um 943.680um 841.895um
 629.120um 833.625um 943.680um 836.455um
 629.120um 828.185um 943.680um 831.015um
 629.120um 822.745um 943.680um 825.575um
 629.120um 817.305um 943.680um 820.135um
 629.120um 811.865um 943.680um 814.695um
 629.120um 806.425um 943.680um 809.255um
 629.120um 800.985um 943.680um 803.815um
 629.120um 795.545um 943.680um 798.375um
 629.120um 790.105um 943.680um 792.935um
 629.120um 784.665um 943.680um 787.495um
 629.120um 779.225um 943.680um 782.055um
 629.120um 773.785um 943.680um 776.615um
 629.120um 768.345um 943.680um 771.175um
 629.120um 762.905um 943.680um 765.735um
 629.120um 757.465um 943.680um 760.295um
 629.120um 752.025um 943.680um 754.855um
 629.120um 746.585um 943.680um 749.415um
 629.120um 741.145um 943.680um 743.975um
 629.120um 735.705um 943.680um 738.535um
 629.120um 730.265um 943.680um 733.095um
 629.120um 724.825um 943.680um 727.655um
 629.120um 719.385um 943.680um 722.215um
 629.120um 713.945um 943.680um 716.775um
 629.120um 708.505um 943.680um 711.335um
 629.120um 703.065um 943.680um 705.895um
 629.120um 697.625um 943.680um 700.455um
 629.120um 692.185um 943.680um 695.015um
 629.120um 686.745um 943.680um 689.575um
 629.120um 681.305um 943.680um 684.135um
 629.120um 675.865um 943.680um 678.695um
 629.120um 670.425um 943.680um 673.255um
 629.120um 664.985um 943.680um 667.815um
 629.120um 659.545um 943.680um 662.375um
 629.120um 654.105um 943.680um 656.935um
 629.120um 648.665um 943.680um 651.495um
 629.120um 643.225um 943.680um 646.055um
 629.120um 637.785um 943.680um 640.615um
 629.120um 632.345um 943.680um 635.175um
 629.120um 629.120um 943.680um 629.735um
 629.120um 1257.945um 943.680um 1258.240um
 629.120um 1252.505um 943.680um 1255.335um
 629.120um 1247.065um 943.680um 1249.895um
 629.120um 1241.625um 943.680um 1244.455um
 629.120um 1236.185um 943.680um 1239.015um
 629.120um 1230.745um 943.680um 1233.575um
 629.120um 1225.305um 943.680um 1228.135um
 629.120um 1219.865um 943.680um 1222.695um
 629.120um 1214.425um 943.680um 1217.255um
 629.120um 1208.985um 943.680um 1211.815um
 629.120um 1203.545um 943.680um 1206.375um
 629.120um 1198.105um 943.680um 1200.935um
 629.120um 1192.665um 943.680um 1195.495um
 629.120um 1187.225um 943.680um 1190.055um
 629.120um 1181.785um 943.680um 1184.615um
 629.120um 1176.345um 943.680um 1179.175um
 629.120um 1170.905um 943.680um 1173.735um
 629.120um 1165.465um 943.680um 1168.295um
 629.120um 1160.025um 943.680um 1162.855um
 629.120um 1154.585um 943.680um 1157.415um
 629.120um 1149.145um 943.680um 1151.975um
 629.120um 1143.705um 943.680um 1146.535um
 629.120um 1138.265um 943.680um 1141.095um
 629.120um 1132.825um 943.680um 1135.655um
 629.120um 1127.385um 943.680um 1130.215um
 629.120um 1121.945um 943.680um 1124.775um
 629.120um 1116.505um 943.680um 1119.335um
 629.120um 1111.065um 943.680um 1113.895um
 629.120um 1105.625um 943.680um 1108.455um
 629.120um 1100.185um 943.680um 1103.015um
 629.120um 1094.745um 943.680um 1097.575um
 629.120um 1089.305um 943.680um 1092.135um
 629.120um 1083.865um 943.680um 1086.695um
 629.120um 1078.425um 943.680um 1081.255um
 629.120um 1072.985um 943.680um 1075.815um
 629.120um 1067.545um 943.680um 1070.375um
 629.120um 1062.105um 943.680um 1064.935um
 629.120um 1056.665um 943.680um 1059.495um
 629.120um 1051.225um 943.680um 1054.055um
 629.120um 1045.785um 943.680um 1048.615um
 629.120um 1040.345um 943.680um 1043.175um
 629.120um 1034.905um 943.680um 1037.735um
 629.120um 1029.465um 943.680um 1032.295um
 629.120um 1024.025um 943.680um 1026.855um
 629.120um 1018.585um 943.680um 1021.415um
 629.120um 1013.145um 943.680um 1015.975um
 629.120um 1007.705um 943.680um 1010.535um
 629.120um 1002.265um 943.680um 1005.095um
 629.120um 996.825um 943.680um 999.655um
 629.120um 991.385um 943.680um 994.215um
 629.120um 985.945um 943.680um 988.775um
 629.120um 980.505um 943.680um 983.335um
 629.120um 975.065um 943.680um 977.895um
 629.120um 969.625um 943.680um 972.455um
 629.120um 964.185um 943.680um 967.015um
 629.120um 958.745um 943.680um 961.575um
 629.120um 953.305um 943.680um 956.135um
 629.120um 947.865um 943.680um 950.695um
 629.120um 943.680um 943.680um 945.255um
 629.120um 1486.425um 943.680um 1488.030um
 629.120um 1480.985um 943.680um 1483.815um
 629.120um 1475.545um 943.680um 1478.375um
 629.120um 1470.105um 943.680um 1472.935um
 629.120um 1464.665um 943.680um 1467.495um
 629.120um 1459.225um 943.680um 1462.055um
 629.120um 1453.785um 943.680um 1456.615um
 629.120um 1448.345um 943.680um 1451.175um
 629.120um 1442.905um 943.680um 1445.735um
 629.120um 1437.465um 943.680um 1440.295um
 629.120um 1432.025um 943.680um 1434.855um
 629.120um 1426.585um 943.680um 1429.415um
 629.120um 1421.145um 943.680um 1423.975um
 629.120um 1415.705um 943.680um 1418.535um
 629.120um 1410.265um 943.680um 1413.095um
 629.120um 1404.825um 943.680um 1407.655um
 629.120um 1399.385um 943.680um 1402.215um
 629.120um 1393.945um 943.680um 1396.775um
 629.120um 1388.505um 943.680um 1391.335um
 629.120um 1383.065um 943.680um 1385.895um
 629.120um 1377.625um 943.680um 1380.455um
 629.120um 1372.185um 943.680um 1375.015um
 629.120um 1366.745um 943.680um 1369.575um
 629.120um 1361.305um 943.680um 1364.135um
 629.120um 1355.865um 943.680um 1358.695um
 629.120um 1350.425um 943.680um 1353.255um
 629.120um 1344.985um 943.680um 1347.815um
 629.120um 1339.545um 943.680um 1342.375um
 629.120um 1334.105um 943.680um 1336.935um
 629.120um 1328.665um 943.680um 1331.495um
 629.120um 1323.225um 943.680um 1326.055um
 629.120um 1317.785um 943.680um 1320.615um
 629.120um 1312.345um 943.680um 1315.175um
 629.120um 1306.905um 943.680um 1309.735um
 629.120um 1301.465um 943.680um 1304.295um
 629.120um 1296.025um 943.680um 1298.855um
 629.120um 1290.585um 943.680um 1293.415um
 629.120um 1285.145um 943.680um 1287.975um
 629.120um 1279.705um 943.680um 1282.535um
 629.120um 1274.265um 943.680um 1277.095um
 629.120um 1268.825um 943.680um 1271.655um
 629.120um 1263.385um 943.680um 1266.215um
 629.120um 1258.240um 943.680um 1260.775um
 943.680um 311.385um 1258.240um 314.215um
 943.680um 305.945um 1258.240um 308.775um
 943.680um 300.505um 1258.240um 303.335um
 943.680um 295.065um 1258.240um 297.895um
 943.680um 289.625um 1258.240um 292.455um
 943.680um 284.185um 1258.240um 287.015um
 943.680um 278.745um 1258.240um 281.575um
 943.680um 273.305um 1258.240um 276.135um
 943.680um 267.865um 1258.240um 270.695um
 943.680um 262.425um 1258.240um 265.255um
 943.680um 256.985um 1258.240um 259.815um
 943.680um 251.545um 1258.240um 254.375um
 943.680um 246.105um 1258.240um 248.935um
 943.680um 240.665um 1258.240um 243.495um
 943.680um 235.225um 1258.240um 238.055um
 943.680um 229.785um 1258.240um 232.615um
 943.680um 224.345um 1258.240um 227.175um
 943.680um 218.905um 1258.240um 221.735um
 943.680um 213.465um 1258.240um 216.295um
 943.680um 208.025um 1258.240um 210.855um
 943.680um 202.585um 1258.240um 205.415um
 943.680um 197.145um 1258.240um 199.975um
 943.680um 191.705um 1258.240um 194.535um
 943.680um 186.265um 1258.240um 189.095um
 943.680um 180.825um 1258.240um 183.655um
 943.680um 175.385um 1258.240um 178.215um
 943.680um 169.945um 1258.240um 172.775um
 943.680um 164.505um 1258.240um 167.335um
 943.680um 159.065um 1258.240um 161.895um
 943.680um 153.625um 1258.240um 156.455um
 943.680um 148.185um 1258.240um 151.015um
 943.680um 142.745um 1258.240um 145.575um
 943.680um 137.305um 1258.240um 140.135um
 943.680um 131.865um 1258.240um 134.695um
 943.680um 126.425um 1258.240um 129.255um
 943.680um 120.985um 1258.240um 123.815um
 943.680um 115.545um 1258.240um 118.375um
 943.680um 110.105um 1258.240um 112.935um
 943.680um 104.665um 1258.240um 107.495um
 943.680um 99.225um 1258.240um 102.055um
 943.680um 93.785um 1258.240um 96.615um
 943.680um 88.345um 1258.240um 91.175um
 943.680um 82.905um 1258.240um 85.735um
 943.680um 77.465um 1258.240um 80.295um
 943.680um 72.025um 1258.240um 74.855um
 943.680um 66.585um 1258.240um 69.415um
 943.680um 61.145um 1258.240um 63.975um
 943.680um 55.705um 1258.240um 58.535um
 943.680um 50.265um 1258.240um 53.095um
 943.680um 44.825um 1258.240um 47.655um
 943.680um 39.385um 1258.240um 42.215um
 943.680um 33.945um 1258.240um 36.775um
 943.680um 28.505um 1258.240um 31.335um
 943.680um 23.065um 1258.240um 25.895um
 943.680um 17.625um 1258.240um 20.455um
 943.680um 12.185um 1258.240um 15.015um
 943.680um 626.905um 1258.240um 629.120um
 943.680um 621.465um 1258.240um 624.295um
 943.680um 616.025um 1258.240um 618.855um
 943.680um 610.585um 1258.240um 613.415um
 943.680um 605.145um 1258.240um 607.975um
 943.680um 599.705um 1258.240um 602.535um
 943.680um 594.265um 1258.240um 597.095um
 943.680um 588.825um 1258.240um 591.655um
 943.680um 583.385um 1258.240um 586.215um
 943.680um 577.945um 1258.240um 580.775um
 943.680um 572.505um 1258.240um 575.335um
 943.680um 567.065um 1258.240um 569.895um
 943.680um 561.625um 1258.240um 564.455um
 943.680um 556.185um 1258.240um 559.015um
 943.680um 550.745um 1258.240um 553.575um
 943.680um 545.305um 1258.240um 548.135um
 943.680um 539.865um 1258.240um 542.695um
 943.680um 534.425um 1258.240um 537.255um
 943.680um 528.985um 1258.240um 531.815um
 943.680um 523.545um 1258.240um 526.375um
 943.680um 518.105um 1258.240um 520.935um
 943.680um 512.665um 1258.240um 515.495um
 943.680um 507.225um 1258.240um 510.055um
 943.680um 501.785um 1258.240um 504.615um
 943.680um 496.345um 1258.240um 499.175um
 943.680um 490.905um 1258.240um 493.735um
 943.680um 485.465um 1258.240um 488.295um
 943.680um 480.025um 1258.240um 482.855um
 943.680um 474.585um 1258.240um 477.415um
 943.680um 469.145um 1258.240um 471.975um
 943.680um 463.705um 1258.240um 466.535um
 943.680um 458.265um 1258.240um 461.095um
 943.680um 452.825um 1258.240um 455.655um
 943.680um 447.385um 1258.240um 450.215um
 943.680um 441.945um 1258.240um 444.775um
 943.680um 436.505um 1258.240um 439.335um
 943.680um 431.065um 1258.240um 433.895um
 943.680um 425.625um 1258.240um 428.455um
 943.680um 420.185um 1258.240um 423.015um
 943.680um 414.745um 1258.240um 417.575um
 943.680um 409.305um 1258.240um 412.135um
 943.680um 403.865um 1258.240um 406.695um
 943.680um 398.425um 1258.240um 401.255um
 943.680um 392.985um 1258.240um 395.815um
 943.680um 387.545um 1258.240um 390.375um
 943.680um 382.105um 1258.240um 384.935um
 943.680um 376.665um 1258.240um 379.495um
 943.680um 371.225um 1258.240um 374.055um
 943.680um 365.785um 1258.240um 368.615um
 943.680um 360.345um 1258.240um 363.175um
 943.680um 354.905um 1258.240um 357.735um
 943.680um 349.465um 1258.240um 352.295um
 943.680um 344.025um 1258.240um 346.855um
 943.680um 338.585um 1258.240um 341.415um
 943.680um 333.145um 1258.240um 335.975um
 943.680um 327.705um 1258.240um 330.535um
 943.680um 322.265um 1258.240um 325.095um
 943.680um 316.825um 1258.240um 319.655um
 943.680um 942.425um 1258.240um 943.680um
 943.680um 936.985um 1258.240um 939.815um
 943.680um 931.545um 1258.240um 934.375um
 943.680um 926.105um 1258.240um 928.935um
 943.680um 920.665um 1258.240um 923.495um
 943.680um 915.225um 1258.240um 918.055um
 943.680um 909.785um 1258.240um 912.615um
 943.680um 904.345um 1258.240um 907.175um
 943.680um 898.905um 1258.240um 901.735um
 943.680um 893.465um 1258.240um 896.295um
 943.680um 888.025um 1258.240um 890.855um
 943.680um 882.585um 1258.240um 885.415um
 943.680um 877.145um 1258.240um 879.975um
 943.680um 871.705um 1258.240um 874.535um
 943.680um 866.265um 1258.240um 869.095um
 943.680um 860.825um 1258.240um 863.655um
 943.680um 855.385um 1258.240um 858.215um
 943.680um 849.945um 1258.240um 852.775um
 943.680um 844.505um 1258.240um 847.335um
 943.680um 839.065um 1258.240um 841.895um
 943.680um 833.625um 1258.240um 836.455um
 943.680um 828.185um 1258.240um 831.015um
 943.680um 822.745um 1258.240um 825.575um
 943.680um 817.305um 1258.240um 820.135um
 943.680um 811.865um 1258.240um 814.695um
 943.680um 806.425um 1258.240um 809.255um
 943.680um 800.985um 1258.240um 803.815um
 943.680um 795.545um 1258.240um 798.375um
 943.680um 790.105um 1258.240um 792.935um
 943.680um 784.665um 1258.240um 787.495um
 943.680um 779.225um 1258.240um 782.055um
 943.680um 773.785um 1258.240um 776.615um
 943.680um 768.345um 1258.240um 771.175um
 943.680um 762.905um 1258.240um 765.735um
 943.680um 757.465um 1258.240um 760.295um
 943.680um 752.025um 1258.240um 754.855um
 943.680um 746.585um 1258.240um 749.415um
 943.680um 741.145um 1258.240um 743.975um
 943.680um 735.705um 1258.240um 738.535um
 943.680um 730.265um 1258.240um 733.095um
 943.680um 724.825um 1258.240um 727.655um
 943.680um 719.385um 1258.240um 722.215um
 943.680um 713.945um 1258.240um 716.775um
 943.680um 708.505um 1258.240um 711.335um
 943.680um 703.065um 1258.240um 705.895um
 943.680um 697.625um 1258.240um 700.455um
 943.680um 692.185um 1258.240um 695.015um
 943.680um 686.745um 1258.240um 689.575um
 943.680um 681.305um 1258.240um 684.135um
 943.680um 675.865um 1258.240um 678.695um
 943.680um 670.425um 1258.240um 673.255um
 943.680um 664.985um 1258.240um 667.815um
 943.680um 659.545um 1258.240um 662.375um
 943.680um 654.105um 1258.240um 656.935um
 943.680um 648.665um 1258.240um 651.495um
 943.680um 643.225um 1258.240um 646.055um
 943.680um 637.785um 1258.240um 640.615um
 943.680um 632.345um 1258.240um 635.175um
 943.680um 629.120um 1258.240um 629.735um
 943.680um 1257.945um 1258.240um 1258.240um
 943.680um 1252.505um 1258.240um 1255.335um
 943.680um 1247.065um 1258.240um 1249.895um
 943.680um 1241.625um 1258.240um 1244.455um
 943.680um 1236.185um 1258.240um 1239.015um
 943.680um 1230.745um 1258.240um 1233.575um
 943.680um 1225.305um 1258.240um 1228.135um
 943.680um 1219.865um 1258.240um 1222.695um
 943.680um 1214.425um 1258.240um 1217.255um
 943.680um 1208.985um 1258.240um 1211.815um
 943.680um 1203.545um 1258.240um 1206.375um
 943.680um 1198.105um 1258.240um 1200.935um
 943.680um 1192.665um 1258.240um 1195.495um
 943.680um 1187.225um 1258.240um 1190.055um
 943.680um 1181.785um 1258.240um 1184.615um
 943.680um 1176.345um 1258.240um 1179.175um
 943.680um 1170.905um 1258.240um 1173.735um
 943.680um 1165.465um 1258.240um 1168.295um
 943.680um 1160.025um 1258.240um 1162.855um
 943.680um 1154.585um 1258.240um 1157.415um
 943.680um 1149.145um 1258.240um 1151.975um
 943.680um 1143.705um 1258.240um 1146.535um
 943.680um 1138.265um 1258.240um 1141.095um
 943.680um 1132.825um 1258.240um 1135.655um
 943.680um 1127.385um 1258.240um 1130.215um
 943.680um 1121.945um 1258.240um 1124.775um
 943.680um 1116.505um 1258.240um 1119.335um
 943.680um 1111.065um 1258.240um 1113.895um
 943.680um 1105.625um 1258.240um 1108.455um
 943.680um 1100.185um 1258.240um 1103.015um
 943.680um 1094.745um 1258.240um 1097.575um
 943.680um 1089.305um 1258.240um 1092.135um
 943.680um 1083.865um 1258.240um 1086.695um
 943.680um 1078.425um 1258.240um 1081.255um
 943.680um 1072.985um 1258.240um 1075.815um
 943.680um 1067.545um 1258.240um 1070.375um
 943.680um 1062.105um 1258.240um 1064.935um
 943.680um 1056.665um 1258.240um 1059.495um
 943.680um 1051.225um 1258.240um 1054.055um
 943.680um 1045.785um 1258.240um 1048.615um
 943.680um 1040.345um 1258.240um 1043.175um
 943.680um 1034.905um 1258.240um 1037.735um
 943.680um 1029.465um 1258.240um 1032.295um
 943.680um 1024.025um 1258.240um 1026.855um
 943.680um 1018.585um 1258.240um 1021.415um
 943.680um 1013.145um 1258.240um 1015.975um
 943.680um 1007.705um 1258.240um 1010.535um
 943.680um 1002.265um 1258.240um 1005.095um
 943.680um 996.825um 1258.240um 999.655um
 943.680um 991.385um 1258.240um 994.215um
 943.680um 985.945um 1258.240um 988.775um
 943.680um 980.505um 1258.240um 983.335um
 943.680um 975.065um 1258.240um 977.895um
 943.680um 969.625um 1258.240um 972.455um
 943.680um 964.185um 1258.240um 967.015um
 943.680um 958.745um 1258.240um 961.575um
 943.680um 953.305um 1258.240um 956.135um
 943.680um 947.865um 1258.240um 950.695um
 943.680um 943.680um 1258.240um 945.255um
 943.680um 1486.425um 1258.240um 1488.030um
 943.680um 1480.985um 1258.240um 1483.815um
 943.680um 1475.545um 1258.240um 1478.375um
 943.680um 1470.105um 1258.240um 1472.935um
 943.680um 1464.665um 1258.240um 1467.495um
 943.680um 1459.225um 1258.240um 1462.055um
 943.680um 1453.785um 1258.240um 1456.615um
 943.680um 1448.345um 1258.240um 1451.175um
 943.680um 1442.905um 1258.240um 1445.735um
 943.680um 1437.465um 1258.240um 1440.295um
 943.680um 1432.025um 1258.240um 1434.855um
 943.680um 1426.585um 1258.240um 1429.415um
 943.680um 1421.145um 1258.240um 1423.975um
 943.680um 1415.705um 1258.240um 1418.535um
 943.680um 1410.265um 1258.240um 1413.095um
 943.680um 1404.825um 1258.240um 1407.655um
 943.680um 1399.385um 1258.240um 1402.215um
 943.680um 1393.945um 1258.240um 1396.775um
 943.680um 1388.505um 1258.240um 1391.335um
 943.680um 1383.065um 1258.240um 1385.895um
 943.680um 1377.625um 1258.240um 1380.455um
 943.680um 1372.185um 1258.240um 1375.015um
 943.680um 1366.745um 1258.240um 1369.575um
 943.680um 1361.305um 1258.240um 1364.135um
 943.680um 1355.865um 1258.240um 1358.695um
 943.680um 1350.425um 1258.240um 1353.255um
 943.680um 1344.985um 1258.240um 1347.815um
 943.680um 1339.545um 1258.240um 1342.375um
 943.680um 1334.105um 1258.240um 1336.935um
 943.680um 1328.665um 1258.240um 1331.495um
 943.680um 1323.225um 1258.240um 1326.055um
 943.680um 1317.785um 1258.240um 1320.615um
 943.680um 1312.345um 1258.240um 1315.175um
 943.680um 1306.905um 1258.240um 1309.735um
 943.680um 1301.465um 1258.240um 1304.295um
 943.680um 1296.025um 1258.240um 1298.855um
 943.680um 1290.585um 1258.240um 1293.415um
 943.680um 1285.145um 1258.240um 1287.975um
 943.680um 1279.705um 1258.240um 1282.535um
 943.680um 1274.265um 1258.240um 1277.095um
 943.680um 1268.825um 1258.240um 1271.655um
 943.680um 1263.385um 1258.240um 1266.215um
 943.680um 1258.240um 1258.240um 1260.775um
 1258.240um 311.385um 1294.630um 314.215um
 1258.240um 305.945um 1294.630um 308.775um
 1258.240um 300.505um 1294.630um 303.335um
 1258.240um 295.065um 1294.630um 297.895um
 1258.240um 289.625um 1294.630um 292.455um
 1258.240um 284.185um 1294.630um 287.015um
 1258.240um 278.745um 1294.630um 281.575um
 1258.240um 273.305um 1294.630um 276.135um
 1258.240um 267.865um 1294.630um 270.695um
 1258.240um 262.425um 1294.630um 265.255um
 1258.240um 256.985um 1294.630um 259.815um
 1258.240um 251.545um 1294.630um 254.375um
 1258.240um 246.105um 1294.630um 248.935um
 1258.240um 240.665um 1294.630um 243.495um
 1258.240um 235.225um 1294.630um 238.055um
 1258.240um 229.785um 1294.630um 232.615um
 1258.240um 224.345um 1294.630um 227.175um
 1258.240um 218.905um 1294.630um 221.735um
 1258.240um 213.465um 1294.630um 216.295um
 1258.240um 208.025um 1294.630um 210.855um
 1258.240um 202.585um 1294.630um 205.415um
 1258.240um 197.145um 1294.630um 199.975um
 1258.240um 191.705um 1294.630um 194.535um
 1258.240um 186.265um 1294.630um 189.095um
 1258.240um 180.825um 1294.630um 183.655um
 1258.240um 175.385um 1294.630um 178.215um
 1258.240um 169.945um 1294.630um 172.775um
 1258.240um 164.505um 1294.630um 167.335um
 1258.240um 159.065um 1294.630um 161.895um
 1258.240um 153.625um 1294.630um 156.455um
 1258.240um 148.185um 1294.630um 151.015um
 1258.240um 142.745um 1294.630um 145.575um
 1258.240um 137.305um 1294.630um 140.135um
 1258.240um 131.865um 1294.630um 134.695um
 1258.240um 126.425um 1294.630um 129.255um
 1258.240um 120.985um 1294.630um 123.815um
 1258.240um 115.545um 1294.630um 118.375um
 1258.240um 110.105um 1294.630um 112.935um
 1258.240um 104.665um 1294.630um 107.495um
 1258.240um 99.225um 1294.630um 102.055um
 1258.240um 93.785um 1294.630um 96.615um
 1258.240um 88.345um 1294.630um 91.175um
 1258.240um 82.905um 1294.630um 85.735um
 1258.240um 77.465um 1294.630um 80.295um
 1258.240um 72.025um 1294.630um 74.855um
 1258.240um 66.585um 1294.630um 69.415um
 1258.240um 61.145um 1294.630um 63.975um
 1258.240um 55.705um 1294.630um 58.535um
 1258.240um 50.265um 1294.630um 53.095um
 1258.240um 44.825um 1294.630um 47.655um
 1258.240um 39.385um 1294.630um 42.215um
 1258.240um 33.945um 1294.630um 36.775um
 1258.240um 28.505um 1294.630um 31.335um
 1258.240um 23.065um 1294.630um 25.895um
 1258.240um 17.625um 1294.630um 20.455um
 1258.240um 12.185um 1294.630um 15.015um
 1258.240um 626.905um 1294.630um 629.120um
 1258.240um 621.465um 1294.630um 624.295um
 1258.240um 616.025um 1294.630um 618.855um
 1258.240um 610.585um 1294.630um 613.415um
 1258.240um 605.145um 1294.630um 607.975um
 1258.240um 599.705um 1294.630um 602.535um
 1258.240um 594.265um 1294.630um 597.095um
 1258.240um 588.825um 1294.630um 591.655um
 1258.240um 583.385um 1294.630um 586.215um
 1258.240um 577.945um 1294.630um 580.775um
 1258.240um 572.505um 1294.630um 575.335um
 1258.240um 567.065um 1294.630um 569.895um
 1258.240um 561.625um 1294.630um 564.455um
 1258.240um 556.185um 1294.630um 559.015um
 1258.240um 550.745um 1294.630um 553.575um
 1258.240um 545.305um 1294.630um 548.135um
 1258.240um 539.865um 1294.630um 542.695um
 1258.240um 534.425um 1294.630um 537.255um
 1258.240um 528.985um 1294.630um 531.815um
 1258.240um 523.545um 1294.630um 526.375um
 1258.240um 518.105um 1294.630um 520.935um
 1258.240um 512.665um 1294.630um 515.495um
 1258.240um 507.225um 1294.630um 510.055um
 1258.240um 501.785um 1294.630um 504.615um
 1258.240um 496.345um 1294.630um 499.175um
 1258.240um 490.905um 1294.630um 493.735um
 1258.240um 485.465um 1294.630um 488.295um
 1258.240um 480.025um 1294.630um 482.855um
 1258.240um 474.585um 1294.630um 477.415um
 1258.240um 469.145um 1294.630um 471.975um
 1258.240um 463.705um 1294.630um 466.535um
 1258.240um 458.265um 1294.630um 461.095um
 1258.240um 452.825um 1294.630um 455.655um
 1258.240um 447.385um 1294.630um 450.215um
 1258.240um 441.945um 1294.630um 444.775um
 1258.240um 436.505um 1294.630um 439.335um
 1258.240um 431.065um 1294.630um 433.895um
 1258.240um 425.625um 1294.630um 428.455um
 1258.240um 420.185um 1294.630um 423.015um
 1258.240um 414.745um 1294.630um 417.575um
 1258.240um 409.305um 1294.630um 412.135um
 1258.240um 403.865um 1294.630um 406.695um
 1258.240um 398.425um 1294.630um 401.255um
 1258.240um 392.985um 1294.630um 395.815um
 1258.240um 387.545um 1294.630um 390.375um
 1258.240um 382.105um 1294.630um 384.935um
 1258.240um 376.665um 1294.630um 379.495um
 1258.240um 371.225um 1294.630um 374.055um
 1258.240um 365.785um 1294.630um 368.615um
 1258.240um 360.345um 1294.630um 363.175um
 1258.240um 354.905um 1294.630um 357.735um
 1258.240um 349.465um 1294.630um 352.295um
 1258.240um 344.025um 1294.630um 346.855um
 1258.240um 338.585um 1294.630um 341.415um
 1258.240um 333.145um 1294.630um 335.975um
 1258.240um 327.705um 1294.630um 330.535um
 1258.240um 322.265um 1294.630um 325.095um
 1258.240um 316.825um 1294.630um 319.655um
 1258.240um 942.425um 1294.630um 943.680um
 1258.240um 936.985um 1294.630um 939.815um
 1258.240um 931.545um 1294.630um 934.375um
 1258.240um 926.105um 1294.630um 928.935um
 1258.240um 920.665um 1294.630um 923.495um
 1258.240um 915.225um 1294.630um 918.055um
 1258.240um 909.785um 1294.630um 912.615um
 1258.240um 904.345um 1294.630um 907.175um
 1258.240um 898.905um 1294.630um 901.735um
 1258.240um 893.465um 1294.630um 896.295um
 1258.240um 888.025um 1294.630um 890.855um
 1258.240um 882.585um 1294.630um 885.415um
 1258.240um 877.145um 1294.630um 879.975um
 1258.240um 871.705um 1294.630um 874.535um
 1258.240um 866.265um 1294.630um 869.095um
 1258.240um 860.825um 1294.630um 863.655um
 1258.240um 855.385um 1294.630um 858.215um
 1258.240um 849.945um 1294.630um 852.775um
 1258.240um 844.505um 1294.630um 847.335um
 1258.240um 839.065um 1294.630um 841.895um
 1258.240um 833.625um 1294.630um 836.455um
 1258.240um 828.185um 1294.630um 831.015um
 1258.240um 822.745um 1294.630um 825.575um
 1258.240um 817.305um 1294.630um 820.135um
 1258.240um 811.865um 1294.630um 814.695um
 1258.240um 806.425um 1294.630um 809.255um
 1258.240um 800.985um 1294.630um 803.815um
 1258.240um 795.545um 1294.630um 798.375um
 1258.240um 790.105um 1294.630um 792.935um
 1258.240um 784.665um 1294.630um 787.495um
 1258.240um 779.225um 1294.630um 782.055um
 1258.240um 773.785um 1294.630um 776.615um
 1258.240um 768.345um 1294.630um 771.175um
 1258.240um 762.905um 1294.630um 765.735um
 1258.240um 757.465um 1294.630um 760.295um
 1258.240um 752.025um 1294.630um 754.855um
 1258.240um 746.585um 1294.630um 749.415um
 1258.240um 741.145um 1294.630um 743.975um
 1258.240um 735.705um 1294.630um 738.535um
 1258.240um 730.265um 1294.630um 733.095um
 1258.240um 724.825um 1294.630um 727.655um
 1258.240um 719.385um 1294.630um 722.215um
 1258.240um 713.945um 1294.630um 716.775um
 1258.240um 708.505um 1294.630um 711.335um
 1258.240um 703.065um 1294.630um 705.895um
 1258.240um 697.625um 1294.630um 700.455um
 1258.240um 692.185um 1294.630um 695.015um
 1258.240um 686.745um 1294.630um 689.575um
 1258.240um 681.305um 1294.630um 684.135um
 1258.240um 675.865um 1294.630um 678.695um
 1258.240um 670.425um 1294.630um 673.255um
 1258.240um 664.985um 1294.630um 667.815um
 1258.240um 659.545um 1294.630um 662.375um
 1258.240um 654.105um 1294.630um 656.935um
 1258.240um 648.665um 1294.630um 651.495um
 1258.240um 643.225um 1294.630um 646.055um
 1258.240um 637.785um 1294.630um 640.615um
 1258.240um 632.345um 1294.630um 635.175um
 1258.240um 629.120um 1294.630um 629.735um
 1258.240um 1257.945um 1294.630um 1258.240um
 1258.240um 1252.505um 1294.630um 1255.335um
 1258.240um 1247.065um 1294.630um 1249.895um
 1258.240um 1241.625um 1294.630um 1244.455um
 1258.240um 1236.185um 1294.630um 1239.015um
 1258.240um 1230.745um 1294.630um 1233.575um
 1258.240um 1225.305um 1294.630um 1228.135um
 1258.240um 1219.865um 1294.630um 1222.695um
 1258.240um 1214.425um 1294.630um 1217.255um
 1258.240um 1208.985um 1294.630um 1211.815um
 1258.240um 1203.545um 1294.630um 1206.375um
 1258.240um 1198.105um 1294.630um 1200.935um
 1258.240um 1192.665um 1294.630um 1195.495um
 1258.240um 1187.225um 1294.630um 1190.055um
 1258.240um 1181.785um 1294.630um 1184.615um
 1258.240um 1176.345um 1294.630um 1179.175um
 1258.240um 1170.905um 1294.630um 1173.735um
 1258.240um 1165.465um 1294.630um 1168.295um
 1258.240um 1160.025um 1294.630um 1162.855um
 1258.240um 1154.585um 1294.630um 1157.415um
 1258.240um 1149.145um 1294.630um 1151.975um
 1258.240um 1143.705um 1294.630um 1146.535um
 1258.240um 1138.265um 1294.630um 1141.095um
 1258.240um 1132.825um 1294.630um 1135.655um
 1258.240um 1127.385um 1294.630um 1130.215um
 1258.240um 1121.945um 1294.630um 1124.775um
 1258.240um 1116.505um 1294.630um 1119.335um
 1258.240um 1111.065um 1294.630um 1113.895um
 1258.240um 1105.625um 1294.630um 1108.455um
 1258.240um 1100.185um 1294.630um 1103.015um
 1258.240um 1094.745um 1294.630um 1097.575um
 1258.240um 1089.305um 1294.630um 1092.135um
 1258.240um 1083.865um 1294.630um 1086.695um
 1258.240um 1078.425um 1294.630um 1081.255um
 1258.240um 1072.985um 1294.630um 1075.815um
 1258.240um 1067.545um 1294.630um 1070.375um
 1258.240um 1062.105um 1294.630um 1064.935um
 1258.240um 1056.665um 1294.630um 1059.495um
 1258.240um 1051.225um 1294.630um 1054.055um
 1258.240um 1045.785um 1294.630um 1048.615um
 1258.240um 1040.345um 1294.630um 1043.175um
 1258.240um 1034.905um 1294.630um 1037.735um
 1258.240um 1029.465um 1294.630um 1032.295um
 1258.240um 1024.025um 1294.630um 1026.855um
 1258.240um 1018.585um 1294.630um 1021.415um
 1258.240um 1013.145um 1294.630um 1015.975um
 1258.240um 1007.705um 1294.630um 1010.535um
 1258.240um 1002.265um 1294.630um 1005.095um
 1258.240um 996.825um 1294.630um 999.655um
 1258.240um 991.385um 1294.630um 994.215um
 1258.240um 985.945um 1294.630um 988.775um
 1258.240um 980.505um 1294.630um 983.335um
 1258.240um 975.065um 1294.630um 977.895um
 1258.240um 969.625um 1294.630um 972.455um
 1258.240um 964.185um 1294.630um 967.015um
 1258.240um 958.745um 1294.630um 961.575um
 1258.240um 953.305um 1294.630um 956.135um
 1258.240um 947.865um 1294.630um 950.695um
 1258.240um 943.680um 1294.630um 945.255um
 1258.240um 1486.425um 1294.630um 1488.030um
 1258.240um 1480.985um 1294.630um 1483.815um
 1258.240um 1475.545um 1294.630um 1478.375um
 1258.240um 1470.105um 1294.630um 1472.935um
 1258.240um 1464.665um 1294.630um 1467.495um
 1258.240um 1459.225um 1294.630um 1462.055um
 1258.240um 1453.785um 1294.630um 1456.615um
 1258.240um 1448.345um 1294.630um 1451.175um
 1258.240um 1442.905um 1294.630um 1445.735um
 1258.240um 1437.465um 1294.630um 1440.295um
 1258.240um 1432.025um 1294.630um 1434.855um
 1258.240um 1426.585um 1294.630um 1429.415um
 1258.240um 1421.145um 1294.630um 1423.975um
 1258.240um 1415.705um 1294.630um 1418.535um
 1258.240um 1410.265um 1294.630um 1413.095um
 1258.240um 1404.825um 1294.630um 1407.655um
 1258.240um 1399.385um 1294.630um 1402.215um
 1258.240um 1393.945um 1294.630um 1396.775um
 1258.240um 1388.505um 1294.630um 1391.335um
 1258.240um 1383.065um 1294.630um 1385.895um
 1258.240um 1377.625um 1294.630um 1380.455um
 1258.240um 1372.185um 1294.630um 1375.015um
 1258.240um 1366.745um 1294.630um 1369.575um
 1258.240um 1361.305um 1294.630um 1364.135um
 1258.240um 1355.865um 1294.630um 1358.695um
 1258.240um 1350.425um 1294.630um 1353.255um
 1258.240um 1344.985um 1294.630um 1347.815um
 1258.240um 1339.545um 1294.630um 1342.375um
 1258.240um 1334.105um 1294.630um 1336.935um
 1258.240um 1328.665um 1294.630um 1331.495um
 1258.240um 1323.225um 1294.630um 1326.055um
 1258.240um 1317.785um 1294.630um 1320.615um
 1258.240um 1312.345um 1294.630um 1315.175um
 1258.240um 1306.905um 1294.630um 1309.735um
 1258.240um 1301.465um 1294.630um 1304.295um
 1258.240um 1296.025um 1294.630um 1298.855um
 1258.240um 1290.585um 1294.630um 1293.415um
 1258.240um 1285.145um 1294.630um 1287.975um
 1258.240um 1279.705um 1294.630um 1282.535um
 1258.240um 1274.265um 1294.630um 1277.095um
 1258.240um 1268.825um 1294.630um 1271.655um
 1258.240um 1263.385um 1294.630um 1266.215um
 1258.240um 1258.240um 1294.630um 1260.775um
----------------------------------------
[INFO] COUNT: 1375
[INFO] Should be divided by 3 or 4

