
Magic 8.3 revision 489 - Compiled on Thu Aug 22 13:45:15 UTC 2024.
Starting magic under Tcl interpreter
Using the terminal as the console.
Using NULL graphics device.
Processing system .magicrc file
Sourcing design .magicrc for technology sky130A ...
2 Magic internal units = 1 Lambda
Input style sky130(): scaleFactor=2, multiplier=2
The following types are not handled by extraction and will be treated as non-electrical types:
    ubm 
Scaled tech values by 2 / 1 to match internal grid scaling
Loading sky130A Device Generator Menu ...
Loading "/nix/store/iah2c26wzpgdvqc1jv2xxg55xq5km74d-python3-3.11.9-env/lib/python3.11/site-packages/librelane/scripts/magic/wrapper.tcl" from command line.
> lef read /home/runner/work/vyges-edge-sensor-soc/vyges-edge-sensor-soc/dependencies/pdks/sky130A/libs.ref/sky130_fd_sc_hd/techlef/sky130_fd_sc_hd__nom.tlef
Reading LEF data from file /home/runner/work/vyges-edge-sensor-soc/vyges-edge-sensor-soc/dependencies/pdks/sky130A/libs.ref/sky130_fd_sc_hd/techlef/sky130_fd_sc_hd__nom.tlef.
This action cannot be undone.
LEF read, Line 82 (Message): Unknown keyword "ANTENNAMODEL" in LEF file; ignoring.
LEF read, Line 83 (Message): Unknown keyword "ANTENNADIFFSIDEAREARATIO" in LEF file; ignoring.
LEF read, Line 116 (Message): Unknown keyword "MINENCLOSEDAREA" in LEF file; ignoring.
LEF read, Line 118 (Message): Unknown keyword "ANTENNAMODEL" in LEF file; ignoring.
LEF read, Line 119 (Message): Unknown keyword "ANTENNADIFFSIDEAREARATIO" in LEF file; ignoring.
LEF read, Line 125 (Message): Unknown keyword "MAXIMUMDENSITY" in LEF file; ignoring.
LEF read, Line 126 (Message): Unknown keyword "DENSITYCHECKWINDOW" in LEF file; ignoring.
LEF read, Line 127 (Message): Unknown keyword "DENSITYCHECKSTEP" in LEF file; ignoring.
LEF read, Line 160 (Message): Unknown keyword "MINENCLOSEDAREA" in LEF file; ignoring.
LEF read, Line 168 (Message): Unknown keyword "ANTENNAMODEL" in LEF file; ignoring.
LEF read, Line 169 (Message): Unknown keyword "ANTENNADIFFSIDEAREARATIO" in LEF file; ignoring.
LEF read, Line 171 (Message): Unknown keyword "MAXIMUMDENSITY" in LEF file; ignoring.
LEF read, Line 172 (Message): Unknown keyword "DENSITYCHECKWINDOW" in LEF file; ignoring.
LEF read, Line 173 (Message): Unknown keyword "DENSITYCHECKSTEP" in LEF file; ignoring.
LEF read, Line 210 (Message): Unknown keyword "ANTENNAMODEL" in LEF file; ignoring.
LEF read, Line 211 (Message): Unknown keyword "ANTENNADIFFSIDEAREARATIO" in LEF file; ignoring.
LEF read, Line 213 (Message): Unknown keyword "MAXIMUMDENSITY" in LEF file; ignoring.
LEF read, Line 214 (Message): Unknown keyword "DENSITYCHECKWINDOW" in LEF file; ignoring.
LEF read, Line 215 (Message): Unknown keyword "DENSITYCHECKSTEP" in LEF file; ignoring.
LEF read, Line 252 (Message): Unknown keyword "ANTENNAMODEL" in LEF file; ignoring.
LEF read, Line 253 (Message): Unknown keyword "ANTENNADIFFSIDEAREARATIO" in LEF file; ignoring.
LEF read, Line 255 (Message): Unknown keyword "MAXIMUMDENSITY" in LEF file; ignoring.
LEF read, Line 256 (Message): Unknown keyword "DENSITYCHECKWINDOW" in LEF file; ignoring.
LEF read, Line 257 (Message): Unknown keyword "DENSITYCHECKSTEP" in LEF file; ignoring.
LEF read, Line 294 (Message): Unknown keyword "ANTENNAMODEL" in LEF file; ignoring.
LEF read, Line 295 (Message): Unknown keyword "ANTENNADIFFSIDEAREARATIO" in LEF file; ignoring.
LEF read: Processed 801 lines.
> lef read /home/runner/work/vyges-edge-sensor-soc/vyges-edge-sensor-soc/dependencies/pdks/sky130A/libs.ref/sky130_fd_sc_hd/lef/sky130_fd_sc_hd.lef
Reading LEF data from file /home/runner/work/vyges-edge-sensor-soc/vyges-edge-sensor-soc/dependencies/pdks/sky130A/libs.ref/sky130_fd_sc_hd/lef/sky130_fd_sc_hd.lef.
This action cannot be undone.
LEF read: Processed 56536 lines.
> lef read /home/runner/work/vyges-edge-sensor-soc/vyges-edge-sensor-soc/dependencies/pdks/sky130A/libs.ref/sky130_fd_sc_hd/lef/sky130_ef_sc_hd.lef
Reading LEF data from file /home/runner/work/vyges-edge-sensor-soc/vyges-edge-sensor-soc/dependencies/pdks/sky130A/libs.ref/sky130_fd_sc_hd/lef/sky130_ef_sc_hd.lef.
This action cannot be undone.
LEF read: Processed 582 lines.
> def read /home/runner/work/vyges-edge-sensor-soc/vyges-edge-sensor-soc/openlane/fft_ctrl_tlul/runs/26_04_23_04_36/51-odb-cellfrequencytables/fft_ctrl_tlul.def -noblockage -labels
Reading DEF data from file /home/runner/work/vyges-edge-sensor-soc/vyges-edge-sensor-soc/openlane/fft_ctrl_tlul/runs/26_04_23_04_36/51-odb-cellfrequencytables/fft_ctrl_tlul.def.
This action cannot be undone.
  Processed 4 vias total.
Cell CF_SRAM_1024x32 couldn't be read
DEF read, Line 302076 (Error): Cell CF_SRAM_1024x32 is not defined.  Maybe you have not read the corresponding LEF file?
Cell CF_SRAM_1024x32 couldn't be read
DEF read, Line 302116 (Error): Cell CF_SRAM_1024x32 is not defined.  Maybe you have not read the corresponding LEF file?
  Processed 301131 subcell instances total.
  Processed 182 pins total.
  Processed 10 special nets total.
  Processed 14560 nets total.
DEF read: Processed 556196 lines.
DEF Read: encountered 2 errors total.
Moving label "_00791_" from metal2 to via2 in cell fft_ctrl_tlul.
Moving label "_00794_" from metal2 to via2 in cell fft_ctrl_tlul.
Moving label "_00829_" from metal2 to via2 in cell fft_ctrl_tlul.
Moving label "_00881_" from metal2 to via2 in cell fft_ctrl_tlul.
Moving label "_00941_" from metal2 to via2 in cell fft_ctrl_tlul.
Moving label "_01013_" from metal2 to via1 in cell fft_ctrl_tlul.
Moving label "_01270_" from metal2 to via2 in cell fft_ctrl_tlul.
Moving label "_01494_" from metal1 to via1 in cell fft_ctrl_tlul.
Moving label "_01623_" from metal1 to viali in cell fft_ctrl_tlul.
Moving label "_01625_" from metal1 to via1 in cell fft_ctrl_tlul.
Moving label "_01630_" from metal1 to via1 in cell fft_ctrl_tlul.
Moving label "_01639_" from metal1 to via1 in cell fft_ctrl_tlul.
Moving label "_01670_" from metal1 to via1 in cell fft_ctrl_tlul.
Moving label "_01815_" from metal2 to via2 in cell fft_ctrl_tlul.
Moving label "_01921_" from metal1 to via1 in cell fft_ctrl_tlul.
Moving label "_01943_" from metal1 to via1 in cell fft_ctrl_tlul.
Moving label "_01988_" from metal1 to via1 in cell fft_ctrl_tlul.
Moving label "_01991_" from metal2 to via1 in cell fft_ctrl_tlul.
Moving label "_02018_" from metal1 to via1 in cell fft_ctrl_tlul.
Moving label "_02067_" from metal1 to via1 in cell fft_ctrl_tlul.
Moving label "_02142_" from metal1 to viali in cell fft_ctrl_tlul.
Moving label "_02328_" from metal2 to via1 in cell fft_ctrl_tlul.
Moving label "_02438_" from metal1 to via1 in cell fft_ctrl_tlul.
Moving label "_02554_" from metal1 to via1 in cell fft_ctrl_tlul.
Moving label "_02638_" from metal1 to viali in cell fft_ctrl_tlul.
Moving label "_02670_" from metal2 to via1 in cell fft_ctrl_tlul.
Moving label "_03015_" from metal2 to via1 in cell fft_ctrl_tlul.
Moving label "_03417_" from metal2 to via1 in cell fft_ctrl_tlul.
Moving label "_03422_" from metal1 to viali in cell fft_ctrl_tlul.
Moving label "_03738_" from metal1 to via1 in cell fft_ctrl_tlul.
Moving label "_03796_" from metal1 to viali in cell fft_ctrl_tlul.
Moving label "_03897_" from metal1 to via1 in cell fft_ctrl_tlul.
Moving label "_04075_" from metal1 to viali in cell fft_ctrl_tlul.
Moving label "_04095_" from metal1 to via1 in cell fft_ctrl_tlul.
Moving label "_04189_" from metal1 to via1 in cell fft_ctrl_tlul.
Moving label "_04288_" from metal2 to via1 in cell fft_ctrl_tlul.
Moving label "_04351_" from metal1 to via1 in cell fft_ctrl_tlul.
Moving label "_04514_" from metal1 to via1 in cell fft_ctrl_tlul.
Moving label "_04749_" from metal2 to via1 in cell fft_ctrl_tlul.
Moving label "_04832_" from metal2 to via1 in cell fft_ctrl_tlul.
Moving label "_04938_" from metal2 to via1 in cell fft_ctrl_tlul.
Moving label "_05145_" from metal1 to via1 in cell fft_ctrl_tlul.
Moving label "_05246_" from metal1 to via1 in cell fft_ctrl_tlul.
Moving label "_05278_" from metal1 to via1 in cell fft_ctrl_tlul.
Moving label "_05383_" from metal1 to viali in cell fft_ctrl_tlul.
Moving label "_05487_" from metal1 to via1 in cell fft_ctrl_tlul.
Moving label "_05551_" from metal2 to via2 in cell fft_ctrl_tlul.
Moving label "_05558_" from metal2 to via2 in cell fft_ctrl_tlul.
Moving label "_05578_" from metal2 to via2 in cell fft_ctrl_tlul.
Moving label "_05663_" from metal1 to via1 in cell fft_ctrl_tlul.
Moving label "_05873_" from metal1 to viali in cell fft_ctrl_tlul.
Moving label "_05973_" from metal1 to via1 in cell fft_ctrl_tlul.
Moving label "_05990_" from metal1 to via1 in cell fft_ctrl_tlul.
Moving label "_06044_" from metal1 to via1 in cell fft_ctrl_tlul.
Moving label "clknet_leaf_144_clk_i" from metal2 to via1 in cell fft_ctrl_tlul.
Moving label "clknet_leaf_99_clk_i" from metal1 to via1 in cell fft_ctrl_tlul.
Moving label "net1192" from metal1 to via1 in cell fft_ctrl_tlul.
Moving label "net1310" from metal1 to via1 in cell fft_ctrl_tlul.
Moving label "net1325" from metal1 to viali in cell fft_ctrl_tlul.
Moving label "net1350" from metal1 to viali in cell fft_ctrl_tlul.
Moving label "net1374" from metal2 to via1 in cell fft_ctrl_tlul.
Moving label "net152" from metal2 to via2 in cell fft_ctrl_tlul.
Moving label "net1533" from metal1 to via1 in cell fft_ctrl_tlul.
Moving label "net171" from metal1 to via1 in cell fft_ctrl_tlul.
Moving label "net1884" from metal2 to via1 in cell fft_ctrl_tlul.
Moving label "net189" from metal2 to via2 in cell fft_ctrl_tlul.
Moving label "net1915" from metal1 to via1 in cell fft_ctrl_tlul.
Moving label "net1981" from metal1 to via1 in cell fft_ctrl_tlul.
Moving label "net1984" from metal1 to via1 in cell fft_ctrl_tlul.
Moving label "net1987" from metal1 to via1 in cell fft_ctrl_tlul.
Moving label "net1991" from metal1 to via1 in cell fft_ctrl_tlul.
Moving label "net1998" from metal1 to via1 in cell fft_ctrl_tlul.
Moving label "net2000" from metal1 to via1 in cell fft_ctrl_tlul.
Moving label "net2037" from metal3 to via3 in cell fft_ctrl_tlul.
Moving label "net2039" from metal2 to via2 in cell fft_ctrl_tlul.
Moving label "net2067" from metal2 to via2 in cell fft_ctrl_tlul.
Moving label "net2075" from metal2 to via2 in cell fft_ctrl_tlul.
Moving label "net2077" from metal2 to via2 in cell fft_ctrl_tlul.
Moving label "net2085" from metal2 to via2 in cell fft_ctrl_tlul.
Moving label "net2113" from metal1 to via1 in cell fft_ctrl_tlul.
Moving label "net2193" from metal2 to via2 in cell fft_ctrl_tlul.
Moving label "net2197" from metal2 to via2 in cell fft_ctrl_tlul.
Moving label "net2209" from metal2 to via2 in cell fft_ctrl_tlul.
Moving label "net2210" from metal2 to via2 in cell fft_ctrl_tlul.
Moving label "net2218" from metal2 to via2 in cell fft_ctrl_tlul.
Moving label "net2227" from metal2 to via2 in cell fft_ctrl_tlul.
Moving label "net2241" from metal2 to via2 in cell fft_ctrl_tlul.
Moving label "net2296" from metal1 to via1 in cell fft_ctrl_tlul.
Moving label "net2355" from metal1 to via1 in cell fft_ctrl_tlul.
Moving label "net2493" from metal1 to via1 in cell fft_ctrl_tlul.
Moving label "net2514" from metal1 to via1 in cell fft_ctrl_tlul.
Moving label "net2573" from metal1 to viali in cell fft_ctrl_tlul.
Moving label "net2585" from metal1 to via1 in cell fft_ctrl_tlul.
Moving label "net2669" from metal1 to via1 in cell fft_ctrl_tlul.
Moving label "net2674" from metal1 to via1 in cell fft_ctrl_tlul.
Moving label "net2684" from metal1 to via1 in cell fft_ctrl_tlul.
Moving label "net2687" from metal1 to viali in cell fft_ctrl_tlul.
Moving label "net2699" from metal2 to via2 in cell fft_ctrl_tlul.
Moving label "net2761" from metal1 to via1 in cell fft_ctrl_tlul.
Moving label "net281" from metal2 to via2 in cell fft_ctrl_tlul.
Moving label "net2811" from metal1 to via1 in cell fft_ctrl_tlul.
Moving label "net2821" from metal1 to via1 in cell fft_ctrl_tlul.
Moving label "net2833" from metal1 to via1 in cell fft_ctrl_tlul.
Moving label "net2852" from metal1 to viali in cell fft_ctrl_tlul.
Moving label "net2891" from metal1 to via1 in cell fft_ctrl_tlul.
Moving label "net3042" from metal1 to via1 in cell fft_ctrl_tlul.
Moving label "net3107" from metal1 to via1 in cell fft_ctrl_tlul.
Moving label "net3138" from metal1 to via1 in cell fft_ctrl_tlul.
Moving label "net3273" from metal1 to via1 in cell fft_ctrl_tlul.
Moving label "net3459" from metal1 to via1 in cell fft_ctrl_tlul.
Moving label "net3502" from metal1 to via1 in cell fft_ctrl_tlul.
Moving label "net3514" from metal1 to via1 in cell fft_ctrl_tlul.
Moving label "net353" from metal2 to via1 in cell fft_ctrl_tlul.
Moving label "net3549" from metal1 to via1 in cell fft_ctrl_tlul.
Moving label "net3603" from metal2 to via2 in cell fft_ctrl_tlul.
Moving label "net3621" from metal2 to via2 in cell fft_ctrl_tlul.
Moving label "net3629" from metal1 to via1 in cell fft_ctrl_tlul.
Moving label "net3643" from metal1 to via1 in cell fft_ctrl_tlul.
Moving label "net3731" from metal2 to via2 in cell fft_ctrl_tlul.
Moving label "net3761" from metal1 to viali in cell fft_ctrl_tlul.
Moving label "net3797" from metal2 to via2 in cell fft_ctrl_tlul.
Moving label "net3826" from metal1 to via1 in cell fft_ctrl_tlul.
Moving label "net3913" from metal2 to via2 in cell fft_ctrl_tlul.
Moving label "net3938" from metal1 to via1 in cell fft_ctrl_tlul.
Moving label "net3953" from metal1 to via1 in cell fft_ctrl_tlul.
Moving label "net3985" from metal1 to via1 in cell fft_ctrl_tlul.
Moving label "net4001" from metal1 to via1 in cell fft_ctrl_tlul.
Moving label "net4006" from metal1 to via1 in cell fft_ctrl_tlul.
Moving label "net4014" from metal1 to via1 in cell fft_ctrl_tlul.
Moving label "net4034" from metal2 to via2 in cell fft_ctrl_tlul.
Moving label "net4039" from metal1 to via1 in cell fft_ctrl_tlul.
Moving label "net4069" from metal1 to via1 in cell fft_ctrl_tlul.
Moving label "net4077" from metal2 to via2 in cell fft_ctrl_tlul.
Moving label "net4167" from metal2 to via2 in cell fft_ctrl_tlul.
Moving label "net4209" from metal2 to via2 in cell fft_ctrl_tlul.
Moving label "net4214" from metal2 to via2 in cell fft_ctrl_tlul.
Moving label "net4218" from metal2 to via2 in cell fft_ctrl_tlul.
Moving label "net4405" from metal2 to via2 in cell fft_ctrl_tlul.
Moving label "net4442" from metal1 to viali in cell fft_ctrl_tlul.
Moving label "net4542" from metal1 to via1 in cell fft_ctrl_tlul.
Moving label "net4670" from metal1 to via1 in cell fft_ctrl_tlul.
Moving label "net4712" from metal1 to via1 in cell fft_ctrl_tlul.
Moving label "net4760" from metal1 to via1 in cell fft_ctrl_tlul.
Moving label "net4792" from metal1 to via1 in cell fft_ctrl_tlul.
Moving label "net4888" from metal1 to via1 in cell fft_ctrl_tlul.
Moving label "net4892" from metal1 to via1 in cell fft_ctrl_tlul.
Moving label "net4900" from metal1 to via1 in cell fft_ctrl_tlul.
Moving label "net4916" from metal1 to via1 in cell fft_ctrl_tlul.
Moving label "net4928" from metal1 to via1 in cell fft_ctrl_tlul.
Moving label "net4941" from metal1 to via1 in cell fft_ctrl_tlul.
Moving label "net4972" from metal1 to via1 in cell fft_ctrl_tlul.
Moving label "net4990" from metal1 to viali in cell fft_ctrl_tlul.
Moving label "net5036" from metal1 to via1 in cell fft_ctrl_tlul.
Moving label "net5048" from metal1 to via1 in cell fft_ctrl_tlul.
Moving label "net5058" from metal1 to via1 in cell fft_ctrl_tlul.
Moving label "net5100" from metal1 to via1 in cell fft_ctrl_tlul.
Moving label "net513" from metal2 to via2 in cell fft_ctrl_tlul.
Moving label "net5150" from metal1 to via1 in cell fft_ctrl_tlul.
Moving label "net5190" from metal1 to via1 in cell fft_ctrl_tlul.
Moving label "net5440" from metal1 to via1 in cell fft_ctrl_tlul.
Moving label "net5490" from metal1 to via1 in cell fft_ctrl_tlul.
Moving label "net5516" from metal1 to via1 in cell fft_ctrl_tlul.
Moving label "net5522" from metal2 to via1 in cell fft_ctrl_tlul.
Moving label "net5532" from metal1 to via1 in cell fft_ctrl_tlul.
Moving label "net5646" from metal2 to via2 in cell fft_ctrl_tlul.
Moving label "net5730" from metal2 to via1 in cell fft_ctrl_tlul.
Moving label "net5764" from metal1 to via1 in cell fft_ctrl_tlul.
Moving label "net5832" from metal1 to via1 in cell fft_ctrl_tlul.
Moving label "net5876" from metal1 to via1 in cell fft_ctrl_tlul.
Moving label "net5920" from metal1 to via1 in cell fft_ctrl_tlul.
Moving label "net5996" from metal1 to via1 in cell fft_ctrl_tlul.
Moving label "net6012" from metal1 to via1 in cell fft_ctrl_tlul.
Moving label "net6103" from metal2 to via2 in cell fft_ctrl_tlul.
Moving label "net6196" from metal1 to via1 in cell fft_ctrl_tlul.
Moving label "net6275" from metal1 to via1 in cell fft_ctrl_tlul.
Moving label "net6291" from metal1 to via1 in cell fft_ctrl_tlul.
Moving label "net6303" from metal1 to via1 in cell fft_ctrl_tlul.
Moving label "net635" from metal2 to via1 in cell fft_ctrl_tlul.
Moving label "net6436" from metal1 to via1 in cell fft_ctrl_tlul.
Moving label "net6514" from metal1 to via1 in cell fft_ctrl_tlul.
Moving label "net6516" from metal1 to via1 in cell fft_ctrl_tlul.
Moving label "net6530" from metal1 to via1 in cell fft_ctrl_tlul.
Moving label "net6557" from metal1 to via1 in cell fft_ctrl_tlul.
Moving label "net663" from metal2 to via2 in cell fft_ctrl_tlul.
Moving label "net6664" from metal1 to viali in cell fft_ctrl_tlul.
Moving label "net6729" from metal2 to via2 in cell fft_ctrl_tlul.
Moving label "net6777" from metal1 to via1 in cell fft_ctrl_tlul.
Moving label "net6799" from metal2 to via2 in cell fft_ctrl_tlul.
Moving label "net6869" from metal1 to via1 in cell fft_ctrl_tlul.
Moving label "net7024" from metal1 to via1 in cell fft_ctrl_tlul.
Moving label "net727" from metal1 to via1 in cell fft_ctrl_tlul.
Moving label "net944" from metal2 to via1 in cell fft_ctrl_tlul.
Moving label "net972" from metal1 to viali in cell fft_ctrl_tlul.
Moving label "tl_i[49]" from metal2 to via2 in cell fft_ctrl_tlul.
Moving label "tl_i[99]" from metal2 to via2 in cell fft_ctrl_tlul.
Moving label "u_fft_top.memory_interface_inst.u_fft_mem.dout\[0\]\[0\]" from metal2 to via2 in cell fft_ctrl_tlul.
Moving label "u_fft_top.memory_interface_inst.u_fft_mem.dout\[0\]\[16\]" from metal2 to via2 in cell fft_ctrl_tlul.
Moving label "u_fft_top.memory_interface_inst.u_fft_mem.dout\[0\]\[17\]" from metal2 to via2 in cell fft_ctrl_tlul.
Moving label "u_fft_top.memory_interface_inst.u_fft_mem.dout\[0\]\[19\]" from metal2 to via2 in cell fft_ctrl_tlul.
Moving label "u_fft_top.memory_interface_inst.u_fft_mem.dout\[0\]\[1\]" from metal2 to via2 in cell fft_ctrl_tlul.
Moving label "u_fft_top.memory_interface_inst.u_fft_mem.dout\[0\]\[21\]" from metal2 to via2 in cell fft_ctrl_tlul.
Moving label "u_fft_top.memory_interface_inst.u_fft_mem.dout\[0\]\[22\]" from metal2 to via2 in cell fft_ctrl_tlul.
Moving label "u_fft_top.memory_interface_inst.u_fft_mem.dout\[1\]\[20\]" from metal1 to via1 in cell fft_ctrl_tlul.
Moving label "u_fft_top.memory_interface_inst.u_fft_mem.dout\[1\]\[25\]" from metal2 to via2 in cell fft_ctrl_tlul.
[INFO] Loading fft_ctrl_tlul

DRC style is now "drc(full)"
Loading DRC CIF style.
[INFO] COUNT: 1929
[INFO] Should be divided by 3 or 4
[INFO] DRC Checking DONE (/home/runner/work/vyges-edge-sensor-soc/vyges-edge-sensor-soc/openlane/fft_ctrl_tlul/runs/26_04_23_04_36/61-magic-drc/reports/drc_violations.magic.rpt)
[INFO] Saving mag view with DRC errors (/home/runner/work/vyges-edge-sensor-soc/vyges-edge-sensor-soc/openlane/fft_ctrl_tlul/runs/26_04_23_04_36/61-magic-drc/views/fft_ctrl_tlul.drc.mag)
[INFO] Saved
