Clock: clk_i
Sources: clk_i 
Generated: no
Virtual: yes
Propagated: no
Period: 25.000000

===========================================================================
report_clock_properties
============================================================================
Clock                   Period          Waveform
----------------------------------------------------
clk_i                25.000000    0.000000 12.500000

===========================================================================
report_clock_latency
============================================================================
Clock clk_i
rise -> rise
    min     max
0.000000 0.000000 source latency
2.456357         network latency _13306_/CLK
        3.344765 network latency _12673_/CLK
---------------
2.456357 3.344765 latency
        0.888408 skew

fall -> fall
    min     max
0.000000 0.000000 source latency
2.150066         network latency _13306_/CLK
        2.852618 network latency _12673_/CLK
---------------
2.150066 2.852618 latency
        0.702552 skew



===========================================================================
report_clock_min_period
============================================================================
clk_i period_min = 25.60 fmax = 39.06
