Clock: clk_i
Sources: clk_i 
Generated: no
Virtual: yes
Propagated: no
Period: 25.000000

===========================================================================
report_clock_properties
============================================================================
Clock                   Period          Waveform
----------------------------------------------------
clk_i                25.000000    0.000000 12.500000

===========================================================================
report_clock_latency
============================================================================
Clock clk_i
rise -> rise
    min     max
0.000000 0.000000 source latency
0.899474         network latency _12961_/CLK
        1.198351 network latency _12673_/CLK
---------------
0.899474 1.198351 latency
        0.298877 skew

fall -> fall
    min     max
0.000000 0.000000 source latency
0.793587         network latency _12961_/CLK
        1.045318 network latency _12673_/CLK
---------------
0.793587 1.045318 latency
        0.251731 skew



===========================================================================
report_clock_min_period
============================================================================
clk_i period_min = 8.30 fmax = 120.47
