
===========================================================================
report_checks -unconstrained
===========================================================================
======================= max_tt_025C_1v80 Corner ===================================

Startpoint: rst_ni (input port clocked by clk_i)
Endpoint: _2997_ (recovery check against rising-edge clock clk_i)
Path Group: asynchronous
Path Type: max

Fanout         Cap        Slew       Delay        Time   Description
---------------------------------------------------------------------------------------------
                                  0.000000    0.000000   clock clk_i (rise edge)
                                  0.000000    0.000000   clock network delay (propagated)
                                 10.000000   10.000000 ^ input external delay
     1    0.003196    0.021441    0.011748   10.011748 ^ rst_ni (in)
                                                         rst_ni (net)
                      0.021450    0.000000   10.011748 ^ input33/A (sky130_fd_sc_hd__buf_1)
     3    0.021369    0.254119    0.217550   10.229299 ^ input33/X (sky130_fd_sc_hd__buf_1)
                                                         net33 (net)
                      0.254133    0.001593   10.230891 ^ fanout484/A (sky130_fd_sc_hd__dlymetal6s2s_1)
     3    0.034517    0.349325    0.355320   10.586211 ^ fanout484/X (sky130_fd_sc_hd__dlymetal6s2s_1)
                                                         net484 (net)
                      0.349397    0.004109   10.590320 ^ fanout483/A (sky130_fd_sc_hd__clkbuf_2)
     3    0.033835    0.186983    0.284589   10.874909 ^ fanout483/X (sky130_fd_sc_hd__clkbuf_2)
                                                         net483 (net)
                      0.186984    0.001072   10.875981 ^ fanout480/A (sky130_fd_sc_hd__clkbuf_2)
     3    0.038146    0.208917    0.264554   11.140535 ^ fanout480/X (sky130_fd_sc_hd__clkbuf_2)
                                                         net480 (net)
                      0.208938    0.001766   11.142301 ^ fanout478/A (sky130_fd_sc_hd__clkbuf_2)
     4    0.042544    0.231968    0.285748   11.428049 ^ fanout478/X (sky130_fd_sc_hd__clkbuf_2)
                                                         net478 (net)
                      0.232069    0.004007   11.432055 ^ fanout475/A (sky130_fd_sc_hd__clkbuf_2)
     6    0.034949    0.192216    0.264754   11.696810 ^ fanout475/X (sky130_fd_sc_hd__clkbuf_2)
                                                         net475 (net)
                      0.192410    0.004023   11.700833 ^ fanout474/A (sky130_fd_sc_hd__clkbuf_2)
     6    0.033560    0.185686    0.250132   11.950966 ^ fanout474/X (sky130_fd_sc_hd__clkbuf_2)
                                                         net474 (net)
                      0.185761    0.001256   11.952222 ^ _2997_/RESET_B (sky130_fd_sc_hd__dfrtp_4)
                                             11.952222   data arrival time

                                 50.000000   50.000000   clock clk_i (rise edge)
                                  0.000000   50.000000   clock source latency
     1    0.035518    0.165320    0.117005   50.117004 ^ clk_i (in)
                                                         clk_i (net)
                      0.165718    0.000000   50.117004 ^ clkbuf_0_clk_i/A (sky130_fd_sc_hd__clkbuf_16)
     4    0.090404    0.107779    0.217998   50.335003 ^ clkbuf_0_clk_i/X (sky130_fd_sc_hd__clkbuf_16)
                                                         clknet_0_clk_i (net)
                      0.108297    0.005659   50.340660 ^ clkbuf_2_3__f_clk_i/A (sky130_fd_sc_hd__clkbuf_16)
    11    0.121856    0.135294    0.221132   50.561794 ^ clkbuf_2_3__f_clk_i/X (sky130_fd_sc_hd__clkbuf_16)
                                                         clknet_2_3__leaf_clk_i (net)
                      0.136068    0.008175   50.569969 ^ clkbuf_leaf_12_clk_i/A (sky130_fd_sc_hd__clkbuf_8)
     7    0.024152    0.057603    0.169969   50.739937 ^ clkbuf_leaf_12_clk_i/X (sky130_fd_sc_hd__clkbuf_8)
                                                         clknet_leaf_12_clk_i (net)
                      0.057625    0.001030   50.740967 ^ _2997_/CLK (sky130_fd_sc_hd__dfrtp_4)
                                 -0.250000   50.490967   clock uncertainty
                                  0.000000   50.490967   clock reconvergence pessimism
                                  0.175624   50.666592   library recovery time
                                             50.666592   data required time
---------------------------------------------------------------------------------------------
                                             50.666592   data required time
                                            -11.952222   data arrival time
---------------------------------------------------------------------------------------------
                                             38.714371   slack (MET)


Startpoint: intr_src_i[1] (input port clocked by clk_i)
Endpoint: irq_o (output port clocked by clk_i)
Path Group: clk_i
Path Type: max

Fanout         Cap        Slew       Delay        Time   Description
---------------------------------------------------------------------------------------------
                                  0.000000    0.000000   clock clk_i (rise edge)
                                  0.000000    0.000000   clock network delay (propagated)
                                 10.000000   10.000000 ^ input external delay
     1    0.002584    0.018805    0.009601   10.009602 ^ intr_src_i[1] (in)
                                                         intr_src_i[1] (net)
                      0.018806    0.000000   10.009602 ^ input12/A (sky130_fd_sc_hd__dlymetal6s2s_1)
     2    0.025550    0.266509    0.233852   10.243453 ^ input12/X (sky130_fd_sc_hd__dlymetal6s2s_1)
                                                         net12 (net)
                      0.266574    0.003398   10.246852 ^ _1580_/B1 (sky130_fd_sc_hd__o2111ai_2)
     1    0.012048    0.151862    0.205945   10.452796 v _1580_/Y (sky130_fd_sc_hd__o2111ai_2)
                                                         _1069_ (net)
                      0.151863    0.000704   10.453501 v _1581_/B1 (sky130_fd_sc_hd__a21oi_4)
     6    0.031453    0.254338    0.268690   10.722191 ^ _1581_/Y (sky130_fd_sc_hd__a21oi_4)
                                                         _1070_ (net)
                      0.254352    0.001506   10.723697 ^ _1607_/B1 (sky130_fd_sc_hd__o21a_1)
     3    0.025306    0.243126    0.308649   11.032346 ^ _1607_/X (sky130_fd_sc_hd__o21a_1)
                                                         _1096_ (net)
                      0.243210    0.001815   11.034162 ^ _1617_/C (sky130_fd_sc_hd__nand3b_4)
     1    0.010383    0.071280    0.110674   11.144835 v _1617_/Y (sky130_fd_sc_hd__nand3b_4)
                                                         _1106_ (net)
                      0.071283    0.000842   11.145678 v _1618_/B1 (sky130_fd_sc_hd__o21ai_4)
     3    0.020567    0.192110    0.097167   11.242845 ^ _1618_/Y (sky130_fd_sc_hd__o21ai_4)
                                                         _1107_ (net)
                      0.192119    0.001398   11.244243 ^ _1620_/A (sky130_fd_sc_hd__nand3_4)
     2    0.015129    0.091526    0.112826   11.357068 v _1620_/Y (sky130_fd_sc_hd__nand3_4)
                                                         _1109_ (net)
                      0.091537    0.001852   11.358920 v _1627_/B1 (sky130_fd_sc_hd__a22oi_4)
     4    0.030583    0.278013    0.251728   11.610649 ^ _1627_/Y (sky130_fd_sc_hd__a22oi_4)
                                                         _1116_ (net)
                      0.278067    0.002952   11.613601 ^ _1632_/B2 (sky130_fd_sc_hd__o22ai_4)
     4    0.028619    0.122733    0.162224   11.775826 v _1632_/Y (sky130_fd_sc_hd__o22ai_4)
                                                         _1121_ (net)
                      0.122750    0.002573   11.778399 v _1638_/A2 (sky130_fd_sc_hd__a21oi_4)
     3    0.019318    0.179758    0.233411   12.011808 ^ _1638_/Y (sky130_fd_sc_hd__a21oi_4)
                                                         _1127_ (net)
                      0.179765    0.001257   12.013065 ^ _1649_/B2 (sky130_fd_sc_hd__o22ai_4)
     2    0.018050    0.090604    0.113127   12.126193 v _1649_/Y (sky130_fd_sc_hd__o22ai_4)
                                                         _1138_ (net)
                      0.090607    0.001096   12.127289 v _1650_/B1 (sky130_fd_sc_hd__a22oi_4)
     4    0.026083    0.250962    0.230628   12.357917 ^ _1650_/Y (sky130_fd_sc_hd__a22oi_4)
                                                         _1139_ (net)
                      0.250989    0.001742   12.359658 ^ _1659_/A1 (sky130_fd_sc_hd__o211ai_2)
     2    0.009126    0.103417    0.145974   12.505632 v _1659_/Y (sky130_fd_sc_hd__o211ai_2)
                                                         _1148_ (net)
                      0.103418    0.000560   12.506192 v _1660_/B1 (sky130_fd_sc_hd__a22oi_2)
     2    0.014043    0.235901    0.219574   12.725765 ^ _1660_/Y (sky130_fd_sc_hd__a22oi_2)
                                                         _1149_ (net)
                      0.235902    0.000851   12.726617 ^ fanout196/A (sky130_fd_sc_hd__buf_6)
     6    0.031663    0.073579    0.171234   12.897850 ^ fanout196/X (sky130_fd_sc_hd__buf_6)
                                                         net196 (net)
                      0.073618    0.001577   12.899426 ^ _1683_/B1 (sky130_fd_sc_hd__o22ai_4)
     3    0.027377    0.115372    0.103817   13.003243 v _1683_/Y (sky130_fd_sc_hd__o22ai_4)
                                                         _1172_ (net)
                      0.115439    0.002197   13.005441 v _1687_/A1 (sky130_fd_sc_hd__a21oi_4)
     4    0.030915    0.251001    0.264219   13.269660 ^ _1687_/Y (sky130_fd_sc_hd__a21oi_4)
                                                         _1176_ (net)
                      0.251032    0.002185   13.271845 ^ _1690_/B2 (sky130_fd_sc_hd__o22ai_4)
     3    0.015447    0.090996    0.123396   13.395240 v _1690_/Y (sky130_fd_sc_hd__o22ai_4)
                                                         _1179_ (net)
                      0.090999    0.000954   13.396194 v _1695_/A2_N (sky130_fd_sc_hd__o2bb2ai_4)
     6    0.038287    0.113518    0.189224   13.585418 v _1695_/Y (sky130_fd_sc_hd__o2bb2ai_4)
                                                         _1184_ (net)
                      0.113626    0.002763   13.588181 v _1711_/A1 (sky130_fd_sc_hd__o21ai_4)
     5    0.026525    0.227753    0.261028   13.849209 ^ _1711_/Y (sky130_fd_sc_hd__o21ai_4)
                                                         _1200_ (net)
                      0.227851    0.001691   13.850900 ^ _1713_/B1 (sky130_fd_sc_hd__o22ai_4)
     5    0.028417    0.110076    0.153628   14.004528 v _1713_/Y (sky130_fd_sc_hd__o22ai_4)
                                                         _1202_ (net)
                      0.110081    0.001329   14.005857 v _1720_/A2 (sky130_fd_sc_hd__a22oi_4)
     3    0.025524    0.247664    0.298699   14.304555 ^ _1720_/Y (sky130_fd_sc_hd__a22oi_4)
                                                         _1209_ (net)
                      0.247676    0.001701   14.306256 ^ _1723_/B1 (sky130_fd_sc_hd__o211ai_2)
     1    0.004570    0.082581    0.132317   14.438574 v _1723_/Y (sky130_fd_sc_hd__o211ai_2)
                                                         _1212_ (net)
                      0.082581    0.000337   14.438910 v _1738_/B1 (sky130_fd_sc_hd__a22oi_2)
     2    0.013798    0.232964    0.210099   14.649009 ^ _1738_/Y (sky130_fd_sc_hd__a22oi_2)
                                                         _1227_ (net)
                      0.232965    0.000819   14.649828 ^ fanout195/A (sky130_fd_sc_hd__buf_6)
     6    0.041727    0.091896    0.184116   14.833943 ^ fanout195/X (sky130_fd_sc_hd__buf_6)
                                                         net195 (net)
                      0.091950    0.002055   14.835999 ^ _1742_/A1 (sky130_fd_sc_hd__o21ai_4)
     5    0.030478    0.102707    0.105113   14.941112 v _1742_/Y (sky130_fd_sc_hd__o21ai_4)
                                                         _1231_ (net)
                      0.102795    0.001657   14.942769 v _1756_/A2 (sky130_fd_sc_hd__a21oi_4)
     3    0.016739    0.163784    0.213454   15.156223 ^ _1756_/Y (sky130_fd_sc_hd__a21oi_4)
                                                         _1245_ (net)
                      0.163823    0.001114   15.157337 ^ _1758_/B1 (sky130_fd_sc_hd__o22ai_4)
     2    0.009043    0.067741    0.100222   15.257559 v _1758_/Y (sky130_fd_sc_hd__o22ai_4)
                                                         _1247_ (net)
                      0.067743    0.000634   15.258193 v fanout193/A (sky130_fd_sc_hd__buf_6)
     6    0.029553    0.040374    0.142711   15.400904 v fanout193/X (sky130_fd_sc_hd__buf_6)
                                                         net193 (net)
                      0.040498    0.001901   15.402804 v _1760_/B1 (sky130_fd_sc_hd__o21ai_4)
     3    0.028372    0.239090    0.100457   15.503262 ^ _1760_/Y (sky130_fd_sc_hd__o21ai_4)
                                                         _1249_ (net)
                      0.239120    0.002096   15.505358 ^ _1769_/A1 (sky130_fd_sc_hd__a21oi_4)
     1    0.009903    0.089428    0.092143   15.597501 v _1769_/Y (sky130_fd_sc_hd__a21oi_4)
                                                         _1258_ (net)
                      0.089429    0.000766   15.598267 v _1782_/A1 (sky130_fd_sc_hd__o21ai_4)
     5    0.043791    0.334287    0.329207   15.927473 ^ _1782_/Y (sky130_fd_sc_hd__o21ai_4)
                                                         _1271_ (net)
                      0.334411    0.005155   15.932628 ^ _1807_/A1 (sky130_fd_sc_hd__a31oi_4)
     1    0.009854    0.110906    0.146123   16.078751 v _1807_/Y (sky130_fd_sc_hd__a31oi_4)
                                                         _1296_ (net)
                      0.110907    0.000499   16.079250 v _1808_/A1_N (sky130_fd_sc_hd__o2bb2ai_4)
     4    0.023944    0.086918    0.192873   16.272123 v _1808_/Y (sky130_fd_sc_hd__o2bb2ai_4)
                                                         _1297_ (net)
                      0.087024    0.001849   16.273973 v _1809_/B1 (sky130_fd_sc_hd__a21oi_2)
     2    0.010210    0.153504    0.165953   16.439926 ^ _1809_/Y (sky130_fd_sc_hd__a21oi_2)
                                                         _1298_ (net)
                      0.153505    0.000744   16.440670 ^ fanout188/A (sky130_fd_sc_hd__buf_6)
     6    0.044036    0.095717    0.169791   16.610460 ^ fanout188/X (sky130_fd_sc_hd__buf_6)
                                                         net188 (net)
                      0.095918    0.003142   16.613604 ^ _1824_/A2 (sky130_fd_sc_hd__o21ai_4)
     2    0.013495    0.076629    0.070534   16.684137 v _1824_/Y (sky130_fd_sc_hd__o21ai_4)
                                                         _1313_ (net)
                      0.076631    0.000865   16.685001 v _1834_/A1 (sky130_fd_sc_hd__a31oi_4)
     4    0.025552    0.250236    0.236930   16.921932 ^ _1834_/Y (sky130_fd_sc_hd__a31oi_4)
                                                         _1323_ (net)
                      0.250280    0.002508   16.924440 ^ _1846_/B1 (sky130_fd_sc_hd__a22oi_4)
     3    0.018322    0.100305    0.107804   17.032244 v _1846_/Y (sky130_fd_sc_hd__a22oi_4)
                                                         _1335_ (net)
                      0.100309    0.001165   17.033409 v _1865_/B2 (sky130_fd_sc_hd__o22ai_4)
     4    0.035261    0.314644    0.253902   17.287312 ^ _1865_/Y (sky130_fd_sc_hd__o22ai_4)
                                                         _1354_ (net)
                      0.314656    0.001497   17.288809 ^ _1870_/B2 (sky130_fd_sc_hd__o32ai_4)
     4    0.027155    0.145753    0.193866   17.482676 v _1870_/Y (sky130_fd_sc_hd__o32ai_4)
                                                         _1359_ (net)
                      0.145758    0.001707   17.484383 v rebuffer2/A (sky130_fd_sc_hd__clkbuf_1)
     1    0.005264    0.040568    0.140924   17.625307 v rebuffer2/X (sky130_fd_sc_hd__clkbuf_1)
                                                         net494 (net)
                      0.040571    0.000384   17.625690 v _1874_/A2 (sky130_fd_sc_hd__o211ai_2)
     2    0.014238    0.223611    0.210980   17.836670 ^ _1874_/Y (sky130_fd_sc_hd__o211ai_2)
                                                         _1363_ (net)
                      0.223613    0.001013   17.837683 ^ _1875_/B (sky130_fd_sc_hd__nand3_4)
     2    0.013229    0.087731    0.115126   17.952808 v _1875_/Y (sky130_fd_sc_hd__nand3_4)
                                                         _1364_ (net)
                      0.087741    0.000913   17.953720 v _1891_/B1 (sky130_fd_sc_hd__a21oi_4)
     4    0.019492    0.180503    0.188246   18.141966 ^ _1891_/Y (sky130_fd_sc_hd__a21oi_4)
                                                         _1380_ (net)
                      0.180503    0.000743   18.142710 ^ _1893_/B2 (sky130_fd_sc_hd__o22ai_4)
     2    0.010618    0.073345    0.098348   18.241056 v _1893_/Y (sky130_fd_sc_hd__o22ai_4)
                                                         _1382_ (net)
                      0.073346    0.000629   18.241686 v fanout186/A (sky130_fd_sc_hd__buf_6)
     6    0.036456    0.046002    0.149452   18.391138 v fanout186/X (sky130_fd_sc_hd__buf_6)
                                                         net186 (net)
                      0.046440    0.003373   18.394512 v _1897_/B1 (sky130_fd_sc_hd__a22oi_2)
     2    0.022551    0.325899    0.267105   18.661617 ^ _1897_/Y (sky130_fd_sc_hd__a22oi_2)
                                                         _1386_ (net)
                      0.325909    0.001362   18.662979 ^ _1906_/A2 (sky130_fd_sc_hd__o211ai_2)
     1    0.009733    0.103376    0.141403   18.804382 v _1906_/Y (sky130_fd_sc_hd__o211ai_2)
                                                         _1395_ (net)
                      0.103378    0.000824   18.805206 v _1921_/B1 (sky130_fd_sc_hd__a22oi_4)
     5    0.043443    0.356456    0.315376   19.120583 ^ _1921_/Y (sky130_fd_sc_hd__a22oi_4)
                                                         _1410_ (net)
                      0.356534    0.004155   19.124739 ^ _1927_/A2 (sky130_fd_sc_hd__o21ai_4)
     2    0.009275    0.075162    0.087530   19.212269 v _1927_/Y (sky130_fd_sc_hd__o21ai_4)
                                                         _1416_ (net)
                      0.075163    0.000599   19.212866 v fanout185/A (sky130_fd_sc_hd__buf_6)
     6    0.046444    0.053750    0.158238   19.371105 v fanout185/X (sky130_fd_sc_hd__buf_6)
                                                         net185 (net)
                      0.053824    0.001801   19.372906 v _1930_/A1 (sky130_fd_sc_hd__o21ai_4)
     3    0.015688    0.164124    0.188487   19.561394 ^ _1930_/Y (sky130_fd_sc_hd__o21ai_4)
                                                         _1419_ (net)
                      0.164126    0.001076   19.562469 ^ _1945_/B1 (sky130_fd_sc_hd__o22ai_4)
     6    0.032355    0.107741    0.140121   19.702591 v _1945_/Y (sky130_fd_sc_hd__o22ai_4)
                                                         _0165_ (net)
                      0.107888    0.003014   19.705605 v _1959_/A1 (sky130_fd_sc_hd__a22oi_4)
     5    0.026422    0.253013    0.279082   19.984686 ^ _1959_/Y (sky130_fd_sc_hd__a22oi_4)
                                                         _0179_ (net)
                      0.253116    0.002046   19.986732 ^ _1962_/B1 (sky130_fd_sc_hd__o211ai_4)
     2    0.014328    0.094648    0.136451   20.123184 v _1962_/Y (sky130_fd_sc_hd__o211ai_4)
                                                         _0182_ (net)
                      0.094651    0.000949   20.124132 v _1978_/B2 (sky130_fd_sc_hd__a2bb2oi_4)
     6    0.023899    0.192330    0.222515   20.346647 ^ _1978_/Y (sky130_fd_sc_hd__a2bb2oi_4)
                                                         _0198_ (net)
                      0.192413    0.001394   20.348042 ^ _1989_/A2 (sky130_fd_sc_hd__o211a_1)
     1    0.006507    0.070909    0.182061   20.530102 ^ _1989_/X (sky130_fd_sc_hd__o211a_1)
                                                         _0209_ (net)
                      0.070911    0.000488   20.530592 ^ _1995_/A2 (sky130_fd_sc_hd__a21oi_2)
     2    0.010285    0.065583    0.073911   20.604502 v _1995_/Y (sky130_fd_sc_hd__a21oi_2)
                                                         _0215_ (net)
                      0.065584    0.000597   20.605099 v fanout183/A (sky130_fd_sc_hd__buf_6)
     6    0.040907    0.049185    0.150067   20.755165 v fanout183/X (sky130_fd_sc_hd__buf_6)
                                                         net183 (net)
                      0.049282    0.001910   20.757074 v _2011_/A2 (sky130_fd_sc_hd__o31ai_4)
     4    0.020251    0.306369    0.322311   21.079386 ^ _2011_/Y (sky130_fd_sc_hd__o31ai_4)
                                                         _0231_ (net)
                      0.306370    0.001213   21.080599 ^ _2015_/A (sky130_fd_sc_hd__nand3_4)
     2    0.012148    0.103000    0.122881   21.203480 v _2015_/Y (sky130_fd_sc_hd__nand3_4)
                                                         _0235_ (net)
                      0.103008    0.000940   21.204420 v _2030_/B1 (sky130_fd_sc_hd__a22oi_4)
     6    0.031152    0.281916    0.258561   21.462982 ^ _2030_/Y (sky130_fd_sc_hd__a22oi_4)
                                                         _0250_ (net)
                      0.281998    0.003663   21.466644 ^ _2037_/B1 (sky130_fd_sc_hd__o22ai_4)
     3    0.028317    0.119474    0.169278   21.635921 v _2037_/Y (sky130_fd_sc_hd__o22ai_4)
                                                         _0257_ (net)
                      0.119487    0.002233   21.638155 v _2042_/A1 (sky130_fd_sc_hd__a21oi_4)
     4    0.035184    0.277367    0.286528   21.924683 ^ _2042_/Y (sky130_fd_sc_hd__a21oi_4)
                                                         _0262_ (net)
                      0.277380    0.001512   21.926195 ^ _2062_/A2 (sky130_fd_sc_hd__o21bai_4)
     1    0.009016    0.062469    0.088958   22.015154 v _2062_/Y (sky130_fd_sc_hd__o21bai_4)
                                                         _0282_ (net)
                      0.062471    0.000687   22.015841 v _2064_/B2 (sky130_fd_sc_hd__o2bb2ai_4)
     5    0.039035    0.280494    0.258526   22.274366 ^ _2064_/Y (sky130_fd_sc_hd__o2bb2ai_4)
                                                         _0284_ (net)
                      0.280533    0.002656   22.277021 ^ _2075_/A2 (sky130_fd_sc_hd__o21ai_4)
     4    0.020956    0.081917    0.113818   22.390841 v _2075_/Y (sky130_fd_sc_hd__o21ai_4)
                                                         _0295_ (net)
                      0.081977    0.001197   22.392036 v _2079_/B1 (sky130_fd_sc_hd__o22ai_4)
     2    0.018351    0.209629    0.192113   22.584150 ^ _2079_/Y (sky130_fd_sc_hd__o22ai_4)
                                                         _0299_ (net)
                      0.209631    0.000979   22.585129 ^ fanout182/A (sky130_fd_sc_hd__buf_6)
     6    0.035878    0.081233    0.170898   22.756027 ^ fanout182/X (sky130_fd_sc_hd__buf_6)
                                                         net182 (net)
                      0.081483    0.003244   22.759270 ^ _2080_/B1 (sky130_fd_sc_hd__o21ai_4)
     4    0.028931    0.093935    0.096117   22.855387 v _2080_/Y (sky130_fd_sc_hd__o21ai_4)
                                                         _0300_ (net)
                      0.093998    0.001886   22.857273 v _2100_/A1 (sky130_fd_sc_hd__a31oi_4)
     3    0.026902    0.258813    0.251093   23.108368 ^ _2100_/Y (sky130_fd_sc_hd__a31oi_4)
                                                         _0320_ (net)
                      0.258818    0.001540   23.109907 ^ _2102_/B1 (sky130_fd_sc_hd__o21ai_4)
     5    0.029664    0.112041    0.148379   23.258287 v _2102_/Y (sky130_fd_sc_hd__o21ai_4)
                                                         _0322_ (net)
                      0.112114    0.002677   23.260963 v _2127_/A2 (sky130_fd_sc_hd__a31oi_4)
     1    0.010044    0.154146    0.202323   23.463287 ^ _2127_/Y (sky130_fd_sc_hd__a31oi_4)
                                                         _0347_ (net)
                      0.154150    0.000783   23.464071 ^ _2128_/A2_N (sky130_fd_sc_hd__o2bb2ai_4)
     5    0.034383    0.254409    0.192651   23.656721 ^ _2128_/Y (sky130_fd_sc_hd__o2bb2ai_4)
                                                         _0348_ (net)
                      0.254438    0.002144   23.658865 ^ _2129_/B1 (sky130_fd_sc_hd__a21oi_4)
     2    0.010816    0.067754    0.061565   23.720430 v _2129_/Y (sky130_fd_sc_hd__a21oi_4)
                                                         _0349_ (net)
                      0.067757    0.000785   23.721216 v fanout181/A (sky130_fd_sc_hd__buf_8)
     6    0.040322    0.044871    0.146782   23.867998 v fanout181/X (sky130_fd_sc_hd__buf_8)
                                                         net181 (net)
                      0.045061    0.002526   23.870523 v _2145_/A2 (sky130_fd_sc_hd__o21ai_4)
     2    0.017328    0.173609    0.170372   24.040895 ^ _2145_/Y (sky130_fd_sc_hd__o21ai_4)
                                                         _0365_ (net)
                      0.173611    0.001053   24.041950 ^ _2147_/B1 (sky130_fd_sc_hd__o21ai_2)
     2    0.007816    0.064372    0.092346   24.134295 v _2147_/Y (sky130_fd_sc_hd__o21ai_2)
                                                         _0367_ (net)
                      0.064373    0.000432   24.134727 v _2172_/B (sky130_fd_sc_hd__and3_1)
     1    0.012471    0.077229    0.210703   24.345430 v _2172_/X (sky130_fd_sc_hd__and3_1)
                                                         _0392_ (net)
                      0.077233    0.000668   24.346098 v _2174_/A1 (sky130_fd_sc_hd__o22ai_4)
     3    0.022234    0.233478    0.250621   24.596718 ^ _2174_/Y (sky130_fd_sc_hd__o22ai_4)
                                                         _0394_ (net)
                      0.233480    0.001132   24.597849 ^ fanout180/A (sky130_fd_sc_hd__buf_6)
     6    0.036399    0.082152    0.176906   24.774755 ^ fanout180/X (sky130_fd_sc_hd__buf_6)
                                                         net180 (net)
                      0.082181    0.001501   24.776257 ^ _2181_/A2 (sky130_fd_sc_hd__o21ai_4)
     4    0.019987    0.070444    0.078472   24.854729 v _2181_/Y (sky130_fd_sc_hd__o21ai_4)
                                                         _0401_ (net)
                      0.070452    0.000719   24.855448 v _2192_/B1 (sky130_fd_sc_hd__o22ai_4)
     2    0.018138    0.208306    0.186862   25.042311 ^ _2192_/Y (sky130_fd_sc_hd__o22ai_4)
                                                         _0412_ (net)
                      0.208306    0.000663   25.042973 ^ fanout179/A (sky130_fd_sc_hd__buf_6)
     6    0.028061    0.066687    0.160597   25.203569 ^ fanout179/X (sky130_fd_sc_hd__buf_6)
                                                         net179 (net)
                      0.066709    0.001174   25.204744 ^ _2202_/B1 (sky130_fd_sc_hd__a22oi_4)
     4    0.028197    0.101357    0.083306   25.288050 v _2202_/Y (sky130_fd_sc_hd__a22oi_4)
                                                         _0422_ (net)
                      0.101410    0.001835   25.289885 v _2207_/B2 (sky130_fd_sc_hd__a32oi_4)
     4    0.026573    0.303645    0.311019   25.600903 ^ _2207_/Y (sky130_fd_sc_hd__a32oi_4)
                                                         _0427_ (net)
                      0.303646    0.000840   25.601744 ^ _2209_/B (sky130_fd_sc_hd__nand2_1)
     3    0.011342    0.120999    0.159995   25.761738 v _2209_/Y (sky130_fd_sc_hd__nand2_1)
                                                         _0429_ (net)
                      0.121001    0.000730   25.762468 v _2225_/B1 (sky130_fd_sc_hd__a22oi_1)
     2    0.008358    0.248215    0.238934   26.001402 ^ _2225_/Y (sky130_fd_sc_hd__a22oi_1)
                                                         _0445_ (net)
                      0.248215    0.000565   26.001968 ^ _2228_/A2 (sky130_fd_sc_hd__o21bai_1)
     1    0.005758    0.081508    0.116266   26.118233 v _2228_/Y (sky130_fd_sc_hd__o21bai_1)
                                                         _0448_ (net)
                      0.081509    0.000403   26.118637 v _2234_/A1 (sky130_fd_sc_hd__a21oi_2)
     2    0.012836    0.180322    0.203929   26.322567 ^ _2234_/Y (sky130_fd_sc_hd__a21oi_2)
                                                         _0454_ (net)
                      0.180387    0.000760   26.323326 ^ fanout174/A (sky130_fd_sc_hd__buf_6)
     6    0.031846    0.073196    0.159686   26.483011 ^ fanout174/X (sky130_fd_sc_hd__buf_6)
                                                         net174 (net)
                      0.073260    0.001936   26.484949 ^ _2247_/A2 (sky130_fd_sc_hd__o21bai_4)
     3    0.014134    0.066358    0.072667   26.557615 v _2247_/Y (sky130_fd_sc_hd__o21bai_4)
                                                         _0467_ (net)
                      0.066360    0.000776   26.558392 v _2249_/C1 (sky130_fd_sc_hd__o311a_4)
     1    0.011048    0.061192    0.132054   26.690447 v _2249_/X (sky130_fd_sc_hd__o311a_4)
                                                         _0469_ (net)
                      0.061196    0.000925   26.691372 v _2262_/A2 (sky130_fd_sc_hd__o21ai_4)
     6    0.047091    0.355366    0.311243   27.002615 ^ _2262_/Y (sky130_fd_sc_hd__o21ai_4)
                                                         _0482_ (net)
                      0.355400    0.002816   27.005430 ^ _2271_/D1 (sky130_fd_sc_hd__o2111ai_4)
     3    0.020552    0.180461    0.217026   27.222456 v _2271_/Y (sky130_fd_sc_hd__o2111ai_4)
                                                         _0491_ (net)
                      0.180464    0.001570   27.224026 v _2286_/A3 (sky130_fd_sc_hd__a31oi_4)
     3    0.020819    0.220902    0.300744   27.524771 ^ _2286_/Y (sky130_fd_sc_hd__a31oi_4)
                                                         _0506_ (net)
                      0.220905    0.001497   27.526268 ^ _2296_/B2 (sky130_fd_sc_hd__a22oi_4)
     3    0.018289    0.083909    0.102585   27.628853 v _2296_/Y (sky130_fd_sc_hd__a22oi_4)
                                                         _0516_ (net)
                      0.083914    0.001256   27.630108 v _2304_/B2 (sky130_fd_sc_hd__o22ai_4)
     4    0.027864    0.268213    0.213488   27.843597 ^ _2304_/Y (sky130_fd_sc_hd__o22ai_4)
                                                         _0524_ (net)
                      0.268231    0.001640   27.845236 ^ _2312_/A2 (sky130_fd_sc_hd__o21ai_4)
     4    0.022608    0.083850    0.115714   27.960951 v _2312_/Y (sky130_fd_sc_hd__o21ai_4)
                                                         _0532_ (net)
                      0.083898    0.001009   27.961958 v _2323_/B1 (sky130_fd_sc_hd__o22ai_2)
     1    0.006780    0.147352    0.145755   28.107714 ^ _2323_/Y (sky130_fd_sc_hd__o22ai_2)
                                                         _0543_ (net)
                      0.147353    0.000510   28.108225 ^ fanout172/A (sky130_fd_sc_hd__buf_6)
     4    0.024315    0.059173    0.142373   28.250597 ^ fanout172/X (sky130_fd_sc_hd__buf_6)
                                                         net172 (net)
                      0.059243    0.001799   28.252398 ^ fanout171/A (sky130_fd_sc_hd__buf_8)
     6    0.029025    0.057843    0.114445   28.366842 ^ fanout171/X (sky130_fd_sc_hd__buf_8)
                                                         net171 (net)
                      0.057859    0.000931   28.367773 ^ _2326_/B1 (sky130_fd_sc_hd__o21ai_4)
     3    0.010610    0.044258    0.059794   28.427567 v _2326_/Y (sky130_fd_sc_hd__o21ai_4)
                                                         _0546_ (net)
                      0.044260    0.000624   28.428190 v _2336_/A1 (sky130_fd_sc_hd__a31o_1)
     1    0.009384    0.065155    0.200570   28.628761 v _2336_/X (sky130_fd_sc_hd__a31o_1)
                                                         _0556_ (net)
                      0.065162    0.000714   28.629475 v _2344_/A1 (sky130_fd_sc_hd__o21ai_4)
     3    0.023865    0.212287    0.230539   28.860014 ^ _2344_/Y (sky130_fd_sc_hd__o21ai_4)
                                                         _0564_ (net)
                      0.212289    0.001046   28.861059 ^ fanout170/A (sky130_fd_sc_hd__buf_6)
     6    0.039255    0.087138    0.176504   29.037565 ^ fanout170/X (sky130_fd_sc_hd__buf_6)
                                                         net170 (net)
                      0.087222    0.002412   29.039976 ^ _2373_/A (sky130_fd_sc_hd__nand4_4)
     2    0.005762    0.105249    0.074470   29.114447 v _2373_/Y (sky130_fd_sc_hd__nand4_4)
                                                         _0593_ (net)
                      0.105249    0.000412   29.114859 v _2384_/A_N (sky130_fd_sc_hd__nand3b_4)
     2    0.037601    0.141544    0.248255   29.363113 v _2384_/Y (sky130_fd_sc_hd__nand3b_4)
                                                         net91 (net)
                      0.141729    0.003304   29.366417 v output91/A (sky130_fd_sc_hd__buf_8)
     1    0.034229    0.040648    0.177113   29.543531 v output91/X (sky130_fd_sc_hd__buf_8)
                                                         irq_o (net)
                      0.040731    0.001608   29.545139 v irq_o (out)
                                             29.545139   data arrival time

                                 50.000000   50.000000   clock clk_i (rise edge)
                                  0.000000   50.000000   clock network delay (propagated)
                                 -0.250000   49.749996   clock uncertainty
                                  0.000000   49.749996   clock reconvergence pessimism
                                -10.000000   39.749996   output external delay
                                             39.749996   data required time
---------------------------------------------------------------------------------------------
                                             39.749996   data required time
                                            -29.545139   data arrival time
---------------------------------------------------------------------------------------------
                                             10.204858   slack (MET)




===========================================================================
report_checks --slack_max -0.01
============================================================================
======================= max_tt_025C_1v80 Corner ===================================

No paths found.


===========================================================================
 report_check_types -max_slew -max_cap -max_fanout -violators
============================================================================
======================= max_tt_025C_1v80 Corner ===================================

max fanout

Pin                                   Limit Fanout  Slack
---------------------------------------------------------
clkbuf_2_1__f_clk_i/X                     6     11     -5 (VIOLATED)
clkbuf_2_2__f_clk_i/X                     6     11     -5 (VIOLATED)
clkbuf_2_3__f_clk_i/X                     6     11     -5 (VIOLATED)
clkbuf_leaf_35_clk_i/X                    6     11     -5 (VIOLATED)
clkbuf_2_0__f_clk_i/X                     6     10     -4 (VIOLATED)
clkbuf_leaf_13_clk_i/X                    6     10     -4 (VIOLATED)
clkbuf_leaf_34_clk_i/X                    6     10     -4 (VIOLATED)
clkbuf_leaf_39_clk_i/X                    6     10     -4 (VIOLATED)
clkbuf_leaf_0_clk_i/X                     6      9     -3 (VIOLATED)
clkbuf_leaf_20_clk_i/X                    6      9     -3 (VIOLATED)
clkbuf_leaf_21_clk_i/X                    6      9     -3 (VIOLATED)
clkbuf_leaf_24_clk_i/X                    6      9     -3 (VIOLATED)
clkbuf_leaf_28_clk_i/X                    6      9     -3 (VIOLATED)
clkbuf_leaf_2_clk_i/X                     6      9     -3 (VIOLATED)
clkbuf_leaf_31_clk_i/X                    6      9     -3 (VIOLATED)
clkbuf_leaf_8_clk_i/X                     6      8     -2 (VIOLATED)
clkbuf_leaf_10_clk_i/X                    6      7        (VIOLATED)
clkbuf_leaf_12_clk_i/X                    6      7        (VIOLATED)
clkbuf_leaf_23_clk_i/X                    6      7        (VIOLATED)
clkbuf_leaf_32_clk_i/X                    6      7        (VIOLATED)
fanout262/X                               6      7        (VIOLATED)



===========================================================================
report_parasitic_annotation -report_unannotated
============================================================================
Found 97 unannotated drivers.
 tl_i[0]
 tl_i[103]
 tl_i[104]
 tl_i[105]
 tl_i[106]
 tl_i[10]
 tl_i[11]
 tl_i[12]
 tl_i[13]
 tl_i[14]
 tl_i[15]
 tl_i[16]
 tl_i[17]
 tl_i[18]
 tl_i[19]
 tl_i[1]
 tl_i[20]
 tl_i[21]
 tl_i[22]
 tl_i[23]
 tl_i[24]
 tl_i[2]
 tl_i[3]
 tl_i[4]
 tl_i[57]
 tl_i[58]
 tl_i[59]
 tl_i[5]
 tl_i[60]
 tl_i[6]
 tl_i[73]
 tl_i[74]
 tl_i[75]
 tl_i[76]
 tl_i[77]
 tl_i[78]
 tl_i[79]
 tl_i[7]
 tl_i[80]
 tl_i[81]
 tl_i[82]
 tl_i[83]
 tl_i[84]
 tl_i[85]
 tl_i[86]
 tl_i[87]
 tl_i[88]
 tl_i[89]
 tl_i[8]
 tl_i[90]
 tl_i[91]
 tl_i[92]
 tl_i[9]
 clkload0/Y
 clkload1/X
 clkload10/Y
 clkload11/X
 clkload12/Y
 clkload13/Y
 clkload14/Y
 clkload15/Y
 clkload16/Y
 clkload17/X
 clkload18/Y
 clkload19/Y
 clkload2/X
 clkload20/Y
 clkload21/Y
 clkload22/Y
 clkload23/Y
 clkload24/X
 clkload25/Y
 clkload26/Y
 clkload27/X
 clkload28/Y
 clkload29/X
 clkload3/X
 clkload30/Y
 clkload31/Y
 clkload32/Y
 clkload33/Y
 clkload34/Y
 clkload35/X
 clkload4/Y
 clkload5/Y
 clkload6/X
 clkload7/Y
 clkload8/Y
 clkload9/Y
 rv_plic_lite_485/HI
 rv_plic_lite_486/HI
 rv_plic_lite_487/HI
 rv_plic_lite_488/HI
 rv_plic_lite_489/HI
 rv_plic_lite_490/HI
 rv_plic_lite_491/HI
 rv_plic_lite_492/LO
Found 0 partially unannotated drivers.

===========================================================================
max slew violation count 0
max fanout violation count 21
max cap violation count 0
============================================================================

===========================================================================
check_setup -verbose -unconstrained_endpoints -multiple_clock -no_clock -no_input_delay -loops -generated_clocks
===========================================================================
Warning: There are 8 unconstrained endpoints.
  tl_o[0]
  tl_o[15]
  tl_o[48]
  tl_o[59]
  tl_o[60]
  tl_o[61]
  tl_o[63]
  tl_o[64]
