Clock: clk_i
Sources: clk_i 
Generated: no
Virtual: yes
Propagated: no
Period: 50.000000

===========================================================================
report_clock_properties
============================================================================
Clock                   Period          Waveform
----------------------------------------------------
clk_i                50.000000    0.000000 25.000000

===========================================================================
report_clock_latency
============================================================================
Clock clk_i
rise -> rise
    min     max
0.000000 0.000000 source latency
0.724138         network latency _3266_/CLK
        0.947087 network latency _3132_/CLK
---------------
0.724138 0.947087 latency
        0.222949 skew

fall -> fall
    min     max
0.000000 0.000000 source latency
0.576982         network latency _3155_/CLK
        0.784722 network latency _3132_/CLK
---------------
0.576982 0.784722 latency
        0.207740 skew



===========================================================================
report_clock_min_period
============================================================================
clk_i period_min = 26.57 fmax = 37.63
