Clock: clk
Sources: wb_clk_i 
Generated: no
Virtual: yes
Propagated: no
Period: 35.000000

===========================================================================
report_clock_properties
============================================================================
Clock                   Period          Waveform
----------------------------------------------------
clk                  35.000000    0.000000 17.500000

===========================================================================
report_clock_latency
============================================================================
Clock clk
rise -> rise
    min     max
4.650000 5.570000 source latency
6.912867         network latency u_plic/_3266_/CLK
        9.831946 network latency u_dm/_09354_/CLK
---------------
11.562866 15.401947 latency
        3.839080 skew

fall -> rise
    min     max
4.650000 5.570000 source latency
11.242895         network latency u_ibex/_1186_/CLK
        12.179336 network latency u_ibex/_1194_/CLK
---------------
15.892895 17.749334 latency
        1.856440 skew

fall -> fall
    min     max
4.650000 5.570000 source latency
7.307826         network latency u_plic/_3266_/CLK
        12.041513 network latency u_ibex/_1194_/CLK
---------------
11.957826 17.611513 latency
        5.653687 skew



===========================================================================
report_clock_min_period
============================================================================
clk period_min = 15.24 fmax = 65.61
