
===========================================================================
Violator List
============================================================================
[hold reg-reg] u_fft/_12914_/Q -> u_fft_bank1/DI[1] : -2.284792
[hold reg-reg] u_fft/_12914_/Q -> u_fft_bank0/DI[1] : -2.277688
[hold reg-reg] u_fft/_12939_/Q -> u_fft_bank1/DI[26] : -2.237012
[hold reg-reg] u_fft/_12937_/Q -> u_fft_bank1/DI[24] : -2.235454
[hold reg-reg] u_fft/_12939_/Q -> u_fft_bank0/DI[26] : -2.229278
[hold reg-reg] u_fft/_12940_/Q -> u_fft_bank1/DI[27] : -2.228279
[hold reg-reg] u_fft/_12937_/Q -> u_fft_bank0/DI[24] : -2.227763
[hold reg-reg] u_fft/_12918_/Q -> u_fft_bank1/DI[5] : -2.226019
[hold reg-reg] u_fft/_12919_/Q -> u_fft_bank1/DI[6] : -2.224518
[hold reg-reg] u_fft/_12920_/Q -> u_fft_bank1/DI[7] : -2.222359
[hold reg-reg] u_fft/_12940_/Q -> u_fft_bank0/DI[27] : -2.220286
[hold reg-reg] u_fft/_12936_/Q -> u_fft_bank1/DI[23] : -2.219466
[hold reg-reg] u_fft/_12935_/Q -> u_fft_bank1/DI[22] : -2.218700
[hold reg-reg] u_fft/_12934_/Q -> u_fft_bank1/DI[21] : -2.218640
[hold reg-reg] u_fft/_12918_/Q -> u_fft_bank0/DI[5] : -2.218279
[hold reg-reg] u_fft/_12919_/Q -> u_fft_bank0/DI[6] : -2.217028
[hold reg-reg] u_fft/_12920_/Q -> u_fft_bank0/DI[7] : -2.214884
[hold reg-reg] u_fft/_12917_/Q -> u_fft_bank1/DI[4] : -2.213323
[hold reg-reg] u_fft/_12936_/Q -> u_fft_bank0/DI[23] : -2.211960
[hold reg-reg] u_fft/_12934_/Q -> u_fft_bank0/DI[21] : -2.211740
[hold reg-reg] u_fft/_12935_/Q -> u_fft_bank0/DI[22] : -2.211064
[hold reg-reg] u_fft/_12923_/Q -> u_fft_bank1/DI[10] : -2.209861
[hold reg-reg] u_fft/_12917_/Q -> u_fft_bank0/DI[4] : -2.205818
[hold reg-reg] u_fft/_12923_/Q -> u_fft_bank0/DI[10] : -2.202229
[hold reg-reg] u_fft/_12933_/Q -> u_fft_bank1/DI[20] : -2.198008
[hold reg-reg] u_fft/_12924_/Q -> u_fft_bank1/DI[11] : -2.194953
[hold reg-reg] u_fft/_12938_/Q -> u_fft_bank1/DI[25] : -2.194917
[hold reg-reg] u_fft/_12921_/Q -> u_fft_bank1/DI[8] : -2.193352
[hold reg-reg] u_fft/_12941_/Q -> u_fft_bank1/DI[28] : -2.193064
[hold reg-reg] u_fft/_12915_/Q -> u_fft_bank1/DI[2] : -2.191699
[hold reg-reg] u_fft/_12932_/Q -> u_fft_bank1/DI[19] : -2.191550
[hold reg-reg] u_fft/_12931_/Q -> u_fft_bank1/DI[18] : -2.190562
[hold reg-reg] u_fft/_12933_/Q -> u_fft_bank0/DI[20] : -2.190485
[hold reg-reg] u_fft/_12938_/Q -> u_fft_bank0/DI[25] : -2.187912
[hold reg-reg] u_fft/_12924_/Q -> u_fft_bank0/DI[11] : -2.187772
[hold reg-reg] u_fft/_12921_/Q -> u_fft_bank0/DI[8] : -2.187296
[hold reg-reg] u_fft/_12941_/Q -> u_fft_bank0/DI[28] : -2.185466
[hold reg-reg] u_fft/_12930_/Q -> u_fft_bank1/DI[17] : -2.185061
[hold reg-reg] u_fft/_12932_/Q -> u_fft_bank0/DI[19] : -2.184193
[hold reg-reg] u_fft/_12922_/Q -> u_fft_bank1/DI[9] : -2.184185
[hold reg-reg] u_fft/_12915_/Q -> u_fft_bank0/DI[2] : -2.184138
[hold reg-reg] u_fft/_12931_/Q -> u_fft_bank0/DI[18] : -2.182973
[hold reg-reg] u_fft/_12916_/Q -> u_fft_bank1/DI[3] : -2.180614
[hold reg-reg] u_fft/_12925_/Q -> u_fft_bank1/DI[12] : -2.180095
[hold reg-reg] u_fft/_12922_/Q -> u_fft_bank0/DI[9] : -2.178157
[hold reg-reg] u_fft/_12930_/Q -> u_fft_bank0/DI[17] : -2.177253
[hold reg-reg] u_fft/_12916_/Q -> u_fft_bank0/DI[3] : -2.173987
[hold reg-reg] u_fft/_12944_/Q -> u_fft_bank1/DI[31] : -2.173809
[hold reg-reg] u_fft/_12925_/Q -> u_fft_bank0/DI[12] : -2.172514
[hold reg-reg] u_fft/_12943_/Q -> u_fft_bank1/DI[30] : -2.171974
[hold reg-reg] u_fft/_12942_/Q -> u_fft_bank1/DI[29] : -2.171070
[hold reg-reg] u_fft/_12929_/Q -> u_fft_bank1/DI[16] : -2.170234
[hold reg-reg] u_fft/_12944_/Q -> u_fft_bank0/DI[31] : -2.166093
[hold reg-reg] u_fft/_12928_/Q -> u_fft_bank1/DI[15] : -2.165662
[hold reg-reg] u_fft/_12926_/Q -> u_fft_bank1/DI[13] : -2.165356
[hold reg-reg] u_fft/_12943_/Q -> u_fft_bank0/DI[30] : -2.163979
[hold reg-reg] u_fft/_12942_/Q -> u_fft_bank0/DI[29] : -2.163543
[hold reg-reg] u_fft/_12929_/Q -> u_fft_bank0/DI[16] : -2.162414
[hold reg-reg] u_fft/_12926_/Q -> u_fft_bank0/DI[13] : -2.159795
[hold reg-reg] u_fft/_12928_/Q -> u_fft_bank0/DI[15] : -2.158754
[hold reg-reg] u_fft/_12927_/Q -> u_fft_bank1/DI[14] : -2.142110
[hold reg-reg] u_fft/_12927_/Q -> u_fft_bank0/DI[14] : -2.134961
[hold reg-reg] u_fft/_12913_/Q -> u_fft_bank1/DI[0] : -2.118491
[hold reg-reg] u_fft/_12913_/Q -> u_fft_bank0/DI[0] : -2.110546
[hold reg-reg] u_fft/_13306_/Q -> u_fft_bank1/AD[5] : -1.982243
[hold reg-reg] u_fft/_13306_/Q -> u_fft_bank0/AD[5] : -1.976579
[hold reg-reg] u_fft/_13300_/Q -> u_fft_bank1/R_WB : -1.963114
[hold reg-reg] u_fft/_13309_/Q -> u_fft_bank1/AD[8] : -1.958917
[hold reg-reg] u_fft/_13300_/Q -> u_fft_bank0/R_WB : -1.956051
[hold reg-reg] u_fft/_13309_/Q -> u_fft_bank0/AD[8] : -1.952058
[hold reg-reg] u_fft/_13314_/Q -> u_fft_bank0/EN : -1.886646
[hold reg-reg] u_fft/_13310_/Q -> u_fft_bank1/AD[9] : -1.880597
[hold reg-reg] u_fft/_13310_/Q -> u_fft_bank0/AD[9] : -1.874445
[hold reg-reg] u_fft/_13307_/Q -> u_fft_bank1/AD[6] : -1.873181
[hold reg-reg] u_fft/_13307_/Q -> u_fft_bank0/AD[6] : -1.867019
[hold reg-reg] u_fft/_13304_/Q -> u_fft_bank1/AD[3] : -1.866654
[hold reg-reg] u_fft/_13304_/Q -> u_fft_bank0/AD[3] : -1.860207
[hold reg-reg] u_fft/_13305_/Q -> u_fft_bank1/AD[4] : -1.848614
[hold reg-reg] u_fft/_13302_/Q -> u_fft_bank1/AD[1] : -1.846561
[hold reg-reg] u_fft/_13303_/Q -> u_fft_bank1/AD[2] : -1.846405
[hold reg-reg] u_fft/_13305_/Q -> u_fft_bank0/AD[4] : -1.842450
[hold reg-reg] u_fft/_13302_/Q -> u_fft_bank0/AD[1] : -1.840420
[hold reg-reg] u_fft/_13303_/Q -> u_fft_bank0/AD[2] : -1.838758
[hold reg-reg] u_fft/_13308_/Q -> u_fft_bank1/AD[7] : -1.825088
[hold reg-reg] u_fft/_13308_/Q -> u_fft_bank0/AD[7] : -1.819434
[hold reg-reg] u_fft/_13301_/Q -> u_fft_bank1/AD[0] : -1.817277
[hold reg-reg] u_fft/_13301_/Q -> u_fft_bank0/AD[0] : -1.812157
[hold reg-reg] u_fft/_13314_/Q -> u_fft_bank1/EN : -1.668026
