
===========================================================================
report_checks -unconstrained
===========================================================================
======================= nom_tt_025C_1v80 Corner ===================================

Startpoint: tl_u_spi_host_i[65] (input port clocked by clk_i)
Endpoint: tl_host_o[1] (output port clocked by clk_i)
Path Group: clk_i
Path Type: max

Fanout         Cap        Slew       Delay        Time   Description
---------------------------------------------------------------------------------------------
                                  0.000000    0.000000   clock clk_i (rise edge)
                                  0.000000    0.000000   clock network delay (propagated)
                                  5.000000    5.000000 ^ input external delay
     2    0.004040    0.025114    0.014654    5.014654 ^ tl_u_spi_host_i[65] (in)
                                                         tl_u_spi_host_i[65] (net)
                      0.025114    0.000000    5.014654 ^ input293/A (sky130_fd_sc_hd__clkbuf_4)
     3    0.066002    0.201926    0.236888    5.251543 ^ input293/X (sky130_fd_sc_hd__clkbuf_4)
                                                         net293 (net)
                      0.203265    0.013247    5.264790 ^ fanout1295/A (sky130_fd_sc_hd__clkbuf_4)
     7    0.074704    0.226437    0.318189    5.582979 ^ fanout1295/X (sky130_fd_sc_hd__clkbuf_4)
                                                         net1295 (net)
                      0.226441    0.000798    5.583776 ^ fanout1294/A (sky130_fd_sc_hd__buf_6)
    13    0.128466    0.256014    0.273613    5.857389 ^ fanout1294/X (sky130_fd_sc_hd__buf_6)
                                                         net1294 (net)
                      0.264920    0.037601    5.894989 ^ fanout1293/A (sky130_fd_sc_hd__buf_4)
     9    0.092475    0.257087    0.320164    6.215154 ^ fanout1293/X (sky130_fd_sc_hd__buf_4)
                                                         net1293 (net)
                      0.259916    0.021712    6.236866 ^ fanout1292/A (sky130_fd_sc_hd__clkbuf_4)
    13    0.074805    0.226805    0.335487    6.572353 ^ fanout1292/X (sky130_fd_sc_hd__clkbuf_4)
                                                         net1292 (net)
                      0.226809    0.000813    6.573166 ^ fanout1291/A (sky130_fd_sc_hd__buf_2)
     9    0.047113    0.230286    0.294376    6.867542 ^ fanout1291/X (sky130_fd_sc_hd__buf_2)
                                                         net1291 (net)
                      0.230603    0.007033    6.874575 ^ _0324_/A_N (sky130_fd_sc_hd__and2b_1)
     3    0.020835    0.110165    0.282913    7.157488 v _0324_/X (sky130_fd_sc_hd__and2b_1)
                                                         _0060_ (net)
                      0.110213    0.002141    7.159629 v fanout1229/A (sky130_fd_sc_hd__clkbuf_8)
     7    0.111416    0.122706    0.245489    7.405118 v fanout1229/X (sky130_fd_sc_hd__clkbuf_8)
                                                         net1229 (net)
                      0.125279    0.014112    7.419230 v fanout1221/A (sky130_fd_sc_hd__buf_4)
     7    0.077771    0.106033    0.236852    7.656082 v fanout1221/X (sky130_fd_sc_hd__buf_4)
                                                         net1221 (net)
                      0.106050    0.000793    7.656875 v fanout1219/A (sky130_fd_sc_hd__buf_4)
    13    0.100353    0.130285    0.250658    7.907534 v fanout1219/X (sky130_fd_sc_hd__buf_4)
                                                         net1219 (net)
                      0.133572    0.016418    7.923952 v fanout1218/A (sky130_fd_sc_hd__buf_2)
    11    0.059729    0.142025    0.259305    8.183257 v fanout1218/X (sky130_fd_sc_hd__buf_2)
                                                         net1218 (net)
                      0.142646    0.007265    8.190522 v _0326_/B1 (sky130_fd_sc_hd__a221o_1)
     3    0.027650    0.161472    0.443688    8.634210 v _0326_/X (sky130_fd_sc_hd__a221o_1)
                                                         _0062_ (net)
                      0.161533    0.003008    8.637218 v _0330_/A2 (sky130_fd_sc_hd__o21a_1)
     1    0.004370    0.042081    0.218678    8.855896 v _0330_/X (sky130_fd_sc_hd__o21a_1)
                                                         _0066_ (net)
                      0.042081    0.000129    8.856025 v _0332_/C1 (sky130_fd_sc_hd__a221o_4)
     3    0.051477    0.130061    0.413396    9.269421 v _0332_/X (sky130_fd_sc_hd__a221o_4)
                                                         net441 (net)
                      0.131417    0.011206    9.280626 v output441/A (sky130_fd_sc_hd__buf_2)
     1    0.034886    0.091032    0.220089    9.500715 v output441/X (sky130_fd_sc_hd__buf_2)
                                                         tl_host_o[1] (net)
                      0.091040    0.000880    9.501595 v tl_host_o[1] (out)
                                              9.501595   data arrival time

                                 25.000000   25.000000   clock clk_i (rise edge)
                                  0.000000   25.000000   clock network delay (propagated)
                                 -0.250000   24.750000   clock uncertainty
                                  0.000000   24.750000   clock reconvergence pessimism
                                 -5.000000   19.750000   output external delay
                                             19.750000   data required time
---------------------------------------------------------------------------------------------
                                             19.750000   data required time
                                             -9.501595   data arrival time
---------------------------------------------------------------------------------------------
                                             10.248405   slack (MET)




===========================================================================
report_checks --slack_max -0.01
============================================================================
======================= nom_tt_025C_1v80 Corner ===================================

No paths found.


===========================================================================
 report_check_types -max_slew -max_cap -max_fanout -violators
============================================================================
======================= nom_tt_025C_1v80 Corner ===================================

max slew

Pin                                        Limit        Slew       Slack
------------------------------------------------------------------------
_0856_/A                                1.000000    1.149963   -0.149962 (VIOLATED)
ANTENNA__0856__A/DIODE                  1.000000    1.149961   -0.149961 (VIOLATED)
ANTENNA__1183__A/DIODE                  1.000000    1.148278   -0.148278 (VIOLATED)
_1183_/A                                1.000000    1.148276   -0.148277 (VIOLATED)
_0638_/A                                1.000000    1.145570   -0.145570 (VIOLATED)
ANTENNA__0638__A/DIODE                  1.000000    1.145569   -0.145569 (VIOLATED)
ANTENNA__0747__A/DIODE                  1.000000    1.144852   -0.144852 (VIOLATED)
_0747_/A                                1.000000    1.144845   -0.144845 (VIOLATED)
ANTENNA__0965__A/DIODE                  1.000000    1.144690   -0.144690 (VIOLATED)
_0965_/A                                1.000000    1.144690   -0.144690 (VIOLATED)
ANTENNA__1074__A/DIODE                  1.000000    1.144683   -0.144683 (VIOLATED)
_1074_/A                                1.000000    1.144683   -0.144683 (VIOLATED)
tl_host_i[52]                           1.000000    1.144648   -0.144648 (VIOLATED)

max fanout

Pin                                   Limit Fanout  Slack
---------------------------------------------------------
fanout1274/X                              6     16    -10 (VIOLATED)
fanout1228/X                              6     14     -8 (VIOLATED)
fanout1157/X                              6     13     -7 (VIOLATED)
fanout1160/X                              6     13     -7 (VIOLATED)
fanout1161/X                              6     13     -7 (VIOLATED)
fanout1163/X                              6     13     -7 (VIOLATED)
fanout1166/X                              6     13     -7 (VIOLATED)
fanout1167/X                              6     13     -7 (VIOLATED)
fanout1168/X                              6     13     -7 (VIOLATED)
fanout1169/X                              6     13     -7 (VIOLATED)
fanout1172/X                              6     13     -7 (VIOLATED)
fanout1173/X                              6     13     -7 (VIOLATED)
fanout1177/X                              6     13     -7 (VIOLATED)
fanout1180/X                              6     13     -7 (VIOLATED)
fanout1182/X                              6     13     -7 (VIOLATED)
fanout1183/X                              6     13     -7 (VIOLATED)
fanout1184/X                              6     13     -7 (VIOLATED)
fanout1186/X                              6     13     -7 (VIOLATED)
fanout1189/X                              6     13     -7 (VIOLATED)
fanout1192/X                              6     13     -7 (VIOLATED)
fanout1193/X                              6     13     -7 (VIOLATED)
fanout1195/X                              6     13     -7 (VIOLATED)
fanout1198/X                              6     13     -7 (VIOLATED)
fanout1199/X                              6     13     -7 (VIOLATED)
fanout1200/X                              6     13     -7 (VIOLATED)
fanout1201/X                              6     13     -7 (VIOLATED)
fanout1205/X                              6     13     -7 (VIOLATED)
fanout1206/X                              6     13     -7 (VIOLATED)
fanout1208/X                              6     13     -7 (VIOLATED)
fanout1209/X                              6     13     -7 (VIOLATED)
fanout1210/X                              6     13     -7 (VIOLATED)
fanout1212/X                              6     13     -7 (VIOLATED)
fanout1215/X                              6     13     -7 (VIOLATED)
fanout1217/X                              6     13     -7 (VIOLATED)
fanout1219/X                              6     13     -7 (VIOLATED)
fanout1220/X                              6     13     -7 (VIOLATED)
fanout1222/X                              6     13     -7 (VIOLATED)
fanout1223/X                              6     13     -7 (VIOLATED)
fanout1225/X                              6     13     -7 (VIOLATED)
fanout1226/X                              6     13     -7 (VIOLATED)
fanout1230/X                              6     13     -7 (VIOLATED)
fanout1233/X                              6     13     -7 (VIOLATED)
fanout1234/X                              6     13     -7 (VIOLATED)
fanout1237/X                              6     13     -7 (VIOLATED)
fanout1240/X                              6     13     -7 (VIOLATED)
fanout1241/X                              6     13     -7 (VIOLATED)
fanout1242/X                              6     13     -7 (VIOLATED)
fanout1243/X                              6     13     -7 (VIOLATED)
fanout1246/X                              6     13     -7 (VIOLATED)
fanout1247/X                              6     13     -7 (VIOLATED)
fanout1248/X                              6     13     -7 (VIOLATED)
fanout1251/X                              6     13     -7 (VIOLATED)
fanout1252/X                              6     13     -7 (VIOLATED)
fanout1253/X                              6     13     -7 (VIOLATED)
fanout1254/X                              6     13     -7 (VIOLATED)
fanout1255/X                              6     13     -7 (VIOLATED)
fanout1256/X                              6     13     -7 (VIOLATED)
fanout1257/X                              6     13     -7 (VIOLATED)
fanout1261/X                              6     13     -7 (VIOLATED)
fanout1264/X                              6     13     -7 (VIOLATED)
fanout1266/X                              6     13     -7 (VIOLATED)
fanout1267/X                              6     13     -7 (VIOLATED)
fanout1268/X                              6     13     -7 (VIOLATED)
fanout1270/X                              6     13     -7 (VIOLATED)
fanout1273/X                              6     13     -7 (VIOLATED)
fanout1275/X                              6     13     -7 (VIOLATED)
fanout1276/X                              6     13     -7 (VIOLATED)
fanout1277/X                              6     13     -7 (VIOLATED)
fanout1279/X                              6     13     -7 (VIOLATED)
fanout1280/X                              6     13     -7 (VIOLATED)
fanout1282/X                              6     13     -7 (VIOLATED)
fanout1284/X                              6     13     -7 (VIOLATED)
fanout1285/X                              6     13     -7 (VIOLATED)
fanout1287/X                              6     13     -7 (VIOLATED)
fanout1288/X                              6     13     -7 (VIOLATED)
fanout1290/X                              6     13     -7 (VIOLATED)
fanout1292/X                              6     13     -7 (VIOLATED)
fanout1294/X                              6     13     -7 (VIOLATED)
fanout1296/X                              6     13     -7 (VIOLATED)
fanout1297/X                              6     13     -7 (VIOLATED)
fanout1298/X                              6     13     -7 (VIOLATED)
fanout1299/X                              6     13     -7 (VIOLATED)
fanout1300/X                              6     13     -7 (VIOLATED)
fanout1301/X                              6     13     -7 (VIOLATED)
fanout1306/X                              6     13     -7 (VIOLATED)
fanout1307/X                              6     13     -7 (VIOLATED)
fanout1309/X                              6     13     -7 (VIOLATED)
fanout1312/X                              6     13     -7 (VIOLATED)
fanout1314/X                              6     13     -7 (VIOLATED)
fanout1315/X                              6     13     -7 (VIOLATED)
fanout1316/X                              6     13     -7 (VIOLATED)
fanout1317/X                              6     13     -7 (VIOLATED)
fanout1318/X                              6     13     -7 (VIOLATED)
fanout1319/X                              6     13     -7 (VIOLATED)
fanout1321/X                              6     13     -7 (VIOLATED)
fanout1322/X                              6     13     -7 (VIOLATED)
fanout1323/X                              6     13     -7 (VIOLATED)
fanout1324/X                              6     13     -7 (VIOLATED)
fanout1325/X                              6     13     -7 (VIOLATED)
fanout1326/X                              6     13     -7 (VIOLATED)
fanout1327/X                              6     13     -7 (VIOLATED)
wire1328/X                                6     13     -7 (VIOLATED)
wire1330/X                                6     13     -7 (VIOLATED)
tl_host_i[0]                              6     12     -6 (VIOLATED)
tl_host_i[100]                            6     12     -6 (VIOLATED)
tl_host_i[101]                            6     12     -6 (VIOLATED)
tl_host_i[102]                            6     12     -6 (VIOLATED)
tl_host_i[103]                            6     12     -6 (VIOLATED)
tl_host_i[104]                            6     12     -6 (VIOLATED)
tl_host_i[105]                            6     12     -6 (VIOLATED)
tl_host_i[106]                            6     12     -6 (VIOLATED)
tl_host_i[107]                            6     12     -6 (VIOLATED)
tl_host_i[108]                            6     12     -6 (VIOLATED)
tl_host_i[10]                             6     12     -6 (VIOLATED)
tl_host_i[11]                             6     12     -6 (VIOLATED)
tl_host_i[12]                             6     12     -6 (VIOLATED)
tl_host_i[13]                             6     12     -6 (VIOLATED)
tl_host_i[14]                             6     12     -6 (VIOLATED)
tl_host_i[15]                             6     12     -6 (VIOLATED)
tl_host_i[16]                             6     12     -6 (VIOLATED)
tl_host_i[17]                             6     12     -6 (VIOLATED)
tl_host_i[18]                             6     12     -6 (VIOLATED)
tl_host_i[19]                             6     12     -6 (VIOLATED)
tl_host_i[1]                              6     12     -6 (VIOLATED)
tl_host_i[20]                             6     12     -6 (VIOLATED)
tl_host_i[21]                             6     12     -6 (VIOLATED)
tl_host_i[22]                             6     12     -6 (VIOLATED)
tl_host_i[23]                             6     12     -6 (VIOLATED)
tl_host_i[24]                             6     12     -6 (VIOLATED)
tl_host_i[25]                             6     12     -6 (VIOLATED)
tl_host_i[26]                             6     12     -6 (VIOLATED)
tl_host_i[27]                             6     12     -6 (VIOLATED)
tl_host_i[28]                             6     12     -6 (VIOLATED)
tl_host_i[29]                             6     12     -6 (VIOLATED)
tl_host_i[2]                              6     12     -6 (VIOLATED)
tl_host_i[30]                             6     12     -6 (VIOLATED)
tl_host_i[31]                             6     12     -6 (VIOLATED)
tl_host_i[32]                             6     12     -6 (VIOLATED)
tl_host_i[33]                             6     12     -6 (VIOLATED)
tl_host_i[34]                             6     12     -6 (VIOLATED)
tl_host_i[35]                             6     12     -6 (VIOLATED)
tl_host_i[36]                             6     12     -6 (VIOLATED)
tl_host_i[37]                             6     12     -6 (VIOLATED)
tl_host_i[38]                             6     12     -6 (VIOLATED)
tl_host_i[39]                             6     12     -6 (VIOLATED)
tl_host_i[3]                              6     12     -6 (VIOLATED)
tl_host_i[40]                             6     12     -6 (VIOLATED)
tl_host_i[41]                             6     12     -6 (VIOLATED)
tl_host_i[42]                             6     12     -6 (VIOLATED)
tl_host_i[43]                             6     12     -6 (VIOLATED)
tl_host_i[44]                             6     12     -6 (VIOLATED)
tl_host_i[46]                             6     12     -6 (VIOLATED)
tl_host_i[47]                             6     12     -6 (VIOLATED)
tl_host_i[48]                             6     12     -6 (VIOLATED)
tl_host_i[49]                             6     12     -6 (VIOLATED)
tl_host_i[4]                              6     12     -6 (VIOLATED)
tl_host_i[50]                             6     12     -6 (VIOLATED)
tl_host_i[51]                             6     12     -6 (VIOLATED)
tl_host_i[52]                             6     12     -6 (VIOLATED)
tl_host_i[53]                             6     12     -6 (VIOLATED)
tl_host_i[54]                             6     12     -6 (VIOLATED)
tl_host_i[55]                             6     12     -6 (VIOLATED)
tl_host_i[56]                             6     12     -6 (VIOLATED)
tl_host_i[57]                             6     12     -6 (VIOLATED)
tl_host_i[58]                             6     12     -6 (VIOLATED)
tl_host_i[5]                              6     12     -6 (VIOLATED)
tl_host_i[60]                             6     12     -6 (VIOLATED)
tl_host_i[6]                              6     12     -6 (VIOLATED)
tl_host_i[8]                              6     12     -6 (VIOLATED)
tl_host_i[93]                             6     12     -6 (VIOLATED)
tl_host_i[94]                             6     12     -6 (VIOLATED)
tl_host_i[95]                             6     12     -6 (VIOLATED)
tl_host_i[96]                             6     12     -6 (VIOLATED)
tl_host_i[97]                             6     12     -6 (VIOLATED)
tl_host_i[98]                             6     12     -6 (VIOLATED)
tl_host_i[9]                              6     12     -6 (VIOLATED)
fanout1159/X                              6     11     -5 (VIOLATED)
fanout1162/X                              6     11     -5 (VIOLATED)
fanout1170/X                              6     11     -5 (VIOLATED)
fanout1174/X                              6     11     -5 (VIOLATED)
fanout1191/X                              6     11     -5 (VIOLATED)
fanout1194/X                              6     11     -5 (VIOLATED)
fanout1216/X                              6     11     -5 (VIOLATED)
fanout1218/X                              6     11     -5 (VIOLATED)
fanout1227/X                              6     11     -5 (VIOLATED)
fanout1232/X                              6     11     -5 (VIOLATED)
fanout1244/X                              6     11     -5 (VIOLATED)
fanout1249/X                              6     11     -5 (VIOLATED)
fanout1250/X                              6     11     -5 (VIOLATED)
fanout1258/X                              6     11     -5 (VIOLATED)
fanout1269/X                              6     11     -5 (VIOLATED)
fanout1281/X                              6     11     -5 (VIOLATED)
fanout1283/X                              6     11     -5 (VIOLATED)
fanout1308/X                              6     11     -5 (VIOLATED)
fanout1165/X                              6     10     -4 (VIOLATED)
_0257_/Y                                  6      9     -3 (VIOLATED)
_0309_/Y                                  6      9     -3 (VIOLATED)
fanout1164/X                              6      9     -3 (VIOLATED)
fanout1171/X                              6      9     -3 (VIOLATED)
fanout1175/X                              6      9     -3 (VIOLATED)
fanout1181/X                              6      9     -3 (VIOLATED)
fanout1196/X                              6      9     -3 (VIOLATED)
fanout1197/X                              6      9     -3 (VIOLATED)
fanout1202/X                              6      9     -3 (VIOLATED)
fanout1204/X                              6      9     -3 (VIOLATED)
fanout1207/X                              6      9     -3 (VIOLATED)
fanout1211/X                              6      9     -3 (VIOLATED)
fanout1214/X                              6      9     -3 (VIOLATED)
fanout1236/X                              6      9     -3 (VIOLATED)
fanout1238/X                              6      9     -3 (VIOLATED)
fanout1239/X                              6      9     -3 (VIOLATED)
fanout1245/X                              6      9     -3 (VIOLATED)
fanout1259/X                              6      9     -3 (VIOLATED)
fanout1265/X                              6      9     -3 (VIOLATED)
fanout1278/X                              6      9     -3 (VIOLATED)
fanout1291/X                              6      9     -3 (VIOLATED)
fanout1293/X                              6      9     -3 (VIOLATED)
fanout1303/X                              6      9     -3 (VIOLATED)
fanout1313/X                              6      9     -3 (VIOLATED)
input1/X                                  6      9     -3 (VIOLATED)
load_slew1329/X                           6      9     -3 (VIOLATED)
load_slew1331/X                           6      9     -3 (VIOLATED)
_0275_/Y                                  6      7        (VIOLATED)
fanout1176/X                              6      7        (VIOLATED)
fanout1178/X                              6      7        (VIOLATED)
fanout1179/X                              6      7        (VIOLATED)
fanout1185/X                              6      7        (VIOLATED)
fanout1187/X                              6      7        (VIOLATED)
fanout1188/X                              6      7        (VIOLATED)
fanout1203/X                              6      7        (VIOLATED)
fanout1213/X                              6      7        (VIOLATED)
fanout1221/X                              6      7        (VIOLATED)
fanout1224/X                              6      7        (VIOLATED)
fanout1229/X                              6      7        (VIOLATED)
fanout1235/X                              6      7        (VIOLATED)
fanout1260/X                              6      7        (VIOLATED)
fanout1262/X                              6      7        (VIOLATED)
fanout1263/X                              6      7        (VIOLATED)
fanout1271/X                              6      7        (VIOLATED)
fanout1272/X                              6      7        (VIOLATED)
fanout1286/X                              6      7        (VIOLATED)
fanout1289/X                              6      7        (VIOLATED)
fanout1295/X                              6      7        (VIOLATED)
fanout1304/X                              6      7        (VIOLATED)
fanout1305/X                              6      7        (VIOLATED)
fanout1310/X                              6      7        (VIOLATED)
fanout1311/X                              6      7        (VIOLATED)
fanout1320/X                              6      7        (VIOLATED)
input14/X                                 6      7        (VIOLATED)
input15/X                                 6      7        (VIOLATED)
input16/X                                 6      7        (VIOLATED)
input19/X                                 6      7        (VIOLATED)
input20/X                                 6      7        (VIOLATED)
input21/X                                 6      7        (VIOLATED)
input26/X                                 6      7        (VIOLATED)
input27/X                                 6      7        (VIOLATED)
input28/X                                 6      7        (VIOLATED)
input31/X                                 6      7        (VIOLATED)
input32/X                                 6      7        (VIOLATED)
input33/X                                 6      7        (VIOLATED)

max capacitance

Pin                                        Limit         Cap       Slack
------------------------------------------------------------------------
tl_host_i[52]                           0.200000    0.255880   -0.055880 (VIOLATED)
wire1330/X                              0.200000    0.237596   -0.037596 (VIOLATED)
wire1328/X                              0.200000    0.225953   -0.025953 (VIOLATED)
fanout1250/X                            0.200000    0.222266   -0.022266 (VIOLATED)
load_slew1331/X                         0.200000    0.208283   -0.008283 (VIOLATED)
load_slew1329/X                         0.200000    0.207105   -0.007105 (VIOLATED)



===========================================================================
report_parasitic_annotation -report_unannotated
============================================================================
Found 2 unannotated drivers.
 clk_i
 rst_ni
Found 0 partially unannotated drivers.

===========================================================================
max slew violation count 13
max fanout violation count 260
max cap violation count 6
============================================================================

===========================================================================
check_setup -verbose -unconstrained_endpoints -multiple_clock -no_clock -no_input_delay -loops -generated_clocks
===========================================================================
