┏━━━━━━━┳━━━━━━━━━┳━━━━━━━━━━┳━━━━━━━━━┳━━━━━━━━━━━━━━┳━━━━━━━┓
┃ P / R ┃ Partial ┃ Required ┃ Net     ┃ Pin          ┃ Layer ┃
┡━━━━━━━╇━━━━━━━━━╇━━━━━━━━━━╇━━━━━━━━━╇━━━━━━━━━━━━━━╇━━━━━━━┩
│ 3.83  │ 1533.71 │ 400.00   │ net1303 │ hold2276/A   │ met3  │
│ 3.21  │ 1282.16 │ 400.00   │ net679  │ _6435_/C     │ met3  │
│ 2.14  │ 856.17  │ 400.00   │ net875  │ _6440_/C     │ met3  │
│ 2.14  │ 856.17  │ 400.00   │ net875  │ fanout874/A  │ met3  │
│ 2.00  │ 800.44  │ 400.00   │ net1623 │ _4912_/A1    │ met3  │
│ 1.93  │ 771.24  │ 400.00   │ net3713 │ _7543_/D     │ met3  │
│ 1.76  │ 705.37  │ 400.00   │ net4042 │ _6919_/A0    │ met3  │
│ 1.76  │ 705.37  │ 400.00   │ net4042 │ _7119_/A1    │ met3  │
│ 1.60  │ 639.36  │ 400.00   │ net3982 │ fanout1303/A │ met3  │
│ 1.50  │ 601.84  │ 400.00   │ _1946_  │ _4571_/D     │ met3  │
│ 1.41  │ 562.13  │ 400.00   │ net7543 │ _5591_/B1    │ met3  │
│ 1.37  │ 546.83  │ 400.00   │ net1628 │ _5398_/A     │ met2  │
│ 1.35  │ 540.96  │ 400.00   │ net137  │ output137/A  │ met2  │
│ 1.34  │ 537.33  │ 400.00   │ net4043 │ _6947_/B     │ met3  │
│ 1.28  │ 512.17  │ 400.00   │ _1779_  │ _4397_/B2    │ met1  │
│ 1.16  │ 463.78  │ 400.00   │ _2155_  │ fanout527/A  │ met1  │
│ 1.14  │ 455.08  │ 400.00   │ _2116_  │ _4751_/A2    │ met3  │
│ 1.12  │ 448.54  │ 400.00   │ net611  │ _6516_/A     │ met3  │
│ 1.12  │ 448.54  │ 400.00   │ net611  │ _6705_/C     │ met3  │
│ 1.08  │ 431.29  │ 400.00   │ _2845_  │ _5641_/A2    │ met3  │
│ 1.03  │ 411.02  │ 400.00   │ net500  │ _5981_/B1    │ met3  │
│ 1.03  │ 411.02  │ 400.00   │ net500  │ fanout499/A  │ met3  │
│ 1.02  │ 408.39  │ 400.00   │ net3933 │ fanout949/A  │ met3  │
│ 1.01  │ 404.53  │ 400.00   │ _3199_  │ _6003_/B2    │ met3  │
└───────┴─────────┴──────────┴─────────┴──────────────┴───────┘
