
===========================================================================
report_checks -unconstrained
===========================================================================
======================= min_tt_025C_1v80 Corner ===================================

Startpoint: rst_ni (input port clocked by clk_i)
Endpoint: _7547_ (recovery check against rising-edge clock clk_i)
Path Group: asynchronous
Path Type: max

Fanout         Cap        Slew       Delay        Time   Description
---------------------------------------------------------------------------------------------
                                  0.000000    0.000000   clock clk_i (rise edge)
                                  0.000000    0.000000   clock network delay (propagated)
                                  5.000000    5.000000 ^ input external delay
     1    0.002701    0.019310    0.009950    5.009950 ^ rst_ni (in)
                                                         rst_ni (net)
                      0.019310    0.000000    5.009950 ^ input6/A (sky130_fd_sc_hd__buf_1)
     1    0.012744    0.155838    0.150115    5.160065 ^ input6/X (sky130_fd_sc_hd__buf_1)
                                                         net6 (net)
                      0.155842    0.000689    5.160754 ^ fanout1558/A (sky130_fd_sc_hd__buf_4)
     4    0.084553    0.235734    0.278255    5.439009 ^ fanout1558/X (sky130_fd_sc_hd__buf_4)
                                                         net1558 (net)
                      0.236886    0.013478    5.452487 ^ fanout1557/A (sky130_fd_sc_hd__clkbuf_2)
     4    0.051441    0.279235    0.326493    5.778980 ^ fanout1557/X (sky130_fd_sc_hd__clkbuf_2)
                                                         net1557 (net)
                      0.279270    0.002572    5.781551 ^ fanout1538/A (sky130_fd_sc_hd__dlymetal6s2s_1)
     3    0.026934    0.279500    0.312166    6.093717 ^ fanout1538/X (sky130_fd_sc_hd__dlymetal6s2s_1)
                                                         net1538 (net)
                      0.279503    0.000757    6.094474 ^ fanout1536/A (sky130_fd_sc_hd__buf_2)
     4    0.042658    0.210137    0.296061    6.390534 ^ fanout1536/X (sky130_fd_sc_hd__buf_2)
                                                         net1536 (net)
                      0.210137    0.000664    6.391199 ^ fanout1528/A (sky130_fd_sc_hd__buf_2)
     6    0.065601    0.318069    0.352858    6.744057 ^ fanout1528/X (sky130_fd_sc_hd__buf_2)
                                                         net1528 (net)
                      0.318072    0.000808    6.744865 ^ fanout1527/A (sky130_fd_sc_hd__buf_1)
     3    0.032901    0.384644    0.365431    7.110296 ^ fanout1527/X (sky130_fd_sc_hd__buf_1)
                                                         net1527 (net)
                      0.384646    0.000788    7.111084 ^ fanout1524/A (sky130_fd_sc_hd__clkbuf_2)
     6    0.039102    0.214873    0.310238    7.421322 ^ fanout1524/X (sky130_fd_sc_hd__clkbuf_2)
                                                         net1524 (net)
                      0.214873    0.000432    7.421754 ^ fanout1523/A (sky130_fd_sc_hd__clkbuf_2)
     6    0.043365    0.237011    0.290712    7.712466 ^ fanout1523/X (sky130_fd_sc_hd__clkbuf_2)
                                                         net1523 (net)
                      0.237081    0.003368    7.715835 ^ _7547_/RESET_B (sky130_fd_sc_hd__dfrtp_1)
                                              7.715835   data arrival time

                                 25.000000   25.000000   clock clk_i (rise edge)
                                  0.000000   25.000000   clock source latency
     2    0.080017    0.363139    0.252205   25.252205 ^ clk_i (in)
                                                         clk_i (net)
                      0.363190    0.000000   25.252205 ^ clkbuf_0_clk_i/A (sky130_fd_sc_hd__clkbuf_16)
     8    0.160049    0.173290    0.319806   25.572012 ^ clkbuf_0_clk_i/X (sky130_fd_sc_hd__clkbuf_16)
                                                         clknet_0_clk_i (net)
                      0.173307    0.001835   25.573847 ^ clkbuf_3_1_0_clk_i/A (sky130_fd_sc_hd__clkbuf_8)
     2    0.036687    0.077587    0.197259   25.771105 ^ clkbuf_3_1_0_clk_i/X (sky130_fd_sc_hd__clkbuf_8)
                                                         clknet_3_1_0_clk_i (net)
                      0.077588    0.000448   25.771553 ^ clkbuf_4_3__f_clk_i/A (sky130_fd_sc_hd__clkbuf_16)
     9    0.078426    0.095207    0.181846   25.953398 ^ clkbuf_4_3__f_clk_i/X (sky130_fd_sc_hd__clkbuf_16)
                                                         clknet_4_3__leaf_clk_i (net)
                      0.095358    0.002544   25.955942 ^ clkbuf_leaf_65_clk_i/A (sky130_fd_sc_hd__clkbuf_8)
     5    0.030824    0.067547    0.164022   26.119965 ^ clkbuf_leaf_65_clk_i/X (sky130_fd_sc_hd__clkbuf_8)
                                                         clknet_leaf_65_clk_i (net)
                      0.067547    0.000169   26.120132 ^ _7547_/CLK (sky130_fd_sc_hd__dfrtp_1)
                                 -0.250000   25.870134   clock uncertainty
                                  0.000000   25.870134   clock reconvergence pessimism
                                  0.187692   26.057825   library recovery time
                                             26.057825   data required time
---------------------------------------------------------------------------------------------
                                             26.057825   data required time
                                             -7.715835   data arrival time
---------------------------------------------------------------------------------------------
                                             18.341990   slack (MET)


Startpoint: _8093_ (rising edge-triggered flip-flop clocked by clk_i)
Endpoint: _7958_ (rising edge-triggered flip-flop clocked by clk_i)
Path Group: clk_i
Path Type: max

Fanout         Cap        Slew       Delay        Time   Description
---------------------------------------------------------------------------------------------
                                  0.000000    0.000000   clock clk_i (rise edge)
                                  0.000000    0.000000   clock source latency
     2    0.080017    0.363139    0.252206    0.252206 ^ clk_i (in)
                                                         clk_i (net)
                      0.363190    0.000000    0.252206 ^ clkbuf_0_clk_i/A (sky130_fd_sc_hd__clkbuf_16)
     8    0.160049    0.173290    0.319807    0.572012 ^ clkbuf_0_clk_i/X (sky130_fd_sc_hd__clkbuf_16)
                                                         clknet_0_clk_i (net)
                      0.173312    0.002029    0.574042 ^ clkbuf_3_4_0_clk_i/A (sky130_fd_sc_hd__clkbuf_8)
     2    0.033643    0.072784    0.193454    0.767496 ^ clkbuf_3_4_0_clk_i/X (sky130_fd_sc_hd__clkbuf_8)
                                                         clknet_3_4_0_clk_i (net)
                      0.072796    0.000928    0.768424 ^ clkbuf_4_9__f_clk_i/A (sky130_fd_sc_hd__clkbuf_16)
    11    0.098996    0.114681    0.194937    0.963361 ^ clkbuf_4_9__f_clk_i/X (sky130_fd_sc_hd__clkbuf_16)
                                                         clknet_4_9__leaf_clk_i (net)
                      0.114796    0.002209    0.965570 ^ clkbuf_leaf_97_clk_i/A (sky130_fd_sc_hd__clkbuf_8)
     9    0.042920    0.086606    0.185994    1.151564 ^ clkbuf_leaf_97_clk_i/X (sky130_fd_sc_hd__clkbuf_8)
                                                         clknet_leaf_97_clk_i (net)
                      0.086606    0.000274    1.151838 ^ _8093_/CLK (sky130_fd_sc_hd__dfrtp_1)
     1    0.002526    0.043064    0.327195    1.479033 ^ _8093_/Q (sky130_fd_sc_hd__dfrtp_1)
                                                         uart_core.uart_rx.sreg_q[6] (net)
                      0.043064    0.000017    1.479050 ^ hold5603/A (sky130_fd_sc_hd__dlygate4sd3_1)
     1    0.003467    0.058701    0.540365    2.019414 ^ hold5603/X (sky130_fd_sc_hd__dlygate4sd3_1)
                                                         net7310 (net)
                      0.058701    0.000050    2.019464 ^ hold1576/A (sky130_fd_sc_hd__dlygate4sd3_1)
     2    0.010055    0.116384    0.594842    2.614306 ^ hold1576/X (sky130_fd_sc_hd__dlygate4sd3_1)
                                                         net3283 (net)
                      0.116384    0.000059    2.614365 ^ hold5604/A (sky130_fd_sc_hd__dlygate4sd3_1)
     2    0.017920    0.188951    0.665179    3.279545 ^ hold5604/X (sky130_fd_sc_hd__dlygate4sd3_1)
                                                         net7311 (net)
                      0.188951    0.000663    3.280207 ^ fanout1128/A (sky130_fd_sc_hd__clkbuf_2)
     6    0.044096    0.240105    0.286478    3.566685 ^ fanout1128/X (sky130_fd_sc_hd__clkbuf_2)
                                                         net1128 (net)
                      0.240189    0.003722    3.570408 ^ _5477_/B (sky130_fd_sc_hd__nand2_1)
     1    0.003460    0.059102    0.090815    3.661222 v _5477_/Y (sky130_fd_sc_hd__nand2_1)
                                                         _2704_ (net)
                      0.059102    0.000051    3.661274 v hold2367/A (sky130_fd_sc_hd__dlygate4sd3_1)
     2    0.009282    0.083532    0.596917    4.258190 v hold2367/X (sky130_fd_sc_hd__dlygate4sd3_1)
                                                         net4074 (net)
                      0.083532    0.000198    4.258389 v _5479_/D (sky130_fd_sc_hd__nand4_1)
     1    0.005841    0.098063    0.120155    4.378543 ^ _5479_/Y (sky130_fd_sc_hd__nand4_1)
                                                         _2706_ (net)
                      0.098063    0.000148    4.378691 ^ hold2368/A (sky130_fd_sc_hd__dlygate4sd3_1)
     1    0.006764    0.087531    0.581902    4.960593 ^ hold2368/X (sky130_fd_sc_hd__dlygate4sd3_1)
                                                         net4075 (net)
                      0.087531    0.000172    4.960765 ^ _5480_/B (sky130_fd_sc_hd__nand2b_1)
     1    0.008112    0.074972    0.091160    5.051925 v _5480_/Y (sky130_fd_sc_hd__nand2b_1)
                                                         _2707_ (net)
                      0.074972    0.000163    5.052087 v hold2369/A (sky130_fd_sc_hd__dlygate4sd3_1)
     1    0.006230    0.069859    0.585079    5.637167 v hold2369/X (sky130_fd_sc_hd__dlygate4sd3_1)
                                                         net4076 (net)
                      0.069859    0.000092    5.637259 v _5492_/A (sky130_fd_sc_hd__xnor2_1)
     1    0.005332    0.061919    0.145131    5.782389 v _5492_/Y (sky130_fd_sc_hd__xnor2_1)
                                                         _2719_ (net)
                      0.061919    0.000123    5.782512 v hold2370/A (sky130_fd_sc_hd__dlygate4sd3_1)
     2    0.024209    0.146465    0.666233    6.448745 v hold2370/X (sky130_fd_sc_hd__dlygate4sd3_1)
                                                         net4077 (net)
                      0.146466    0.000800    6.449545 v _5493_/A (sky130_fd_sc_hd__nand3_1)
     1    0.012407    0.154562    0.171093    6.620638 ^ _5493_/Y (sky130_fd_sc_hd__nand3_1)
                                                         _2720_ (net)
                      0.154562    0.000533    6.621171 ^ hold2371/A (sky130_fd_sc_hd__dlygate4sd3_1)
     3    0.017481    0.184838    0.670868    7.292039 ^ hold2371/X (sky130_fd_sc_hd__dlygate4sd3_1)
                                                         net4078 (net)
                      0.184838    0.000302    7.292340 ^ _6071_/A (sky130_fd_sc_hd__and4_1)
     1    0.032299    0.311761    0.404830    7.697170 ^ _6071_/X (sky130_fd_sc_hd__and4_1)
                                                         _3238_ (net)
                      0.311761    0.001066    7.698236 ^ fanout485/A (sky130_fd_sc_hd__buf_2)
     6    0.058615    0.285561    0.354288    8.052525 ^ fanout485/X (sky130_fd_sc_hd__buf_2)
                                                         net485 (net)
                      0.285561    0.000858    8.053382 ^ fanout484/A (sky130_fd_sc_hd__buf_1)
     3    0.032052    0.375118    0.356200    8.409582 ^ fanout484/X (sky130_fd_sc_hd__buf_1)
                                                         net484 (net)
                      0.375131    0.001866    8.411448 ^ fanout483/A (sky130_fd_sc_hd__clkbuf_2)
     6    0.049875    0.271174    0.347385    8.758834 ^ fanout483/X (sky130_fd_sc_hd__clkbuf_2)
                                                         net483 (net)
                      0.271174    0.000694    8.759527 ^ fanout482/A (sky130_fd_sc_hd__clkbuf_2)
     6    0.039242    0.215486    0.291140    9.050667 ^ fanout482/X (sky130_fd_sc_hd__clkbuf_2)
                                                         net482 (net)
                      0.215596    0.002404    9.053071 ^ fanout481/A (sky130_fd_sc_hd__clkbuf_2)
     6    0.031589    0.175693    0.249273    9.302344 ^ fanout481/X (sky130_fd_sc_hd__clkbuf_2)
                                                         net481 (net)
                      0.175706    0.001628    9.303972 ^ _6487_/B1 (sky130_fd_sc_hd__o21a_1)
     1    0.019018    0.187543    0.251137    9.555109 ^ _6487_/X (sky130_fd_sc_hd__o21a_1)
                                                         _3390_ (net)
                      0.187543    0.000366    9.555475 ^ fanout373/A (sky130_fd_sc_hd__clkbuf_2)
     5    0.066323    0.357514    0.366941    9.922416 ^ fanout373/X (sky130_fd_sc_hd__clkbuf_2)
                                                         net373 (net)
                      0.357536    0.002369    9.924785 ^ fanout352/A (sky130_fd_sc_hd__buf_1)
     3    0.026400    0.310867    0.317005   10.241790 ^ fanout352/X (sky130_fd_sc_hd__buf_1)
                                                         net352 (net)
                      0.310870    0.000739   10.242529 ^ fanout337/A (sky130_fd_sc_hd__buf_1)
     3    0.018898    0.225767    0.254603   10.497132 ^ fanout337/X (sky130_fd_sc_hd__buf_1)
                                                         net337 (net)
                      0.225767    0.000272   10.497404 ^ fanout336/A (sky130_fd_sc_hd__clkbuf_2)
     6    0.033771    0.186642    0.260554   10.757958 ^ fanout336/X (sky130_fd_sc_hd__clkbuf_2)
                                                         net336 (net)
                      0.186643    0.000822   10.758780 ^ fanout335/A (sky130_fd_sc_hd__dlymetal6s2s_1)
     4    0.032039    0.326103    0.326665   11.085444 ^ fanout335/X (sky130_fd_sc_hd__dlymetal6s2s_1)
                                                         net335 (net)
                      0.326105    0.000675   11.086120 ^ _6642_/C (sky130_fd_sc_hd__and3_1)
     3    0.027236    0.271785    0.370137   11.456257 ^ _6642_/X (sky130_fd_sc_hd__and3_1)
                                                         _3409_ (net)
                      0.271787    0.001301   11.457558 ^ fanout250/A (sky130_fd_sc_hd__buf_2)
     6    0.044337    0.218001    0.299763   11.757320 ^ fanout250/X (sky130_fd_sc_hd__buf_2)
                                                         net250 (net)
                      0.218009    0.001603   11.758924 ^ _6643_/S (sky130_fd_sc_hd__mux2_1)
     1    0.011135    0.093384    0.397437   12.156361 v _6643_/X (sky130_fd_sc_hd__mux2_1)
                                                         _0604_ (net)
                      0.093384    0.000192   12.156552 v hold4871/A (sky130_fd_sc_hd__dlygate4sd3_1)
     1    0.008344    0.080140    0.607024   12.763577 v hold4871/X (sky130_fd_sc_hd__dlygate4sd3_1)
                                                         net6578 (net)
                      0.080140    0.000245   12.763822 v hold1167/A (sky130_fd_sc_hd__dlygate4sd3_1)
     1    0.003460    0.057138    0.569420   13.333241 v hold1167/X (sky130_fd_sc_hd__dlygate4sd3_1)
                                                         net2874 (net)
                      0.057138    0.000050   13.333291 v hold4872/A (sky130_fd_sc_hd__dlygate4sd3_1)
     1    0.006602    0.071665    0.579428   13.912720 v hold4872/X (sky130_fd_sc_hd__dlygate4sd3_1)
                                                         net6579 (net)
                      0.071665    0.000180   13.912900 v _7958_/D (sky130_fd_sc_hd__dfxtp_1)
                                             13.912900   data arrival time

                                 25.000000   25.000000   clock clk_i (rise edge)
                                  0.000000   25.000000   clock source latency
     2    0.080017    0.363139    0.252205   25.252205 ^ clk_i (in)
                                                         clk_i (net)
                      0.363190    0.000000   25.252205 ^ clkbuf_0_clk_i/A (sky130_fd_sc_hd__clkbuf_16)
     8    0.160049    0.173290    0.319806   25.572012 ^ clkbuf_0_clk_i/X (sky130_fd_sc_hd__clkbuf_16)
                                                         clknet_0_clk_i (net)
                      0.173310    0.001981   25.573992 ^ clkbuf_3_0_0_clk_i/A (sky130_fd_sc_hd__clkbuf_8)
     2    0.035777    0.076076    0.196099   25.770090 ^ clkbuf_3_0_0_clk_i/X (sky130_fd_sc_hd__clkbuf_8)
                                                         clknet_3_0_0_clk_i (net)
                      0.076087    0.000927   25.771019 ^ clkbuf_4_1__f_clk_i/A (sky130_fd_sc_hd__clkbuf_16)
     9    0.080236    0.096904    0.182768   25.953785 ^ clkbuf_4_1__f_clk_i/X (sky130_fd_sc_hd__clkbuf_16)
                                                         clknet_4_1__leaf_clk_i (net)
                      0.096907    0.000766   25.954552 ^ clkbuf_leaf_26_clk_i/A (sky130_fd_sc_hd__clkbuf_8)
     8    0.031922    0.069331    0.166111   26.120663 ^ clkbuf_leaf_26_clk_i/X (sky130_fd_sc_hd__clkbuf_8)
                                                         clknet_leaf_26_clk_i (net)
                      0.069331    0.000149   26.120811 ^ _7958_/CLK (sky130_fd_sc_hd__dfxtp_1)
                                 -0.250000   25.870811   clock uncertainty
                                  0.000000   25.870811   clock reconvergence pessimism
                                 -0.116538   25.754274   library setup time
                                             25.754274   data required time
---------------------------------------------------------------------------------------------
                                             25.754274   data required time
                                            -13.912900   data arrival time
---------------------------------------------------------------------------------------------
                                             11.841374   slack (MET)




===========================================================================
report_checks --slack_max -0.01
============================================================================
======================= min_tt_025C_1v80 Corner ===================================

No paths found.


===========================================================================
 report_check_types -max_slew -max_cap -max_fanout -violators
============================================================================
======================= min_tt_025C_1v80 Corner ===================================

max fanout

Pin                                   Limit Fanout  Slack
---------------------------------------------------------
clkbuf_leaf_19_clk_i/X                    6     14     -8 (VIOLATED)
clkbuf_leaf_21_clk_i/X                    6     14     -8 (VIOLATED)
clkbuf_leaf_28_clk_i/X                    6     14     -8 (VIOLATED)
clkbuf_leaf_59_clk_i/X                    6     14     -8 (VIOLATED)
clkbuf_4_10__f_clk_i/X                    6     13     -7 (VIOLATED)
clkbuf_leaf_107_clk_i/X                   6     13     -7 (VIOLATED)
clkbuf_leaf_127_clk_i/X                   6     13     -7 (VIOLATED)
clkbuf_leaf_133_clk_i/X                   6     13     -7 (VIOLATED)
clkbuf_leaf_30_clk_i/X                    6     13     -7 (VIOLATED)
clkbuf_4_4__f_clk_i/X                     6     12     -6 (VIOLATED)
clkbuf_4_5__f_clk_i/X                     6     12     -6 (VIOLATED)
clkbuf_leaf_118_clk_i/X                   6     12     -6 (VIOLATED)
clkbuf_leaf_121_clk_i/X                   6     12     -6 (VIOLATED)
clkbuf_leaf_130_clk_i/X                   6     12     -6 (VIOLATED)
clkbuf_leaf_147_clk_i/X                   6     12     -6 (VIOLATED)
clkbuf_leaf_27_clk_i/X                    6     12     -6 (VIOLATED)
clkbuf_leaf_29_clk_i/X                    6     12     -6 (VIOLATED)
clkbuf_leaf_2_clk_i/X                     6     12     -6 (VIOLATED)
fanout666/X                               6     12     -6 (VIOLATED)
clkbuf_4_15__f_clk_i/X                    6     11     -5 (VIOLATED)
clkbuf_4_9__f_clk_i/X                     6     11     -5 (VIOLATED)
clkbuf_leaf_104_clk_i/X                   6     11     -5 (VIOLATED)
clkbuf_leaf_110_clk_i/X                   6     11     -5 (VIOLATED)
clkbuf_leaf_122_clk_i/X                   6     11     -5 (VIOLATED)
clkbuf_leaf_129_clk_i/X                   6     11     -5 (VIOLATED)
clkbuf_leaf_142_clk_i/X                   6     11     -5 (VIOLATED)
clkbuf_leaf_1_clk_i/X                     6     11     -5 (VIOLATED)
clkbuf_leaf_38_clk_i/X                    6     11     -5 (VIOLATED)
clkbuf_leaf_45_clk_i/X                    6     11     -5 (VIOLATED)
clkbuf_leaf_5_clk_i/X                     6     11     -5 (VIOLATED)
clkbuf_leaf_66_clk_i/X                    6     11     -5 (VIOLATED)
clkbuf_leaf_6_clk_i/X                     6     11     -5 (VIOLATED)
clkbuf_leaf_86_clk_i/X                    6     11     -5 (VIOLATED)
clkbuf_4_14__f_clk_i/X                    6     10     -4 (VIOLATED)
clkbuf_4_6__f_clk_i/X                     6     10     -4 (VIOLATED)
clkbuf_leaf_109_clk_i/X                   6     10     -4 (VIOLATED)
clkbuf_leaf_10_clk_i/X                    6     10     -4 (VIOLATED)
clkbuf_leaf_111_clk_i/X                   6     10     -4 (VIOLATED)
clkbuf_leaf_114_clk_i/X                   6     10     -4 (VIOLATED)
clkbuf_leaf_11_clk_i/X                    6     10     -4 (VIOLATED)
clkbuf_leaf_128_clk_i/X                   6     10     -4 (VIOLATED)
clkbuf_leaf_12_clk_i/X                    6     10     -4 (VIOLATED)
clkbuf_leaf_135_clk_i/X                   6     10     -4 (VIOLATED)
clkbuf_leaf_136_clk_i/X                   6     10     -4 (VIOLATED)
clkbuf_leaf_138_clk_i/X                   6     10     -4 (VIOLATED)
clkbuf_leaf_139_clk_i/X                   6     10     -4 (VIOLATED)
clkbuf_leaf_13_clk_i/X                    6     10     -4 (VIOLATED)
clkbuf_leaf_14_clk_i/X                    6     10     -4 (VIOLATED)
clkbuf_leaf_35_clk_i/X                    6     10     -4 (VIOLATED)
clkbuf_leaf_37_clk_i/X                    6     10     -4 (VIOLATED)
clkbuf_leaf_41_clk_i/X                    6     10     -4 (VIOLATED)
clkbuf_leaf_43_clk_i/X                    6     10     -4 (VIOLATED)
clkbuf_leaf_48_clk_i/X                    6     10     -4 (VIOLATED)
clkbuf_leaf_56_clk_i/X                    6     10     -4 (VIOLATED)
clkbuf_leaf_57_clk_i/X                    6     10     -4 (VIOLATED)
clkbuf_leaf_62_clk_i/X                    6     10     -4 (VIOLATED)
clkbuf_leaf_63_clk_i/X                    6     10     -4 (VIOLATED)
clkbuf_leaf_8_clk_i/X                     6     10     -4 (VIOLATED)
clkbuf_leaf_98_clk_i/X                    6     10     -4 (VIOLATED)
hold2207/X                                6     10     -4 (VIOLATED)
clkbuf_4_0__f_clk_i/X                     6      9     -3 (VIOLATED)
clkbuf_4_11__f_clk_i/X                    6      9     -3 (VIOLATED)
clkbuf_4_13__f_clk_i/X                    6      9     -3 (VIOLATED)
clkbuf_4_1__f_clk_i/X                     6      9     -3 (VIOLATED)
clkbuf_4_3__f_clk_i/X                     6      9     -3 (VIOLATED)
clkbuf_4_8__f_clk_i/X                     6      9     -3 (VIOLATED)
clkbuf_leaf_102_clk_i/X                   6      9     -3 (VIOLATED)
clkbuf_leaf_115_clk_i/X                   6      9     -3 (VIOLATED)
clkbuf_leaf_116_clk_i/X                   6      9     -3 (VIOLATED)
clkbuf_leaf_120_clk_i/X                   6      9     -3 (VIOLATED)
clkbuf_leaf_123_clk_i/X                   6      9     -3 (VIOLATED)
clkbuf_leaf_140_clk_i/X                   6      9     -3 (VIOLATED)
clkbuf_leaf_15_clk_i/X                    6      9     -3 (VIOLATED)
clkbuf_leaf_24_clk_i/X                    6      9     -3 (VIOLATED)
clkbuf_leaf_34_clk_i/X                    6      9     -3 (VIOLATED)
clkbuf_leaf_36_clk_i/X                    6      9     -3 (VIOLATED)
clkbuf_leaf_3_clk_i/X                     6      9     -3 (VIOLATED)
clkbuf_leaf_40_clk_i/X                    6      9     -3 (VIOLATED)
clkbuf_leaf_46_clk_i/X                    6      9     -3 (VIOLATED)
clkbuf_leaf_47_clk_i/X                    6      9     -3 (VIOLATED)
clkbuf_leaf_58_clk_i/X                    6      9     -3 (VIOLATED)
clkbuf_leaf_61_clk_i/X                    6      9     -3 (VIOLATED)
clkbuf_leaf_69_clk_i/X                    6      9     -3 (VIOLATED)
clkbuf_leaf_75_clk_i/X                    6      9     -3 (VIOLATED)
clkbuf_leaf_76_clk_i/X                    6      9     -3 (VIOLATED)
clkbuf_leaf_78_clk_i/X                    6      9     -3 (VIOLATED)
clkbuf_leaf_87_clk_i/X                    6      9     -3 (VIOLATED)
clkbuf_leaf_91_clk_i/X                    6      9     -3 (VIOLATED)
clkbuf_leaf_94_clk_i/X                    6      9     -3 (VIOLATED)
clkbuf_leaf_97_clk_i/X                    6      9     -3 (VIOLATED)
clkbuf_leaf_9_clk_i/X                     6      9     -3 (VIOLATED)
fanout659/X                               6      9     -3 (VIOLATED)
fanout871/X                               6      9     -3 (VIOLATED)
fanout904/X                               6      9     -3 (VIOLATED)
_6094_/X                                  6      8     -2 (VIOLATED)
_6212_/X                                  6      8     -2 (VIOLATED)
clkbuf_0_clk_i/X                          6      8     -2 (VIOLATED)
clkbuf_4_12__f_clk_i/X                    6      8     -2 (VIOLATED)
clkbuf_4_7__f_clk_i/X                     6      8     -2 (VIOLATED)
clkbuf_leaf_105_clk_i/X                   6      8     -2 (VIOLATED)
clkbuf_leaf_117_clk_i/X                   6      8     -2 (VIOLATED)
clkbuf_leaf_137_clk_i/X                   6      8     -2 (VIOLATED)
clkbuf_leaf_143_clk_i/X                   6      8     -2 (VIOLATED)
clkbuf_leaf_16_clk_i/X                    6      8     -2 (VIOLATED)
clkbuf_leaf_26_clk_i/X                    6      8     -2 (VIOLATED)
clkbuf_leaf_53_clk_i/X                    6      8     -2 (VIOLATED)
clkbuf_leaf_54_clk_i/X                    6      8     -2 (VIOLATED)
clkbuf_leaf_55_clk_i/X                    6      8     -2 (VIOLATED)
clkbuf_leaf_60_clk_i/X                    6      8     -2 (VIOLATED)
clkbuf_leaf_64_clk_i/X                    6      8     -2 (VIOLATED)
clkbuf_leaf_68_clk_i/X                    6      8     -2 (VIOLATED)
clkbuf_leaf_73_clk_i/X                    6      8     -2 (VIOLATED)
clkbuf_leaf_7_clk_i/X                     6      8     -2 (VIOLATED)
clkbuf_leaf_84_clk_i/X                    6      8     -2 (VIOLATED)
clkbuf_leaf_88_clk_i/X                    6      8     -2 (VIOLATED)
clkbuf_leaf_92_clk_i/X                    6      8     -2 (VIOLATED)
clkbuf_leaf_93_clk_i/X                    6      8     -2 (VIOLATED)
clkbuf_leaf_95_clk_i/X                    6      8     -2 (VIOLATED)
clkbuf_leaf_96_clk_i/X                    6      8     -2 (VIOLATED)
fanout1149/X                              6      8     -2 (VIOLATED)
fanout1313/X                              6      8     -2 (VIOLATED)
fanout1367/X                              6      8     -2 (VIOLATED)
fanout654/X                               6      8     -2 (VIOLATED)
_3766_/X                                  6      7        (VIOLATED)
_6192_/X                                  6      7        (VIOLATED)
_6215_/Y                                  6      7        (VIOLATED)
clkbuf_4_2__f_clk_i/X                     6      7        (VIOLATED)
clkbuf_leaf_0_clk_i/X                     6      7        (VIOLATED)
clkbuf_leaf_106_clk_i/X                   6      7        (VIOLATED)
clkbuf_leaf_112_clk_i/X                   6      7        (VIOLATED)
clkbuf_leaf_113_clk_i/X                   6      7        (VIOLATED)
clkbuf_leaf_126_clk_i/X                   6      7        (VIOLATED)
clkbuf_leaf_132_clk_i/X                   6      7        (VIOLATED)
clkbuf_leaf_134_clk_i/X                   6      7        (VIOLATED)
clkbuf_leaf_141_clk_i/X                   6      7        (VIOLATED)
clkbuf_leaf_145_clk_i/X                   6      7        (VIOLATED)
clkbuf_leaf_42_clk_i/X                    6      7        (VIOLATED)
clkbuf_leaf_99_clk_i/X                    6      7        (VIOLATED)
fanout1056/X                              6      7        (VIOLATED)
fanout1108/X                              6      7        (VIOLATED)
fanout1148/X                              6      7        (VIOLATED)
fanout1161/X                              6      7        (VIOLATED)
fanout1176/X                              6      7        (VIOLATED)
fanout1185/X                              6      7        (VIOLATED)
fanout1300/X                              6      7        (VIOLATED)
fanout1347/X                              6      7        (VIOLATED)
fanout1352/X                              6      7        (VIOLATED)
fanout1614/X                              6      7        (VIOLATED)
fanout1635/X                              6      7        (VIOLATED)
fanout475/X                               6      7        (VIOLATED)
fanout656/X                               6      7        (VIOLATED)
fanout678/X                               6      7        (VIOLATED)
fanout695/X                               6      7        (VIOLATED)
fanout698/X                               6      7        (VIOLATED)
fanout789/X                               6      7        (VIOLATED)
fanout865/X                               6      7        (VIOLATED)
fanout884/X                               6      7        (VIOLATED)
fanout899/X                               6      7        (VIOLATED)
fanout902/X                               6      7        (VIOLATED)
fanout922/X                               6      7        (VIOLATED)
fanout927/X                               6      7        (VIOLATED)
fanout946/X                               6      7        (VIOLATED)
hold2327/X                                6      7        (VIOLATED)
input63/X                                 6      7        (VIOLATED)



===========================================================================
report_parasitic_annotation -report_unannotated
============================================================================
Found 210 unannotated drivers.
 racl_policies_i[0]
 racl_policies_i[1]
 racl_policies_i[2]
 racl_policies_i[3]
 racl_policies_i[4]
 racl_policies_i[5]
 racl_policies_i[6]
 racl_policies_i[7]
 tl_i[103]
 tl_i[104]
 tl_i[105]
 tl_i[19]
 tl_i[20]
 tl_i[21]
 tl_i[22]
 tl_i[23]
 tl_i[24]
 _7556__1651/HI
 clkload0/X
 clkload1/Y
 clkload10/Y
 clkload100/X
 clkload101/X
 clkload102/X
 clkload103/Y
 clkload104/Y
 clkload105/X
 clkload106/Y
 clkload107/X
 clkload108/Y
 clkload109/Y
 clkload11/X
 clkload110/Y
 clkload111/Y
 clkload112/Y
 clkload113/X
 clkload114/X
 clkload115/Y
 clkload116/Y
 clkload117/X
 clkload118/Y
 clkload119/X
 clkload12/Y
 clkload120/Y
 clkload121/Y
 clkload122/Y
 clkload123/Y
 clkload124/Y
 clkload125/Y
 clkload126/Y
 clkload127/Y
 clkload128/Y
 clkload129/Y
 clkload13/Y
 clkload130/X
 clkload131/X
 clkload132/Y
 clkload133/Y
 clkload134/Y
 clkload135/X
 clkload14/Y
 clkload15/Y
 clkload16/X
 clkload17/Y
 clkload18/Y
 clkload19/Y
 clkload2/X
 clkload20/Y
 clkload21/Y
 clkload22/X
 clkload23/X
 clkload24/X
 clkload25/Y
 clkload26/Y
 clkload27/Y
 clkload28/X
 clkload29/X
 clkload3/Y
 clkload30/Y
 clkload31/Y
 clkload32/Y
 clkload33/X
 clkload34/Y
 clkload35/Y
 clkload36/Y
 clkload37/X
 clkload38/Y
 clkload39/X
 clkload4/Y
 clkload40/Y
 clkload41/Y
 clkload42/Y
 clkload43/Y
 clkload44/Y
 clkload45/Y
 clkload46/Y
 clkload47/X
 clkload48/Y
 clkload49/Y
 clkload5/Y
 clkload50/X
 clkload51/Y
 clkload52/X
 clkload53/Y
 clkload54/Y
 clkload55/Y
 clkload56/Y
 clkload57/Y
 clkload58/Y
 clkload59/Y
 clkload6/Y
 clkload60/Y
 clkload61/Y
 clkload62/Y
 clkload63/Y
 clkload64/Y
 clkload65/X
 clkload66/Y
 clkload67/Y
 clkload68/Y
 clkload69/Y
 clkload7/Y
 clkload70/X
 clkload71/Y
 clkload72/X
 clkload73/Y
 clkload74/Y
 clkload75/Y
 clkload76/Y
 clkload77/Y
 clkload78/Y
 clkload79/Y
 clkload8/Y
 clkload80/Y
 clkload81/X
 clkload82/Y
 clkload83/X
 clkload84/X
 clkload85/Y
 clkload86/Y
 clkload87/Y
 clkload88/Y
 clkload89/Y
 clkload9/X
 clkload90/Y
 clkload91/Y
 clkload92/X
 clkload93/X
 clkload94/Y
 clkload95/Y
 clkload96/Y
 clkload97/Y
 clkload98/Y
 clkload99/Y
 uart_1652/HI
 uart_1653/HI
 uart_1654/HI
 uart_1655/HI
 uart_1656/HI
 uart_1657/HI
 uart_1658/HI
 uart_1659/HI
 uart_1660/HI
 uart_1661/HI
 uart_1662/HI
 uart_1663/HI
 uart_1664/HI
 uart_1665/HI
 uart_1666/HI
 uart_1667/HI
 uart_1668/HI
 uart_1669/HI
 uart_1670/HI
 uart_1671/HI
 uart_1672/HI
 uart_1673/HI
 uart_1674/HI
 uart_1675/HI
 uart_1676/HI
 uart_1677/HI
 uart_1678/HI
 uart_1679/HI
 uart_1680/HI
 uart_1681/HI
 uart_1682/HI
 uart_1683/HI
 uart_1684/HI
 uart_1685/HI
 uart_1686/HI
 uart_1687/HI
 uart_1688/HI
 uart_1689/HI
 uart_1690/HI
 uart_1691/HI
 uart_1692/HI
 uart_1693/HI
 uart_1694/HI
 uart_1695/HI
 uart_1696/HI
 uart_1697/HI
 uart_1698/HI
 uart_1699/HI
 uart_1700/HI
 uart_1701/HI
 uart_1702/HI
 uart_1703/HI
 uart_1704/HI
 uart_1705/HI
 uart_1706/HI
 uart_1707/LO
Found 0 partially unannotated drivers.

===========================================================================
max slew violation count 0
max fanout violation count 164
max cap violation count 0
============================================================================

===========================================================================
check_setup -verbose -unconstrained_endpoints -multiple_clock -no_clock -no_input_delay -loops -generated_clocks
===========================================================================
Warning: There are 57 unconstrained endpoints.
  cio_tx_en_o
  racl_error_o[0]
  racl_error_o[10]
  racl_error_o[11]
  racl_error_o[12]
  racl_error_o[13]
  racl_error_o[14]
  racl_error_o[15]
  racl_error_o[16]
  racl_error_o[17]
  racl_error_o[18]
  racl_error_o[19]
  racl_error_o[1]
  racl_error_o[20]
  racl_error_o[25]
  racl_error_o[26]
  racl_error_o[27]
  racl_error_o[28]
  racl_error_o[29]
  racl_error_o[2]
  racl_error_o[30]
  racl_error_o[31]
  racl_error_o[32]
  racl_error_o[33]
  racl_error_o[34]
  racl_error_o[35]
  racl_error_o[36]
  racl_error_o[37]
  racl_error_o[38]
  racl_error_o[39]
  racl_error_o[3]
  racl_error_o[40]
  racl_error_o[41]
  racl_error_o[42]
  racl_error_o[43]
  racl_error_o[44]
  racl_error_o[45]
  racl_error_o[46]
  racl_error_o[47]
  racl_error_o[48]
  racl_error_o[49]
  racl_error_o[4]
  racl_error_o[50]
  racl_error_o[51]
  racl_error_o[5]
  racl_error_o[6]
  racl_error_o[7]
  racl_error_o[8]
  racl_error_o[9]
  tl_o[15]
  tl_o[48]
  tl_o[59]
  tl_o[60]
  tl_o[61]
  tl_o[63]
  tl_o[64]
  _7556_/D
