Clock: clk_i
Sources: clk_i 
Generated: no
Virtual: yes
Propagated: no
Period: 25.000000

===========================================================================
report_clock_properties
============================================================================
Clock                   Period          Waveform
----------------------------------------------------
clk_i                25.000000    0.000000 12.500000

===========================================================================
report_clock_latency
============================================================================
Clock clk_i
rise -> rise
    min     max
0.000000 0.000000 source latency
0.961976         network latency _7446_/CLK
        1.169555 network latency _8176_/CLK
---------------
0.961976 1.169555 latency
        0.207579 skew

fall -> fall
    min     max
0.000000 0.000000 source latency
0.785172         network latency _7446_/CLK
        0.979301 network latency _8176_/CLK
---------------
0.785172 0.979301 latency
        0.194129 skew



===========================================================================
report_clock_min_period
============================================================================
clk_i period_min = 13.16 fmax = 76.00
