
===========================================================================
report_checks -unconstrained
===========================================================================
======================= max_tt_025C_1v80 Corner ===================================

Startpoint: tl_u_rom_i[65] (input port clocked by clk_i)
Endpoint: tl_host_o[58] (output port clocked by clk_i)
Path Group: clk_i
Path Type: max

Fanout         Cap        Slew       Delay        Time   Description
---------------------------------------------------------------------------------------------
                                  0.000000    0.000000   clock clk_i (rise edge)
                                  0.000000    0.000000   clock network delay (propagated)
                                  5.000000    5.000000 v input external delay
     2    0.006832    0.017564    0.011158    5.011158 v tl_u_rom_i[65] (in)
                                                         tl_u_rom_i[65] (net)
                      0.017570    0.000000    5.011158 v input293/A (sky130_fd_sc_hd__buf_6)
     5    0.131439    0.109545    0.167309    5.178467 v input293/X (sky130_fd_sc_hd__buf_6)
                                                         net293 (net)
                      0.109841    0.004565    5.183032 v fanout1512/A (sky130_fd_sc_hd__buf_8)
     7    0.155099    0.100299    0.184765    5.367796 v fanout1512/X (sky130_fd_sc_hd__buf_8)
                                                         net1512 (net)
                      0.101531    0.009634    5.377430 v fanout1511/A (sky130_fd_sc_hd__clkbuf_16)
     7    0.184802    0.126360    0.233829    5.611259 v fanout1511/X (sky130_fd_sc_hd__clkbuf_16)
                                                         net1511 (net)
                      0.150310    0.041545    5.652804 v _0385_/A (sky130_fd_sc_hd__clkinv_4)
     3    0.078334    0.157284    0.167509    5.820312 ^ _0385_/Y (sky130_fd_sc_hd__clkinv_4)
                                                         _0021_ (net)
                      0.165928    0.028618    5.848931 ^ fanout1424/A (sky130_fd_sc_hd__buf_12)
     7    0.227435    0.235353    0.205183    6.054113 ^ fanout1424/X (sky130_fd_sc_hd__buf_12)
                                                         net1424 (net)
                      0.236025    0.013644    6.067757 ^ fanout1423/A (sky130_fd_sc_hd__buf_6)
     7    0.146782    0.288402    0.280169    6.347926 ^ fanout1423/X (sky130_fd_sc_hd__buf_6)
                                                         net1423 (net)
                      0.288449    0.003527    6.351453 ^ fanout1422/A (sky130_fd_sc_hd__clkbuf_8)
     7    0.120601    0.211759    0.302247    6.653699 ^ fanout1422/X (sky130_fd_sc_hd__clkbuf_8)
                                                         net1422 (net)
                      0.211879    0.004719    6.658419 ^ fanout1421/A (sky130_fd_sc_hd__buf_4)
    13    0.099736    0.276904    0.316299    6.974719 ^ fanout1421/X (sky130_fd_sc_hd__buf_4)
                                                         net1421 (net)
                      0.281015    0.027057    7.001775 ^ fanout1418/A (sky130_fd_sc_hd__buf_2)
     7    0.064142    0.312898    0.360791    7.362566 ^ fanout1418/X (sky130_fd_sc_hd__buf_2)
                                                         net1418 (net)
                      0.312909    0.001624    7.364190 ^ fanout1416/A (sky130_fd_sc_hd__buf_2)
    13    0.057859    0.282834    0.347170    7.711360 ^ fanout1416/X (sky130_fd_sc_hd__buf_2)
                                                         net1416 (net)
                      0.283300    0.009464    7.720824 ^ _0444_/A (sky130_fd_sc_hd__nand2_2)
     7    0.048976    0.211497    0.243850    7.964674 v _0444_/Y (sky130_fd_sc_hd__nand2_2)
                                                         _0072_ (net)
                      0.211524    0.001997    7.966671 v fanout1333/A (sky130_fd_sc_hd__clkbuf_4)
    13    0.078871    0.159142    0.315284    8.281955 v fanout1333/X (sky130_fd_sc_hd__clkbuf_4)
                                                         net1333 (net)
                      0.159175    0.001982    8.283937 v fanout1332/A (sky130_fd_sc_hd__clkbuf_2)
     6    0.032006    0.124689    0.229967    8.513905 v fanout1332/X (sky130_fd_sc_hd__clkbuf_2)
                                                         net1332 (net)
                      0.124716    0.001762    8.515667 v _0635_/B1 (sky130_fd_sc_hd__o221a_1)
     1    0.003971    0.051593    0.256737    8.772404 v _0635_/X (sky130_fd_sc_hd__o221a_1)
                                                         _0230_ (net)
                      0.051593    0.000282    8.772685 v _0636_/B (sky130_fd_sc_hd__or2_1)
     1    0.016993    0.110396    0.274599    9.047284 v _0636_/X (sky130_fd_sc_hd__or2_1)
                                                         _0231_ (net)
                      0.110436    0.001990    9.049274 v _0638_/B1 (sky130_fd_sc_hd__a22o_2)
     3    0.051635    0.145800    0.341790    9.391065 v _0638_/X (sky130_fd_sc_hd__a22o_2)
                                                         net549 (net)
                      0.147216    0.010965    9.402030 v output549/A (sky130_fd_sc_hd__buf_2)
     1    0.034701    0.091099    0.226096    9.628126 v output549/X (sky130_fd_sc_hd__buf_2)
                                                         tl_host_o[58] (net)
                      0.091137    0.001696    9.629823 v tl_host_o[58] (out)
                                              9.629823   data arrival time

                                 25.000000   25.000000   clock clk_i (rise edge)
                                  0.000000   25.000000   clock network delay (propagated)
                                 -0.250000   24.750000   clock uncertainty
                                  0.000000   24.750000   clock reconvergence pessimism
                                 -5.000000   19.750000   output external delay
                                             19.750000   data required time
---------------------------------------------------------------------------------------------
                                             19.750000   data required time
                                             -9.629823   data arrival time
---------------------------------------------------------------------------------------------
                                             10.120177   slack (MET)




===========================================================================
report_checks --slack_max -0.01
============================================================================
======================= max_tt_025C_1v80 Corner ===================================

No paths found.


===========================================================================
 report_check_types -max_slew -max_cap -max_fanout -violators
============================================================================
======================= max_tt_025C_1v80 Corner ===================================

max slew

Pin                                        Limit        Slew       Slack
------------------------------------------------------------------------
_0846_/A                                1.000000    1.109989   -0.109989 (VIOLATED)
ANTENNA__0846__A/DIODE                  1.000000    1.109953   -0.109953 (VIOLATED)
fanout1602/A                            1.000000    1.064332   -0.064332 (VIOLATED)
ANTENNA_fanout1602_A/DIODE              1.000000    1.064331   -0.064331 (VIOLATED)
tl_host_i[5]                            1.000000    1.064324   -0.064324 (VIOLATED)

max fanout

Pin                                   Limit Fanout  Slack
---------------------------------------------------------
fanout1333/X                              6     13     -7 (VIOLATED)
fanout1334/X                              6     13     -7 (VIOLATED)
fanout1336/X                              6     13     -7 (VIOLATED)
fanout1337/X                              6     13     -7 (VIOLATED)
fanout1338/X                              6     13     -7 (VIOLATED)
fanout1339/X                              6     13     -7 (VIOLATED)
fanout1341/X                              6     13     -7 (VIOLATED)
fanout1344/X                              6     13     -7 (VIOLATED)
fanout1349/X                              6     13     -7 (VIOLATED)
fanout1352/X                              6     13     -7 (VIOLATED)
fanout1353/X                              6     13     -7 (VIOLATED)
fanout1354/X                              6     13     -7 (VIOLATED)
fanout1355/X                              6     13     -7 (VIOLATED)
fanout1357/X                              6     13     -7 (VIOLATED)
fanout1361/X                              6     13     -7 (VIOLATED)
fanout1362/X                              6     13     -7 (VIOLATED)
fanout1363/X                              6     13     -7 (VIOLATED)
fanout1364/X                              6     13     -7 (VIOLATED)
fanout1365/X                              6     13     -7 (VIOLATED)
fanout1366/X                              6     13     -7 (VIOLATED)
fanout1372/X                              6     13     -7 (VIOLATED)
fanout1373/X                              6     13     -7 (VIOLATED)
fanout1374/X                              6     13     -7 (VIOLATED)
fanout1375/X                              6     13     -7 (VIOLATED)
fanout1377/X                              6     13     -7 (VIOLATED)
fanout1380/X                              6     13     -7 (VIOLATED)
fanout1382/X                              6     13     -7 (VIOLATED)
fanout1383/X                              6     13     -7 (VIOLATED)
fanout1387/X                              6     13     -7 (VIOLATED)
fanout1388/X                              6     13     -7 (VIOLATED)
fanout1389/X                              6     13     -7 (VIOLATED)
fanout1391/X                              6     13     -7 (VIOLATED)
fanout1394/X                              6     13     -7 (VIOLATED)
fanout1395/X                              6     13     -7 (VIOLATED)
fanout1396/X                              6     13     -7 (VIOLATED)
fanout1398/X                              6     13     -7 (VIOLATED)
fanout1407/X                              6     13     -7 (VIOLATED)
fanout1408/X                              6     13     -7 (VIOLATED)
fanout1409/X                              6     13     -7 (VIOLATED)
fanout1410/X                              6     13     -7 (VIOLATED)
fanout1412/X                              6     13     -7 (VIOLATED)
fanout1415/X                              6     13     -7 (VIOLATED)
fanout1416/X                              6     13     -7 (VIOLATED)
fanout1417/X                              6     13     -7 (VIOLATED)
fanout1419/X                              6     13     -7 (VIOLATED)
fanout1421/X                              6     13     -7 (VIOLATED)
fanout1425/X                              6     13     -7 (VIOLATED)
fanout1426/X                              6     13     -7 (VIOLATED)
fanout1427/X                              6     13     -7 (VIOLATED)
fanout1429/X                              6     13     -7 (VIOLATED)
fanout1432/X                              6     13     -7 (VIOLATED)
fanout1435/X                              6     13     -7 (VIOLATED)
fanout1437/X                              6     13     -7 (VIOLATED)
fanout1440/X                              6     13     -7 (VIOLATED)
fanout1442/X                              6     13     -7 (VIOLATED)
fanout1444/X                              6     13     -7 (VIOLATED)
fanout1446/X                              6     13     -7 (VIOLATED)
fanout1448/X                              6     13     -7 (VIOLATED)
fanout1450/X                              6     13     -7 (VIOLATED)
fanout1451/X                              6     13     -7 (VIOLATED)
fanout1452/X                              6     13     -7 (VIOLATED)
fanout1454/X                              6     13     -7 (VIOLATED)
fanout1457/X                              6     13     -7 (VIOLATED)
fanout1458/X                              6     13     -7 (VIOLATED)
fanout1461/X                              6     13     -7 (VIOLATED)
fanout1465/X                              6     13     -7 (VIOLATED)
fanout1468/X                              6     13     -7 (VIOLATED)
fanout1470/X                              6     13     -7 (VIOLATED)
fanout1471/X                              6     13     -7 (VIOLATED)
fanout1473/X                              6     13     -7 (VIOLATED)
fanout1477/X                              6     13     -7 (VIOLATED)
fanout1478/X                              6     13     -7 (VIOLATED)
fanout1479/X                              6     13     -7 (VIOLATED)
fanout1481/X                              6     13     -7 (VIOLATED)
fanout1483/X                              6     13     -7 (VIOLATED)
fanout1487/X                              6     13     -7 (VIOLATED)
fanout1489/X                              6     13     -7 (VIOLATED)
fanout1491/X                              6     13     -7 (VIOLATED)
fanout1493/X                              6     13     -7 (VIOLATED)
fanout1497/X                              6     13     -7 (VIOLATED)
fanout1499/X                              6     13     -7 (VIOLATED)
fanout1500/X                              6     13     -7 (VIOLATED)
fanout1502/X                              6     13     -7 (VIOLATED)
fanout1505/X                              6     13     -7 (VIOLATED)
fanout1506/X                              6     13     -7 (VIOLATED)
fanout1508/X                              6     13     -7 (VIOLATED)
fanout1513/X                              6     13     -7 (VIOLATED)
fanout1515/X                              6     13     -7 (VIOLATED)
fanout1517/X                              6     13     -7 (VIOLATED)
fanout1519/X                              6     13     -7 (VIOLATED)
fanout1521/X                              6     13     -7 (VIOLATED)
fanout1523/X                              6     13     -7 (VIOLATED)
fanout1525/X                              6     13     -7 (VIOLATED)
fanout1528/X                              6     13     -7 (VIOLATED)
fanout1531/X                              6     13     -7 (VIOLATED)
fanout1533/X                              6     13     -7 (VIOLATED)
fanout1535/X                              6     13     -7 (VIOLATED)
fanout1537/X                              6     13     -7 (VIOLATED)
fanout1539/X                              6     13     -7 (VIOLATED)
fanout1545/X                              6     13     -7 (VIOLATED)
fanout1546/X                              6     13     -7 (VIOLATED)
fanout1547/X                              6     13     -7 (VIOLATED)
fanout1548/X                              6     13     -7 (VIOLATED)
fanout1551/X                              6     13     -7 (VIOLATED)
fanout1552/X                              6     13     -7 (VIOLATED)
fanout1553/X                              6     13     -7 (VIOLATED)
fanout1555/X                              6     13     -7 (VIOLATED)
fanout1556/X                              6     13     -7 (VIOLATED)
fanout1558/X                              6     13     -7 (VIOLATED)
fanout1560/X                              6     13     -7 (VIOLATED)
fanout1562/X                              6     13     -7 (VIOLATED)
fanout1564/X                              6     13     -7 (VIOLATED)
fanout1565/X                              6     13     -7 (VIOLATED)
fanout1567/X                              6     13     -7 (VIOLATED)
fanout1571/X                              6     13     -7 (VIOLATED)
fanout1574/X                              6     13     -7 (VIOLATED)
fanout1578/X                              6     13     -7 (VIOLATED)
fanout1581/X                              6     13     -7 (VIOLATED)
fanout1583/X                              6     13     -7 (VIOLATED)
fanout1585/X                              6     13     -7 (VIOLATED)
fanout1587/X                              6     13     -7 (VIOLATED)
fanout1590/X                              6     13     -7 (VIOLATED)
fanout1591/X                              6     13     -7 (VIOLATED)
fanout1592/X                              6     13     -7 (VIOLATED)
fanout1593/X                              6     13     -7 (VIOLATED)
fanout1594/X                              6     13     -7 (VIOLATED)
fanout1595/X                              6     13     -7 (VIOLATED)
fanout1596/X                              6     13     -7 (VIOLATED)
fanout1597/X                              6     13     -7 (VIOLATED)
fanout1598/X                              6     13     -7 (VIOLATED)
fanout1599/X                              6     13     -7 (VIOLATED)
fanout1600/X                              6     13     -7 (VIOLATED)
fanout1601/X                              6     13     -7 (VIOLATED)
fanout1602/X                              6     13     -7 (VIOLATED)
fanout1603/X                              6     13     -7 (VIOLATED)
fanout1604/X                              6     13     -7 (VIOLATED)
fanout1605/X                              6     13     -7 (VIOLATED)
fanout1606/X                              6     13     -7 (VIOLATED)
fanout1607/X                              6     13     -7 (VIOLATED)
fanout1608/X                              6     13     -7 (VIOLATED)
fanout1609/X                              6     13     -7 (VIOLATED)
fanout1610/X                              6     13     -7 (VIOLATED)
fanout1611/X                              6     13     -7 (VIOLATED)
fanout1612/X                              6     13     -7 (VIOLATED)
fanout1613/X                              6     13     -7 (VIOLATED)
fanout1614/X                              6     13     -7 (VIOLATED)
fanout1615/X                              6     13     -7 (VIOLATED)
fanout1616/X                              6     13     -7 (VIOLATED)
fanout1617/X                              6     13     -7 (VIOLATED)
fanout1618/X                              6     13     -7 (VIOLATED)
fanout1619/X                              6     13     -7 (VIOLATED)
fanout1620/X                              6     13     -7 (VIOLATED)
fanout1621/X                              6     13     -7 (VIOLATED)
fanout1622/X                              6     13     -7 (VIOLATED)
fanout1623/X                              6     13     -7 (VIOLATED)
fanout1624/X                              6     13     -7 (VIOLATED)
fanout1625/X                              6     13     -7 (VIOLATED)
fanout1626/X                              6     13     -7 (VIOLATED)
fanout1627/X                              6     13     -7 (VIOLATED)
fanout1628/X                              6     13     -7 (VIOLATED)
fanout1629/X                              6     13     -7 (VIOLATED)
fanout1630/X                              6     13     -7 (VIOLATED)
fanout1632/X                              6     13     -7 (VIOLATED)
fanout1633/X                              6     13     -7 (VIOLATED)
fanout1634/X                              6     13     -7 (VIOLATED)
fanout1635/X                              6     13     -7 (VIOLATED)
fanout1636/X                              6     13     -7 (VIOLATED)
fanout1637/X                              6     13     -7 (VIOLATED)
fanout1638/X                              6     13     -7 (VIOLATED)
fanout1639/X                              6     13     -7 (VIOLATED)
fanout1640/X                              6     13     -7 (VIOLATED)
fanout1641/X                              6     13     -7 (VIOLATED)
fanout1642/X                              6     13     -7 (VIOLATED)
fanout1643/X                              6     13     -7 (VIOLATED)
fanout1644/X                              6     13     -7 (VIOLATED)
fanout1645/X                              6     13     -7 (VIOLATED)
fanout1646/X                              6     13     -7 (VIOLATED)
fanout1647/X                              6     13     -7 (VIOLATED)
fanout1648/X                              6     13     -7 (VIOLATED)
fanout1649/X                              6     13     -7 (VIOLATED)
fanout1650/X                              6     13     -7 (VIOLATED)
fanout1651/X                              6     13     -7 (VIOLATED)
fanout1652/X                              6     13     -7 (VIOLATED)
fanout1653/X                              6     13     -7 (VIOLATED)
fanout1654/X                              6     13     -7 (VIOLATED)
fanout1655/X                              6     13     -7 (VIOLATED)
fanout1656/X                              6     13     -7 (VIOLATED)
fanout1657/X                              6     13     -7 (VIOLATED)
fanout1658/X                              6     13     -7 (VIOLATED)
fanout1659/X                              6     13     -7 (VIOLATED)
fanout1660/X                              6     13     -7 (VIOLATED)
fanout1663/X                              6     13     -7 (VIOLATED)
fanout1664/X                              6     13     -7 (VIOLATED)
fanout1665/X                              6     13     -7 (VIOLATED)
fanout1666/X                              6     13     -7 (VIOLATED)
fanout1667/X                              6     13     -7 (VIOLATED)
fanout1668/X                              6     13     -7 (VIOLATED)
fanout1359/X                              6     11     -5 (VIOLATED)
fanout1360/X                              6     11     -5 (VIOLATED)
fanout1420/X                              6     11     -5 (VIOLATED)
fanout1436/X                              6     11     -5 (VIOLATED)
fanout1464/X                              6     11     -5 (VIOLATED)
fanout1475/X                              6     11     -5 (VIOLATED)
fanout1476/X                              6     11     -5 (VIOLATED)
fanout1480/X                              6     11     -5 (VIOLATED)
fanout1488/X                              6     11     -5 (VIOLATED)
fanout1490/X                              6     11     -5 (VIOLATED)
fanout1492/X                              6     11     -5 (VIOLATED)
fanout1510/X                              6     11     -5 (VIOLATED)
fanout1527/X                              6     11     -5 (VIOLATED)
fanout1532/X                              6     11     -5 (VIOLATED)
fanout1540/X                              6     11     -5 (VIOLATED)
fanout1543/X                              6     11     -5 (VIOLATED)
fanout1549/X                              6     11     -5 (VIOLATED)
fanout1554/X                              6     11     -5 (VIOLATED)
fanout1568/X                              6     11     -5 (VIOLATED)
fanout1573/X                              6     11     -5 (VIOLATED)
fanout1580/X                              6     11     -5 (VIOLATED)
input227/X                                6     11     -5 (VIOLATED)
fanout1345/X                              6      9     -3 (VIOLATED)
fanout1347/X                              6      9     -3 (VIOLATED)
fanout1348/X                              6      9     -3 (VIOLATED)
fanout1350/X                              6      9     -3 (VIOLATED)
fanout1371/X                              6      9     -3 (VIOLATED)
fanout1397/X                              6      9     -3 (VIOLATED)
fanout1399/X                              6      9     -3 (VIOLATED)
fanout1400/X                              6      9     -3 (VIOLATED)
fanout1433/X                              6      9     -3 (VIOLATED)
fanout1460/X                              6      9     -3 (VIOLATED)
fanout1462/X                              6      9     -3 (VIOLATED)
fanout1463/X                              6      9     -3 (VIOLATED)
fanout1482/X                              6      9     -3 (VIOLATED)
fanout1495/X                              6      9     -3 (VIOLATED)
fanout1501/X                              6      9     -3 (VIOLATED)
fanout1503/X                              6      9     -3 (VIOLATED)
fanout1504/X                              6      9     -3 (VIOLATED)
fanout1507/X                              6      9     -3 (VIOLATED)
fanout1509/X                              6      9     -3 (VIOLATED)
fanout1514/X                              6      9     -3 (VIOLATED)
fanout1516/X                              6      9     -3 (VIOLATED)
fanout1530/X                              6      9     -3 (VIOLATED)
fanout1534/X                              6      9     -3 (VIOLATED)
fanout1538/X                              6      9     -3 (VIOLATED)
fanout1544/X                              6      9     -3 (VIOLATED)
fanout1577/X                              6      9     -3 (VIOLATED)
fanout1588/X                              6      9     -3 (VIOLATED)
wire1662/X                                6      9     -3 (VIOLATED)
_0393_/X                                  6      7        (VIOLATED)
_0444_/Y                                  6      7        (VIOLATED)
fanout1340/X                              6      7        (VIOLATED)
fanout1343/X                              6      7        (VIOLATED)
fanout1346/X                              6      7        (VIOLATED)
fanout1356/X                              6      7        (VIOLATED)
fanout1358/X                              6      7        (VIOLATED)
fanout1367/X                              6      7        (VIOLATED)
fanout1368/X                              6      7        (VIOLATED)
fanout1369/X                              6      7        (VIOLATED)
fanout1376/X                              6      7        (VIOLATED)
fanout1378/X                              6      7        (VIOLATED)
fanout1379/X                              6      7        (VIOLATED)
fanout1381/X                              6      7        (VIOLATED)
fanout1384/X                              6      7        (VIOLATED)
fanout1385/X                              6      7        (VIOLATED)
fanout1386/X                              6      7        (VIOLATED)
fanout1390/X                              6      7        (VIOLATED)
fanout1393/X                              6      7        (VIOLATED)
fanout1401/X                              6      7        (VIOLATED)
fanout1402/X                              6      7        (VIOLATED)
fanout1403/X                              6      7        (VIOLATED)
fanout1404/X                              6      7        (VIOLATED)
fanout1411/X                              6      7        (VIOLATED)
fanout1413/X                              6      7        (VIOLATED)
fanout1414/X                              6      7        (VIOLATED)
fanout1418/X                              6      7        (VIOLATED)
fanout1422/X                              6      7        (VIOLATED)
fanout1423/X                              6      7        (VIOLATED)
fanout1424/X                              6      7        (VIOLATED)
fanout1428/X                              6      7        (VIOLATED)
fanout1431/X                              6      7        (VIOLATED)
fanout1434/X                              6      7        (VIOLATED)
fanout1438/X                              6      7        (VIOLATED)
fanout1456/X                              6      7        (VIOLATED)
fanout1466/X                              6      7        (VIOLATED)
fanout1467/X                              6      7        (VIOLATED)
fanout1469/X                              6      7        (VIOLATED)
fanout1472/X                              6      7        (VIOLATED)
fanout1484/X                              6      7        (VIOLATED)
fanout1485/X                              6      7        (VIOLATED)
fanout1486/X                              6      7        (VIOLATED)
fanout1496/X                              6      7        (VIOLATED)
fanout1498/X                              6      7        (VIOLATED)
fanout1511/X                              6      7        (VIOLATED)
fanout1512/X                              6      7        (VIOLATED)
fanout1518/X                              6      7        (VIOLATED)
fanout1526/X                              6      7        (VIOLATED)
fanout1536/X                              6      7        (VIOLATED)
fanout1550/X                              6      7        (VIOLATED)
fanout1557/X                              6      7        (VIOLATED)
fanout1559/X                              6      7        (VIOLATED)
fanout1561/X                              6      7        (VIOLATED)
fanout1569/X                              6      7        (VIOLATED)
fanout1570/X                              6      7        (VIOLATED)
fanout1572/X                              6      7        (VIOLATED)
fanout1576/X                              6      7        (VIOLATED)
fanout1584/X                              6      7        (VIOLATED)
fanout1586/X                              6      7        (VIOLATED)

max capacitance

Pin                                        Limit         Cap       Slack
------------------------------------------------------------------------
fanout1350/X                            0.200000    0.255125   -0.055125 (VIOLATED)
tl_host_i[5]                            0.200000    0.237827   -0.037827 (VIOLATED)
fanout1630/X                            0.200000    0.236947   -0.036947 (VIOLATED)
wire1662/X                              0.200000    0.235778   -0.035778 (VIOLATED)
fanout1602/X                            0.200000    0.230426   -0.030426 (VIOLATED)
fanout1424/X                            0.200000    0.227435   -0.027435 (VIOLATED)
max_cap1439/X                           0.200000    0.220155   -0.020155 (VIOLATED)
fanout1646/X                            0.200000    0.213590   -0.013590 (VIOLATED)
input475/X                              0.200000    0.212399   -0.012399 (VIOLATED)
fanout1467/X                            0.200000    0.211063   -0.011063 (VIOLATED)
fanout1490/X                            0.200000    0.210270   -0.010270 (VIOLATED)
fanout1643/X                            0.200000    0.206833   -0.006833 (VIOLATED)
fanout1620/X                            0.200000    0.206421   -0.006421 (VIOLATED)
fanout1451/X                            0.200000    0.202751   -0.002751 (VIOLATED)
fanout1500/X                            0.200000    0.201236   -0.001236 (VIOLATED)



===========================================================================
report_parasitic_annotation -report_unannotated
============================================================================
Found 2 unannotated drivers.
 clk_i
 rst_ni
Found 0 partially unannotated drivers.

===========================================================================
max slew violation count 5
max fanout violation count 306
max cap violation count 15
============================================================================

===========================================================================
check_setup -verbose -unconstrained_endpoints -multiple_clock -no_clock -no_input_delay -loops -generated_clocks
===========================================================================
