
===========================================================================
report_checks -unconstrained
===========================================================================
======================= max_tt_025C_1v80 Corner ===================================

Startpoint: rst_ni (input port clocked by clk_i)
Endpoint: _12632_ (recovery check against rising-edge clock clk_i)
Path Group: asynchronous
Path Type: max

Fanout         Cap        Slew       Delay        Time   Description
---------------------------------------------------------------------------------------------
                                  0.000000    0.000000   clock clk_i (rise edge)
                                  0.000000    0.000000   clock network delay (propagated)
                                  5.000000    5.000000 ^ input external delay
     2    0.012798    0.063675    0.043244    5.043244 ^ rst_ni (in)
                                                         rst_ni (net)
                      0.063683    0.000000    5.043244 ^ input1/A (sky130_fd_sc_hd__buf_12)
     5    0.235466    0.211847    0.169665    5.212909 ^ input1/X (sky130_fd_sc_hd__buf_12)
                                                         net1 (net)
                      0.400317    0.162496    5.375405 ^ fanout2001/A (sky130_fd_sc_hd__buf_2)
     8    0.053680    0.261585    0.350533    5.725938 ^ fanout2001/X (sky130_fd_sc_hd__buf_2)
                                                         net2001 (net)
                      0.261861    0.005754    5.731693 ^ fanout1961/A (sky130_fd_sc_hd__clkbuf_4)
     7    0.093083    0.279826    0.372830    6.104522 ^ fanout1961/X (sky130_fd_sc_hd__clkbuf_4)
                                                         net1961 (net)
                      0.279855    0.002427    6.106950 ^ fanout1950/A (sky130_fd_sc_hd__clkbuf_2)
     7    0.073255    0.394656    0.408833    6.515783 ^ fanout1950/X (sky130_fd_sc_hd__clkbuf_2)
                                                         net1950 (net)
                      0.394711    0.003955    6.519737 ^ fanout1929/A (sky130_fd_sc_hd__dlymetal6s2s_1)
     7    0.042978    0.427444    0.428336    6.948073 ^ fanout1929/X (sky130_fd_sc_hd__dlymetal6s2s_1)
                                                         net1929 (net)
                      0.427491    0.003694    6.951767 ^ fanout1928/A (sky130_fd_sc_hd__dlymetal6s2s_1)
     9    0.055891    0.544958    0.512334    7.464101 ^ fanout1928/X (sky130_fd_sc_hd__dlymetal6s2s_1)
                                                         net1928 (net)
                      0.544986    0.003252    7.467352 ^ fanout1927/A (sky130_fd_sc_hd__dlymetal6s2s_1)
     4    0.034401    0.348746    0.388861    7.856214 ^ fanout1927/X (sky130_fd_sc_hd__dlymetal6s2s_1)
                                                         net1927 (net)
                      0.348804    0.003723    7.859937 ^ fanout1926/A (sky130_fd_sc_hd__clkbuf_2)
     6    0.036564    0.201674    0.294739    8.154676 ^ fanout1926/X (sky130_fd_sc_hd__clkbuf_2)
                                                         net1926 (net)
                      0.201687    0.001831    8.156507 ^ fanout1925/A (sky130_fd_sc_hd__clkbuf_2)
     6    0.031229    0.173744    0.244445    8.400953 ^ fanout1925/X (sky130_fd_sc_hd__clkbuf_2)
                                                         net1925 (net)
                      0.173759    0.001714    8.402667 ^ _12632_/RESET_B (sky130_fd_sc_hd__dfrtp_4)
                                              8.402667   data arrival time

                                 25.000000   25.000000   clock clk_i (rise edge)
                                  0.000000   25.000000   clock source latency
     2    0.057716    0.264242    0.190957   25.190956 ^ clk_i (in)
                                                         clk_i (net)
                      0.265778    0.000000   25.190956 ^ wire2/A (sky130_fd_sc_hd__buf_6)
     3    0.056692    0.121210    0.204974   25.395929 ^ wire2/X (sky130_fd_sc_hd__buf_6)
                                                         net2061 (net)
                      0.124994    0.016838   25.412767 ^ wire1/A (sky130_fd_sc_hd__buf_12)
     3    0.104697    0.123342    0.162951   25.575718 ^ wire1/X (sky130_fd_sc_hd__buf_12)
                                                         net2060 (net)
                      0.160156    0.051532   25.627251 ^ clkbuf_0_clk_i/A (sky130_fd_sc_hd__clkbuf_16)
     9    0.129195    0.143607    0.233888   25.861137 ^ clkbuf_0_clk_i/X (sky130_fd_sc_hd__clkbuf_16)
                                                         clknet_0_clk_i (net)
                      0.151806    0.026773   25.887911 ^ clkbuf_2_0_0_clk_i/A (sky130_fd_sc_hd__clkbuf_8)
     5    0.102081    0.181323    0.263983   26.151894 ^ clkbuf_2_0_0_clk_i/X (sky130_fd_sc_hd__clkbuf_8)
                                                         clknet_2_0_0_clk_i (net)
                      0.181855    0.008010   26.159903 ^ clkbuf_3_0__f_clk_i/A (sky130_fd_sc_hd__clkbuf_16)
    41    0.283015    0.293120    0.341299   26.501202 ^ clkbuf_3_0__f_clk_i/X (sky130_fd_sc_hd__clkbuf_16)
                                                         clknet_3_0__leaf_clk_i (net)
                      0.296714    0.026146   26.527348 ^ clkbuf_leaf_99_clk_i/A (sky130_fd_sc_hd__clkbuf_8)
    10    0.042779    0.088715    0.241027   26.768375 ^ clkbuf_leaf_99_clk_i/X (sky130_fd_sc_hd__clkbuf_8)
                                                         clknet_leaf_99_clk_i (net)
                      0.088743    0.001524   26.769899 ^ _12632_/CLK (sky130_fd_sc_hd__dfrtp_4)
                                 -0.250000   26.519899   clock uncertainty
                                  0.000000   26.519899   clock reconvergence pessimism
                                  0.189306   26.709206   library recovery time
                                             26.709206   data required time
---------------------------------------------------------------------------------------------
                                             26.709206   data required time
                                             -8.402667   data arrival time
---------------------------------------------------------------------------------------------
                                             18.306540   slack (MET)


Startpoint: clk_i (clock source 'clk_i')
Endpoint: sram_clk_o (output port clocked by clk_i)
Path Group: clk_i
Path Type: max

Fanout         Cap        Slew       Delay        Time   Description
---------------------------------------------------------------------------------------------
                                 12.500000   12.500000   clock clk_i (fall edge)
                                  0.000000   12.500000   clock source latency
     2    0.057194    0.128729    0.098951   12.598950 v clk_i (in)
                                                         clk_i (net)
                      0.131775    0.000000   12.598950 v wire2/A (sky130_fd_sc_hd__buf_6)
     3    0.055734    0.063540    0.184584   12.783535 v wire2/X (sky130_fd_sc_hd__buf_6)
                                                         net2061 (net)
                      0.070274    0.015793   12.799327 v wire1/A (sky130_fd_sc_hd__buf_12)
     3    0.103617    0.055388    0.155708   12.955035 v wire1/X (sky130_fd_sc_hd__buf_12)
                                                         net2060 (net)
                      0.113024    0.047922   13.002957 v clkbuf_0_clk_i/A (sky130_fd_sc_hd__clkbuf_16)
     9    0.127060    0.094281    0.225006   13.227963 v clkbuf_0_clk_i/X (sky130_fd_sc_hd__clkbuf_16)
                                                         clknet_0_clk_i (net)
                      0.102174    0.020750   13.248713 v clkbuf_2_2_0_clk_i/A (sky130_fd_sc_hd__clkbuf_8)
     5    0.087583    0.101761    0.221024   13.469737 v clkbuf_2_2_0_clk_i/X (sky130_fd_sc_hd__clkbuf_8)
                                                         clknet_2_2_0_clk_i (net)
                      0.106877    0.017834   13.487571 v clkbuf_3_4__f_clk_i/A (sky130_fd_sc_hd__clkbuf_16)
    33    0.205132    0.139336    0.259936   13.747507 v clkbuf_3_4__f_clk_i/X (sky130_fd_sc_hd__clkbuf_16)
                                                         clknet_3_4__leaf_clk_i (net)
                      0.142082    0.015528   13.763035 v _13405_/A (sky130_fd_sc_hd__buf_2)
     1    0.002847    0.024002    0.157041   13.920076 v _13405_/X (sky130_fd_sc_hd__buf_2)
                                                         net140 (net)
                      0.024002    0.000187   13.920262 v output140/A (sky130_fd_sc_hd__buf_1)
     1    0.034420    0.200602    0.212219   14.132482 v output140/X (sky130_fd_sc_hd__buf_1)
                                                         sram_clk_o (net)
                      0.200614    0.001628   14.134109 v sram_clk_o (out)
                                             14.134109   data arrival time

                                 25.000000   25.000000   clock clk_i (rise edge)
                                  0.000000   25.000000   clock network delay (propagated)
                                 -0.250000   24.750000   clock uncertainty
                                  0.000000   24.750000   clock reconvergence pessimism
                                 -5.000000   19.750000   output external delay
                                             19.750000   data required time
---------------------------------------------------------------------------------------------
                                             19.750000   data required time
                                            -14.134109   data arrival time
---------------------------------------------------------------------------------------------
                                              5.615890   slack (MET)




===========================================================================
report_checks --slack_max -0.01
============================================================================
======================= max_tt_025C_1v80 Corner ===================================

No paths found.


===========================================================================
 report_check_types -max_slew -max_cap -max_fanout -violators
============================================================================
======================= max_tt_025C_1v80 Corner ===================================

max slew

Pin                                        Limit        Slew       Slack
------------------------------------------------------------------------
_06661_/B1                              1.000000    1.212313   -0.212313 (VIOLATED)
_06538_/B1                              1.000000    1.212310   -0.212310 (VIOLATED)
ANTENNA__06661__B1/DIODE                1.000000    1.212301   -0.212301 (VIOLATED)
_06550_/A2                              1.000000    1.212297   -0.212297 (VIOLATED)
ANTENNA__06538__B1/DIODE                1.000000    1.212291   -0.212291 (VIOLATED)
ANTENNA__06550__A2/DIODE                1.000000    1.212282   -0.212282 (VIOLATED)
ANTENNA__06492__Y/DIODE                 1.000000    1.212280   -0.212280 (VIOLATED)
_06492_/Y                               1.000000    1.212277   -0.212277 (VIOLATED)
ANTENNA_fanout982_A/DIODE               1.000000    1.166838   -0.166838 (VIOLATED)
fanout982/A                             1.000000    1.166838   -0.166838 (VIOLATED)
ANTENNA_fanout975_A/DIODE               1.000000    1.166711   -0.166711 (VIOLATED)
fanout975/A                             1.000000    1.166694   -0.166694 (VIOLATED)
fanout970/A                             1.000000    1.166689   -0.166689 (VIOLATED)
ANTENNA_fanout970_A/DIODE               1.000000    1.166689   -0.166689 (VIOLATED)
ANTENNA_hold1809_X/DIODE                1.000000    1.166635   -0.166635 (VIOLATED)
hold1809/X                              1.000000    1.166304   -0.166304 (VIOLATED)
ANTENNA__12527__B1/DIODE                1.000000    1.161053   -0.161053 (VIOLATED)
_12527_/B1                              1.000000    1.161035   -0.161035 (VIOLATED)
ANTENNA__12567__B1/DIODE                1.000000    1.160957   -0.160957 (VIOLATED)
_12567_/B1                              1.000000    1.160872   -0.160872 (VIOLATED)
ANTENNA_fanout1810_A/DIODE              1.000000    1.160860   -0.160860 (VIOLATED)
fanout1810/A                            1.000000    1.160855   -0.160855 (VIOLATED)
ANTENNA_fanout1811_A/DIODE              1.000000    1.160849   -0.160849 (VIOLATED)
fanout1811/A                            1.000000    1.160843   -0.160843 (VIOLATED)
ANTENNA__06503__A1/DIODE                1.000000    1.160842   -0.160842 (VIOLATED)
_06503_/A1                              1.000000    1.160841   -0.160841 (VIOLATED)
ANTENNA_hold1421_X/DIODE                1.000000    1.160838   -0.160838 (VIOLATED)
hold1421/X                              1.000000    1.160448   -0.160448 (VIOLATED)
ANTENNA_fanout902_A/DIODE               1.000000    1.039440   -0.039440 (VIOLATED)
fanout902/A                             1.000000    1.039439   -0.039439 (VIOLATED)
ANTENNA_fanout899_A/DIODE               1.000000    1.038855   -0.038855 (VIOLATED)
ANTENNA_hold1710_X/DIODE                1.000000    1.038854   -0.038854 (VIOLATED)
fanout899/A                             1.000000    1.038853   -0.038853 (VIOLATED)
hold1710/X                              1.000000    1.038838   -0.038838 (VIOLATED)
ANTENNA_fanout397_A/DIODE               1.000000    1.015474   -0.015474 (VIOLATED)
ANTENNA_fanout395_A/DIODE               1.000000    1.015469   -0.015469 (VIOLATED)
ANTENNA__06476__Y/DIODE                 1.000000    1.015466   -0.015466 (VIOLATED)
fanout396/A                             1.000000    1.015457   -0.015457 (VIOLATED)
ANTENNA_fanout396_A/DIODE               1.000000    1.015455   -0.015455 (VIOLATED)
fanout397/A                             1.000000    1.015454   -0.015454 (VIOLATED)
fanout395/A                             1.000000    1.015451   -0.015451 (VIOLATED)
_06476_/Y                               1.000000    1.015445   -0.015445 (VIOLATED)

max fanout

Pin                                   Limit Fanout  Slack
---------------------------------------------------------
clkbuf_3_0__f_clk_i/X                     6     41    -35 (VIOLATED)
clkbuf_3_4__f_clk_i/X                     6     33    -27 (VIOLATED)
clkbuf_3_2__f_clk_i/X                     6     29    -23 (VIOLATED)
clkbuf_3_5__f_clk_i/X                     6     27    -21 (VIOLATED)
max_length4/X                             6     27    -21 (VIOLATED)
clkbuf_3_6__f_clk_i/X                     6     25    -19 (VIOLATED)
clkbuf_3_7__f_clk_i/X                     6     25    -19 (VIOLATED)
max_length6/X                             6     19    -13 (VIOLATED)
_12637_/Q                                 6     16    -10 (VIOLATED)
_12639_/Q                                 6     16    -10 (VIOLATED)
clkbuf_leaf_50_clk_i/X                    6     16    -10 (VIOLATED)
clkbuf_leaf_66_clk_i/X                    6     16    -10 (VIOLATED)
clkbuf_leaf_98_clk_i/X                    6     16    -10 (VIOLATED)
clkbuf_leaf_74_clk_i/X                    6     15     -9 (VIOLATED)
clkbuf_leaf_75_clk_i/X                    6     15     -9 (VIOLATED)
clkbuf_leaf_103_clk_i/X                   6     14     -8 (VIOLATED)
clkbuf_leaf_11_clk_i/X                    6     14     -8 (VIOLATED)
clkbuf_leaf_16_clk_i/X                    6     14     -8 (VIOLATED)
clkbuf_leaf_27_clk_i/X                    6     14     -8 (VIOLATED)
clkbuf_leaf_34_clk_i/X                    6     14     -8 (VIOLATED)
clkbuf_leaf_36_clk_i/X                    6     14     -8 (VIOLATED)
clkbuf_leaf_47_clk_i/X                    6     14     -8 (VIOLATED)
clkbuf_leaf_59_clk_i/X                    6     14     -8 (VIOLATED)
clkbuf_leaf_60_clk_i/X                    6     14     -8 (VIOLATED)
clkbuf_leaf_61_clk_i/X                    6     14     -8 (VIOLATED)
_06284_/Y                                 6     13     -7 (VIOLATED)
_06286_/Y                                 6     13     -7 (VIOLATED)
_06310_/Y                                 6     13     -7 (VIOLATED)
_06467_/X                                 6     13     -7 (VIOLATED)
clkbuf_leaf_28_clk_i/X                    6     13     -7 (VIOLATED)
clkbuf_leaf_37_clk_i/X                    6     13     -7 (VIOLATED)
clkbuf_leaf_56_clk_i/X                    6     13     -7 (VIOLATED)
clkbuf_leaf_72_clk_i/X                    6     13     -7 (VIOLATED)
clkbuf_leaf_89_clk_i/X                    6     13     -7 (VIOLATED)
clkbuf_leaf_92_clk_i/X                    6     13     -7 (VIOLATED)
fanout1002/X                              6     13     -7 (VIOLATED)
fanout1008/X                              6     13     -7 (VIOLATED)
fanout1010/X                              6     13     -7 (VIOLATED)
fanout1023/X                              6     13     -7 (VIOLATED)
fanout1031/X                              6     13     -7 (VIOLATED)
fanout1038/X                              6     13     -7 (VIOLATED)
fanout1040/X                              6     13     -7 (VIOLATED)
fanout1041/X                              6     13     -7 (VIOLATED)
fanout1046/X                              6     13     -7 (VIOLATED)
fanout1114/X                              6     13     -7 (VIOLATED)
fanout1126/X                              6     13     -7 (VIOLATED)
fanout1128/X                              6     13     -7 (VIOLATED)
fanout1129/X                              6     13     -7 (VIOLATED)
fanout1143/X                              6     13     -7 (VIOLATED)
fanout1147/X                              6     13     -7 (VIOLATED)
fanout1148/X                              6     13     -7 (VIOLATED)
fanout1153/X                              6     13     -7 (VIOLATED)
fanout1154/X                              6     13     -7 (VIOLATED)
fanout1162/X                              6     13     -7 (VIOLATED)
fanout1167/X                              6     13     -7 (VIOLATED)
fanout1178/X                              6     13     -7 (VIOLATED)
fanout1182/X                              6     13     -7 (VIOLATED)
fanout1184/X                              6     13     -7 (VIOLATED)
fanout1185/X                              6     13     -7 (VIOLATED)
fanout1186/X                              6     13     -7 (VIOLATED)
fanout1230/X                              6     13     -7 (VIOLATED)
fanout1243/X                              6     13     -7 (VIOLATED)
fanout1254/X                              6     13     -7 (VIOLATED)
fanout1255/X                              6     13     -7 (VIOLATED)
fanout1257/X                              6     13     -7 (VIOLATED)
fanout1259/X                              6     13     -7 (VIOLATED)
fanout1269/X                              6     13     -7 (VIOLATED)
fanout1280/X                              6     13     -7 (VIOLATED)
fanout1282/X                              6     13     -7 (VIOLATED)
fanout1284/X                              6     13     -7 (VIOLATED)
fanout1288/X                              6     13     -7 (VIOLATED)
fanout1291/X                              6     13     -7 (VIOLATED)
fanout1315/X                              6     13     -7 (VIOLATED)
fanout1332/X                              6     13     -7 (VIOLATED)
fanout1338/X                              6     13     -7 (VIOLATED)
fanout1339/X                              6     13     -7 (VIOLATED)
fanout1344/X                              6     13     -7 (VIOLATED)
fanout1349/X                              6     13     -7 (VIOLATED)
fanout1351/X                              6     13     -7 (VIOLATED)
fanout1357/X                              6     13     -7 (VIOLATED)
fanout1380/X                              6     13     -7 (VIOLATED)
fanout1384/X                              6     13     -7 (VIOLATED)
fanout1396/X                              6     13     -7 (VIOLATED)
fanout1398/X                              6     13     -7 (VIOLATED)
fanout1403/X                              6     13     -7 (VIOLATED)
fanout1406/X                              6     13     -7 (VIOLATED)
fanout1407/X                              6     13     -7 (VIOLATED)
fanout1413/X                              6     13     -7 (VIOLATED)
fanout1417/X                              6     13     -7 (VIOLATED)
fanout1419/X                              6     13     -7 (VIOLATED)
fanout1424/X                              6     13     -7 (VIOLATED)
fanout1436/X                              6     13     -7 (VIOLATED)
fanout1440/X                              6     13     -7 (VIOLATED)
fanout1446/X                              6     13     -7 (VIOLATED)
fanout1455/X                              6     13     -7 (VIOLATED)
fanout1469/X                              6     13     -7 (VIOLATED)
fanout1471/X                              6     13     -7 (VIOLATED)
fanout1479/X                              6     13     -7 (VIOLATED)
fanout1480/X                              6     13     -7 (VIOLATED)
fanout1482/X                              6     13     -7 (VIOLATED)
fanout1486/X                              6     13     -7 (VIOLATED)
fanout1498/X                              6     13     -7 (VIOLATED)
fanout1502/X                              6     13     -7 (VIOLATED)
fanout1513/X                              6     13     -7 (VIOLATED)
fanout1518/X                              6     13     -7 (VIOLATED)
fanout1521/X                              6     13     -7 (VIOLATED)
fanout1526/X                              6     13     -7 (VIOLATED)
fanout1529/X                              6     13     -7 (VIOLATED)
fanout1532/X                              6     13     -7 (VIOLATED)
fanout1538/X                              6     13     -7 (VIOLATED)
fanout1539/X                              6     13     -7 (VIOLATED)
fanout1540/X                              6     13     -7 (VIOLATED)
fanout1555/X                              6     13     -7 (VIOLATED)
fanout1568/X                              6     13     -7 (VIOLATED)
fanout1576/X                              6     13     -7 (VIOLATED)
fanout1619/X                              6     13     -7 (VIOLATED)
fanout1627/X                              6     13     -7 (VIOLATED)
fanout1628/X                              6     13     -7 (VIOLATED)
fanout1638/X                              6     13     -7 (VIOLATED)
fanout1641/X                              6     13     -7 (VIOLATED)
fanout1658/X                              6     13     -7 (VIOLATED)
fanout1665/X                              6     13     -7 (VIOLATED)
fanout1679/X                              6     13     -7 (VIOLATED)
fanout1682/X                              6     13     -7 (VIOLATED)
fanout1685/X                              6     13     -7 (VIOLATED)
fanout1687/X                              6     13     -7 (VIOLATED)
fanout1702/X                              6     13     -7 (VIOLATED)
fanout1707/X                              6     13     -7 (VIOLATED)
fanout1710/X                              6     13     -7 (VIOLATED)
fanout1712/X                              6     13     -7 (VIOLATED)
fanout1810/X                              6     13     -7 (VIOLATED)
fanout1811/X                              6     13     -7 (VIOLATED)
fanout1815/X                              6     13     -7 (VIOLATED)
fanout1818/X                              6     13     -7 (VIOLATED)
fanout1891/X                              6     13     -7 (VIOLATED)
fanout1903/X                              6     13     -7 (VIOLATED)
fanout1952/X                              6     13     -7 (VIOLATED)
fanout1957/X                              6     13     -7 (VIOLATED)
fanout2002/X                              6     13     -7 (VIOLATED)
fanout2004/X                              6     13     -7 (VIOLATED)
fanout273/X                               6     13     -7 (VIOLATED)
fanout274/X                               6     13     -7 (VIOLATED)
fanout277/X                               6     13     -7 (VIOLATED)
fanout278/X                               6     13     -7 (VIOLATED)
fanout286/X                               6     13     -7 (VIOLATED)
fanout287/X                               6     13     -7 (VIOLATED)
fanout289/X                               6     13     -7 (VIOLATED)
fanout290/X                               6     13     -7 (VIOLATED)
fanout295/X                               6     13     -7 (VIOLATED)
fanout298/X                               6     13     -7 (VIOLATED)
fanout299/X                               6     13     -7 (VIOLATED)
fanout301/X                               6     13     -7 (VIOLATED)
fanout302/X                               6     13     -7 (VIOLATED)
fanout306/X                               6     13     -7 (VIOLATED)
fanout309/X                               6     13     -7 (VIOLATED)
fanout310/X                               6     13     -7 (VIOLATED)
fanout313/X                               6     13     -7 (VIOLATED)
fanout314/X                               6     13     -7 (VIOLATED)
fanout316/X                               6     13     -7 (VIOLATED)
fanout317/X                               6     13     -7 (VIOLATED)
fanout320/X                               6     13     -7 (VIOLATED)
fanout322/X                               6     13     -7 (VIOLATED)
fanout327/X                               6     13     -7 (VIOLATED)
fanout329/X                               6     13     -7 (VIOLATED)
fanout330/X                               6     13     -7 (VIOLATED)
fanout332/X                               6     13     -7 (VIOLATED)
fanout333/X                               6     13     -7 (VIOLATED)
fanout335/X                               6     13     -7 (VIOLATED)
fanout336/X                               6     13     -7 (VIOLATED)
fanout338/X                               6     13     -7 (VIOLATED)
fanout339/X                               6     13     -7 (VIOLATED)
fanout340/X                               6     13     -7 (VIOLATED)
fanout357/X                               6     13     -7 (VIOLATED)
fanout358/X                               6     13     -7 (VIOLATED)
fanout360/X                               6     13     -7 (VIOLATED)
fanout361/X                               6     13     -7 (VIOLATED)
fanout363/X                               6     13     -7 (VIOLATED)
fanout365/X                               6     13     -7 (VIOLATED)
fanout370/X                               6     13     -7 (VIOLATED)
fanout371/X                               6     13     -7 (VIOLATED)
fanout374/X                               6     13     -7 (VIOLATED)
fanout377/X                               6     13     -7 (VIOLATED)
fanout378/X                               6     13     -7 (VIOLATED)
fanout382/X                               6     13     -7 (VIOLATED)
fanout385/X                               6     13     -7 (VIOLATED)
fanout388/X                               6     13     -7 (VIOLATED)
fanout390/X                               6     13     -7 (VIOLATED)
fanout391/X                               6     13     -7 (VIOLATED)
fanout395/X                               6     13     -7 (VIOLATED)
fanout397/X                               6     13     -7 (VIOLATED)
fanout405/X                               6     13     -7 (VIOLATED)
fanout407/X                               6     13     -7 (VIOLATED)
fanout410/X                               6     13     -7 (VIOLATED)
fanout411/X                               6     13     -7 (VIOLATED)
fanout430/X                               6     13     -7 (VIOLATED)
fanout435/X                               6     13     -7 (VIOLATED)
fanout436/X                               6     13     -7 (VIOLATED)
fanout439/X                               6     13     -7 (VIOLATED)
fanout442/X                               6     13     -7 (VIOLATED)
fanout444/X                               6     13     -7 (VIOLATED)
fanout445/X                               6     13     -7 (VIOLATED)
fanout449/X                               6     13     -7 (VIOLATED)
fanout451/X                               6     13     -7 (VIOLATED)
fanout456/X                               6     13     -7 (VIOLATED)
fanout480/X                               6     13     -7 (VIOLATED)
fanout482/X                               6     13     -7 (VIOLATED)
fanout483/X                               6     13     -7 (VIOLATED)
fanout484/X                               6     13     -7 (VIOLATED)
fanout485/X                               6     13     -7 (VIOLATED)
fanout487/X                               6     13     -7 (VIOLATED)
fanout491/X                               6     13     -7 (VIOLATED)
fanout493/X                               6     13     -7 (VIOLATED)
fanout497/X                               6     13     -7 (VIOLATED)
fanout498/X                               6     13     -7 (VIOLATED)
fanout503/X                               6     13     -7 (VIOLATED)
fanout507/X                               6     13     -7 (VIOLATED)
fanout508/X                               6     13     -7 (VIOLATED)
fanout511/X                               6     13     -7 (VIOLATED)
fanout529/X                               6     13     -7 (VIOLATED)
fanout531/X                               6     13     -7 (VIOLATED)
fanout560/X                               6     13     -7 (VIOLATED)
fanout563/X                               6     13     -7 (VIOLATED)
fanout569/X                               6     13     -7 (VIOLATED)
fanout572/X                               6     13     -7 (VIOLATED)
fanout576/X                               6     13     -7 (VIOLATED)
fanout582/X                               6     13     -7 (VIOLATED)
fanout596/X                               6     13     -7 (VIOLATED)
fanout613/X                               6     13     -7 (VIOLATED)
fanout614/X                               6     13     -7 (VIOLATED)
fanout616/X                               6     13     -7 (VIOLATED)
fanout617/X                               6     13     -7 (VIOLATED)
fanout620/X                               6     13     -7 (VIOLATED)
fanout622/X                               6     13     -7 (VIOLATED)
fanout623/X                               6     13     -7 (VIOLATED)
fanout624/X                               6     13     -7 (VIOLATED)
fanout630/X                               6     13     -7 (VIOLATED)
fanout635/X                               6     13     -7 (VIOLATED)
fanout641/X                               6     13     -7 (VIOLATED)
fanout643/X                               6     13     -7 (VIOLATED)
fanout644/X                               6     13     -7 (VIOLATED)
fanout651/X                               6     13     -7 (VIOLATED)
fanout654/X                               6     13     -7 (VIOLATED)
fanout657/X                               6     13     -7 (VIOLATED)
fanout659/X                               6     13     -7 (VIOLATED)
fanout666/X                               6     13     -7 (VIOLATED)
fanout670/X                               6     13     -7 (VIOLATED)
fanout671/X                               6     13     -7 (VIOLATED)
fanout686/X                               6     13     -7 (VIOLATED)
fanout687/X                               6     13     -7 (VIOLATED)
fanout690/X                               6     13     -7 (VIOLATED)
fanout692/X                               6     13     -7 (VIOLATED)
fanout695/X                               6     13     -7 (VIOLATED)
fanout696/X                               6     13     -7 (VIOLATED)
fanout698/X                               6     13     -7 (VIOLATED)
fanout705/X                               6     13     -7 (VIOLATED)
fanout706/X                               6     13     -7 (VIOLATED)
fanout707/X                               6     13     -7 (VIOLATED)
fanout708/X                               6     13     -7 (VIOLATED)
fanout711/X                               6     13     -7 (VIOLATED)
fanout712/X                               6     13     -7 (VIOLATED)
fanout713/X                               6     13     -7 (VIOLATED)
fanout715/X                               6     13     -7 (VIOLATED)
fanout716/X                               6     13     -7 (VIOLATED)
fanout719/X                               6     13     -7 (VIOLATED)
fanout720/X                               6     13     -7 (VIOLATED)
fanout721/X                               6     13     -7 (VIOLATED)
fanout722/X                               6     13     -7 (VIOLATED)
fanout723/X                               6     13     -7 (VIOLATED)
fanout724/X                               6     13     -7 (VIOLATED)
fanout727/X                               6     13     -7 (VIOLATED)
fanout730/X                               6     13     -7 (VIOLATED)
fanout734/X                               6     13     -7 (VIOLATED)
fanout738/X                               6     13     -7 (VIOLATED)
fanout744/X                               6     13     -7 (VIOLATED)
fanout749/X                               6     13     -7 (VIOLATED)
fanout753/X                               6     13     -7 (VIOLATED)
fanout754/X                               6     13     -7 (VIOLATED)
fanout806/X                               6     13     -7 (VIOLATED)
fanout815/X                               6     13     -7 (VIOLATED)
fanout818/X                               6     13     -7 (VIOLATED)
fanout820/X                               6     13     -7 (VIOLATED)
fanout821/X                               6     13     -7 (VIOLATED)
fanout825/X                               6     13     -7 (VIOLATED)
fanout829/X                               6     13     -7 (VIOLATED)
fanout847/X                               6     13     -7 (VIOLATED)
fanout848/X                               6     13     -7 (VIOLATED)
fanout849/X                               6     13     -7 (VIOLATED)
fanout850/X                               6     13     -7 (VIOLATED)
fanout852/X                               6     13     -7 (VIOLATED)
fanout853/X                               6     13     -7 (VIOLATED)
fanout854/X                               6     13     -7 (VIOLATED)
fanout863/X                               6     13     -7 (VIOLATED)
fanout864/X                               6     13     -7 (VIOLATED)
fanout876/X                               6     13     -7 (VIOLATED)
fanout877/X                               6     13     -7 (VIOLATED)
fanout892/X                               6     13     -7 (VIOLATED)
fanout893/X                               6     13     -7 (VIOLATED)
fanout894/X                               6     13     -7 (VIOLATED)
fanout899/X                               6     13     -7 (VIOLATED)
fanout902/X                               6     13     -7 (VIOLATED)
fanout904/X                               6     13     -7 (VIOLATED)
fanout905/X                               6     13     -7 (VIOLATED)
fanout910/X                               6     13     -7 (VIOLATED)
fanout912/X                               6     13     -7 (VIOLATED)
fanout918/X                               6     13     -7 (VIOLATED)
fanout920/X                               6     13     -7 (VIOLATED)
fanout921/X                               6     13     -7 (VIOLATED)
fanout929/X                               6     13     -7 (VIOLATED)
fanout934/X                               6     13     -7 (VIOLATED)
fanout940/X                               6     13     -7 (VIOLATED)
fanout944/X                               6     13     -7 (VIOLATED)
fanout945/X                               6     13     -7 (VIOLATED)
fanout946/X                               6     13     -7 (VIOLATED)
fanout955/X                               6     13     -7 (VIOLATED)
fanout959/X                               6     13     -7 (VIOLATED)
fanout974/X                               6     13     -7 (VIOLATED)
fanout984/X                               6     13     -7 (VIOLATED)
hold1041/X                                6     13     -7 (VIOLATED)
hold1197/X                                6     13     -7 (VIOLATED)
hold1233/X                                6     13     -7 (VIOLATED)
hold1251/X                                6     13     -7 (VIOLATED)
hold1291/X                                6     13     -7 (VIOLATED)
hold1326/X                                6     13     -7 (VIOLATED)
hold1530/X                                6     13     -7 (VIOLATED)
hold1541/X                                6     13     -7 (VIOLATED)
hold1585/X                                6     13     -7 (VIOLATED)
hold1615/X                                6     13     -7 (VIOLATED)
hold1658/X                                6     13     -7 (VIOLATED)
hold1790/X                                6     13     -7 (VIOLATED)
hold1798/X                                6     13     -7 (VIOLATED)
hold1824/X                                6     13     -7 (VIOLATED)
hold1832/X                                6     13     -7 (VIOLATED)
hold1885/X                                6     13     -7 (VIOLATED)
clkbuf_leaf_105_clk_i/X                   6     12     -6 (VIOLATED)
clkbuf_leaf_96_clk_i/X                    6     12     -6 (VIOLATED)
fanout307/X                               6     12     -6 (VIOLATED)
_06295_/Y                                 6     11     -5 (VIOLATED)
clkbuf_leaf_100_clk_i/X                   6     11     -5 (VIOLATED)
clkbuf_leaf_104_clk_i/X                   6     11     -5 (VIOLATED)
clkbuf_leaf_13_clk_i/X                    6     11     -5 (VIOLATED)
clkbuf_leaf_14_clk_i/X                    6     11     -5 (VIOLATED)
clkbuf_leaf_18_clk_i/X                    6     11     -5 (VIOLATED)
clkbuf_leaf_19_clk_i/X                    6     11     -5 (VIOLATED)
clkbuf_leaf_20_clk_i/X                    6     11     -5 (VIOLATED)
clkbuf_leaf_58_clk_i/X                    6     11     -5 (VIOLATED)
clkbuf_leaf_78_clk_i/X                    6     11     -5 (VIOLATED)
fanout1070/X                              6     11     -5 (VIOLATED)
fanout1082/X                              6     11     -5 (VIOLATED)
fanout1089/X                              6     11     -5 (VIOLATED)
fanout1124/X                              6     11     -5 (VIOLATED)
fanout1127/X                              6     11     -5 (VIOLATED)
fanout1146/X                              6     11     -5 (VIOLATED)
fanout1169/X                              6     11     -5 (VIOLATED)
fanout1203/X                              6     11     -5 (VIOLATED)
fanout1207/X                              6     11     -5 (VIOLATED)
fanout1208/X                              6     11     -5 (VIOLATED)
fanout1238/X                              6     11     -5 (VIOLATED)
fanout1244/X                              6     11     -5 (VIOLATED)
fanout1267/X                              6     11     -5 (VIOLATED)
fanout1274/X                              6     11     -5 (VIOLATED)
fanout1278/X                              6     11     -5 (VIOLATED)
fanout1289/X                              6     11     -5 (VIOLATED)
fanout1319/X                              6     11     -5 (VIOLATED)
fanout1375/X                              6     11     -5 (VIOLATED)
fanout1390/X                              6     11     -5 (VIOLATED)
fanout1437/X                              6     11     -5 (VIOLATED)
fanout1449/X                              6     11     -5 (VIOLATED)
fanout1489/X                              6     11     -5 (VIOLATED)
fanout1490/X                              6     11     -5 (VIOLATED)
fanout1492/X                              6     11     -5 (VIOLATED)
fanout1495/X                              6     11     -5 (VIOLATED)
fanout1522/X                              6     11     -5 (VIOLATED)
fanout1525/X                              6     11     -5 (VIOLATED)
fanout1535/X                              6     11     -5 (VIOLATED)
fanout1646/X                              6     11     -5 (VIOLATED)
fanout1686/X                              6     11     -5 (VIOLATED)
fanout1817/X                              6     11     -5 (VIOLATED)
fanout1907/X                              6     11     -5 (VIOLATED)
fanout1960/X                              6     11     -5 (VIOLATED)
fanout276/X                               6     11     -5 (VIOLATED)
fanout279/X                               6     11     -5 (VIOLATED)
fanout288/X                               6     11     -5 (VIOLATED)
fanout292/X                               6     11     -5 (VIOLATED)
fanout312/X                               6     11     -5 (VIOLATED)
fanout315/X                               6     11     -5 (VIOLATED)
fanout328/X                               6     11     -5 (VIOLATED)
fanout359/X                               6     11     -5 (VIOLATED)
fanout362/X                               6     11     -5 (VIOLATED)
fanout386/X                               6     11     -5 (VIOLATED)
fanout392/X                               6     11     -5 (VIOLATED)
fanout393/X                               6     11     -5 (VIOLATED)
fanout408/X                               6     11     -5 (VIOLATED)
fanout450/X                               6     11     -5 (VIOLATED)
fanout500/X                               6     11     -5 (VIOLATED)
fanout512/X                               6     11     -5 (VIOLATED)
fanout562/X                               6     11     -5 (VIOLATED)
fanout566/X                               6     11     -5 (VIOLATED)
fanout577/X                               6     11     -5 (VIOLATED)
fanout578/X                               6     11     -5 (VIOLATED)
fanout591/X                               6     11     -5 (VIOLATED)
fanout6/X                                 6     11     -5 (VIOLATED)
fanout608/X                               6     11     -5 (VIOLATED)
fanout637/X                               6     11     -5 (VIOLATED)
fanout682/X                               6     11     -5 (VIOLATED)
fanout685/X                               6     11     -5 (VIOLATED)
fanout688/X                               6     11     -5 (VIOLATED)
fanout709/X                               6     11     -5 (VIOLATED)
fanout718/X                               6     11     -5 (VIOLATED)
fanout728/X                               6     11     -5 (VIOLATED)
fanout835/X                               6     11     -5 (VIOLATED)
fanout859/X                               6     11     -5 (VIOLATED)
fanout886/X                               6     11     -5 (VIOLATED)
fanout901/X                               6     11     -5 (VIOLATED)
fanout915/X                               6     11     -5 (VIOLATED)
fanout991/X                               6     11     -5 (VIOLATED)
hold1216/X                                6     11     -5 (VIOLATED)
hold1290/X                                6     11     -5 (VIOLATED)
hold1421/X                                6     11     -5 (VIOLATED)
hold1526/X                                6     11     -5 (VIOLATED)
hold1587/X                                6     11     -5 (VIOLATED)
hold1640/X                                6     11     -5 (VIOLATED)
hold1667/X                                6     11     -5 (VIOLATED)
hold1943/X                                6     11     -5 (VIOLATED)
hold1961/X                                6     11     -5 (VIOLATED)
hold1970/X                                6     11     -5 (VIOLATED)
hold1981/X                                6     11     -5 (VIOLATED)
hold2116/X                                6     11     -5 (VIOLATED)
clkbuf_leaf_43_clk_i/X                    6     10     -4 (VIOLATED)
clkbuf_leaf_55_clk_i/X                    6     10     -4 (VIOLATED)
clkbuf_leaf_76_clk_i/X                    6     10     -4 (VIOLATED)
clkbuf_leaf_94_clk_i/X                    6     10     -4 (VIOLATED)
clkbuf_leaf_95_clk_i/X                    6     10     -4 (VIOLATED)
clkbuf_leaf_99_clk_i/X                    6     10     -4 (VIOLATED)
fanout1536/X                              6     10     -4 (VIOLATED)
fanout1981/X                              6     10     -4 (VIOLATED)
fanout323/X                               6     10     -4 (VIOLATED)
_09016_/Y                                 6      9     -3 (VIOLATED)
_09438_/Y                                 6      9     -3 (VIOLATED)
_11413_/Y                                 6      9     -3 (VIOLATED)
_11642_/X                                 6      9     -3 (VIOLATED)
clkbuf_0_clk_i/X                          6      9     -3 (VIOLATED)
clkbuf_leaf_101_clk_i/X                   6      9     -3 (VIOLATED)
clkbuf_leaf_1_clk_i/X                     6      9     -3 (VIOLATED)
clkbuf_leaf_33_clk_i/X                    6      9     -3 (VIOLATED)
clkbuf_leaf_38_clk_i/X                    6      9     -3 (VIOLATED)
clkbuf_leaf_49_clk_i/X                    6      9     -3 (VIOLATED)
clkbuf_leaf_4_clk_i/X                     6      9     -3 (VIOLATED)
clkbuf_leaf_62_clk_i/X                    6      9     -3 (VIOLATED)
clkbuf_leaf_71_clk_i/X                    6      9     -3 (VIOLATED)
clkbuf_leaf_87_clk_i/X                    6      9     -3 (VIOLATED)
clkbuf_leaf_97_clk_i/X                    6      9     -3 (VIOLATED)
clkbuf_leaf_9_clk_i/X                     6      9     -3 (VIOLATED)
fanout1035/X                              6      9     -3 (VIOLATED)
fanout1036/X                              6      9     -3 (VIOLATED)
fanout1039/X                              6      9     -3 (VIOLATED)
fanout1047/X                              6      9     -3 (VIOLATED)
fanout1052/X                              6      9     -3 (VIOLATED)
fanout1102/X                              6      9     -3 (VIOLATED)
fanout1134/X                              6      9     -3 (VIOLATED)
fanout1141/X                              6      9     -3 (VIOLATED)
fanout1149/X                              6      9     -3 (VIOLATED)
fanout1180/X                              6      9     -3 (VIOLATED)
fanout1199/X                              6      9     -3 (VIOLATED)
fanout1228/X                              6      9     -3 (VIOLATED)
fanout1252/X                              6      9     -3 (VIOLATED)
fanout1261/X                              6      9     -3 (VIOLATED)
fanout1268/X                              6      9     -3 (VIOLATED)
fanout1304/X                              6      9     -3 (VIOLATED)
fanout1311/X                              6      9     -3 (VIOLATED)
fanout1312/X                              6      9     -3 (VIOLATED)
fanout1318/X                              6      9     -3 (VIOLATED)
fanout1358/X                              6      9     -3 (VIOLATED)
fanout1381/X                              6      9     -3 (VIOLATED)
fanout1382/X                              6      9     -3 (VIOLATED)
fanout1423/X                              6      9     -3 (VIOLATED)
fanout1429/X                              6      9     -3 (VIOLATED)
fanout1431/X                              6      9     -3 (VIOLATED)
fanout1443/X                              6      9     -3 (VIOLATED)
fanout1454/X                              6      9     -3 (VIOLATED)
fanout1458/X                              6      9     -3 (VIOLATED)
fanout1485/X                              6      9     -3 (VIOLATED)
fanout1493/X                              6      9     -3 (VIOLATED)
fanout1517/X                              6      9     -3 (VIOLATED)
fanout1547/X                              6      9     -3 (VIOLATED)
fanout1573/X                              6      9     -3 (VIOLATED)
fanout1588/X                              6      9     -3 (VIOLATED)
fanout1604/X                              6      9     -3 (VIOLATED)
fanout1621/X                              6      9     -3 (VIOLATED)
fanout1625/X                              6      9     -3 (VIOLATED)
fanout1636/X                              6      9     -3 (VIOLATED)
fanout1657/X                              6      9     -3 (VIOLATED)
fanout1667/X                              6      9     -3 (VIOLATED)
fanout1677/X                              6      9     -3 (VIOLATED)
fanout1696/X                              6      9     -3 (VIOLATED)
fanout1716/X                              6      9     -3 (VIOLATED)
fanout1734/X                              6      9     -3 (VIOLATED)
fanout1910/X                              6      9     -3 (VIOLATED)
fanout1928/X                              6      9     -3 (VIOLATED)
fanout1940/X                              6      9     -3 (VIOLATED)
fanout1948/X                              6      9     -3 (VIOLATED)
fanout1959/X                              6      9     -3 (VIOLATED)
fanout2003/X                              6      9     -3 (VIOLATED)
fanout2005/X                              6      9     -3 (VIOLATED)
fanout297/X                               6      9     -3 (VIOLATED)
fanout3/X                                 6      9     -3 (VIOLATED)
fanout300/X                               6      9     -3 (VIOLATED)
fanout319/X                               6      9     -3 (VIOLATED)
fanout331/X                               6      9     -3 (VIOLATED)
fanout334/X                               6      9     -3 (VIOLATED)
fanout337/X                               6      9     -3 (VIOLATED)
fanout364/X                               6      9     -3 (VIOLATED)
fanout367/X                               6      9     -3 (VIOLATED)
fanout376/X                               6      9     -3 (VIOLATED)
fanout383/X                               6      9     -3 (VIOLATED)
fanout438/X                               6      9     -3 (VIOLATED)
fanout440/X                               6      9     -3 (VIOLATED)
fanout447/X                               6      9     -3 (VIOLATED)
fanout492/X                               6      9     -3 (VIOLATED)
fanout504/X                               6      9     -3 (VIOLATED)
fanout592/X                               6      9     -3 (VIOLATED)
fanout597/X                               6      9     -3 (VIOLATED)
fanout603/X                               6      9     -3 (VIOLATED)
fanout618/X                               6      9     -3 (VIOLATED)
fanout626/X                               6      9     -3 (VIOLATED)
fanout629/X                               6      9     -3 (VIOLATED)
fanout642/X                               6      9     -3 (VIOLATED)
fanout658/X                               6      9     -3 (VIOLATED)
fanout660/X                               6      9     -3 (VIOLATED)
fanout667/X                               6      9     -3 (VIOLATED)
fanout680/X                               6      9     -3 (VIOLATED)
fanout694/X                               6      9     -3 (VIOLATED)
fanout703/X                               6      9     -3 (VIOLATED)
fanout704/X                               6      9     -3 (VIOLATED)
fanout717/X                               6      9     -3 (VIOLATED)
fanout729/X                               6      9     -3 (VIOLATED)
fanout732/X                               6      9     -3 (VIOLATED)
fanout735/X                               6      9     -3 (VIOLATED)
fanout741/X                               6      9     -3 (VIOLATED)
fanout742/X                               6      9     -3 (VIOLATED)
fanout743/X                               6      9     -3 (VIOLATED)
fanout822/X                               6      9     -3 (VIOLATED)
fanout883/X                               6      9     -3 (VIOLATED)
fanout908/X                               6      9     -3 (VIOLATED)
fanout909/X                               6      9     -3 (VIOLATED)
fanout913/X                               6      9     -3 (VIOLATED)
fanout922/X                               6      9     -3 (VIOLATED)
fanout925/X                               6      9     -3 (VIOLATED)
fanout930/X                               6      9     -3 (VIOLATED)
fanout949/X                               6      9     -3 (VIOLATED)
fanout950/X                               6      9     -3 (VIOLATED)
fanout958/X                               6      9     -3 (VIOLATED)
fanout966/X                               6      9     -3 (VIOLATED)
fanout975/X                               6      9     -3 (VIOLATED)
fanout981/X                               6      9     -3 (VIOLATED)
fanout988/X                               6      9     -3 (VIOLATED)
hold1095/X                                6      9     -3 (VIOLATED)
hold1143/X                                6      9     -3 (VIOLATED)
hold1201/X                                6      9     -3 (VIOLATED)
hold1276/X                                6      9     -3 (VIOLATED)
hold1303/X                                6      9     -3 (VIOLATED)
hold1362/X                                6      9     -3 (VIOLATED)
hold1438/X                                6      9     -3 (VIOLATED)
hold1440/X                                6      9     -3 (VIOLATED)
hold1492/X                                6      9     -3 (VIOLATED)
hold1663/X                                6      9     -3 (VIOLATED)
hold1748/X                                6      9     -3 (VIOLATED)
hold1756/X                                6      9     -3 (VIOLATED)
hold1785/X                                6      9     -3 (VIOLATED)
hold1858/X                                6      9     -3 (VIOLATED)
hold1989/X                                6      9     -3 (VIOLATED)
hold2087/X                                6      9     -3 (VIOLATED)
hold2682/X                                6      9     -3 (VIOLATED)
hold412/X                                 6      9     -3 (VIOLATED)
hold4470/X                                6      9     -3 (VIOLATED)
_11606_/X                                 6      8     -2 (VIOLATED)
_11638_/X                                 6      8     -2 (VIOLATED)
_11644_/X                                 6      8     -2 (VIOLATED)
_11664_/X                                 6      8     -2 (VIOLATED)
clkbuf_leaf_10_clk_i/X                    6      8     -2 (VIOLATED)
clkbuf_leaf_15_clk_i/X                    6      8     -2 (VIOLATED)
clkbuf_leaf_46_clk_i/X                    6      8     -2 (VIOLATED)
clkbuf_leaf_51_clk_i/X                    6      8     -2 (VIOLATED)
clkbuf_leaf_69_clk_i/X                    6      8     -2 (VIOLATED)
clkbuf_leaf_91_clk_i/X                    6      8     -2 (VIOLATED)
fanout1037/X                              6      8     -2 (VIOLATED)
fanout1270/X                              6      8     -2 (VIOLATED)
fanout2001/X                              6      8     -2 (VIOLATED)
fanout513/X                               6      8     -2 (VIOLATED)
fanout646/X                               6      8     -2 (VIOLATED)
_06283_/Y                                 6      7        (VIOLATED)
_06288_/Y                                 6      7        (VIOLATED)
_06374_/X                                 6      7        (VIOLATED)
_06473_/X                                 6      7        (VIOLATED)
_06476_/Y                                 6      7        (VIOLATED)
_06492_/Y                                 6      7        (VIOLATED)
_06495_/X                                 6      7        (VIOLATED)
_06499_/X                                 6      7        (VIOLATED)
_07842_/Y                                 6      7        (VIOLATED)
_10391_/X                                 6      7        (VIOLATED)
_11608_/X                                 6      7        (VIOLATED)
_11612_/X                                 6      7        (VIOLATED)
_11614_/X                                 6      7        (VIOLATED)
_11616_/X                                 6      7        (VIOLATED)
_11618_/X                                 6      7        (VIOLATED)
_11620_/X                                 6      7        (VIOLATED)
_11622_/X                                 6      7        (VIOLATED)
_11624_/X                                 6      7        (VIOLATED)
_11626_/X                                 6      7        (VIOLATED)
_11628_/X                                 6      7        (VIOLATED)
_11630_/X                                 6      7        (VIOLATED)
_11632_/X                                 6      7        (VIOLATED)
_11634_/X                                 6      7        (VIOLATED)
_11636_/X                                 6      7        (VIOLATED)
_11640_/X                                 6      7        (VIOLATED)
_11646_/X                                 6      7        (VIOLATED)
_11648_/X                                 6      7        (VIOLATED)
_11650_/X                                 6      7        (VIOLATED)
_11652_/X                                 6      7        (VIOLATED)
_11654_/X                                 6      7        (VIOLATED)
_11656_/X                                 6      7        (VIOLATED)
_11658_/X                                 6      7        (VIOLATED)
_11660_/X                                 6      7        (VIOLATED)
_11662_/X                                 6      7        (VIOLATED)
_11666_/X                                 6      7        (VIOLATED)
_11668_/X                                 6      7        (VIOLATED)
_11784_/Y                                 6      7        (VIOLATED)
_11841_/X                                 6      7        (VIOLATED)
_11844_/Y                                 6      7        (VIOLATED)
_11856_/Y                                 6      7        (VIOLATED)
_11990_/Y                                 6      7        (VIOLATED)
clkbuf_leaf_24_clk_i/X                    6      7        (VIOLATED)
clkbuf_leaf_25_clk_i/X                    6      7        (VIOLATED)
clkbuf_leaf_29_clk_i/X                    6      7        (VIOLATED)
clkbuf_leaf_2_clk_i/X                     6      7        (VIOLATED)
clkbuf_leaf_31_clk_i/X                    6      7        (VIOLATED)
clkbuf_leaf_3_clk_i/X                     6      7        (VIOLATED)
clkbuf_leaf_52_clk_i/X                    6      7        (VIOLATED)
clkbuf_leaf_53_clk_i/X                    6      7        (VIOLATED)
clkbuf_leaf_54_clk_i/X                    6      7        (VIOLATED)
clkbuf_leaf_57_clk_i/X                    6      7        (VIOLATED)
fanout1003/X                              6      7        (VIOLATED)
fanout1014/X                              6      7        (VIOLATED)
fanout1022/X                              6      7        (VIOLATED)
fanout1026/X                              6      7        (VIOLATED)
fanout1091/X                              6      7        (VIOLATED)
fanout1158/X                              6      7        (VIOLATED)
fanout1159/X                              6      7        (VIOLATED)
fanout1161/X                              6      7        (VIOLATED)
fanout1181/X                              6      7        (VIOLATED)
fanout1215/X                              6      7        (VIOLATED)
fanout1224/X                              6      7        (VIOLATED)
fanout1234/X                              6      7        (VIOLATED)
fanout1247/X                              6      7        (VIOLATED)
fanout1273/X                              6      7        (VIOLATED)
fanout1281/X                              6      7        (VIOLATED)
fanout1283/X                              6      7        (VIOLATED)
fanout1287/X                              6      7        (VIOLATED)
fanout1292/X                              6      7        (VIOLATED)
fanout1293/X                              6      7        (VIOLATED)
fanout1331/X                              6      7        (VIOLATED)
fanout1336/X                              6      7        (VIOLATED)
fanout1341/X                              6      7        (VIOLATED)
fanout1354/X                              6      7        (VIOLATED)
fanout1372/X                              6      7        (VIOLATED)
fanout1383/X                              6      7        (VIOLATED)
fanout1394/X                              6      7        (VIOLATED)
fanout1399/X                              6      7        (VIOLATED)
fanout1402/X                              6      7        (VIOLATED)
fanout1412/X                              6      7        (VIOLATED)
fanout1416/X                              6      7        (VIOLATED)
fanout1438/X                              6      7        (VIOLATED)
fanout1445/X                              6      7        (VIOLATED)
fanout1451/X                              6      7        (VIOLATED)
fanout1456/X                              6      7        (VIOLATED)
fanout1457/X                              6      7        (VIOLATED)
fanout1463/X                              6      7        (VIOLATED)
fanout1468/X                              6      7        (VIOLATED)
fanout1470/X                              6      7        (VIOLATED)
fanout1476/X                              6      7        (VIOLATED)
fanout1477/X                              6      7        (VIOLATED)
fanout1500/X                              6      7        (VIOLATED)
fanout1519/X                              6      7        (VIOLATED)
fanout1554/X                              6      7        (VIOLATED)
fanout1561/X                              6      7        (VIOLATED)
fanout1562/X                              6      7        (VIOLATED)
fanout1581/X                              6      7        (VIOLATED)
fanout1582/X                              6      7        (VIOLATED)
fanout1583/X                              6      7        (VIOLATED)
fanout1605/X                              6      7        (VIOLATED)
fanout1615/X                              6      7        (VIOLATED)
fanout1637/X                              6      7        (VIOLATED)
fanout1642/X                              6      7        (VIOLATED)
fanout1661/X                              6      7        (VIOLATED)
fanout1668/X                              6      7        (VIOLATED)
fanout1703/X                              6      7        (VIOLATED)
fanout1717/X                              6      7        (VIOLATED)
fanout1820/X                              6      7        (VIOLATED)
fanout1929/X                              6      7        (VIOLATED)
fanout1933/X                              6      7        (VIOLATED)
fanout1949/X                              6      7        (VIOLATED)
fanout1950/X                              6      7        (VIOLATED)
fanout1956/X                              6      7        (VIOLATED)
fanout1958/X                              6      7        (VIOLATED)
fanout1961/X                              6      7        (VIOLATED)
fanout303/X                               6      7        (VIOLATED)
fanout308/X                               6      7        (VIOLATED)
fanout318/X                               6      7        (VIOLATED)
fanout373/X                               6      7        (VIOLATED)
fanout380/X                               6      7        (VIOLATED)
fanout387/X                               6      7        (VIOLATED)
fanout394/X                               6      7        (VIOLATED)
fanout402/X                               6      7        (VIOLATED)
fanout404/X                               6      7        (VIOLATED)
fanout409/X                               6      7        (VIOLATED)
fanout441/X                               6      7        (VIOLATED)
fanout452/X                               6      7        (VIOLATED)
fanout453/X                               6      7        (VIOLATED)
fanout486/X                               6      7        (VIOLATED)
fanout488/X                               6      7        (VIOLATED)
fanout489/X                               6      7        (VIOLATED)
fanout494/X                               6      7        (VIOLATED)
fanout495/X                               6      7        (VIOLATED)
fanout496/X                               6      7        (VIOLATED)
fanout545/X                               6      7        (VIOLATED)
fanout573/X                               6      7        (VIOLATED)
fanout602/X                               6      7        (VIOLATED)
fanout621/X                               6      7        (VIOLATED)
fanout632/X                               6      7        (VIOLATED)
fanout633/X                               6      7        (VIOLATED)
fanout640/X                               6      7        (VIOLATED)
fanout647/X                               6      7        (VIOLATED)
fanout650/X                               6      7        (VIOLATED)
fanout653/X                               6      7        (VIOLATED)
fanout664/X                               6      7        (VIOLATED)
fanout673/X                               6      7        (VIOLATED)
fanout689/X                               6      7        (VIOLATED)
fanout693/X                               6      7        (VIOLATED)
fanout710/X                               6      7        (VIOLATED)
fanout714/X                               6      7        (VIOLATED)
fanout736/X                               6      7        (VIOLATED)
fanout755/X                               6      7        (VIOLATED)
fanout764/X                               6      7        (VIOLATED)
fanout765/X                               6      7        (VIOLATED)
fanout778/X                               6      7        (VIOLATED)
fanout817/X                               6      7        (VIOLATED)
fanout843/X                               6      7        (VIOLATED)
fanout861/X                               6      7        (VIOLATED)
fanout867/X                               6      7        (VIOLATED)
fanout870/X                               6      7        (VIOLATED)
fanout872/X                               6      7        (VIOLATED)
fanout873/X                               6      7        (VIOLATED)
fanout884/X                               6      7        (VIOLATED)
fanout890/X                               6      7        (VIOLATED)
fanout891/X                               6      7        (VIOLATED)
fanout896/X                               6      7        (VIOLATED)
fanout919/X                               6      7        (VIOLATED)
fanout936/X                               6      7        (VIOLATED)
fanout937/X                               6      7        (VIOLATED)
fanout942/X                               6      7        (VIOLATED)
fanout951/X                               6      7        (VIOLATED)
fanout956/X                               6      7        (VIOLATED)
fanout957/X                               6      7        (VIOLATED)
fanout961/X                               6      7        (VIOLATED)
fanout969/X                               6      7        (VIOLATED)
fanout970/X                               6      7        (VIOLATED)
fanout982/X                               6      7        (VIOLATED)
fanout996/X                               6      7        (VIOLATED)
hold1077/X                                6      7        (VIOLATED)
hold1178/X                                6      7        (VIOLATED)
hold1184/X                                6      7        (VIOLATED)
hold1208/X                                6      7        (VIOLATED)
hold1218/X                                6      7        (VIOLATED)
hold1253/X                                6      7        (VIOLATED)
hold1287/X                                6      7        (VIOLATED)
hold1322/X                                6      7        (VIOLATED)
hold1325/X                                6      7        (VIOLATED)
hold1331/X                                6      7        (VIOLATED)
hold1373/X                                6      7        (VIOLATED)
hold1379/X                                6      7        (VIOLATED)
hold1410/X                                6      7        (VIOLATED)
hold1420/X                                6      7        (VIOLATED)
hold1427/X                                6      7        (VIOLATED)
hold1449/X                                6      7        (VIOLATED)
hold1469/X                                6      7        (VIOLATED)
hold1479/X                                6      7        (VIOLATED)
hold1504/X                                6      7        (VIOLATED)
hold1631/X                                6      7        (VIOLATED)
hold1684/X                                6      7        (VIOLATED)
hold1723/X                                6      7        (VIOLATED)
hold1743/X                                6      7        (VIOLATED)
hold1765/X                                6      7        (VIOLATED)
hold1809/X                                6      7        (VIOLATED)
hold1934/X                                6      7        (VIOLATED)
hold1935/X                                6      7        (VIOLATED)
hold1973/X                                6      7        (VIOLATED)
hold2120/X                                6      7        (VIOLATED)
hold2138/X                                6      7        (VIOLATED)
hold2168/X                                6      7        (VIOLATED)
hold2177/X                                6      7        (VIOLATED)
hold2182/X                                6      7        (VIOLATED)
hold2577/X                                6      7        (VIOLATED)
hold2623/X                                6      7        (VIOLATED)
hold2858/X                                6      7        (VIOLATED)
hold3795/X                                6      7        (VIOLATED)
hold3825/X                                6      7        (VIOLATED)
hold3831/X                                6      7        (VIOLATED)
hold3897/X                                6      7        (VIOLATED)
hold390/X                                 6      7        (VIOLATED)
hold3902/X                                6      7        (VIOLATED)
hold4120/X                                6      7        (VIOLATED)
hold4296/X                                6      7        (VIOLATED)
hold4369/X                                6      7        (VIOLATED)
hold4408/X                                6      7        (VIOLATED)
hold475/X                                 6      7        (VIOLATED)
hold958/X                                 6      7        (VIOLATED)

max capacitance

Pin                                        Limit         Cap       Slack
------------------------------------------------------------------------
clkbuf_3_0__f_clk_i/X                   0.200000    0.283015   -0.083015 (VIOLATED)
wire458/X                               0.200000    0.261295   -0.061295 (VIOLATED)
fanout489/X                             0.200000    0.245304   -0.045304 (VIOLATED)
clkbuf_3_7__f_clk_i/X                   0.200000    0.244406   -0.044406 (VIOLATED)
input123/X                              0.200000    0.242969   -0.042969 (VIOLATED)
fanout497/X                             0.200000    0.236897   -0.036897 (VIOLATED)
input1/X                                0.200000    0.235466   -0.035466 (VIOLATED)
input124/X                              0.200000    0.226034   -0.026034 (VIOLATED)
_13409_/X                               0.200000    0.225943   -0.025943 (VIOLATED)
input127/X                              0.200000    0.215814   -0.015814 (VIOLATED)
input126/X                              0.200000    0.215067   -0.015067 (VIOLATED)
clkbuf_3_4__f_clk_i/X                   0.200000    0.212593   -0.012593 (VIOLATED)
input68/X                               0.200000    0.212171   -0.012171 (VIOLATED)
fanout765/X                             0.200000    0.211852   -0.011852 (VIOLATED)
_06547_/X                               0.200000    0.211061   -0.011061 (VIOLATED)
input125/X                              0.200000    0.208578   -0.008578 (VIOLATED)
wire575/X                               0.200000    0.206456   -0.006456 (VIOLATED)
fanout513/X                             0.200000    0.206117   -0.006117 (VIOLATED)
input67/X                               0.200000    0.205963   -0.005963 (VIOLATED)
max_length4/X                           0.200000    0.203829   -0.003829 (VIOLATED)
input122/X                              0.200000    0.202923   -0.002923 (VIOLATED)



===========================================================================
report_parasitic_annotation -report_unannotated
============================================================================
Found 199 unannotated drivers.
 tl_i[103]
 tl_i[104]
 tl_i[105]
 tl_i[106]
 tl_i[10]
 tl_i[11]
 tl_i[12]
 tl_i[13]
 tl_i[14]
 tl_i[15]
 tl_i[16]
 tl_i[17]
 tl_i[18]
 tl_i[19]
 tl_i[1]
 tl_i[20]
 tl_i[21]
 tl_i[22]
 tl_i[23]
 tl_i[24]
 tl_i[2]
 tl_i[3]
 tl_i[4]
 tl_i[57]
 tl_i[58]
 tl_i[59]
 tl_i[5]
 tl_i[60]
 tl_i[6]
 tl_i[77]
 tl_i[78]
 tl_i[79]
 tl_i[7]
 tl_i[80]
 tl_i[81]
 tl_i[82]
 tl_i[83]
 tl_i[84]
 tl_i[85]
 tl_i[86]
 tl_i[87]
 tl_i[88]
 tl_i[89]
 tl_i[8]
 tl_i[90]
 tl_i[91]
 tl_i[92]
 tl_i[9]
 _12700__2027/LO
 clkload0/Y
 clkload1/Y
 clkload10/Y
 clkload11/Y
 clkload12/Y
 clkload13/X
 clkload14/Y
 clkload15/Y
 clkload16/Y
 clkload17/Y
 clkload18/Y
 clkload19/Y
 clkload2/Y
 clkload20/Y
 clkload21/Y
 clkload22/Y
 clkload23/Y
 clkload24/Y
 clkload25/Y
 clkload26/Y
 clkload27/Y
 clkload28/Y
 clkload29/Y
 clkload3/X
 clkload30/Y
 clkload31/Y
 clkload32/Y
 clkload33/Y
 clkload34/Y
 clkload35/Y
 clkload36/Y
 clkload37/X
 clkload38/Y
 clkload39/Y
 clkload4/Y
 clkload40/Y
 clkload41/Y
 clkload42/Y
 clkload43/X
 clkload44/Y
 clkload45/Y
 clkload46/Y
 clkload47/Y
 clkload48/X
 clkload49/Y
 clkload5/Y
 clkload50/X
 clkload51/X
 clkload52/Y
 clkload53/Y
 clkload54/Y
 clkload55/Y
 clkload56/X
 clkload57/Y
 clkload58/X
 clkload59/X
 clkload6/Y
 clkload60/Y
 clkload61/Y
 clkload62/Y
 clkload63/Y
 clkload64/Y
 clkload65/Y
 clkload66/Y
 clkload67/Y
 clkload68/Y
 clkload69/Y
 clkload7/Y
 clkload70/Y
 clkload71/Y
 clkload72/Y
 clkload73/Y
 clkload74/Y
 clkload75/Y
 clkload76/Y
 clkload77/X
 clkload78/X
 clkload79/X
 clkload8/Y
 clkload80/Y
 clkload81/Y
 clkload82/Y
 clkload83/Y
 clkload84/Y
 clkload85/Y
 clkload86/Y
 clkload87/Y
 clkload88/Y
 clkload89/Y
 clkload9/Y
 clkload90/Y
 clkload91/Y
 clkload92/Y
 clkload93/Y
 clkload94/Y
 clkload95/Y
 clkload96/Y
 fft_ctrl_tlul_2006/HI
 fft_ctrl_tlul_2007/HI
 fft_ctrl_tlul_2008/HI
 fft_ctrl_tlul_2009/HI
 fft_ctrl_tlul_2010/HI
 fft_ctrl_tlul_2011/HI
 fft_ctrl_tlul_2012/HI
 fft_ctrl_tlul_2013/HI
 fft_ctrl_tlul_2014/HI
 fft_ctrl_tlul_2015/HI
 fft_ctrl_tlul_2016/HI
 fft_ctrl_tlul_2017/HI
 fft_ctrl_tlul_2018/HI
 fft_ctrl_tlul_2019/HI
 fft_ctrl_tlul_2020/HI
 fft_ctrl_tlul_2021/HI
 fft_ctrl_tlul_2022/HI
 fft_ctrl_tlul_2023/HI
 fft_ctrl_tlul_2024/HI
 fft_ctrl_tlul_2025/HI
 fft_ctrl_tlul_2026/HI
 fft_ctrl_tlul_2028/LO
 fft_ctrl_tlul_2029/LO
 fft_ctrl_tlul_2030/LO
 fft_ctrl_tlul_2031/LO
 fft_ctrl_tlul_2032/LO
 fft_ctrl_tlul_2033/LO
 fft_ctrl_tlul_2034/LO
 fft_ctrl_tlul_2035/LO
 fft_ctrl_tlul_2036/LO
 fft_ctrl_tlul_2037/LO
 fft_ctrl_tlul_2038/LO
 fft_ctrl_tlul_2039/LO
 fft_ctrl_tlul_2040/LO
 fft_ctrl_tlul_2041/LO
 fft_ctrl_tlul_2042/LO
 fft_ctrl_tlul_2043/LO
 fft_ctrl_tlul_2044/LO
 fft_ctrl_tlul_2045/LO
 fft_ctrl_tlul_2046/LO
 fft_ctrl_tlul_2047/LO
 fft_ctrl_tlul_2048/LO
 fft_ctrl_tlul_2049/LO
 fft_ctrl_tlul_2050/LO
 fft_ctrl_tlul_2051/LO
 fft_ctrl_tlul_2052/LO
 fft_ctrl_tlul_2053/LO
 fft_ctrl_tlul_2054/LO
 fft_ctrl_tlul_2055/LO
 fft_ctrl_tlul_2056/LO
 fft_ctrl_tlul_2057/LO
 fft_ctrl_tlul_2058/LO
 fft_ctrl_tlul_2059/LO
Found 0 partially unannotated drivers.

===========================================================================
max slew violation count 42
max fanout violation count 815
max cap violation count 21
============================================================================

===========================================================================
check_setup -verbose -unconstrained_endpoints -multiple_clock -no_clock -no_input_delay -loops -generated_clocks
===========================================================================
Warning: There are 54 unconstrained endpoints.
  sram_ben_o[0]
  sram_ben_o[10]
  sram_ben_o[11]
  sram_ben_o[12]
  sram_ben_o[13]
  sram_ben_o[14]
  sram_ben_o[15]
  sram_ben_o[16]
  sram_ben_o[17]
  sram_ben_o[18]
  sram_ben_o[19]
  sram_ben_o[1]
  sram_ben_o[20]
  sram_ben_o[21]
  sram_ben_o[22]
  sram_ben_o[23]
  sram_ben_o[24]
  sram_ben_o[25]
  sram_ben_o[26]
  sram_ben_o[27]
  sram_ben_o[28]
  sram_ben_o[29]
  sram_ben_o[2]
  sram_ben_o[30]
  sram_ben_o[31]
  sram_ben_o[3]
  sram_ben_o[4]
  sram_ben_o[5]
  sram_ben_o[6]
  sram_ben_o[7]
  sram_ben_o[8]
  sram_ben_o[9]
  tl_o[10]
  tl_o[11]
  tl_o[12]
  tl_o[13]
  tl_o[14]
  tl_o[15]
  tl_o[1]
  tl_o[2]
  tl_o[3]
  tl_o[48]
  tl_o[4]
  tl_o[59]
  tl_o[5]
  tl_o[60]
  tl_o[61]
  tl_o[63]
  tl_o[64]
  tl_o[6]
  tl_o[7]
  tl_o[8]
  tl_o[9]
  _12700_/D
