Clock: clk_i
Sources: clk_i 
Generated: no
Virtual: yes
Propagated: no
Period: 25.000000

===========================================================================
report_clock_properties
============================================================================
Clock                   Period          Waveform
----------------------------------------------------
clk_i                25.000000    0.000000 12.500000

===========================================================================
report_clock_latency
============================================================================
Clock clk_i
rise -> rise
    min     max
0.000000 0.000000 source latency
1.439904         network latency _13306_/CLK
        1.929504 network latency _12673_/CLK
---------------
1.439904 1.929504 latency
        0.489599 skew

fall -> fall
    min     max
0.000000 0.000000 source latency
1.252314         network latency _13306_/CLK
        1.646508 network latency _12673_/CLK
---------------
1.252314 1.646508 latency
        0.394194 skew



===========================================================================
report_clock_min_period
============================================================================
clk_i period_min = 12.83 fmax = 77.94
