┏━━━━━━━┳━━━━━━━━━┳━━━━━━━━━━┳━━━━━━━━━━┳━━━━━━━━━━━━━┳━━━━━━━┓
┃ P / R ┃ Partial ┃ Required ┃ Net      ┃ Pin         ┃ Layer ┃
┡━━━━━━━╇━━━━━━━━━╇━━━━━━━━━━╇━━━━━━━━━━╇━━━━━━━━━━━━━╇━━━━━━━┩
│ 4.95  │ 1980.25 │ 400.00   │ _0567_   │ hold3213/A  │ met3  │
│ 2.75  │ 1101.99 │ 400.00   │ net589   │ fanout588/A │ met3  │
│ 2.52  │ 1007.68 │ 400.00   │ _0570_   │ hold3385/A  │ met3  │
│ 2.19  │ 876.95  │ 400.00   │ tl_i[46] │ input30/A   │ met3  │
│ 1.78  │ 713.16  │ 400.00   │ net285   │ fanout284/A │ met3  │
│ 1.53  │ 611.14  │ 400.00   │ _1556_   │ _2864_/B    │ met3  │
│ 1.49  │ 595.44  │ 400.00   │ net459   │ fanout458/A │ met2  │
│ 1.31  │ 524.38  │ 400.00   │ net2135  │ _2254_/B    │ met3  │
│ 1.31  │ 524.38  │ 400.00   │ net2135  │ _2442_/C    │ met3  │
│ 1.30  │ 521.92  │ 400.00   │ _1562_   │ _2873_/D    │ met3  │
│ 1.30  │ 519.54  │ 400.00   │ net385   │ fanout384/A │ met2  │
│ 1.25  │ 498.13  │ 400.00   │ net504   │ _2733_/A1   │ met3  │
│ 1.25  │ 498.13  │ 400.00   │ net504   │ fanout503/A │ met3  │
│ 1.24  │ 496.70  │ 400.00   │ _0167_   │ hold4105/A  │ met3  │
│ 1.13  │ 451.92  │ 400.00   │ _0984_   │ fanout452/A │ met3  │
│ 1.12  │ 449.97  │ 400.00   │ _0993_   │ _2366_/C    │ met3  │
│ 1.12  │ 449.13  │ 400.00   │ net2650  │ _3014_/B2   │ met3  │
│ 1.03  │ 411.19  │ 400.00   │ net22    │ fanout789/A │ met1  │
│ 1.03  │ 410.47  │ 400.00   │ net4366  │ _3421_/A1   │ met3  │
│ 1.02  │ 406.89  │ 400.00   │ net139   │ _3714_/S    │ met1  │
│ 1.00  │ 400.19  │ 400.00   │ net254   │ _3083_/A2   │ met3  │
└───────┴─────────┴──────────┴──────────┴─────────────┴───────┘
