Clock: clk_i
Sources: clk_i 
Generated: no
Virtual: yes
Propagated: no
Period: 25.000000

===========================================================================
report_clock_properties
============================================================================
Clock                   Period          Waveform
----------------------------------------------------
clk_i                25.000000    0.000000 12.500000

===========================================================================
report_clock_latency
============================================================================
Clock clk_i
rise -> rise
    min     max
0.000000 0.000000 source latency
2.141736         network latency _09831_/CLK
        8.395300 network latency _10124_/CLK
---------------
2.141736 8.395300 latency
        6.253564 skew

rise -> fall
    min     max
0.000000 0.000000 source latency
5.466491         network latency _10078_/CLK
        8.150067 network latency _10124_/CLK
---------------
5.466491 8.150067 latency
        2.683577 skew

fall -> fall
    min     max
0.000000 0.000000 source latency
1.732260         network latency _09831_/CLK
        2.329462 network latency _09354_/CLK
---------------
1.732260 2.329462 latency
        0.597202 skew



===========================================================================
report_clock_min_period
============================================================================
clk_i period_min = 27.63 fmax = 36.20
