
===========================================================================
 report_power
============================================================================
======================= min_ss_100C_1v60 Corner ===================================

Group                    Internal    Switching      Leakage        Total
                            Power        Power        Power        Power (Watts)
------------------------------------------------------------------------
Sequential           1.454369e-03 1.626560e-04 2.240090e-05 1.639426e-03  20.2%
Combinational        2.071252e-03 2.562559e-03 7.582065e-05 4.709631e-03  58.0%
Clock                9.882218e-04 7.778462e-04 3.754277e-06 1.769822e-03  21.8%
Macro                0.000000e+00 0.000000e+00 0.000000e+00 0.000000e+00   0.0%
Pad                  0.000000e+00 0.000000e+00 0.000000e+00 0.000000e+00   0.0%
------------------------------------------------------------------------
Total                4.513830e-03 3.503060e-03 1.019759e-04 8.118866e-03 100.0%
                            55.6%        43.1%         1.3%

