Clock: clk_i
Sources: clk_i 
Generated: no
Virtual: yes
Propagated: no
Period: 25.000000

===========================================================================
report_clock_properties
============================================================================
Clock                   Period          Waveform
----------------------------------------------------
clk_i                25.000000    0.000000 12.500000

===========================================================================
report_clock_latency
============================================================================
Clock clk_i
rise -> rise
    min     max
0.000000 0.000000 source latency
1.332359         network latency _4560_/CLK
        1.741749 network latency _4153_/CLK
---------------
1.332359 1.741749 latency
        0.409390 skew

fall -> fall
    min     max
0.000000 0.000000 source latency
1.091656         network latency _4560_/CLK
        1.465982 network latency _4153_/CLK
---------------
1.091656 1.465982 latency
        0.374326 skew



===========================================================================
report_clock_min_period
============================================================================
clk_i period_min = 22.15 fmax = 45.14
