
===========================================================================
report_checks -unconstrained
===========================================================================
======================= nom_ss_100C_1v60 Corner ===================================

Startpoint: rst_ni (input port clocked by clk_i)
Endpoint: _3246_ (recovery check against rising-edge clock clk_i)
Path Group: asynchronous
Path Type: max

Fanout         Cap        Slew       Delay        Time   Description
---------------------------------------------------------------------------------------------
                                  0.000000    0.000000   clock clk_i (rise edge)
                                  0.000000    0.000000   clock network delay (propagated)
                                 10.000000   10.000000 ^ input external delay
     2    0.004496    0.043721    0.024726   10.024726 ^ rst_ni (in)
                                                         rst_ni (net)
                      0.043721    0.000000   10.024726 ^ input33/A (sky130_fd_sc_hd__clkbuf_2)
     5    0.044001    0.373904    0.395369   10.420095 ^ input33/X (sky130_fd_sc_hd__clkbuf_2)
                                                         net33 (net)
                      0.373925    0.002357   10.422453 ^ fanout531/A (sky130_fd_sc_hd__clkbuf_2)
     8    0.053813    0.453227    0.592110   11.014563 ^ fanout531/X (sky130_fd_sc_hd__clkbuf_2)
                                                         net531 (net)
                      0.453228    0.001780   11.016343 ^ fanout504/A (sky130_fd_sc_hd__clkbuf_2)
     7    0.055587    0.467843    0.630951   11.647294 ^ fanout504/X (sky130_fd_sc_hd__clkbuf_2)
                                                         net504 (net)
                      0.467843    0.001019   11.648313 ^ fanout503/A (sky130_fd_sc_hd__clkbuf_2)
     9    0.036872    0.317335    0.530558   12.178871 ^ fanout503/X (sky130_fd_sc_hd__clkbuf_2)
                                                         net503 (net)
                      0.317335    0.000442   12.179313 ^ fanout502/A (sky130_fd_sc_hd__buf_1)
     3    0.025952    0.490769    0.541168   12.720481 ^ fanout502/X (sky130_fd_sc_hd__buf_1)
                                                         net502 (net)
                      0.490769    0.000573   12.721054 ^ fanout501/A (sky130_fd_sc_hd__dlymetal6s2s_1)
     7    0.042513    0.651180    0.733213   13.454268 ^ fanout501/X (sky130_fd_sc_hd__dlymetal6s2s_1)
                                                         net501 (net)
                      0.651369    0.000708   13.454975 ^ fanout500/A (sky130_fd_sc_hd__dlymetal6s2s_1)
     4    0.025529    0.408675    0.611756   14.066731 ^ fanout500/X (sky130_fd_sc_hd__dlymetal6s2s_1)
                                                         net500 (net)
                      0.408675    0.000600   14.067330 ^ fanout499/A (sky130_fd_sc_hd__clkbuf_2)
     6    0.033458    0.289489    0.488960   14.556291 ^ fanout499/X (sky130_fd_sc_hd__clkbuf_2)
                                                         net499 (net)
                      0.289502    0.002287   14.558578 ^ _3246_/RESET_B (sky130_fd_sc_hd__dfrtp_2)
                                             14.558578   data arrival time

                                 50.000000   50.000000   clock clk_i (rise edge)
                                  0.000000   50.000000   clock source latency
     2    0.055299    0.397435    0.279819   50.279816 ^ clk_i (in)
                                                         clk_i (net)
                      0.397581    0.000000   50.279816 ^ clkbuf_0_clk_i/A (sky130_fd_sc_hd__clkbuf_16)
     9    0.110535    0.193387    0.465501   50.745319 ^ clkbuf_0_clk_i/X (sky130_fd_sc_hd__clkbuf_16)
                                                         clknet_0_clk_i (net)
                      0.194325    0.009791   50.755112 ^ clkbuf_2_3__f_clk_i/A (sky130_fd_sc_hd__clkbuf_16)
    25    0.128098    0.216600    0.399801   51.154911 ^ clkbuf_2_3__f_clk_i/X (sky130_fd_sc_hd__clkbuf_16)
                                                         clknet_2_3__leaf_clk_i (net)
                      0.217068    0.007343   51.162254 ^ clkbuf_leaf_25_clk_i/A (sky130_fd_sc_hd__clkbuf_8)
     5    0.018595    0.080244    0.300233   51.462486 ^ clkbuf_leaf_25_clk_i/X (sky130_fd_sc_hd__clkbuf_8)
                                                         clknet_leaf_25_clk_i (net)
                      0.080245    0.000348   51.462837 ^ _3246_/CLK (sky130_fd_sc_hd__dfrtp_2)
                                 -0.250000   51.212833   clock uncertainty
                                  0.000000   51.212833   clock reconvergence pessimism
                                  0.354224   51.567059   library recovery time
                                             51.567059   data required time
---------------------------------------------------------------------------------------------
                                             51.567059   data required time
                                            -14.558578   data arrival time
---------------------------------------------------------------------------------------------
                                             37.008480   slack (MET)


Startpoint: intr_src_i[0] (input port clocked by clk_i)
Endpoint: irq_o (output port clocked by clk_i)
Path Group: clk_i
Path Type: max

Fanout         Cap        Slew       Delay        Time   Description
---------------------------------------------------------------------------------------------
                                  0.000000    0.000000   clock clk_i (rise edge)
                                  0.000000    0.000000   clock network delay (propagated)
                                 10.000000   10.000000 ^ input external delay
     2    0.004837    0.046076    0.026532   10.026532 ^ intr_src_i[0] (in)
                                                         intr_src_i[0] (net)
                      0.046076    0.000000   10.026532 ^ input1/A (sky130_fd_sc_hd__buf_4)
     3    0.026428    0.132490    0.244898   10.271430 ^ input1/X (sky130_fd_sc_hd__buf_4)
                                                         net1 (net)
                      0.132638    0.002647   10.274077 ^ _1571_/B (sky130_fd_sc_hd__and2b_1)
     4    0.015554    0.236273    0.380973   10.655049 ^ _1571_/X (sky130_fd_sc_hd__and2b_1)
                                                         _1060_ (net)
                      0.236273    0.000470   10.655519 ^ _1572_/C1 (sky130_fd_sc_hd__o211a_1)
     3    0.013855    0.205658    0.456928   11.112448 ^ _1572_/X (sky130_fd_sc_hd__o211a_1)
                                                         _1061_ (net)
                      0.205658    0.000488   11.112935 ^ fanout251/A (sky130_fd_sc_hd__buf_6)
     6    0.041864    0.145538    0.300347   11.413282 ^ fanout251/X (sky130_fd_sc_hd__buf_6)
                                                         net251 (net)
                      0.145557    0.001745   11.415028 ^ _1599_/D1 (sky130_fd_sc_hd__o2111ai_4)
     1    0.009692    0.232654    0.244459   11.659486 v _1599_/Y (sky130_fd_sc_hd__o2111ai_4)
                                                         _1088_ (net)
                      0.232654    0.000328   11.659814 v _1602_/C (sky130_fd_sc_hd__nand3_4)
     4    0.026529    0.175762    0.266386   11.926200 ^ _1602_/Y (sky130_fd_sc_hd__nand3_4)
                                                         _1091_ (net)
                      0.175762    0.000386   11.926586 ^ _1605_/A (sky130_fd_sc_hd__nand3_4)
     6    0.025320    0.212741    0.242766   12.169353 v _1605_/Y (sky130_fd_sc_hd__nand3_4)
                                                         _1094_ (net)
                      0.212741    0.000895   12.170247 v _1609_/A1 (sky130_fd_sc_hd__a21o_1)
     1    0.008962    0.108163    0.396374   12.566622 v _1609_/X (sky130_fd_sc_hd__a21o_1)
                                                         _1098_ (net)
                      0.108163    0.000288   12.566910 v _1627_/B1 (sky130_fd_sc_hd__a22oi_4)
     3    0.016445    0.302857    0.295829   12.862739 ^ _1627_/Y (sky130_fd_sc_hd__a22oi_4)
                                                         _1116_ (net)
                      0.302857    0.000552   12.863291 ^ _1629_/A2 (sky130_fd_sc_hd__a21oi_2)
     1    0.004414    0.087676    0.192164   13.055455 v _1629_/Y (sky130_fd_sc_hd__a21oi_2)
                                                         _1118_ (net)
                      0.087676    0.000155   13.055611 v fanout210/A (sky130_fd_sc_hd__buf_4)
     3    0.020268    0.078007    0.285592   13.341203 v fanout210/X (sky130_fd_sc_hd__buf_4)
                                                         net210 (net)
                      0.078007    0.000350   13.341552 v fanout209/A (sky130_fd_sc_hd__buf_6)
     6    0.034275    0.075959    0.250449   13.592001 v fanout209/X (sky130_fd_sc_hd__buf_6)
                                                         net209 (net)
                      0.075980    0.001175   13.593176 v _1637_/A2 (sky130_fd_sc_hd__o211ai_4)
     1    0.010664    0.261432    0.287161   13.880337 ^ _1637_/Y (sky130_fd_sc_hd__o211ai_4)
                                                         _1126_ (net)
                      0.261432    0.000377   13.880713 ^ _1644_/A (sky130_fd_sc_hd__nand3_4)
     2    0.015929    0.162087    0.228393   14.109107 v _1644_/Y (sky130_fd_sc_hd__nand3_4)
                                                         _1133_ (net)
                      0.162087    0.000614   14.109721 v _1667_/B2 (sky130_fd_sc_hd__a2bb2oi_4)
     5    0.042723    0.494596    0.519892   14.629613 ^ _1667_/Y (sky130_fd_sc_hd__a2bb2oi_4)
                                                         _1156_ (net)
                      0.494600    0.001276   14.630889 ^ _1677_/B (sky130_fd_sc_hd__nand2_4)
     2    0.014223    0.117935    0.239002   14.869890 v _1677_/Y (sky130_fd_sc_hd__nand2_4)
                                                         _1166_ (net)
                      0.117935    0.000382   14.870273 v _1698_/A1 (sky130_fd_sc_hd__a221oi_4)
     3    0.027321    0.606914    0.710076   15.580348 ^ _1698_/Y (sky130_fd_sc_hd__a221oi_4)
                                                         _1187_ (net)
                      0.606914    0.000892   15.581240 ^ _1713_/A2 (sky130_fd_sc_hd__o21ai_4)
     2    0.012301    0.134664    0.262583   15.843822 v _1713_/Y (sky130_fd_sc_hd__o21ai_4)
                                                         _1202_ (net)
                      0.134664    0.000325   15.844148 v _1715_/B1 (sky130_fd_sc_hd__o32ai_4)
     6    0.043812    0.827007    0.508184   16.352331 ^ _1715_/Y (sky130_fd_sc_hd__o32ai_4)
                                                         _1204_ (net)
                      0.827011    0.001428   16.353760 ^ _1716_/B1 (sky130_fd_sc_hd__a21oi_4)
     5    0.023289    0.197347    0.285826   16.639585 v _1716_/Y (sky130_fd_sc_hd__a21oi_4)
                                                         _1205_ (net)
                      0.197352    0.000613   16.640200 v _1733_/B2 (sky130_fd_sc_hd__o22ai_4)
     2    0.013359    0.283547    0.268813   16.909012 ^ _1733_/Y (sky130_fd_sc_hd__o22ai_4)
                                                         _1222_ (net)
                      0.283547    0.000437   16.909449 ^ _1737_/B (sky130_fd_sc_hd__nand3_4)
     2    0.014348    0.160664    0.244583   17.154032 v _1737_/Y (sky130_fd_sc_hd__nand3_4)
                                                         _1226_ (net)
                      0.160668    0.000398   17.154430 v _1747_/A1 (sky130_fd_sc_hd__o21ai_4)
     6    0.038573    0.480179    0.516273   17.670702 ^ _1747_/Y (sky130_fd_sc_hd__o21ai_4)
                                                         _1236_ (net)
                      0.480190    0.001856   17.672560 ^ _1774_/B (sky130_fd_sc_hd__nand3_4)
     1    0.008359    0.140254    0.265413   17.937971 v _1774_/Y (sky130_fd_sc_hd__nand3_4)
                                                         _1263_ (net)
                      0.140254    0.000250   17.938223 v _1789_/A2 (sky130_fd_sc_hd__a32oi_4)
     3    0.024011    0.429321    0.524199   18.462421 ^ _1789_/Y (sky130_fd_sc_hd__a32oi_4)
                                                         _1278_ (net)
                      0.429322    0.000936   18.463358 ^ _1793_/A2 (sky130_fd_sc_hd__a21oi_2)
     1    0.002910    0.090778    0.215618   18.678976 v _1793_/Y (sky130_fd_sc_hd__a21oi_2)
                                                         _1282_ (net)
                      0.090778    0.000060   18.679035 v fanout206/A (sky130_fd_sc_hd__clkbuf_2)
     3    0.012415    0.100731    0.238417   18.917454 v fanout206/X (sky130_fd_sc_hd__clkbuf_2)
                                                         net206 (net)
                      0.100731    0.000311   18.917765 v fanout205/A (sky130_fd_sc_hd__buf_4)
     6    0.022984    0.084469    0.298705   19.216469 v fanout205/X (sky130_fd_sc_hd__buf_4)
                                                         net205 (net)
                      0.084469    0.000380   19.216848 v _1801_/A2 (sky130_fd_sc_hd__o211a_1)
     1    0.008437    0.120176    0.434143   19.650993 v _1801_/X (sky130_fd_sc_hd__o211a_1)
                                                         _1290_ (net)
                      0.120176    0.000250   19.651243 v _1811_/A2 (sky130_fd_sc_hd__o21ai_4)
     3    0.015575    0.258796    0.288996   19.940239 ^ _1811_/Y (sky130_fd_sc_hd__o21ai_4)
                                                         _1300_ (net)
                      0.258796    0.000476   19.940714 ^ fanout201/A (sky130_fd_sc_hd__buf_6)
     6    0.038007    0.134582    0.312680   20.253395 ^ fanout201/X (sky130_fd_sc_hd__buf_6)
                                                         net201 (net)
                      0.134589    0.001114   20.254507 ^ _1814_/A (sky130_fd_sc_hd__nand2_1)
     3    0.018333    0.310190    0.306278   20.560785 v _1814_/Y (sky130_fd_sc_hd__nand2_1)
                                                         _1303_ (net)
                      0.310190    0.000421   20.561207 v _1816_/C1 (sky130_fd_sc_hd__o311a_4)
     3    0.021525    0.135163    0.375257   20.936464 v _1816_/X (sky130_fd_sc_hd__o311a_4)
                                                         _1305_ (net)
                      0.135170    0.001085   20.937550 v _1819_/B1 (sky130_fd_sc_hd__a31o_1)
     2    0.009408    0.120525    0.415465   21.353014 v _1819_/X (sky130_fd_sc_hd__a31o_1)
                                                         _1308_ (net)
                      0.120525    0.000423   21.353437 v _1849_/A1 (sky130_fd_sc_hd__o211a_1)
     1    0.010185    0.135815    0.493426   21.846863 v _1849_/X (sky130_fd_sc_hd__o211a_1)
                                                         _1338_ (net)
                      0.135815    0.000348   21.847210 v _1859_/A1 (sky130_fd_sc_hd__o21ai_4)
     2    0.014379    0.243548    0.324414   22.171625 ^ _1859_/Y (sky130_fd_sc_hd__o21ai_4)
                                                         _1348_ (net)
                      0.243548    0.000401   22.172026 ^ fanout195/A (sky130_fd_sc_hd__buf_6)
     6    0.035071    0.125773    0.301180   22.473206 ^ fanout195/X (sky130_fd_sc_hd__buf_6)
                                                         net195 (net)
                      0.125775    0.000774   22.473980 ^ _1878_/C1 (sky130_fd_sc_hd__o211ai_4)
     5    0.026120    0.225405    0.242270   22.716251 v _1878_/Y (sky130_fd_sc_hd__o211ai_4)
                                                         _1367_ (net)
                      0.225407    0.001089   22.717340 v _1881_/B1 (sky130_fd_sc_hd__o211ai_2)
     1    0.009400    0.278593    0.213291   22.930630 ^ _1881_/Y (sky130_fd_sc_hd__o211ai_2)
                                                         _1370_ (net)
                      0.278593    0.000282   22.930912 ^ _1888_/A (sky130_fd_sc_hd__nand3_4)
     2    0.018968    0.189842    0.249662   23.180574 v _1888_/Y (sky130_fd_sc_hd__nand3_4)
                                                         _1377_ (net)
                      0.189842    0.000480   23.181055 v _1906_/B2 (sky130_fd_sc_hd__a2bb2oi_4)
     2    0.014057    0.218177    0.312042   23.493095 ^ _1906_/Y (sky130_fd_sc_hd__a2bb2oi_4)
                                                         _1395_ (net)
                      0.218177    0.000297   23.493393 ^ fanout191/A (sky130_fd_sc_hd__buf_6)
     6    0.022647    0.090729    0.263357   23.756750 ^ fanout191/X (sky130_fd_sc_hd__buf_6)
                                                         net191 (net)
                      0.090729    0.000400   23.757151 ^ _1919_/A2 (sky130_fd_sc_hd__o211ai_2)
     1    0.010829    0.211554    0.229155   23.986305 v _1919_/Y (sky130_fd_sc_hd__o211ai_2)
                                                         _1408_ (net)
                      0.211554    0.000419   23.986725 v _1923_/A1 (sky130_fd_sc_hd__o21ai_4)
     2    0.017633    0.274299    0.380657   24.367382 ^ _1923_/Y (sky130_fd_sc_hd__o21ai_4)
                                                         _1412_ (net)
                      0.274299    0.000556   24.367937 ^ fanout190/A (sky130_fd_sc_hd__buf_8)
     6    0.043300    0.126592    0.306407   24.674345 ^ fanout190/X (sky130_fd_sc_hd__buf_8)
                                                         net190 (net)
                      0.126603    0.001268   24.675613 ^ _1942_/C1 (sky130_fd_sc_hd__o211ai_4)
     3    0.013244    0.156286    0.185365   24.860977 v _1942_/Y (sky130_fd_sc_hd__o211ai_4)
                                                         _1431_ (net)
                      0.156286    0.000506   24.861485 v _1945_/B1 (sky130_fd_sc_hd__o211ai_2)
     1    0.009637    0.282281    0.182068   25.043552 ^ _1945_/Y (sky130_fd_sc_hd__o211ai_2)
                                                         _1434_ (net)
                      0.282281    0.000309   25.043861 ^ _1952_/A (sky130_fd_sc_hd__nand3_4)
     2    0.017890    0.175872    0.245418   25.289278 v _1952_/Y (sky130_fd_sc_hd__nand3_4)
                                                         _1441_ (net)
                      0.175872    0.000455   25.289734 v _1956_/B (sky130_fd_sc_hd__nand2_4)
     6    0.035403    0.186787    0.243722   25.533455 ^ _1956_/Y (sky130_fd_sc_hd__nand2_4)
                                                         _1445_ (net)
                      0.186788    0.000892   25.534348 ^ _1990_/A1 (sky130_fd_sc_hd__a31oi_2)
     1    0.011140    0.212533    0.271523   25.805870 v _1990_/Y (sky130_fd_sc_hd__a31oi_2)
                                                         _1479_ (net)
                      0.212533    0.000469   25.806339 v _1993_/B1 (sky130_fd_sc_hd__a22oi_4)
     3    0.025904    0.388531    0.409337   26.215675 ^ _1993_/Y (sky130_fd_sc_hd__a22oi_4)
                                                         _1482_ (net)
                      0.388531    0.000746   26.216421 ^ _2000_/B2 (sky130_fd_sc_hd__a22oi_4)
     2    0.011303    0.126805    0.210118   26.426540 v _2000_/Y (sky130_fd_sc_hd__a22oi_4)
                                                         _1489_ (net)
                      0.126805    0.000414   26.426954 v fanout186/A (sky130_fd_sc_hd__buf_6)
     6    0.032771    0.074055    0.272522   26.699476 v fanout186/X (sky130_fd_sc_hd__buf_6)
                                                         net186 (net)
                      0.074062    0.000727   26.700201 v _2020_/A2 (sky130_fd_sc_hd__o211ai_4)
     3    0.021555    0.368406    0.371609   27.071810 ^ _2020_/Y (sky130_fd_sc_hd__o211ai_4)
                                                         _1509_ (net)
                      0.368406    0.000780   27.072590 ^ _2022_/B1 (sky130_fd_sc_hd__o21ai_4)
     2    0.017399    0.142002    0.246935   27.319525 v _2022_/Y (sky130_fd_sc_hd__o21ai_4)
                                                         _0163_ (net)
                      0.142003    0.000705   27.320230 v _2023_/B1 (sky130_fd_sc_hd__a21oi_4)
     4    0.020289    0.289055    0.316781   27.637012 ^ _2023_/Y (sky130_fd_sc_hd__a21oi_4)
                                                         _0164_ (net)
                      0.289055    0.000590   27.637602 ^ _2057_/B2 (sky130_fd_sc_hd__o22ai_4)
     2    0.012608    0.134734    0.212356   27.849958 v _2057_/Y (sky130_fd_sc_hd__o22ai_4)
                                                         _0198_ (net)
                      0.134735    0.000414   27.850372 v _2067_/A2 (sky130_fd_sc_hd__a31oi_4)
     3    0.025051    0.376812    0.434312   28.284683 ^ _2067_/Y (sky130_fd_sc_hd__a31oi_4)
                                                         _0208_ (net)
                      0.376812    0.000940   28.285624 ^ _2068_/A (sky130_fd_sc_hd__nand2_4)
     6    0.043241    0.225873    0.308898   28.594521 v _2068_/Y (sky130_fd_sc_hd__nand2_4)
                                                         _0209_ (net)
                      0.225986    0.002167   28.596689 v _2075_/A2_N (sky130_fd_sc_hd__o2bb2ai_4)
     2    0.012428    0.110685    0.304828   28.901516 v _2075_/Y (sky130_fd_sc_hd__o2bb2ai_4)
                                                         _0216_ (net)
                      0.110686    0.000401   28.901918 v _2087_/A3 (sky130_fd_sc_hd__a31oi_4)
     3    0.026438    0.390931    0.459805   29.361723 ^ _2087_/Y (sky130_fd_sc_hd__a31oi_4)
                                                         _0228_ (net)
                      0.390931    0.000808   29.362532 ^ _2089_/A (sky130_fd_sc_hd__nand2_4)
     6    0.031778    0.185752    0.276389   29.638920 v _2089_/Y (sky130_fd_sc_hd__nand2_4)
                                                         _0230_ (net)
                      0.185759    0.001439   29.640358 v _2095_/A2_N (sky130_fd_sc_hd__o2bb2ai_4)
     2    0.014847    0.117038    0.294555   29.934914 v _2095_/Y (sky130_fd_sc_hd__o2bb2ai_4)
                                                         _0236_ (net)
                      0.117039    0.000480   29.935394 v _2112_/B1 (sky130_fd_sc_hd__a2bb2oi_4)
     2    0.020971    0.280098    0.352284   30.287678 ^ _2112_/Y (sky130_fd_sc_hd__a2bb2oi_4)
                                                         _0253_ (net)
                      0.280098    0.000629   30.288305 ^ _2116_/A1 (sky130_fd_sc_hd__a21oi_4)
     3    0.015280    0.117588    0.203713   30.492018 v _2116_/Y (sky130_fd_sc_hd__a21oi_4)
                                                         _0257_ (net)
                      0.117589    0.000323   30.492342 v fanout181/A (sky130_fd_sc_hd__buf_6)
     6    0.030308    0.070972    0.265011   30.757353 v fanout181/X (sky130_fd_sc_hd__buf_6)
                                                         net181 (net)
                      0.071011    0.001442   30.758795 v _2124_/A1 (sky130_fd_sc_hd__o211ai_4)
     2    0.020474    0.355190    0.397737   31.156532 ^ _2124_/Y (sky130_fd_sc_hd__o211ai_4)
                                                         _0265_ (net)
                      0.355191    0.000536   31.157068 ^ _2132_/C (sky130_fd_sc_hd__nand3_4)
     3    0.029535    0.252811    0.344464   31.501534 v _2132_/Y (sky130_fd_sc_hd__nand3_4)
                                                         _0273_ (net)
                      0.252811    0.000739   31.502272 v _2141_/A (sky130_fd_sc_hd__nand2_8)
     4    0.026278    0.107984    0.199570   31.701841 ^ _2141_/Y (sky130_fd_sc_hd__nand2_8)
                                                         _0282_ (net)
                      0.107985    0.000682   31.702524 ^ _2149_/A1 (sky130_fd_sc_hd__a31oi_4)
     5    0.027346    0.254250    0.265835   31.968359 v _2149_/Y (sky130_fd_sc_hd__a31oi_4)
                                                         _0290_ (net)
                      0.254250    0.000924   31.969284 v _2172_/B1 (sky130_fd_sc_hd__a32oi_4)
     3    0.024316    0.432529    0.479506   32.448788 ^ _2172_/Y (sky130_fd_sc_hd__a32oi_4)
                                                         _0313_ (net)
                      0.432529    0.000373   32.449162 ^ _2173_/B1 (sky130_fd_sc_hd__o21ai_4)
     2    0.012528    0.134501    0.246789   32.695953 v _2173_/Y (sky130_fd_sc_hd__o21ai_4)
                                                         _0314_ (net)
                      0.134502    0.000345   32.696297 v fanout179/A (sky130_fd_sc_hd__buf_6)
     6    0.025388    0.065849    0.265640   32.961937 v fanout179/X (sky130_fd_sc_hd__buf_6)
                                                         net179 (net)
                      0.065850    0.000369   32.962307 v _2178_/A2_N (sky130_fd_sc_hd__o2bb2ai_2)
     2    0.017491    0.176174    0.294886   33.257191 v _2178_/Y (sky130_fd_sc_hd__o2bb2ai_2)
                                                         _0319_ (net)
                      0.176174    0.000679   33.257870 v _2191_/B1 (sky130_fd_sc_hd__a22oi_4)
     2    0.020504    0.338272    0.353978   33.611847 ^ _2191_/Y (sky130_fd_sc_hd__a22oi_4)
                                                         _0332_ (net)
                      0.338272    0.000394   33.612244 ^ _2192_/B1 (sky130_fd_sc_hd__o21ai_4)
     2    0.012258    0.118831    0.216708   33.828953 v _2192_/Y (sky130_fd_sc_hd__o21ai_4)
                                                         _0333_ (net)
                      0.118831    0.000433   33.829384 v fanout176/A (sky130_fd_sc_hd__buf_6)
     3    0.015981    0.051526    0.242217   34.071602 v fanout176/X (sky130_fd_sc_hd__buf_6)
                                                         net176 (net)
                      0.051529    0.000426   34.072029 v _2203_/A2_N (sky130_fd_sc_hd__o2bb2ai_2)
     2    0.013161    0.139662    0.263409   34.335438 v _2203_/Y (sky130_fd_sc_hd__o2bb2ai_2)
                                                         _0344_ (net)
                      0.139662    0.000529   34.335968 v _2217_/B1 (sky130_fd_sc_hd__a22oi_4)
     2    0.020623    0.339310    0.340307   34.676273 ^ _2217_/Y (sky130_fd_sc_hd__a22oi_4)
                                                         _0358_ (net)
                      0.339310    0.000551   34.676823 ^ _2227_/A2 (sky130_fd_sc_hd__a21oi_4)
     3    0.015210    0.115396    0.227203   34.904026 v _2227_/Y (sky130_fd_sc_hd__a21oi_4)
                                                         _0368_ (net)
                      0.115396    0.000401   34.904430 v fanout171/A (sky130_fd_sc_hd__buf_6)
     6    0.029625    0.070151    0.263338   35.167767 v fanout171/X (sky130_fd_sc_hd__buf_6)
                                                         net171 (net)
                      0.070158    0.000647   35.168415 v _2229_/B1 (sky130_fd_sc_hd__o22ai_4)
     4    0.032792    0.473128    0.405290   35.573704 ^ _2229_/Y (sky130_fd_sc_hd__o22ai_4)
                                                         _0370_ (net)
                      0.473135    0.001361   35.575066 ^ _2235_/A (sky130_fd_sc_hd__nand3_4)
     3    0.022920    0.266211    0.339590   35.914654 v _2235_/Y (sky130_fd_sc_hd__nand3_4)
                                                         _0376_ (net)
                      0.266211    0.000636   35.915291 v _2251_/B1 (sky130_fd_sc_hd__a22oi_4)
     6    0.036858    0.493739    0.515549   36.430840 ^ _2251_/Y (sky130_fd_sc_hd__a22oi_4)
                                                         _0392_ (net)
                      0.493746    0.001467   36.432304 ^ _2258_/B2 (sky130_fd_sc_hd__o22ai_4)
     3    0.028960    0.212914    0.344301   36.776608 v _2258_/Y (sky130_fd_sc_hd__o22ai_4)
                                                         _0399_ (net)
                      0.212915    0.000977   36.777584 v _2266_/A1 (sky130_fd_sc_hd__a21oi_4)
     4    0.030897    0.392166    0.452644   37.230228 ^ _2266_/Y (sky130_fd_sc_hd__a21oi_4)
                                                         _0407_ (net)
                      0.392166    0.000870   37.231098 ^ _2315_/A2 (sky130_fd_sc_hd__o211ai_2)
     2    0.009627    0.224884    0.309488   37.540585 v _2315_/Y (sky130_fd_sc_hd__o211ai_2)
                                                         _0456_ (net)
                      0.224884    0.000195   37.540779 v _2316_/B1 (sky130_fd_sc_hd__o21ai_2)
     2    0.021699    0.446501    0.265238   37.806019 ^ _2316_/Y (sky130_fd_sc_hd__o21ai_2)
                                                         _0457_ (net)
                      0.446504    0.000870   37.806889 ^ _2321_/B (sky130_fd_sc_hd__nand3_4)
     2    0.012710    0.161361    0.282046   38.088936 v _2321_/Y (sky130_fd_sc_hd__nand3_4)
                                                         _0462_ (net)
                      0.161362    0.000423   38.089359 v _2329_/A1 (sky130_fd_sc_hd__a21oi_4)
     5    0.036059    0.443568    0.469413   38.558773 ^ _2329_/Y (sky130_fd_sc_hd__a21oi_4)
                                                         _0470_ (net)
                      0.443570    0.000604   38.559376 ^ _2339_/A2 (sky130_fd_sc_hd__o211ai_2)
     1    0.010625    0.208952    0.333962   38.893337 v _2339_/Y (sky130_fd_sc_hd__o211ai_2)
                                                         _0480_ (net)
                      0.208952    0.000426   38.893764 v _2340_/A (sky130_fd_sc_hd__nand3_4)
     2    0.014861    0.134086    0.179408   39.073174 ^ _2340_/Y (sky130_fd_sc_hd__nand3_4)
                                                         _0481_ (net)
                      0.134086    0.000313   39.073486 ^ _2348_/B2 (sky130_fd_sc_hd__a22oi_4)
     2    0.012723    0.132819    0.142027   39.215511 v _2348_/Y (sky130_fd_sc_hd__a22oi_4)
                                                         _0489_ (net)
                      0.132819    0.000238   39.215752 v fanout169/A (sky130_fd_sc_hd__buf_6)
     4    0.019226    0.056253    0.254371   39.470119 v fanout169/X (sky130_fd_sc_hd__buf_6)
                                                         net169 (net)
                      0.056260    0.000643   39.470764 v _2354_/B2 (sky130_fd_sc_hd__o22ai_4)
     3    0.032914    0.474583    0.362746   39.833511 ^ _2354_/Y (sky130_fd_sc_hd__o22ai_4)
                                                         _0495_ (net)
                      0.474587    0.001027   39.834538 ^ _2361_/A1 (sky130_fd_sc_hd__o21ai_4)
     4    0.022097    0.154909    0.298744   40.133282 v _2361_/Y (sky130_fd_sc_hd__o21ai_4)
                                                         _0502_ (net)
                      0.154909    0.000561   40.133842 v _2365_/B1 (sky130_fd_sc_hd__o22ai_4)
     5    0.039098    0.536610    0.488171   40.622013 ^ _2365_/Y (sky130_fd_sc_hd__o22ai_4)
                                                         _0506_ (net)
                      0.536612    0.000810   40.622822 ^ _2366_/B1 (sky130_fd_sc_hd__o21ai_4)
     2    0.014354    0.157607    0.288683   40.911507 v _2366_/Y (sky130_fd_sc_hd__o21ai_4)
                                                         _0507_ (net)
                      0.157607    0.000536   40.912045 v _2370_/A1 (sky130_fd_sc_hd__a32oi_4)
     3    0.026755    0.456689    0.486349   41.398392 ^ _2370_/Y (sky130_fd_sc_hd__a32oi_4)
                                                         _0511_ (net)
                      0.456690    0.000725   41.399117 ^ _2388_/B2 (sky130_fd_sc_hd__a22oi_4)
     5    0.025912    0.185071    0.285567   41.684685 v _2388_/Y (sky130_fd_sc_hd__a22oi_4)
                                                         _0529_ (net)
                      0.185073    0.000824   41.685509 v _2396_/A2 (sky130_fd_sc_hd__o21ai_4)
     5    0.044153    0.536249    0.529806   42.215313 ^ _2396_/Y (sky130_fd_sc_hd__o21ai_4)
                                                         _0537_ (net)
                      0.536255    0.001364   42.216679 ^ _2402_/A2 (sky130_fd_sc_hd__o21ai_4)
     3    0.021453    0.150009    0.284835   42.501514 v _2402_/Y (sky130_fd_sc_hd__o21ai_4)
                                                         _0543_ (net)
                      0.150009    0.000473   42.501984 v _2413_/B1 (sky130_fd_sc_hd__o22ai_4)
     2    0.012856    0.278653    0.285393   42.787380 ^ _2413_/Y (sky130_fd_sc_hd__o22ai_4)
                                                         _0554_ (net)
                      0.278653    0.000249   42.787628 ^ fanout166/A (sky130_fd_sc_hd__buf_6)
     6    0.041311    0.144474    0.326803   43.114429 ^ fanout166/X (sky130_fd_sc_hd__buf_6)
                                                         net166 (net)
                      0.144476    0.000892   43.115322 ^ _2416_/B (sky130_fd_sc_hd__nand2_4)
     3    0.017349    0.162251    0.151729   43.267052 v _2416_/Y (sky130_fd_sc_hd__nand2_4)
                                                         _0557_ (net)
                      0.162251    0.000423   43.267475 v _2444_/A3 (sky130_fd_sc_hd__a32oi_2)
     1    0.006161    0.265276    0.400750   43.668224 ^ _2444_/Y (sky130_fd_sc_hd__a32oi_2)
                                                         _0585_ (net)
                      0.265276    0.000213   43.668438 ^ _2451_/B2 (sky130_fd_sc_hd__o22ai_2)
     2    0.014593    0.185017    0.253404   43.921841 v _2451_/Y (sky130_fd_sc_hd__o22ai_2)
                                                         _0592_ (net)
                      0.185017    0.000504   43.922344 v _2459_/A1 (sky130_fd_sc_hd__a211oi_4)
     5    0.030392    0.632985    0.687937   44.610283 ^ _2459_/Y (sky130_fd_sc_hd__a211oi_4)
                                                         _0600_ (net)
                      0.632988    0.001144   44.611427 ^ _2477_/A (sky130_fd_sc_hd__nand3_4)
     2    0.022805    0.259364    0.396234   45.007660 v _2477_/Y (sky130_fd_sc_hd__nand3_4)
                                                         net91 (net)
                      0.259366    0.001403   45.009064 v fanout160/A (sky130_fd_sc_hd__buf_8)
     7    0.054290    0.087848    0.352163   45.361229 v fanout160/X (sky130_fd_sc_hd__buf_8)
                                                         net160 (net)
                      0.087910    0.002061   45.363289 v output91/A (sky130_fd_sc_hd__buf_6)
     1    0.034078    0.075710    0.255138   45.618427 v output91/X (sky130_fd_sc_hd__buf_6)
                                                         irq_o (net)
                      0.075715    0.000632   45.619057 v irq_o (out)
                                             45.619057   data arrival time

                                 50.000000   50.000000   clock clk_i (rise edge)
                                  0.000000   50.000000   clock network delay (propagated)
                                 -0.250000   49.749996   clock uncertainty
                                  0.000000   49.749996   clock reconvergence pessimism
                                -10.000000   39.749996   output external delay
                                             39.749996   data required time
---------------------------------------------------------------------------------------------
                                             39.749996   data required time
                                            -45.619057   data arrival time
---------------------------------------------------------------------------------------------
                                             -5.869062   slack (VIOLATED)




===========================================================================
report_checks --slack_max -0.01
============================================================================
======================= nom_ss_100C_1v60 Corner ===================================

Startpoint: intr_src_i[0] (input port clocked by clk_i)
Endpoint: irq_o (output port clocked by clk_i)
Path Group: clk_i
Path Type: max

Fanout         Cap        Slew       Delay        Time   Description
---------------------------------------------------------------------------------------------
                                  0.000000    0.000000   clock clk_i (rise edge)
                                  0.000000    0.000000   clock network delay (propagated)
                                 10.000000   10.000000 ^ input external delay
     2    0.004837    0.046076    0.026532   10.026532 ^ intr_src_i[0] (in)
                                                         intr_src_i[0] (net)
                      0.046076    0.000000   10.026532 ^ input1/A (sky130_fd_sc_hd__buf_4)
     3    0.026428    0.132490    0.244898   10.271430 ^ input1/X (sky130_fd_sc_hd__buf_4)
                                                         net1 (net)
                      0.132638    0.002647   10.274077 ^ _1571_/B (sky130_fd_sc_hd__and2b_1)
     4    0.015554    0.236273    0.380973   10.655049 ^ _1571_/X (sky130_fd_sc_hd__and2b_1)
                                                         _1060_ (net)
                      0.236273    0.000470   10.655519 ^ _1572_/C1 (sky130_fd_sc_hd__o211a_1)
     3    0.013855    0.205658    0.456928   11.112448 ^ _1572_/X (sky130_fd_sc_hd__o211a_1)
                                                         _1061_ (net)
                      0.205658    0.000488   11.112935 ^ fanout251/A (sky130_fd_sc_hd__buf_6)
     6    0.041864    0.145538    0.300347   11.413282 ^ fanout251/X (sky130_fd_sc_hd__buf_6)
                                                         net251 (net)
                      0.145557    0.001745   11.415028 ^ _1599_/D1 (sky130_fd_sc_hd__o2111ai_4)
     1    0.009692    0.232654    0.244459   11.659486 v _1599_/Y (sky130_fd_sc_hd__o2111ai_4)
                                                         _1088_ (net)
                      0.232654    0.000328   11.659814 v _1602_/C (sky130_fd_sc_hd__nand3_4)
     4    0.026529    0.175762    0.266386   11.926200 ^ _1602_/Y (sky130_fd_sc_hd__nand3_4)
                                                         _1091_ (net)
                      0.175762    0.000386   11.926586 ^ _1605_/A (sky130_fd_sc_hd__nand3_4)
     6    0.025320    0.212741    0.242766   12.169353 v _1605_/Y (sky130_fd_sc_hd__nand3_4)
                                                         _1094_ (net)
                      0.212741    0.000895   12.170247 v _1609_/A1 (sky130_fd_sc_hd__a21o_1)
     1    0.008962    0.108163    0.396374   12.566622 v _1609_/X (sky130_fd_sc_hd__a21o_1)
                                                         _1098_ (net)
                      0.108163    0.000288   12.566910 v _1627_/B1 (sky130_fd_sc_hd__a22oi_4)
     3    0.016445    0.302857    0.295829   12.862739 ^ _1627_/Y (sky130_fd_sc_hd__a22oi_4)
                                                         _1116_ (net)
                      0.302857    0.000552   12.863291 ^ _1629_/A2 (sky130_fd_sc_hd__a21oi_2)
     1    0.004414    0.087676    0.192164   13.055455 v _1629_/Y (sky130_fd_sc_hd__a21oi_2)
                                                         _1118_ (net)
                      0.087676    0.000155   13.055611 v fanout210/A (sky130_fd_sc_hd__buf_4)
     3    0.020268    0.078007    0.285592   13.341203 v fanout210/X (sky130_fd_sc_hd__buf_4)
                                                         net210 (net)
                      0.078007    0.000350   13.341552 v fanout209/A (sky130_fd_sc_hd__buf_6)
     6    0.034275    0.075959    0.250449   13.592001 v fanout209/X (sky130_fd_sc_hd__buf_6)
                                                         net209 (net)
                      0.075980    0.001175   13.593176 v _1637_/A2 (sky130_fd_sc_hd__o211ai_4)
     1    0.010664    0.261432    0.287161   13.880337 ^ _1637_/Y (sky130_fd_sc_hd__o211ai_4)
                                                         _1126_ (net)
                      0.261432    0.000377   13.880713 ^ _1644_/A (sky130_fd_sc_hd__nand3_4)
     2    0.015929    0.162087    0.228393   14.109107 v _1644_/Y (sky130_fd_sc_hd__nand3_4)
                                                         _1133_ (net)
                      0.162087    0.000614   14.109721 v _1667_/B2 (sky130_fd_sc_hd__a2bb2oi_4)
     5    0.042723    0.494596    0.519892   14.629613 ^ _1667_/Y (sky130_fd_sc_hd__a2bb2oi_4)
                                                         _1156_ (net)
                      0.494600    0.001276   14.630889 ^ _1677_/B (sky130_fd_sc_hd__nand2_4)
     2    0.014223    0.117935    0.239002   14.869890 v _1677_/Y (sky130_fd_sc_hd__nand2_4)
                                                         _1166_ (net)
                      0.117935    0.000382   14.870273 v _1698_/A1 (sky130_fd_sc_hd__a221oi_4)
     3    0.027321    0.606914    0.710076   15.580348 ^ _1698_/Y (sky130_fd_sc_hd__a221oi_4)
                                                         _1187_ (net)
                      0.606914    0.000892   15.581240 ^ _1713_/A2 (sky130_fd_sc_hd__o21ai_4)
     2    0.012301    0.134664    0.262583   15.843822 v _1713_/Y (sky130_fd_sc_hd__o21ai_4)
                                                         _1202_ (net)
                      0.134664    0.000325   15.844148 v _1715_/B1 (sky130_fd_sc_hd__o32ai_4)
     6    0.043812    0.827007    0.508184   16.352331 ^ _1715_/Y (sky130_fd_sc_hd__o32ai_4)
                                                         _1204_ (net)
                      0.827011    0.001428   16.353760 ^ _1716_/B1 (sky130_fd_sc_hd__a21oi_4)
     5    0.023289    0.197347    0.285826   16.639585 v _1716_/Y (sky130_fd_sc_hd__a21oi_4)
                                                         _1205_ (net)
                      0.197352    0.000613   16.640200 v _1733_/B2 (sky130_fd_sc_hd__o22ai_4)
     2    0.013359    0.283547    0.268813   16.909012 ^ _1733_/Y (sky130_fd_sc_hd__o22ai_4)
                                                         _1222_ (net)
                      0.283547    0.000437   16.909449 ^ _1737_/B (sky130_fd_sc_hd__nand3_4)
     2    0.014348    0.160664    0.244583   17.154032 v _1737_/Y (sky130_fd_sc_hd__nand3_4)
                                                         _1226_ (net)
                      0.160668    0.000398   17.154430 v _1747_/A1 (sky130_fd_sc_hd__o21ai_4)
     6    0.038573    0.480179    0.516273   17.670702 ^ _1747_/Y (sky130_fd_sc_hd__o21ai_4)
                                                         _1236_ (net)
                      0.480190    0.001856   17.672560 ^ _1774_/B (sky130_fd_sc_hd__nand3_4)
     1    0.008359    0.140254    0.265413   17.937971 v _1774_/Y (sky130_fd_sc_hd__nand3_4)
                                                         _1263_ (net)
                      0.140254    0.000250   17.938223 v _1789_/A2 (sky130_fd_sc_hd__a32oi_4)
     3    0.024011    0.429321    0.524199   18.462421 ^ _1789_/Y (sky130_fd_sc_hd__a32oi_4)
                                                         _1278_ (net)
                      0.429322    0.000936   18.463358 ^ _1793_/A2 (sky130_fd_sc_hd__a21oi_2)
     1    0.002910    0.090778    0.215618   18.678976 v _1793_/Y (sky130_fd_sc_hd__a21oi_2)
                                                         _1282_ (net)
                      0.090778    0.000060   18.679035 v fanout206/A (sky130_fd_sc_hd__clkbuf_2)
     3    0.012415    0.100731    0.238417   18.917454 v fanout206/X (sky130_fd_sc_hd__clkbuf_2)
                                                         net206 (net)
                      0.100731    0.000311   18.917765 v fanout205/A (sky130_fd_sc_hd__buf_4)
     6    0.022984    0.084469    0.298705   19.216469 v fanout205/X (sky130_fd_sc_hd__buf_4)
                                                         net205 (net)
                      0.084469    0.000380   19.216848 v _1801_/A2 (sky130_fd_sc_hd__o211a_1)
     1    0.008437    0.120176    0.434143   19.650993 v _1801_/X (sky130_fd_sc_hd__o211a_1)
                                                         _1290_ (net)
                      0.120176    0.000250   19.651243 v _1811_/A2 (sky130_fd_sc_hd__o21ai_4)
     3    0.015575    0.258796    0.288996   19.940239 ^ _1811_/Y (sky130_fd_sc_hd__o21ai_4)
                                                         _1300_ (net)
                      0.258796    0.000476   19.940714 ^ fanout201/A (sky130_fd_sc_hd__buf_6)
     6    0.038007    0.134582    0.312680   20.253395 ^ fanout201/X (sky130_fd_sc_hd__buf_6)
                                                         net201 (net)
                      0.134589    0.001114   20.254507 ^ _1814_/A (sky130_fd_sc_hd__nand2_1)
     3    0.018333    0.310190    0.306278   20.560785 v _1814_/Y (sky130_fd_sc_hd__nand2_1)
                                                         _1303_ (net)
                      0.310190    0.000421   20.561207 v _1816_/C1 (sky130_fd_sc_hd__o311a_4)
     3    0.021525    0.135163    0.375257   20.936464 v _1816_/X (sky130_fd_sc_hd__o311a_4)
                                                         _1305_ (net)
                      0.135170    0.001085   20.937550 v _1819_/B1 (sky130_fd_sc_hd__a31o_1)
     2    0.009408    0.120525    0.415465   21.353014 v _1819_/X (sky130_fd_sc_hd__a31o_1)
                                                         _1308_ (net)
                      0.120525    0.000423   21.353437 v _1849_/A1 (sky130_fd_sc_hd__o211a_1)
     1    0.010185    0.135815    0.493426   21.846863 v _1849_/X (sky130_fd_sc_hd__o211a_1)
                                                         _1338_ (net)
                      0.135815    0.000348   21.847210 v _1859_/A1 (sky130_fd_sc_hd__o21ai_4)
     2    0.014379    0.243548    0.324414   22.171625 ^ _1859_/Y (sky130_fd_sc_hd__o21ai_4)
                                                         _1348_ (net)
                      0.243548    0.000401   22.172026 ^ fanout195/A (sky130_fd_sc_hd__buf_6)
     6    0.035071    0.125773    0.301180   22.473206 ^ fanout195/X (sky130_fd_sc_hd__buf_6)
                                                         net195 (net)
                      0.125775    0.000774   22.473980 ^ _1878_/C1 (sky130_fd_sc_hd__o211ai_4)
     5    0.026120    0.225405    0.242270   22.716251 v _1878_/Y (sky130_fd_sc_hd__o211ai_4)
                                                         _1367_ (net)
                      0.225407    0.001089   22.717340 v _1881_/B1 (sky130_fd_sc_hd__o211ai_2)
     1    0.009400    0.278593    0.213291   22.930630 ^ _1881_/Y (sky130_fd_sc_hd__o211ai_2)
                                                         _1370_ (net)
                      0.278593    0.000282   22.930912 ^ _1888_/A (sky130_fd_sc_hd__nand3_4)
     2    0.018968    0.189842    0.249662   23.180574 v _1888_/Y (sky130_fd_sc_hd__nand3_4)
                                                         _1377_ (net)
                      0.189842    0.000480   23.181055 v _1906_/B2 (sky130_fd_sc_hd__a2bb2oi_4)
     2    0.014057    0.218177    0.312042   23.493095 ^ _1906_/Y (sky130_fd_sc_hd__a2bb2oi_4)
                                                         _1395_ (net)
                      0.218177    0.000297   23.493393 ^ fanout191/A (sky130_fd_sc_hd__buf_6)
     6    0.022647    0.090729    0.263357   23.756750 ^ fanout191/X (sky130_fd_sc_hd__buf_6)
                                                         net191 (net)
                      0.090729    0.000400   23.757151 ^ _1919_/A2 (sky130_fd_sc_hd__o211ai_2)
     1    0.010829    0.211554    0.229155   23.986305 v _1919_/Y (sky130_fd_sc_hd__o211ai_2)
                                                         _1408_ (net)
                      0.211554    0.000419   23.986725 v _1923_/A1 (sky130_fd_sc_hd__o21ai_4)
     2    0.017633    0.274299    0.380657   24.367382 ^ _1923_/Y (sky130_fd_sc_hd__o21ai_4)
                                                         _1412_ (net)
                      0.274299    0.000556   24.367937 ^ fanout190/A (sky130_fd_sc_hd__buf_8)
     6    0.043300    0.126592    0.306407   24.674345 ^ fanout190/X (sky130_fd_sc_hd__buf_8)
                                                         net190 (net)
                      0.126603    0.001268   24.675613 ^ _1942_/C1 (sky130_fd_sc_hd__o211ai_4)
     3    0.013244    0.156286    0.185365   24.860977 v _1942_/Y (sky130_fd_sc_hd__o211ai_4)
                                                         _1431_ (net)
                      0.156286    0.000506   24.861485 v _1945_/B1 (sky130_fd_sc_hd__o211ai_2)
     1    0.009637    0.282281    0.182068   25.043552 ^ _1945_/Y (sky130_fd_sc_hd__o211ai_2)
                                                         _1434_ (net)
                      0.282281    0.000309   25.043861 ^ _1952_/A (sky130_fd_sc_hd__nand3_4)
     2    0.017890    0.175872    0.245418   25.289278 v _1952_/Y (sky130_fd_sc_hd__nand3_4)
                                                         _1441_ (net)
                      0.175872    0.000455   25.289734 v _1956_/B (sky130_fd_sc_hd__nand2_4)
     6    0.035403    0.186787    0.243722   25.533455 ^ _1956_/Y (sky130_fd_sc_hd__nand2_4)
                                                         _1445_ (net)
                      0.186788    0.000892   25.534348 ^ _1990_/A1 (sky130_fd_sc_hd__a31oi_2)
     1    0.011140    0.212533    0.271523   25.805870 v _1990_/Y (sky130_fd_sc_hd__a31oi_2)
                                                         _1479_ (net)
                      0.212533    0.000469   25.806339 v _1993_/B1 (sky130_fd_sc_hd__a22oi_4)
     3    0.025904    0.388531    0.409337   26.215675 ^ _1993_/Y (sky130_fd_sc_hd__a22oi_4)
                                                         _1482_ (net)
                      0.388531    0.000746   26.216421 ^ _2000_/B2 (sky130_fd_sc_hd__a22oi_4)
     2    0.011303    0.126805    0.210118   26.426540 v _2000_/Y (sky130_fd_sc_hd__a22oi_4)
                                                         _1489_ (net)
                      0.126805    0.000414   26.426954 v fanout186/A (sky130_fd_sc_hd__buf_6)
     6    0.032771    0.074055    0.272522   26.699476 v fanout186/X (sky130_fd_sc_hd__buf_6)
                                                         net186 (net)
                      0.074062    0.000727   26.700201 v _2020_/A2 (sky130_fd_sc_hd__o211ai_4)
     3    0.021555    0.368406    0.371609   27.071810 ^ _2020_/Y (sky130_fd_sc_hd__o211ai_4)
                                                         _1509_ (net)
                      0.368406    0.000780   27.072590 ^ _2022_/B1 (sky130_fd_sc_hd__o21ai_4)
     2    0.017399    0.142002    0.246935   27.319525 v _2022_/Y (sky130_fd_sc_hd__o21ai_4)
                                                         _0163_ (net)
                      0.142003    0.000705   27.320230 v _2023_/B1 (sky130_fd_sc_hd__a21oi_4)
     4    0.020289    0.289055    0.316781   27.637012 ^ _2023_/Y (sky130_fd_sc_hd__a21oi_4)
                                                         _0164_ (net)
                      0.289055    0.000590   27.637602 ^ _2057_/B2 (sky130_fd_sc_hd__o22ai_4)
     2    0.012608    0.134734    0.212356   27.849958 v _2057_/Y (sky130_fd_sc_hd__o22ai_4)
                                                         _0198_ (net)
                      0.134735    0.000414   27.850372 v _2067_/A2 (sky130_fd_sc_hd__a31oi_4)
     3    0.025051    0.376812    0.434312   28.284683 ^ _2067_/Y (sky130_fd_sc_hd__a31oi_4)
                                                         _0208_ (net)
                      0.376812    0.000940   28.285624 ^ _2068_/A (sky130_fd_sc_hd__nand2_4)
     6    0.043241    0.225873    0.308898   28.594521 v _2068_/Y (sky130_fd_sc_hd__nand2_4)
                                                         _0209_ (net)
                      0.225986    0.002167   28.596689 v _2075_/A2_N (sky130_fd_sc_hd__o2bb2ai_4)
     2    0.012428    0.110685    0.304828   28.901516 v _2075_/Y (sky130_fd_sc_hd__o2bb2ai_4)
                                                         _0216_ (net)
                      0.110686    0.000401   28.901918 v _2087_/A3 (sky130_fd_sc_hd__a31oi_4)
     3    0.026438    0.390931    0.459805   29.361723 ^ _2087_/Y (sky130_fd_sc_hd__a31oi_4)
                                                         _0228_ (net)
                      0.390931    0.000808   29.362532 ^ _2089_/A (sky130_fd_sc_hd__nand2_4)
     6    0.031778    0.185752    0.276389   29.638920 v _2089_/Y (sky130_fd_sc_hd__nand2_4)
                                                         _0230_ (net)
                      0.185759    0.001439   29.640358 v _2095_/A2_N (sky130_fd_sc_hd__o2bb2ai_4)
     2    0.014847    0.117038    0.294555   29.934914 v _2095_/Y (sky130_fd_sc_hd__o2bb2ai_4)
                                                         _0236_ (net)
                      0.117039    0.000480   29.935394 v _2112_/B1 (sky130_fd_sc_hd__a2bb2oi_4)
     2    0.020971    0.280098    0.352284   30.287678 ^ _2112_/Y (sky130_fd_sc_hd__a2bb2oi_4)
                                                         _0253_ (net)
                      0.280098    0.000629   30.288305 ^ _2116_/A1 (sky130_fd_sc_hd__a21oi_4)
     3    0.015280    0.117588    0.203713   30.492018 v _2116_/Y (sky130_fd_sc_hd__a21oi_4)
                                                         _0257_ (net)
                      0.117589    0.000323   30.492342 v fanout181/A (sky130_fd_sc_hd__buf_6)
     6    0.030308    0.070972    0.265011   30.757353 v fanout181/X (sky130_fd_sc_hd__buf_6)
                                                         net181 (net)
                      0.071011    0.001442   30.758795 v _2124_/A1 (sky130_fd_sc_hd__o211ai_4)
     2    0.020474    0.355190    0.397737   31.156532 ^ _2124_/Y (sky130_fd_sc_hd__o211ai_4)
                                                         _0265_ (net)
                      0.355191    0.000536   31.157068 ^ _2132_/C (sky130_fd_sc_hd__nand3_4)
     3    0.029535    0.252811    0.344464   31.501534 v _2132_/Y (sky130_fd_sc_hd__nand3_4)
                                                         _0273_ (net)
                      0.252811    0.000739   31.502272 v _2141_/A (sky130_fd_sc_hd__nand2_8)
     4    0.026278    0.107984    0.199570   31.701841 ^ _2141_/Y (sky130_fd_sc_hd__nand2_8)
                                                         _0282_ (net)
                      0.107985    0.000682   31.702524 ^ _2149_/A1 (sky130_fd_sc_hd__a31oi_4)
     5    0.027346    0.254250    0.265835   31.968359 v _2149_/Y (sky130_fd_sc_hd__a31oi_4)
                                                         _0290_ (net)
                      0.254250    0.000924   31.969284 v _2172_/B1 (sky130_fd_sc_hd__a32oi_4)
     3    0.024316    0.432529    0.479506   32.448788 ^ _2172_/Y (sky130_fd_sc_hd__a32oi_4)
                                                         _0313_ (net)
                      0.432529    0.000373   32.449162 ^ _2173_/B1 (sky130_fd_sc_hd__o21ai_4)
     2    0.012528    0.134501    0.246789   32.695953 v _2173_/Y (sky130_fd_sc_hd__o21ai_4)
                                                         _0314_ (net)
                      0.134502    0.000345   32.696297 v fanout179/A (sky130_fd_sc_hd__buf_6)
     6    0.025388    0.065849    0.265640   32.961937 v fanout179/X (sky130_fd_sc_hd__buf_6)
                                                         net179 (net)
                      0.065850    0.000369   32.962307 v _2178_/A2_N (sky130_fd_sc_hd__o2bb2ai_2)
     2    0.017491    0.176174    0.294886   33.257191 v _2178_/Y (sky130_fd_sc_hd__o2bb2ai_2)
                                                         _0319_ (net)
                      0.176174    0.000679   33.257870 v _2191_/B1 (sky130_fd_sc_hd__a22oi_4)
     2    0.020504    0.338272    0.353978   33.611847 ^ _2191_/Y (sky130_fd_sc_hd__a22oi_4)
                                                         _0332_ (net)
                      0.338272    0.000394   33.612244 ^ _2192_/B1 (sky130_fd_sc_hd__o21ai_4)
     2    0.012258    0.118831    0.216708   33.828953 v _2192_/Y (sky130_fd_sc_hd__o21ai_4)
                                                         _0333_ (net)
                      0.118831    0.000433   33.829384 v fanout176/A (sky130_fd_sc_hd__buf_6)
     3    0.015981    0.051526    0.242217   34.071602 v fanout176/X (sky130_fd_sc_hd__buf_6)
                                                         net176 (net)
                      0.051529    0.000426   34.072029 v _2203_/A2_N (sky130_fd_sc_hd__o2bb2ai_2)
     2    0.013161    0.139662    0.263409   34.335438 v _2203_/Y (sky130_fd_sc_hd__o2bb2ai_2)
                                                         _0344_ (net)
                      0.139662    0.000529   34.335968 v _2217_/B1 (sky130_fd_sc_hd__a22oi_4)
     2    0.020623    0.339310    0.340307   34.676273 ^ _2217_/Y (sky130_fd_sc_hd__a22oi_4)
                                                         _0358_ (net)
                      0.339310    0.000551   34.676823 ^ _2227_/A2 (sky130_fd_sc_hd__a21oi_4)
     3    0.015210    0.115396    0.227203   34.904026 v _2227_/Y (sky130_fd_sc_hd__a21oi_4)
                                                         _0368_ (net)
                      0.115396    0.000401   34.904430 v fanout171/A (sky130_fd_sc_hd__buf_6)
     6    0.029625    0.070151    0.263338   35.167767 v fanout171/X (sky130_fd_sc_hd__buf_6)
                                                         net171 (net)
                      0.070158    0.000647   35.168415 v _2229_/B1 (sky130_fd_sc_hd__o22ai_4)
     4    0.032792    0.473128    0.405290   35.573704 ^ _2229_/Y (sky130_fd_sc_hd__o22ai_4)
                                                         _0370_ (net)
                      0.473135    0.001361   35.575066 ^ _2235_/A (sky130_fd_sc_hd__nand3_4)
     3    0.022920    0.266211    0.339590   35.914654 v _2235_/Y (sky130_fd_sc_hd__nand3_4)
                                                         _0376_ (net)
                      0.266211    0.000636   35.915291 v _2251_/B1 (sky130_fd_sc_hd__a22oi_4)
     6    0.036858    0.493739    0.515549   36.430840 ^ _2251_/Y (sky130_fd_sc_hd__a22oi_4)
                                                         _0392_ (net)
                      0.493746    0.001467   36.432304 ^ _2258_/B2 (sky130_fd_sc_hd__o22ai_4)
     3    0.028960    0.212914    0.344301   36.776608 v _2258_/Y (sky130_fd_sc_hd__o22ai_4)
                                                         _0399_ (net)
                      0.212915    0.000977   36.777584 v _2266_/A1 (sky130_fd_sc_hd__a21oi_4)
     4    0.030897    0.392166    0.452644   37.230228 ^ _2266_/Y (sky130_fd_sc_hd__a21oi_4)
                                                         _0407_ (net)
                      0.392166    0.000870   37.231098 ^ _2315_/A2 (sky130_fd_sc_hd__o211ai_2)
     2    0.009627    0.224884    0.309488   37.540585 v _2315_/Y (sky130_fd_sc_hd__o211ai_2)
                                                         _0456_ (net)
                      0.224884    0.000195   37.540779 v _2316_/B1 (sky130_fd_sc_hd__o21ai_2)
     2    0.021699    0.446501    0.265238   37.806019 ^ _2316_/Y (sky130_fd_sc_hd__o21ai_2)
                                                         _0457_ (net)
                      0.446504    0.000870   37.806889 ^ _2321_/B (sky130_fd_sc_hd__nand3_4)
     2    0.012710    0.161361    0.282046   38.088936 v _2321_/Y (sky130_fd_sc_hd__nand3_4)
                                                         _0462_ (net)
                      0.161362    0.000423   38.089359 v _2329_/A1 (sky130_fd_sc_hd__a21oi_4)
     5    0.036059    0.443568    0.469413   38.558773 ^ _2329_/Y (sky130_fd_sc_hd__a21oi_4)
                                                         _0470_ (net)
                      0.443570    0.000604   38.559376 ^ _2339_/A2 (sky130_fd_sc_hd__o211ai_2)
     1    0.010625    0.208952    0.333962   38.893337 v _2339_/Y (sky130_fd_sc_hd__o211ai_2)
                                                         _0480_ (net)
                      0.208952    0.000426   38.893764 v _2340_/A (sky130_fd_sc_hd__nand3_4)
     2    0.014861    0.134086    0.179408   39.073174 ^ _2340_/Y (sky130_fd_sc_hd__nand3_4)
                                                         _0481_ (net)
                      0.134086    0.000313   39.073486 ^ _2348_/B2 (sky130_fd_sc_hd__a22oi_4)
     2    0.012723    0.132819    0.142027   39.215511 v _2348_/Y (sky130_fd_sc_hd__a22oi_4)
                                                         _0489_ (net)
                      0.132819    0.000238   39.215752 v fanout169/A (sky130_fd_sc_hd__buf_6)
     4    0.019226    0.056253    0.254371   39.470119 v fanout169/X (sky130_fd_sc_hd__buf_6)
                                                         net169 (net)
                      0.056260    0.000643   39.470764 v _2354_/B2 (sky130_fd_sc_hd__o22ai_4)
     3    0.032914    0.474583    0.362746   39.833511 ^ _2354_/Y (sky130_fd_sc_hd__o22ai_4)
                                                         _0495_ (net)
                      0.474587    0.001027   39.834538 ^ _2361_/A1 (sky130_fd_sc_hd__o21ai_4)
     4    0.022097    0.154909    0.298744   40.133282 v _2361_/Y (sky130_fd_sc_hd__o21ai_4)
                                                         _0502_ (net)
                      0.154909    0.000561   40.133842 v _2365_/B1 (sky130_fd_sc_hd__o22ai_4)
     5    0.039098    0.536610    0.488171   40.622013 ^ _2365_/Y (sky130_fd_sc_hd__o22ai_4)
                                                         _0506_ (net)
                      0.536612    0.000810   40.622822 ^ _2366_/B1 (sky130_fd_sc_hd__o21ai_4)
     2    0.014354    0.157607    0.288683   40.911507 v _2366_/Y (sky130_fd_sc_hd__o21ai_4)
                                                         _0507_ (net)
                      0.157607    0.000536   40.912045 v _2370_/A1 (sky130_fd_sc_hd__a32oi_4)
     3    0.026755    0.456689    0.486349   41.398392 ^ _2370_/Y (sky130_fd_sc_hd__a32oi_4)
                                                         _0511_ (net)
                      0.456690    0.000725   41.399117 ^ _2388_/B2 (sky130_fd_sc_hd__a22oi_4)
     5    0.025912    0.185071    0.285567   41.684685 v _2388_/Y (sky130_fd_sc_hd__a22oi_4)
                                                         _0529_ (net)
                      0.185073    0.000824   41.685509 v _2396_/A2 (sky130_fd_sc_hd__o21ai_4)
     5    0.044153    0.536249    0.529806   42.215313 ^ _2396_/Y (sky130_fd_sc_hd__o21ai_4)
                                                         _0537_ (net)
                      0.536255    0.001364   42.216679 ^ _2402_/A2 (sky130_fd_sc_hd__o21ai_4)
     3    0.021453    0.150009    0.284835   42.501514 v _2402_/Y (sky130_fd_sc_hd__o21ai_4)
                                                         _0543_ (net)
                      0.150009    0.000473   42.501984 v _2413_/B1 (sky130_fd_sc_hd__o22ai_4)
     2    0.012856    0.278653    0.285393   42.787380 ^ _2413_/Y (sky130_fd_sc_hd__o22ai_4)
                                                         _0554_ (net)
                      0.278653    0.000249   42.787628 ^ fanout166/A (sky130_fd_sc_hd__buf_6)
     6    0.041311    0.144474    0.326803   43.114429 ^ fanout166/X (sky130_fd_sc_hd__buf_6)
                                                         net166 (net)
                      0.144476    0.000892   43.115322 ^ _2416_/B (sky130_fd_sc_hd__nand2_4)
     3    0.017349    0.162251    0.151729   43.267052 v _2416_/Y (sky130_fd_sc_hd__nand2_4)
                                                         _0557_ (net)
                      0.162251    0.000423   43.267475 v _2444_/A3 (sky130_fd_sc_hd__a32oi_2)
     1    0.006161    0.265276    0.400750   43.668224 ^ _2444_/Y (sky130_fd_sc_hd__a32oi_2)
                                                         _0585_ (net)
                      0.265276    0.000213   43.668438 ^ _2451_/B2 (sky130_fd_sc_hd__o22ai_2)
     2    0.014593    0.185017    0.253404   43.921841 v _2451_/Y (sky130_fd_sc_hd__o22ai_2)
                                                         _0592_ (net)
                      0.185017    0.000504   43.922344 v _2459_/A1 (sky130_fd_sc_hd__a211oi_4)
     5    0.030392    0.632985    0.687937   44.610283 ^ _2459_/Y (sky130_fd_sc_hd__a211oi_4)
                                                         _0600_ (net)
                      0.632988    0.001144   44.611427 ^ _2477_/A (sky130_fd_sc_hd__nand3_4)
     2    0.022805    0.259364    0.396234   45.007660 v _2477_/Y (sky130_fd_sc_hd__nand3_4)
                                                         net91 (net)
                      0.259366    0.001403   45.009064 v fanout160/A (sky130_fd_sc_hd__buf_8)
     7    0.054290    0.087848    0.352163   45.361229 v fanout160/X (sky130_fd_sc_hd__buf_8)
                                                         net160 (net)
                      0.087910    0.002061   45.363289 v output91/A (sky130_fd_sc_hd__buf_6)
     1    0.034078    0.075710    0.255138   45.618427 v output91/X (sky130_fd_sc_hd__buf_6)
                                                         irq_o (net)
                      0.075715    0.000632   45.619057 v irq_o (out)
                                             45.619057   data arrival time

                                 50.000000   50.000000   clock clk_i (rise edge)
                                  0.000000   50.000000   clock network delay (propagated)
                                 -0.250000   49.749996   clock uncertainty
                                  0.000000   49.749996   clock reconvergence pessimism
                                -10.000000   39.749996   output external delay
                                             39.749996   data required time
---------------------------------------------------------------------------------------------
                                             39.749996   data required time
                                            -45.619057   data arrival time
---------------------------------------------------------------------------------------------
                                             -5.869062   slack (VIOLATED)




===========================================================================
 report_check_types -max_slew -max_cap -max_fanout -violators
============================================================================
======================= nom_ss_100C_1v60 Corner ===================================

max slew

Pin                                        Limit        Slew       Slack
------------------------------------------------------------------------
_1514_/A                                1.000000    1.240288   -0.240288 (VIOLATED)
ANTENNA__1514__A/DIODE                  1.000000    1.240288   -0.240288 (VIOLATED)
_2026_/A1                               1.000000    1.240279   -0.240279 (VIOLATED)
ANTENNA__2026__A1/DIODE                 1.000000    1.240276   -0.240276 (VIOLATED)
ANTENNA__2273__A1/DIODE                 1.000000    1.240266   -0.240266 (VIOLATED)
_2273_/A1                               1.000000    1.240266   -0.240266 (VIOLATED)
_2439_/A1                               1.000000    1.240229   -0.240230 (VIOLATED)
ANTENNA__2439__A1/DIODE                 1.000000    1.240224   -0.240225 (VIOLATED)
ANTENNA_fanout384_A/DIODE               1.000000    1.240214   -0.240214 (VIOLATED)
ANTENNA_hold472_X/DIODE                 1.000000    1.240214   -0.240214 (VIOLATED)
fanout384/A                             1.000000    1.240214   -0.240214 (VIOLATED)
hold472/X                               1.000000    1.240214   -0.240214 (VIOLATED)
ANTENNA__3266__D/DIODE                  1.000000    1.183011   -0.183011 (VIOLATED)
_3266_/D                                1.000000    1.183011   -0.183011 (VIOLATED)
ANTENNA__2751__Y/DIODE                  1.000000    1.183004   -0.183004 (VIOLATED)
_2751_/Y                                1.000000    1.183004   -0.183004 (VIOLATED)
_2239_/B1                               1.000000    1.168468   -0.168468 (VIOLATED)
_2254_/B2                               1.000000    1.168468   -0.168468 (VIOLATED)
ANTENNA__2239__B1/DIODE                 1.000000    1.168468   -0.168468 (VIOLATED)
ANTENNA__2254__B1/DIODE                 1.000000    1.168468   -0.168468 (VIOLATED)
_2235_/C                                1.000000    1.168467   -0.168467 (VIOLATED)
ANTENNA__2235__C/DIODE                  1.000000    1.168466   -0.168466 (VIOLATED)
ANTENNA__2260__C/DIODE                  1.000000    1.168462   -0.168462 (VIOLATED)
_2260_/C                                1.000000    1.168460   -0.168460 (VIOLATED)
ANTENNA__2538__B2/DIODE                 1.000000    1.168457   -0.168457 (VIOLATED)
ANTENNA__3037__A1/DIODE                 1.000000    1.168457   -0.168457 (VIOLATED)
ANTENNA_hold436_X/DIODE                 1.000000    1.168457   -0.168457 (VIOLATED)
_2538_/B2                               1.000000    1.168457   -0.168457 (VIOLATED)
_3037_/A1                               1.000000    1.168457   -0.168457 (VIOLATED)
hold436/X                               1.000000    1.168457   -0.168457 (VIOLATED)
_2629_/Y                                1.000000    1.050418   -0.050418 (VIOLATED)
_2630_/C                                1.000000    1.050418   -0.050418 (VIOLATED)
_1587_/A1                               1.000000    1.019836   -0.019836 (VIOLATED)
ANTENNA__1587__A1/DIODE                 1.000000    1.019836   -0.019836 (VIOLATED)
_1561_/A                                1.000000    1.019836   -0.019836 (VIOLATED)
ANTENNA__1561__A/DIODE                  1.000000    1.019835   -0.019835 (VIOLATED)
ANTENNA__1631__C1/DIODE                 1.000000    1.019835   -0.019835 (VIOLATED)
ANTENNA__1645__A3/DIODE                 1.000000    1.019835   -0.019835 (VIOLATED)
ANTENNA__2584__A1/DIODE                 1.000000    1.019835   -0.019835 (VIOLATED)
ANTENNA_hold220_X/DIODE                 1.000000    1.019835   -0.019835 (VIOLATED)
ANTENNA_hold892_A/DIODE                 1.000000    1.019835   -0.019835 (VIOLATED)
_1631_/C1                               1.000000    1.019835   -0.019835 (VIOLATED)
_1645_/A3                               1.000000    1.019835   -0.019835 (VIOLATED)
_2584_/A1                               1.000000    1.019835   -0.019835 (VIOLATED)
hold220/X                               1.000000    1.019835   -0.019835 (VIOLATED)
hold892/A                               1.000000    1.019835   -0.019835 (VIOLATED)

max fanout

Pin                                   Limit Fanout  Slack
---------------------------------------------------------
clkbuf_2_1__f_clk_i/X                     6     25    -19 (VIOLATED)
clkbuf_2_3__f_clk_i/X                     6     25    -19 (VIOLATED)
clkbuf_2_2__f_clk_i/X                     6     21    -15 (VIOLATED)
clkbuf_2_0__f_clk_i/X                     6     19    -13 (VIOLATED)
fanout444/X                               6     15     -9 (VIOLATED)
_2483_/X                                  6     13     -7 (VIOLATED)
_2866_/Y                                  6     13     -7 (VIOLATED)
_3149_/Q                                  6     13     -7 (VIOLATED)
_3206_/Q                                  6     13     -7 (VIOLATED)
_3218_/Q                                  6     13     -7 (VIOLATED)
_3239_/Q                                  6     13     -7 (VIOLATED)
_3244_/Q                                  6     13     -7 (VIOLATED)
_3249_/Q                                  6     13     -7 (VIOLATED)
fanout156/X                               6     13     -7 (VIOLATED)
fanout219/X                               6     13     -7 (VIOLATED)
fanout221/X                               6     13     -7 (VIOLATED)
fanout222/X                               6     13     -7 (VIOLATED)
fanout223/X                               6     13     -7 (VIOLATED)
fanout244/X                               6     13     -7 (VIOLATED)
fanout246/X                               6     13     -7 (VIOLATED)
fanout259/X                               6     13     -7 (VIOLATED)
fanout263/X                               6     13     -7 (VIOLATED)
fanout272/X                               6     13     -7 (VIOLATED)
fanout273/X                               6     13     -7 (VIOLATED)
fanout279/X                               6     13     -7 (VIOLATED)
fanout280/X                               6     13     -7 (VIOLATED)
fanout281/X                               6     13     -7 (VIOLATED)
fanout288/X                               6     13     -7 (VIOLATED)
fanout293/X                               6     13     -7 (VIOLATED)
fanout297/X                               6     13     -7 (VIOLATED)
fanout304/X                               6     13     -7 (VIOLATED)
fanout310/X                               6     13     -7 (VIOLATED)
fanout319/X                               6     13     -7 (VIOLATED)
fanout341/X                               6     13     -7 (VIOLATED)
fanout356/X                               6     13     -7 (VIOLATED)
fanout359/X                               6     13     -7 (VIOLATED)
fanout370/X                               6     13     -7 (VIOLATED)
fanout388/X                               6     13     -7 (VIOLATED)
fanout391/X                               6     13     -7 (VIOLATED)
fanout393/X                               6     13     -7 (VIOLATED)
fanout395/X                               6     13     -7 (VIOLATED)
fanout397/X                               6     13     -7 (VIOLATED)
fanout399/X                               6     13     -7 (VIOLATED)
fanout400/X                               6     13     -7 (VIOLATED)
fanout443/X                               6     13     -7 (VIOLATED)
fanout452/X                               6     13     -7 (VIOLATED)
fanout453/X                               6     13     -7 (VIOLATED)
fanout455/X                               6     13     -7 (VIOLATED)
fanout457/X                               6     13     -7 (VIOLATED)
fanout461/X                               6     13     -7 (VIOLATED)
fanout462/X                               6     13     -7 (VIOLATED)
fanout464/X                               6     13     -7 (VIOLATED)
fanout480/X                               6     13     -7 (VIOLATED)
fanout483/X                               6     13     -7 (VIOLATED)
fanout491/X                               6     13     -7 (VIOLATED)
fanout493/X                               6     13     -7 (VIOLATED)
fanout494/X                               6     13     -7 (VIOLATED)
fanout515/X                               6     13     -7 (VIOLATED)
hold176/X                                 6     13     -7 (VIOLATED)
hold182/X                                 6     13     -7 (VIOLATED)
hold186/X                                 6     13     -7 (VIOLATED)
hold192/X                                 6     13     -7 (VIOLATED)
hold214/X                                 6     13     -7 (VIOLATED)
hold216/X                                 6     13     -7 (VIOLATED)
hold220/X                                 6     13     -7 (VIOLATED)
hold398/X                                 6     13     -7 (VIOLATED)
hold421/X                                 6     13     -7 (VIOLATED)
hold424/X                                 6     13     -7 (VIOLATED)
hold436/X                                 6     13     -7 (VIOLATED)
hold457/X                                 6     13     -7 (VIOLATED)
hold460/X                                 6     13     -7 (VIOLATED)
hold466/X                                 6     13     -7 (VIOLATED)
hold516/X                                 6     13     -7 (VIOLATED)
input37/X                                 6     13     -7 (VIOLATED)
clkbuf_leaf_35_clk_i/X                    6     11     -5 (VIOLATED)
fanout220/X                               6     11     -5 (VIOLATED)
fanout242/X                               6     11     -5 (VIOLATED)
fanout245/X                               6     11     -5 (VIOLATED)
fanout258/X                               6     11     -5 (VIOLATED)
fanout262/X                               6     11     -5 (VIOLATED)
fanout396/X                               6     11     -5 (VIOLATED)
fanout401/X                               6     11     -5 (VIOLATED)
fanout406/X                               6     11     -5 (VIOLATED)
fanout420/X                               6     11     -5 (VIOLATED)
fanout447/X                               6     11     -5 (VIOLATED)
hold162/X                                 6     11     -5 (VIOLATED)
hold166/X                                 6     11     -5 (VIOLATED)
hold174/X                                 6     11     -5 (VIOLATED)
hold472/X                                 6     11     -5 (VIOLATED)
hold478/X                                 6     11     -5 (VIOLATED)
hold503/X                                 6     11     -5 (VIOLATED)
hold512/X                                 6     11     -5 (VIOLATED)
input79/X                                 6     11     -5 (VIOLATED)
clkbuf_leaf_12_clk_i/X                    6     10     -4 (VIOLATED)
clkbuf_leaf_34_clk_i/X                    6     10     -4 (VIOLATED)
clkbuf_leaf_7_clk_i/X                     6     10     -4 (VIOLATED)
clkbuf_leaf_9_clk_i/X                     6     10     -4 (VIOLATED)
_1927_/X                                  6      9     -3 (VIOLATED)
_2465_/X                                  6      9     -3 (VIOLATED)
_2845_/Y                                  6      9     -3 (VIOLATED)
_2852_/X                                  6      9     -3 (VIOLATED)
_3150_/Q                                  6      9     -3 (VIOLATED)
clkbuf_0_clk_i/X                          6      9     -3 (VIOLATED)
clkbuf_leaf_10_clk_i/X                    6      9     -3 (VIOLATED)
clkbuf_leaf_15_clk_i/X                    6      9     -3 (VIOLATED)
clkbuf_leaf_1_clk_i/X                     6      9     -3 (VIOLATED)
fanout232/X                               6      9     -3 (VIOLATED)
fanout260/X                               6      9     -3 (VIOLATED)
fanout276/X                               6      9     -3 (VIOLATED)
fanout372/X                               6      9     -3 (VIOLATED)
fanout384/X                               6      9     -3 (VIOLATED)
fanout449/X                               6      9     -3 (VIOLATED)
fanout459/X                               6      9     -3 (VIOLATED)
fanout468/X                               6      9     -3 (VIOLATED)
fanout484/X                               6      9     -3 (VIOLATED)
fanout503/X                               6      9     -3 (VIOLATED)
hold202/X                                 6      9     -3 (VIOLATED)
hold205/X                                 6      9     -3 (VIOLATED)
hold236/X                                 6      9     -3 (VIOLATED)
hold243/X                                 6      9     -3 (VIOLATED)
hold290/X                                 6      9     -3 (VIOLATED)
hold293/X                                 6      9     -3 (VIOLATED)
hold337/X                                 6      9     -3 (VIOLATED)
hold357/X                                 6      9     -3 (VIOLATED)
hold365/X                                 6      9     -3 (VIOLATED)
hold547/X                                 6      9     -3 (VIOLATED)
input80/X                                 6      9     -3 (VIOLATED)
input82/X                                 6      9     -3 (VIOLATED)
input83/X                                 6      9     -3 (VIOLATED)
clkbuf_leaf_0_clk_i/X                     6      8     -2 (VIOLATED)
fanout531/X                               6      8     -2 (VIOLATED)
_1863_/X                                  6      7        (VIOLATED)
_1968_/X                                  6      7        (VIOLATED)
_2468_/X                                  6      7        (VIOLATED)
_2472_/X                                  6      7        (VIOLATED)
_2486_/X                                  6      7        (VIOLATED)
_2638_/X                                  6      7        (VIOLATED)
_2867_/X                                  6      7        (VIOLATED)
_3100_/Q                                  6      7        (VIOLATED)
_3243_/Q                                  6      7        (VIOLATED)
_3247_/Q                                  6      7        (VIOLATED)
clkbuf_leaf_11_clk_i/X                    6      7        (VIOLATED)
clkbuf_leaf_13_clk_i/X                    6      7        (VIOLATED)
clkbuf_leaf_27_clk_i/X                    6      7        (VIOLATED)
clkbuf_leaf_29_clk_i/X                    6      7        (VIOLATED)
clkbuf_leaf_2_clk_i/X                     6      7        (VIOLATED)
clkbuf_leaf_3_clk_i/X                     6      7        (VIOLATED)
clkbuf_leaf_4_clk_i/X                     6      7        (VIOLATED)
clkbuf_leaf_5_clk_i/X                     6      7        (VIOLATED)
clkbuf_leaf_6_clk_i/X                     6      7        (VIOLATED)
fanout160/X                               6      7        (VIOLATED)
fanout224/X                               6      7        (VIOLATED)
fanout236/X                               6      7        (VIOLATED)
fanout247/X                               6      7        (VIOLATED)
fanout250/X                               6      7        (VIOLATED)
fanout264/X                               6      7        (VIOLATED)
fanout270/X                               6      7        (VIOLATED)
fanout277/X                               6      7        (VIOLATED)
fanout390/X                               6      7        (VIOLATED)
fanout450/X                               6      7        (VIOLATED)
fanout451/X                               6      7        (VIOLATED)
fanout460/X                               6      7        (VIOLATED)
fanout467/X                               6      7        (VIOLATED)
fanout501/X                               6      7        (VIOLATED)
fanout504/X                               6      7        (VIOLATED)
fanout516/X                               6      7        (VIOLATED)
hold239/X                                 6      7        (VIOLATED)
hold266/X                                 6      7        (VIOLATED)
hold282/X                                 6      7        (VIOLATED)
hold286/X                                 6      7        (VIOLATED)
hold309/X                                 6      7        (VIOLATED)
hold315/X                                 6      7        (VIOLATED)
hold324/X                                 6      7        (VIOLATED)
hold327/X                                 6      7        (VIOLATED)
hold344/X                                 6      7        (VIOLATED)
hold508/X                                 6      7        (VIOLATED)
hold515/X                                 6      7        (VIOLATED)
hold519/X                                 6      7        (VIOLATED)
hold542/X                                 6      7        (VIOLATED)
hold60/X                                  6      7        (VIOLATED)
input74/X                                 6      7        (VIOLATED)
input75/X                                 6      7        (VIOLATED)



===========================================================================
report_parasitic_annotation -report_unannotated
============================================================================
Found 95 unannotated drivers.
 tl_i[0]
 tl_i[103]
 tl_i[104]
 tl_i[105]
 tl_i[106]
 tl_i[10]
 tl_i[11]
 tl_i[12]
 tl_i[13]
 tl_i[14]
 tl_i[15]
 tl_i[16]
 tl_i[17]
 tl_i[18]
 tl_i[19]
 tl_i[1]
 tl_i[20]
 tl_i[21]
 tl_i[22]
 tl_i[23]
 tl_i[24]
 tl_i[2]
 tl_i[3]
 tl_i[4]
 tl_i[57]
 tl_i[58]
 tl_i[59]
 tl_i[5]
 tl_i[60]
 tl_i[6]
 tl_i[73]
 tl_i[74]
 tl_i[75]
 tl_i[76]
 tl_i[77]
 tl_i[78]
 tl_i[79]
 tl_i[7]
 tl_i[80]
 tl_i[81]
 tl_i[82]
 tl_i[83]
 tl_i[84]
 tl_i[85]
 tl_i[86]
 tl_i[87]
 tl_i[88]
 tl_i[89]
 tl_i[8]
 tl_i[90]
 tl_i[91]
 tl_i[92]
 tl_i[9]
 clkload0/Y
 clkload1/Y
 clkload10/Y
 clkload11/Y
 clkload12/Y
 clkload13/Y
 clkload14/Y
 clkload15/X
 clkload16/Y
 clkload17/Y
 clkload18/Y
 clkload19/Y
 clkload2/Y
 clkload20/Y
 clkload21/X
 clkload22/Y
 clkload23/Y
 clkload24/Y
 clkload25/X
 clkload26/Y
 clkload27/X
 clkload28/X
 clkload29/Y
 clkload3/X
 clkload30/X
 clkload31/X
 clkload32/Y
 clkload33/Y
 clkload4/Y
 clkload5/X
 clkload6/Y
 clkload7/Y
 clkload8/Y
 clkload9/X
 rv_plic_lite_532/HI
 rv_plic_lite_533/HI
 rv_plic_lite_534/HI
 rv_plic_lite_535/HI
 rv_plic_lite_536/HI
 rv_plic_lite_537/HI
 rv_plic_lite_538/HI
 rv_plic_lite_539/LO
Found 0 partially unannotated drivers.

===========================================================================
max slew violation count 46
max fanout violation count 182
max cap violation count 0
============================================================================

===========================================================================
check_setup -verbose -unconstrained_endpoints -multiple_clock -no_clock -no_input_delay -loops -generated_clocks
===========================================================================
Warning: There are 8 unconstrained endpoints.
  tl_o[0]
  tl_o[15]
  tl_o[48]
  tl_o[59]
  tl_o[60]
  tl_o[61]
  tl_o[63]
  tl_o[64]
