Clock: clk_i
Sources: clk_i 
Generated: no
Virtual: yes
Propagated: no
Period: 50.000000

===========================================================================
report_clock_properties
============================================================================
Clock                   Period          Waveform
----------------------------------------------------
clk_i                50.000000    0.000000 25.000000

===========================================================================
report_clock_latency
============================================================================
Clock clk_i
rise -> rise
    min     max
0.000000 0.000000 source latency
0.920810         network latency _2949_/CLK
        1.250118 network latency _3044_/CLK
---------------
0.920810 1.250118 latency
        0.329307 skew

fall -> fall
    min     max
0.000000 0.000000 source latency
0.812442         network latency _2949_/CLK
        1.129243 network latency _3044_/CLK
---------------
0.812442 1.129243 latency
        0.316801 skew



===========================================================================
report_clock_min_period
============================================================================
clk_i period_min = 48.69 fmax = 20.54
