
===========================================================================
Violator List
============================================================================
[setup in-out] intr_src_i[0] -> irq_o : -5.869062
[setup in-reg] intr_src_i[0] -> _3068_/D : -1.634433
[setup in-reg] intr_src_i[0] -> _3095_/D : -1.614108
[setup in-reg] intr_src_i[0] -> _3089_/D : -1.608825
[setup in-reg] intr_src_i[0] -> _3099_/D : -1.596572
[setup in-reg] intr_src_i[0] -> _3074_/D : -1.479815
[setup in-reg] intr_src_i[0] -> _3072_/D : -1.478284
[setup in-reg] intr_src_i[0] -> _3070_/D : -1.464123
[setup in-reg] intr_src_i[0] -> _3084_/D : -1.427072
[setup in-reg] intr_src_i[0] -> _3085_/D : -1.305615
[setup in-reg] intr_src_i[0] -> _3086_/D : -1.164310
[setup in-reg] intr_src_i[0] -> _3237_/D : -1.062837
[setup in-reg] intr_src_i[0] -> _3082_/D : -0.988543
[setup in-reg] intr_src_i[0] -> _3091_/D : -0.981455
[setup in-reg] intr_src_i[0] -> _3076_/D : -0.928164
[setup in-reg] intr_src_i[0] -> _3079_/D : -0.902208
[setup in-reg] intr_src_i[0] -> _3077_/D : -0.895845
[setup in-reg] intr_src_i[0] -> _3081_/D : -0.883368
[setup in-reg] intr_src_i[0] -> _3075_/D : -0.876334
[setup in-reg] intr_src_i[0] -> _3073_/D : -0.874003
[setup in-reg] intr_src_i[0] -> _3080_/D : -0.848168
[setup in-reg] intr_src_i[0] -> _3097_/D : -0.802906
[setup in-reg] intr_src_i[0] -> _3088_/D : -0.769070
[setup in-reg] intr_src_i[0] -> _3078_/D : -0.762658
[setup in-reg] intr_src_i[0] -> _3071_/D : -0.727535
[setup in-reg] intr_src_i[0] -> _3083_/D : -0.707832
[setup in-reg] intr_src_i[0] -> _3235_/D : -0.529521
[setup in-reg] intr_src_i[0] -> _3098_/D : -0.528686
[setup in-reg] intr_src_i[0] -> _3094_/D : -0.447891
[setup in-reg] intr_src_i[0] -> _3069_/D : -0.388695
