
===========================================================================
Violator List
============================================================================
[setup in-out] intr_src_i[1] -> irq_o : -6.108603
[setup in-reg] intr_src_i[1] -> _2932_/D : -1.327443
[setup in-reg] intr_src_i[1] -> _2938_/D : -1.306173
[setup in-reg] intr_src_i[1] -> _3079_/D : -1.274689
[setup in-reg] intr_src_i[1] -> _2926_/D : -1.252136
[setup in-reg] intr_src_i[1] -> _2940_/D : -1.249610
[setup in-reg] intr_src_i[1] -> _2928_/D : -1.224940
[setup in-reg] intr_src_i[1] -> _2930_/D : -1.215195
[setup in-reg] intr_src_i[1] -> _2936_/D : -1.196202
[setup in-reg] intr_src_i[1] -> _2910_/D : -1.104240
[setup in-reg] intr_src_i[1] -> _2917_/D : -1.074657
[setup in-reg] intr_src_i[1] -> _2916_/D : -1.061373
[setup in-reg] intr_src_i[1] -> _2920_/D : -1.012705
[setup in-reg] intr_src_i[1] -> _2912_/D : -1.010978
[setup in-reg] intr_src_i[1] -> _2914_/D : -1.007102
[setup in-reg] intr_src_i[1] -> _2918_/D : -0.967777
[setup in-reg] intr_src_i[1] -> _2913_/D : -0.936453
[setup in-reg] intr_src_i[1] -> _2931_/D : -0.742062
[setup in-reg] intr_src_i[1] -> _2939_/D : -0.735749
[setup in-reg] intr_src_i[1] -> _2922_/D : -0.717865
[setup in-reg] intr_src_i[1] -> _2927_/D : -0.680956
[setup in-reg] intr_src_i[1] -> _2934_/D : -0.669957
[setup in-reg] intr_src_i[1] -> _2915_/D : -0.657217
[setup in-reg] intr_src_i[1] -> _2929_/D : -0.647194
[setup in-reg] intr_src_i[1] -> _2935_/D : -0.626198
[setup in-reg] intr_src_i[1] -> _2924_/D : -0.588376
[setup in-reg] intr_src_i[1] -> _2923_/D : -0.584262
[setup in-reg] intr_src_i[1] -> _2925_/D : -0.581139
[setup in-reg] intr_src_i[1] -> _2921_/D : -0.499476
[setup in-reg] intr_src_i[1] -> _2937_/D : -0.440700
[setup in-reg] intr_src_i[1] -> _2941_/D : -0.374229
[setup in-reg] intr_src_i[1] -> _2933_/D : -0.290935
[setup in-reg] intr_src_i[1] -> _2919_/D : -0.267963
[setup in-reg] intr_src_i[1] -> _3076_/D : -0.222222
