
===========================================================================
report_checks -unconstrained
===========================================================================
======================= nom_tt_025C_1v80 Corner ===================================

Startpoint: rst_ni (input port clocked by clk_i)
Endpoint: _1142_ (recovery check against rising-edge clock clk_i)
Path Group: asynchronous
Path Type: max

Fanout         Cap        Slew       Delay        Time   Description
---------------------------------------------------------------------------------------------
                                  0.000000    0.000000   clock clk_i (rise edge)
                                  0.000000    0.000000   clock network delay (propagated)
                                  5.000000    5.000000 ^ input external delay
     2    0.004447    0.026877    0.016065    5.016066 ^ rst_ni (in)
                                                         rst_ni (net)
                      0.026886    0.000000    5.016066 ^ input1/A (sky130_fd_sc_hd__buf_4)
     5    0.082781    0.230792    0.226446    5.242511 ^ input1/X (sky130_fd_sc_hd__buf_4)
                                                         net1 (net)
                      0.236949    0.029693    5.272204 ^ fanout169/A (sky130_fd_sc_hd__clkbuf_2)
     9    0.037248    0.204919    0.275253    5.547457 ^ fanout169/X (sky130_fd_sc_hd__clkbuf_2)
                                                         net169 (net)
                      0.205019    0.002176    5.549633 ^ fanout168/A (sky130_fd_sc_hd__clkbuf_2)
     4    0.026824    0.150959    0.229331    5.778964 ^ fanout168/X (sky130_fd_sc_hd__clkbuf_2)
                                                         net168 (net)
                      0.150959    0.000317    5.779281 ^ fanout166/A (sky130_fd_sc_hd__dlymetal6s2s_1)
     4    0.019452    0.209999    0.237477    6.016758 ^ fanout166/X (sky130_fd_sc_hd__dlymetal6s2s_1)
                                                         net166 (net)
                      0.210002    0.000698    6.017456 ^ fanout165/A (sky130_fd_sc_hd__clkbuf_2)
     6    0.028945    0.161893    0.238714    6.256169 ^ fanout165/X (sky130_fd_sc_hd__clkbuf_2)
                                                         net165 (net)
                      0.161893    0.000574    6.256744 ^ _1142_/RESET_B (sky130_fd_sc_hd__dfrtp_1)
                                              6.256744   data arrival time

                                 25.000000   25.000000   clock clk_i (rise edge)
                                  0.000000   25.000000   clock source latency
     2    0.071185    0.324332    0.236858   25.236856 ^ clk_i (in)
                                                         clk_i (net)
                      0.326837    0.000000   25.236856 ^ clkbuf_0_clk_i/A (sky130_fd_sc_hd__clkbuf_16)
     2    0.018574    0.046020    0.208313   25.445169 ^ clkbuf_0_clk_i/X (sky130_fd_sc_hd__clkbuf_16)
                                                         clknet_0_clk_i (net)
                      0.046020    0.000412   25.445581 ^ clkbuf_1_0__f_clk_i/A (sky130_fd_sc_hd__clkbuf_16)
     2    0.004763    0.028536    0.110608   25.556190 ^ clkbuf_1_0__f_clk_i/X (sky130_fd_sc_hd__clkbuf_16)
                                                         clknet_1_0__leaf_clk_i (net)
                      0.028537    0.000094   25.556286 ^ _1142_/CLK (sky130_fd_sc_hd__dfrtp_1)
                                 -0.250000   25.306286   clock uncertainty
                                  0.000000   25.306286   clock reconvergence pessimism
                                  0.194944   25.501230   library recovery time
                                             25.501230   data required time
---------------------------------------------------------------------------------------------
                                             25.501230   data required time
                                             -6.256744   data arrival time
---------------------------------------------------------------------------------------------
                                             19.244486   slack (MET)


Startpoint: _1196_ (negative level-sensitive latch clocked by clk_i)
Endpoint: _1080_ (rising clock gating-check end-point clocked by clk_i)
Path Group: gated clock
Path Type: max

Fanout         Cap        Slew       Delay        Time   Description
---------------------------------------------------------------------------------------------
                                 12.500000   12.500000   clock clk_i (fall edge)
                                  0.000000   12.500000   clock source latency
     2    0.070148    0.156607    0.124018   12.624018 v clk_i (in)
                                                         clk_i (net)
                      0.161576    0.000000   12.624018 v clkbuf_0_clk_i/A (sky130_fd_sc_hd__clkbuf_16)
     2    0.016586    0.033730    0.198098   12.822115 v clkbuf_0_clk_i/X (sky130_fd_sc_hd__clkbuf_16)
                                                         clknet_0_clk_i (net)
                      0.033730    0.000440   12.822555 v clkbuf_1_1__f_clk_i/A (sky130_fd_sc_hd__clkbuf_16)
     3    0.008329    0.028728    0.132529   12.955084 v clkbuf_1_1__f_clk_i/X (sky130_fd_sc_hd__clkbuf_16)
                                                         clknet_1_1__leaf_clk_i (net)
                      0.028729    0.000207   12.955291 v _1196_/GATE_N (sky130_fd_sc_hd__dlxtn_1)
     1    0.002294    0.036380    0.377111   13.332401 ^ _1196_/Q (sky130_fd_sc_hd__dlxtn_1)
                                                         u_ibex.core_clock_gate_i.en_latch (net)
                      0.036380    0.000065   13.332466 ^ hold386/A (sky130_fd_sc_hd__dlygate4sd3_1)
     1    0.002264    0.048508    0.526988   13.859454 ^ hold386/X (sky130_fd_sc_hd__dlygate4sd3_1)
                                                         net630 (net)
                      0.048508    0.000062   13.859516 ^ hold384/A (sky130_fd_sc_hd__dlygate4sd3_1)
     1    0.002025    0.046844    0.528673   14.388189 ^ hold384/X (sky130_fd_sc_hd__dlygate4sd3_1)
                                                         net628 (net)
                      0.046844    0.000056   14.388246 ^ hold387/A (sky130_fd_sc_hd__dlygate4sd3_1)
     1    0.002180    0.047920    0.529596   14.917842 ^ hold387/X (sky130_fd_sc_hd__dlygate4sd3_1)
                                                         net631 (net)
                      0.047920    0.000062   14.917904 ^ hold383/A (sky130_fd_sc_hd__dlygate4sd3_1)
     1    0.002115    0.047466    0.529331   15.447235 ^ hold383/X (sky130_fd_sc_hd__dlygate4sd3_1)
                                                         net627 (net)
                      0.047466    0.000060   15.447295 ^ hold388/A (sky130_fd_sc_hd__dlygate4sd3_1)
     1    0.001979    0.046540    0.527912   15.975207 ^ hold388/X (sky130_fd_sc_hd__dlygate4sd3_1)
                                                         net632 (net)
                      0.046540    0.000037   15.975245 ^ hold385/A (sky130_fd_sc_hd__dlygate4sd3_1)
     1    0.001885    0.045903    0.526724   16.501968 ^ hold385/X (sky130_fd_sc_hd__dlygate4sd3_1)
                                                         net629 (net)
                      0.045903    0.000037   16.502005 ^ _1080_/B (sky130_fd_sc_hd__and2_2)
                                             16.502005   data arrival time

                                 25.000000   25.000000   clock clk_i (rise edge)
                                  0.000000   25.000000   clock source latency
     2    0.071185    0.324332    0.236858   25.236856 ^ clk_i (in)
                                                         clk_i (net)
                      0.326837    0.000000   25.236856 ^ clkbuf_0_clk_i/A (sky130_fd_sc_hd__clkbuf_16)
     2    0.018574    0.046020    0.208313   25.445169 ^ clkbuf_0_clk_i/X (sky130_fd_sc_hd__clkbuf_16)
                                                         clknet_0_clk_i (net)
                      0.046020    0.000494   25.445663 ^ clkbuf_1_1__f_clk_i/A (sky130_fd_sc_hd__clkbuf_16)
     3    0.008797    0.032299    0.115062   25.560726 ^ clkbuf_1_1__f_clk_i/X (sky130_fd_sc_hd__clkbuf_16)
                                                         clknet_1_1__leaf_clk_i (net)
                      0.032299    0.000188   25.560915 ^ _1080_/A (sky130_fd_sc_hd__and2_2)
                                 -0.250000   25.310915   clock uncertainty
                                  0.000000   25.310915   clock reconvergence pessimism
                                  0.000000   25.310915   clock gating setup time
                                             25.310915   data required time
---------------------------------------------------------------------------------------------
                                             25.310915   data required time
                                            -16.502005   data arrival time
---------------------------------------------------------------------------------------------
                                              8.808909   slack (MET)


Startpoint: _1197_ (rising edge-triggered flip-flop clocked by clk_i)
Endpoint: _1196_ (negative level-sensitive latch clocked by clk_i)
Path Group: clk_i
Path Type: max

Fanout         Cap        Slew       Delay        Time   Description
---------------------------------------------------------------------------------------------
                                  0.000000    0.000000   clock clk_i (rise edge)
                                  0.000000    0.000000   clock source latency
     2    0.071185    0.324332    0.236858    0.236858 ^ clk_i (in)
                                                         clk_i (net)
                      0.326837    0.000000    0.236858 ^ clkbuf_0_clk_i/A (sky130_fd_sc_hd__clkbuf_16)
     2    0.018574    0.046020    0.208313    0.445171 ^ clkbuf_0_clk_i/X (sky130_fd_sc_hd__clkbuf_16)
                                                         clknet_0_clk_i (net)
                      0.046020    0.000412    0.445583 ^ clkbuf_1_0__f_clk_i/A (sky130_fd_sc_hd__clkbuf_16)
     2    0.004763    0.028536    0.110610    0.556192 ^ clkbuf_1_0__f_clk_i/X (sky130_fd_sc_hd__clkbuf_16)
                                                         clknet_1_0__leaf_clk_i (net)
                      0.028537    0.000090    0.556283 ^ _1197_/CLK (sky130_fd_sc_hd__dfrtp_1)
     2    0.013524    0.086210    0.399633    0.955916 v _1197_/Q (sky130_fd_sc_hd__dfrtp_1)
                                                         u_ibex.clock_en (net)
                      0.086210    0.000343    0.956259 v hold378/A (sky130_fd_sc_hd__dlygate4sd3_1)
     1    0.001816    0.048094    0.557446    1.513705 v hold378/X (sky130_fd_sc_hd__dlygate4sd3_1)
                                                         net622 (net)
                      0.048094    0.000051    1.513756 v hold156/A (sky130_fd_sc_hd__dlygate4sd3_1)
     1    0.002630    0.051960    0.547832    2.061588 v hold156/X (sky130_fd_sc_hd__dlygate4sd3_1)
                                                         net400 (net)
                      0.051960    0.000078    2.061666 v hold379/A (sky130_fd_sc_hd__dlygate4sd3_1)
     1    0.002848    0.053250    0.551319    2.612986 v hold379/X (sky130_fd_sc_hd__dlygate4sd3_1)
                                                         net623 (net)
                      0.053250    0.000063    2.613049 v hold29/A (sky130_fd_sc_hd__dlygate4sd3_1)
     1    0.002577    0.051602    0.549361    3.162410 v hold29/X (sky130_fd_sc_hd__dlygate4sd3_1)
                                                         net273 (net)
                      0.051602    0.000079    3.162489 v hold380/A (sky130_fd_sc_hd__dlygate4sd3_1)
     1    0.003104    0.054898    0.553491    3.715980 v hold380/X (sky130_fd_sc_hd__dlygate4sd3_1)
                                                         net624 (net)
                      0.054898    0.000103    3.716083 v hold157/A (sky130_fd_sc_hd__dlygate4sd3_1)
     1    0.003585    0.057482    0.558762    4.274845 v hold157/X (sky130_fd_sc_hd__dlygate4sd3_1)
                                                         net401 (net)
                      0.057482    0.000087    4.274932 v _1196_/D (sky130_fd_sc_hd__dlxtn_1)
                                              4.274932   data arrival time

                                 12.500000   12.500000   clock clk_i (fall edge)
                                  0.000000   12.500000   clock source latency
     2    0.070148    0.156607    0.124018   12.624018 v clk_i (in)
                                                         clk_i (net)
                      0.161576    0.000000   12.624018 v clkbuf_0_clk_i/A (sky130_fd_sc_hd__clkbuf_16)
     2    0.016586    0.033730    0.198098   12.822115 v clkbuf_0_clk_i/X (sky130_fd_sc_hd__clkbuf_16)
                                                         clknet_0_clk_i (net)
                      0.033730    0.000440   12.822555 v clkbuf_1_1__f_clk_i/A (sky130_fd_sc_hd__clkbuf_16)
     3    0.008329    0.028728    0.132529   12.955084 v clkbuf_1_1__f_clk_i/X (sky130_fd_sc_hd__clkbuf_16)
                                                         clknet_1_1__leaf_clk_i (net)
                      0.028729    0.000207   12.955291 v _1196_/GATE_N (sky130_fd_sc_hd__dlxtn_1)
                                 -0.250000   12.705291   clock uncertainty
                                  0.000000   12.705291   clock reconvergence pessimism
                                  0.000000   12.705291   time borrowed from endpoint
                                             12.705291   data required time
---------------------------------------------------------------------------------------------
                                             12.705291   data required time
                                             -4.274932   data arrival time
---------------------------------------------------------------------------------------------
                                              8.430359   slack (MET)

Time Borrowing Information
------------------------------------------------
clk_i nominal pulse width              12.500000
clock latency difference                0.105655
library setup time                     -0.123382
------------------------------------------------
max time borrow                        12.482272
actual time borrow                      0.000000
------------------------------------------------




===========================================================================
report_checks --slack_max -0.01
============================================================================
======================= nom_tt_025C_1v80 Corner ===================================

No paths found.


===========================================================================
 report_check_types -max_slew -max_cap -max_fanout -violators
============================================================================
======================= nom_tt_025C_1v80 Corner ===================================

max fanout

Pin                                   Limit Fanout  Slack
---------------------------------------------------------
clkbuf_2_1__f_u_ibex.clk/X                6     37    -31 (VIOLATED)
clkbuf_2_0__f_u_ibex.clk/X                6     31    -25 (VIOLATED)
clkbuf_2_3__f_u_ibex.clk/X                6     27    -21 (VIOLATED)
clkbuf_2_2__f_u_ibex.clk/X                6     23    -17 (VIOLATED)
fanout124/X                               6     13     -7 (VIOLATED)
fanout172/X                               6     13     -7 (VIOLATED)
fanout62/X                                6     13     -7 (VIOLATED)
fanout78/X                                6     13     -7 (VIOLATED)
fanout171/X                               6     11     -5 (VIOLATED)
fanout76/X                                6     11     -5 (VIOLATED)
_1037_/Y                                  6      9     -3 (VIOLATED)
clkbuf_0_u_ibex.clk/X                     6      9     -3 (VIOLATED)
fanout169/X                               6      9     -3 (VIOLATED)
fanout79/X                                6      9     -3 (VIOLATED)
input9/X                                  6      9     -3 (VIOLATED)
fanout117/X                               6      7        (VIOLATED)
fanout118/X                               6      7        (VIOLATED)



===========================================================================
report_parasitic_annotation -report_unannotated
============================================================================
Found 194 unannotated drivers.
 boot_addr_i[0]
 boot_addr_i[10]
 boot_addr_i[11]
 boot_addr_i[12]
 boot_addr_i[13]
 boot_addr_i[14]
 boot_addr_i[15]
 boot_addr_i[16]
 boot_addr_i[17]
 boot_addr_i[18]
 boot_addr_i[19]
 boot_addr_i[1]
 boot_addr_i[20]
 boot_addr_i[21]
 boot_addr_i[22]
 boot_addr_i[23]
 boot_addr_i[24]
 boot_addr_i[25]
 boot_addr_i[26]
 boot_addr_i[27]
 boot_addr_i[28]
 boot_addr_i[29]
 boot_addr_i[2]
 boot_addr_i[30]
 boot_addr_i[31]
 boot_addr_i[3]
 boot_addr_i[4]
 boot_addr_i[5]
 boot_addr_i[6]
 boot_addr_i[7]
 boot_addr_i[8]
 boot_addr_i[9]
 hart_id_i[0]
 hart_id_i[10]
 hart_id_i[11]
 hart_id_i[12]
 hart_id_i[13]
 hart_id_i[14]
 hart_id_i[15]
 hart_id_i[16]
 hart_id_i[17]
 hart_id_i[18]
 hart_id_i[19]
 hart_id_i[1]
 hart_id_i[20]
 hart_id_i[21]
 hart_id_i[22]
 hart_id_i[23]
 hart_id_i[24]
 hart_id_i[25]
 hart_id_i[26]
 hart_id_i[27]
 hart_id_i[28]
 hart_id_i[29]
 hart_id_i[2]
 hart_id_i[30]
 hart_id_i[31]
 hart_id_i[3]
 hart_id_i[4]
 hart_id_i[5]
 hart_id_i[6]
 hart_id_i[7]
 hart_id_i[8]
 hart_id_i[9]
 irq_external_i
 irq_software_i
 irq_timer_i
 tl_i[16]
 tl_i[17]
 tl_i[18]
 tl_i[19]
 tl_i[20]
 tl_i[21]
 tl_i[22]
 tl_i[23]
 tl_i[24]
 tl_i[25]
 tl_i[26]
 tl_i[27]
 tl_i[28]
 tl_i[29]
 tl_i[2]
 tl_i[30]
 tl_i[31]
 tl_i[32]
 tl_i[33]
 tl_i[34]
 tl_i[35]
 tl_i[36]
 tl_i[37]
 tl_i[38]
 tl_i[39]
 tl_i[3]
 tl_i[40]
 tl_i[41]
 tl_i[42]
 tl_i[43]
 tl_i[44]
 tl_i[45]
 tl_i[46]
 tl_i[47]
 tl_i[48]
 tl_i[49]
 tl_i[4]
 tl_i[50]
 tl_i[51]
 tl_i[52]
 tl_i[53]
 tl_i[54]
 tl_i[55]
 tl_i[56]
 tl_i[59]
 tl_i[5]
 tl_i[60]
 tl_i[61]
 tl_i[6]
 tl_i[7]
 tl_i[8]
 clkload0/X
 clkload1/Y
 clkload2/Y
 clkload3/Y
 rv_core_ibex_tlul_173/HI
 rv_core_ibex_tlul_174/HI
 rv_core_ibex_tlul_175/HI
 rv_core_ibex_tlul_176/HI
 rv_core_ibex_tlul_177/HI
 rv_core_ibex_tlul_178/HI
 rv_core_ibex_tlul_179/HI
 rv_core_ibex_tlul_180/HI
 rv_core_ibex_tlul_181/HI
 rv_core_ibex_tlul_182/HI
 rv_core_ibex_tlul_183/HI
 rv_core_ibex_tlul_184/HI
 rv_core_ibex_tlul_185/HI
 rv_core_ibex_tlul_186/HI
 rv_core_ibex_tlul_187/HI
 rv_core_ibex_tlul_188/HI
 rv_core_ibex_tlul_189/HI
 rv_core_ibex_tlul_190/HI
 rv_core_ibex_tlul_191/HI
 rv_core_ibex_tlul_192/HI
 rv_core_ibex_tlul_193/HI
 rv_core_ibex_tlul_194/HI
 rv_core_ibex_tlul_195/HI
 rv_core_ibex_tlul_196/HI
 rv_core_ibex_tlul_197/HI
 rv_core_ibex_tlul_198/HI
 rv_core_ibex_tlul_199/HI
 rv_core_ibex_tlul_200/HI
 rv_core_ibex_tlul_201/HI
 rv_core_ibex_tlul_202/HI
 rv_core_ibex_tlul_203/HI
 rv_core_ibex_tlul_204/HI
 rv_core_ibex_tlul_205/HI
 rv_core_ibex_tlul_206/HI
 rv_core_ibex_tlul_207/HI
 rv_core_ibex_tlul_208/HI
 rv_core_ibex_tlul_209/HI
 rv_core_ibex_tlul_210/HI
 rv_core_ibex_tlul_211/HI
 rv_core_ibex_tlul_212/HI
 rv_core_ibex_tlul_213/HI
 rv_core_ibex_tlul_214/HI
 rv_core_ibex_tlul_215/HI
 rv_core_ibex_tlul_216/HI
 rv_core_ibex_tlul_217/HI
 rv_core_ibex_tlul_218/HI
 rv_core_ibex_tlul_219/HI
 rv_core_ibex_tlul_220/HI
 rv_core_ibex_tlul_221/HI
 rv_core_ibex_tlul_222/HI
 rv_core_ibex_tlul_223/HI
 rv_core_ibex_tlul_224/HI
 rv_core_ibex_tlul_225/HI
 rv_core_ibex_tlul_226/HI
 rv_core_ibex_tlul_227/HI
 rv_core_ibex_tlul_228/HI
 rv_core_ibex_tlul_229/HI
 rv_core_ibex_tlul_230/HI
 rv_core_ibex_tlul_231/HI
 rv_core_ibex_tlul_232/HI
 rv_core_ibex_tlul_233/LO
 rv_core_ibex_tlul_234/LO
 rv_core_ibex_tlul_235/LO
 rv_core_ibex_tlul_236/LO
 rv_core_ibex_tlul_237/LO
 rv_core_ibex_tlul_238/LO
 rv_core_ibex_tlul_239/LO
 rv_core_ibex_tlul_240/LO
 rv_core_ibex_tlul_241/LO
 rv_core_ibex_tlul_242/LO
 rv_core_ibex_tlul_243/LO
 rv_core_ibex_tlul_244/LO
Found 0 partially unannotated drivers.

===========================================================================
max slew violation count 0
max fanout violation count 17
max cap violation count 0
============================================================================

===========================================================================
check_setup -verbose -unconstrained_endpoints -multiple_clock -no_clock -no_input_delay -loops -generated_clocks
===========================================================================
Warning: There are 72 unconstrained endpoints.
  tl_o[0]
  tl_o[100]
  tl_o[101]
  tl_o[102]
  tl_o[103]
  tl_o[104]
  tl_o[105]
  tl_o[106]
  tl_o[107]
  tl_o[108]
  tl_o[15]
  tl_o[16]
  tl_o[17]
  tl_o[18]
  tl_o[19]
  tl_o[1]
  tl_o[20]
  tl_o[21]
  tl_o[22]
  tl_o[23]
  tl_o[24]
  tl_o[25]
  tl_o[26]
  tl_o[27]
  tl_o[28]
  tl_o[29]
  tl_o[2]
  tl_o[30]
  tl_o[31]
  tl_o[32]
  tl_o[33]
  tl_o[34]
  tl_o[35]
  tl_o[36]
  tl_o[37]
  tl_o[38]
  tl_o[39]
  tl_o[3]
  tl_o[40]
  tl_o[41]
  tl_o[42]
  tl_o[43]
  tl_o[44]
  tl_o[45]
  tl_o[46]
  tl_o[47]
  tl_o[48]
  tl_o[49]
  tl_o[4]
  tl_o[50]
  tl_o[51]
  tl_o[52]
  tl_o[53]
  tl_o[54]
  tl_o[55]
  tl_o[56]
  tl_o[57]
  tl_o[58]
  tl_o[59]
  tl_o[5]
  tl_o[60]
  tl_o[61]
  tl_o[62]
  tl_o[6]
  tl_o[7]
  tl_o[93]
  tl_o[94]
  tl_o[95]
  tl_o[96]
  tl_o[97]
  tl_o[98]
  tl_o[99]
