Clock: clk_i
Sources: clk_i 
Generated: no
Virtual: yes
Propagated: no
Period: 25.000000

===========================================================================
report_clock_properties
============================================================================
Clock                   Period          Waveform
----------------------------------------------------
clk_i                25.000000    0.000000 12.500000

===========================================================================
report_clock_latency
============================================================================
Clock clk_i
rise -> rise
    min     max
0.000000 0.000000 source latency
0.556283         network latency _1197_/CLK
        1.162520 network latency _1194_/CLK
---------------
0.556283 1.162520 latency
        0.606238 skew

fall -> rise
    min     max
0.000000 0.000000 source latency
4.588761         network latency _1186_/CLK
        4.612961 network latency _1194_/CLK
---------------
4.588761 4.612961 latency
        0.024199 skew

fall -> fall
    min     max
0.000000 0.000000 source latency
0.451153         network latency _1197_/CLK
        4.565863 network latency _1194_/CLK
---------------
0.451153 4.565863 latency
        4.114709 skew



===========================================================================
report_clock_min_period
============================================================================
clk_i period_min = 10.23 fmax = 97.71
