
===========================================================================
report_checks -path_delay min (Hold)
============================================================================
======================= nom_tt_025C_1v80 Corner ===================================

Startpoint: wb_clk_i (clock source 'wb_clk_i')
Endpoint: clk_o (output port clocked by wb_clk_i)
Path Group: wb_clk_i
Path Type: min

Fanout         Cap        Slew       Delay        Time   Description
---------------------------------------------------------------------------------------------
                                  0.000000    0.000000   clock wb_clk_i (rise edge)
                                  0.000000    0.000000   clock source latency
     1    0.004483    0.027044    0.016213    0.016213 ^ wb_clk_i (in)
                                                         wb_clk_i (net)
                      0.027045    0.000000    0.016213 ^ _253_/A (sky130_fd_sc_hd__buf_2)
     1    0.017157    0.090352    0.134270    0.150482 ^ _253_/X (sky130_fd_sc_hd__buf_2)
                                                         net2 (net)
                      0.090394    0.001586    0.152069 ^ output2/A (sky130_fd_sc_hd__buf_1)
     1    0.034048    0.399443    0.341134    0.493203 ^ output2/X (sky130_fd_sc_hd__buf_1)
                                                         clk_o (net)
                      0.399444    0.000632    0.493835 ^ clk_o (out)
                                              0.493835   data arrival time

                                  0.000000    0.000000   clock wb_clk_i (rise edge)
                                  0.000000    0.000000   clock network delay (propagated)
                                  0.250000    0.250000   clock uncertainty
                                  0.000000    0.250000   clock reconvergence pessimism
                                 -5.000000   -4.750000   output external delay
                                             -4.750000   data required time
---------------------------------------------------------------------------------------------
                                             -4.750000   data required time
                                             -0.493835   data arrival time
---------------------------------------------------------------------------------------------
                                              5.243835   slack (MET)


Startpoint: plic_irq_i (input port clocked by wb_clk_i)
Endpoint: user_irq[0] (output port clocked by wb_clk_i)
Path Group: wb_clk_i
Path Type: min

Fanout         Cap        Slew       Delay        Time   Description
---------------------------------------------------------------------------------------------
                                  0.000000    0.000000   clock wb_clk_i (rise edge)
                                  0.000000    0.000000   clock network delay (propagated)
                                  5.000000    5.000000 v input external delay
     1    0.003190    0.009537    0.005093    5.005094 v plic_irq_i (in)
                                                         plic_irq_i (net)
                      0.009537    0.000000    5.005094 v _275_/A (sky130_fd_sc_hd__clkbuf_1)
     1    0.002108    0.022947    0.068716    5.073810 v _275_/X (sky130_fd_sc_hd__clkbuf_1)
                                                         net25 (net)
                      0.022947    0.000059    5.073869 v output25/A (sky130_fd_sc_hd__buf_2)
     1    0.034093    0.089281    0.170298    5.244167 v output25/X (sky130_fd_sc_hd__buf_2)
                                                         user_irq[0] (net)
                      0.089285    0.000624    5.244792 v user_irq[0] (out)
                                              5.244792   data arrival time

                                  0.000000    0.000000   clock wb_clk_i (rise edge)
                                  0.000000    0.000000   clock network delay (propagated)
                                  0.250000    0.250000   clock uncertainty
                                  0.000000    0.250000   clock reconvergence pessimism
                                 -5.000000   -4.750000   output external delay
                                             -4.750000   data required time
---------------------------------------------------------------------------------------------
                                             -4.750000   data required time
                                             -5.244792   data arrival time
---------------------------------------------------------------------------------------------
                                              9.994791   slack (MET)


Startpoint: spi_mosi_i (input port clocked by wb_clk_i)
Endpoint: io_out[4] (output port clocked by wb_clk_i)
Path Group: wb_clk_i
Path Type: min

Fanout         Cap        Slew       Delay        Time   Description
---------------------------------------------------------------------------------------------
                                  0.000000    0.000000   clock wb_clk_i (rise edge)
                                  0.000000    0.000000   clock network delay (propagated)
                                  5.000000    5.000000 v input external delay
     1    0.003443    0.010127    0.005529    5.005529 v spi_mosi_i (in)
                                                         spi_mosi_i (net)
                      0.010131    0.000000    5.005529 v _271_/A (sky130_fd_sc_hd__clkbuf_1)
     1    0.002120    0.023011    0.069015    5.074543 v _271_/X (sky130_fd_sc_hd__clkbuf_1)
                                                         net20 (net)
                      0.023011    0.000043    5.074587 v output20/A (sky130_fd_sc_hd__buf_2)
     1    0.034043    0.089172    0.170237    5.244823 v output20/X (sky130_fd_sc_hd__buf_2)
                                                         io_out[4] (net)
                      0.089175    0.000617    5.245440 v io_out[4] (out)
                                              5.245440   data arrival time

                                  0.000000    0.000000   clock wb_clk_i (rise edge)
                                  0.000000    0.000000   clock network delay (propagated)
                                  0.250000    0.250000   clock uncertainty
                                  0.000000    0.250000   clock reconvergence pessimism
                                 -5.000000   -4.750000   output external delay
                                             -4.750000   data required time
---------------------------------------------------------------------------------------------
                                             -4.750000   data required time
                                             -5.245440   data arrival time
---------------------------------------------------------------------------------------------
                                              9.995441   slack (MET)


Startpoint: intr_uart_rx_break_err_i (input port clocked by wb_clk_i)
Endpoint: intr_vec_o[7] (output port clocked by wb_clk_i)
Path Group: wb_clk_i
Path Type: min

Fanout         Cap        Slew       Delay        Time   Description
---------------------------------------------------------------------------------------------
                                  0.000000    0.000000   clock wb_clk_i (rise edge)
                                  0.000000    0.000000   clock network delay (propagated)
                                  5.000000    5.000000 v input external delay
     1    0.003592    0.010471    0.005779    5.005779 v intr_uart_rx_break_err_i (in)
                                                         intr_uart_rx_break_err_i (net)
                      0.010476    0.000000    5.005779 v _260_/A (sky130_fd_sc_hd__clkbuf_1)
     1    0.002294    0.023907    0.070096    5.075875 v _260_/X (sky130_fd_sc_hd__clkbuf_1)
                                                         net14 (net)
                      0.023907    0.000063    5.075938 v output14/A (sky130_fd_sc_hd__buf_2)
     1    0.033982    0.089035    0.170507    5.246445 v output14/X (sky130_fd_sc_hd__buf_2)
                                                         intr_vec_o[7] (net)
                      0.089038    0.000617    5.247062 v intr_vec_o[7] (out)
                                              5.247062   data arrival time

                                  0.000000    0.000000   clock wb_clk_i (rise edge)
                                  0.000000    0.000000   clock network delay (propagated)
                                  0.250000    0.250000   clock uncertainty
                                  0.000000    0.250000   clock reconvergence pessimism
                                 -5.000000   -4.750000   output external delay
                                             -4.750000   data required time
---------------------------------------------------------------------------------------------
                                             -4.750000   data required time
                                             -5.247062   data arrival time
---------------------------------------------------------------------------------------------
                                              9.997061   slack (MET)


Startpoint: intr_uart_rx_timeout_i (input port clocked by wb_clk_i)
Endpoint: intr_vec_o[8] (output port clocked by wb_clk_i)
Path Group: wb_clk_i
Path Type: min

Fanout         Cap        Slew       Delay        Time   Description
---------------------------------------------------------------------------------------------
                                  0.000000    0.000000   clock wb_clk_i (rise edge)
                                  0.000000    0.000000   clock network delay (propagated)
                                  5.000000    5.000000 v input external delay
     1    0.003776    0.010880    0.006098    5.006098 v intr_uart_rx_timeout_i (in)
                                                         intr_uart_rx_timeout_i (net)
                      0.010886    0.000000    5.006098 v _261_/A (sky130_fd_sc_hd__clkbuf_1)
     1    0.002427    0.024591    0.070977    5.077076 v _261_/X (sky130_fd_sc_hd__clkbuf_1)
                                                         net15 (net)
                      0.024591    0.000072    5.077148 v output15/A (sky130_fd_sc_hd__buf_2)
     1    0.034542    0.090329    0.171678    5.248827 v output15/X (sky130_fd_sc_hd__buf_2)
                                                         intr_vec_o[8] (net)
                      0.090337    0.000838    5.249665 v intr_vec_o[8] (out)
                                              5.249665   data arrival time

                                  0.000000    0.000000   clock wb_clk_i (rise edge)
                                  0.000000    0.000000   clock network delay (propagated)
                                  0.250000    0.250000   clock uncertainty
                                  0.000000    0.250000   clock reconvergence pessimism
                                 -5.000000   -4.750000   output external delay
                                             -4.750000   data required time
---------------------------------------------------------------------------------------------
                                             -4.750000   data required time
                                             -5.249665   data arrival time
---------------------------------------------------------------------------------------------
                                              9.999665   slack (MET)


Startpoint: intr_uart_rx_overflow_i (input port clocked by wb_clk_i)
Endpoint: intr_vec_o[5] (output port clocked by wb_clk_i)
Path Group: wb_clk_i
Path Type: min

Fanout         Cap        Slew       Delay        Time   Description
---------------------------------------------------------------------------------------------
                                  0.000000    0.000000   clock wb_clk_i (rise edge)
                                  0.000000    0.000000   clock network delay (propagated)
                                  5.000000    5.000000 v input external delay
     1    0.004050    0.011514    0.006564    5.006564 v intr_uart_rx_overflow_i (in)
                                                         intr_uart_rx_overflow_i (net)
                      0.011516    0.000000    5.006564 v _258_/A (sky130_fd_sc_hd__clkbuf_1)
     1    0.002374    0.024318    0.070923    5.077487 v _258_/X (sky130_fd_sc_hd__clkbuf_1)
                                                         net12 (net)
                      0.024318    0.000068    5.077555 v output12/A (sky130_fd_sc_hd__buf_2)
     1    0.034542    0.090331    0.171561    5.249115 v output12/X (sky130_fd_sc_hd__buf_2)
                                                         intr_vec_o[5] (net)
                      0.090338    0.000838    5.249954 v intr_vec_o[5] (out)
                                              5.249954   data arrival time

                                  0.000000    0.000000   clock wb_clk_i (rise edge)
                                  0.000000    0.000000   clock network delay (propagated)
                                  0.250000    0.250000   clock uncertainty
                                  0.000000    0.250000   clock reconvergence pessimism
                                 -5.000000   -4.750000   output external delay
                                             -4.750000   data required time
---------------------------------------------------------------------------------------------
                                             -4.750000   data required time
                                             -5.249954   data arrival time
---------------------------------------------------------------------------------------------
                                              9.999954   slack (MET)


Startpoint: spi_sclk_i (input port clocked by wb_clk_i)
Endpoint: io_out[2] (output port clocked by wb_clk_i)
Path Group: wb_clk_i
Path Type: min

Fanout         Cap        Slew       Delay        Time   Description
---------------------------------------------------------------------------------------------
                                  0.000000    0.000000   clock wb_clk_i (rise edge)
                                  0.000000    0.000000   clock network delay (propagated)
                                  5.000000    5.000000 v input external delay
     1    0.003799    0.010952    0.006137    5.006137 v spi_sclk_i (in)
                                                         spi_sclk_i (net)
                      0.010953    0.000000    5.006137 v _269_/A (sky130_fd_sc_hd__clkbuf_1)
     1    0.002661    0.025790    0.072296    5.078433 v _269_/X (sky130_fd_sc_hd__clkbuf_1)
                                                         net18 (net)
                      0.025790    0.000076    5.078508 v output18/A (sky130_fd_sc_hd__buf_2)
     1    0.034582    0.090413    0.172259    5.250767 v output18/X (sky130_fd_sc_hd__buf_2)
                                                         io_out[2] (net)
                      0.090421    0.000853    5.251620 v io_out[2] (out)
                                              5.251620   data arrival time

                                  0.000000    0.000000   clock wb_clk_i (rise edge)
                                  0.000000    0.000000   clock network delay (propagated)
                                  0.250000    0.250000   clock uncertainty
                                  0.000000    0.250000   clock reconvergence pessimism
                                 -5.000000   -4.750000   output external delay
                                             -4.750000   data required time
---------------------------------------------------------------------------------------------
                                             -4.750000   data required time
                                             -5.251620   data arrival time
---------------------------------------------------------------------------------------------
                                             10.001619   slack (MET)


Startpoint: fft_error_i (input port clocked by wb_clk_i)
Endpoint: intr_vec_o[14] (output port clocked by wb_clk_i)
Path Group: wb_clk_i
Path Type: min

Fanout         Cap        Slew       Delay        Time   Description
---------------------------------------------------------------------------------------------
                                  0.000000    0.000000   clock wb_clk_i (rise edge)
                                  0.000000    0.000000   clock network delay (propagated)
                                  5.000000    5.000000 v input external delay
     1    0.004557    0.012655    0.007436    5.007436 v fft_error_i (in)
                                                         fft_error_i (net)
                      0.012658    0.000000    5.007436 v _267_/A (sky130_fd_sc_hd__clkbuf_1)
     1    0.002733    0.026169    0.073332    5.080769 v _267_/X (sky130_fd_sc_hd__clkbuf_1)
                                                         net7 (net)
                      0.026169    0.000080    5.080849 v output7/A (sky130_fd_sc_hd__buf_2)
     1    0.034461    0.090107    0.172273    5.253122 v output7/X (sky130_fd_sc_hd__buf_2)
                                                         intr_vec_o[14] (net)
                      0.090113    0.000751    5.253873 v intr_vec_o[14] (out)
                                              5.253873   data arrival time

                                  0.000000    0.000000   clock wb_clk_i (rise edge)
                                  0.000000    0.000000   clock network delay (propagated)
                                  0.250000    0.250000   clock uncertainty
                                  0.000000    0.250000   clock reconvergence pessimism
                                 -5.000000   -4.750000   output external delay
                                             -4.750000   data required time
---------------------------------------------------------------------------------------------
                                             -4.750000   data required time
                                             -5.253873   data arrival time
---------------------------------------------------------------------------------------------
                                             10.003874   slack (MET)


Startpoint: intr_spi_host_idle_i (input port clocked by wb_clk_i)
Endpoint: intr_vec_o[12] (output port clocked by wb_clk_i)
Path Group: wb_clk_i
Path Type: min

Fanout         Cap        Slew       Delay        Time   Description
---------------------------------------------------------------------------------------------
                                  0.000000    0.000000   clock wb_clk_i (rise edge)
                                  0.000000    0.000000   clock network delay (propagated)
                                  5.000000    5.000000 v input external delay
     1    0.004160    0.011766    0.006770    5.006770 v intr_spi_host_idle_i (in)
                                                         intr_spi_host_idle_i (net)
                      0.011768    0.000000    5.006770 v _265_/A (sky130_fd_sc_hd__clkbuf_1)
     1    0.002930    0.027172    0.074081    5.080852 v _265_/X (sky130_fd_sc_hd__clkbuf_1)
                                                         net5 (net)
                      0.027172    0.000086    5.080937 v output5/A (sky130_fd_sc_hd__buf_2)
     1    0.034406    0.089979    0.172606    5.253543 v output5/X (sky130_fd_sc_hd__buf_2)
                                                         intr_vec_o[12] (net)
                      0.089985    0.000748    5.254292 v intr_vec_o[12] (out)
                                              5.254292   data arrival time

                                  0.000000    0.000000   clock wb_clk_i (rise edge)
                                  0.000000    0.000000   clock network delay (propagated)
                                  0.250000    0.250000   clock uncertainty
                                  0.000000    0.250000   clock reconvergence pessimism
                                 -5.000000   -4.750000   output external delay
                                             -4.750000   data required time
---------------------------------------------------------------------------------------------
                                             -4.750000   data required time
                                             -5.254292   data arrival time
---------------------------------------------------------------------------------------------
                                             10.004291   slack (MET)


Startpoint: intr_spi_host_tx_empty_i (input port clocked by wb_clk_i)
Endpoint: intr_vec_o[10] (output port clocked by wb_clk_i)
Path Group: wb_clk_i
Path Type: min

Fanout         Cap        Slew       Delay        Time   Description
---------------------------------------------------------------------------------------------
                                  0.000000    0.000000   clock wb_clk_i (rise edge)
                                  0.000000    0.000000   clock network delay (propagated)
                                  5.000000    5.000000 v input external delay
     1    0.003442    0.010123    0.005528    5.005528 v intr_spi_host_tx_empty_i (in)
                                                         intr_spi_host_tx_empty_i (net)
                      0.010128    0.000000    5.005528 v _263_/A (sky130_fd_sc_hd__clkbuf_1)
     1    0.003071    0.027872    0.074239    5.079767 v _263_/X (sky130_fd_sc_hd__clkbuf_1)
                                                         net3 (net)
                      0.027872    0.000095    5.079862 v output3/A (sky130_fd_sc_hd__buf_2)
     1    0.034878    0.091026    0.173719    5.253581 v output3/X (sky130_fd_sc_hd__buf_2)
                                                         intr_vec_o[10] (net)
                      0.091033    0.000838    5.254419 v intr_vec_o[10] (out)
                                              5.254419   data arrival time

                                  0.000000    0.000000   clock wb_clk_i (rise edge)
                                  0.000000    0.000000   clock network delay (propagated)
                                  0.250000    0.250000   clock uncertainty
                                  0.000000    0.250000   clock reconvergence pessimism
                                 -5.000000   -4.750000   output external delay
                                             -4.750000   data required time
---------------------------------------------------------------------------------------------
                                             -4.750000   data required time
                                             -5.254419   data arrival time
---------------------------------------------------------------------------------------------
                                             10.004419   slack (MET)


Startpoint: intr_uart_tx_watermark_i (input port clocked by wb_clk_i)
Endpoint: intr_vec_o[1] (output port clocked by wb_clk_i)
Path Group: wb_clk_i
Path Type: min

Fanout         Cap        Slew       Delay        Time   Description
---------------------------------------------------------------------------------------------
                                  0.000000    0.000000   clock wb_clk_i (rise edge)
                                  0.000000    0.000000   clock network delay (propagated)
                                  5.000000    5.000000 v input external delay
     1    0.009439    0.023307    0.015454    5.015454 v intr_uart_tx_watermark_i (in)
                                                         intr_uart_tx_watermark_i (net)
                      0.023316    0.000000    5.015454 v _254_/A (sky130_fd_sc_hd__clkbuf_1)
     1    0.002306    0.024020    0.075029    5.090484 v _254_/X (sky130_fd_sc_hd__clkbuf_1)
                                                         net8 (net)
                      0.024020    0.000063    5.090547 v output8/A (sky130_fd_sc_hd__buf_2)
     1    0.034109    0.089326    0.170761    5.261308 v output8/X (sky130_fd_sc_hd__buf_2)
                                                         intr_vec_o[1] (net)
                      0.089330    0.000659    5.261967 v intr_vec_o[1] (out)
                                              5.261967   data arrival time

                                  0.000000    0.000000   clock wb_clk_i (rise edge)
                                  0.000000    0.000000   clock network delay (propagated)
                                  0.250000    0.250000   clock uncertainty
                                  0.000000    0.250000   clock reconvergence pessimism
                                 -5.000000   -4.750000   output external delay
                                             -4.750000   data required time
---------------------------------------------------------------------------------------------
                                             -4.750000   data required time
                                             -5.261967   data arrival time
---------------------------------------------------------------------------------------------
                                             10.011967   slack (MET)


Startpoint: intr_uart_tx_empty_i (input port clocked by wb_clk_i)
Endpoint: intr_vec_o[2] (output port clocked by wb_clk_i)
Path Group: wb_clk_i
Path Type: min

Fanout         Cap        Slew       Delay        Time   Description
---------------------------------------------------------------------------------------------
                                  0.000000    0.000000   clock wb_clk_i (rise edge)
                                  0.000000    0.000000   clock network delay (propagated)
                                  5.000000    5.000000 v input external delay
     1    0.003427    0.010089    0.005496    5.005496 v intr_uart_tx_empty_i (in)
                                                         intr_uart_tx_empty_i (net)
                      0.010089    0.000000    5.005496 v _255_/A (sky130_fd_sc_hd__clkbuf_1)
     1    0.004471    0.035112    0.080746    5.086242 v _255_/X (sky130_fd_sc_hd__clkbuf_1)
                                                         net9 (net)
                      0.035112    0.000158    5.086400 v output9/A (sky130_fd_sc_hd__buf_2)
     1    0.033987    0.088967    0.175345    5.261744 v output9/X (sky130_fd_sc_hd__buf_2)
                                                         intr_vec_o[2] (net)
                      0.088970    0.000617    5.262362 v intr_vec_o[2] (out)
                                              5.262362   data arrival time

                                  0.000000    0.000000   clock wb_clk_i (rise edge)
                                  0.000000    0.000000   clock network delay (propagated)
                                  0.250000    0.250000   clock uncertainty
                                  0.000000    0.250000   clock reconvergence pessimism
                                 -5.000000   -4.750000   output external delay
                                             -4.750000   data required time
---------------------------------------------------------------------------------------------
                                             -4.750000   data required time
                                             -5.262362   data arrival time
---------------------------------------------------------------------------------------------
                                             10.012362   slack (MET)


Startpoint: fft_done_i (input port clocked by wb_clk_i)
Endpoint: io_out[6] (output port clocked by wb_clk_i)
Path Group: wb_clk_i
Path Type: min

Fanout         Cap        Slew       Delay        Time   Description
---------------------------------------------------------------------------------------------
                                  0.000000    0.000000   clock wb_clk_i (rise edge)
                                  0.000000    0.000000   clock network delay (propagated)
                                  5.000000    5.000000 v input external delay
     2    0.009816    0.024136    0.016047    5.016047 v fft_done_i (in)
                                                         fft_done_i (net)
                      0.024145    0.000000    5.016047 v _272_/A (sky130_fd_sc_hd__clkbuf_1)
     1    0.002249    0.023727    0.075083    5.091130 v _272_/X (sky130_fd_sc_hd__clkbuf_1)
                                                         net21 (net)
                      0.023727    0.000065    5.091195 v output21/A (sky130_fd_sc_hd__buf_2)
     1    0.034981    0.091326    0.172043    5.263237 v output21/X (sky130_fd_sc_hd__buf_2)
                                                         io_out[6] (net)
                      0.091335    0.000947    5.264185 v io_out[6] (out)
                                              5.264185   data arrival time

                                  0.000000    0.000000   clock wb_clk_i (rise edge)
                                  0.000000    0.000000   clock network delay (propagated)
                                  0.250000    0.250000   clock uncertainty
                                  0.000000    0.250000   clock reconvergence pessimism
                                 -5.000000   -4.750000   output external delay
                                             -4.750000   data required time
---------------------------------------------------------------------------------------------
                                             -4.750000   data required time
                                             -5.264185   data arrival time
---------------------------------------------------------------------------------------------
                                             10.014185   slack (MET)


Startpoint: fft_done_i (input port clocked by wb_clk_i)
Endpoint: intr_vec_o[13] (output port clocked by wb_clk_i)
Path Group: wb_clk_i
Path Type: min

Fanout         Cap        Slew       Delay        Time   Description
---------------------------------------------------------------------------------------------
                                  0.000000    0.000000   clock wb_clk_i (rise edge)
                                  0.000000    0.000000   clock network delay (propagated)
                                  5.000000    5.000000 v input external delay
     2    0.009816    0.024136    0.016041    5.016041 v fft_done_i (in)
                                                         fft_done_i (net)
                      0.024144    0.000000    5.016041 v _266_/A (sky130_fd_sc_hd__clkbuf_1)
     1    0.002281    0.023892    0.075258    5.091300 v _266_/X (sky130_fd_sc_hd__clkbuf_1)
                                                         net6 (net)
                      0.023892    0.000066    5.091365 v output6/A (sky130_fd_sc_hd__buf_2)
     1    0.035133    0.091649    0.172399    5.263764 v output6/X (sky130_fd_sc_hd__buf_2)
                                                         intr_vec_o[13] (net)
                      0.091659    0.000946    5.264710 v intr_vec_o[13] (out)
                                              5.264710   data arrival time

                                  0.000000    0.000000   clock wb_clk_i (rise edge)
                                  0.000000    0.000000   clock network delay (propagated)
                                  0.250000    0.250000   clock uncertainty
                                  0.000000    0.250000   clock reconvergence pessimism
                                 -5.000000   -4.750000   output external delay
                                             -4.750000   data required time
---------------------------------------------------------------------------------------------
                                             -4.750000   data required time
                                             -5.264710   data arrival time
---------------------------------------------------------------------------------------------
                                             10.014710   slack (MET)


Startpoint: intr_uart_rx_parity_err_i (input port clocked by wb_clk_i)
Endpoint: intr_vec_o[9] (output port clocked by wb_clk_i)
Path Group: wb_clk_i
Path Type: min

Fanout         Cap        Slew       Delay        Time   Description
---------------------------------------------------------------------------------------------
                                  0.000000    0.000000   clock wb_clk_i (rise edge)
                                  0.000000    0.000000   clock network delay (propagated)
                                  5.000000    5.000000 v input external delay
     1    0.013057    0.031011    0.021526    5.021526 v intr_uart_rx_parity_err_i (in)
                                                         intr_uart_rx_parity_err_i (net)
                      0.031045    0.000000    5.021526 v _262_/A (sky130_fd_sc_hd__clkbuf_1)
     1    0.002544    0.025253    0.079758    5.101284 v _262_/X (sky130_fd_sc_hd__clkbuf_1)
                                                         net16 (net)
                      0.025253    0.000073    5.101357 v output16/A (sky130_fd_sc_hd__buf_2)
     1    0.034101    0.089284    0.171305    5.272663 v output16/X (sky130_fd_sc_hd__buf_2)
                                                         intr_vec_o[9] (net)
                      0.089288    0.000624    5.273287 v intr_vec_o[9] (out)
                                              5.273287   data arrival time

                                  0.000000    0.000000   clock wb_clk_i (rise edge)
                                  0.000000    0.000000   clock network delay (propagated)
                                  0.250000    0.250000   clock uncertainty
                                  0.000000    0.250000   clock reconvergence pessimism
                                 -5.000000   -4.750000   output external delay
                                             -4.750000   data required time
---------------------------------------------------------------------------------------------
                                             -4.750000   data required time
                                             -5.273287   data arrival time
---------------------------------------------------------------------------------------------
                                             10.023288   slack (MET)


Startpoint: intr_uart_rx_watermark_i (input port clocked by wb_clk_i)
Endpoint: intr_vec_o[3] (output port clocked by wb_clk_i)
Path Group: wb_clk_i
Path Type: min

Fanout         Cap        Slew       Delay        Time   Description
---------------------------------------------------------------------------------------------
                                  0.000000    0.000000   clock wb_clk_i (rise edge)
                                  0.000000    0.000000   clock network delay (propagated)
                                  5.000000    5.000000 v input external delay
     1    0.011559    0.027966    0.018998    5.018998 v intr_uart_rx_watermark_i (in)
                                                         intr_uart_rx_watermark_i (net)
                      0.027983    0.000000    5.018998 v _256_/A (sky130_fd_sc_hd__clkbuf_1)
     1    0.003116    0.028205    0.081549    5.100547 v _256_/X (sky130_fd_sc_hd__clkbuf_1)
                                                         net10 (net)
                      0.028205    0.000095    5.100642 v output10/A (sky130_fd_sc_hd__buf_2)
     1    0.034114    0.089308    0.172574    5.273216 v output10/X (sky130_fd_sc_hd__buf_2)
                                                         intr_vec_o[3] (net)
                      0.089312    0.000659    5.273875 v intr_vec_o[3] (out)
                                              5.273875   data arrival time

                                  0.000000    0.000000   clock wb_clk_i (rise edge)
                                  0.000000    0.000000   clock network delay (propagated)
                                  0.250000    0.250000   clock uncertainty
                                  0.000000    0.250000   clock reconvergence pessimism
                                 -5.000000   -4.750000   output external delay
                                             -4.750000   data required time
---------------------------------------------------------------------------------------------
                                             -4.750000   data required time
                                             -5.273875   data arrival time
---------------------------------------------------------------------------------------------
                                             10.023875   slack (MET)


Startpoint: io_in[5] (input port clocked by wb_clk_i)
Endpoint: spi_miso_o (output port clocked by wb_clk_i)
Path Group: wb_clk_i
Path Type: min

Fanout         Cap        Slew       Delay        Time   Description
---------------------------------------------------------------------------------------------
                                  0.000000    0.000000   clock wb_clk_i (rise edge)
                                  0.000000    0.000000   clock network delay (propagated)
                                  5.000000    5.000000 v input external delay
     2    0.016754    0.038955    0.027671    5.027671 v io_in[5] (in)
                                                         io_in[5] (net)
                      0.039010    0.000000    5.027671 v _273_/A (sky130_fd_sc_hd__clkbuf_1)
     1    0.002253    0.023752    0.081690    5.109361 v _273_/X (sky130_fd_sc_hd__clkbuf_1)
                                                         net23 (net)
                      0.023752    0.000062    5.109423 v output23/A (sky130_fd_sc_hd__buf_2)
     1    0.034022    0.089124    0.170516    5.279939 v output23/X (sky130_fd_sc_hd__buf_2)
                                                         spi_miso_o (net)
                      0.089127    0.000618    5.280557 v spi_miso_o (out)
                                              5.280557   data arrival time

                                  0.000000    0.000000   clock wb_clk_i (rise edge)
                                  0.000000    0.000000   clock network delay (propagated)
                                  0.250000    0.250000   clock uncertainty
                                  0.000000    0.250000   clock reconvergence pessimism
                                 -5.000000   -4.750000   output external delay
                                             -4.750000   data required time
---------------------------------------------------------------------------------------------
                                             -4.750000   data required time
                                             -5.280557   data arrival time
---------------------------------------------------------------------------------------------
                                             10.030557   slack (MET)


Startpoint: intr_uart_rx_frame_err_i (input port clocked by wb_clk_i)
Endpoint: intr_vec_o[6] (output port clocked by wb_clk_i)
Path Group: wb_clk_i
Path Type: min

Fanout         Cap        Slew       Delay        Time   Description
---------------------------------------------------------------------------------------------
                                  0.000000    0.000000   clock wb_clk_i (rise edge)
                                  0.000000    0.000000   clock network delay (propagated)
                                  5.000000    5.000000 v input external delay
     2    0.014305    0.033696    0.023660    5.023660 v intr_uart_rx_frame_err_i (in)
                                                         intr_uart_rx_frame_err_i (net)
                      0.033745    0.000000    5.023660 v _259_/A (sky130_fd_sc_hd__clkbuf_1)
     1    0.003929    0.032379    0.087922    5.111582 v _259_/X (sky130_fd_sc_hd__clkbuf_1)
                                                         net13 (net)
                      0.032379    0.000135    5.111717 v output13/A (sky130_fd_sc_hd__buf_2)
     1    0.034123    0.089296    0.174387    5.286103 v output13/X (sky130_fd_sc_hd__buf_2)
                                                         intr_vec_o[6] (net)
                      0.089300    0.000660    5.286763 v intr_vec_o[6] (out)
                                              5.286763   data arrival time

                                  0.000000    0.000000   clock wb_clk_i (rise edge)
                                  0.000000    0.000000   clock network delay (propagated)
                                  0.250000    0.250000   clock uncertainty
                                  0.000000    0.250000   clock reconvergence pessimism
                                 -5.000000   -4.750000   output external delay
                                             -4.750000   data required time
---------------------------------------------------------------------------------------------
                                             -4.750000   data required time
                                             -5.286763   data arrival time
---------------------------------------------------------------------------------------------
                                             10.036763   slack (MET)


Startpoint: io_in[0] (input port clocked by wb_clk_i)
Endpoint: uart_rx_o (output port clocked by wb_clk_i)
Path Group: wb_clk_i
Path Type: min

Fanout         Cap        Slew       Delay        Time   Description
---------------------------------------------------------------------------------------------
                                  0.000000    0.000000   clock wb_clk_i (rise edge)
                                  0.000000    0.000000   clock network delay (propagated)
                                  5.000000    5.000000 v input external delay
     1    0.014292    0.033668    0.023557    5.023557 v io_in[0] (in)
                                                         io_in[0] (net)
                      0.033705    0.000000    5.023557 v _274_/A (sky130_fd_sc_hd__clkbuf_1)
     1    0.004252    0.034060    0.089399    5.112956 v _274_/X (sky130_fd_sc_hd__clkbuf_1)
                                                         net24 (net)
                      0.034060    0.000135    5.113091 v output24/A (sky130_fd_sc_hd__buf_2)
     1    0.034579    0.090345    0.175815    5.288906 v output24/X (sky130_fd_sc_hd__buf_2)
                                                         uart_rx_o (net)
                      0.090353    0.000852    5.289758 v uart_rx_o (out)
                                              5.289758   data arrival time

                                  0.000000    0.000000   clock wb_clk_i (rise edge)
                                  0.000000    0.000000   clock network delay (propagated)
                                  0.250000    0.250000   clock uncertainty
                                  0.000000    0.250000   clock reconvergence pessimism
                                 -5.000000   -4.750000   output external delay
                                             -4.750000   data required time
---------------------------------------------------------------------------------------------
                                             -4.750000   data required time
                                             -5.289758   data arrival time
---------------------------------------------------------------------------------------------
                                             10.039758   slack (MET)


Startpoint: intr_uart_tx_done_i (input port clocked by wb_clk_i)
Endpoint: intr_vec_o[4] (output port clocked by wb_clk_i)
Path Group: wb_clk_i
Path Type: min

Fanout         Cap        Slew       Delay        Time   Description
---------------------------------------------------------------------------------------------
                                  0.000000    0.000000   clock wb_clk_i (rise edge)
                                  0.000000    0.000000   clock network delay (propagated)
                                  5.000000    5.000000 v input external delay
     1    0.009285    0.022976    0.015263    5.015264 v intr_uart_tx_done_i (in)
                                                         intr_uart_tx_done_i (net)
                      0.022990    0.000000    5.015264 v _257_/A (sky130_fd_sc_hd__clkbuf_1)
     1    0.006171    0.044298    0.093515    5.108779 v _257_/X (sky130_fd_sc_hd__clkbuf_1)
                                                         net11 (net)
                      0.044299    0.000214    5.108993 v output11/A (sky130_fd_sc_hd__buf_2)
     1    0.034582    0.090280    0.180232    5.289225 v output11/X (sky130_fd_sc_hd__buf_2)
                                                         intr_vec_o[4] (net)
                      0.090288    0.000853    5.290077 v intr_vec_o[4] (out)
                                              5.290077   data arrival time

                                  0.000000    0.000000   clock wb_clk_i (rise edge)
                                  0.000000    0.000000   clock network delay (propagated)
                                  0.250000    0.250000   clock uncertainty
                                  0.000000    0.250000   clock reconvergence pessimism
                                 -5.000000   -4.750000   output external delay
                                             -4.750000   data required time
---------------------------------------------------------------------------------------------
                                             -4.750000   data required time
                                             -5.290077   data arrival time
---------------------------------------------------------------------------------------------
                                             10.040077   slack (MET)


Startpoint: intr_spi_host_rx_full_i (input port clocked by wb_clk_i)
Endpoint: intr_vec_o[11] (output port clocked by wb_clk_i)
Path Group: wb_clk_i
Path Type: min

Fanout         Cap        Slew       Delay        Time   Description
---------------------------------------------------------------------------------------------
                                  0.000000    0.000000   clock wb_clk_i (rise edge)
                                  0.000000    0.000000   clock network delay (propagated)
                                  5.000000    5.000000 v input external delay
     2    0.017920    0.041468    0.029566    5.029566 v intr_spi_host_rx_full_i (in)
                                                         intr_spi_host_rx_full_i (net)
                      0.041554    0.000000    5.029566 v _264_/A (sky130_fd_sc_hd__clkbuf_1)
     1    0.003575    0.030550    0.089750    5.119316 v _264_/X (sky130_fd_sc_hd__clkbuf_1)
                                                         net4 (net)
                      0.030550    0.000117    5.119432 v output4/A (sky130_fd_sc_hd__buf_2)
     1    0.034093    0.089228    0.173572    5.293005 v output4/X (sky130_fd_sc_hd__buf_2)
                                                         intr_vec_o[11] (net)
                      0.089232    0.000624    5.293629 v intr_vec_o[11] (out)
                                              5.293629   data arrival time

                                  0.000000    0.000000   clock wb_clk_i (rise edge)
                                  0.000000    0.000000   clock network delay (propagated)
                                  0.250000    0.250000   clock uncertainty
                                  0.000000    0.250000   clock reconvergence pessimism
                                 -5.000000   -4.750000   output external delay
                                             -4.750000   data required time
---------------------------------------------------------------------------------------------
                                             -4.750000   data required time
                                             -5.293629   data arrival time
---------------------------------------------------------------------------------------------
                                             10.043629   slack (MET)


Startpoint: wb_rst_i (input port clocked by wb_clk_i)
Endpoint: rst_no (output port clocked by wb_clk_i)
Path Group: wb_clk_i
Path Type: min

Fanout         Cap        Slew       Delay        Time   Description
---------------------------------------------------------------------------------------------
                                  0.000000    0.000000   clock wb_clk_i (rise edge)
                                  0.000000    0.000000   clock network delay (propagated)
                                  5.000000    5.000000 ^ input external delay
     1    0.002827    0.019849    0.010415    5.010416 ^ wb_rst_i (in)
                                                         wb_rst_i (net)
                      0.019849    0.000000    5.010416 ^ input1/A (sky130_fd_sc_hd__clkbuf_1)
     1    0.005639    0.075541    0.094466    5.104881 ^ input1/X (sky130_fd_sc_hd__clkbuf_1)
                                                         net1 (net)
                      0.075541    0.000178    5.105059 ^ _000_/A (sky130_fd_sc_hd__inv_2)
     1    0.002087    0.018289    0.028324    5.133383 v _000_/Y (sky130_fd_sc_hd__inv_2)
                                                         net22 (net)
                      0.018289    0.000041    5.133424 v output22/A (sky130_fd_sc_hd__buf_2)
     1    0.034174    0.089420    0.168555    5.301979 v output22/X (sky130_fd_sc_hd__buf_2)
                                                         rst_no (net)
                      0.089424    0.000646    5.302625 v rst_no (out)
                                              5.302625   data arrival time

                                  0.000000    0.000000   clock wb_clk_i (rise edge)
                                  0.000000    0.000000   clock network delay (propagated)
                                  0.250000    0.250000   clock uncertainty
                                  0.000000    0.250000   clock reconvergence pessimism
                                 -5.000000   -4.750000   output external delay
                                             -4.750000   data required time
---------------------------------------------------------------------------------------------
                                             -4.750000   data required time
                                             -5.302625   data arrival time
---------------------------------------------------------------------------------------------
                                             10.052625   slack (MET)


Startpoint: spi_cs_n_i (input port clocked by wb_clk_i)
Endpoint: io_out[3] (output port clocked by wb_clk_i)
Path Group: wb_clk_i
Path Type: min

Fanout         Cap        Slew       Delay        Time   Description
---------------------------------------------------------------------------------------------
                                  0.000000    0.000000   clock wb_clk_i (rise edge)
                                  0.000000    0.000000   clock network delay (propagated)
                                  5.000000    5.000000 v input external delay
     2    0.041480    0.093846    0.069799    5.069799 v spi_cs_n_i (in)
                                                         spi_cs_n_i (net)
                      0.094713    0.000000    5.069799 v _270_/A (sky130_fd_sc_hd__clkbuf_2)
     1    0.020592    0.083873    0.172325    5.242124 v _270_/X (sky130_fd_sc_hd__clkbuf_2)
                                                         net19 (net)
                      0.084009    0.002256    5.244380 v output19/A (sky130_fd_sc_hd__buf_2)
     1    0.034397    0.089807    0.197821    5.442201 v output19/X (sky130_fd_sc_hd__buf_2)
                                                         io_out[3] (net)
                      0.089813    0.000747    5.442948 v io_out[3] (out)
                                              5.442948   data arrival time

                                  0.000000    0.000000   clock wb_clk_i (rise edge)
                                  0.000000    0.000000   clock network delay (propagated)
                                  0.250000    0.250000   clock uncertainty
                                  0.000000    0.250000   clock reconvergence pessimism
                                 -5.000000   -4.750000   output external delay
                                             -4.750000   data required time
---------------------------------------------------------------------------------------------
                                             -4.750000   data required time
                                             -5.442948   data arrival time
---------------------------------------------------------------------------------------------
                                             10.192948   slack (MET)


Startpoint: uart_tx_i (input port clocked by wb_clk_i)
Endpoint: io_out[1] (output port clocked by wb_clk_i)
Path Group: wb_clk_i
Path Type: min

Fanout         Cap        Slew       Delay        Time   Description
---------------------------------------------------------------------------------------------
                                  0.000000    0.000000   clock wb_clk_i (rise edge)
                                  0.000000    0.000000   clock network delay (propagated)
                                  5.000000    5.000000 v input external delay
     2    0.039092    0.088466    0.065720    5.065720 v uart_tx_i (in)
                                                         uart_tx_i (net)
                      0.089159    0.000000    5.065720 v _268_/A (sky130_fd_sc_hd__clkbuf_2)
     1    0.025600    0.101655    0.183052    5.248772 v _268_/X (sky130_fd_sc_hd__clkbuf_2)
                                                         net17 (net)
                      0.101820    0.003392    5.252164 v output17/A (sky130_fd_sc_hd__buf_2)
     1    0.034882    0.090908    0.206759    5.458922 v output17/X (sky130_fd_sc_hd__buf_2)
                                                         io_out[1] (net)
                      0.090916    0.000839    5.459761 v io_out[1] (out)
                                              5.459761   data arrival time

                                  0.000000    0.000000   clock wb_clk_i (rise edge)
                                  0.000000    0.000000   clock network delay (propagated)
                                  0.250000    0.250000   clock uncertainty
                                  0.000000    0.250000   clock reconvergence pessimism
                                 -5.000000   -4.750000   output external delay
                                             -4.750000   data required time
---------------------------------------------------------------------------------------------
                                             -4.750000   data required time
                                             -5.459761   data arrival time
---------------------------------------------------------------------------------------------
                                             10.209762   slack (MET)



