Clock: clk
Sources: wb_clk_i 
Generated: no
Virtual: yes
Propagated: no
Period: 35.000000

===========================================================================
report_clock_properties
============================================================================
Clock                   Period          Waveform
----------------------------------------------------
clk                  35.000000    0.000000 17.500000

===========================================================================
report_clock_latency
============================================================================
Clock clk
rise -> rise
    min     max
4.650000 5.570000 source latency
6.456638         network latency u_spi_host/_4560_/CLK
        8.874570 network latency u_ibex/_562_/CLK
---------------
11.106639 14.444571 latency
        3.337932 skew

fall -> rise
    min     max
4.650000 5.570000 source latency
10.361388         network latency u_ibex/_576_/CLK
        11.310095 network latency u_ibex/_562_/CLK
---------------
15.011388 16.880095 latency
        1.868706 skew

fall -> fall
    min     max
4.650000 5.570000 source latency
6.253369         network latency u_spi_host/_4560_/CLK
        11.126201 network latency u_ibex/_562_/CLK
---------------
10.903369 16.696201 latency
        5.792831 skew



===========================================================================
report_clock_min_period
============================================================================
clk period_min = 13.27 fmax = 75.36
