
===========================================================================
Violator List
============================================================================
[hold reg-reg] u_fft/_12914_/Q -> u_fft_bank1/DI[1] : -2.363961
[hold reg-reg] u_fft/_12914_/Q -> u_fft_bank0/DI[1] : -2.353420
[hold reg-reg] u_fft/_12939_/Q -> u_fft_bank1/DI[26] : -2.312320
[hold reg-reg] u_fft/_12937_/Q -> u_fft_bank1/DI[24] : -2.309886
[hold reg-reg] u_fft/_12918_/Q -> u_fft_bank1/DI[5] : -2.308758
[hold reg-reg] u_fft/_12919_/Q -> u_fft_bank1/DI[6] : -2.307281
[hold reg-reg] u_fft/_12920_/Q -> u_fft_bank1/DI[7] : -2.303849
[hold reg-reg] u_fft/_12940_/Q -> u_fft_bank1/DI[27] : -2.301646
[hold reg-reg] u_fft/_12939_/Q -> u_fft_bank0/DI[26] : -2.300764
[hold reg-reg] u_fft/_12937_/Q -> u_fft_bank0/DI[24] : -2.298419
[hold reg-reg] u_fft/_12918_/Q -> u_fft_bank0/DI[5] : -2.297171
[hold reg-reg] u_fft/_12919_/Q -> u_fft_bank0/DI[6] : -2.296866
[hold reg-reg] u_fft/_12920_/Q -> u_fft_bank0/DI[7] : -2.294181
[hold reg-reg] u_fft/_12917_/Q -> u_fft_bank1/DI[4] : -2.293437
[hold reg-reg] u_fft/_12936_/Q -> u_fft_bank1/DI[23] : -2.291476
[hold reg-reg] u_fft/_12940_/Q -> u_fft_bank0/DI[27] : -2.289658
[hold reg-reg] u_fft/_12923_/Q -> u_fft_bank1/DI[10] : -2.289290
[hold reg-reg] u_fft/_12934_/Q -> u_fft_bank1/DI[21] : -2.288189
[hold reg-reg] u_fft/_12935_/Q -> u_fft_bank1/DI[22] : -2.287940
[hold reg-reg] u_fft/_12917_/Q -> u_fft_bank0/DI[4] : -2.282290
[hold reg-reg] u_fft/_12936_/Q -> u_fft_bank0/DI[23] : -2.280283
[hold reg-reg] u_fft/_12923_/Q -> u_fft_bank0/DI[10] : -2.279259
[hold reg-reg] u_fft/_12934_/Q -> u_fft_bank0/DI[21] : -2.278049
[hold reg-reg] u_fft/_12935_/Q -> u_fft_bank0/DI[22] : -2.277258
[hold reg-reg] u_fft/_12915_/Q -> u_fft_bank1/DI[2] : -2.270162
[hold reg-reg] u_fft/_12921_/Q -> u_fft_bank1/DI[8] : -2.269882
[hold reg-reg] u_fft/_12924_/Q -> u_fft_bank1/DI[11] : -2.269364
[hold reg-reg] u_fft/_12933_/Q -> u_fft_bank1/DI[20] : -2.266623
[hold reg-reg] u_fft/_12932_/Q -> u_fft_bank1/DI[19] : -2.264569
[hold reg-reg] u_fft/_12921_/Q -> u_fft_bank0/DI[8] : -2.262903
[hold reg-reg] u_fft/_12931_/Q -> u_fft_bank1/DI[18] : -2.261976
[hold reg-reg] u_fft/_12924_/Q -> u_fft_bank0/DI[11] : -2.260277
[hold reg-reg] u_fft/_12915_/Q -> u_fft_bank0/DI[2] : -2.258915
[hold reg-reg] u_fft/_12916_/Q -> u_fft_bank1/DI[3] : -2.257473
[hold reg-reg] u_fft/_12922_/Q -> u_fft_bank1/DI[9] : -2.256662
[hold reg-reg] u_fft/_12930_/Q -> u_fft_bank1/DI[17] : -2.256466
[hold reg-reg] u_fft/_12938_/Q -> u_fft_bank1/DI[25] : -2.256221
[hold reg-reg] u_fft/_12933_/Q -> u_fft_bank0/DI[20] : -2.256095
[hold reg-reg] u_fft/_12941_/Q -> u_fft_bank1/DI[28] : -2.256033
[hold reg-reg] u_fft/_12932_/Q -> u_fft_bank0/DI[19] : -2.253678
[hold reg-reg] u_fft/_12931_/Q -> u_fft_bank0/DI[18] : -2.250684
[hold reg-reg] u_fft/_12925_/Q -> u_fft_bank1/DI[12] : -2.250179
[hold reg-reg] u_fft/_12922_/Q -> u_fft_bank0/DI[9] : -2.249742
[hold reg-reg] u_fft/_12916_/Q -> u_fft_bank0/DI[3] : -2.249249
[hold reg-reg] u_fft/_12938_/Q -> u_fft_bank0/DI[25] : -2.246722
[hold reg-reg] u_fft/_12930_/Q -> u_fft_bank0/DI[17] : -2.244783
[hold reg-reg] u_fft/_12941_/Q -> u_fft_bank0/DI[28] : -2.244680
[hold reg-reg] u_fft/_12925_/Q -> u_fft_bank0/DI[12] : -2.240476
[hold reg-reg] u_fft/_12929_/Q -> u_fft_bank1/DI[16] : -2.240237
[hold reg-reg] u_fft/_12944_/Q -> u_fft_bank1/DI[31] : -2.236258
[hold reg-reg] u_fft/_12943_/Q -> u_fft_bank1/DI[30] : -2.232742
[hold reg-reg] u_fft/_12942_/Q -> u_fft_bank1/DI[29] : -2.231975
[hold reg-reg] u_fft/_12926_/Q -> u_fft_bank1/DI[13] : -2.230386
[hold reg-reg] u_fft/_12928_/Q -> u_fft_bank1/DI[15] : -2.229905
[hold reg-reg] u_fft/_12929_/Q -> u_fft_bank0/DI[16] : -2.228538
[hold reg-reg] u_fft/_12926_/Q -> u_fft_bank0/DI[13] : -2.226328
[hold reg-reg] u_fft/_12944_/Q -> u_fft_bank0/DI[31] : -2.224730
[hold reg-reg] u_fft/_12928_/Q -> u_fft_bank0/DI[15] : -2.221553
[hold reg-reg] u_fft/_12942_/Q -> u_fft_bank0/DI[29] : -2.220794
[hold reg-reg] u_fft/_12943_/Q -> u_fft_bank0/DI[30] : -2.220761
[hold reg-reg] u_fft/_12927_/Q -> u_fft_bank1/DI[14] : -2.202255
[hold reg-reg] u_fft/_12927_/Q -> u_fft_bank0/DI[14] : -2.194996
[hold reg-reg] u_fft/_12913_/Q -> u_fft_bank1/DI[0] : -2.184778
[hold reg-reg] u_fft/_12913_/Q -> u_fft_bank0/DI[0] : -2.172847
[hold reg-reg] u_fft/_13306_/Q -> u_fft_bank1/AD[5] : -2.055992
[hold reg-reg] u_fft/_13306_/Q -> u_fft_bank0/AD[5] : -2.047566
[hold reg-reg] u_fft/_13309_/Q -> u_fft_bank1/AD[8] : -2.034411
[hold reg-reg] u_fft/_13300_/Q -> u_fft_bank1/R_WB : -2.033720
[hold reg-reg] u_fft/_13309_/Q -> u_fft_bank0/AD[8] : -2.024730
[hold reg-reg] u_fft/_13300_/Q -> u_fft_bank0/R_WB : -2.023652
[hold reg-reg] u_fft/_13314_/Q -> u_fft_bank0/EN : -1.959848
[hold reg-reg] u_fft/_13310_/Q -> u_fft_bank1/AD[9] : -1.952709
[hold reg-reg] u_fft/_13307_/Q -> u_fft_bank1/AD[6] : -1.946102
[hold reg-reg] u_fft/_13310_/Q -> u_fft_bank0/AD[9] : -1.944113
[hold reg-reg] u_fft/_13304_/Q -> u_fft_bank1/AD[3] : -1.938490
[hold reg-reg] u_fft/_13307_/Q -> u_fft_bank0/AD[6] : -1.936883
[hold reg-reg] u_fft/_13304_/Q -> u_fft_bank0/AD[3] : -1.928581
[hold reg-reg] u_fft/_13303_/Q -> u_fft_bank1/AD[2] : -1.915666
[hold reg-reg] u_fft/_13305_/Q -> u_fft_bank1/AD[4] : -1.914411
[hold reg-reg] u_fft/_13302_/Q -> u_fft_bank1/AD[1] : -1.912298
[hold reg-reg] u_fft/_13302_/Q -> u_fft_bank0/AD[1] : -1.905394
[hold reg-reg] u_fft/_13305_/Q -> u_fft_bank0/AD[4] : -1.905199
[hold reg-reg] u_fft/_13303_/Q -> u_fft_bank0/AD[2] : -1.903990
[hold reg-reg] u_fft/_13308_/Q -> u_fft_bank1/AD[7] : -1.893506
[hold reg-reg] u_fft/_13308_/Q -> u_fft_bank0/AD[7] : -1.885086
[hold reg-reg] u_fft/_13301_/Q -> u_fft_bank1/AD[0] : -1.878953
[hold reg-reg] u_fft/_13301_/Q -> u_fft_bank0/AD[0] : -1.872176
[hold reg-reg] u_fft/_13314_/Q -> u_fft_bank1/EN : -1.718341
