
===========================================================================
report_checks -unconstrained
===========================================================================
======================= max_ff_n40C_1v95 Corner ===================================

Startpoint: rst_ni (input port clocked by clk_i)
Endpoint: _4525_ (recovery check against rising-edge clock clk_i)
Path Group: asynchronous
Path Type: max

Fanout         Cap        Slew       Delay        Time   Description
---------------------------------------------------------------------------------------------
                                  0.000000    0.000000   clock clk_i (rise edge)
                                  0.000000    0.000000   clock network delay (propagated)
                                  5.000000    5.000000 ^ input external delay
     1    0.002866    0.014153    0.007450    5.007451 ^ rst_ni (in)
                                                         rst_ni (net)
                      0.014155    0.000000    5.007451 ^ input1/A (sky130_fd_sc_hd__buf_1)
     1    0.014206    0.128445    0.113807    5.121257 ^ input1/X (sky130_fd_sc_hd__buf_1)
                                                         net1 (net)
                      0.128473    0.001553    5.122810 ^ fanout887/A (sky130_fd_sc_hd__clkbuf_4)
     3    0.075335    0.173554    0.211753    5.334563 ^ fanout887/X (sky130_fd_sc_hd__clkbuf_4)
                                                         net887 (net)
                      0.173968    0.006923    5.341486 ^ fanout868/A (sky130_fd_sc_hd__buf_2)
     4    0.058469    0.214442    0.223155    5.564641 ^ fanout868/X (sky130_fd_sc_hd__buf_2)
                                                         net868 (net)
                      0.214477    0.002299    5.566940 ^ fanout865/A (sky130_fd_sc_hd__buf_1)
     3    0.029993    0.262382    0.218527    5.785467 ^ fanout865/X (sky130_fd_sc_hd__buf_1)
                                                         net865 (net)
                      0.262411    0.002295    5.787761 ^ fanout863/A (sky130_fd_sc_hd__clkbuf_2)
     5    0.033733    0.143949    0.178495    5.966256 ^ fanout863/X (sky130_fd_sc_hd__clkbuf_2)
                                                         net863 (net)
                      0.143980    0.001739    5.967995 ^ fanout862/A (sky130_fd_sc_hd__clkbuf_2)
     6    0.037966    0.160286    0.178146    6.146142 ^ fanout862/X (sky130_fd_sc_hd__clkbuf_2)
                                                         net862 (net)
                      0.160330    0.002203    6.148345 ^ fanout861/A (sky130_fd_sc_hd__clkbuf_2)
     6    0.034431    0.146201    0.170385    6.318730 ^ fanout861/X (sky130_fd_sc_hd__clkbuf_2)
                                                         net861 (net)
                      0.146241    0.001978    6.320708 ^ _4525_/RESET_B (sky130_fd_sc_hd__dfrtp_2)
                                              6.320708   data arrival time

                                 25.000000   25.000000   clock clk_i (rise edge)
                                  0.000000   25.000000   clock source latency
     2    0.063785    0.217134    0.152289   25.152288 ^ clk_i (in)
                                                         clk_i (net)
                      0.217253    0.000000   25.152288 ^ clkbuf_0_clk_i/A (sky130_fd_sc_hd__clkbuf_16)
     8    0.215360    0.176765    0.217005   25.369293 ^ clkbuf_0_clk_i/X (sky130_fd_sc_hd__clkbuf_16)
                                                         clknet_0_clk_i (net)
                      0.179630    0.017957   25.387251 ^ clkbuf_3_3__f_clk_i/A (sky130_fd_sc_hd__clkbuf_16)
    12    0.122899    0.108083    0.170228   25.557478 ^ clkbuf_3_3__f_clk_i/X (sky130_fd_sc_hd__clkbuf_16)
                                                         clknet_3_3__leaf_clk_i (net)
                      0.109691    0.010514   25.567993 ^ clkbuf_leaf_33_clk_i/A (sky130_fd_sc_hd__clkbuf_8)
     8    0.034646    0.055284    0.122981   25.690973 ^ clkbuf_leaf_33_clk_i/X (sky130_fd_sc_hd__clkbuf_8)
                                                         clknet_leaf_33_clk_i (net)
                      0.055315    0.001203   25.692177 ^ _4525_/CLK (sky130_fd_sc_hd__dfrtp_2)
                                 -0.250000   25.442177   clock uncertainty
                                  0.000000   25.442177   clock reconvergence pessimism
                                  0.107956   25.550133   library recovery time
                                             25.550133   data required time
---------------------------------------------------------------------------------------------
                                             25.550133   data required time
                                             -6.320708   data arrival time
---------------------------------------------------------------------------------------------
                                             19.229425   slack (MET)


Startpoint: tl_i[63] (input port clocked by clk_i)
Endpoint: _4243_ (rising edge-triggered flip-flop clocked by clk_i)
Path Group: clk_i
Path Type: max

Fanout         Cap        Slew       Delay        Time   Description
---------------------------------------------------------------------------------------------
                                  0.000000    0.000000   clock clk_i (rise edge)
                                  0.000000    0.000000   clock network delay (propagated)
                                  5.000000    5.000000 ^ input external delay
     1    0.003413    0.016117    0.008892    5.008892 ^ tl_i[63] (in)
                                                         tl_i[63] (net)
                      0.016118    0.000000    5.008892 ^ input43/A (sky130_fd_sc_hd__buf_1)
     1    0.012121    0.110666    0.102320    5.111212 ^ input43/X (sky130_fd_sc_hd__buf_1)
                                                         net43 (net)
                      0.110692    0.001379    5.112592 ^ fanout788/A (sky130_fd_sc_hd__dlymetal6s2s_1)
     6    0.025135    0.200619    0.189676    5.302268 ^ fanout788/X (sky130_fd_sc_hd__dlymetal6s2s_1)
                                                         net788 (net)
                      0.200669    0.002587    5.304855 ^ fanout786/A (sky130_fd_sc_hd__clkbuf_2)
     6    0.023265    0.101919    0.144040    5.448895 ^ fanout786/X (sky130_fd_sc_hd__clkbuf_2)
                                                         net786 (net)
                      0.101951    0.001488    5.450383 ^ fanout785/A (sky130_fd_sc_hd__buf_1)
     6    0.016808    0.150698    0.141698    5.592082 ^ fanout785/X (sky130_fd_sc_hd__buf_1)
                                                         net785 (net)
                      0.150703    0.000774    5.592856 ^ _3472_/C (sky130_fd_sc_hd__and4bb_1)
     2    0.007185    0.068050    0.147129    5.739985 ^ _3472_/X (sky130_fd_sc_hd__and4bb_1)
                                                         _1821_ (net)
                      0.068052    0.000437    5.740423 ^ _3473_/B (sky130_fd_sc_hd__nand4_1)
     1    0.004223    0.061928    0.055755    5.796177 v _3473_/Y (sky130_fd_sc_hd__nand4_1)
                                                         _1822_ (net)
                      0.061929    0.000318    5.796495 v hold1591/A (sky130_fd_sc_hd__dlygate4sd3_1)
     1    0.005291    0.046791    0.384161    6.180655 v hold1591/X (sky130_fd_sc_hd__dlygate4sd3_1)
                                                         net2486 (net)
                      0.046791    0.000395    6.181051 v fanout210/A (sky130_fd_sc_hd__clkbuf_2)
     5    0.055193    0.145349    0.164322    6.345373 v fanout210/X (sky130_fd_sc_hd__clkbuf_2)
                                                         net210 (net)
                      0.145455    0.003388    6.348761 v hold1592/A (sky130_fd_sc_hd__dlygate4sd3_1)
     1    0.004801    0.045613    0.415263    6.764025 v hold1592/X (sky130_fd_sc_hd__dlygate4sd3_1)
                                                         net2487 (net)
                      0.045613    0.000310    6.764335 v fanout209/A (sky130_fd_sc_hd__buf_2)
     5    0.064213    0.106799    0.155414    6.919749 v fanout209/X (sky130_fd_sc_hd__buf_2)
                                                         net209 (net)
                      0.106916    0.002971    6.922721 v fanout208/A (sky130_fd_sc_hd__clkbuf_2)
     4    0.036462    0.097197    0.160465    7.083186 v fanout208/X (sky130_fd_sc_hd__clkbuf_2)
                                                         net208 (net)
                      0.097223    0.001541    7.084727 v fanout207/A (sky130_fd_sc_hd__clkbuf_2)
     6    0.030772    0.083270    0.146358    7.231084 v fanout207/X (sky130_fd_sc_hd__clkbuf_2)
                                                         net207 (net)
                      0.083395    0.002849    7.233933 v fanout206/A (sky130_fd_sc_hd__clkbuf_2)
     6    0.029058    0.079055    0.137477    7.371410 v fanout206/X (sky130_fd_sc_hd__clkbuf_2)
                                                         net206 (net)
                      0.079115    0.001999    7.373409 v _3474_/D (sky130_fd_sc_hd__nor4_2)
     1    0.003715    0.143395    0.107941    7.481350 ^ _3474_/Y (sky130_fd_sc_hd__nor4_2)
                                                         _1823_ (net)
                      0.143395    0.000267    7.481617 ^ hold1226/A (sky130_fd_sc_hd__dlygate4sd3_1)
     2    0.020306    0.160343    0.479756    7.961373 ^ hold1226/X (sky130_fd_sc_hd__dlygate4sd3_1)
                                                         net2121 (net)
                      0.160351    0.001317    7.962690 ^ fanout179/A (sky130_fd_sc_hd__buf_2)
     1    0.002592    0.022471    0.083205    8.045896 ^ fanout179/X (sky130_fd_sc_hd__buf_2)
                                                         net179 (net)
                      0.022471    0.000170    8.046065 ^ hold1227/A (sky130_fd_sc_hd__dlygate4sd3_1)
     6    0.045653    0.344148    0.588252    8.634317 ^ hold1227/X (sky130_fd_sc_hd__dlygate4sd3_1)
                                                         net2122 (net)
                      0.344171    0.003057    8.637375 ^ fanout178/A (sky130_fd_sc_hd__clkbuf_2)
     4    0.040684    0.171669    0.199270    8.836644 ^ fanout178/X (sky130_fd_sc_hd__clkbuf_2)
                                                         net178 (net)
                      0.171928    0.005430    8.842075 ^ _3494_/S (sky130_fd_sc_hd__mux2_1)
     1    0.005712    0.049037    0.206388    9.048463 v _3494_/X (sky130_fd_sc_hd__mux2_1)
                                                         _0426_ (net)
                      0.049041    0.000435    9.048898 v hold3607/A (sky130_fd_sc_hd__dlygate4sd3_1)
     1    0.005694    0.048082    0.380778    9.429676 v hold3607/X (sky130_fd_sc_hd__dlygate4sd3_1)
                                                         net4502 (net)
                      0.048082    0.000387    9.430063 v hold1124/A (sky130_fd_sc_hd__dlygate4sd3_1)
     1    0.006131    0.049537    0.382340    9.812404 v hold1124/X (sky130_fd_sc_hd__dlygate4sd3_1)
                                                         net2019 (net)
                      0.049537    0.000353    9.812757 v hold3608/A (sky130_fd_sc_hd__dlygate4sd3_1)
     1    0.005959    0.048956    0.382073   10.194830 v hold3608/X (sky130_fd_sc_hd__dlygate4sd3_1)
                                                         net4503 (net)
                      0.048956    0.000457   10.195288 v _4243_/D (sky130_fd_sc_hd__dfxtp_1)
                                             10.195288   data arrival time

                                 25.000000   25.000000   clock clk_i (rise edge)
                                  0.000000   25.000000   clock source latency
     2    0.063785    0.217134    0.152289   25.152288 ^ clk_i (in)
                                                         clk_i (net)
                      0.217253    0.000000   25.152288 ^ clkbuf_0_clk_i/A (sky130_fd_sc_hd__clkbuf_16)
     8    0.215360    0.176765    0.217005   25.369293 ^ clkbuf_0_clk_i/X (sky130_fd_sc_hd__clkbuf_16)
                                                         clknet_0_clk_i (net)
                      0.180237    0.019696   25.388988 ^ clkbuf_3_2__f_clk_i/A (sky130_fd_sc_hd__clkbuf_16)
    12    0.129342    0.110517    0.175907   25.564898 ^ clkbuf_3_2__f_clk_i/X (sky130_fd_sc_hd__clkbuf_16)
                                                         clknet_3_2__leaf_clk_i (net)
                      0.111350    0.007633   25.572529 ^ clkbuf_leaf_24_clk_i/A (sky130_fd_sc_hd__clkbuf_8)
    12    0.049240    0.073171    0.135726   25.708256 ^ clkbuf_leaf_24_clk_i/X (sky130_fd_sc_hd__clkbuf_8)
                                                         clknet_leaf_24_clk_i (net)
                      0.073281    0.001823   25.710079 ^ _4243_/CLK (sky130_fd_sc_hd__dfxtp_1)
                                 -0.250000   25.460079   clock uncertainty
                                  0.000000   25.460079   clock reconvergence pessimism
                                 -0.072076   25.388004   library setup time
                                             25.388004   data required time
---------------------------------------------------------------------------------------------
                                             25.388004   data required time
                                            -10.195288   data arrival time
---------------------------------------------------------------------------------------------
                                             15.192715   slack (MET)




===========================================================================
report_checks --slack_max -0.01
============================================================================
======================= max_ff_n40C_1v95 Corner ===================================

No paths found.


===========================================================================
 report_check_types -max_slew -max_cap -max_fanout -violators
============================================================================
======================= max_ff_n40C_1v95 Corner ===================================

max fanout

Pin                                   Limit Fanout  Slack
---------------------------------------------------------
clkbuf_leaf_65_clk_i/X                    6     16    -10 (VIOLATED)
clkbuf_leaf_62_clk_i/X                    6     15     -9 (VIOLATED)
clkbuf_3_0__f_clk_i/X                     6     14     -8 (VIOLATED)
clkbuf_3_1__f_clk_i/X                     6     14     -8 (VIOLATED)
clkbuf_leaf_59_clk_i/X                    6     13     -7 (VIOLATED)
clkbuf_leaf_67_clk_i/X                    6     13     -7 (VIOLATED)
clkbuf_3_2__f_clk_i/X                     6     12     -6 (VIOLATED)
clkbuf_3_3__f_clk_i/X                     6     12     -6 (VIOLATED)
clkbuf_3_4__f_clk_i/X                     6     12     -6 (VIOLATED)
clkbuf_3_5__f_clk_i/X                     6     12     -6 (VIOLATED)
clkbuf_3_6__f_clk_i/X                     6     12     -6 (VIOLATED)
clkbuf_leaf_24_clk_i/X                    6     12     -6 (VIOLATED)
clkbuf_leaf_2_clk_i/X                     6     12     -6 (VIOLATED)
clkbuf_leaf_51_clk_i/X                    6     12     -6 (VIOLATED)
clkbuf_leaf_53_clk_i/X                    6     12     -6 (VIOLATED)
clkbuf_leaf_55_clk_i/X                    6     12     -6 (VIOLATED)
clkbuf_leaf_69_clk_i/X                    6     12     -6 (VIOLATED)
clkbuf_leaf_70_clk_i/X                    6     12     -6 (VIOLATED)
clkbuf_leaf_88_clk_i/X                    6     12     -6 (VIOLATED)
clkbuf_leaf_34_clk_i/X                    6     11     -5 (VIOLATED)
clkbuf_leaf_3_clk_i/X                     6     11     -5 (VIOLATED)
clkbuf_leaf_50_clk_i/X                    6     11     -5 (VIOLATED)
clkbuf_leaf_58_clk_i/X                    6     11     -5 (VIOLATED)
clkbuf_3_7__f_clk_i/X                     6     10     -4 (VIOLATED)
clkbuf_leaf_22_clk_i/X                    6     10     -4 (VIOLATED)
clkbuf_leaf_47_clk_i/X                    6     10     -4 (VIOLATED)
clkbuf_leaf_48_clk_i/X                    6     10     -4 (VIOLATED)
clkbuf_leaf_56_clk_i/X                    6     10     -4 (VIOLATED)
clkbuf_leaf_5_clk_i/X                     6     10     -4 (VIOLATED)
clkbuf_leaf_63_clk_i/X                    6     10     -4 (VIOLATED)
clkbuf_leaf_66_clk_i/X                    6     10     -4 (VIOLATED)
clkbuf_leaf_78_clk_i/X                    6     10     -4 (VIOLATED)
clkbuf_leaf_7_clk_i/X                     6     10     -4 (VIOLATED)
clkbuf_leaf_81_clk_i/X                    6     10     -4 (VIOLATED)
clkbuf_leaf_84_clk_i/X                    6     10     -4 (VIOLATED)
clkbuf_leaf_86_clk_i/X                    6     10     -4 (VIOLATED)
clkbuf_leaf_8_clk_i/X                     6     10     -4 (VIOLATED)
clkbuf_leaf_9_clk_i/X                     6     10     -4 (VIOLATED)
clkbuf_leaf_0_clk_i/X                     6      9     -3 (VIOLATED)
clkbuf_leaf_17_clk_i/X                    6      9     -3 (VIOLATED)
clkbuf_leaf_1_clk_i/X                     6      9     -3 (VIOLATED)
clkbuf_leaf_25_clk_i/X                    6      9     -3 (VIOLATED)
clkbuf_leaf_26_clk_i/X                    6      9     -3 (VIOLATED)
clkbuf_leaf_35_clk_i/X                    6      9     -3 (VIOLATED)
clkbuf_leaf_49_clk_i/X                    6      9     -3 (VIOLATED)
clkbuf_leaf_52_clk_i/X                    6      9     -3 (VIOLATED)
clkbuf_leaf_54_clk_i/X                    6      9     -3 (VIOLATED)
clkbuf_leaf_57_clk_i/X                    6      9     -3 (VIOLATED)
clkbuf_leaf_6_clk_i/X                     6      9     -3 (VIOLATED)
clkbuf_leaf_71_clk_i/X                    6      9     -3 (VIOLATED)
clkbuf_leaf_72_clk_i/X                    6      9     -3 (VIOLATED)
clkbuf_leaf_73_clk_i/X                    6      9     -3 (VIOLATED)
clkbuf_leaf_74_clk_i/X                    6      9     -3 (VIOLATED)
clkbuf_leaf_80_clk_i/X                    6      9     -3 (VIOLATED)
clkbuf_0_clk_i/X                          6      8     -2 (VIOLATED)
clkbuf_leaf_11_clk_i/X                    6      8     -2 (VIOLATED)
clkbuf_leaf_12_clk_i/X                    6      8     -2 (VIOLATED)
clkbuf_leaf_16_clk_i/X                    6      8     -2 (VIOLATED)
clkbuf_leaf_18_clk_i/X                    6      8     -2 (VIOLATED)
clkbuf_leaf_19_clk_i/X                    6      8     -2 (VIOLATED)
clkbuf_leaf_20_clk_i/X                    6      8     -2 (VIOLATED)
clkbuf_leaf_21_clk_i/X                    6      8     -2 (VIOLATED)
clkbuf_leaf_33_clk_i/X                    6      8     -2 (VIOLATED)
clkbuf_leaf_36_clk_i/X                    6      8     -2 (VIOLATED)
clkbuf_leaf_46_clk_i/X                    6      8     -2 (VIOLATED)
clkbuf_leaf_60_clk_i/X                    6      8     -2 (VIOLATED)
clkbuf_leaf_83_clk_i/X                    6      8     -2 (VIOLATED)
clkbuf_leaf_85_clk_i/X                    6      8     -2 (VIOLATED)
clkbuf_leaf_89_clk_i/X                    6      8     -2 (VIOLATED)
fanout170/X                               6      8     -2 (VIOLATED)
fanout331/X                               6      8     -2 (VIOLATED)
clkbuf_leaf_10_clk_i/X                    6      7        (VIOLATED)
clkbuf_leaf_13_clk_i/X                    6      7        (VIOLATED)
clkbuf_leaf_14_clk_i/X                    6      7        (VIOLATED)
clkbuf_leaf_23_clk_i/X                    6      7        (VIOLATED)
clkbuf_leaf_29_clk_i/X                    6      7        (VIOLATED)
clkbuf_leaf_37_clk_i/X                    6      7        (VIOLATED)
clkbuf_leaf_42_clk_i/X                    6      7        (VIOLATED)
clkbuf_leaf_44_clk_i/X                    6      7        (VIOLATED)
clkbuf_leaf_4_clk_i/X                     6      7        (VIOLATED)
clkbuf_leaf_64_clk_i/X                    6      7        (VIOLATED)
clkbuf_leaf_75_clk_i/X                    6      7        (VIOLATED)
clkbuf_leaf_76_clk_i/X                    6      7        (VIOLATED)
clkbuf_leaf_77_clk_i/X                    6      7        (VIOLATED)
clkbuf_leaf_79_clk_i/X                    6      7        (VIOLATED)
clkbuf_leaf_82_clk_i/X                    6      7        (VIOLATED)
clkbuf_leaf_87_clk_i/X                    6      7        (VIOLATED)
clkbuf_leaf_90_clk_i/X                    6      7        (VIOLATED)
fanout123/X                               6      7        (VIOLATED)
fanout140/X                               6      7        (VIOLATED)
fanout148/X                               6      7        (VIOLATED)
fanout165/X                               6      7        (VIOLATED)
fanout370/X                               6      7        (VIOLATED)
fanout426/X                               6      7        (VIOLATED)

max capacitance

Pin                                        Limit         Cap       Slack
------------------------------------------------------------------------
clkbuf_0_clk_i/X                        0.200000    0.215360   -0.015360 (VIOLATED)



===========================================================================
report_parasitic_annotation -report_unannotated
============================================================================
Found 153 unannotated drivers.
 tl_i[0]
 tl_i[103]
 tl_i[104]
 tl_i[105]
 tl_i[106]
 tl_i[10]
 tl_i[11]
 tl_i[12]
 tl_i[13]
 tl_i[14]
 tl_i[15]
 tl_i[16]
 tl_i[17]
 tl_i[18]
 tl_i[19]
 tl_i[1]
 tl_i[20]
 tl_i[21]
 tl_i[22]
 tl_i[23]
 tl_i[24]
 tl_i[2]
 tl_i[3]
 tl_i[4]
 tl_i[57]
 tl_i[58]
 tl_i[59]
 tl_i[5]
 tl_i[60]
 tl_i[69]
 tl_i[6]
 tl_i[70]
 tl_i[71]
 tl_i[72]
 tl_i[73]
 tl_i[74]
 tl_i[75]
 tl_i[76]
 tl_i[77]
 tl_i[78]
 tl_i[79]
 tl_i[7]
 tl_i[80]
 tl_i[81]
 tl_i[82]
 tl_i[83]
 tl_i[84]
 tl_i[85]
 tl_i[86]
 tl_i[87]
 tl_i[88]
 tl_i[89]
 tl_i[8]
 tl_i[90]
 tl_i[91]
 tl_i[92]
 tl_i[9]
 clkload0/X
 clkload1/Y
 clkload10/X
 clkload11/Y
 clkload12/Y
 clkload13/Y
 clkload14/Y
 clkload15/Y
 clkload16/Y
 clkload17/Y
 clkload18/Y
 clkload19/Y
 clkload2/Y
 clkload20/Y
 clkload21/Y
 clkload22/Y
 clkload23/Y
 clkload24/Y
 clkload25/Y
 clkload26/X
 clkload27/X
 clkload28/Y
 clkload29/Y
 clkload3/Y
 clkload30/X
 clkload31/Y
 clkload32/Y
 clkload33/Y
 clkload34/Y
 clkload35/Y
 clkload36/Y
 clkload37/Y
 clkload38/Y
 clkload39/Y
 clkload4/Y
 clkload40/Y
 clkload41/Y
 clkload42/Y
 clkload43/Y
 clkload44/X
 clkload45/X
 clkload46/Y
 clkload47/Y
 clkload48/Y
 clkload49/Y
 clkload5/Y
 clkload50/X
 clkload51/Y
 clkload52/Y
 clkload53/Y
 clkload54/X
 clkload55/X
 clkload56/Y
 clkload57/Y
 clkload58/Y
 clkload59/Y
 clkload6/Y
 clkload60/Y
 clkload61/Y
 clkload62/Y
 clkload63/Y
 clkload64/Y
 clkload65/Y
 clkload66/Y
 clkload67/X
 clkload68/Y
 clkload69/Y
 clkload7/Y
 clkload70/Y
 clkload71/X
 clkload72/Y
 clkload73/Y
 clkload74/Y
 clkload75/Y
 clkload76/Y
 clkload77/Y
 clkload78/X
 clkload79/Y
 clkload8/Y
 clkload80/X
 clkload81/Y
 clkload82/Y
 clkload83/Y
 clkload84/Y
 clkload85/Y
 clkload86/X
 clkload87/X
 clkload9/X
 spi_host_lite_888/HI
 spi_host_lite_889/HI
 spi_host_lite_890/HI
 spi_host_lite_891/HI
 spi_host_lite_892/HI
 spi_host_lite_893/HI
 spi_host_lite_894/HI
 spi_host_lite_895/LO
Found 0 partially unannotated drivers.

===========================================================================
max slew violation count 0
max fanout violation count 94
max cap violation count 1
============================================================================

===========================================================================
check_setup -verbose -unconstrained_endpoints -multiple_clock -no_clock -no_input_delay -loops -generated_clocks
===========================================================================
Warning: There are 8 unconstrained endpoints.
  tl_o[0]
  tl_o[15]
  tl_o[48]
  tl_o[59]
  tl_o[60]
  tl_o[61]
  tl_o[63]
  tl_o[64]
