Clock: clk_i
Sources: clk_i 
Generated: no
Virtual: yes
Propagated: no
Period: 25.000000

===========================================================================
report_clock_properties
============================================================================
Clock                   Period          Waveform
----------------------------------------------------
clk_i                25.000000    0.000000 12.500000

===========================================================================
report_clock_latency
============================================================================
Clock clk_i
rise -> rise
    min     max
0.000000 0.000000 source latency
0.560685         network latency _4560_/CLK
        0.732335 network latency _4153_/CLK
---------------
0.560685 0.732335 latency
        0.171650 skew

fall -> fall
    min     max
0.000000 0.000000 source latency
0.443483         network latency _4560_/CLK
        0.600637 network latency _4292_/CLK
---------------
0.443483 0.600637 latency
        0.157154 skew



===========================================================================
report_clock_min_period
============================================================================
clk_i period_min = 7.66 fmax = 130.62
