
===========================================================================
 report_power
============================================================================
======================= max_ff_n40C_1v95 Corner ===================================

Group                    Internal    Switching      Leakage        Total
                            Power        Power        Power        Power (Watts)
------------------------------------------------------------------------
Sequential           1.300112e-03 1.463530e-06 1.065415e-08 1.301586e-03  44.2%
Combinational        5.022721e-05 9.108758e-05 1.329452e-07 1.414477e-04   4.8%
Clock                7.730660e-04 7.272814e-04 7.576150e-09 1.500355e-03  51.0%
Macro                0.000000e+00 0.000000e+00 0.000000e+00 0.000000e+00   0.0%
Pad                  0.000000e+00 0.000000e+00 0.000000e+00 0.000000e+00   0.0%
------------------------------------------------------------------------
Total                2.123404e-03 8.198326e-04 1.511796e-07 2.943388e-03 100.0%
                            72.1%        27.9%         0.0%

