Clock: clk_i
Sources: clk_i 
Generated: no
Virtual: yes
Propagated: no
Period: 25.000000

===========================================================================
report_clock_properties
============================================================================
Clock                   Period          Waveform
----------------------------------------------------
clk_i                25.000000    0.000000 12.500000

===========================================================================
report_clock_latency
============================================================================
Clock clk_i
rise -> rise
    min     max
0.000000 0.000000 source latency
0.895756         network latency _09831_/CLK
        6.346332 network latency _10124_/CLK
---------------
0.895756 6.346332 latency
        5.450575 skew

rise -> fall
    min     max
0.000000 0.000000 source latency
5.166609         network latency _10078_/CLK
        6.109263 network latency _10124_/CLK
---------------
5.166609 6.109263 latency
        0.942654 skew

fall -> fall
    min     max
0.000000 0.000000 source latency
0.711441         network latency _09853_/CLK
        0.980753 network latency _09237_/CLK
---------------
0.711441 0.980753 latency
        0.269313 skew



===========================================================================
report_clock_min_period
============================================================================
clk_i period_min = 10.36 fmax = 96.49
