
===========================================================================
report_checks -path_delay max (Setup)
============================================================================
======================= max_ss_100C_1v60 Corner ===================================

Startpoint: wb_clk_i (clock source 'wb_clk_i')
Endpoint: clk_o (output port clocked by wb_clk_i)
Path Group: wb_clk_i
Path Type: max

Fanout         Cap        Slew       Delay        Time   Description
---------------------------------------------------------------------------------------------
                                 12.500000   12.500000   clock wb_clk_i (fall edge)
                                  0.000000   12.500000   clock source latency
     1    0.004521    0.025225    0.014727   12.514727 v wb_clk_i (in)
                                                         wb_clk_i (net)
                      0.025227    0.000000   12.514727 v _253_/A (sky130_fd_sc_hd__buf_2)
     1    0.018348    0.103823    0.272624   12.787351 v _253_/X (sky130_fd_sc_hd__buf_2)
                                                         net2 (net)
                      0.103888    0.002376   12.789726 v output2/A (sky130_fd_sc_hd__buf_1)
     1    0.034080    0.385092    0.427811   13.217537 v output2/X (sky130_fd_sc_hd__buf_1)
                                                         clk_o (net)
                      0.385095    0.001616   13.219152 v clk_o (out)
                                             13.219152   data arrival time

                                 25.000000   25.000000   clock wb_clk_i (rise edge)
                                  0.000000   25.000000   clock network delay (propagated)
                                 -0.250000   24.750000   clock uncertainty
                                  0.000000   24.750000   clock reconvergence pessimism
                                 -5.000000   19.750000   output external delay
                                             19.750000   data required time
---------------------------------------------------------------------------------------------
                                             19.750000   data required time
                                            -13.219152   data arrival time
---------------------------------------------------------------------------------------------
                                              6.530847   slack (MET)


Startpoint: uart_tx_i (input port clocked by wb_clk_i)
Endpoint: io_out[1] (output port clocked by wb_clk_i)
Path Group: wb_clk_i
Path Type: max

Fanout         Cap        Slew       Delay        Time   Description
---------------------------------------------------------------------------------------------
                                  0.000000    0.000000   clock wb_clk_i (rise edge)
                                  0.000000    0.000000   clock network delay (propagated)
                                  5.000000    5.000000 ^ input external delay
     2    0.041407    0.298961    0.212591    5.212591 ^ uart_tx_i (in)
                                                         uart_tx_i (net)
                      0.299340    0.000000    5.212591 ^ _268_/A (sky130_fd_sc_hd__clkbuf_2)
     1    0.027722    0.241820    0.413771    5.626362 ^ _268_/X (sky130_fd_sc_hd__clkbuf_2)
                                                         net17 (net)
                      0.242075    0.004896    5.631258 ^ output17/A (sky130_fd_sc_hd__buf_2)
     1    0.034951    0.277802    0.425493    6.056751 ^ output17/X (sky130_fd_sc_hd__buf_2)
                                                         io_out[1] (net)
                      0.277808    0.001740    6.058491 ^ io_out[1] (out)
                                              6.058491   data arrival time

                                 25.000000   25.000000   clock wb_clk_i (rise edge)
                                  0.000000   25.000000   clock network delay (propagated)
                                 -0.250000   24.750000   clock uncertainty
                                  0.000000   24.750000   clock reconvergence pessimism
                                 -5.000000   19.750000   output external delay
                                             19.750000   data required time
---------------------------------------------------------------------------------------------
                                             19.750000   data required time
                                             -6.058491   data arrival time
---------------------------------------------------------------------------------------------
                                             13.691508   slack (MET)


Startpoint: spi_cs_n_i (input port clocked by wb_clk_i)
Endpoint: io_out[3] (output port clocked by wb_clk_i)
Path Group: wb_clk_i
Path Type: max

Fanout         Cap        Slew       Delay        Time   Description
---------------------------------------------------------------------------------------------
                                  0.000000    0.000000   clock wb_clk_i (rise edge)
                                  0.000000    0.000000   clock network delay (propagated)
                                  5.000000    5.000000 ^ input external delay
     2    0.043602    0.314261    0.223895    5.223895 ^ spi_cs_n_i (in)
                                                         spi_cs_n_i (net)
                      0.314771    0.000000    5.223895 ^ _270_/A (sky130_fd_sc_hd__clkbuf_2)
     1    0.022381    0.199592    0.389798    5.613693 ^ _270_/X (sky130_fd_sc_hd__clkbuf_2)
                                                         net19 (net)
                      0.199652    0.003379    5.617072 ^ output19/A (sky130_fd_sc_hd__buf_2)
     1    0.034454    0.273954    0.404538    6.021610 ^ output19/X (sky130_fd_sc_hd__buf_2)
                                                         io_out[3] (net)
                      0.273959    0.001614    6.023225 ^ io_out[3] (out)
                                              6.023225   data arrival time

                                 25.000000   25.000000   clock wb_clk_i (rise edge)
                                  0.000000   25.000000   clock network delay (propagated)
                                 -0.250000   24.750000   clock uncertainty
                                  0.000000   24.750000   clock reconvergence pessimism
                                 -5.000000   19.750000   output external delay
                                             19.750000   data required time
---------------------------------------------------------------------------------------------
                                             19.750000   data required time
                                             -6.023225   data arrival time
---------------------------------------------------------------------------------------------
                                             13.726775   slack (MET)


Startpoint: intr_spi_host_rx_full_i (input port clocked by wb_clk_i)
Endpoint: intr_vec_o[11] (output port clocked by wb_clk_i)
Path Group: wb_clk_i
Path Type: max

Fanout         Cap        Slew       Delay        Time   Description
---------------------------------------------------------------------------------------------
                                  0.000000    0.000000   clock wb_clk_i (rise edge)
                                  0.000000    0.000000   clock network delay (propagated)
                                  5.000000    5.000000 ^ input external delay
     2    0.019151    0.144134    0.098791    5.098791 ^ intr_spi_host_rx_full_i (in)
                                                         intr_spi_host_rx_full_i (net)
                      0.144179    0.000000    5.098791 ^ _264_/A (sky130_fd_sc_hd__clkbuf_1)
     1    0.003839    0.090693    0.195279    5.294070 ^ _264_/X (sky130_fd_sc_hd__clkbuf_1)
                                                         net4 (net)
                      0.090693    0.000270    5.294340 ^ output4/A (sky130_fd_sc_hd__buf_2)
     1    0.034134    0.271371    0.351732    5.646072 ^ output4/X (sky130_fd_sc_hd__buf_2)
                                                         intr_vec_o[11] (net)
                      0.271376    0.001606    5.647678 ^ intr_vec_o[11] (out)
                                              5.647678   data arrival time

                                 25.000000   25.000000   clock wb_clk_i (rise edge)
                                  0.000000   25.000000   clock network delay (propagated)
                                 -0.250000   24.750000   clock uncertainty
                                  0.000000   24.750000   clock reconvergence pessimism
                                 -5.000000   19.750000   output external delay
                                             19.750000   data required time
---------------------------------------------------------------------------------------------
                                             19.750000   data required time
                                             -5.647678   data arrival time
---------------------------------------------------------------------------------------------
                                             14.102322   slack (MET)


Startpoint: intr_uart_tx_done_i (input port clocked by wb_clk_i)
Endpoint: intr_vec_o[4] (output port clocked by wb_clk_i)
Path Group: wb_clk_i
Path Type: max

Fanout         Cap        Slew       Delay        Time   Description
---------------------------------------------------------------------------------------------
                                  0.000000    0.000000   clock wb_clk_i (rise edge)
                                  0.000000    0.000000   clock network delay (propagated)
                                  5.000000    5.000000 ^ input external delay
     1    0.009973    0.080982    0.052655    5.052655 ^ intr_uart_tx_done_i (in)
                                                         intr_uart_tx_done_i (net)
                      0.080992    0.000000    5.052655 ^ _257_/A (sky130_fd_sc_hd__clkbuf_1)
     1    0.006410    0.136266    0.202696    5.255351 ^ _257_/X (sky130_fd_sc_hd__clkbuf_1)
                                                         net11 (net)
                      0.136266    0.000353    5.255703 ^ output11/A (sky130_fd_sc_hd__buf_2)
     1    0.034641    0.275246    0.375711    5.631414 ^ output11/X (sky130_fd_sc_hd__buf_2)
                                                         intr_vec_o[4] (net)
                      0.275252    0.001742    5.633156 ^ intr_vec_o[4] (out)
                                              5.633156   data arrival time

                                 25.000000   25.000000   clock wb_clk_i (rise edge)
                                  0.000000   25.000000   clock network delay (propagated)
                                 -0.250000   24.750000   clock uncertainty
                                  0.000000   24.750000   clock reconvergence pessimism
                                 -5.000000   19.750000   output external delay
                                             19.750000   data required time
---------------------------------------------------------------------------------------------
                                             19.750000   data required time
                                             -5.633156   data arrival time
---------------------------------------------------------------------------------------------
                                             14.116843   slack (MET)


Startpoint: io_in[0] (input port clocked by wb_clk_i)
Endpoint: uart_rx_o (output port clocked by wb_clk_i)
Path Group: wb_clk_i
Path Type: max

Fanout         Cap        Slew       Delay        Time   Description
---------------------------------------------------------------------------------------------
                                  0.000000    0.000000   clock wb_clk_i (rise edge)
                                  0.000000    0.000000   clock network delay (propagated)
                                  5.000000    5.000000 ^ input external delay
     1    0.015072    0.116027    0.078165    5.078166 ^ io_in[0] (in)
                                                         io_in[0] (net)
                      0.116047    0.000000    5.078166 ^ _274_/A (sky130_fd_sc_hd__clkbuf_1)
     1    0.004489    0.101937    0.192238    5.270404 ^ _274_/X (sky130_fd_sc_hd__clkbuf_1)
                                                         net24 (net)
                      0.101937    0.000298    5.270702 ^ output24/A (sky130_fd_sc_hd__buf_2)
     1    0.034639    0.275170    0.359602    5.630304 ^ output24/X (sky130_fd_sc_hd__buf_2)
                                                         uart_rx_o (net)
                      0.275176    0.001740    5.632044 ^ uart_rx_o (out)
                                              5.632044   data arrival time

                                 25.000000   25.000000   clock wb_clk_i (rise edge)
                                  0.000000   25.000000   clock network delay (propagated)
                                 -0.250000   24.750000   clock uncertainty
                                  0.000000   24.750000   clock reconvergence pessimism
                                 -5.000000   19.750000   output external delay
                                             19.750000   data required time
---------------------------------------------------------------------------------------------
                                             19.750000   data required time
                                             -5.632044   data arrival time
---------------------------------------------------------------------------------------------
                                             14.117955   slack (MET)


Startpoint: intr_uart_rx_frame_err_i (input port clocked by wb_clk_i)
Endpoint: intr_vec_o[6] (output port clocked by wb_clk_i)
Path Group: wb_clk_i
Path Type: max

Fanout         Cap        Slew       Delay        Time   Description
---------------------------------------------------------------------------------------------
                                  0.000000    0.000000   clock wb_clk_i (rise edge)
                                  0.000000    0.000000   clock network delay (propagated)
                                  5.000000    5.000000 ^ input external delay
     2    0.015121    0.116372    0.078584    5.078584 ^ intr_uart_rx_frame_err_i (in)
                                                         intr_uart_rx_frame_err_i (net)
                      0.116399    0.000000    5.078584 ^ _259_/A (sky130_fd_sc_hd__clkbuf_1)
     1    0.004220    0.097160    0.188879    5.267463 ^ _259_/X (sky130_fd_sc_hd__clkbuf_1)
                                                         net13 (net)
                      0.097160    0.000302    5.267764 ^ output13/A (sky130_fd_sc_hd__buf_2)
     1    0.034167    0.271637    0.354908    5.622672 ^ output13/X (sky130_fd_sc_hd__buf_2)
                                                         intr_vec_o[6] (net)
                      0.271643    0.001650    5.624321 ^ intr_vec_o[6] (out)
                                              5.624321   data arrival time

                                 25.000000   25.000000   clock wb_clk_i (rise edge)
                                  0.000000   25.000000   clock network delay (propagated)
                                 -0.250000   24.750000   clock uncertainty
                                  0.000000   24.750000   clock reconvergence pessimism
                                 -5.000000   19.750000   output external delay
                                             19.750000   data required time
---------------------------------------------------------------------------------------------
                                             19.750000   data required time
                                             -5.624321   data arrival time
---------------------------------------------------------------------------------------------
                                             14.125678   slack (MET)


Startpoint: io_in[5] (input port clocked by wb_clk_i)
Endpoint: spi_miso_o (output port clocked by wb_clk_i)
Path Group: wb_clk_i
Path Type: max

Fanout         Cap        Slew       Delay        Time   Description
---------------------------------------------------------------------------------------------
                                  0.000000    0.000000   clock wb_clk_i (rise edge)
                                  0.000000    0.000000   clock network delay (propagated)
                                  5.000000    5.000000 ^ input external delay
     2    0.018294    0.138183    0.094439    5.094439 ^ io_in[5] (in)
                                                         io_in[5] (net)
                      0.138212    0.000000    5.094439 ^ _273_/A (sky130_fd_sc_hd__clkbuf_1)
     1    0.002398    0.066158    0.173304    5.267744 ^ _273_/X (sky130_fd_sc_hd__clkbuf_1)
                                                         net23 (net)
                      0.066158    0.000155    5.267899 ^ output23/A (sky130_fd_sc_hd__buf_2)
     1    0.034063    0.270804    0.339992    5.607891 ^ output23/X (sky130_fd_sc_hd__buf_2)
                                                         spi_miso_o (net)
                      0.270809    0.001599    5.609490 ^ spi_miso_o (out)
                                              5.609490   data arrival time

                                 25.000000   25.000000   clock wb_clk_i (rise edge)
                                  0.000000   25.000000   clock network delay (propagated)
                                 -0.250000   24.750000   clock uncertainty
                                  0.000000   24.750000   clock reconvergence pessimism
                                 -5.000000   19.750000   output external delay
                                             19.750000   data required time
---------------------------------------------------------------------------------------------
                                             19.750000   data required time
                                             -5.609490   data arrival time
---------------------------------------------------------------------------------------------
                                             14.140510   slack (MET)


Startpoint: intr_uart_rx_watermark_i (input port clocked by wb_clk_i)
Endpoint: intr_vec_o[3] (output port clocked by wb_clk_i)
Path Group: wb_clk_i
Path Type: max

Fanout         Cap        Slew       Delay        Time   Description
---------------------------------------------------------------------------------------------
                                  0.000000    0.000000   clock wb_clk_i (rise edge)
                                  0.000000    0.000000   clock network delay (propagated)
                                  5.000000    5.000000 ^ input external delay
     1    0.012613    0.099074    0.065777    5.065777 ^ intr_uart_rx_watermark_i (in)
                                                         intr_uart_rx_watermark_i (net)
                      0.099084    0.000000    5.065777 ^ _256_/A (sky130_fd_sc_hd__clkbuf_1)
     1    0.003339    0.081889    0.169877    5.235655 ^ _256_/X (sky130_fd_sc_hd__clkbuf_1)
                                                         net10 (net)
                      0.081889    0.000242    5.235896 ^ output10/A (sky130_fd_sc_hd__buf_2)
     1    0.034159    0.271548    0.347705    5.583602 ^ output10/X (sky130_fd_sc_hd__buf_2)
                                                         intr_vec_o[3] (net)
                      0.271554    0.001648    5.585250 ^ intr_vec_o[3] (out)
                                              5.585250   data arrival time

                                 25.000000   25.000000   clock wb_clk_i (rise edge)
                                  0.000000   25.000000   clock network delay (propagated)
                                 -0.250000   24.750000   clock uncertainty
                                  0.000000   24.750000   clock reconvergence pessimism
                                 -5.000000   19.750000   output external delay
                                             19.750000   data required time
---------------------------------------------------------------------------------------------
                                             19.750000   data required time
                                             -5.585250   data arrival time
---------------------------------------------------------------------------------------------
                                             14.164750   slack (MET)


Startpoint: intr_uart_rx_parity_err_i (input port clocked by wb_clk_i)
Endpoint: intr_vec_o[9] (output port clocked by wb_clk_i)
Path Group: wb_clk_i
Path Type: max

Fanout         Cap        Slew       Delay        Time   Description
---------------------------------------------------------------------------------------------
                                  0.000000    0.000000   clock wb_clk_i (rise edge)
                                  0.000000    0.000000   clock network delay (propagated)
                                  5.000000    5.000000 ^ input external delay
     1    0.014001    0.108670    0.072828    5.072828 ^ intr_uart_rx_parity_err_i (in)
                                                         intr_uart_rx_parity_err_i (net)
                      0.108692    0.000000    5.072828 ^ _262_/A (sky130_fd_sc_hd__clkbuf_1)
     1    0.002715    0.071270    0.165429    5.238257 ^ _262_/X (sky130_fd_sc_hd__clkbuf_1)
                                                         net16 (net)
                      0.071270    0.000171    5.238428 ^ output16/A (sky130_fd_sc_hd__buf_2)
     1    0.034145    0.271419    0.342765    5.581193 ^ output16/X (sky130_fd_sc_hd__buf_2)
                                                         intr_vec_o[9] (net)
                      0.271424    0.001607    5.582800 ^ intr_vec_o[9] (out)
                                              5.582800   data arrival time

                                 25.000000   25.000000   clock wb_clk_i (rise edge)
                                  0.000000   25.000000   clock network delay (propagated)
                                 -0.250000   24.750000   clock uncertainty
                                  0.000000   24.750000   clock reconvergence pessimism
                                 -5.000000   19.750000   output external delay
                                             19.750000   data required time
---------------------------------------------------------------------------------------------
                                             19.750000   data required time
                                             -5.582800   data arrival time
---------------------------------------------------------------------------------------------
                                             14.167199   slack (MET)


Startpoint: wb_rst_i (input port clocked by wb_clk_i)
Endpoint: rst_no (output port clocked by wb_clk_i)
Path Group: wb_clk_i
Path Type: max

Fanout         Cap        Slew       Delay        Time   Description
---------------------------------------------------------------------------------------------
                                  0.000000    0.000000   clock wb_clk_i (rise edge)
                                  0.000000    0.000000   clock network delay (propagated)
                                  5.000000    5.000000 ^ input external delay
     1    0.002801    0.032253    0.015840    5.015841 ^ wb_rst_i (in)
                                                         wb_rst_i (net)
                      0.032253    0.000000    5.015841 ^ input1/A (sky130_fd_sc_hd__clkbuf_1)
     1    0.005679    0.123100    0.171121    5.186962 ^ input1/X (sky130_fd_sc_hd__clkbuf_1)
                                                         net1 (net)
                      0.123100    0.000413    5.187374 ^ _000_/A (sky130_fd_sc_hd__inv_2)
     1    0.002089    0.029686    0.066329    5.253703 v _000_/Y (sky130_fd_sc_hd__inv_2)
                                                         net22 (net)
                      0.029686    0.000093    5.253796 v output22/A (sky130_fd_sc_hd__buf_2)
     1    0.034229    0.166220    0.325308    5.579104 v output22/X (sky130_fd_sc_hd__buf_2)
                                                         rst_no (net)
                      0.166234    0.001632    5.580736 v rst_no (out)
                                              5.580736   data arrival time

                                 25.000000   25.000000   clock wb_clk_i (rise edge)
                                  0.000000   25.000000   clock network delay (propagated)
                                 -0.250000   24.750000   clock uncertainty
                                  0.000000   24.750000   clock reconvergence pessimism
                                 -5.000000   19.750000   output external delay
                                             19.750000   data required time
---------------------------------------------------------------------------------------------
                                             19.750000   data required time
                                             -5.580736   data arrival time
---------------------------------------------------------------------------------------------
                                             14.169264   slack (MET)


Startpoint: fft_done_i (input port clocked by wb_clk_i)
Endpoint: intr_vec_o[13] (output port clocked by wb_clk_i)
Path Group: wb_clk_i
Path Type: max

Fanout         Cap        Slew       Delay        Time   Description
---------------------------------------------------------------------------------------------
                                  0.000000    0.000000   clock wb_clk_i (rise edge)
                                  0.000000    0.000000   clock network delay (propagated)
                                  5.000000    5.000000 ^ input external delay
     2    0.010329    0.083412    0.054260    5.054260 ^ fft_done_i (in)
                                                         fft_done_i (net)
                      0.083418    0.000000    5.054260 ^ _266_/A (sky130_fd_sc_hd__clkbuf_1)
     1    0.002459    0.066685    0.151528    5.205788 ^ _266_/X (sky130_fd_sc_hd__clkbuf_1)
                                                         net6 (net)
                      0.066685    0.000167    5.205955 ^ output6/A (sky130_fd_sc_hd__buf_2)
     1    0.035223    0.279466    0.346198    5.552153 ^ output6/X (sky130_fd_sc_hd__buf_2)
                                                         intr_vec_o[13] (net)
                      0.279475    0.001875    5.554028 ^ intr_vec_o[13] (out)
                                              5.554028   data arrival time

                                 25.000000   25.000000   clock wb_clk_i (rise edge)
                                  0.000000   25.000000   clock network delay (propagated)
                                 -0.250000   24.750000   clock uncertainty
                                  0.000000   24.750000   clock reconvergence pessimism
                                 -5.000000   19.750000   output external delay
                                             19.750000   data required time
---------------------------------------------------------------------------------------------
                                             19.750000   data required time
                                             -5.554028   data arrival time
---------------------------------------------------------------------------------------------
                                             14.195971   slack (MET)


Startpoint: fft_done_i (input port clocked by wb_clk_i)
Endpoint: io_out[6] (output port clocked by wb_clk_i)
Path Group: wb_clk_i
Path Type: max

Fanout         Cap        Slew       Delay        Time   Description
---------------------------------------------------------------------------------------------
                                  0.000000    0.000000   clock wb_clk_i (rise edge)
                                  0.000000    0.000000   clock network delay (propagated)
                                  5.000000    5.000000 ^ input external delay
     2    0.010329    0.083412    0.054269    5.054269 ^ fft_done_i (in)
                                                         fft_done_i (net)
                      0.083418    0.000000    5.054269 ^ _272_/A (sky130_fd_sc_hd__clkbuf_1)
     1    0.002424    0.066099    0.151058    5.205327 ^ _272_/X (sky130_fd_sc_hd__clkbuf_1)
                                                         net21 (net)
                      0.066099    0.000164    5.205491 ^ output21/A (sky130_fd_sc_hd__buf_2)
     1    0.035079    0.278400    0.345163    5.550654 ^ output21/X (sky130_fd_sc_hd__buf_2)
                                                         io_out[6] (net)
                      0.278409    0.001877    5.552531 ^ io_out[6] (out)
                                              5.552531   data arrival time

                                 25.000000   25.000000   clock wb_clk_i (rise edge)
                                  0.000000   25.000000   clock network delay (propagated)
                                 -0.250000   24.750000   clock uncertainty
                                  0.000000   24.750000   clock reconvergence pessimism
                                 -5.000000   19.750000   output external delay
                                             19.750000   data required time
---------------------------------------------------------------------------------------------
                                             19.750000   data required time
                                             -5.552531   data arrival time
---------------------------------------------------------------------------------------------
                                             14.197469   slack (MET)


Startpoint: intr_uart_tx_watermark_i (input port clocked by wb_clk_i)
Endpoint: intr_vec_o[1] (output port clocked by wb_clk_i)
Path Group: wb_clk_i
Path Type: max

Fanout         Cap        Slew       Delay        Time   Description
---------------------------------------------------------------------------------------------
                                  0.000000    0.000000   clock wb_clk_i (rise edge)
                                  0.000000    0.000000   clock network delay (propagated)
                                  5.000000    5.000000 ^ input external delay
     1    0.010279    0.083060    0.054054    5.054054 ^ intr_uart_tx_watermark_i (in)
                                                         intr_uart_tx_watermark_i (net)
                      0.083066    0.000000    5.054054 ^ _254_/A (sky130_fd_sc_hd__clkbuf_1)
     1    0.002458    0.066675    0.151381    5.205435 ^ _254_/X (sky130_fd_sc_hd__clkbuf_1)
                                                         net8 (net)
                      0.066675    0.000157    5.205592 ^ output8/A (sky130_fd_sc_hd__buf_2)
     1    0.034151    0.271469    0.340665    5.546257 ^ output8/X (sky130_fd_sc_hd__buf_2)
                                                         intr_vec_o[1] (net)
                      0.271475    0.001648    5.547905 ^ intr_vec_o[1] (out)
                                              5.547905   data arrival time

                                 25.000000   25.000000   clock wb_clk_i (rise edge)
                                  0.000000   25.000000   clock network delay (propagated)
                                 -0.250000   24.750000   clock uncertainty
                                  0.000000   24.750000   clock reconvergence pessimism
                                 -5.000000   19.750000   output external delay
                                             19.750000   data required time
---------------------------------------------------------------------------------------------
                                             19.750000   data required time
                                             -5.547905   data arrival time
---------------------------------------------------------------------------------------------
                                             14.202094   slack (MET)


Startpoint: intr_uart_tx_empty_i (input port clocked by wb_clk_i)
Endpoint: intr_vec_o[2] (output port clocked by wb_clk_i)
Path Group: wb_clk_i
Path Type: max

Fanout         Cap        Slew       Delay        Time   Description
---------------------------------------------------------------------------------------------
                                  0.000000    0.000000   clock wb_clk_i (rise edge)
                                  0.000000    0.000000   clock network delay (propagated)
                                  5.000000    5.000000 ^ input external delay
     1    0.003632    0.037816    0.020233    5.020233 ^ intr_uart_tx_empty_i (in)
                                                         intr_uart_tx_empty_i (net)
                      0.037816    0.000000    5.020233 ^ _255_/A (sky130_fd_sc_hd__clkbuf_1)
     1    0.004845    0.108172    0.162875    5.183108 ^ _255_/X (sky130_fd_sc_hd__clkbuf_1)
                                                         net9 (net)
                      0.108172    0.000380    5.183488 ^ output9/A (sky130_fd_sc_hd__buf_2)
     1    0.034016    0.270530    0.359310    5.542798 ^ output9/X (sky130_fd_sc_hd__buf_2)
                                                         intr_vec_o[2] (net)
                      0.270535    0.001597    5.544395 ^ intr_vec_o[2] (out)
                                              5.544395   data arrival time

                                 25.000000   25.000000   clock wb_clk_i (rise edge)
                                  0.000000   25.000000   clock network delay (propagated)
                                 -0.250000   24.750000   clock uncertainty
                                  0.000000   24.750000   clock reconvergence pessimism
                                 -5.000000   19.750000   output external delay
                                             19.750000   data required time
---------------------------------------------------------------------------------------------
                                             19.750000   data required time
                                             -5.544395   data arrival time
---------------------------------------------------------------------------------------------
                                             14.205605   slack (MET)


Startpoint: intr_spi_host_idle_i (input port clocked by wb_clk_i)
Endpoint: intr_vec_o[12] (output port clocked by wb_clk_i)
Path Group: wb_clk_i
Path Type: max

Fanout         Cap        Slew       Delay        Time   Description
---------------------------------------------------------------------------------------------
                                  0.000000    0.000000   clock wb_clk_i (rise edge)
                                  0.000000    0.000000   clock network delay (propagated)
                                  5.000000    5.000000 ^ input external delay
     1    0.004451    0.043432    0.024640    5.024641 ^ intr_spi_host_idle_i (in)
                                                         intr_spi_host_idle_i (net)
                      0.043436    0.000000    5.024641 ^ _265_/A (sky130_fd_sc_hd__clkbuf_1)
     1    0.003137    0.078296    0.142864    5.167505 ^ _265_/X (sky130_fd_sc_hd__clkbuf_1)
                                                         net5 (net)
                      0.078296    0.000188    5.167693 ^ output5/A (sky130_fd_sc_hd__buf_2)
     1    0.034463    0.273791    0.347673    5.515366 ^ output5/X (sky130_fd_sc_hd__buf_2)
                                                         intr_vec_o[12] (net)
                      0.273796    0.001616    5.516981 ^ intr_vec_o[12] (out)
                                              5.516981   data arrival time

                                 25.000000   25.000000   clock wb_clk_i (rise edge)
                                  0.000000   25.000000   clock network delay (propagated)
                                 -0.250000   24.750000   clock uncertainty
                                  0.000000   24.750000   clock reconvergence pessimism
                                 -5.000000   19.750000   output external delay
                                             19.750000   data required time
---------------------------------------------------------------------------------------------
                                             19.750000   data required time
                                             -5.516981   data arrival time
---------------------------------------------------------------------------------------------
                                             14.233019   slack (MET)


Startpoint: intr_spi_host_tx_empty_i (input port clocked by wb_clk_i)
Endpoint: intr_vec_o[10] (output port clocked by wb_clk_i)
Path Group: wb_clk_i
Path Type: max

Fanout         Cap        Slew       Delay        Time   Description
---------------------------------------------------------------------------------------------
                                  0.000000    0.000000   clock wb_clk_i (rise edge)
                                  0.000000    0.000000   clock network delay (propagated)
                                  5.000000    5.000000 ^ input external delay
     1    0.003668    0.038056    0.020421    5.020422 ^ intr_spi_host_tx_empty_i (in)
                                                         intr_spi_host_tx_empty_i (net)
                      0.038056    0.000000    5.020422 ^ _263_/A (sky130_fd_sc_hd__clkbuf_1)
     1    0.003312    0.081312    0.142798    5.163220 ^ _263_/X (sky130_fd_sc_hd__clkbuf_1)
                                                         net3 (net)
                      0.081312    0.000204    5.163424 ^ output3/A (sky130_fd_sc_hd__buf_2)
     1    0.034968    0.277568    0.351665    5.515089 ^ output3/X (sky130_fd_sc_hd__buf_2)
                                                         intr_vec_o[10] (net)
                      0.277575    0.001739    5.516828 ^ intr_vec_o[10] (out)
                                              5.516828   data arrival time

                                 25.000000   25.000000   clock wb_clk_i (rise edge)
                                  0.000000   25.000000   clock network delay (propagated)
                                 -0.250000   24.750000   clock uncertainty
                                  0.000000   24.750000   clock reconvergence pessimism
                                 -5.000000   19.750000   output external delay
                                             19.750000   data required time
---------------------------------------------------------------------------------------------
                                             19.750000   data required time
                                             -5.516828   data arrival time
---------------------------------------------------------------------------------------------
                                             14.233171   slack (MET)


Startpoint: fft_error_i (input port clocked by wb_clk_i)
Endpoint: intr_vec_o[14] (output port clocked by wb_clk_i)
Path Group: wb_clk_i
Path Type: max

Fanout         Cap        Slew       Delay        Time   Description
---------------------------------------------------------------------------------------------
                                  0.000000    0.000000   clock wb_clk_i (rise edge)
                                  0.000000    0.000000   clock network delay (propagated)
                                  5.000000    5.000000 ^ input external delay
     1    0.004903    0.046534    0.027035    5.027035 ^ fft_error_i (in)
                                                         fft_error_i (net)
                      0.046538    0.000000    5.027035 ^ _267_/A (sky130_fd_sc_hd__clkbuf_1)
     1    0.002927    0.074687    0.141432    5.168467 ^ _267_/X (sky130_fd_sc_hd__clkbuf_1)
                                                         net7 (net)
                      0.074687    0.000181    5.168647 ^ output7/A (sky130_fd_sc_hd__buf_2)
     1    0.034527    0.274263    0.346350    5.514997 ^ output7/X (sky130_fd_sc_hd__buf_2)
                                                         intr_vec_o[14] (net)
                      0.274268    0.001623    5.516620 ^ intr_vec_o[14] (out)
                                              5.516620   data arrival time

                                 25.000000   25.000000   clock wb_clk_i (rise edge)
                                  0.000000   25.000000   clock network delay (propagated)
                                 -0.250000   24.750000   clock uncertainty
                                  0.000000   24.750000   clock reconvergence pessimism
                                 -5.000000   19.750000   output external delay
                                             19.750000   data required time
---------------------------------------------------------------------------------------------
                                             19.750000   data required time
                                             -5.516620   data arrival time
---------------------------------------------------------------------------------------------
                                             14.233379   slack (MET)


Startpoint: spi_sclk_i (input port clocked by wb_clk_i)
Endpoint: io_out[2] (output port clocked by wb_clk_i)
Path Group: wb_clk_i
Path Type: max

Fanout         Cap        Slew       Delay        Time   Description
---------------------------------------------------------------------------------------------
                                  0.000000    0.000000   clock wb_clk_i (rise edge)
                                  0.000000    0.000000   clock network delay (propagated)
                                  5.000000    5.000000 ^ input external delay
     1    0.004037    0.040571    0.022379    5.022378 ^ spi_sclk_i (in)
                                                         spi_sclk_i (net)
                      0.040585    0.000000    5.022378 ^ _269_/A (sky130_fd_sc_hd__clkbuf_1)
     1    0.002830    0.073030    0.137453    5.159832 ^ _269_/X (sky130_fd_sc_hd__clkbuf_1)
                                                         net18 (net)
                      0.073030    0.000174    5.160006 ^ output18/A (sky130_fd_sc_hd__buf_2)
     1    0.034641    0.275126    0.346116    5.506122 ^ output18/X (sky130_fd_sc_hd__buf_2)
                                                         io_out[2] (net)
                      0.275133    0.001742    5.507863 ^ io_out[2] (out)
                                              5.507863   data arrival time

                                 25.000000   25.000000   clock wb_clk_i (rise edge)
                                  0.000000   25.000000   clock network delay (propagated)
                                 -0.250000   24.750000   clock uncertainty
                                  0.000000   24.750000   clock reconvergence pessimism
                                 -5.000000   19.750000   output external delay
                                             19.750000   data required time
---------------------------------------------------------------------------------------------
                                             19.750000   data required time
                                             -5.507863   data arrival time
---------------------------------------------------------------------------------------------
                                             14.242137   slack (MET)


Startpoint: intr_uart_rx_overflow_i (input port clocked by wb_clk_i)
Endpoint: intr_vec_o[5] (output port clocked by wb_clk_i)
Path Group: wb_clk_i
Path Type: max

Fanout         Cap        Slew       Delay        Time   Description
---------------------------------------------------------------------------------------------
                                  0.000000    0.000000   clock wb_clk_i (rise edge)
                                  0.000000    0.000000   clock network delay (propagated)
                                  5.000000    5.000000 ^ input external delay
     1    0.004305    0.042423    0.023796    5.023796 ^ intr_uart_rx_overflow_i (in)
                                                         intr_uart_rx_overflow_i (net)
                      0.042425    0.000000    5.023796 ^ _258_/A (sky130_fd_sc_hd__clkbuf_1)
     1    0.002535    0.067971    0.134295    5.158092 ^ _258_/X (sky130_fd_sc_hd__clkbuf_1)
                                                         net12 (net)
                      0.067971    0.000164    5.158256 ^ output12/A (sky130_fd_sc_hd__buf_2)
     1    0.034599    0.274806    0.343588    5.501844 ^ output12/X (sky130_fd_sc_hd__buf_2)
                                                         intr_vec_o[5] (net)
                      0.274812    0.001724    5.503568 ^ intr_vec_o[5] (out)
                                              5.503568   data arrival time

                                 25.000000   25.000000   clock wb_clk_i (rise edge)
                                  0.000000   25.000000   clock network delay (propagated)
                                 -0.250000   24.750000   clock uncertainty
                                  0.000000   24.750000   clock reconvergence pessimism
                                 -5.000000   19.750000   output external delay
                                             19.750000   data required time
---------------------------------------------------------------------------------------------
                                             19.750000   data required time
                                             -5.503568   data arrival time
---------------------------------------------------------------------------------------------
                                             14.246432   slack (MET)


Startpoint: intr_uart_rx_timeout_i (input port clocked by wb_clk_i)
Endpoint: intr_vec_o[8] (output port clocked by wb_clk_i)
Path Group: wb_clk_i
Path Type: max

Fanout         Cap        Slew       Delay        Time   Description
---------------------------------------------------------------------------------------------
                                  0.000000    0.000000   clock wb_clk_i (rise edge)
                                  0.000000    0.000000   clock network delay (propagated)
                                  5.000000    5.000000 ^ input external delay
     1    0.004013    0.040412    0.022254    5.022254 ^ intr_uart_rx_timeout_i (in)
                                                         intr_uart_rx_timeout_i (net)
                      0.040425    0.000000    5.022254 ^ _261_/A (sky130_fd_sc_hd__clkbuf_1)
     1    0.002596    0.069005    0.134215    5.156469 ^ _261_/X (sky130_fd_sc_hd__clkbuf_1)
                                                         net15 (net)
                      0.069005    0.000170    5.156639 ^ output15/A (sky130_fd_sc_hd__buf_2)
     1    0.034599    0.274807    0.344062    5.500701 ^ output15/X (sky130_fd_sc_hd__buf_2)
                                                         intr_vec_o[8] (net)
                      0.274814    0.001724    5.502425 ^ intr_vec_o[8] (out)
                                              5.502425   data arrival time

                                 25.000000   25.000000   clock wb_clk_i (rise edge)
                                  0.000000   25.000000   clock network delay (propagated)
                                 -0.250000   24.750000   clock uncertainty
                                  0.000000   24.750000   clock reconvergence pessimism
                                 -5.000000   19.750000   output external delay
                                             19.750000   data required time
---------------------------------------------------------------------------------------------
                                             19.750000   data required time
                                             -5.502425   data arrival time
---------------------------------------------------------------------------------------------
                                             14.247574   slack (MET)


Startpoint: intr_uart_rx_break_err_i (input port clocked by wb_clk_i)
Endpoint: intr_vec_o[7] (output port clocked by wb_clk_i)
Path Group: wb_clk_i
Path Type: max

Fanout         Cap        Slew       Delay        Time   Description
---------------------------------------------------------------------------------------------
                                  0.000000    0.000000   clock wb_clk_i (rise edge)
                                  0.000000    0.000000   clock network delay (propagated)
                                  5.000000    5.000000 ^ input external delay
     1    0.003805    0.038990    0.021149    5.021150 ^ intr_uart_rx_break_err_i (in)
                                                         intr_uart_rx_break_err_i (net)
                      0.038990    0.000000    5.021150 ^ _260_/A (sky130_fd_sc_hd__clkbuf_1)
     1    0.002440    0.066365    0.131471    5.152621 ^ _260_/X (sky130_fd_sc_hd__clkbuf_1)
                                                         net14 (net)
                      0.066365    0.000157    5.152778 ^ output14/A (sky130_fd_sc_hd__buf_2)
     1    0.034010    0.270409    0.339806    5.492584 ^ output14/X (sky130_fd_sc_hd__buf_2)
                                                         intr_vec_o[7] (net)
                      0.270414    0.001597    5.494180 ^ intr_vec_o[7] (out)
                                              5.494180   data arrival time

                                 25.000000   25.000000   clock wb_clk_i (rise edge)
                                  0.000000   25.000000   clock network delay (propagated)
                                 -0.250000   24.750000   clock uncertainty
                                  0.000000   24.750000   clock reconvergence pessimism
                                 -5.000000   19.750000   output external delay
                                             19.750000   data required time
---------------------------------------------------------------------------------------------
                                             19.750000   data required time
                                             -5.494180   data arrival time
---------------------------------------------------------------------------------------------
                                             14.255819   slack (MET)


Startpoint: spi_mosi_i (input port clocked by wb_clk_i)
Endpoint: io_out[4] (output port clocked by wb_clk_i)
Path Group: wb_clk_i
Path Type: max

Fanout         Cap        Slew       Delay        Time   Description
---------------------------------------------------------------------------------------------
                                  0.000000    0.000000   clock wb_clk_i (rise edge)
                                  0.000000    0.000000   clock network delay (propagated)
                                  5.000000    5.000000 ^ input external delay
     1    0.003633    0.037821    0.020245    5.020245 ^ spi_mosi_i (in)
                                                         spi_mosi_i (net)
                      0.037821    0.000000    5.020245 ^ _271_/A (sky130_fd_sc_hd__clkbuf_1)
     1    0.002237    0.062966    0.128225    5.148470 ^ _271_/X (sky130_fd_sc_hd__clkbuf_1)
                                                         net20 (net)
                      0.062966    0.000104    5.148574 ^ output20/A (sky130_fd_sc_hd__buf_2)
     1    0.034081    0.270934    0.338628    5.487202 ^ output20/X (sky130_fd_sc_hd__buf_2)
                                                         io_out[4] (net)
                      0.270939    0.001598    5.488800 ^ io_out[4] (out)
                                              5.488800   data arrival time

                                 25.000000   25.000000   clock wb_clk_i (rise edge)
                                  0.000000   25.000000   clock network delay (propagated)
                                 -0.250000   24.750000   clock uncertainty
                                  0.000000   24.750000   clock reconvergence pessimism
                                 -5.000000   19.750000   output external delay
                                             19.750000   data required time
---------------------------------------------------------------------------------------------
                                             19.750000   data required time
                                             -5.488800   data arrival time
---------------------------------------------------------------------------------------------
                                             14.261200   slack (MET)


Startpoint: plic_irq_i (input port clocked by wb_clk_i)
Endpoint: user_irq[0] (output port clocked by wb_clk_i)
Path Group: wb_clk_i
Path Type: max

Fanout         Cap        Slew       Delay        Time   Description
---------------------------------------------------------------------------------------------
                                  0.000000    0.000000   clock wb_clk_i (rise edge)
                                  0.000000    0.000000   clock network delay (propagated)
                                  5.000000    5.000000 ^ input external delay
     1    0.003379    0.036105    0.018893    5.018893 ^ plic_irq_i (in)
                                                         plic_irq_i (net)
                      0.036105    0.000000    5.018893 ^ _275_/A (sky130_fd_sc_hd__clkbuf_1)
     1    0.002258    0.063307    0.127713    5.146607 ^ _275_/X (sky130_fd_sc_hd__clkbuf_1)
                                                         net25 (net)
                      0.063307    0.000163    5.146770 ^ output25/A (sky130_fd_sc_hd__buf_2)
     1    0.034132    0.271311    0.339046    5.485816 ^ output25/X (sky130_fd_sc_hd__buf_2)
                                                         user_irq[0] (net)
                      0.271317    0.001607    5.487422 ^ user_irq[0] (out)
                                              5.487422   data arrival time

                                 25.000000   25.000000   clock wb_clk_i (rise edge)
                                  0.000000   25.000000   clock network delay (propagated)
                                 -0.250000   24.750000   clock uncertainty
                                  0.000000   24.750000   clock reconvergence pessimism
                                 -5.000000   19.750000   output external delay
                                             19.750000   data required time
---------------------------------------------------------------------------------------------
                                             19.750000   data required time
                                             -5.487422   data arrival time
---------------------------------------------------------------------------------------------
                                             14.262577   slack (MET)



