
===========================================================================
report_checks -path_delay min (Hold)
============================================================================
======================= max_ss_100C_1v60 Corner ===================================

Startpoint: wb_clk_i (clock source 'wb_clk_i')
Endpoint: clk_o (output port clocked by wb_clk_i)
Path Group: wb_clk_i
Path Type: min

Fanout         Cap        Slew       Delay        Time   Description
---------------------------------------------------------------------------------------------
                                  0.000000    0.000000   clock wb_clk_i (rise edge)
                                  0.000000    0.000000   clock source latency
     1    0.004649    0.044795    0.025628    0.025628 ^ wb_clk_i (in)
                                                         wb_clk_i (net)
                      0.044796    0.000000    0.025628 ^ _253_/A (sky130_fd_sc_hd__buf_2)
     1    0.018477    0.155230    0.247544    0.273172 ^ _253_/X (sky130_fd_sc_hd__buf_2)
                                                         net2 (net)
                      0.155352    0.002406    0.275578 ^ output2/A (sky130_fd_sc_hd__buf_1)
     1    0.034080    0.638215    0.593007    0.868585 ^ output2/X (sky130_fd_sc_hd__buf_1)
                                                         clk_o (net)
                      0.638220    0.001616    0.870200 ^ clk_o (out)
                                              0.870200   data arrival time

                                  0.000000    0.000000   clock wb_clk_i (rise edge)
                                  0.000000    0.000000   clock network delay (propagated)
                                  0.250000    0.250000   clock uncertainty
                                  0.000000    0.250000   clock reconvergence pessimism
                                 -5.000000   -4.750000   output external delay
                                             -4.750000   data required time
---------------------------------------------------------------------------------------------
                                             -4.750000   data required time
                                             -0.870200   data arrival time
---------------------------------------------------------------------------------------------
                                              5.620201   slack (MET)


Startpoint: plic_irq_i (input port clocked by wb_clk_i)
Endpoint: user_irq[0] (output port clocked by wb_clk_i)
Path Group: wb_clk_i
Path Type: min

Fanout         Cap        Slew       Delay        Time   Description
---------------------------------------------------------------------------------------------
                                  0.000000    0.000000   clock wb_clk_i (rise edge)
                                  0.000000    0.000000   clock network delay (propagated)
                                  5.000000    5.000000 v input external delay
     1    0.003250    0.020191    0.010695    5.010695 v plic_irq_i (in)
                                                         plic_irq_i (net)
                      0.020192    0.000000    5.010695 v _275_/A (sky130_fd_sc_hd__clkbuf_1)
     1    0.002130    0.043759    0.131229    5.141924 v _275_/X (sky130_fd_sc_hd__clkbuf_1)
                                                         net25 (net)
                      0.043759    0.000152    5.142076 v output25/A (sky130_fd_sc_hd__buf_2)
     1    0.034132    0.165760    0.331460    5.473536 v output25/X (sky130_fd_sc_hd__buf_2)
                                                         user_irq[0] (net)
                      0.165773    0.001607    5.475143 v user_irq[0] (out)
                                              5.475143   data arrival time

                                  0.000000    0.000000   clock wb_clk_i (rise edge)
                                  0.000000    0.000000   clock network delay (propagated)
                                  0.250000    0.250000   clock uncertainty
                                  0.000000    0.250000   clock reconvergence pessimism
                                 -5.000000   -4.750000   output external delay
                                             -4.750000   data required time
---------------------------------------------------------------------------------------------
                                             -4.750000   data required time
                                             -5.475143   data arrival time
---------------------------------------------------------------------------------------------
                                             10.225143   slack (MET)


Startpoint: spi_mosi_i (input port clocked by wb_clk_i)
Endpoint: io_out[4] (output port clocked by wb_clk_i)
Path Group: wb_clk_i
Path Type: min

Fanout         Cap        Slew       Delay        Time   Description
---------------------------------------------------------------------------------------------
                                  0.000000    0.000000   clock wb_clk_i (rise edge)
                                  0.000000    0.000000   clock network delay (propagated)
                                  5.000000    5.000000 v input external delay
     1    0.003504    0.021183    0.011506    5.011506 v spi_mosi_i (in)
                                                         spi_mosi_i (net)
                      0.021184    0.000000    5.011506 v _271_/A (sky130_fd_sc_hd__clkbuf_1)
     1    0.002109    0.043571    0.131459    5.142965 v _271_/X (sky130_fd_sc_hd__clkbuf_1)
                                                         net20 (net)
                      0.043571    0.000098    5.143064 v output20/A (sky130_fd_sc_hd__buf_2)
     1    0.034081    0.165558    0.331219    5.474282 v output20/X (sky130_fd_sc_hd__buf_2)
                                                         io_out[4] (net)
                      0.165571    0.001597    5.475880 v io_out[4] (out)
                                              5.475880   data arrival time

                                  0.000000    0.000000   clock wb_clk_i (rise edge)
                                  0.000000    0.000000   clock network delay (propagated)
                                  0.250000    0.250000   clock uncertainty
                                  0.000000    0.250000   clock reconvergence pessimism
                                 -5.000000   -4.750000   output external delay
                                             -4.750000   data required time
---------------------------------------------------------------------------------------------
                                             -4.750000   data required time
                                             -5.475880   data arrival time
---------------------------------------------------------------------------------------------
                                             10.225879   slack (MET)


Startpoint: intr_uart_rx_break_err_i (input port clocked by wb_clk_i)
Endpoint: intr_vec_o[7] (output port clocked by wb_clk_i)
Path Group: wb_clk_i
Path Type: min

Fanout         Cap        Slew       Delay        Time   Description
---------------------------------------------------------------------------------------------
                                  0.000000    0.000000   clock wb_clk_i (rise edge)
                                  0.000000    0.000000   clock network delay (propagated)
                                  5.000000    5.000000 v input external delay
     1    0.003676    0.021858    0.012045    5.012045 v intr_uart_rx_break_err_i (in)
                                                         intr_uart_rx_break_err_i (net)
                      0.021859    0.000000    5.012045 v _260_/A (sky130_fd_sc_hd__clkbuf_1)
     1    0.002312    0.045516    0.133689    5.145733 v _260_/X (sky130_fd_sc_hd__clkbuf_1)
                                                         net14 (net)
                      0.045516    0.000146    5.145879 v output14/A (sky130_fd_sc_hd__buf_2)
     1    0.034010    0.165266    0.331881    5.477761 v output14/X (sky130_fd_sc_hd__buf_2)
                                                         intr_vec_o[7] (net)
                      0.165279    0.001596    5.479357 v intr_vec_o[7] (out)
                                              5.479357   data arrival time

                                  0.000000    0.000000   clock wb_clk_i (rise edge)
                                  0.000000    0.000000   clock network delay (propagated)
                                  0.250000    0.250000   clock uncertainty
                                  0.000000    0.250000   clock reconvergence pessimism
                                 -5.000000   -4.750000   output external delay
                                             -4.750000   data required time
---------------------------------------------------------------------------------------------
                                             -4.750000   data required time
                                             -5.479357   data arrival time
---------------------------------------------------------------------------------------------
                                             10.229357   slack (MET)


Startpoint: intr_uart_rx_timeout_i (input port clocked by wb_clk_i)
Endpoint: intr_vec_o[8] (output port clocked by wb_clk_i)
Path Group: wb_clk_i
Path Type: min

Fanout         Cap        Slew       Delay        Time   Description
---------------------------------------------------------------------------------------------
                                  0.000000    0.000000   clock wb_clk_i (rise edge)
                                  0.000000    0.000000   clock network delay (propagated)
                                  5.000000    5.000000 v input external delay
     1    0.003884    0.022681    0.012705    5.012705 v intr_uart_rx_timeout_i (in)
                                                         intr_uart_rx_timeout_i (net)
                      0.022691    0.000000    5.012705 v _261_/A (sky130_fd_sc_hd__clkbuf_1)
     1    0.002468    0.047046    0.135538    5.148243 v _261_/X (sky130_fd_sc_hd__clkbuf_1)
                                                         net15 (net)
                      0.047046    0.000159    5.148402 v output15/A (sky130_fd_sc_hd__buf_2)
     1    0.034599    0.167622    0.334384    5.482786 v output15/X (sky130_fd_sc_hd__buf_2)
                                                         intr_vec_o[8] (net)
                      0.167638    0.001723    5.484509 v intr_vec_o[8] (out)
                                              5.484509   data arrival time

                                  0.000000    0.000000   clock wb_clk_i (rise edge)
                                  0.000000    0.000000   clock network delay (propagated)
                                  0.250000    0.250000   clock uncertainty
                                  0.000000    0.250000   clock reconvergence pessimism
                                 -5.000000   -4.750000   output external delay
                                             -4.750000   data required time
---------------------------------------------------------------------------------------------
                                             -4.750000   data required time
                                             -5.484509   data arrival time
---------------------------------------------------------------------------------------------
                                             10.234509   slack (MET)


Startpoint: intr_uart_rx_overflow_i (input port clocked by wb_clk_i)
Endpoint: intr_vec_o[5] (output port clocked by wb_clk_i)
Path Group: wb_clk_i
Path Type: min

Fanout         Cap        Slew       Delay        Time   Description
---------------------------------------------------------------------------------------------
                                  0.000000    0.000000   clock wb_clk_i (rise edge)
                                  0.000000    0.000000   clock network delay (propagated)
                                  5.000000    5.000000 v input external delay
     1    0.004176    0.023847    0.013626    5.013627 v intr_uart_rx_overflow_i (in)
                                                         intr_uart_rx_overflow_i (net)
                      0.023849    0.000000    5.013627 v _258_/A (sky130_fd_sc_hd__clkbuf_1)
     1    0.002407    0.046451    0.135436    5.149063 v _258_/X (sky130_fd_sc_hd__clkbuf_1)
                                                         net12 (net)
                      0.046451    0.000154    5.149216 v output12/A (sky130_fd_sc_hd__buf_2)
     1    0.034599    0.167625    0.334111    5.483328 v output12/X (sky130_fd_sc_hd__buf_2)
                                                         intr_vec_o[5] (net)
                      0.167641    0.001723    5.485050 v intr_vec_o[5] (out)
                                              5.485050   data arrival time

                                  0.000000    0.000000   clock wb_clk_i (rise edge)
                                  0.000000    0.000000   clock network delay (propagated)
                                  0.250000    0.250000   clock uncertainty
                                  0.000000    0.250000   clock reconvergence pessimism
                                 -5.000000   -4.750000   output external delay
                                             -4.750000   data required time
---------------------------------------------------------------------------------------------
                                             -4.750000   data required time
                                             -5.485050   data arrival time
---------------------------------------------------------------------------------------------
                                             10.235050   slack (MET)


Startpoint: spi_sclk_i (input port clocked by wb_clk_i)
Endpoint: io_out[2] (output port clocked by wb_clk_i)
Path Group: wb_clk_i
Path Type: min

Fanout         Cap        Slew       Delay        Time   Description
---------------------------------------------------------------------------------------------
                                  0.000000    0.000000   clock wb_clk_i (rise edge)
                                  0.000000    0.000000   clock network delay (propagated)
                                  5.000000    5.000000 v input external delay
     1    0.003908    0.022773    0.012780    5.012780 v spi_sclk_i (in)
                                                         spi_sclk_i (net)
                      0.022783    0.000000    5.012780 v _269_/A (sky130_fd_sc_hd__clkbuf_1)
     1    0.002702    0.049398    0.137847    5.150627 v _269_/X (sky130_fd_sc_hd__clkbuf_1)
                                                         net18 (net)
                      0.049398    0.000163    5.150790 v output18/A (sky130_fd_sc_hd__buf_2)
     1    0.034641    0.167781    0.335583    5.486373 v output18/X (sky130_fd_sc_hd__buf_2)
                                                         io_out[2] (net)
                      0.167798    0.001741    5.488114 v io_out[2] (out)
                                              5.488114   data arrival time

                                  0.000000    0.000000   clock wb_clk_i (rise edge)
                                  0.000000    0.000000   clock network delay (propagated)
                                  0.250000    0.250000   clock uncertainty
                                  0.000000    0.250000   clock reconvergence pessimism
                                 -5.000000   -4.750000   output external delay
                                             -4.750000   data required time
---------------------------------------------------------------------------------------------
                                             -4.750000   data required time
                                             -5.488114   data arrival time
---------------------------------------------------------------------------------------------
                                             10.238113   slack (MET)


Startpoint: fft_error_i (input port clocked by wb_clk_i)
Endpoint: intr_vec_o[14] (output port clocked by wb_clk_i)
Path Group: wb_clk_i
Path Type: min

Fanout         Cap        Slew       Delay        Time   Description
---------------------------------------------------------------------------------------------
                                  0.000000    0.000000   clock wb_clk_i (rise edge)
                                  0.000000    0.000000   clock network delay (propagated)
                                  5.000000    5.000000 v input external delay
     1    0.004774    0.026237    0.015585    5.015585 v fft_error_i (in)
                                                         fft_error_i (net)
                      0.026243    0.000000    5.015585 v _267_/A (sky130_fd_sc_hd__clkbuf_1)
     1    0.002799    0.050377    0.140227    5.155813 v _267_/X (sky130_fd_sc_hd__clkbuf_1)
                                                         net7 (net)
                      0.050377    0.000170    5.155983 v output7/A (sky130_fd_sc_hd__buf_2)
     1    0.034527    0.167296    0.335745    5.491728 v output7/X (sky130_fd_sc_hd__buf_2)
                                                         intr_vec_o[14] (net)
                      0.167309    0.001622    5.493350 v intr_vec_o[14] (out)
                                              5.493350   data arrival time

                                  0.000000    0.000000   clock wb_clk_i (rise edge)
                                  0.000000    0.000000   clock network delay (propagated)
                                  0.250000    0.250000   clock uncertainty
                                  0.000000    0.250000   clock reconvergence pessimism
                                 -5.000000   -4.750000   output external delay
                                             -4.750000   data required time
---------------------------------------------------------------------------------------------
                                             -4.750000   data required time
                                             -5.493350   data arrival time
---------------------------------------------------------------------------------------------
                                             10.243350   slack (MET)


Startpoint: intr_spi_host_idle_i (input port clocked by wb_clk_i)
Endpoint: intr_vec_o[12] (output port clocked by wb_clk_i)
Path Group: wb_clk_i
Path Type: min

Fanout         Cap        Slew       Delay        Time   Description
---------------------------------------------------------------------------------------------
                                  0.000000    0.000000   clock wb_clk_i (rise edge)
                                  0.000000    0.000000   clock network delay (propagated)
                                  5.000000    5.000000 v input external delay
     1    0.004322    0.024436    0.014156    5.014156 v intr_spi_host_idle_i (in)
                                                         intr_spi_host_idle_i (net)
                      0.024441    0.000000    5.014156 v _265_/A (sky130_fd_sc_hd__clkbuf_1)
     1    0.003009    0.052507    0.141501    5.155656 v _265_/X (sky130_fd_sc_hd__clkbuf_1)
                                                         net5 (net)
                      0.052507    0.000177    5.155833 v output5/A (sky130_fd_sc_hd__buf_2)
     1    0.034463    0.167029    0.336525    5.492358 v output5/X (sky130_fd_sc_hd__buf_2)
                                                         intr_vec_o[12] (net)
                      0.167043    0.001615    5.493973 v intr_vec_o[12] (out)
                                              5.493973   data arrival time

                                  0.000000    0.000000   clock wb_clk_i (rise edge)
                                  0.000000    0.000000   clock network delay (propagated)
                                  0.250000    0.250000   clock uncertainty
                                  0.000000    0.250000   clock reconvergence pessimism
                                 -5.000000   -4.750000   output external delay
                                             -4.750000   data required time
---------------------------------------------------------------------------------------------
                                             -4.750000   data required time
                                             -5.493973   data arrival time
---------------------------------------------------------------------------------------------
                                             10.243973   slack (MET)


Startpoint: intr_spi_host_tx_empty_i (input port clocked by wb_clk_i)
Endpoint: intr_vec_o[10] (output port clocked by wb_clk_i)
Path Group: wb_clk_i
Path Type: min

Fanout         Cap        Slew       Delay        Time   Description
---------------------------------------------------------------------------------------------
                                  0.000000    0.000000   clock wb_clk_i (rise edge)
                                  0.000000    0.000000   clock network delay (propagated)
                                  5.000000    5.000000 v input external delay
     1    0.003539    0.021318    0.011609    5.011609 v intr_spi_host_tx_empty_i (in)
                                                         intr_spi_host_tx_empty_i (net)
                      0.021319    0.000000    5.011609 v _263_/A (sky130_fd_sc_hd__clkbuf_1)
     1    0.003184    0.054281    0.141875    5.153484 v _263_/X (sky130_fd_sc_hd__clkbuf_1)
                                                         net3 (net)
                      0.054281    0.000193    5.153677 v output3/A (sky130_fd_sc_hd__buf_2)
     1    0.034968    0.169055    0.338862    5.492539 v output3/X (sky130_fd_sc_hd__buf_2)
                                                         intr_vec_o[10] (net)
                      0.169071    0.001738    5.494277 v intr_vec_o[10] (out)
                                              5.494277   data arrival time

                                  0.000000    0.000000   clock wb_clk_i (rise edge)
                                  0.000000    0.000000   clock network delay (propagated)
                                  0.250000    0.250000   clock uncertainty
                                  0.000000    0.250000   clock reconvergence pessimism
                                 -5.000000   -4.750000   output external delay
                                             -4.750000   data required time
---------------------------------------------------------------------------------------------
                                             -4.750000   data required time
                                             -5.494277   data arrival time
---------------------------------------------------------------------------------------------
                                             10.244277   slack (MET)


Startpoint: intr_uart_tx_watermark_i (input port clocked by wb_clk_i)
Endpoint: intr_vec_o[1] (output port clocked by wb_clk_i)
Path Group: wb_clk_i
Path Type: min

Fanout         Cap        Slew       Delay        Time   Description
---------------------------------------------------------------------------------------------
                                  0.000000    0.000000   clock wb_clk_i (rise edge)
                                  0.000000    0.000000   clock network delay (propagated)
                                  5.000000    5.000000 v input external delay
     1    0.010150    0.047994    0.032049    5.032049 v intr_uart_tx_watermark_i (in)
                                                         intr_uart_tx_watermark_i (net)
                      0.048004    0.000000    5.032049 v _254_/A (sky130_fd_sc_hd__clkbuf_1)
     1    0.002330    0.045699    0.145476    5.177525 v _254_/X (sky130_fd_sc_hd__clkbuf_1)
                                                         net8 (net)
                      0.045699    0.000147    5.177671 v output8/A (sky130_fd_sc_hd__buf_2)
     1    0.034151    0.165838    0.332383    5.510055 v output8/X (sky130_fd_sc_hd__buf_2)
                                                         intr_vec_o[1] (net)
                      0.165853    0.001647    5.511702 v intr_vec_o[1] (out)
                                              5.511702   data arrival time

                                  0.000000    0.000000   clock wb_clk_i (rise edge)
                                  0.000000    0.000000   clock network delay (propagated)
                                  0.250000    0.250000   clock uncertainty
                                  0.000000    0.250000   clock reconvergence pessimism
                                 -5.000000   -4.750000   output external delay
                                             -4.750000   data required time
---------------------------------------------------------------------------------------------
                                             -4.750000   data required time
                                             -5.511702   data arrival time
---------------------------------------------------------------------------------------------
                                             10.261702   slack (MET)


Startpoint: intr_uart_tx_empty_i (input port clocked by wb_clk_i)
Endpoint: intr_vec_o[2] (output port clocked by wb_clk_i)
Path Group: wb_clk_i
Path Type: min

Fanout         Cap        Slew       Delay        Time   Description
---------------------------------------------------------------------------------------------
                                  0.000000    0.000000   clock wb_clk_i (rise edge)
                                  0.000000    0.000000   clock network delay (propagated)
                                  5.000000    5.000000 v input external delay
     1    0.003503    0.021180    0.011496    5.011496 v intr_uart_tx_empty_i (in)
                                                         intr_uart_tx_empty_i (net)
                      0.021180    0.000000    5.011496 v _255_/A (sky130_fd_sc_hd__clkbuf_1)
     1    0.004717    0.069638    0.155686    5.167182 v _255_/X (sky130_fd_sc_hd__clkbuf_1)
                                                         net9 (net)
                      0.069638    0.000366    5.167548 v output9/A (sky130_fd_sc_hd__buf_2)
     1    0.034016    0.165176    0.342954    5.510502 v output9/X (sky130_fd_sc_hd__buf_2)
                                                         intr_vec_o[2] (net)
                      0.165190    0.001597    5.512098 v intr_vec_o[2] (out)
                                              5.512098   data arrival time

                                  0.000000    0.000000   clock wb_clk_i (rise edge)
                                  0.000000    0.000000   clock network delay (propagated)
                                  0.250000    0.250000   clock uncertainty
                                  0.000000    0.250000   clock reconvergence pessimism
                                 -5.000000   -4.750000   output external delay
                                             -4.750000   data required time
---------------------------------------------------------------------------------------------
                                             -4.750000   data required time
                                             -5.512098   data arrival time
---------------------------------------------------------------------------------------------
                                             10.262099   slack (MET)


Startpoint: fft_done_i (input port clocked by wb_clk_i)
Endpoint: io_out[6] (output port clocked by wb_clk_i)
Path Group: wb_clk_i
Path Type: min

Fanout         Cap        Slew       Delay        Time   Description
---------------------------------------------------------------------------------------------
                                  0.000000    0.000000   clock wb_clk_i (rise edge)
                                  0.000000    0.000000   clock network delay (propagated)
                                  5.000000    5.000000 v input external delay
     2    0.010071    0.047682    0.031774    5.031774 v fft_done_i (in)
                                                         fft_done_i (net)
                      0.047692    0.000000    5.031774 v _272_/A (sky130_fd_sc_hd__clkbuf_1)
     1    0.002296    0.045368    0.145000    5.176774 v _272_/X (sky130_fd_sc_hd__clkbuf_1)
                                                         net21 (net)
                      0.045368    0.000153    5.176927 v output21/A (sky130_fd_sc_hd__buf_2)
     1    0.035079    0.169578    0.335034    5.511961 v output21/X (sky130_fd_sc_hd__buf_2)
                                                         io_out[6] (net)
                      0.169598    0.001876    5.513837 v io_out[6] (out)
                                              5.513837   data arrival time

                                  0.000000    0.000000   clock wb_clk_i (rise edge)
                                  0.000000    0.000000   clock network delay (propagated)
                                  0.250000    0.250000   clock uncertainty
                                  0.000000    0.250000   clock reconvergence pessimism
                                 -5.000000   -4.750000   output external delay
                                             -4.750000   data required time
---------------------------------------------------------------------------------------------
                                             -4.750000   data required time
                                             -5.513837   data arrival time
---------------------------------------------------------------------------------------------
                                             10.263836   slack (MET)


Startpoint: fft_done_i (input port clocked by wb_clk_i)
Endpoint: intr_vec_o[13] (output port clocked by wb_clk_i)
Path Group: wb_clk_i
Path Type: min

Fanout         Cap        Slew       Delay        Time   Description
---------------------------------------------------------------------------------------------
                                  0.000000    0.000000   clock wb_clk_i (rise edge)
                                  0.000000    0.000000   clock network delay (propagated)
                                  5.000000    5.000000 v input external delay
     2    0.010071    0.047682    0.031765    5.031765 v fft_done_i (in)
                                                         fft_done_i (net)
                      0.047692    0.000000    5.031765 v _266_/A (sky130_fd_sc_hd__clkbuf_1)
     1    0.002331    0.045704    0.145334    5.177100 v _266_/X (sky130_fd_sc_hd__clkbuf_1)
                                                         net6 (net)
                      0.045704    0.000156    5.177256 v output6/A (sky130_fd_sc_hd__buf_2)
     1    0.035223    0.170144    0.335651    5.512907 v output6/X (sky130_fd_sc_hd__buf_2)
                                                         intr_vec_o[13] (net)
                      0.170164    0.001874    5.514781 v intr_vec_o[13] (out)
                                              5.514781   data arrival time

                                  0.000000    0.000000   clock wb_clk_i (rise edge)
                                  0.000000    0.000000   clock network delay (propagated)
                                  0.250000    0.250000   clock uncertainty
                                  0.000000    0.250000   clock reconvergence pessimism
                                 -5.000000   -4.750000   output external delay
                                             -4.750000   data required time
---------------------------------------------------------------------------------------------
                                             -4.750000   data required time
                                             -5.514781   data arrival time
---------------------------------------------------------------------------------------------
                                             10.264781   slack (MET)


Startpoint: intr_uart_rx_parity_err_i (input port clocked by wb_clk_i)
Endpoint: intr_vec_o[9] (output port clocked by wb_clk_i)
Path Group: wb_clk_i
Path Type: min

Fanout         Cap        Slew       Delay        Time   Description
---------------------------------------------------------------------------------------------
                                  0.000000    0.000000   clock wb_clk_i (rise edge)
                                  0.000000    0.000000   clock network delay (propagated)
                                  5.000000    5.000000 v input external delay
     1    0.013872    0.063102    0.043608    5.043608 v intr_uart_rx_parity_err_i (in)
                                                         intr_uart_rx_parity_err_i (net)
                      0.063139    0.000000    5.043608 v _262_/A (sky130_fd_sc_hd__clkbuf_1)
     1    0.002587    0.048204    0.154799    5.198408 v _262_/X (sky130_fd_sc_hd__clkbuf_1)
                                                         net16 (net)
                      0.048204    0.000160    5.198567 v output16/A (sky130_fd_sc_hd__buf_2)
     1    0.034145    0.165789    0.333539    5.532106 v output16/X (sky130_fd_sc_hd__buf_2)
                                                         intr_vec_o[9] (net)
                      0.165803    0.001607    5.533713 v intr_vec_o[9] (out)
                                              5.533713   data arrival time

                                  0.000000    0.000000   clock wb_clk_i (rise edge)
                                  0.000000    0.000000   clock network delay (propagated)
                                  0.250000    0.250000   clock uncertainty
                                  0.000000    0.250000   clock reconvergence pessimism
                                 -5.000000   -4.750000   output external delay
                                             -4.750000   data required time
---------------------------------------------------------------------------------------------
                                             -4.750000   data required time
                                             -5.533713   data arrival time
---------------------------------------------------------------------------------------------
                                             10.283712   slack (MET)


Startpoint: intr_uart_rx_watermark_i (input port clocked by wb_clk_i)
Endpoint: intr_vec_o[3] (output port clocked by wb_clk_i)
Path Group: wb_clk_i
Path Type: min

Fanout         Cap        Slew       Delay        Time   Description
---------------------------------------------------------------------------------------------
                                  0.000000    0.000000   clock wb_clk_i (rise edge)
                                  0.000000    0.000000   clock network delay (propagated)
                                  5.000000    5.000000 v input external delay
     1    0.012484    0.057572    0.039237    5.039237 v intr_uart_rx_watermark_i (in)
                                                         intr_uart_rx_watermark_i (net)
                      0.057588    0.000000    5.039237 v _256_/A (sky130_fd_sc_hd__clkbuf_1)
     1    0.003211    0.054520    0.158265    5.197502 v _256_/X (sky130_fd_sc_hd__clkbuf_1)
                                                         net10 (net)
                      0.054520    0.000230    5.197731 v output10/A (sky130_fd_sc_hd__buf_2)
     1    0.034159    0.165826    0.336449    5.534180 v output10/X (sky130_fd_sc_hd__buf_2)
                                                         intr_vec_o[3] (net)
                      0.165840    0.001648    5.535828 v intr_vec_o[3] (out)
                                              5.535828   data arrival time

                                  0.000000    0.000000   clock wb_clk_i (rise edge)
                                  0.000000    0.000000   clock network delay (propagated)
                                  0.250000    0.250000   clock uncertainty
                                  0.000000    0.250000   clock reconvergence pessimism
                                 -5.000000   -4.750000   output external delay
                                             -4.750000   data required time
---------------------------------------------------------------------------------------------
                                             -4.750000   data required time
                                             -5.535828   data arrival time
---------------------------------------------------------------------------------------------
                                             10.285828   slack (MET)


Startpoint: io_in[5] (input port clocked by wb_clk_i)
Endpoint: spi_miso_o (output port clocked by wb_clk_i)
Path Group: wb_clk_i
Path Type: min

Fanout         Cap        Slew       Delay        Time   Description
---------------------------------------------------------------------------------------------
                                  0.000000    0.000000   clock wb_clk_i (rise edge)
                                  0.000000    0.000000   clock network delay (propagated)
                                  5.000000    5.000000 v input external delay
     2    0.018113    0.080836    0.056695    5.056695 v io_in[5] (in)
                                                         io_in[5] (net)
                      0.080883    0.000000    5.056695 v _273_/A (sky130_fd_sc_hd__clkbuf_1)
     1    0.002270    0.045095    0.159811    5.216506 v _273_/X (sky130_fd_sc_hd__clkbuf_1)
                                                         net23 (net)
                      0.045095    0.000145    5.216651 v output23/A (sky130_fd_sc_hd__buf_2)
     1    0.034063    0.165480    0.331856    5.548508 v output23/X (sky130_fd_sc_hd__buf_2)
                                                         spi_miso_o (net)
                      0.165493    0.001599    5.550107 v spi_miso_o (out)
                                              5.550107   data arrival time

                                  0.000000    0.000000   clock wb_clk_i (rise edge)
                                  0.000000    0.000000   clock network delay (propagated)
                                  0.250000    0.250000   clock uncertainty
                                  0.000000    0.250000   clock reconvergence pessimism
                                 -5.000000   -4.750000   output external delay
                                             -4.750000   data required time
---------------------------------------------------------------------------------------------
                                             -4.750000   data required time
                                             -5.550107   data arrival time
---------------------------------------------------------------------------------------------
                                             10.300106   slack (MET)


Startpoint: intr_uart_rx_frame_err_i (input port clocked by wb_clk_i)
Endpoint: intr_vec_o[6] (output port clocked by wb_clk_i)
Path Group: wb_clk_i
Path Type: min

Fanout         Cap        Slew       Delay        Time   Description
---------------------------------------------------------------------------------------------
                                  0.000000    0.000000   clock wb_clk_i (rise edge)
                                  0.000000    0.000000   clock network delay (propagated)
                                  5.000000    5.000000 v input external delay
     2    0.014940    0.067717    0.046996    5.046996 v intr_uart_rx_frame_err_i (in)
                                                         intr_uart_rx_frame_err_i (net)
                      0.067761    0.000000    5.046996 v _259_/A (sky130_fd_sc_hd__clkbuf_1)
     1    0.004092    0.063194    0.171304    5.218300 v _259_/X (sky130_fd_sc_hd__clkbuf_1)
                                                         net13 (net)
                      0.063194    0.000289    5.218589 v output13/A (sky130_fd_sc_hd__buf_2)
     1    0.034167    0.165817    0.340447    5.559036 v output13/X (sky130_fd_sc_hd__buf_2)
                                                         intr_vec_o[6] (net)
                      0.165832    0.001649    5.560686 v intr_vec_o[6] (out)
                                              5.560686   data arrival time

                                  0.000000    0.000000   clock wb_clk_i (rise edge)
                                  0.000000    0.000000   clock network delay (propagated)
                                  0.250000    0.250000   clock uncertainty
                                  0.000000    0.250000   clock reconvergence pessimism
                                 -5.000000   -4.750000   output external delay
                                             -4.750000   data required time
---------------------------------------------------------------------------------------------
                                             -4.750000   data required time
                                             -5.560686   data arrival time
---------------------------------------------------------------------------------------------
                                             10.310686   slack (MET)


Startpoint: wb_rst_i (input port clocked by wb_clk_i)
Endpoint: rst_no (output port clocked by wb_clk_i)
Path Group: wb_clk_i
Path Type: min

Fanout         Cap        Slew       Delay        Time   Description
---------------------------------------------------------------------------------------------
                                  0.000000    0.000000   clock wb_clk_i (rise edge)
                                  0.000000    0.000000   clock network delay (propagated)
                                  5.000000    5.000000 v input external delay
     1    0.002672    0.017967    0.008873    5.008873 v wb_rst_i (in)
                                                         wb_rst_i (net)
                      0.017968    0.000000    5.008873 v input1/A (sky130_fd_sc_hd__clkbuf_1)
     1    0.005370    0.076377    0.159692    5.168565 v input1/X (sky130_fd_sc_hd__clkbuf_1)
                                                         net1 (net)
                      0.076378    0.000387    5.168952 v _000_/A (sky130_fd_sc_hd__inv_2)
     1    0.002217    0.033152    0.066323    5.235274 ^ _000_/Y (sky130_fd_sc_hd__inv_2)
                                                         net22 (net)
                      0.033152    0.000099    5.235373 ^ output22/A (sky130_fd_sc_hd__buf_2)
     1    0.034229    0.271996    0.325727    5.561100 ^ output22/X (sky130_fd_sc_hd__buf_2)
                                                         rst_no (net)
                      0.272001    0.001632    5.562732 ^ rst_no (out)
                                              5.562732   data arrival time

                                  0.000000    0.000000   clock wb_clk_i (rise edge)
                                  0.000000    0.000000   clock network delay (propagated)
                                  0.250000    0.250000   clock uncertainty
                                  0.000000    0.250000   clock reconvergence pessimism
                                 -5.000000   -4.750000   output external delay
                                             -4.750000   data required time
---------------------------------------------------------------------------------------------
                                             -4.750000   data required time
                                             -5.562732   data arrival time
---------------------------------------------------------------------------------------------
                                             10.312733   slack (MET)


Startpoint: io_in[0] (input port clocked by wb_clk_i)
Endpoint: uart_rx_o (output port clocked by wb_clk_i)
Path Group: wb_clk_i
Path Type: min

Fanout         Cap        Slew       Delay        Time   Description
---------------------------------------------------------------------------------------------
                                  0.000000    0.000000   clock wb_clk_i (rise edge)
                                  0.000000    0.000000   clock network delay (propagated)
                                  5.000000    5.000000 v input external delay
     1    0.014943    0.067724    0.046839    5.046840 v io_in[0] (in)
                                                         io_in[0] (net)
                      0.067757    0.000000    5.046840 v _274_/A (sky130_fd_sc_hd__clkbuf_1)
     1    0.004361    0.065910    0.173557    5.220396 v _274_/X (sky130_fd_sc_hd__clkbuf_1)
                                                         net24 (net)
                      0.065910    0.000286    5.220682 v output24/A (sky130_fd_sc_hd__buf_2)
     1    0.034639    0.167697    0.343146    5.563828 v output24/X (sky130_fd_sc_hd__buf_2)
                                                         uart_rx_o (net)
                      0.167714    0.001740    5.565568 v uart_rx_o (out)
                                              5.565568   data arrival time

                                  0.000000    0.000000   clock wb_clk_i (rise edge)
                                  0.000000    0.000000   clock network delay (propagated)
                                  0.250000    0.250000   clock uncertainty
                                  0.000000    0.250000   clock reconvergence pessimism
                                 -5.000000   -4.750000   output external delay
                                             -4.750000   data required time
---------------------------------------------------------------------------------------------
                                             -4.750000   data required time
                                             -5.565568   data arrival time
---------------------------------------------------------------------------------------------
                                             10.315568   slack (MET)


Startpoint: intr_uart_tx_done_i (input port clocked by wb_clk_i)
Endpoint: intr_vec_o[4] (output port clocked by wb_clk_i)
Path Group: wb_clk_i
Path Type: min

Fanout         Cap        Slew       Delay        Time   Description
---------------------------------------------------------------------------------------------
                                  0.000000    0.000000   clock wb_clk_i (rise edge)
                                  0.000000    0.000000   clock network delay (propagated)
                                  5.000000    5.000000 v input external delay
     1    0.009844    0.046760    0.031236    5.031236 v intr_uart_tx_done_i (in)
                                                         intr_uart_tx_done_i (net)
                      0.046777    0.000000    5.031236 v _257_/A (sky130_fd_sc_hd__clkbuf_1)
     1    0.006282    0.085723    0.179995    5.211231 v _257_/X (sky130_fd_sc_hd__clkbuf_1)
                                                         net11 (net)
                      0.085723    0.000338    5.211569 v output11/A (sky130_fd_sc_hd__buf_2)
     1    0.034641    0.167649    0.352381    5.563951 v output11/X (sky130_fd_sc_hd__buf_2)
                                                         intr_vec_o[4] (net)
                      0.167665    0.001741    5.565691 v intr_vec_o[4] (out)
                                              5.565691   data arrival time

                                  0.000000    0.000000   clock wb_clk_i (rise edge)
                                  0.000000    0.000000   clock network delay (propagated)
                                  0.250000    0.250000   clock uncertainty
                                  0.000000    0.250000   clock reconvergence pessimism
                                 -5.000000   -4.750000   output external delay
                                             -4.750000   data required time
---------------------------------------------------------------------------------------------
                                             -4.750000   data required time
                                             -5.565691   data arrival time
---------------------------------------------------------------------------------------------
                                             10.315692   slack (MET)


Startpoint: intr_spi_host_rx_full_i (input port clocked by wb_clk_i)
Endpoint: intr_vec_o[11] (output port clocked by wb_clk_i)
Path Group: wb_clk_i
Path Type: min

Fanout         Cap        Slew       Delay        Time   Description
---------------------------------------------------------------------------------------------
                                  0.000000    0.000000   clock wb_clk_i (rise edge)
                                  0.000000    0.000000   clock network delay (propagated)
                                  5.000000    5.000000 v input external delay
     2    0.018970    0.084221    0.059416    5.059416 v intr_spi_host_rx_full_i (in)
                                                         intr_spi_host_rx_full_i (net)
                      0.084294    0.000000    5.059416 v _264_/A (sky130_fd_sc_hd__clkbuf_1)
     1    0.003711    0.059461    0.175230    5.234645 v _264_/X (sky130_fd_sc_hd__clkbuf_1)
                                                         net4 (net)
                      0.059461    0.000257    5.234902 v output4/A (sky130_fd_sc_hd__buf_2)
     1    0.034134    0.165692    0.338662    5.573565 v output4/X (sky130_fd_sc_hd__buf_2)
                                                         intr_vec_o[11] (net)
                      0.165705    0.001605    5.575170 v intr_vec_o[11] (out)
                                              5.575170   data arrival time

                                  0.000000    0.000000   clock wb_clk_i (rise edge)
                                  0.000000    0.000000   clock network delay (propagated)
                                  0.250000    0.250000   clock uncertainty
                                  0.000000    0.250000   clock reconvergence pessimism
                                 -5.000000   -4.750000   output external delay
                                             -4.750000   data required time
---------------------------------------------------------------------------------------------
                                             -4.750000   data required time
                                             -5.575170   data arrival time
---------------------------------------------------------------------------------------------
                                             10.325171   slack (MET)


Startpoint: spi_cs_n_i (input port clocked by wb_clk_i)
Endpoint: io_out[3] (output port clocked by wb_clk_i)
Path Group: wb_clk_i
Path Type: min

Fanout         Cap        Slew       Delay        Time   Description
---------------------------------------------------------------------------------------------
                                  0.000000    0.000000   clock wb_clk_i (rise edge)
                                  0.000000    0.000000   clock network delay (propagated)
                                  5.000000    5.000000 v input external delay
     2    0.043365    0.189322    0.137795    5.137795 v spi_cs_n_i (in)
                                                         spi_cs_n_i (net)
                      0.190156    0.000000    5.137795 v _270_/A (sky130_fd_sc_hd__clkbuf_2)
     1    0.022253    0.162699    0.334090    5.471885 v _270_/X (sky130_fd_sc_hd__clkbuf_2)
                                                         net19 (net)
                      0.162776    0.003342    5.475227 v output19/A (sky130_fd_sc_hd__buf_2)
     1    0.034454    0.166977    0.389026    5.864253 v output19/X (sky130_fd_sc_hd__buf_2)
                                                         io_out[3] (net)
                      0.166991    0.001614    5.865867 v io_out[3] (out)
                                              5.865867   data arrival time

                                  0.000000    0.000000   clock wb_clk_i (rise edge)
                                  0.000000    0.000000   clock network delay (propagated)
                                  0.250000    0.250000   clock uncertainty
                                  0.000000    0.250000   clock reconvergence pessimism
                                 -5.000000   -4.750000   output external delay
                                             -4.750000   data required time
---------------------------------------------------------------------------------------------
                                             -4.750000   data required time
                                             -5.865867   data arrival time
---------------------------------------------------------------------------------------------
                                             10.615867   slack (MET)


Startpoint: uart_tx_i (input port clocked by wb_clk_i)
Endpoint: io_out[1] (output port clocked by wb_clk_i)
Path Group: wb_clk_i
Path Type: min

Fanout         Cap        Slew       Delay        Time   Description
---------------------------------------------------------------------------------------------
                                  0.000000    0.000000   clock wb_clk_i (rise edge)
                                  0.000000    0.000000   clock network delay (propagated)
                                  5.000000    5.000000 v input external delay
     2    0.041170    0.179675    0.130660    5.130660 v uart_tx_i (in)
                                                         uart_tx_i (net)
                      0.180294    0.000000    5.130660 v _268_/A (sky130_fd_sc_hd__clkbuf_2)
     1    0.027594    0.197017    0.354742    5.485402 v _268_/X (sky130_fd_sc_hd__clkbuf_2)
                                                         net17 (net)
                      0.197275    0.004850    5.490252 v output17/A (sky130_fd_sc_hd__buf_2)
     1    0.034951    0.169030    0.407160    5.897412 v output17/X (sky130_fd_sc_hd__buf_2)
                                                         io_out[1] (net)
                      0.169046    0.001739    5.899151 v io_out[1] (out)
                                              5.899151   data arrival time

                                  0.000000    0.000000   clock wb_clk_i (rise edge)
                                  0.000000    0.000000   clock network delay (propagated)
                                  0.250000    0.250000   clock uncertainty
                                  0.000000    0.250000   clock reconvergence pessimism
                                 -5.000000   -4.750000   output external delay
                                             -4.750000   data required time
---------------------------------------------------------------------------------------------
                                             -4.750000   data required time
                                             -5.899151   data arrival time
---------------------------------------------------------------------------------------------
                                             10.649151   slack (MET)



