
===========================================================================
report_checks -unconstrained
===========================================================================
======================= max_ss_100C_1v60 Corner ===================================

Startpoint: rst_ni (input port clocked by clk_i)
Endpoint: _3246_ (recovery check against rising-edge clock clk_i)
Path Group: asynchronous
Path Type: max

Fanout         Cap        Slew       Delay        Time   Description
---------------------------------------------------------------------------------------------
                                  0.000000    0.000000   clock clk_i (rise edge)
                                  0.000000    0.000000   clock network delay (propagated)
                                 10.000000   10.000000 ^ input external delay
     2    0.004588    0.044373    0.025260   10.025260 ^ rst_ni (in)
                                                         rst_ni (net)
                      0.044374    0.000000   10.025260 ^ input33/A (sky130_fd_sc_hd__clkbuf_2)
     5    0.045715    0.388103    0.403812   10.429072 ^ input33/X (sky130_fd_sc_hd__clkbuf_2)
                                                         net33 (net)
                      0.388183    0.004666   10.433738 ^ fanout531/A (sky130_fd_sc_hd__clkbuf_2)
     8    0.054077    0.455623    0.598076   11.031814 ^ fanout531/X (sky130_fd_sc_hd__clkbuf_2)
                                                         net531 (net)
                      0.455640    0.003246   11.035060 ^ fanout504/A (sky130_fd_sc_hd__clkbuf_2)
     7    0.060281    0.505750    0.656320   11.691381 ^ fanout504/X (sky130_fd_sc_hd__clkbuf_2)
                                                         net504 (net)
                      0.505769    0.002615   11.693995 ^ fanout503/A (sky130_fd_sc_hd__clkbuf_2)
     9    0.039554    0.339238    0.559326   12.253322 ^ fanout503/X (sky130_fd_sc_hd__clkbuf_2)
                                                         net503 (net)
                      0.339238    0.001056   12.254377 ^ fanout502/A (sky130_fd_sc_hd__buf_1)
     3    0.026666    0.503865    0.555883   12.810261 ^ fanout502/X (sky130_fd_sc_hd__buf_1)
                                                         net502 (net)
                      0.503865    0.001291   12.811552 ^ fanout501/A (sky130_fd_sc_hd__dlymetal6s2s_1)
     7    0.045970    0.700658    0.771519   13.583071 ^ fanout501/X (sky130_fd_sc_hd__dlymetal6s2s_1)
                                                         net501 (net)
                      0.700665    0.001881   13.584952 ^ fanout500/A (sky130_fd_sc_hd__dlymetal6s2s_1)
     4    0.027088    0.431249    0.637325   14.222277 ^ fanout500/X (sky130_fd_sc_hd__dlymetal6s2s_1)
                                                         net500 (net)
                      0.431249    0.001113   14.223390 ^ fanout499/A (sky130_fd_sc_hd__clkbuf_2)
     6    0.035125    0.303288    0.505744   14.729134 ^ fanout499/X (sky130_fd_sc_hd__clkbuf_2)
                                                         net499 (net)
                      0.303367    0.004720   14.733853 ^ _3246_/RESET_B (sky130_fd_sc_hd__dfrtp_2)
                                             14.733853   data arrival time

                                 50.000000   50.000000   clock clk_i (rise edge)
                                  0.000000   50.000000   clock source latency
     2    0.060025    0.430733    0.304571   50.304569 ^ clk_i (in)
                                                         clk_i (net)
                      0.430992    0.000000   50.304569 ^ clkbuf_0_clk_i/A (sky130_fd_sc_hd__clkbuf_16)
     9    0.118425    0.205256    0.485098   50.789669 ^ clkbuf_0_clk_i/X (sky130_fd_sc_hd__clkbuf_16)
                                                         clknet_0_clk_i (net)
                      0.207099    0.015536   50.805202 ^ clkbuf_2_3__f_clk_i/A (sky130_fd_sc_hd__clkbuf_16)
    25    0.134923    0.226760    0.408903   51.214108 ^ clkbuf_2_3__f_clk_i/X (sky130_fd_sc_hd__clkbuf_16)
                                                         clknet_2_3__leaf_clk_i (net)
                      0.228171    0.013838   51.227943 ^ clkbuf_leaf_25_clk_i/A (sky130_fd_sc_hd__clkbuf_8)
     5    0.019583    0.082656    0.307200   51.535145 ^ clkbuf_leaf_25_clk_i/X (sky130_fd_sc_hd__clkbuf_8)
                                                         clknet_leaf_25_clk_i (net)
                      0.082664    0.000846   51.535988 ^ _3246_/CLK (sky130_fd_sc_hd__dfrtp_2)
                                 -0.250000   51.285988   clock uncertainty
                                  0.000000   51.285988   clock reconvergence pessimism
                                  0.349127   51.635117   library recovery time
                                             51.635117   data required time
---------------------------------------------------------------------------------------------
                                             51.635117   data required time
                                            -14.733853   data arrival time
---------------------------------------------------------------------------------------------
                                             36.901264   slack (MET)


Startpoint: intr_src_i[0] (input port clocked by clk_i)
Endpoint: irq_o (output port clocked by clk_i)
Path Group: clk_i
Path Type: max

Fanout         Cap        Slew       Delay        Time   Description
---------------------------------------------------------------------------------------------
                                  0.000000    0.000000   clock clk_i (rise edge)
                                  0.000000    0.000000   clock network delay (propagated)
                                 10.000000   10.000000 ^ input external delay
     2    0.004914    0.046604    0.026995   10.026996 ^ intr_src_i[0] (in)
                                                         intr_src_i[0] (net)
                      0.046605    0.000000   10.026996 ^ input1/A (sky130_fd_sc_hd__buf_4)
     3    0.028323    0.140210    0.250257   10.277252 ^ input1/X (sky130_fd_sc_hd__buf_4)
                                                         net1 (net)
                      0.140453    0.003882   10.281135 ^ _1571_/B (sky130_fd_sc_hd__and2b_1)
     4    0.016073    0.243394    0.388550   10.669684 ^ _1571_/X (sky130_fd_sc_hd__and2b_1)
                                                         _1060_ (net)
                      0.243394    0.000943   10.670628 ^ _1572_/C1 (sky130_fd_sc_hd__o211a_1)
     3    0.014462    0.212728    0.465021   11.135649 ^ _1572_/X (sky130_fd_sc_hd__o211a_1)
                                                         _1061_ (net)
                      0.212730    0.001165   11.136813 ^ fanout251/A (sky130_fd_sc_hd__buf_6)
     6    0.043042    0.148634    0.305164   11.441978 ^ fanout251/X (sky130_fd_sc_hd__buf_6)
                                                         net251 (net)
                      0.148751    0.003797   11.445774 ^ _1599_/D1 (sky130_fd_sc_hd__o2111ai_4)
     1    0.009863    0.235154    0.246653   11.692428 v _1599_/Y (sky130_fd_sc_hd__o2111ai_4)
                                                         _1088_ (net)
                      0.235154    0.000761   11.693189 v _1602_/C (sky130_fd_sc_hd__nand3_4)
     4    0.026992    0.177955    0.268735   11.961925 ^ _1602_/Y (sky130_fd_sc_hd__nand3_4)
                                                         _1091_ (net)
                      0.177956    0.000890   11.962814 ^ _1605_/A (sky130_fd_sc_hd__nand3_4)
     6    0.025900    0.216372    0.245842   12.208656 v _1605_/Y (sky130_fd_sc_hd__nand3_4)
                                                         _1094_ (net)
                      0.216387    0.002000   12.210657 v _1609_/A1 (sky130_fd_sc_hd__a21o_1)
     1    0.009077    0.109230    0.398582   12.609239 v _1609_/X (sky130_fd_sc_hd__a21o_1)
                                                         _1098_ (net)
                      0.109232    0.000697   12.609936 v _1627_/B1 (sky130_fd_sc_hd__a22oi_4)
     3    0.016823    0.306596    0.298947   12.908882 ^ _1627_/Y (sky130_fd_sc_hd__a22oi_4)
                                                         _1116_ (net)
                      0.306597    0.001185   12.910068 ^ _1629_/A2 (sky130_fd_sc_hd__a21oi_2)
     1    0.004623    0.089321    0.194544   13.104611 v _1629_/Y (sky130_fd_sc_hd__a21oi_2)
                                                         _1118_ (net)
                      0.089321    0.000310   13.104921 v fanout210/A (sky130_fd_sc_hd__buf_4)
     3    0.021411    0.080991    0.288887   13.393808 v fanout210/X (sky130_fd_sc_hd__buf_4)
                                                         net210 (net)
                      0.080997    0.000738   13.394547 v fanout209/A (sky130_fd_sc_hd__buf_6)
     6    0.034821    0.076853    0.251863   13.646409 v fanout209/X (sky130_fd_sc_hd__buf_6)
                                                         net209 (net)
                      0.076984    0.002700   13.649109 v _1637_/A2 (sky130_fd_sc_hd__o211ai_4)
     1    0.010939    0.264024    0.289632   13.938742 ^ _1637_/Y (sky130_fd_sc_hd__o211ai_4)
                                                         _1126_ (net)
                      0.264025    0.000855   13.939596 ^ _1644_/A (sky130_fd_sc_hd__nand3_4)
     2    0.016365    0.164761    0.231130   14.170727 v _1644_/Y (sky130_fd_sc_hd__nand3_4)
                                                         _1133_ (net)
                      0.164771    0.001331   14.172058 v _1667_/B2 (sky130_fd_sc_hd__a2bb2oi_4)
     5    0.043775    0.505666    0.528449   14.700507 ^ _1667_/Y (sky130_fd_sc_hd__a2bb2oi_4)
                                                         _1156_ (net)
                      0.505684    0.002556   14.703063 ^ _1677_/B (sky130_fd_sc_hd__nand2_4)
     2    0.014403    0.119976    0.242424   14.945487 v _1677_/Y (sky130_fd_sc_hd__nand2_4)
                                                         _1166_ (net)
                      0.119981    0.000941   14.946428 v _1698_/A1 (sky130_fd_sc_hd__a221oi_4)
     3    0.027645    0.611353    0.714453   15.660881 ^ _1698_/Y (sky130_fd_sc_hd__a221oi_4)
                                                         _1187_ (net)
                      0.611353    0.001746   15.662627 ^ _1713_/A2 (sky130_fd_sc_hd__o21ai_4)
     2    0.012493    0.137655    0.264487   15.927114 v _1713_/Y (sky130_fd_sc_hd__o21ai_4)
                                                         _1202_ (net)
                      0.137657    0.000835   15.927949 v _1715_/B1 (sky130_fd_sc_hd__o32ai_4)
     6    0.044733    0.839755    0.515623   16.443573 ^ _1715_/Y (sky130_fd_sc_hd__o32ai_4)
                                                         _1204_ (net)
                      0.839768    0.002682   16.446255 ^ _1716_/B1 (sky130_fd_sc_hd__a21oi_4)
     5    0.023928    0.200481    0.290045   16.736300 v _1716_/Y (sky130_fd_sc_hd__a21oi_4)
                                                         _1205_ (net)
                      0.200491    0.001414   16.737715 v _1733_/B2 (sky130_fd_sc_hd__o22ai_4)
     2    0.013469    0.284583    0.270788   17.008501 ^ _1733_/Y (sky130_fd_sc_hd__o22ai_4)
                                                         _1222_ (net)
                      0.284583    0.001007   17.009508 ^ _1737_/B (sky130_fd_sc_hd__nand3_4)
     2    0.014518    0.162315    0.245528   17.255037 v _1737_/Y (sky130_fd_sc_hd__nand3_4)
                                                         _1226_ (net)
                      0.162321    0.000981   17.256018 v _1747_/A1 (sky130_fd_sc_hd__o21ai_4)
     6    0.039635    0.491014    0.524047   17.780064 ^ _1747_/Y (sky130_fd_sc_hd__o21ai_4)
                                                         _1236_ (net)
                      0.491064    0.003986   17.784050 ^ _1754_/A1 (sky130_fd_sc_hd__a21oi_4)
     5    0.033284    0.209207    0.335119   18.119169 v _1754_/Y (sky130_fd_sc_hd__a21oi_4)
                                                         _1243_ (net)
                      0.209225    0.002107   18.121275 v _1789_/B1 (sky130_fd_sc_hd__a32oi_4)
     3    0.024795    0.437120    0.463563   18.584839 ^ _1789_/Y (sky130_fd_sc_hd__a32oi_4)
                                                         _1278_ (net)
                      0.437122    0.001766   18.586605 ^ _1793_/A2 (sky130_fd_sc_hd__a21oi_2)
     1    0.002952    0.091823    0.218115   18.804720 v _1793_/Y (sky130_fd_sc_hd__a21oi_2)
                                                         _1282_ (net)
                      0.091823    0.000121   18.804840 v fanout206/A (sky130_fd_sc_hd__clkbuf_2)
     3    0.012738    0.102882    0.240471   19.045311 v fanout206/X (sky130_fd_sc_hd__clkbuf_2)
                                                         net206 (net)
                      0.102884    0.000600   19.045912 v fanout205/A (sky130_fd_sc_hd__buf_4)
     6    0.023549    0.085407    0.300656   19.346567 v fanout205/X (sky130_fd_sc_hd__buf_4)
                                                         net205 (net)
                      0.085418    0.000986   19.347553 v _1801_/A2 (sky130_fd_sc_hd__o211a_1)
     1    0.008487    0.120746    0.434747   19.782301 v _1801_/X (sky130_fd_sc_hd__o211a_1)
                                                         _1290_ (net)
                      0.120747    0.000647   19.782948 v _1811_/A2 (sky130_fd_sc_hd__o21ai_4)
     3    0.016337    0.265879    0.294660   20.077608 ^ _1811_/Y (sky130_fd_sc_hd__o21ai_4)
                                                         _1300_ (net)
                      0.265881    0.001132   20.078739 ^ fanout201/A (sky130_fd_sc_hd__buf_6)
     6    0.038816    0.136741    0.316192   20.394930 ^ fanout201/X (sky130_fd_sc_hd__buf_6)
                                                         net201 (net)
                      0.136791    0.002478   20.397409 ^ _1814_/A (sky130_fd_sc_hd__nand2_1)
     3    0.019241    0.324784    0.317323   20.714731 v _1814_/Y (sky130_fd_sc_hd__nand2_1)
                                                         _1303_ (net)
                      0.324785    0.001105   20.715837 v _1816_/C1 (sky130_fd_sc_hd__o311a_4)
     3    0.022416    0.139050    0.383979   21.099815 v _1816_/X (sky130_fd_sc_hd__o311a_4)
                                                         _1305_ (net)
                      0.139091    0.002263   21.102079 v _1819_/B1 (sky130_fd_sc_hd__a31o_1)
     2    0.009837    0.124294    0.420476   21.522554 v _1819_/X (sky130_fd_sc_hd__a31o_1)
                                                         _1308_ (net)
                      0.124297    0.000783   21.523338 v _1849_/A1 (sky130_fd_sc_hd__o211a_1)
     1    0.010331    0.137328    0.495911   22.019249 v _1849_/X (sky130_fd_sc_hd__o211a_1)
                                                         _1338_ (net)
                      0.137330    0.000819   22.020069 v _1859_/A1 (sky130_fd_sc_hd__o21ai_4)
     2    0.014944    0.249357    0.329202   22.349270 ^ _1859_/Y (sky130_fd_sc_hd__o21ai_4)
                                                         _1348_ (net)
                      0.249358    0.000915   22.350185 ^ fanout195/A (sky130_fd_sc_hd__buf_6)
     6    0.035666    0.127360    0.304086   22.654270 ^ fanout195/X (sky130_fd_sc_hd__buf_6)
                                                         net195 (net)
                      0.127381    0.001624   22.655893 ^ _1878_/C1 (sky130_fd_sc_hd__o211ai_4)
     5    0.026860    0.229781    0.245700   22.901594 v _1878_/Y (sky130_fd_sc_hd__o211ai_4)
                                                         _1367_ (net)
                      0.229800    0.002183   22.903778 v _1881_/B1 (sky130_fd_sc_hd__o211ai_2)
     1    0.009458    0.279486    0.215303   23.119081 ^ _1881_/Y (sky130_fd_sc_hd__o211ai_2)
                                                         _1370_ (net)
                      0.279487    0.000725   23.119806 ^ _1888_/A (sky130_fd_sc_hd__nand3_4)
     2    0.019153    0.192348    0.250608   23.370415 v _1888_/Y (sky130_fd_sc_hd__nand3_4)
                                                         _1377_ (net)
                      0.192351    0.001156   23.371571 v _1906_/B2 (sky130_fd_sc_hd__a2bb2oi_4)
     2    0.014623    0.223140    0.317371   23.688942 ^ _1906_/Y (sky130_fd_sc_hd__a2bb2oi_4)
                                                         _1395_ (net)
                      0.223151    0.000698   23.689640 ^ fanout191/A (sky130_fd_sc_hd__buf_6)
     6    0.023072    0.091910    0.266159   23.955797 ^ fanout191/X (sky130_fd_sc_hd__buf_6)
                                                         net191 (net)
                      0.091922    0.001089   23.956886 ^ _1919_/A2 (sky130_fd_sc_hd__o211ai_2)
     1    0.011056    0.214230    0.231394   24.188280 v _1919_/Y (sky130_fd_sc_hd__o211ai_2)
                                                         _1408_ (net)
                      0.214231    0.000943   24.189224 v _1923_/A1 (sky130_fd_sc_hd__o21ai_4)
     2    0.018628    0.283746    0.388932   24.578156 ^ _1923_/Y (sky130_fd_sc_hd__o21ai_4)
                                                         _1412_ (net)
                      0.283749    0.001327   24.579483 ^ fanout190/A (sky130_fd_sc_hd__buf_8)
     6    0.044301    0.128851    0.310195   24.889677 ^ fanout190/X (sky130_fd_sc_hd__buf_8)
                                                         net190 (net)
                      0.128943    0.003171   24.892847 ^ _1942_/C1 (sky130_fd_sc_hd__o211ai_4)
     3    0.013530    0.158519    0.187324   25.080172 v _1942_/Y (sky130_fd_sc_hd__o211ai_4)
                                                         _1431_ (net)
                      0.158522    0.001277   25.081450 v _1945_/B1 (sky130_fd_sc_hd__o211ai_2)
     1    0.009724    0.283577    0.183491   25.264938 ^ _1945_/Y (sky130_fd_sc_hd__o211ai_2)
                                                         _1434_ (net)
                      0.283578    0.000755   25.265694 ^ _1952_/A (sky130_fd_sc_hd__nand3_4)
     2    0.018027    0.176767    0.246191   25.511885 v _1952_/Y (sky130_fd_sc_hd__nand3_4)
                                                         _1441_ (net)
                      0.176772    0.001195   25.513081 v _1956_/B (sky130_fd_sc_hd__nand2_4)
     6    0.036109    0.189496    0.245752   25.758833 ^ _1956_/Y (sky130_fd_sc_hd__nand2_4)
                                                         _1445_ (net)
                      0.189601    0.001993   25.760826 ^ _1990_/A1 (sky130_fd_sc_hd__a31oi_2)
     1    0.011451    0.216392    0.275353   26.036179 v _1990_/Y (sky130_fd_sc_hd__a31oi_2)
                                                         _1479_ (net)
                      0.216394    0.000977   26.037155 v _1993_/B1 (sky130_fd_sc_hd__a22oi_4)
     3    0.026261    0.391862    0.413033   26.450188 ^ _1993_/Y (sky130_fd_sc_hd__a22oi_4)
                                                         _1482_ (net)
                      0.391865    0.001792   26.451981 ^ _2000_/B2 (sky130_fd_sc_hd__a22oi_4)
     2    0.011702    0.128526    0.212557   26.664537 v _2000_/Y (sky130_fd_sc_hd__a22oi_4)
                                                         _1489_ (net)
                      0.128527    0.000840   26.665379 v fanout186/A (sky130_fd_sc_hd__buf_6)
     6    0.033409    0.074850    0.273625   26.939003 v fanout186/X (sky130_fd_sc_hd__buf_6)
                                                         net186 (net)
                      0.074909    0.001837   26.940840 v _2020_/A2 (sky130_fd_sc_hd__o211ai_4)
     3    0.022079    0.373529    0.375614   27.316454 ^ _2020_/Y (sky130_fd_sc_hd__o211ai_4)
                                                         _1509_ (net)
                      0.373531    0.001691   27.318146 ^ _2022_/B1 (sky130_fd_sc_hd__o21ai_4)
     2    0.017924    0.144571    0.250301   27.568445 v _2022_/Y (sky130_fd_sc_hd__o21ai_4)
                                                         _0163_ (net)
                      0.144575    0.001325   27.569771 v _2023_/B1 (sky130_fd_sc_hd__a21oi_4)
     4    0.020910    0.294853    0.322251   27.892021 ^ _2023_/Y (sky130_fd_sc_hd__a21oi_4)
                                                         _0164_ (net)
                      0.294853    0.001055   27.893078 ^ _2057_/B2 (sky130_fd_sc_hd__o22ai_4)
     2    0.012779    0.136460    0.214687   28.107763 v _2057_/Y (sky130_fd_sc_hd__o22ai_4)
                                                         _0198_ (net)
                      0.136461    0.000954   28.108719 v _2067_/A2 (sky130_fd_sc_hd__a31oi_4)
     3    0.025447    0.380713    0.437693   28.546410 ^ _2067_/Y (sky130_fd_sc_hd__a31oi_4)
                                                         _0208_ (net)
                      0.380848    0.001990   28.548401 ^ _2068_/A (sky130_fd_sc_hd__nand2_4)
     6    0.044991    0.233754    0.314561   28.862961 v _2068_/Y (sky130_fd_sc_hd__nand2_4)
                                                         _0209_ (net)
                      0.233922    0.005093   28.868053 v _2075_/A2_N (sky130_fd_sc_hd__o2bb2ai_4)
     2    0.012630    0.112652    0.308459   29.176512 v _2075_/Y (sky130_fd_sc_hd__o2bb2ai_4)
                                                         _0216_ (net)
                      0.112654    0.000886   29.177399 v _2087_/A3 (sky130_fd_sc_hd__a31oi_4)
     3    0.027006    0.396602    0.464803   29.642202 ^ _2087_/Y (sky130_fd_sc_hd__a31oi_4)
                                                         _0228_ (net)
                      0.396602    0.001565   29.643768 ^ _2089_/A (sky130_fd_sc_hd__nand2_4)
     6    0.032817    0.190312    0.281142   29.924910 v _2089_/Y (sky130_fd_sc_hd__nand2_4)
                                                         _0230_ (net)
                      0.190454    0.002689   29.927599 v _2095_/A2_N (sky130_fd_sc_hd__o2bb2ai_4)
     2    0.015239    0.118908    0.297970   30.225569 v _2095_/Y (sky130_fd_sc_hd__o2bb2ai_4)
                                                         _0236_ (net)
                      0.118954    0.001108   30.226677 v _2112_/B1 (sky130_fd_sc_hd__a2bb2oi_4)
     2    0.021249    0.282404    0.354678   30.581356 ^ _2112_/Y (sky130_fd_sc_hd__a2bb2oi_4)
                                                         _0253_ (net)
                      0.282407    0.001481   30.582836 ^ _2116_/A1 (sky130_fd_sc_hd__a21oi_4)
     3    0.015855    0.119927    0.206132   30.788969 v _2116_/Y (sky130_fd_sc_hd__a21oi_4)
                                                         _0257_ (net)
                      0.119928    0.000835   30.789804 v fanout181/A (sky130_fd_sc_hd__buf_6)
     6    0.031249    0.072251    0.266787   31.056591 v fanout181/X (sky130_fd_sc_hd__buf_6)
                                                         net181 (net)
                      0.072409    0.002839   31.059429 v _2124_/A1 (sky130_fd_sc_hd__o211ai_4)
     2    0.020696    0.357214    0.399769   31.459198 ^ _2124_/Y (sky130_fd_sc_hd__o211ai_4)
                                                         _0265_ (net)
                      0.357215    0.001293   31.460491 ^ _2132_/C (sky130_fd_sc_hd__nand3_4)
     3    0.029829    0.255459    0.345821   31.806313 v _2132_/Y (sky130_fd_sc_hd__nand3_4)
                                                         _0273_ (net)
                      0.255468    0.001886   31.808199 v _2141_/A (sky130_fd_sc_hd__nand2_8)
     4    0.026717    0.109270    0.201112   32.009312 ^ _2141_/Y (sky130_fd_sc_hd__nand2_8)
                                                         _0282_ (net)
                      0.109295    0.001585   32.010895 ^ _2149_/A1 (sky130_fd_sc_hd__a31oi_4)
     5    0.028064    0.258701    0.269480   32.280376 v _2149_/Y (sky130_fd_sc_hd__a31oi_4)
                                                         _0290_ (net)
                      0.258709    0.001791   32.282166 v _2172_/B1 (sky130_fd_sc_hd__a32oi_4)
     3    0.024674    0.436033    0.484164   32.766331 ^ _2172_/Y (sky130_fd_sc_hd__a32oi_4)
                                                         _0313_ (net)
                      0.436034    0.000853   32.767185 ^ _2173_/B1 (sky130_fd_sc_hd__o21ai_4)
     2    0.013034    0.136781    0.250161   33.017345 v _2173_/Y (sky130_fd_sc_hd__o21ai_4)
                                                         _0314_ (net)
                      0.136782    0.000792   33.018135 v fanout179/A (sky130_fd_sc_hd__buf_6)
     6    0.026107    0.067355    0.267427   33.285564 v fanout179/X (sky130_fd_sc_hd__buf_6)
                                                         net179 (net)
                      0.067367    0.000906   33.286469 v _2178_/A2_N (sky130_fd_sc_hd__o2bb2ai_2)
     2    0.018014    0.181103    0.298336   33.584805 v _2178_/Y (sky130_fd_sc_hd__o2bb2ai_2)
                                                         _0319_ (net)
                      0.181108    0.001286   33.586090 v _2191_/B1 (sky130_fd_sc_hd__a22oi_4)
     2    0.020653    0.339618    0.356835   33.942924 ^ _2191_/Y (sky130_fd_sc_hd__a22oi_4)
                                                         _0332_ (net)
                      0.339619    0.001002   33.943928 ^ _2192_/B1 (sky130_fd_sc_hd__o21ai_4)
     2    0.012723    0.120541    0.218936   34.162865 v _2192_/Y (sky130_fd_sc_hd__o21ai_4)
                                                         _0333_ (net)
                      0.120543    0.000899   34.163761 v fanout176/A (sky130_fd_sc_hd__buf_6)
     3    0.016156    0.051847    0.243041   34.406803 v fanout176/X (sky130_fd_sc_hd__buf_6)
                                                         net176 (net)
                      0.051900    0.001044   34.407848 v _2203_/A2_N (sky130_fd_sc_hd__o2bb2ai_2)
     2    0.013442    0.141605    0.264919   34.672768 v _2203_/Y (sky130_fd_sc_hd__o2bb2ai_2)
                                                         _0344_ (net)
                      0.141612    0.001151   34.673920 v _2217_/B1 (sky130_fd_sc_hd__a22oi_4)
     2    0.020886    0.341669    0.342741   35.016659 ^ _2217_/Y (sky130_fd_sc_hd__a22oi_4)
                                                         _0358_ (net)
                      0.341671    0.001325   35.017982 ^ _2227_/A2 (sky130_fd_sc_hd__a21oi_4)
     3    0.015698    0.117504    0.229452   35.247437 v _2227_/Y (sky130_fd_sc_hd__a21oi_4)
                                                         _0368_ (net)
                      0.117506    0.000941   35.248379 v fanout171/A (sky130_fd_sc_hd__buf_6)
     6    0.030275    0.070928    0.264702   35.513081 v fanout171/X (sky130_fd_sc_hd__buf_6)
                                                         net171 (net)
                      0.070978    0.001620   35.514698 v _2229_/B1 (sky130_fd_sc_hd__o22ai_4)
     4    0.033417    0.478970    0.409369   35.924068 ^ _2229_/Y (sky130_fd_sc_hd__o22ai_4)
                                                         _0370_ (net)
                      0.479007    0.003258   35.927326 ^ _2235_/A (sky130_fd_sc_hd__nand3_4)
     3    0.023537    0.274074    0.344478   36.271805 v _2235_/Y (sky130_fd_sc_hd__nand3_4)
                                                         _0376_ (net)
                      0.274079    0.001442   36.273247 v _2251_/B1 (sky130_fd_sc_hd__a22oi_4)
     6    0.038355    0.507822    0.529546   36.802792 ^ _2251_/Y (sky130_fd_sc_hd__a22oi_4)
                                                         _0392_ (net)
                      0.507847    0.002792   36.805584 ^ _2258_/B2 (sky130_fd_sc_hd__o22ai_4)
     3    0.029510    0.216910    0.351129   37.156715 v _2258_/Y (sky130_fd_sc_hd__o22ai_4)
                                                         _0399_ (net)
                      0.216928    0.002114   37.158829 v _2266_/A1 (sky130_fd_sc_hd__a21oi_4)
     4    0.031417    0.397360    0.458041   37.616867 ^ _2266_/Y (sky130_fd_sc_hd__a21oi_4)
                                                         _0407_ (net)
                      0.397507    0.001759   37.618626 ^ _2315_/A2 (sky130_fd_sc_hd__o211ai_2)
     2    0.009903    0.229584    0.313648   37.932274 v _2315_/Y (sky130_fd_sc_hd__o211ai_2)
                                                         _0456_ (net)
                      0.229584    0.000490   37.932766 v _2316_/B1 (sky130_fd_sc_hd__o21ai_2)
     2    0.022516    0.460506    0.271662   38.204426 ^ _2316_/Y (sky130_fd_sc_hd__o21ai_2)
                                                         _0457_ (net)
                      0.460517    0.001823   38.206249 ^ _2321_/B (sky130_fd_sc_hd__nand3_4)
     2    0.012992    0.163809    0.287475   38.493725 v _2321_/Y (sky130_fd_sc_hd__nand3_4)
                                                         _0462_ (net)
                      0.163828    0.000966   38.494690 v _2329_/A1 (sky130_fd_sc_hd__a21oi_4)
     5    0.037010    0.453108    0.477364   38.972054 ^ _2329_/Y (sky130_fd_sc_hd__a21oi_4)
                                                         _0470_ (net)
                      0.453114    0.001329   38.973385 ^ _2339_/A2 (sky130_fd_sc_hd__o211ai_2)
     1    0.010883    0.211894    0.339075   39.312458 v _2339_/Y (sky130_fd_sc_hd__o211ai_2)
                                                         _0480_ (net)
                      0.211895    0.000931   39.313389 v _2340_/A (sky130_fd_sc_hd__nand3_4)
     2    0.014941    0.136093    0.180894   39.494282 ^ _2340_/Y (sky130_fd_sc_hd__nand3_4)
                                                         _0481_ (net)
                      0.136094    0.000664   39.494946 ^ _2348_/B2 (sky130_fd_sc_hd__a22oi_4)
     2    0.013076    0.134151    0.143785   39.638733 v _2348_/Y (sky130_fd_sc_hd__a22oi_4)
                                                         _0489_ (net)
                      0.134151    0.000590   39.639320 v fanout169/A (sky130_fd_sc_hd__buf_6)
     4    0.019716    0.057189    0.255383   39.894707 v fanout169/X (sky130_fd_sc_hd__buf_6)
                                                         net169 (net)
                      0.057233    0.001453   39.896160 v _2354_/B2 (sky130_fd_sc_hd__o22ai_4)
     3    0.033649    0.481612    0.368196   40.264355 ^ _2354_/Y (sky130_fd_sc_hd__o22ai_4)
                                                         _0495_ (net)
                      0.481628    0.002171   40.266525 ^ _2361_/A1 (sky130_fd_sc_hd__o21ai_4)
     4    0.022884    0.158383    0.303334   40.569859 v _2361_/Y (sky130_fd_sc_hd__o21ai_4)
                                                         _0502_ (net)
                      0.158394    0.001357   40.571217 v _2365_/B1 (sky130_fd_sc_hd__o22ai_4)
     5    0.040043    0.546260    0.496158   41.067375 ^ _2365_/Y (sky130_fd_sc_hd__o22ai_4)
                                                         _0506_ (net)
                      0.546270    0.001865   41.069241 ^ _2366_/B1 (sky130_fd_sc_hd__o21ai_4)
     2    0.014974    0.162335    0.294950   41.364189 v _2366_/Y (sky130_fd_sc_hd__o21ai_4)
                                                         _0507_ (net)
                      0.162337    0.001155   41.365345 v _2370_/A1 (sky130_fd_sc_hd__a32oi_4)
     3    0.027496    0.464286    0.493987   41.859333 ^ _2370_/Y (sky130_fd_sc_hd__a32oi_4)
                                                         _0511_ (net)
                      0.464288    0.001666   41.860996 ^ _2388_/B2 (sky130_fd_sc_hd__a22oi_4)
     5    0.026597    0.188275    0.289898   42.150894 v _2388_/Y (sky130_fd_sc_hd__a22oi_4)
                                                         _0529_ (net)
                      0.188292    0.001766   42.152660 v _2396_/A2 (sky130_fd_sc_hd__o21ai_4)
     5    0.045098    0.546040    0.537124   42.689785 ^ _2396_/Y (sky130_fd_sc_hd__o21ai_4)
                                                         _0537_ (net)
                      0.546066    0.003102   42.692886 ^ _2402_/A2 (sky130_fd_sc_hd__o21ai_4)
     3    0.021697    0.151931    0.288082   42.980968 v _2402_/Y (sky130_fd_sc_hd__o21ai_4)
                                                         _0543_ (net)
                      0.151939    0.001251   42.982220 v _2413_/B1 (sky130_fd_sc_hd__o22ai_4)
     2    0.013340    0.283247    0.289852   43.272072 ^ _2413_/Y (sky130_fd_sc_hd__o22ai_4)
                                                         _0554_ (net)
                      0.283247    0.000536   43.272610 ^ fanout166/A (sky130_fd_sc_hd__buf_6)
     6    0.042839    0.148736    0.331088   43.603695 ^ fanout166/X (sky130_fd_sc_hd__buf_6)
                                                         net166 (net)
                      0.148765    0.002061   43.605755 ^ _2416_/B (sky130_fd_sc_hd__nand2_4)
     3    0.017605    0.165380    0.153783   43.759541 v _2416_/Y (sky130_fd_sc_hd__nand2_4)
                                                         _0557_ (net)
                      0.165382    0.000959   43.760498 v _2444_/A3 (sky130_fd_sc_hd__a32oi_2)
     1    0.006275    0.267211    0.403755   44.164253 ^ _2444_/Y (sky130_fd_sc_hd__a32oi_2)
                                                         _0585_ (net)
                      0.267211    0.000458   44.164711 ^ _2451_/B2 (sky130_fd_sc_hd__o22ai_2)
     2    0.014940    0.187687    0.256019   44.420731 v _2451_/Y (sky130_fd_sc_hd__o22ai_2)
                                                         _0592_ (net)
                      0.187691    0.001059   44.421791 v _2459_/A1 (sky130_fd_sc_hd__a211oi_4)
     5    0.031169    0.644883    0.697803   45.119595 ^ _2459_/Y (sky130_fd_sc_hd__a211oi_4)
                                                         _0600_ (net)
                      0.644897    0.002434   45.122028 ^ _2477_/A (sky130_fd_sc_hd__nand3_4)
     2    0.023973    0.266643    0.404455   45.526482 v _2477_/Y (sky130_fd_sc_hd__nand3_4)
                                                         net91 (net)
                      0.266650    0.002615   45.529095 v fanout160/A (sky130_fd_sc_hd__buf_8)
     7    0.055944    0.089827    0.356234   45.885330 v fanout160/X (sky130_fd_sc_hd__buf_8)
                                                         net160 (net)
                      0.090061    0.003883   45.889214 v output91/A (sky130_fd_sc_hd__buf_6)
     1    0.034100    0.075745    0.255724   46.144939 v output91/X (sky130_fd_sc_hd__buf_6)
                                                         irq_o (net)
                      0.075788    0.001613   46.146549 v irq_o (out)
                                             46.146549   data arrival time

                                 50.000000   50.000000   clock clk_i (rise edge)
                                  0.000000   50.000000   clock network delay (propagated)
                                 -0.250000   49.749996   clock uncertainty
                                  0.000000   49.749996   clock reconvergence pessimism
                                -10.000000   39.749996   output external delay
                                             39.749996   data required time
---------------------------------------------------------------------------------------------
                                             39.749996   data required time
                                            -46.146549   data arrival time
---------------------------------------------------------------------------------------------
                                             -6.396554   slack (VIOLATED)




===========================================================================
report_checks --slack_max -0.01
============================================================================
======================= max_ss_100C_1v60 Corner ===================================

Startpoint: intr_src_i[0] (input port clocked by clk_i)
Endpoint: irq_o (output port clocked by clk_i)
Path Group: clk_i
Path Type: max

Fanout         Cap        Slew       Delay        Time   Description
---------------------------------------------------------------------------------------------
                                  0.000000    0.000000   clock clk_i (rise edge)
                                  0.000000    0.000000   clock network delay (propagated)
                                 10.000000   10.000000 ^ input external delay
     2    0.004914    0.046604    0.026995   10.026996 ^ intr_src_i[0] (in)
                                                         intr_src_i[0] (net)
                      0.046605    0.000000   10.026996 ^ input1/A (sky130_fd_sc_hd__buf_4)
     3    0.028323    0.140210    0.250257   10.277252 ^ input1/X (sky130_fd_sc_hd__buf_4)
                                                         net1 (net)
                      0.140453    0.003882   10.281135 ^ _1571_/B (sky130_fd_sc_hd__and2b_1)
     4    0.016073    0.243394    0.388550   10.669684 ^ _1571_/X (sky130_fd_sc_hd__and2b_1)
                                                         _1060_ (net)
                      0.243394    0.000943   10.670628 ^ _1572_/C1 (sky130_fd_sc_hd__o211a_1)
     3    0.014462    0.212728    0.465021   11.135649 ^ _1572_/X (sky130_fd_sc_hd__o211a_1)
                                                         _1061_ (net)
                      0.212730    0.001165   11.136813 ^ fanout251/A (sky130_fd_sc_hd__buf_6)
     6    0.043042    0.148634    0.305164   11.441978 ^ fanout251/X (sky130_fd_sc_hd__buf_6)
                                                         net251 (net)
                      0.148751    0.003797   11.445774 ^ _1599_/D1 (sky130_fd_sc_hd__o2111ai_4)
     1    0.009863    0.235154    0.246653   11.692428 v _1599_/Y (sky130_fd_sc_hd__o2111ai_4)
                                                         _1088_ (net)
                      0.235154    0.000761   11.693189 v _1602_/C (sky130_fd_sc_hd__nand3_4)
     4    0.026992    0.177955    0.268735   11.961925 ^ _1602_/Y (sky130_fd_sc_hd__nand3_4)
                                                         _1091_ (net)
                      0.177956    0.000890   11.962814 ^ _1605_/A (sky130_fd_sc_hd__nand3_4)
     6    0.025900    0.216372    0.245842   12.208656 v _1605_/Y (sky130_fd_sc_hd__nand3_4)
                                                         _1094_ (net)
                      0.216387    0.002000   12.210657 v _1609_/A1 (sky130_fd_sc_hd__a21o_1)
     1    0.009077    0.109230    0.398582   12.609239 v _1609_/X (sky130_fd_sc_hd__a21o_1)
                                                         _1098_ (net)
                      0.109232    0.000697   12.609936 v _1627_/B1 (sky130_fd_sc_hd__a22oi_4)
     3    0.016823    0.306596    0.298947   12.908882 ^ _1627_/Y (sky130_fd_sc_hd__a22oi_4)
                                                         _1116_ (net)
                      0.306597    0.001185   12.910068 ^ _1629_/A2 (sky130_fd_sc_hd__a21oi_2)
     1    0.004623    0.089321    0.194544   13.104611 v _1629_/Y (sky130_fd_sc_hd__a21oi_2)
                                                         _1118_ (net)
                      0.089321    0.000310   13.104921 v fanout210/A (sky130_fd_sc_hd__buf_4)
     3    0.021411    0.080991    0.288887   13.393808 v fanout210/X (sky130_fd_sc_hd__buf_4)
                                                         net210 (net)
                      0.080997    0.000738   13.394547 v fanout209/A (sky130_fd_sc_hd__buf_6)
     6    0.034821    0.076853    0.251863   13.646409 v fanout209/X (sky130_fd_sc_hd__buf_6)
                                                         net209 (net)
                      0.076984    0.002700   13.649109 v _1637_/A2 (sky130_fd_sc_hd__o211ai_4)
     1    0.010939    0.264024    0.289632   13.938742 ^ _1637_/Y (sky130_fd_sc_hd__o211ai_4)
                                                         _1126_ (net)
                      0.264025    0.000855   13.939596 ^ _1644_/A (sky130_fd_sc_hd__nand3_4)
     2    0.016365    0.164761    0.231130   14.170727 v _1644_/Y (sky130_fd_sc_hd__nand3_4)
                                                         _1133_ (net)
                      0.164771    0.001331   14.172058 v _1667_/B2 (sky130_fd_sc_hd__a2bb2oi_4)
     5    0.043775    0.505666    0.528449   14.700507 ^ _1667_/Y (sky130_fd_sc_hd__a2bb2oi_4)
                                                         _1156_ (net)
                      0.505684    0.002556   14.703063 ^ _1677_/B (sky130_fd_sc_hd__nand2_4)
     2    0.014403    0.119976    0.242424   14.945487 v _1677_/Y (sky130_fd_sc_hd__nand2_4)
                                                         _1166_ (net)
                      0.119981    0.000941   14.946428 v _1698_/A1 (sky130_fd_sc_hd__a221oi_4)
     3    0.027645    0.611353    0.714453   15.660881 ^ _1698_/Y (sky130_fd_sc_hd__a221oi_4)
                                                         _1187_ (net)
                      0.611353    0.001746   15.662627 ^ _1713_/A2 (sky130_fd_sc_hd__o21ai_4)
     2    0.012493    0.137655    0.264487   15.927114 v _1713_/Y (sky130_fd_sc_hd__o21ai_4)
                                                         _1202_ (net)
                      0.137657    0.000835   15.927949 v _1715_/B1 (sky130_fd_sc_hd__o32ai_4)
     6    0.044733    0.839755    0.515623   16.443573 ^ _1715_/Y (sky130_fd_sc_hd__o32ai_4)
                                                         _1204_ (net)
                      0.839768    0.002682   16.446255 ^ _1716_/B1 (sky130_fd_sc_hd__a21oi_4)
     5    0.023928    0.200481    0.290045   16.736300 v _1716_/Y (sky130_fd_sc_hd__a21oi_4)
                                                         _1205_ (net)
                      0.200491    0.001414   16.737715 v _1733_/B2 (sky130_fd_sc_hd__o22ai_4)
     2    0.013469    0.284583    0.270788   17.008501 ^ _1733_/Y (sky130_fd_sc_hd__o22ai_4)
                                                         _1222_ (net)
                      0.284583    0.001007   17.009508 ^ _1737_/B (sky130_fd_sc_hd__nand3_4)
     2    0.014518    0.162315    0.245528   17.255037 v _1737_/Y (sky130_fd_sc_hd__nand3_4)
                                                         _1226_ (net)
                      0.162321    0.000981   17.256018 v _1747_/A1 (sky130_fd_sc_hd__o21ai_4)
     6    0.039635    0.491014    0.524047   17.780064 ^ _1747_/Y (sky130_fd_sc_hd__o21ai_4)
                                                         _1236_ (net)
                      0.491064    0.003986   17.784050 ^ _1754_/A1 (sky130_fd_sc_hd__a21oi_4)
     5    0.033284    0.209207    0.335119   18.119169 v _1754_/Y (sky130_fd_sc_hd__a21oi_4)
                                                         _1243_ (net)
                      0.209225    0.002107   18.121275 v _1789_/B1 (sky130_fd_sc_hd__a32oi_4)
     3    0.024795    0.437120    0.463563   18.584839 ^ _1789_/Y (sky130_fd_sc_hd__a32oi_4)
                                                         _1278_ (net)
                      0.437122    0.001766   18.586605 ^ _1793_/A2 (sky130_fd_sc_hd__a21oi_2)
     1    0.002952    0.091823    0.218115   18.804720 v _1793_/Y (sky130_fd_sc_hd__a21oi_2)
                                                         _1282_ (net)
                      0.091823    0.000121   18.804840 v fanout206/A (sky130_fd_sc_hd__clkbuf_2)
     3    0.012738    0.102882    0.240471   19.045311 v fanout206/X (sky130_fd_sc_hd__clkbuf_2)
                                                         net206 (net)
                      0.102884    0.000600   19.045912 v fanout205/A (sky130_fd_sc_hd__buf_4)
     6    0.023549    0.085407    0.300656   19.346567 v fanout205/X (sky130_fd_sc_hd__buf_4)
                                                         net205 (net)
                      0.085418    0.000986   19.347553 v _1801_/A2 (sky130_fd_sc_hd__o211a_1)
     1    0.008487    0.120746    0.434747   19.782301 v _1801_/X (sky130_fd_sc_hd__o211a_1)
                                                         _1290_ (net)
                      0.120747    0.000647   19.782948 v _1811_/A2 (sky130_fd_sc_hd__o21ai_4)
     3    0.016337    0.265879    0.294660   20.077608 ^ _1811_/Y (sky130_fd_sc_hd__o21ai_4)
                                                         _1300_ (net)
                      0.265881    0.001132   20.078739 ^ fanout201/A (sky130_fd_sc_hd__buf_6)
     6    0.038816    0.136741    0.316192   20.394930 ^ fanout201/X (sky130_fd_sc_hd__buf_6)
                                                         net201 (net)
                      0.136791    0.002478   20.397409 ^ _1814_/A (sky130_fd_sc_hd__nand2_1)
     3    0.019241    0.324784    0.317323   20.714731 v _1814_/Y (sky130_fd_sc_hd__nand2_1)
                                                         _1303_ (net)
                      0.324785    0.001105   20.715837 v _1816_/C1 (sky130_fd_sc_hd__o311a_4)
     3    0.022416    0.139050    0.383979   21.099815 v _1816_/X (sky130_fd_sc_hd__o311a_4)
                                                         _1305_ (net)
                      0.139091    0.002263   21.102079 v _1819_/B1 (sky130_fd_sc_hd__a31o_1)
     2    0.009837    0.124294    0.420476   21.522554 v _1819_/X (sky130_fd_sc_hd__a31o_1)
                                                         _1308_ (net)
                      0.124297    0.000783   21.523338 v _1849_/A1 (sky130_fd_sc_hd__o211a_1)
     1    0.010331    0.137328    0.495911   22.019249 v _1849_/X (sky130_fd_sc_hd__o211a_1)
                                                         _1338_ (net)
                      0.137330    0.000819   22.020069 v _1859_/A1 (sky130_fd_sc_hd__o21ai_4)
     2    0.014944    0.249357    0.329202   22.349270 ^ _1859_/Y (sky130_fd_sc_hd__o21ai_4)
                                                         _1348_ (net)
                      0.249358    0.000915   22.350185 ^ fanout195/A (sky130_fd_sc_hd__buf_6)
     6    0.035666    0.127360    0.304086   22.654270 ^ fanout195/X (sky130_fd_sc_hd__buf_6)
                                                         net195 (net)
                      0.127381    0.001624   22.655893 ^ _1878_/C1 (sky130_fd_sc_hd__o211ai_4)
     5    0.026860    0.229781    0.245700   22.901594 v _1878_/Y (sky130_fd_sc_hd__o211ai_4)
                                                         _1367_ (net)
                      0.229800    0.002183   22.903778 v _1881_/B1 (sky130_fd_sc_hd__o211ai_2)
     1    0.009458    0.279486    0.215303   23.119081 ^ _1881_/Y (sky130_fd_sc_hd__o211ai_2)
                                                         _1370_ (net)
                      0.279487    0.000725   23.119806 ^ _1888_/A (sky130_fd_sc_hd__nand3_4)
     2    0.019153    0.192348    0.250608   23.370415 v _1888_/Y (sky130_fd_sc_hd__nand3_4)
                                                         _1377_ (net)
                      0.192351    0.001156   23.371571 v _1906_/B2 (sky130_fd_sc_hd__a2bb2oi_4)
     2    0.014623    0.223140    0.317371   23.688942 ^ _1906_/Y (sky130_fd_sc_hd__a2bb2oi_4)
                                                         _1395_ (net)
                      0.223151    0.000698   23.689640 ^ fanout191/A (sky130_fd_sc_hd__buf_6)
     6    0.023072    0.091910    0.266159   23.955797 ^ fanout191/X (sky130_fd_sc_hd__buf_6)
                                                         net191 (net)
                      0.091922    0.001089   23.956886 ^ _1919_/A2 (sky130_fd_sc_hd__o211ai_2)
     1    0.011056    0.214230    0.231394   24.188280 v _1919_/Y (sky130_fd_sc_hd__o211ai_2)
                                                         _1408_ (net)
                      0.214231    0.000943   24.189224 v _1923_/A1 (sky130_fd_sc_hd__o21ai_4)
     2    0.018628    0.283746    0.388932   24.578156 ^ _1923_/Y (sky130_fd_sc_hd__o21ai_4)
                                                         _1412_ (net)
                      0.283749    0.001327   24.579483 ^ fanout190/A (sky130_fd_sc_hd__buf_8)
     6    0.044301    0.128851    0.310195   24.889677 ^ fanout190/X (sky130_fd_sc_hd__buf_8)
                                                         net190 (net)
                      0.128943    0.003171   24.892847 ^ _1942_/C1 (sky130_fd_sc_hd__o211ai_4)
     3    0.013530    0.158519    0.187324   25.080172 v _1942_/Y (sky130_fd_sc_hd__o211ai_4)
                                                         _1431_ (net)
                      0.158522    0.001277   25.081450 v _1945_/B1 (sky130_fd_sc_hd__o211ai_2)
     1    0.009724    0.283577    0.183491   25.264938 ^ _1945_/Y (sky130_fd_sc_hd__o211ai_2)
                                                         _1434_ (net)
                      0.283578    0.000755   25.265694 ^ _1952_/A (sky130_fd_sc_hd__nand3_4)
     2    0.018027    0.176767    0.246191   25.511885 v _1952_/Y (sky130_fd_sc_hd__nand3_4)
                                                         _1441_ (net)
                      0.176772    0.001195   25.513081 v _1956_/B (sky130_fd_sc_hd__nand2_4)
     6    0.036109    0.189496    0.245752   25.758833 ^ _1956_/Y (sky130_fd_sc_hd__nand2_4)
                                                         _1445_ (net)
                      0.189601    0.001993   25.760826 ^ _1990_/A1 (sky130_fd_sc_hd__a31oi_2)
     1    0.011451    0.216392    0.275353   26.036179 v _1990_/Y (sky130_fd_sc_hd__a31oi_2)
                                                         _1479_ (net)
                      0.216394    0.000977   26.037155 v _1993_/B1 (sky130_fd_sc_hd__a22oi_4)
     3    0.026261    0.391862    0.413033   26.450188 ^ _1993_/Y (sky130_fd_sc_hd__a22oi_4)
                                                         _1482_ (net)
                      0.391865    0.001792   26.451981 ^ _2000_/B2 (sky130_fd_sc_hd__a22oi_4)
     2    0.011702    0.128526    0.212557   26.664537 v _2000_/Y (sky130_fd_sc_hd__a22oi_4)
                                                         _1489_ (net)
                      0.128527    0.000840   26.665379 v fanout186/A (sky130_fd_sc_hd__buf_6)
     6    0.033409    0.074850    0.273625   26.939003 v fanout186/X (sky130_fd_sc_hd__buf_6)
                                                         net186 (net)
                      0.074909    0.001837   26.940840 v _2020_/A2 (sky130_fd_sc_hd__o211ai_4)
     3    0.022079    0.373529    0.375614   27.316454 ^ _2020_/Y (sky130_fd_sc_hd__o211ai_4)
                                                         _1509_ (net)
                      0.373531    0.001691   27.318146 ^ _2022_/B1 (sky130_fd_sc_hd__o21ai_4)
     2    0.017924    0.144571    0.250301   27.568445 v _2022_/Y (sky130_fd_sc_hd__o21ai_4)
                                                         _0163_ (net)
                      0.144575    0.001325   27.569771 v _2023_/B1 (sky130_fd_sc_hd__a21oi_4)
     4    0.020910    0.294853    0.322251   27.892021 ^ _2023_/Y (sky130_fd_sc_hd__a21oi_4)
                                                         _0164_ (net)
                      0.294853    0.001055   27.893078 ^ _2057_/B2 (sky130_fd_sc_hd__o22ai_4)
     2    0.012779    0.136460    0.214687   28.107763 v _2057_/Y (sky130_fd_sc_hd__o22ai_4)
                                                         _0198_ (net)
                      0.136461    0.000954   28.108719 v _2067_/A2 (sky130_fd_sc_hd__a31oi_4)
     3    0.025447    0.380713    0.437693   28.546410 ^ _2067_/Y (sky130_fd_sc_hd__a31oi_4)
                                                         _0208_ (net)
                      0.380848    0.001990   28.548401 ^ _2068_/A (sky130_fd_sc_hd__nand2_4)
     6    0.044991    0.233754    0.314561   28.862961 v _2068_/Y (sky130_fd_sc_hd__nand2_4)
                                                         _0209_ (net)
                      0.233922    0.005093   28.868053 v _2075_/A2_N (sky130_fd_sc_hd__o2bb2ai_4)
     2    0.012630    0.112652    0.308459   29.176512 v _2075_/Y (sky130_fd_sc_hd__o2bb2ai_4)
                                                         _0216_ (net)
                      0.112654    0.000886   29.177399 v _2087_/A3 (sky130_fd_sc_hd__a31oi_4)
     3    0.027006    0.396602    0.464803   29.642202 ^ _2087_/Y (sky130_fd_sc_hd__a31oi_4)
                                                         _0228_ (net)
                      0.396602    0.001565   29.643768 ^ _2089_/A (sky130_fd_sc_hd__nand2_4)
     6    0.032817    0.190312    0.281142   29.924910 v _2089_/Y (sky130_fd_sc_hd__nand2_4)
                                                         _0230_ (net)
                      0.190454    0.002689   29.927599 v _2095_/A2_N (sky130_fd_sc_hd__o2bb2ai_4)
     2    0.015239    0.118908    0.297970   30.225569 v _2095_/Y (sky130_fd_sc_hd__o2bb2ai_4)
                                                         _0236_ (net)
                      0.118954    0.001108   30.226677 v _2112_/B1 (sky130_fd_sc_hd__a2bb2oi_4)
     2    0.021249    0.282404    0.354678   30.581356 ^ _2112_/Y (sky130_fd_sc_hd__a2bb2oi_4)
                                                         _0253_ (net)
                      0.282407    0.001481   30.582836 ^ _2116_/A1 (sky130_fd_sc_hd__a21oi_4)
     3    0.015855    0.119927    0.206132   30.788969 v _2116_/Y (sky130_fd_sc_hd__a21oi_4)
                                                         _0257_ (net)
                      0.119928    0.000835   30.789804 v fanout181/A (sky130_fd_sc_hd__buf_6)
     6    0.031249    0.072251    0.266787   31.056591 v fanout181/X (sky130_fd_sc_hd__buf_6)
                                                         net181 (net)
                      0.072409    0.002839   31.059429 v _2124_/A1 (sky130_fd_sc_hd__o211ai_4)
     2    0.020696    0.357214    0.399769   31.459198 ^ _2124_/Y (sky130_fd_sc_hd__o211ai_4)
                                                         _0265_ (net)
                      0.357215    0.001293   31.460491 ^ _2132_/C (sky130_fd_sc_hd__nand3_4)
     3    0.029829    0.255459    0.345821   31.806313 v _2132_/Y (sky130_fd_sc_hd__nand3_4)
                                                         _0273_ (net)
                      0.255468    0.001886   31.808199 v _2141_/A (sky130_fd_sc_hd__nand2_8)
     4    0.026717    0.109270    0.201112   32.009312 ^ _2141_/Y (sky130_fd_sc_hd__nand2_8)
                                                         _0282_ (net)
                      0.109295    0.001585   32.010895 ^ _2149_/A1 (sky130_fd_sc_hd__a31oi_4)
     5    0.028064    0.258701    0.269480   32.280376 v _2149_/Y (sky130_fd_sc_hd__a31oi_4)
                                                         _0290_ (net)
                      0.258709    0.001791   32.282166 v _2172_/B1 (sky130_fd_sc_hd__a32oi_4)
     3    0.024674    0.436033    0.484164   32.766331 ^ _2172_/Y (sky130_fd_sc_hd__a32oi_4)
                                                         _0313_ (net)
                      0.436034    0.000853   32.767185 ^ _2173_/B1 (sky130_fd_sc_hd__o21ai_4)
     2    0.013034    0.136781    0.250161   33.017345 v _2173_/Y (sky130_fd_sc_hd__o21ai_4)
                                                         _0314_ (net)
                      0.136782    0.000792   33.018135 v fanout179/A (sky130_fd_sc_hd__buf_6)
     6    0.026107    0.067355    0.267427   33.285564 v fanout179/X (sky130_fd_sc_hd__buf_6)
                                                         net179 (net)
                      0.067367    0.000906   33.286469 v _2178_/A2_N (sky130_fd_sc_hd__o2bb2ai_2)
     2    0.018014    0.181103    0.298336   33.584805 v _2178_/Y (sky130_fd_sc_hd__o2bb2ai_2)
                                                         _0319_ (net)
                      0.181108    0.001286   33.586090 v _2191_/B1 (sky130_fd_sc_hd__a22oi_4)
     2    0.020653    0.339618    0.356835   33.942924 ^ _2191_/Y (sky130_fd_sc_hd__a22oi_4)
                                                         _0332_ (net)
                      0.339619    0.001002   33.943928 ^ _2192_/B1 (sky130_fd_sc_hd__o21ai_4)
     2    0.012723    0.120541    0.218936   34.162865 v _2192_/Y (sky130_fd_sc_hd__o21ai_4)
                                                         _0333_ (net)
                      0.120543    0.000899   34.163761 v fanout176/A (sky130_fd_sc_hd__buf_6)
     3    0.016156    0.051847    0.243041   34.406803 v fanout176/X (sky130_fd_sc_hd__buf_6)
                                                         net176 (net)
                      0.051900    0.001044   34.407848 v _2203_/A2_N (sky130_fd_sc_hd__o2bb2ai_2)
     2    0.013442    0.141605    0.264919   34.672768 v _2203_/Y (sky130_fd_sc_hd__o2bb2ai_2)
                                                         _0344_ (net)
                      0.141612    0.001151   34.673920 v _2217_/B1 (sky130_fd_sc_hd__a22oi_4)
     2    0.020886    0.341669    0.342741   35.016659 ^ _2217_/Y (sky130_fd_sc_hd__a22oi_4)
                                                         _0358_ (net)
                      0.341671    0.001325   35.017982 ^ _2227_/A2 (sky130_fd_sc_hd__a21oi_4)
     3    0.015698    0.117504    0.229452   35.247437 v _2227_/Y (sky130_fd_sc_hd__a21oi_4)
                                                         _0368_ (net)
                      0.117506    0.000941   35.248379 v fanout171/A (sky130_fd_sc_hd__buf_6)
     6    0.030275    0.070928    0.264702   35.513081 v fanout171/X (sky130_fd_sc_hd__buf_6)
                                                         net171 (net)
                      0.070978    0.001620   35.514698 v _2229_/B1 (sky130_fd_sc_hd__o22ai_4)
     4    0.033417    0.478970    0.409369   35.924068 ^ _2229_/Y (sky130_fd_sc_hd__o22ai_4)
                                                         _0370_ (net)
                      0.479007    0.003258   35.927326 ^ _2235_/A (sky130_fd_sc_hd__nand3_4)
     3    0.023537    0.274074    0.344478   36.271805 v _2235_/Y (sky130_fd_sc_hd__nand3_4)
                                                         _0376_ (net)
                      0.274079    0.001442   36.273247 v _2251_/B1 (sky130_fd_sc_hd__a22oi_4)
     6    0.038355    0.507822    0.529546   36.802792 ^ _2251_/Y (sky130_fd_sc_hd__a22oi_4)
                                                         _0392_ (net)
                      0.507847    0.002792   36.805584 ^ _2258_/B2 (sky130_fd_sc_hd__o22ai_4)
     3    0.029510    0.216910    0.351129   37.156715 v _2258_/Y (sky130_fd_sc_hd__o22ai_4)
                                                         _0399_ (net)
                      0.216928    0.002114   37.158829 v _2266_/A1 (sky130_fd_sc_hd__a21oi_4)
     4    0.031417    0.397360    0.458041   37.616867 ^ _2266_/Y (sky130_fd_sc_hd__a21oi_4)
                                                         _0407_ (net)
                      0.397507    0.001759   37.618626 ^ _2315_/A2 (sky130_fd_sc_hd__o211ai_2)
     2    0.009903    0.229584    0.313648   37.932274 v _2315_/Y (sky130_fd_sc_hd__o211ai_2)
                                                         _0456_ (net)
                      0.229584    0.000490   37.932766 v _2316_/B1 (sky130_fd_sc_hd__o21ai_2)
     2    0.022516    0.460506    0.271662   38.204426 ^ _2316_/Y (sky130_fd_sc_hd__o21ai_2)
                                                         _0457_ (net)
                      0.460517    0.001823   38.206249 ^ _2321_/B (sky130_fd_sc_hd__nand3_4)
     2    0.012992    0.163809    0.287475   38.493725 v _2321_/Y (sky130_fd_sc_hd__nand3_4)
                                                         _0462_ (net)
                      0.163828    0.000966   38.494690 v _2329_/A1 (sky130_fd_sc_hd__a21oi_4)
     5    0.037010    0.453108    0.477364   38.972054 ^ _2329_/Y (sky130_fd_sc_hd__a21oi_4)
                                                         _0470_ (net)
                      0.453114    0.001329   38.973385 ^ _2339_/A2 (sky130_fd_sc_hd__o211ai_2)
     1    0.010883    0.211894    0.339075   39.312458 v _2339_/Y (sky130_fd_sc_hd__o211ai_2)
                                                         _0480_ (net)
                      0.211895    0.000931   39.313389 v _2340_/A (sky130_fd_sc_hd__nand3_4)
     2    0.014941    0.136093    0.180894   39.494282 ^ _2340_/Y (sky130_fd_sc_hd__nand3_4)
                                                         _0481_ (net)
                      0.136094    0.000664   39.494946 ^ _2348_/B2 (sky130_fd_sc_hd__a22oi_4)
     2    0.013076    0.134151    0.143785   39.638733 v _2348_/Y (sky130_fd_sc_hd__a22oi_4)
                                                         _0489_ (net)
                      0.134151    0.000590   39.639320 v fanout169/A (sky130_fd_sc_hd__buf_6)
     4    0.019716    0.057189    0.255383   39.894707 v fanout169/X (sky130_fd_sc_hd__buf_6)
                                                         net169 (net)
                      0.057233    0.001453   39.896160 v _2354_/B2 (sky130_fd_sc_hd__o22ai_4)
     3    0.033649    0.481612    0.368196   40.264355 ^ _2354_/Y (sky130_fd_sc_hd__o22ai_4)
                                                         _0495_ (net)
                      0.481628    0.002171   40.266525 ^ _2361_/A1 (sky130_fd_sc_hd__o21ai_4)
     4    0.022884    0.158383    0.303334   40.569859 v _2361_/Y (sky130_fd_sc_hd__o21ai_4)
                                                         _0502_ (net)
                      0.158394    0.001357   40.571217 v _2365_/B1 (sky130_fd_sc_hd__o22ai_4)
     5    0.040043    0.546260    0.496158   41.067375 ^ _2365_/Y (sky130_fd_sc_hd__o22ai_4)
                                                         _0506_ (net)
                      0.546270    0.001865   41.069241 ^ _2366_/B1 (sky130_fd_sc_hd__o21ai_4)
     2    0.014974    0.162335    0.294950   41.364189 v _2366_/Y (sky130_fd_sc_hd__o21ai_4)
                                                         _0507_ (net)
                      0.162337    0.001155   41.365345 v _2370_/A1 (sky130_fd_sc_hd__a32oi_4)
     3    0.027496    0.464286    0.493987   41.859333 ^ _2370_/Y (sky130_fd_sc_hd__a32oi_4)
                                                         _0511_ (net)
                      0.464288    0.001666   41.860996 ^ _2388_/B2 (sky130_fd_sc_hd__a22oi_4)
     5    0.026597    0.188275    0.289898   42.150894 v _2388_/Y (sky130_fd_sc_hd__a22oi_4)
                                                         _0529_ (net)
                      0.188292    0.001766   42.152660 v _2396_/A2 (sky130_fd_sc_hd__o21ai_4)
     5    0.045098    0.546040    0.537124   42.689785 ^ _2396_/Y (sky130_fd_sc_hd__o21ai_4)
                                                         _0537_ (net)
                      0.546066    0.003102   42.692886 ^ _2402_/A2 (sky130_fd_sc_hd__o21ai_4)
     3    0.021697    0.151931    0.288082   42.980968 v _2402_/Y (sky130_fd_sc_hd__o21ai_4)
                                                         _0543_ (net)
                      0.151939    0.001251   42.982220 v _2413_/B1 (sky130_fd_sc_hd__o22ai_4)
     2    0.013340    0.283247    0.289852   43.272072 ^ _2413_/Y (sky130_fd_sc_hd__o22ai_4)
                                                         _0554_ (net)
                      0.283247    0.000536   43.272610 ^ fanout166/A (sky130_fd_sc_hd__buf_6)
     6    0.042839    0.148736    0.331088   43.603695 ^ fanout166/X (sky130_fd_sc_hd__buf_6)
                                                         net166 (net)
                      0.148765    0.002061   43.605755 ^ _2416_/B (sky130_fd_sc_hd__nand2_4)
     3    0.017605    0.165380    0.153783   43.759541 v _2416_/Y (sky130_fd_sc_hd__nand2_4)
                                                         _0557_ (net)
                      0.165382    0.000959   43.760498 v _2444_/A3 (sky130_fd_sc_hd__a32oi_2)
     1    0.006275    0.267211    0.403755   44.164253 ^ _2444_/Y (sky130_fd_sc_hd__a32oi_2)
                                                         _0585_ (net)
                      0.267211    0.000458   44.164711 ^ _2451_/B2 (sky130_fd_sc_hd__o22ai_2)
     2    0.014940    0.187687    0.256019   44.420731 v _2451_/Y (sky130_fd_sc_hd__o22ai_2)
                                                         _0592_ (net)
                      0.187691    0.001059   44.421791 v _2459_/A1 (sky130_fd_sc_hd__a211oi_4)
     5    0.031169    0.644883    0.697803   45.119595 ^ _2459_/Y (sky130_fd_sc_hd__a211oi_4)
                                                         _0600_ (net)
                      0.644897    0.002434   45.122028 ^ _2477_/A (sky130_fd_sc_hd__nand3_4)
     2    0.023973    0.266643    0.404455   45.526482 v _2477_/Y (sky130_fd_sc_hd__nand3_4)
                                                         net91 (net)
                      0.266650    0.002615   45.529095 v fanout160/A (sky130_fd_sc_hd__buf_8)
     7    0.055944    0.089827    0.356234   45.885330 v fanout160/X (sky130_fd_sc_hd__buf_8)
                                                         net160 (net)
                      0.090061    0.003883   45.889214 v output91/A (sky130_fd_sc_hd__buf_6)
     1    0.034100    0.075745    0.255724   46.144939 v output91/X (sky130_fd_sc_hd__buf_6)
                                                         irq_o (net)
                      0.075788    0.001613   46.146549 v irq_o (out)
                                             46.146549   data arrival time

                                 50.000000   50.000000   clock clk_i (rise edge)
                                  0.000000   50.000000   clock network delay (propagated)
                                 -0.250000   49.749996   clock uncertainty
                                  0.000000   49.749996   clock reconvergence pessimism
                                -10.000000   39.749996   output external delay
                                             39.749996   data required time
---------------------------------------------------------------------------------------------
                                             39.749996   data required time
                                            -46.146549   data arrival time
---------------------------------------------------------------------------------------------
                                             -6.396554   slack (VIOLATED)




===========================================================================
 report_check_types -max_slew -max_cap -max_fanout -violators
============================================================================
======================= max_ss_100C_1v60 Corner ===================================

max slew

Pin                                        Limit        Slew       Slack
------------------------------------------------------------------------
_1514_/A                                1.000000    1.340379   -0.340379 (VIOLATED)
ANTENNA__1514__A/DIODE                  1.000000    1.340375   -0.340375 (VIOLATED)
_2026_/A1                               1.000000    1.340356   -0.340356 (VIOLATED)
ANTENNA__2026__A1/DIODE                 1.000000    1.340342   -0.340342 (VIOLATED)
_2273_/A1                               1.000000    1.340330   -0.340330 (VIOLATED)
ANTENNA__2273__A1/DIODE                 1.000000    1.340329   -0.340329 (VIOLATED)
_2439_/A1                               1.000000    1.340214   -0.340214 (VIOLATED)
ANTENNA__2439__A1/DIODE                 1.000000    1.340187   -0.340187 (VIOLATED)
fanout384/A                             1.000000    1.340111   -0.340111 (VIOLATED)
ANTENNA_fanout384_A/DIODE               1.000000    1.340109   -0.340109 (VIOLATED)
ANTENNA_hold472_X/DIODE                 1.000000    1.340109   -0.340109 (VIOLATED)
hold472/X                               1.000000    1.340109   -0.340109 (VIOLATED)
_3266_/D                                1.000000    1.290766   -0.290766 (VIOLATED)
ANTENNA__3266__D/DIODE                  1.000000    1.290766   -0.290766 (VIOLATED)
ANTENNA__2751__Y/DIODE                  1.000000    1.290754   -0.290754 (VIOLATED)
_2751_/Y                                1.000000    1.290750   -0.290750 (VIOLATED)
_2239_/B1                               1.000000    1.220111   -0.220111 (VIOLATED)
_2254_/B2                               1.000000    1.220111   -0.220110 (VIOLATED)
ANTENNA__2254__B1/DIODE                 1.000000    1.220110   -0.220110 (VIOLATED)
ANTENNA__2239__B1/DIODE                 1.000000    1.220110   -0.220110 (VIOLATED)
_2235_/C                                1.000000    1.220106   -0.220106 (VIOLATED)
ANTENNA__2235__C/DIODE                  1.000000    1.220100   -0.220100 (VIOLATED)
ANTENNA__2260__C/DIODE                  1.000000    1.220084   -0.220084 (VIOLATED)
_2260_/C                                1.000000    1.220075   -0.220075 (VIOLATED)
ANTENNA__3037__A1/DIODE                 1.000000    1.220042   -0.220042 (VIOLATED)
ANTENNA__2538__B2/DIODE                 1.000000    1.220039   -0.220039 (VIOLATED)
_2538_/B2                               1.000000    1.220039   -0.220039 (VIOLATED)
ANTENNA_hold436_X/DIODE                 1.000000    1.220038   -0.220038 (VIOLATED)
_3037_/A1                               1.000000    1.220038   -0.220038 (VIOLATED)
hold436/X                               1.000000    1.220038   -0.220038 (VIOLATED)
_2629_/Y                                1.000000    1.110499   -0.110499 (VIOLATED)
_2630_/C                                1.000000    1.110499   -0.110499 (VIOLATED)
_1587_/A1                               1.000000    1.074667   -0.074667 (VIOLATED)
ANTENNA__1587__A1/DIODE                 1.000000    1.074665   -0.074665 (VIOLATED)
_1561_/A                                1.000000    1.074664   -0.074664 (VIOLATED)
_2584_/A1                               1.000000    1.074662   -0.074662 (VIOLATED)
ANTENNA__2584__A1/DIODE                 1.000000    1.074660   -0.074660 (VIOLATED)
ANTENNA__1561__A/DIODE                  1.000000    1.074658   -0.074658 (VIOLATED)
ANTENNA__1631__C1/DIODE                 1.000000    1.074658   -0.074658 (VIOLATED)
_1645_/A3                               1.000000    1.074658   -0.074658 (VIOLATED)
_1631_/C1                               1.000000    1.074657   -0.074657 (VIOLATED)
ANTENNA__1645__A3/DIODE                 1.000000    1.074656   -0.074657 (VIOLATED)
ANTENNA_hold220_X/DIODE                 1.000000    1.074649   -0.074649 (VIOLATED)
ANTENNA_hold892_A/DIODE                 1.000000    1.074646   -0.074646 (VIOLATED)
hold892/A                               1.000000    1.074643   -0.074643 (VIOLATED)
hold220/X                               1.000000    1.074643   -0.074643 (VIOLATED)
_1699_/B1                               1.000000    1.015832   -0.015832 (VIOLATED)
_1700_/C                                1.000000    1.015829   -0.015829 (VIOLATED)
ANTENNA__1700__C/DIODE                  1.000000    1.015829   -0.015829 (VIOLATED)
ANTENNA__1699__B1/DIODE                 1.000000    1.015827   -0.015827 (VIOLATED)
_1559_/A                                1.000000    1.015820   -0.015820 (VIOLATED)
ANTENNA__1559__A/DIODE                  1.000000    1.015820   -0.015820 (VIOLATED)
ANTENNA__1660__A1/DIODE                 1.000000    1.015805   -0.015805 (VIOLATED)
_1660_/A1                               1.000000    1.015801   -0.015801 (VIOLATED)
_2586_/A1                               1.000000    1.015801   -0.015801 (VIOLATED)
ANTENNA__2586__A1/DIODE                 1.000000    1.015800   -0.015800 (VIOLATED)
ANTENNA_hold214_X/DIODE                 1.000000    1.015797   -0.015797 (VIOLATED)
ANTENNA_hold882_A/DIODE                 1.000000    1.015797   -0.015797 (VIOLATED)
hold214/X                               1.000000    1.015797   -0.015797 (VIOLATED)
hold882/A                               1.000000    1.015797   -0.015797 (VIOLATED)
ANTENNA_hold849_A/DIODE                 1.000000    1.005612   -0.005612 (VIOLATED)
ANTENNA_hold186_X/DIODE                 1.000000    1.005611   -0.005611 (VIOLATED)
ANTENNA__2403__B1/DIODE                 1.000000    1.005607   -0.005607 (VIOLATED)
ANTENNA__2392__B1/DIODE                 1.000000    1.005603   -0.005603 (VIOLATED)
_2392_/B1                               1.000000    1.005602   -0.005602 (VIOLATED)
ANTENNA__1542__A/DIODE                  1.000000    1.005599   -0.005599 (VIOLATED)
ANTENNA__2391__B1/DIODE                 1.000000    1.005598   -0.005598 (VIOLATED)
_2391_/B1                               1.000000    1.005597   -0.005597 (VIOLATED)
_2535_/B2                               1.000000    1.005589   -0.005589 (VIOLATED)
ANTENNA__2535__B2/DIODE                 1.000000    1.005583   -0.005583 (VIOLATED)
_1542_/A                                1.000000    1.005557   -0.005557 (VIOLATED)
_2403_/B1                               1.000000    1.005529   -0.005529 (VIOLATED)
hold186/X                               1.000000    1.005493   -0.005493 (VIOLATED)
hold849/A                               1.000000    1.005493   -0.005493 (VIOLATED)

max fanout

Pin                                   Limit Fanout  Slack
---------------------------------------------------------
clkbuf_2_1__f_clk_i/X                     6     25    -19 (VIOLATED)
clkbuf_2_3__f_clk_i/X                     6     25    -19 (VIOLATED)
clkbuf_2_2__f_clk_i/X                     6     21    -15 (VIOLATED)
clkbuf_2_0__f_clk_i/X                     6     19    -13 (VIOLATED)
fanout444/X                               6     15     -9 (VIOLATED)
_2483_/X                                  6     13     -7 (VIOLATED)
_2866_/Y                                  6     13     -7 (VIOLATED)
_3149_/Q                                  6     13     -7 (VIOLATED)
_3206_/Q                                  6     13     -7 (VIOLATED)
_3218_/Q                                  6     13     -7 (VIOLATED)
_3239_/Q                                  6     13     -7 (VIOLATED)
_3244_/Q                                  6     13     -7 (VIOLATED)
_3249_/Q                                  6     13     -7 (VIOLATED)
fanout156/X                               6     13     -7 (VIOLATED)
fanout219/X                               6     13     -7 (VIOLATED)
fanout221/X                               6     13     -7 (VIOLATED)
fanout222/X                               6     13     -7 (VIOLATED)
fanout223/X                               6     13     -7 (VIOLATED)
fanout244/X                               6     13     -7 (VIOLATED)
fanout246/X                               6     13     -7 (VIOLATED)
fanout259/X                               6     13     -7 (VIOLATED)
fanout263/X                               6     13     -7 (VIOLATED)
fanout272/X                               6     13     -7 (VIOLATED)
fanout273/X                               6     13     -7 (VIOLATED)
fanout279/X                               6     13     -7 (VIOLATED)
fanout280/X                               6     13     -7 (VIOLATED)
fanout281/X                               6     13     -7 (VIOLATED)
fanout288/X                               6     13     -7 (VIOLATED)
fanout293/X                               6     13     -7 (VIOLATED)
fanout297/X                               6     13     -7 (VIOLATED)
fanout304/X                               6     13     -7 (VIOLATED)
fanout310/X                               6     13     -7 (VIOLATED)
fanout319/X                               6     13     -7 (VIOLATED)
fanout341/X                               6     13     -7 (VIOLATED)
fanout356/X                               6     13     -7 (VIOLATED)
fanout359/X                               6     13     -7 (VIOLATED)
fanout370/X                               6     13     -7 (VIOLATED)
fanout388/X                               6     13     -7 (VIOLATED)
fanout391/X                               6     13     -7 (VIOLATED)
fanout393/X                               6     13     -7 (VIOLATED)
fanout395/X                               6     13     -7 (VIOLATED)
fanout397/X                               6     13     -7 (VIOLATED)
fanout399/X                               6     13     -7 (VIOLATED)
fanout400/X                               6     13     -7 (VIOLATED)
fanout443/X                               6     13     -7 (VIOLATED)
fanout452/X                               6     13     -7 (VIOLATED)
fanout453/X                               6     13     -7 (VIOLATED)
fanout455/X                               6     13     -7 (VIOLATED)
fanout457/X                               6     13     -7 (VIOLATED)
fanout461/X                               6     13     -7 (VIOLATED)
fanout462/X                               6     13     -7 (VIOLATED)
fanout464/X                               6     13     -7 (VIOLATED)
fanout480/X                               6     13     -7 (VIOLATED)
fanout483/X                               6     13     -7 (VIOLATED)
fanout491/X                               6     13     -7 (VIOLATED)
fanout493/X                               6     13     -7 (VIOLATED)
fanout494/X                               6     13     -7 (VIOLATED)
fanout515/X                               6     13     -7 (VIOLATED)
hold176/X                                 6     13     -7 (VIOLATED)
hold182/X                                 6     13     -7 (VIOLATED)
hold186/X                                 6     13     -7 (VIOLATED)
hold192/X                                 6     13     -7 (VIOLATED)
hold214/X                                 6     13     -7 (VIOLATED)
hold216/X                                 6     13     -7 (VIOLATED)
hold220/X                                 6     13     -7 (VIOLATED)
hold398/X                                 6     13     -7 (VIOLATED)
hold421/X                                 6     13     -7 (VIOLATED)
hold424/X                                 6     13     -7 (VIOLATED)
hold436/X                                 6     13     -7 (VIOLATED)
hold457/X                                 6     13     -7 (VIOLATED)
hold460/X                                 6     13     -7 (VIOLATED)
hold466/X                                 6     13     -7 (VIOLATED)
hold516/X                                 6     13     -7 (VIOLATED)
input37/X                                 6     13     -7 (VIOLATED)
clkbuf_leaf_35_clk_i/X                    6     11     -5 (VIOLATED)
fanout220/X                               6     11     -5 (VIOLATED)
fanout242/X                               6     11     -5 (VIOLATED)
fanout245/X                               6     11     -5 (VIOLATED)
fanout258/X                               6     11     -5 (VIOLATED)
fanout262/X                               6     11     -5 (VIOLATED)
fanout396/X                               6     11     -5 (VIOLATED)
fanout401/X                               6     11     -5 (VIOLATED)
fanout406/X                               6     11     -5 (VIOLATED)
fanout420/X                               6     11     -5 (VIOLATED)
fanout447/X                               6     11     -5 (VIOLATED)
hold162/X                                 6     11     -5 (VIOLATED)
hold166/X                                 6     11     -5 (VIOLATED)
hold174/X                                 6     11     -5 (VIOLATED)
hold472/X                                 6     11     -5 (VIOLATED)
hold478/X                                 6     11     -5 (VIOLATED)
hold503/X                                 6     11     -5 (VIOLATED)
hold512/X                                 6     11     -5 (VIOLATED)
input79/X                                 6     11     -5 (VIOLATED)
clkbuf_leaf_12_clk_i/X                    6     10     -4 (VIOLATED)
clkbuf_leaf_34_clk_i/X                    6     10     -4 (VIOLATED)
clkbuf_leaf_7_clk_i/X                     6     10     -4 (VIOLATED)
clkbuf_leaf_9_clk_i/X                     6     10     -4 (VIOLATED)
_1927_/X                                  6      9     -3 (VIOLATED)
_2465_/X                                  6      9     -3 (VIOLATED)
_2845_/Y                                  6      9     -3 (VIOLATED)
_2852_/X                                  6      9     -3 (VIOLATED)
_3150_/Q                                  6      9     -3 (VIOLATED)
clkbuf_0_clk_i/X                          6      9     -3 (VIOLATED)
clkbuf_leaf_10_clk_i/X                    6      9     -3 (VIOLATED)
clkbuf_leaf_15_clk_i/X                    6      9     -3 (VIOLATED)
clkbuf_leaf_1_clk_i/X                     6      9     -3 (VIOLATED)
fanout232/X                               6      9     -3 (VIOLATED)
fanout260/X                               6      9     -3 (VIOLATED)
fanout276/X                               6      9     -3 (VIOLATED)
fanout372/X                               6      9     -3 (VIOLATED)
fanout384/X                               6      9     -3 (VIOLATED)
fanout449/X                               6      9     -3 (VIOLATED)
fanout459/X                               6      9     -3 (VIOLATED)
fanout468/X                               6      9     -3 (VIOLATED)
fanout484/X                               6      9     -3 (VIOLATED)
fanout503/X                               6      9     -3 (VIOLATED)
hold202/X                                 6      9     -3 (VIOLATED)
hold205/X                                 6      9     -3 (VIOLATED)
hold236/X                                 6      9     -3 (VIOLATED)
hold243/X                                 6      9     -3 (VIOLATED)
hold290/X                                 6      9     -3 (VIOLATED)
hold293/X                                 6      9     -3 (VIOLATED)
hold337/X                                 6      9     -3 (VIOLATED)
hold357/X                                 6      9     -3 (VIOLATED)
hold365/X                                 6      9     -3 (VIOLATED)
hold547/X                                 6      9     -3 (VIOLATED)
input80/X                                 6      9     -3 (VIOLATED)
input82/X                                 6      9     -3 (VIOLATED)
input83/X                                 6      9     -3 (VIOLATED)
clkbuf_leaf_0_clk_i/X                     6      8     -2 (VIOLATED)
fanout531/X                               6      8     -2 (VIOLATED)
_1863_/X                                  6      7        (VIOLATED)
_1968_/X                                  6      7        (VIOLATED)
_2468_/X                                  6      7        (VIOLATED)
_2472_/X                                  6      7        (VIOLATED)
_2486_/X                                  6      7        (VIOLATED)
_2638_/X                                  6      7        (VIOLATED)
_2867_/X                                  6      7        (VIOLATED)
_3100_/Q                                  6      7        (VIOLATED)
_3243_/Q                                  6      7        (VIOLATED)
_3247_/Q                                  6      7        (VIOLATED)
clkbuf_leaf_11_clk_i/X                    6      7        (VIOLATED)
clkbuf_leaf_13_clk_i/X                    6      7        (VIOLATED)
clkbuf_leaf_27_clk_i/X                    6      7        (VIOLATED)
clkbuf_leaf_29_clk_i/X                    6      7        (VIOLATED)
clkbuf_leaf_2_clk_i/X                     6      7        (VIOLATED)
clkbuf_leaf_3_clk_i/X                     6      7        (VIOLATED)
clkbuf_leaf_4_clk_i/X                     6      7        (VIOLATED)
clkbuf_leaf_5_clk_i/X                     6      7        (VIOLATED)
clkbuf_leaf_6_clk_i/X                     6      7        (VIOLATED)
fanout160/X                               6      7        (VIOLATED)
fanout224/X                               6      7        (VIOLATED)
fanout236/X                               6      7        (VIOLATED)
fanout247/X                               6      7        (VIOLATED)
fanout250/X                               6      7        (VIOLATED)
fanout264/X                               6      7        (VIOLATED)
fanout270/X                               6      7        (VIOLATED)
fanout277/X                               6      7        (VIOLATED)
fanout390/X                               6      7        (VIOLATED)
fanout450/X                               6      7        (VIOLATED)
fanout451/X                               6      7        (VIOLATED)
fanout460/X                               6      7        (VIOLATED)
fanout467/X                               6      7        (VIOLATED)
fanout501/X                               6      7        (VIOLATED)
fanout504/X                               6      7        (VIOLATED)
fanout516/X                               6      7        (VIOLATED)
hold239/X                                 6      7        (VIOLATED)
hold266/X                                 6      7        (VIOLATED)
hold282/X                                 6      7        (VIOLATED)
hold286/X                                 6      7        (VIOLATED)
hold309/X                                 6      7        (VIOLATED)
hold315/X                                 6      7        (VIOLATED)
hold324/X                                 6      7        (VIOLATED)
hold327/X                                 6      7        (VIOLATED)
hold344/X                                 6      7        (VIOLATED)
hold508/X                                 6      7        (VIOLATED)
hold515/X                                 6      7        (VIOLATED)
hold519/X                                 6      7        (VIOLATED)
hold542/X                                 6      7        (VIOLATED)
hold60/X                                  6      7        (VIOLATED)
input74/X                                 6      7        (VIOLATED)
input75/X                                 6      7        (VIOLATED)



===========================================================================
report_parasitic_annotation -report_unannotated
============================================================================
Found 95 unannotated drivers.
 tl_i[0]
 tl_i[103]
 tl_i[104]
 tl_i[105]
 tl_i[106]
 tl_i[10]
 tl_i[11]
 tl_i[12]
 tl_i[13]
 tl_i[14]
 tl_i[15]
 tl_i[16]
 tl_i[17]
 tl_i[18]
 tl_i[19]
 tl_i[1]
 tl_i[20]
 tl_i[21]
 tl_i[22]
 tl_i[23]
 tl_i[24]
 tl_i[2]
 tl_i[3]
 tl_i[4]
 tl_i[57]
 tl_i[58]
 tl_i[59]
 tl_i[5]
 tl_i[60]
 tl_i[6]
 tl_i[73]
 tl_i[74]
 tl_i[75]
 tl_i[76]
 tl_i[77]
 tl_i[78]
 tl_i[79]
 tl_i[7]
 tl_i[80]
 tl_i[81]
 tl_i[82]
 tl_i[83]
 tl_i[84]
 tl_i[85]
 tl_i[86]
 tl_i[87]
 tl_i[88]
 tl_i[89]
 tl_i[8]
 tl_i[90]
 tl_i[91]
 tl_i[92]
 tl_i[9]
 clkload0/Y
 clkload1/Y
 clkload10/Y
 clkload11/Y
 clkload12/Y
 clkload13/Y
 clkload14/Y
 clkload15/X
 clkload16/Y
 clkload17/Y
 clkload18/Y
 clkload19/Y
 clkload2/Y
 clkload20/Y
 clkload21/X
 clkload22/Y
 clkload23/Y
 clkload24/Y
 clkload25/X
 clkload26/Y
 clkload27/X
 clkload28/X
 clkload29/Y
 clkload3/X
 clkload30/X
 clkload31/X
 clkload32/Y
 clkload33/Y
 clkload4/Y
 clkload5/X
 clkload6/Y
 clkload7/Y
 clkload8/Y
 clkload9/X
 rv_plic_lite_532/HI
 rv_plic_lite_533/HI
 rv_plic_lite_534/HI
 rv_plic_lite_535/HI
 rv_plic_lite_536/HI
 rv_plic_lite_537/HI
 rv_plic_lite_538/HI
 rv_plic_lite_539/LO
Found 0 partially unannotated drivers.

===========================================================================
max slew violation count 74
max fanout violation count 182
max cap violation count 0
============================================================================

===========================================================================
check_setup -verbose -unconstrained_endpoints -multiple_clock -no_clock -no_input_delay -loops -generated_clocks
===========================================================================
Warning: There are 8 unconstrained endpoints.
  tl_o[0]
  tl_o[15]
  tl_o[48]
  tl_o[59]
  tl_o[60]
  tl_o[61]
  tl_o[63]
  tl_o[64]
