Clock: clk_i
Sources: clk_i 
Generated: no
Virtual: yes
Propagated: no
Period: 50.000000

===========================================================================
report_clock_properties
============================================================================
Clock                   Period          Waveform
----------------------------------------------------
clk_i                50.000000    0.000000 25.000000

===========================================================================
report_clock_latency
============================================================================
Clock clk_i
rise -> rise
    min     max
0.000000 0.000000 source latency
0.958310         network latency _2949_/CLK
        1.296330 network latency _3044_/CLK
---------------
0.958310 1.296330 latency
        0.338020 skew

fall -> fall
    min     max
0.000000 0.000000 source latency
0.839529         network latency _2949_/CLK
        1.163002 network latency _3044_/CLK
---------------
0.839529 1.163002 latency
        0.323473 skew



===========================================================================
report_clock_min_period
============================================================================
clk_i period_min = 49.44 fmax = 20.23
