
===========================================================================
Violator List
============================================================================
[setup in-out] intr_src_i[0] -> irq_o : -6.396554
[setup in-reg] intr_src_i[0] -> _3068_/D : -2.132708
[setup in-reg] intr_src_i[0] -> _3095_/D : -2.117371
[setup in-reg] intr_src_i[0] -> _3089_/D : -2.100883
[setup in-reg] intr_src_i[0] -> _3099_/D : -2.094925
[setup in-reg] intr_src_i[0] -> _3074_/D : -1.969390
[setup in-reg] intr_src_i[0] -> _3072_/D : -1.967429
[setup in-reg] intr_src_i[0] -> _3070_/D : -1.950983
[setup in-reg] intr_src_i[0] -> _3084_/D : -1.920466
[setup in-reg] intr_src_i[0] -> _3085_/D : -1.780123
[setup in-reg] intr_src_i[0] -> _3086_/D : -1.658883
[setup in-reg] intr_src_i[0] -> _3237_/D : -1.544674
[setup in-reg] intr_src_i[0] -> _3082_/D : -1.525592
[setup in-reg] intr_src_i[0] -> _3091_/D : -1.503075
[setup in-reg] intr_src_i[0] -> _3076_/D : -1.458243
[setup in-reg] intr_src_i[0] -> _3079_/D : -1.438085
[setup in-reg] intr_src_i[0] -> _3077_/D : -1.431079
[setup in-reg] intr_src_i[0] -> _3081_/D : -1.418453
[setup in-reg] intr_src_i[0] -> _3075_/D : -1.403180
[setup in-reg] intr_src_i[0] -> _3080_/D : -1.359158
[setup in-reg] intr_src_i[0] -> _3073_/D : -1.342983
[setup in-reg] intr_src_i[0] -> _3088_/D : -1.313442
[setup in-reg] intr_src_i[0] -> _3097_/D : -1.309189
[setup in-reg] intr_src_i[0] -> _3078_/D : -1.266184
[setup in-reg] intr_src_i[0] -> _3071_/D : -1.248743
[setup in-reg] intr_src_i[0] -> _3083_/D : -1.230763
[setup in-reg] intr_src_i[0] -> _3098_/D : -1.082864
[setup in-reg] intr_src_i[0] -> _3235_/D : -1.020080
[setup in-reg] intr_src_i[0] -> _3094_/D : -0.991253
[setup in-reg] intr_src_i[0] -> _3069_/D : -0.881745
[setup in-reg] intr_src_i[0] -> _3090_/D : -0.507100
[setup in-reg] intr_src_i[0] -> _3093_/D : -0.305949
[setup in-reg] intr_src_i[0] -> _3087_/D : -0.229097
[setup in-reg] intr_src_i[0] -> _3092_/D : -0.137838
[setup in-reg] intr_src_i[0] -> _3096_/D : -0.009102
