Clock: clk_i
Sources: clk_i 
Generated: no
Virtual: yes
Propagated: no
Period: 25.000000

===========================================================================
report_clock_properties
============================================================================
Clock                   Period          Waveform
----------------------------------------------------
clk_i                25.000000    0.000000 12.500000

===========================================================================
report_clock_latency
============================================================================
Clock clk_i
rise -> rise
    min     max
0.000000 0.000000 source latency
0.667442         network latency _4278_/CLK
        0.851188 network latency _4270_/CLK
---------------
0.667442 0.851188 latency
        0.183746 skew

fall -> fall
    min     max
0.000000 0.000000 source latency
0.523965         network latency _4278_/CLK
        0.694430 network latency _4271_/CLK
---------------
0.523965 0.694430 latency
        0.170465 skew



===========================================================================
report_clock_min_period
============================================================================
clk_i period_min = 9.85 fmax = 101.48
