Clock: clk_i
Sources: clk_i 
Generated: no
Virtual: yes
Propagated: no
Period: 25.000000

===========================================================================
report_clock_properties
============================================================================
Clock                   Period          Waveform
----------------------------------------------------
clk_i                25.000000    0.000000 12.500000

===========================================================================
report_clock_latency
============================================================================
Clock clk_i
rise -> rise
    min     max
0.000000 0.000000 source latency
1.158106         network latency _12792_/CLK
        1.602348 network latency u_fft_top.memory_interface_inst.u_fft_mem.u_bank1/CLKin
---------------
1.158106 1.602348 latency
        0.444242 skew

fall -> fall
    min     max
0.000000 0.000000 source latency
0.968339         network latency _12792_/CLK
        1.326585 network latency _12599_/CLK
---------------
0.968339 1.326585 latency
        0.358246 skew



===========================================================================
report_clock_min_period
============================================================================
clk_i period_min = 13.34 fmax = 74.99
