
===========================================================================
report_checks -unconstrained
===========================================================================
======================= max_ff_n40C_1v95 Corner ===================================

Startpoint: tl_u_rom_i[65] (input port clocked by clk_i)
Endpoint: tl_host_o[58] (output port clocked by clk_i)
Path Group: clk_i
Path Type: max

Fanout         Cap        Slew       Delay        Time   Description
---------------------------------------------------------------------------------------------
                                  0.000000    0.000000   clock clk_i (rise edge)
                                  0.000000    0.000000   clock network delay (propagated)
                                  5.000000    5.000000 v input external delay
     2    0.006792    0.011142    0.006334    5.006334 v tl_u_rom_i[65] (in)
                                                         tl_u_rom_i[65] (net)
                      0.011152    0.000000    5.006334 v input293/A (sky130_fd_sc_hd__buf_6)
     5    0.131317    0.072997    0.110281    5.116615 v input293/X (sky130_fd_sc_hd__buf_6)
                                                         net293 (net)
                      0.073605    0.004555    5.121170 v fanout1512/A (sky130_fd_sc_hd__buf_8)
     7    0.154978    0.060024    0.118364    5.239534 v fanout1512/X (sky130_fd_sc_hd__buf_8)
                                                         net1512 (net)
                      0.064747    0.009575    5.249109 v fanout1511/A (sky130_fd_sc_hd__clkbuf_16)
     7    0.184596    0.090439    0.153273    5.402382 v fanout1511/X (sky130_fd_sc_hd__clkbuf_16)
                                                         net1511 (net)
                      0.121699    0.040639    5.443021 v _0385_/A (sky130_fd_sc_hd__clkinv_4)
     3    0.078192    0.123072    0.120409    5.563430 ^ _0385_/Y (sky130_fd_sc_hd__clkinv_4)
                                                         _0021_ (net)
                      0.134045    0.028098    5.591528 ^ fanout1424/A (sky130_fd_sc_hd__buf_12)
     7    0.227165    0.158244    0.124262    5.715791 ^ fanout1424/X (sky130_fd_sc_hd__buf_12)
                                                         net1424 (net)
                      0.159567    0.013613    5.729404 ^ fanout1423/A (sky130_fd_sc_hd__buf_6)
     7    0.146510    0.212909    0.169859    5.899262 ^ fanout1423/X (sky130_fd_sc_hd__buf_6)
                                                         net1423 (net)
                      0.212964    0.003517    5.902780 ^ fanout1422/A (sky130_fd_sc_hd__clkbuf_8)
     7    0.120293    0.157903    0.186620    6.089400 ^ fanout1422/X (sky130_fd_sc_hd__clkbuf_8)
                                                         net1422 (net)
                      0.158045    0.004702    6.094101 ^ fanout1421/A (sky130_fd_sc_hd__buf_4)
    13    0.099255    0.207379    0.206337    6.300438 ^ fanout1421/X (sky130_fd_sc_hd__buf_4)
                                                         net1421 (net)
                      0.212876    0.026786    6.327224 ^ fanout1418/A (sky130_fd_sc_hd__buf_2)
     7    0.063921    0.234612    0.234796    6.562019 ^ fanout1418/X (sky130_fd_sc_hd__buf_2)
                                                         net1418 (net)
                      0.234627    0.001622    6.563642 ^ fanout1416/A (sky130_fd_sc_hd__buf_2)
    13    0.057365    0.210897    0.222854    6.786496 ^ fanout1416/X (sky130_fd_sc_hd__buf_2)
                                                         net1416 (net)
                      0.211518    0.009374    6.795869 ^ _0444_/A (sky130_fd_sc_hd__nand2_2)
     7    0.048707    0.146757    0.141833    6.937703 v _0444_/Y (sky130_fd_sc_hd__nand2_2)
                                                         _0072_ (net)
                      0.146797    0.001986    6.939689 v fanout1333/A (sky130_fd_sc_hd__clkbuf_4)
    13    0.078414    0.111497    0.209350    7.149039 v fanout1333/X (sky130_fd_sc_hd__clkbuf_4)
                                                         net1333 (net)
                      0.111544    0.001973    7.151011 v fanout1332/A (sky130_fd_sc_hd__clkbuf_2)
     6    0.032126    0.086663    0.154277    7.305288 v fanout1332/X (sky130_fd_sc_hd__clkbuf_2)
                                                         net1332 (net)
                      0.086704    0.001767    7.307055 v _0635_/B1 (sky130_fd_sc_hd__o221a_1)
     1    0.004055    0.036754    0.157861    7.464917 v _0635_/X (sky130_fd_sc_hd__o221a_1)
                                                         _0230_ (net)
                      0.036754    0.000290    7.465207 v _0636_/B (sky130_fd_sc_hd__or2_1)
     1    0.017065    0.075839    0.168568    7.633775 v _0636_/X (sky130_fd_sc_hd__or2_1)
                                                         _0231_ (net)
                      0.075904    0.002002    7.635777 v _0638_/B1 (sky130_fd_sc_hd__a22o_2)
     3    0.051537    0.100970    0.183962    7.819739 v _0638_/X (sky130_fd_sc_hd__a22o_2)
                                                         net549 (net)
                      0.102843    0.010901    7.830639 v output549/A (sky130_fd_sc_hd__buf_2)
     1    0.034701    0.063581    0.146497    7.977137 v output549/X (sky130_fd_sc_hd__buf_2)
                                                         tl_host_o[58] (net)
                      0.063636    0.001695    7.978831 v tl_host_o[58] (out)
                                              7.978831   data arrival time

                                 25.000000   25.000000   clock clk_i (rise edge)
                                  0.000000   25.000000   clock network delay (propagated)
                                 -0.250000   24.750000   clock uncertainty
                                  0.000000   24.750000   clock reconvergence pessimism
                                 -5.000000   19.750000   output external delay
                                             19.750000   data required time
---------------------------------------------------------------------------------------------
                                             19.750000   data required time
                                             -7.978831   data arrival time
---------------------------------------------------------------------------------------------
                                             11.771169   slack (MET)




===========================================================================
report_checks --slack_max -0.01
============================================================================
======================= max_ff_n40C_1v95 Corner ===================================

No paths found.


===========================================================================
 report_check_types -max_slew -max_cap -max_fanout -violators
============================================================================
======================= max_ff_n40C_1v95 Corner ===================================

max fanout

Pin                                   Limit Fanout  Slack
---------------------------------------------------------
fanout1333/X                              6     13     -7 (VIOLATED)
fanout1334/X                              6     13     -7 (VIOLATED)
fanout1336/X                              6     13     -7 (VIOLATED)
fanout1337/X                              6     13     -7 (VIOLATED)
fanout1338/X                              6     13     -7 (VIOLATED)
fanout1339/X                              6     13     -7 (VIOLATED)
fanout1341/X                              6     13     -7 (VIOLATED)
fanout1344/X                              6     13     -7 (VIOLATED)
fanout1349/X                              6     13     -7 (VIOLATED)
fanout1352/X                              6     13     -7 (VIOLATED)
fanout1353/X                              6     13     -7 (VIOLATED)
fanout1354/X                              6     13     -7 (VIOLATED)
fanout1355/X                              6     13     -7 (VIOLATED)
fanout1357/X                              6     13     -7 (VIOLATED)
fanout1361/X                              6     13     -7 (VIOLATED)
fanout1362/X                              6     13     -7 (VIOLATED)
fanout1363/X                              6     13     -7 (VIOLATED)
fanout1364/X                              6     13     -7 (VIOLATED)
fanout1365/X                              6     13     -7 (VIOLATED)
fanout1366/X                              6     13     -7 (VIOLATED)
fanout1372/X                              6     13     -7 (VIOLATED)
fanout1373/X                              6     13     -7 (VIOLATED)
fanout1374/X                              6     13     -7 (VIOLATED)
fanout1375/X                              6     13     -7 (VIOLATED)
fanout1377/X                              6     13     -7 (VIOLATED)
fanout1380/X                              6     13     -7 (VIOLATED)
fanout1382/X                              6     13     -7 (VIOLATED)
fanout1383/X                              6     13     -7 (VIOLATED)
fanout1387/X                              6     13     -7 (VIOLATED)
fanout1388/X                              6     13     -7 (VIOLATED)
fanout1389/X                              6     13     -7 (VIOLATED)
fanout1391/X                              6     13     -7 (VIOLATED)
fanout1394/X                              6     13     -7 (VIOLATED)
fanout1395/X                              6     13     -7 (VIOLATED)
fanout1396/X                              6     13     -7 (VIOLATED)
fanout1398/X                              6     13     -7 (VIOLATED)
fanout1407/X                              6     13     -7 (VIOLATED)
fanout1408/X                              6     13     -7 (VIOLATED)
fanout1409/X                              6     13     -7 (VIOLATED)
fanout1410/X                              6     13     -7 (VIOLATED)
fanout1412/X                              6     13     -7 (VIOLATED)
fanout1415/X                              6     13     -7 (VIOLATED)
fanout1416/X                              6     13     -7 (VIOLATED)
fanout1417/X                              6     13     -7 (VIOLATED)
fanout1419/X                              6     13     -7 (VIOLATED)
fanout1421/X                              6     13     -7 (VIOLATED)
fanout1425/X                              6     13     -7 (VIOLATED)
fanout1426/X                              6     13     -7 (VIOLATED)
fanout1427/X                              6     13     -7 (VIOLATED)
fanout1429/X                              6     13     -7 (VIOLATED)
fanout1432/X                              6     13     -7 (VIOLATED)
fanout1435/X                              6     13     -7 (VIOLATED)
fanout1437/X                              6     13     -7 (VIOLATED)
fanout1440/X                              6     13     -7 (VIOLATED)
fanout1442/X                              6     13     -7 (VIOLATED)
fanout1444/X                              6     13     -7 (VIOLATED)
fanout1446/X                              6     13     -7 (VIOLATED)
fanout1448/X                              6     13     -7 (VIOLATED)
fanout1450/X                              6     13     -7 (VIOLATED)
fanout1451/X                              6     13     -7 (VIOLATED)
fanout1452/X                              6     13     -7 (VIOLATED)
fanout1454/X                              6     13     -7 (VIOLATED)
fanout1457/X                              6     13     -7 (VIOLATED)
fanout1458/X                              6     13     -7 (VIOLATED)
fanout1461/X                              6     13     -7 (VIOLATED)
fanout1465/X                              6     13     -7 (VIOLATED)
fanout1468/X                              6     13     -7 (VIOLATED)
fanout1470/X                              6     13     -7 (VIOLATED)
fanout1471/X                              6     13     -7 (VIOLATED)
fanout1473/X                              6     13     -7 (VIOLATED)
fanout1477/X                              6     13     -7 (VIOLATED)
fanout1478/X                              6     13     -7 (VIOLATED)
fanout1479/X                              6     13     -7 (VIOLATED)
fanout1481/X                              6     13     -7 (VIOLATED)
fanout1483/X                              6     13     -7 (VIOLATED)
fanout1487/X                              6     13     -7 (VIOLATED)
fanout1489/X                              6     13     -7 (VIOLATED)
fanout1491/X                              6     13     -7 (VIOLATED)
fanout1493/X                              6     13     -7 (VIOLATED)
fanout1497/X                              6     13     -7 (VIOLATED)
fanout1499/X                              6     13     -7 (VIOLATED)
fanout1500/X                              6     13     -7 (VIOLATED)
fanout1502/X                              6     13     -7 (VIOLATED)
fanout1505/X                              6     13     -7 (VIOLATED)
fanout1506/X                              6     13     -7 (VIOLATED)
fanout1508/X                              6     13     -7 (VIOLATED)
fanout1513/X                              6     13     -7 (VIOLATED)
fanout1515/X                              6     13     -7 (VIOLATED)
fanout1517/X                              6     13     -7 (VIOLATED)
fanout1519/X                              6     13     -7 (VIOLATED)
fanout1521/X                              6     13     -7 (VIOLATED)
fanout1523/X                              6     13     -7 (VIOLATED)
fanout1525/X                              6     13     -7 (VIOLATED)
fanout1528/X                              6     13     -7 (VIOLATED)
fanout1531/X                              6     13     -7 (VIOLATED)
fanout1533/X                              6     13     -7 (VIOLATED)
fanout1535/X                              6     13     -7 (VIOLATED)
fanout1537/X                              6     13     -7 (VIOLATED)
fanout1539/X                              6     13     -7 (VIOLATED)
fanout1545/X                              6     13     -7 (VIOLATED)
fanout1546/X                              6     13     -7 (VIOLATED)
fanout1547/X                              6     13     -7 (VIOLATED)
fanout1548/X                              6     13     -7 (VIOLATED)
fanout1551/X                              6     13     -7 (VIOLATED)
fanout1552/X                              6     13     -7 (VIOLATED)
fanout1553/X                              6     13     -7 (VIOLATED)
fanout1555/X                              6     13     -7 (VIOLATED)
fanout1556/X                              6     13     -7 (VIOLATED)
fanout1558/X                              6     13     -7 (VIOLATED)
fanout1560/X                              6     13     -7 (VIOLATED)
fanout1562/X                              6     13     -7 (VIOLATED)
fanout1564/X                              6     13     -7 (VIOLATED)
fanout1565/X                              6     13     -7 (VIOLATED)
fanout1567/X                              6     13     -7 (VIOLATED)
fanout1571/X                              6     13     -7 (VIOLATED)
fanout1574/X                              6     13     -7 (VIOLATED)
fanout1578/X                              6     13     -7 (VIOLATED)
fanout1581/X                              6     13     -7 (VIOLATED)
fanout1583/X                              6     13     -7 (VIOLATED)
fanout1585/X                              6     13     -7 (VIOLATED)
fanout1587/X                              6     13     -7 (VIOLATED)
fanout1590/X                              6     13     -7 (VIOLATED)
fanout1591/X                              6     13     -7 (VIOLATED)
fanout1592/X                              6     13     -7 (VIOLATED)
fanout1593/X                              6     13     -7 (VIOLATED)
fanout1594/X                              6     13     -7 (VIOLATED)
fanout1595/X                              6     13     -7 (VIOLATED)
fanout1596/X                              6     13     -7 (VIOLATED)
fanout1597/X                              6     13     -7 (VIOLATED)
fanout1598/X                              6     13     -7 (VIOLATED)
fanout1599/X                              6     13     -7 (VIOLATED)
fanout1600/X                              6     13     -7 (VIOLATED)
fanout1601/X                              6     13     -7 (VIOLATED)
fanout1602/X                              6     13     -7 (VIOLATED)
fanout1603/X                              6     13     -7 (VIOLATED)
fanout1604/X                              6     13     -7 (VIOLATED)
fanout1605/X                              6     13     -7 (VIOLATED)
fanout1606/X                              6     13     -7 (VIOLATED)
fanout1607/X                              6     13     -7 (VIOLATED)
fanout1608/X                              6     13     -7 (VIOLATED)
fanout1609/X                              6     13     -7 (VIOLATED)
fanout1610/X                              6     13     -7 (VIOLATED)
fanout1611/X                              6     13     -7 (VIOLATED)
fanout1612/X                              6     13     -7 (VIOLATED)
fanout1613/X                              6     13     -7 (VIOLATED)
fanout1614/X                              6     13     -7 (VIOLATED)
fanout1615/X                              6     13     -7 (VIOLATED)
fanout1616/X                              6     13     -7 (VIOLATED)
fanout1617/X                              6     13     -7 (VIOLATED)
fanout1618/X                              6     13     -7 (VIOLATED)
fanout1619/X                              6     13     -7 (VIOLATED)
fanout1620/X                              6     13     -7 (VIOLATED)
fanout1621/X                              6     13     -7 (VIOLATED)
fanout1622/X                              6     13     -7 (VIOLATED)
fanout1623/X                              6     13     -7 (VIOLATED)
fanout1624/X                              6     13     -7 (VIOLATED)
fanout1625/X                              6     13     -7 (VIOLATED)
fanout1626/X                              6     13     -7 (VIOLATED)
fanout1627/X                              6     13     -7 (VIOLATED)
fanout1628/X                              6     13     -7 (VIOLATED)
fanout1629/X                              6     13     -7 (VIOLATED)
fanout1630/X                              6     13     -7 (VIOLATED)
fanout1632/X                              6     13     -7 (VIOLATED)
fanout1633/X                              6     13     -7 (VIOLATED)
fanout1634/X                              6     13     -7 (VIOLATED)
fanout1635/X                              6     13     -7 (VIOLATED)
fanout1636/X                              6     13     -7 (VIOLATED)
fanout1637/X                              6     13     -7 (VIOLATED)
fanout1638/X                              6     13     -7 (VIOLATED)
fanout1639/X                              6     13     -7 (VIOLATED)
fanout1640/X                              6     13     -7 (VIOLATED)
fanout1641/X                              6     13     -7 (VIOLATED)
fanout1642/X                              6     13     -7 (VIOLATED)
fanout1643/X                              6     13     -7 (VIOLATED)
fanout1644/X                              6     13     -7 (VIOLATED)
fanout1645/X                              6     13     -7 (VIOLATED)
fanout1646/X                              6     13     -7 (VIOLATED)
fanout1647/X                              6     13     -7 (VIOLATED)
fanout1648/X                              6     13     -7 (VIOLATED)
fanout1649/X                              6     13     -7 (VIOLATED)
fanout1650/X                              6     13     -7 (VIOLATED)
fanout1651/X                              6     13     -7 (VIOLATED)
fanout1652/X                              6     13     -7 (VIOLATED)
fanout1653/X                              6     13     -7 (VIOLATED)
fanout1654/X                              6     13     -7 (VIOLATED)
fanout1655/X                              6     13     -7 (VIOLATED)
fanout1656/X                              6     13     -7 (VIOLATED)
fanout1657/X                              6     13     -7 (VIOLATED)
fanout1658/X                              6     13     -7 (VIOLATED)
fanout1659/X                              6     13     -7 (VIOLATED)
fanout1660/X                              6     13     -7 (VIOLATED)
fanout1663/X                              6     13     -7 (VIOLATED)
fanout1664/X                              6     13     -7 (VIOLATED)
fanout1665/X                              6     13     -7 (VIOLATED)
fanout1666/X                              6     13     -7 (VIOLATED)
fanout1667/X                              6     13     -7 (VIOLATED)
fanout1668/X                              6     13     -7 (VIOLATED)
fanout1359/X                              6     11     -5 (VIOLATED)
fanout1360/X                              6     11     -5 (VIOLATED)
fanout1420/X                              6     11     -5 (VIOLATED)
fanout1436/X                              6     11     -5 (VIOLATED)
fanout1464/X                              6     11     -5 (VIOLATED)
fanout1475/X                              6     11     -5 (VIOLATED)
fanout1476/X                              6     11     -5 (VIOLATED)
fanout1480/X                              6     11     -5 (VIOLATED)
fanout1488/X                              6     11     -5 (VIOLATED)
fanout1490/X                              6     11     -5 (VIOLATED)
fanout1492/X                              6     11     -5 (VIOLATED)
fanout1510/X                              6     11     -5 (VIOLATED)
fanout1527/X                              6     11     -5 (VIOLATED)
fanout1532/X                              6     11     -5 (VIOLATED)
fanout1540/X                              6     11     -5 (VIOLATED)
fanout1543/X                              6     11     -5 (VIOLATED)
fanout1549/X                              6     11     -5 (VIOLATED)
fanout1554/X                              6     11     -5 (VIOLATED)
fanout1568/X                              6     11     -5 (VIOLATED)
fanout1573/X                              6     11     -5 (VIOLATED)
fanout1580/X                              6     11     -5 (VIOLATED)
input227/X                                6     11     -5 (VIOLATED)
fanout1345/X                              6      9     -3 (VIOLATED)
fanout1347/X                              6      9     -3 (VIOLATED)
fanout1348/X                              6      9     -3 (VIOLATED)
fanout1350/X                              6      9     -3 (VIOLATED)
fanout1371/X                              6      9     -3 (VIOLATED)
fanout1397/X                              6      9     -3 (VIOLATED)
fanout1399/X                              6      9     -3 (VIOLATED)
fanout1400/X                              6      9     -3 (VIOLATED)
fanout1433/X                              6      9     -3 (VIOLATED)
fanout1460/X                              6      9     -3 (VIOLATED)
fanout1462/X                              6      9     -3 (VIOLATED)
fanout1463/X                              6      9     -3 (VIOLATED)
fanout1482/X                              6      9     -3 (VIOLATED)
fanout1495/X                              6      9     -3 (VIOLATED)
fanout1501/X                              6      9     -3 (VIOLATED)
fanout1503/X                              6      9     -3 (VIOLATED)
fanout1504/X                              6      9     -3 (VIOLATED)
fanout1507/X                              6      9     -3 (VIOLATED)
fanout1509/X                              6      9     -3 (VIOLATED)
fanout1514/X                              6      9     -3 (VIOLATED)
fanout1516/X                              6      9     -3 (VIOLATED)
fanout1530/X                              6      9     -3 (VIOLATED)
fanout1534/X                              6      9     -3 (VIOLATED)
fanout1538/X                              6      9     -3 (VIOLATED)
fanout1544/X                              6      9     -3 (VIOLATED)
fanout1577/X                              6      9     -3 (VIOLATED)
fanout1588/X                              6      9     -3 (VIOLATED)
wire1662/X                                6      9     -3 (VIOLATED)
_0393_/X                                  6      7        (VIOLATED)
_0444_/Y                                  6      7        (VIOLATED)
fanout1340/X                              6      7        (VIOLATED)
fanout1343/X                              6      7        (VIOLATED)
fanout1346/X                              6      7        (VIOLATED)
fanout1356/X                              6      7        (VIOLATED)
fanout1358/X                              6      7        (VIOLATED)
fanout1367/X                              6      7        (VIOLATED)
fanout1368/X                              6      7        (VIOLATED)
fanout1369/X                              6      7        (VIOLATED)
fanout1376/X                              6      7        (VIOLATED)
fanout1378/X                              6      7        (VIOLATED)
fanout1379/X                              6      7        (VIOLATED)
fanout1381/X                              6      7        (VIOLATED)
fanout1384/X                              6      7        (VIOLATED)
fanout1385/X                              6      7        (VIOLATED)
fanout1386/X                              6      7        (VIOLATED)
fanout1390/X                              6      7        (VIOLATED)
fanout1393/X                              6      7        (VIOLATED)
fanout1401/X                              6      7        (VIOLATED)
fanout1402/X                              6      7        (VIOLATED)
fanout1403/X                              6      7        (VIOLATED)
fanout1404/X                              6      7        (VIOLATED)
fanout1411/X                              6      7        (VIOLATED)
fanout1413/X                              6      7        (VIOLATED)
fanout1414/X                              6      7        (VIOLATED)
fanout1418/X                              6      7        (VIOLATED)
fanout1422/X                              6      7        (VIOLATED)
fanout1423/X                              6      7        (VIOLATED)
fanout1424/X                              6      7        (VIOLATED)
fanout1428/X                              6      7        (VIOLATED)
fanout1431/X                              6      7        (VIOLATED)
fanout1434/X                              6      7        (VIOLATED)
fanout1438/X                              6      7        (VIOLATED)
fanout1456/X                              6      7        (VIOLATED)
fanout1466/X                              6      7        (VIOLATED)
fanout1467/X                              6      7        (VIOLATED)
fanout1469/X                              6      7        (VIOLATED)
fanout1472/X                              6      7        (VIOLATED)
fanout1484/X                              6      7        (VIOLATED)
fanout1485/X                              6      7        (VIOLATED)
fanout1486/X                              6      7        (VIOLATED)
fanout1496/X                              6      7        (VIOLATED)
fanout1498/X                              6      7        (VIOLATED)
fanout1511/X                              6      7        (VIOLATED)
fanout1512/X                              6      7        (VIOLATED)
fanout1518/X                              6      7        (VIOLATED)
fanout1526/X                              6      7        (VIOLATED)
fanout1536/X                              6      7        (VIOLATED)
fanout1550/X                              6      7        (VIOLATED)
fanout1557/X                              6      7        (VIOLATED)
fanout1559/X                              6      7        (VIOLATED)
fanout1561/X                              6      7        (VIOLATED)
fanout1569/X                              6      7        (VIOLATED)
fanout1570/X                              6      7        (VIOLATED)
fanout1572/X                              6      7        (VIOLATED)
fanout1576/X                              6      7        (VIOLATED)
fanout1584/X                              6      7        (VIOLATED)
fanout1586/X                              6      7        (VIOLATED)

max capacitance

Pin                                        Limit         Cap       Slack
------------------------------------------------------------------------
fanout1350/X                            0.200000    0.254898   -0.054898 (VIOLATED)
tl_host_i[5]                            0.200000    0.237773   -0.037773 (VIOLATED)
fanout1630/X                            0.200000    0.236644   -0.036644 (VIOLATED)
wire1662/X                              0.200000    0.235565   -0.035565 (VIOLATED)
fanout1602/X                            0.200000    0.230151   -0.030151 (VIOLATED)
fanout1424/X                            0.200000    0.227165   -0.027165 (VIOLATED)
max_cap1439/X                           0.200000    0.219983   -0.019983 (VIOLATED)
fanout1646/X                            0.200000    0.213315   -0.013315 (VIOLATED)
input475/X                              0.200000    0.212237   -0.012237 (VIOLATED)
fanout1467/X                            0.200000    0.210806   -0.010806 (VIOLATED)
fanout1490/X                            0.200000    0.209966   -0.009966 (VIOLATED)
fanout1643/X                            0.200000    0.206558   -0.006558 (VIOLATED)
fanout1620/X                            0.200000    0.206092   -0.006092 (VIOLATED)
fanout1451/X                            0.200000    0.202342   -0.002342 (VIOLATED)
fanout1500/X                            0.200000    0.200882   -0.000882 (VIOLATED)



===========================================================================
report_parasitic_annotation -report_unannotated
============================================================================
Found 2 unannotated drivers.
 clk_i
 rst_ni
Found 0 partially unannotated drivers.

===========================================================================
max slew violation count 0
max fanout violation count 306
max cap violation count 15
============================================================================

===========================================================================
check_setup -verbose -unconstrained_endpoints -multiple_clock -no_clock -no_input_delay -loops -generated_clocks
===========================================================================
