
===========================================================================
 report_power
============================================================================
======================= max_ff_n40C_1v95 Corner ===================================

Group                    Internal    Switching      Leakage        Total
                            Power        Power        Power        Power (Watts)
------------------------------------------------------------------------
Sequential           0.000000e+00 0.000000e+00 0.000000e+00 0.000000e+00   0.0%
Combinational        2.125250e-04 7.717211e-04 2.428371e-08 9.842705e-04 100.0%
Clock                6.366198e-08 0.000000e+00 3.587941e-09 6.724992e-08   0.0%
Macro                0.000000e+00 0.000000e+00 0.000000e+00 0.000000e+00   0.0%
Pad                  0.000000e+00 0.000000e+00 0.000000e+00 0.000000e+00   0.0%
------------------------------------------------------------------------
Total                2.125886e-04 7.717211e-04 2.787168e-08 9.843375e-04 100.0%
                            21.6%        78.4%         0.0%

