
===========================================================================
report_checks -unconstrained
===========================================================================
======================= max_ff_n40C_1v95 Corner ===================================

Startpoint: rst_ni (input port clocked by clk_i)
Endpoint: _1142_ (recovery check against rising-edge clock clk_i)
Path Group: asynchronous
Path Type: max

Fanout         Cap        Slew       Delay        Time   Description
---------------------------------------------------------------------------------------------
                                  0.000000    0.000000   clock clk_i (rise edge)
                                  0.000000    0.000000   clock network delay (propagated)
                                  5.000000    5.000000 ^ input external delay
     2    0.004460    0.019818    0.011644    5.011644 ^ rst_ni (in)
                                                         rst_ni (net)
                      0.019820    0.000000    5.011644 ^ input1/A (sky130_fd_sc_hd__buf_4)
     5    0.088887    0.184111    0.160852    5.172496 ^ input1/X (sky130_fd_sc_hd__buf_4)
                                                         net1 (net)
                      0.197728    0.038418    5.210915 ^ fanout169/A (sky130_fd_sc_hd__clkbuf_2)
     9    0.038600    0.163079    0.184728    5.395643 ^ fanout169/X (sky130_fd_sc_hd__clkbuf_2)
                                                         net169 (net)
                      0.163249    0.004306    5.399949 ^ fanout168/A (sky130_fd_sc_hd__clkbuf_2)
     4    0.028691    0.123279    0.155164    5.555112 ^ fanout168/X (sky130_fd_sc_hd__clkbuf_2)
                                                         net168 (net)
                      0.123286    0.000811    5.555923 ^ fanout166/A (sky130_fd_sc_hd__dlymetal6s2s_1)
     4    0.020468    0.168364    0.169114    5.725037 ^ fanout166/X (sky130_fd_sc_hd__dlymetal6s2s_1)
                                                         net166 (net)
                      0.168381    0.001355    5.726392 ^ fanout165/A (sky130_fd_sc_hd__clkbuf_2)
     6    0.029559    0.126352    0.158459    5.884851 ^ fanout165/X (sky130_fd_sc_hd__clkbuf_2)
                                                         net165 (net)
                      0.126373    0.001361    5.886212 ^ _1142_/RESET_B (sky130_fd_sc_hd__dfrtp_1)
                                              5.886212   data arrival time

                                 25.000000   25.000000   clock clk_i (rise edge)
                                  0.000000   25.000000   clock source latency
     2    0.076716    0.258964    0.196563   25.196562 ^ clk_i (in)
                                                         clk_i (net)
                      0.263904    0.000000   25.196562 ^ clkbuf_0_clk_i/A (sky130_fd_sc_hd__clkbuf_16)
     2    0.018954    0.036680    0.127020   25.323582 ^ clkbuf_0_clk_i/X (sky130_fd_sc_hd__clkbuf_16)
                                                         clknet_0_clk_i (net)
                      0.036681    0.000970   25.324553 ^ clkbuf_1_0__f_clk_i/A (sky130_fd_sc_hd__clkbuf_16)
     2    0.005005    0.021003    0.075357   25.399908 ^ clkbuf_1_0__f_clk_i/X (sky130_fd_sc_hd__clkbuf_16)
                                                         clknet_1_0__leaf_clk_i (net)
                      0.021003    0.000240   25.400148 ^ _1142_/CLK (sky130_fd_sc_hd__dfrtp_1)
                                 -0.250000   25.150148   clock uncertainty
                                  0.000000   25.150148   clock reconvergence pessimism
                                  0.124287   25.274437   library recovery time
                                             25.274437   data required time
---------------------------------------------------------------------------------------------
                                             25.274437   data required time
                                             -5.886212   data arrival time
---------------------------------------------------------------------------------------------
                                             19.388226   slack (MET)


Startpoint: _1196_ (negative level-sensitive latch clocked by clk_i)
Endpoint: _1080_ (rising clock gating-check end-point clocked by clk_i)
Path Group: gated clock
Path Type: max

Fanout         Cap        Slew       Delay        Time   Description
---------------------------------------------------------------------------------------------
                                 12.500000   12.500000   clock clk_i (fall edge)
                                  0.000000   12.500000   clock source latency
     2    0.075720    0.116918    0.096962   12.596962 v clk_i (in)
                                                         clk_i (net)
                      0.127505    0.000000   12.596962 v clkbuf_0_clk_i/A (sky130_fd_sc_hd__clkbuf_16)
     2    0.017028    0.026046    0.138310   12.735271 v clkbuf_0_clk_i/X (sky130_fd_sc_hd__clkbuf_16)
                                                         clknet_0_clk_i (net)
                      0.026050    0.000957   12.736229 v clkbuf_1_1__f_clk_i/A (sky130_fd_sc_hd__clkbuf_16)
     3    0.008804    0.022234    0.090107   12.826336 v clkbuf_1_1__f_clk_i/X (sky130_fd_sc_hd__clkbuf_16)
                                                         clknet_1_1__leaf_clk_i (net)
                      0.022237    0.000512   12.826847 v _1196_/GATE_N (sky130_fd_sc_hd__dlxtn_1)
     1    0.002457    0.027820    0.236959   13.063807 ^ _1196_/Q (sky130_fd_sc_hd__dlxtn_1)
                                                         u_ibex.core_clock_gate_i.en_latch (net)
                      0.027820    0.000179   13.063985 ^ hold386/A (sky130_fd_sc_hd__dlygate4sd3_1)
     1    0.002437    0.035122    0.367735   13.431720 ^ hold386/X (sky130_fd_sc_hd__dlygate4sd3_1)
                                                         net630 (net)
                      0.035122    0.000163   13.431884 ^ hold384/A (sky130_fd_sc_hd__dlygate4sd3_1)
     1    0.002172    0.033648    0.367608   13.799492 ^ hold384/X (sky130_fd_sc_hd__dlygate4sd3_1)
                                                         net628 (net)
                      0.033648    0.000151   13.799643 ^ hold387/A (sky130_fd_sc_hd__dlygate4sd3_1)
     1    0.002352    0.034645    0.368439   14.168081 ^ hold387/X (sky130_fd_sc_hd__dlygate4sd3_1)
                                                         net631 (net)
                      0.034645    0.000171   14.168252 ^ hold383/A (sky130_fd_sc_hd__dlygate4sd3_1)
     1    0.002283    0.034263    0.368217   14.536469 ^ hold383/X (sky130_fd_sc_hd__dlygate4sd3_1)
                                                         net627 (net)
                      0.034263    0.000157   14.536627 ^ hold388/A (sky130_fd_sc_hd__dlygate4sd3_1)
     1    0.002126    0.033422    0.367148   14.903774 ^ hold388/X (sky130_fd_sc_hd__dlygate4sd3_1)
                                                         net632 (net)
                      0.033422    0.000096   14.903871 ^ hold385/A (sky130_fd_sc_hd__dlygate4sd3_1)
     1    0.001985    0.032664    0.366063   15.269934 ^ hold385/X (sky130_fd_sc_hd__dlygate4sd3_1)
                                                         net629 (net)
                      0.032664    0.000091   15.270024 ^ _1080_/B (sky130_fd_sc_hd__and2_2)
                                             15.270024   data arrival time

                                 25.000000   25.000000   clock clk_i (rise edge)
                                  0.000000   25.000000   clock source latency
     2    0.076716    0.258964    0.196563   25.196562 ^ clk_i (in)
                                                         clk_i (net)
                      0.263904    0.000000   25.196562 ^ clkbuf_0_clk_i/A (sky130_fd_sc_hd__clkbuf_16)
     2    0.018954    0.036680    0.127020   25.323582 ^ clkbuf_0_clk_i/X (sky130_fd_sc_hd__clkbuf_16)
                                                         clknet_0_clk_i (net)
                      0.036692    0.001073   25.324656 ^ clkbuf_1_1__f_clk_i/A (sky130_fd_sc_hd__clkbuf_16)
     3    0.009279    0.024066    0.078730   25.403385 ^ clkbuf_1_1__f_clk_i/X (sky130_fd_sc_hd__clkbuf_16)
                                                         clknet_1_1__leaf_clk_i (net)
                      0.024068    0.000480   25.403864 ^ _1080_/A (sky130_fd_sc_hd__and2_2)
                                 -0.250000   25.153866   clock uncertainty
                                  0.000000   25.153866   clock reconvergence pessimism
                                  0.000000   25.153866   clock gating setup time
                                             25.153866   data required time
---------------------------------------------------------------------------------------------
                                             25.153866   data required time
                                            -15.270024   data arrival time
---------------------------------------------------------------------------------------------
                                              9.883842   slack (MET)


Startpoint: _1197_ (rising edge-triggered flip-flop clocked by clk_i)
Endpoint: _1196_ (negative level-sensitive latch clocked by clk_i)
Path Group: clk_i
Path Type: max

Fanout         Cap        Slew       Delay        Time   Description
---------------------------------------------------------------------------------------------
                                  0.000000    0.000000   clock clk_i (rise edge)
                                  0.000000    0.000000   clock source latency
     2    0.076716    0.258964    0.196563    0.196563 ^ clk_i (in)
                                                         clk_i (net)
                      0.263904    0.000000    0.196563 ^ clkbuf_0_clk_i/A (sky130_fd_sc_hd__clkbuf_16)
     2    0.018954    0.036680    0.127020    0.323583 ^ clkbuf_0_clk_i/X (sky130_fd_sc_hd__clkbuf_16)
                                                         clknet_0_clk_i (net)
                      0.036681    0.000969    0.324552 ^ clkbuf_1_0__f_clk_i/A (sky130_fd_sc_hd__clkbuf_16)
     2    0.005005    0.021003    0.075357    0.399909 ^ clkbuf_1_0__f_clk_i/X (sky130_fd_sc_hd__clkbuf_16)
                                                         clknet_1_0__leaf_clk_i (net)
                      0.021003    0.000234    0.400143 ^ _1197_/CLK (sky130_fd_sc_hd__dfrtp_1)
     2    0.015295    0.107068    0.252506    0.652649 ^ _1197_/Q (sky130_fd_sc_hd__dfrtp_1)
                                                         u_ibex.clock_en (net)
                      0.107074    0.000936    0.653585 ^ hold378/A (sky130_fd_sc_hd__dlygate4sd3_1)
     1    0.002129    0.033412    0.379654    1.033239 ^ hold378/X (sky130_fd_sc_hd__dlygate4sd3_1)
                                                         net622 (net)
                      0.033412    0.000152    1.033391 ^ hold156/A (sky130_fd_sc_hd__dlygate4sd3_1)
     1    0.002969    0.038368    0.372329    1.405719 ^ hold156/X (sky130_fd_sc_hd__dlygate4sd3_1)
                                                         net400 (net)
                      0.038838    0.000210    1.405929 ^ hold379/A (sky130_fd_sc_hd__dlygate4sd3_1)
     1    0.003200    0.039887    0.375008    1.780937 ^ hold379/X (sky130_fd_sc_hd__dlygate4sd3_1)
                                                         net623 (net)
                      0.040359    0.000129    1.781067 ^ hold29/A (sky130_fd_sc_hd__dlygate4sd3_1)
     1    0.002968    0.038364    0.373823    2.154889 ^ hold29/X (sky130_fd_sc_hd__dlygate4sd3_1)
                                                         net273 (net)
                      0.038832    0.000191    2.155080 ^ hold380/A (sky130_fd_sc_hd__dlygate4sd3_1)
     1    0.003551    0.042666    0.377198    2.532278 ^ hold380/X (sky130_fd_sc_hd__dlygate4sd3_1)
                                                         net624 (net)
                      0.042666    0.000250    2.532528 ^ hold157/A (sky130_fd_sc_hd__dlygate4sd3_1)
     1    0.003923    0.045090    0.380230    2.912759 ^ hold157/X (sky130_fd_sc_hd__dlygate4sd3_1)
                                                         net401 (net)
                      0.045090    0.000161    2.912920 ^ _1196_/D (sky130_fd_sc_hd__dlxtn_1)
                                              2.912920   data arrival time

                                 12.500000   12.500000   clock clk_i (fall edge)
                                  0.000000   12.500000   clock source latency
     2    0.075720    0.116918    0.096962   12.596962 v clk_i (in)
                                                         clk_i (net)
                      0.127505    0.000000   12.596962 v clkbuf_0_clk_i/A (sky130_fd_sc_hd__clkbuf_16)
     2    0.017028    0.026046    0.138310   12.735271 v clkbuf_0_clk_i/X (sky130_fd_sc_hd__clkbuf_16)
                                                         clknet_0_clk_i (net)
                      0.026050    0.000957   12.736229 v clkbuf_1_1__f_clk_i/A (sky130_fd_sc_hd__clkbuf_16)
     3    0.008804    0.022234    0.090107   12.826336 v clkbuf_1_1__f_clk_i/X (sky130_fd_sc_hd__clkbuf_16)
                                                         clknet_1_1__leaf_clk_i (net)
                      0.022237    0.000512   12.826847 v _1196_/GATE_N (sky130_fd_sc_hd__dlxtn_1)
                                 -0.250000   12.576847   clock uncertainty
                                  0.000000   12.576847   clock reconvergence pessimism
                                  0.000000   12.576847   time borrowed from endpoint
                                             12.576847   data required time
---------------------------------------------------------------------------------------------
                                             12.576847   data required time
                                             -2.912920   data arrival time
---------------------------------------------------------------------------------------------
                                              9.663928   slack (MET)

Time Borrowing Information
------------------------------------------------
clk_i nominal pulse width              12.500000
clock latency difference                0.077077
library setup time                     -0.096154
------------------------------------------------
max time borrow                        12.480923
actual time borrow                      0.000000
------------------------------------------------




===========================================================================
report_checks --slack_max -0.01
============================================================================
======================= max_ff_n40C_1v95 Corner ===================================

No paths found.


===========================================================================
 report_check_types -max_slew -max_cap -max_fanout -violators
============================================================================
======================= max_ff_n40C_1v95 Corner ===================================

max fanout

Pin                                   Limit Fanout  Slack
---------------------------------------------------------
clkbuf_2_1__f_u_ibex.clk/X                6     37    -31 (VIOLATED)
clkbuf_2_0__f_u_ibex.clk/X                6     31    -25 (VIOLATED)
clkbuf_2_3__f_u_ibex.clk/X                6     27    -21 (VIOLATED)
clkbuf_2_2__f_u_ibex.clk/X                6     23    -17 (VIOLATED)
fanout124/X                               6     13     -7 (VIOLATED)
fanout172/X                               6     13     -7 (VIOLATED)
fanout62/X                                6     13     -7 (VIOLATED)
fanout78/X                                6     13     -7 (VIOLATED)
fanout171/X                               6     11     -5 (VIOLATED)
fanout76/X                                6     11     -5 (VIOLATED)
_1037_/Y                                  6      9     -3 (VIOLATED)
clkbuf_0_u_ibex.clk/X                     6      9     -3 (VIOLATED)
fanout169/X                               6      9     -3 (VIOLATED)
fanout79/X                                6      9     -3 (VIOLATED)
input9/X                                  6      9     -3 (VIOLATED)
fanout117/X                               6      7        (VIOLATED)
fanout118/X                               6      7        (VIOLATED)



===========================================================================
report_parasitic_annotation -report_unannotated
============================================================================
Found 194 unannotated drivers.
 boot_addr_i[0]
 boot_addr_i[10]
 boot_addr_i[11]
 boot_addr_i[12]
 boot_addr_i[13]
 boot_addr_i[14]
 boot_addr_i[15]
 boot_addr_i[16]
 boot_addr_i[17]
 boot_addr_i[18]
 boot_addr_i[19]
 boot_addr_i[1]
 boot_addr_i[20]
 boot_addr_i[21]
 boot_addr_i[22]
 boot_addr_i[23]
 boot_addr_i[24]
 boot_addr_i[25]
 boot_addr_i[26]
 boot_addr_i[27]
 boot_addr_i[28]
 boot_addr_i[29]
 boot_addr_i[2]
 boot_addr_i[30]
 boot_addr_i[31]
 boot_addr_i[3]
 boot_addr_i[4]
 boot_addr_i[5]
 boot_addr_i[6]
 boot_addr_i[7]
 boot_addr_i[8]
 boot_addr_i[9]
 hart_id_i[0]
 hart_id_i[10]
 hart_id_i[11]
 hart_id_i[12]
 hart_id_i[13]
 hart_id_i[14]
 hart_id_i[15]
 hart_id_i[16]
 hart_id_i[17]
 hart_id_i[18]
 hart_id_i[19]
 hart_id_i[1]
 hart_id_i[20]
 hart_id_i[21]
 hart_id_i[22]
 hart_id_i[23]
 hart_id_i[24]
 hart_id_i[25]
 hart_id_i[26]
 hart_id_i[27]
 hart_id_i[28]
 hart_id_i[29]
 hart_id_i[2]
 hart_id_i[30]
 hart_id_i[31]
 hart_id_i[3]
 hart_id_i[4]
 hart_id_i[5]
 hart_id_i[6]
 hart_id_i[7]
 hart_id_i[8]
 hart_id_i[9]
 irq_external_i
 irq_software_i
 irq_timer_i
 tl_i[16]
 tl_i[17]
 tl_i[18]
 tl_i[19]
 tl_i[20]
 tl_i[21]
 tl_i[22]
 tl_i[23]
 tl_i[24]
 tl_i[25]
 tl_i[26]
 tl_i[27]
 tl_i[28]
 tl_i[29]
 tl_i[2]
 tl_i[30]
 tl_i[31]
 tl_i[32]
 tl_i[33]
 tl_i[34]
 tl_i[35]
 tl_i[36]
 tl_i[37]
 tl_i[38]
 tl_i[39]
 tl_i[3]
 tl_i[40]
 tl_i[41]
 tl_i[42]
 tl_i[43]
 tl_i[44]
 tl_i[45]
 tl_i[46]
 tl_i[47]
 tl_i[48]
 tl_i[49]
 tl_i[4]
 tl_i[50]
 tl_i[51]
 tl_i[52]
 tl_i[53]
 tl_i[54]
 tl_i[55]
 tl_i[56]
 tl_i[59]
 tl_i[5]
 tl_i[60]
 tl_i[61]
 tl_i[6]
 tl_i[7]
 tl_i[8]
 clkload0/X
 clkload1/Y
 clkload2/Y
 clkload3/Y
 rv_core_ibex_tlul_173/HI
 rv_core_ibex_tlul_174/HI
 rv_core_ibex_tlul_175/HI
 rv_core_ibex_tlul_176/HI
 rv_core_ibex_tlul_177/HI
 rv_core_ibex_tlul_178/HI
 rv_core_ibex_tlul_179/HI
 rv_core_ibex_tlul_180/HI
 rv_core_ibex_tlul_181/HI
 rv_core_ibex_tlul_182/HI
 rv_core_ibex_tlul_183/HI
 rv_core_ibex_tlul_184/HI
 rv_core_ibex_tlul_185/HI
 rv_core_ibex_tlul_186/HI
 rv_core_ibex_tlul_187/HI
 rv_core_ibex_tlul_188/HI
 rv_core_ibex_tlul_189/HI
 rv_core_ibex_tlul_190/HI
 rv_core_ibex_tlul_191/HI
 rv_core_ibex_tlul_192/HI
 rv_core_ibex_tlul_193/HI
 rv_core_ibex_tlul_194/HI
 rv_core_ibex_tlul_195/HI
 rv_core_ibex_tlul_196/HI
 rv_core_ibex_tlul_197/HI
 rv_core_ibex_tlul_198/HI
 rv_core_ibex_tlul_199/HI
 rv_core_ibex_tlul_200/HI
 rv_core_ibex_tlul_201/HI
 rv_core_ibex_tlul_202/HI
 rv_core_ibex_tlul_203/HI
 rv_core_ibex_tlul_204/HI
 rv_core_ibex_tlul_205/HI
 rv_core_ibex_tlul_206/HI
 rv_core_ibex_tlul_207/HI
 rv_core_ibex_tlul_208/HI
 rv_core_ibex_tlul_209/HI
 rv_core_ibex_tlul_210/HI
 rv_core_ibex_tlul_211/HI
 rv_core_ibex_tlul_212/HI
 rv_core_ibex_tlul_213/HI
 rv_core_ibex_tlul_214/HI
 rv_core_ibex_tlul_215/HI
 rv_core_ibex_tlul_216/HI
 rv_core_ibex_tlul_217/HI
 rv_core_ibex_tlul_218/HI
 rv_core_ibex_tlul_219/HI
 rv_core_ibex_tlul_220/HI
 rv_core_ibex_tlul_221/HI
 rv_core_ibex_tlul_222/HI
 rv_core_ibex_tlul_223/HI
 rv_core_ibex_tlul_224/HI
 rv_core_ibex_tlul_225/HI
 rv_core_ibex_tlul_226/HI
 rv_core_ibex_tlul_227/HI
 rv_core_ibex_tlul_228/HI
 rv_core_ibex_tlul_229/HI
 rv_core_ibex_tlul_230/HI
 rv_core_ibex_tlul_231/HI
 rv_core_ibex_tlul_232/HI
 rv_core_ibex_tlul_233/LO
 rv_core_ibex_tlul_234/LO
 rv_core_ibex_tlul_235/LO
 rv_core_ibex_tlul_236/LO
 rv_core_ibex_tlul_237/LO
 rv_core_ibex_tlul_238/LO
 rv_core_ibex_tlul_239/LO
 rv_core_ibex_tlul_240/LO
 rv_core_ibex_tlul_241/LO
 rv_core_ibex_tlul_242/LO
 rv_core_ibex_tlul_243/LO
 rv_core_ibex_tlul_244/LO
Found 0 partially unannotated drivers.

===========================================================================
max slew violation count 0
max fanout violation count 17
max cap violation count 0
============================================================================

===========================================================================
check_setup -verbose -unconstrained_endpoints -multiple_clock -no_clock -no_input_delay -loops -generated_clocks
===========================================================================
Warning: There are 72 unconstrained endpoints.
  tl_o[0]
  tl_o[100]
  tl_o[101]
  tl_o[102]
  tl_o[103]
  tl_o[104]
  tl_o[105]
  tl_o[106]
  tl_o[107]
  tl_o[108]
  tl_o[15]
  tl_o[16]
  tl_o[17]
  tl_o[18]
  tl_o[19]
  tl_o[1]
  tl_o[20]
  tl_o[21]
  tl_o[22]
  tl_o[23]
  tl_o[24]
  tl_o[25]
  tl_o[26]
  tl_o[27]
  tl_o[28]
  tl_o[29]
  tl_o[2]
  tl_o[30]
  tl_o[31]
  tl_o[32]
  tl_o[33]
  tl_o[34]
  tl_o[35]
  tl_o[36]
  tl_o[37]
  tl_o[38]
  tl_o[39]
  tl_o[3]
  tl_o[40]
  tl_o[41]
  tl_o[42]
  tl_o[43]
  tl_o[44]
  tl_o[45]
  tl_o[46]
  tl_o[47]
  tl_o[48]
  tl_o[49]
  tl_o[4]
  tl_o[50]
  tl_o[51]
  tl_o[52]
  tl_o[53]
  tl_o[54]
  tl_o[55]
  tl_o[56]
  tl_o[57]
  tl_o[58]
  tl_o[59]
  tl_o[5]
  tl_o[60]
  tl_o[61]
  tl_o[62]
  tl_o[6]
  tl_o[7]
  tl_o[93]
  tl_o[94]
  tl_o[95]
  tl_o[96]
  tl_o[97]
  tl_o[98]
  tl_o[99]
