Clock: clk_i
Sources: clk_i 
Generated: no
Virtual: yes
Propagated: no
Period: 25.000000

===========================================================================
report_clock_properties
============================================================================
Clock                   Period          Waveform
----------------------------------------------------
clk_i                25.000000    0.000000 12.500000

===========================================================================
report_clock_latency
============================================================================
Clock clk_i
rise -> rise
    min     max
0.000000 0.000000 source latency
0.400143         network latency _1197_/CLK
        0.823537 network latency _1194_/CLK
---------------
0.400143 0.823537 latency
        0.423394 skew

fall -> rise
    min     max
0.000000 0.000000 source latency
3.174753         network latency _1186_/CLK
        3.195570 network latency _1194_/CLK
---------------
3.174753 3.195570 latency
        0.020817 skew

fall -> fall
    min     max
0.000000 0.000000 source latency
0.323477         network latency _1197_/CLK
        3.051262 network latency _1194_/CLK
---------------
0.323477 3.051262 latency
        2.727785 skew



===========================================================================
report_clock_min_period
============================================================================
clk_i period_min = 6.88 fmax = 145.31
