
===========================================================================
report_checks -unconstrained
===========================================================================
======================= min_tt_025C_1v80 Corner ===================================

Startpoint: rst_ni (input port clocked by clk_i)
Endpoint: _4525_ (recovery check against rising-edge clock clk_i)
Path Group: asynchronous
Path Type: max

Fanout         Cap        Slew       Delay        Time   Description
---------------------------------------------------------------------------------------------
                                  0.000000    0.000000   clock clk_i (rise edge)
                                  0.000000    0.000000   clock network delay (propagated)
                                  5.000000    5.000000 ^ input external delay
     1    0.002723    0.019402    0.010026    5.010026 ^ rst_ni (in)
                                                         rst_ni (net)
                      0.019402    0.000000    5.010026 ^ input1/A (sky130_fd_sc_hd__buf_1)
     1    0.012200    0.149642    0.145949    5.155975 ^ input1/X (sky130_fd_sc_hd__buf_1)
                                                         net1 (net)
                      0.149646    0.000647    5.156622 ^ fanout887/A (sky130_fd_sc_hd__clkbuf_4)
     3    0.067450    0.205359    0.289968    5.446589 ^ fanout887/X (sky130_fd_sc_hd__clkbuf_4)
                                                         net887 (net)
                      0.205464    0.002179    5.448768 ^ fanout868/A (sky130_fd_sc_hd__buf_2)
     4    0.049030    0.239782    0.297642    5.746411 ^ fanout868/X (sky130_fd_sc_hd__buf_2)
                                                         net868 (net)
                      0.239782    0.000419    5.746830 ^ fanout865/A (sky130_fd_sc_hd__buf_1)
     3    0.025684    0.303048    0.300164    6.046994 ^ fanout865/X (sky130_fd_sc_hd__buf_1)
                                                         net865 (net)
                      0.303050    0.000656    6.047650 ^ fanout863/A (sky130_fd_sc_hd__clkbuf_2)
     5    0.030374    0.169776    0.266029    6.313678 ^ fanout863/X (sky130_fd_sc_hd__clkbuf_2)
                                                         net863 (net)
                      0.169776    0.000353    6.314031 ^ fanout862/A (sky130_fd_sc_hd__clkbuf_2)
     6    0.034419    0.189792    0.248022    6.562052 ^ fanout862/X (sky130_fd_sc_hd__clkbuf_2)
                                                         net862 (net)
                      0.189792    0.000554    6.562606 ^ fanout861/A (sky130_fd_sc_hd__clkbuf_2)
     6    0.032039    0.177794    0.244694    6.807300 ^ fanout861/X (sky130_fd_sc_hd__clkbuf_2)
                                                         net861 (net)
                      0.177794    0.000502    6.807802 ^ _4525_/RESET_B (sky130_fd_sc_hd__dfrtp_2)
                                              6.807802   data arrival time

                                 25.000000   25.000000   clock clk_i (rise edge)
                                  0.000000   25.000000   clock source latency
     2    0.055769    0.254777    0.177151   25.177151 ^ clk_i (in)
                                                         clk_i (net)
                      0.254796    0.000000   25.177151 ^ clkbuf_0_clk_i/A (sky130_fd_sc_hd__clkbuf_16)
     8    0.189068    0.200875    0.313042   25.490192 ^ clkbuf_0_clk_i/X (sky130_fd_sc_hd__clkbuf_16)
                                                         clknet_0_clk_i (net)
                      0.201165    0.006244   25.496435 ^ clkbuf_3_3__f_clk_i/A (sky130_fd_sc_hd__clkbuf_16)
    12    0.110263    0.124412    0.245620   25.742056 ^ clkbuf_3_3__f_clk_i/X (sky130_fd_sc_hd__clkbuf_16)
                                                         clknet_3_3__leaf_clk_i (net)
                      0.124618    0.003288   25.745344 ^ clkbuf_leaf_33_clk_i/A (sky130_fd_sc_hd__clkbuf_8)
     8    0.030805    0.067685    0.174923   25.920267 ^ clkbuf_leaf_33_clk_i/X (sky130_fd_sc_hd__clkbuf_8)
                                                         clknet_leaf_33_clk_i (net)
                      0.067685    0.000190   25.920458 ^ _4525_/CLK (sky130_fd_sc_hd__dfrtp_2)
                                 -0.250000   25.670458   clock uncertainty
                                  0.000000   25.670458   clock reconvergence pessimism
                                  0.186675   25.857134   library recovery time
                                             25.857134   data required time
---------------------------------------------------------------------------------------------
                                             25.857134   data required time
                                             -6.807802   data arrival time
---------------------------------------------------------------------------------------------
                                             19.049332   slack (MET)


Startpoint: tl_i[63] (input port clocked by clk_i)
Endpoint: _4243_ (rising edge-triggered flip-flop clocked by clk_i)
Path Group: clk_i
Path Type: max

Fanout         Cap        Slew       Delay        Time   Description
---------------------------------------------------------------------------------------------
                                  0.000000    0.000000   clock clk_i (rise edge)
                                  0.000000    0.000000   clock network delay (propagated)
                                  5.000000    5.000000 ^ input external delay
     1    0.003215    0.021524    0.011759    5.011759 ^ tl_i[63] (in)
                                                         tl_i[63] (net)
                      0.021524    0.000000    5.011759 ^ input43/A (sky130_fd_sc_hd__buf_1)
     1    0.010333    0.128449    0.132073    5.143831 ^ input43/X (sky130_fd_sc_hd__buf_1)
                                                         net43 (net)
                      0.128452    0.000467    5.144299 ^ fanout788/A (sky130_fd_sc_hd__dlymetal6s2s_1)
     6    0.022208    0.235671    0.250973    5.395272 ^ fanout788/X (sky130_fd_sc_hd__dlymetal6s2s_1)
                                                         net788 (net)
                      0.235673    0.000524    5.395796 ^ fanout786/A (sky130_fd_sc_hd__clkbuf_2)
     6    0.021357    0.122912    0.218018    5.613814 ^ fanout786/X (sky130_fd_sc_hd__clkbuf_2)
                                                         net786 (net)
                      0.122912    0.000274    5.614089 ^ fanout785/A (sky130_fd_sc_hd__buf_1)
     6    0.015062    0.182828    0.199804    5.813892 ^ fanout785/X (sky130_fd_sc_hd__buf_1)
                                                         net785 (net)
                      0.182828    0.000109    5.814001 ^ _3472_/C (sky130_fd_sc_hd__and4bb_1)
     2    0.006679    0.090652    0.242005    6.056005 ^ _3472_/X (sky130_fd_sc_hd__and4bb_1)
                                                         _1821_ (net)
                      0.090652    0.000086    6.056092 ^ _3473_/B (sky130_fd_sc_hd__nand4_1)
     1    0.003622    0.087788    0.098034    6.154126 v _3473_/Y (sky130_fd_sc_hd__nand4_1)
                                                         _1822_ (net)
                      0.087788    0.000055    6.154181 v hold1591/A (sky130_fd_sc_hd__dlygate4sd3_1)
     1    0.004593    0.061325    0.580245    6.734426 v hold1591/X (sky130_fd_sc_hd__dlygate4sd3_1)
                                                         net2486 (net)
                      0.062053    0.000075    6.734501 v fanout210/A (sky130_fd_sc_hd__clkbuf_2)
     5    0.045612    0.172823    0.223361    6.957862 v fanout210/X (sky130_fd_sc_hd__clkbuf_2)
                                                         net210 (net)
                      0.172825    0.000531    6.958394 v hold1592/A (sky130_fd_sc_hd__dlygate4sd3_1)
     1    0.004170    0.059848    0.615883    7.574276 v hold1592/X (sky130_fd_sc_hd__dlygate4sd3_1)
                                                         net2487 (net)
                      0.059848    0.000066    7.574342 v fanout209/A (sky130_fd_sc_hd__buf_2)
     5    0.055071    0.131308    0.220715    7.795057 v fanout209/X (sky130_fd_sc_hd__buf_2)
                                                         net209 (net)
                      0.131308    0.000497    7.795555 v fanout208/A (sky130_fd_sc_hd__clkbuf_2)
     4    0.031461    0.122567    0.218834    8.014388 v fanout208/X (sky130_fd_sc_hd__clkbuf_2)
                                                         net208 (net)
                      0.122567    0.000147    8.014535 v fanout207/A (sky130_fd_sc_hd__clkbuf_2)
     6    0.027265    0.107601    0.203852    8.218387 v fanout207/X (sky130_fd_sc_hd__clkbuf_2)
                                                         net207 (net)
                      0.107605    0.000761    8.219149 v fanout206/A (sky130_fd_sc_hd__clkbuf_2)
     6    0.025943    0.102964    0.193380    8.412529 v fanout206/X (sky130_fd_sc_hd__clkbuf_2)
                                                         net206 (net)
                      0.102965    0.000477    8.413006 v _3474_/D (sky130_fd_sc_hd__nor4_2)
     1    0.003218    0.192653    0.149207    8.562213 ^ _3474_/Y (sky130_fd_sc_hd__nor4_2)
                                                         _1823_ (net)
                      0.192653    0.000043    8.562255 ^ hold1226/A (sky130_fd_sc_hd__dlygate4sd3_1)
     2    0.016892    0.179459    0.674718    9.236973 ^ hold1226/X (sky130_fd_sc_hd__dlygate4sd3_1)
                                                         net2121 (net)
                      0.179459    0.000322    9.237296 ^ fanout179/A (sky130_fd_sc_hd__buf_2)
     1    0.002319    0.027398    0.132042    9.369338 ^ fanout179/X (sky130_fd_sc_hd__buf_2)
                                                         net179 (net)
                      0.027398    0.000023    9.369361 ^ hold1227/A (sky130_fd_sc_hd__dlygate4sd3_1)
     6    0.039482    0.390098    0.783000   10.152361 ^ hold1227/X (sky130_fd_sc_hd__dlygate4sd3_1)
                                                         net2122 (net)
                      0.390098    0.000668   10.153028 ^ fanout178/A (sky130_fd_sc_hd__clkbuf_2)
     4    0.035052    0.193833    0.295998   10.449027 ^ fanout178/X (sky130_fd_sc_hd__clkbuf_2)
                                                         net178 (net)
                      0.193843    0.001585   10.450612 ^ _3494_/S (sky130_fd_sc_hd__mux2_1)
     1    0.004702    0.064551    0.354668   10.805281 v _3494_/X (sky130_fd_sc_hd__mux2_1)
                                                         _0426_ (net)
                      0.064551    0.000096   10.805376 v hold3607/A (sky130_fd_sc_hd__dlygate4sd3_1)
     1    0.004749    0.062640    0.570736   11.376113 v hold3607/X (sky130_fd_sc_hd__dlygate4sd3_1)
                                                         net4502 (net)
                      0.062640    0.000090   11.376203 v hold1124/A (sky130_fd_sc_hd__dlygate4sd3_1)
     1    0.005095    0.064215    0.572120   11.948322 v hold1124/X (sky130_fd_sc_hd__dlygate4sd3_1)
                                                         net2019 (net)
                      0.064215    0.000097   11.948420 v hold3608/A (sky130_fd_sc_hd__dlygate4sd3_1)
     1    0.005028    0.063921    0.572393   12.520812 v hold3608/X (sky130_fd_sc_hd__dlygate4sd3_1)
                                                         net4503 (net)
                      0.063921    0.000107   12.520920 v _4243_/D (sky130_fd_sc_hd__dfxtp_1)
                                             12.520920   data arrival time

                                 25.000000   25.000000   clock clk_i (rise edge)
                                  0.000000   25.000000   clock source latency
     2    0.055769    0.254777    0.177151   25.177151 ^ clk_i (in)
                                                         clk_i (net)
                      0.254796    0.000000   25.177151 ^ clkbuf_0_clk_i/A (sky130_fd_sc_hd__clkbuf_16)
     8    0.189068    0.200875    0.313042   25.490192 ^ clkbuf_0_clk_i/X (sky130_fd_sc_hd__clkbuf_16)
                                                         clknet_0_clk_i (net)
                      0.201222    0.006805   25.496998 ^ clkbuf_3_2__f_clk_i/A (sky130_fd_sc_hd__clkbuf_16)
    12    0.114368    0.128386    0.248848   25.745846 ^ clkbuf_3_2__f_clk_i/X (sky130_fd_sc_hd__clkbuf_16)
                                                         clknet_3_2__leaf_clk_i (net)
                      0.128432    0.002306   25.748152 ^ clkbuf_leaf_24_clk_i/A (sky130_fd_sc_hd__clkbuf_8)
    12    0.043124    0.087009    0.191015   25.939167 ^ clkbuf_leaf_24_clk_i/X (sky130_fd_sc_hd__clkbuf_8)
                                                         clknet_leaf_24_clk_i (net)
                      0.087009    0.000300   25.939466 ^ _4243_/CLK (sky130_fd_sc_hd__dfxtp_1)
                                 -0.250000   25.689466   clock uncertainty
                                  0.000000   25.689466   clock reconvergence pessimism
                                 -0.109006   25.580462   library setup time
                                             25.580462   data required time
---------------------------------------------------------------------------------------------
                                             25.580462   data required time
                                            -12.520920   data arrival time
---------------------------------------------------------------------------------------------
                                             13.059542   slack (MET)




===========================================================================
report_checks --slack_max -0.01
============================================================================
======================= min_tt_025C_1v80 Corner ===================================

No paths found.


===========================================================================
 report_check_types -max_slew -max_cap -max_fanout -violators
============================================================================
======================= min_tt_025C_1v80 Corner ===================================

max fanout

Pin                                   Limit Fanout  Slack
---------------------------------------------------------
clkbuf_leaf_65_clk_i/X                    6     16    -10 (VIOLATED)
clkbuf_leaf_62_clk_i/X                    6     15     -9 (VIOLATED)
clkbuf_3_0__f_clk_i/X                     6     14     -8 (VIOLATED)
clkbuf_3_1__f_clk_i/X                     6     14     -8 (VIOLATED)
clkbuf_leaf_59_clk_i/X                    6     13     -7 (VIOLATED)
clkbuf_leaf_67_clk_i/X                    6     13     -7 (VIOLATED)
clkbuf_3_2__f_clk_i/X                     6     12     -6 (VIOLATED)
clkbuf_3_3__f_clk_i/X                     6     12     -6 (VIOLATED)
clkbuf_3_4__f_clk_i/X                     6     12     -6 (VIOLATED)
clkbuf_3_5__f_clk_i/X                     6     12     -6 (VIOLATED)
clkbuf_3_6__f_clk_i/X                     6     12     -6 (VIOLATED)
clkbuf_leaf_24_clk_i/X                    6     12     -6 (VIOLATED)
clkbuf_leaf_2_clk_i/X                     6     12     -6 (VIOLATED)
clkbuf_leaf_51_clk_i/X                    6     12     -6 (VIOLATED)
clkbuf_leaf_53_clk_i/X                    6     12     -6 (VIOLATED)
clkbuf_leaf_55_clk_i/X                    6     12     -6 (VIOLATED)
clkbuf_leaf_69_clk_i/X                    6     12     -6 (VIOLATED)
clkbuf_leaf_70_clk_i/X                    6     12     -6 (VIOLATED)
clkbuf_leaf_88_clk_i/X                    6     12     -6 (VIOLATED)
clkbuf_leaf_34_clk_i/X                    6     11     -5 (VIOLATED)
clkbuf_leaf_3_clk_i/X                     6     11     -5 (VIOLATED)
clkbuf_leaf_50_clk_i/X                    6     11     -5 (VIOLATED)
clkbuf_leaf_58_clk_i/X                    6     11     -5 (VIOLATED)
clkbuf_3_7__f_clk_i/X                     6     10     -4 (VIOLATED)
clkbuf_leaf_22_clk_i/X                    6     10     -4 (VIOLATED)
clkbuf_leaf_47_clk_i/X                    6     10     -4 (VIOLATED)
clkbuf_leaf_48_clk_i/X                    6     10     -4 (VIOLATED)
clkbuf_leaf_56_clk_i/X                    6     10     -4 (VIOLATED)
clkbuf_leaf_5_clk_i/X                     6     10     -4 (VIOLATED)
clkbuf_leaf_63_clk_i/X                    6     10     -4 (VIOLATED)
clkbuf_leaf_66_clk_i/X                    6     10     -4 (VIOLATED)
clkbuf_leaf_78_clk_i/X                    6     10     -4 (VIOLATED)
clkbuf_leaf_7_clk_i/X                     6     10     -4 (VIOLATED)
clkbuf_leaf_81_clk_i/X                    6     10     -4 (VIOLATED)
clkbuf_leaf_84_clk_i/X                    6     10     -4 (VIOLATED)
clkbuf_leaf_86_clk_i/X                    6     10     -4 (VIOLATED)
clkbuf_leaf_8_clk_i/X                     6     10     -4 (VIOLATED)
clkbuf_leaf_9_clk_i/X                     6     10     -4 (VIOLATED)
clkbuf_leaf_0_clk_i/X                     6      9     -3 (VIOLATED)
clkbuf_leaf_17_clk_i/X                    6      9     -3 (VIOLATED)
clkbuf_leaf_1_clk_i/X                     6      9     -3 (VIOLATED)
clkbuf_leaf_25_clk_i/X                    6      9     -3 (VIOLATED)
clkbuf_leaf_26_clk_i/X                    6      9     -3 (VIOLATED)
clkbuf_leaf_35_clk_i/X                    6      9     -3 (VIOLATED)
clkbuf_leaf_49_clk_i/X                    6      9     -3 (VIOLATED)
clkbuf_leaf_52_clk_i/X                    6      9     -3 (VIOLATED)
clkbuf_leaf_54_clk_i/X                    6      9     -3 (VIOLATED)
clkbuf_leaf_57_clk_i/X                    6      9     -3 (VIOLATED)
clkbuf_leaf_6_clk_i/X                     6      9     -3 (VIOLATED)
clkbuf_leaf_71_clk_i/X                    6      9     -3 (VIOLATED)
clkbuf_leaf_72_clk_i/X                    6      9     -3 (VIOLATED)
clkbuf_leaf_73_clk_i/X                    6      9     -3 (VIOLATED)
clkbuf_leaf_74_clk_i/X                    6      9     -3 (VIOLATED)
clkbuf_leaf_80_clk_i/X                    6      9     -3 (VIOLATED)
clkbuf_0_clk_i/X                          6      8     -2 (VIOLATED)
clkbuf_leaf_11_clk_i/X                    6      8     -2 (VIOLATED)
clkbuf_leaf_12_clk_i/X                    6      8     -2 (VIOLATED)
clkbuf_leaf_16_clk_i/X                    6      8     -2 (VIOLATED)
clkbuf_leaf_18_clk_i/X                    6      8     -2 (VIOLATED)
clkbuf_leaf_19_clk_i/X                    6      8     -2 (VIOLATED)
clkbuf_leaf_20_clk_i/X                    6      8     -2 (VIOLATED)
clkbuf_leaf_21_clk_i/X                    6      8     -2 (VIOLATED)
clkbuf_leaf_33_clk_i/X                    6      8     -2 (VIOLATED)
clkbuf_leaf_36_clk_i/X                    6      8     -2 (VIOLATED)
clkbuf_leaf_46_clk_i/X                    6      8     -2 (VIOLATED)
clkbuf_leaf_60_clk_i/X                    6      8     -2 (VIOLATED)
clkbuf_leaf_83_clk_i/X                    6      8     -2 (VIOLATED)
clkbuf_leaf_85_clk_i/X                    6      8     -2 (VIOLATED)
clkbuf_leaf_89_clk_i/X                    6      8     -2 (VIOLATED)
fanout170/X                               6      8     -2 (VIOLATED)
fanout331/X                               6      8     -2 (VIOLATED)
clkbuf_leaf_10_clk_i/X                    6      7        (VIOLATED)
clkbuf_leaf_13_clk_i/X                    6      7        (VIOLATED)
clkbuf_leaf_14_clk_i/X                    6      7        (VIOLATED)
clkbuf_leaf_23_clk_i/X                    6      7        (VIOLATED)
clkbuf_leaf_29_clk_i/X                    6      7        (VIOLATED)
clkbuf_leaf_37_clk_i/X                    6      7        (VIOLATED)
clkbuf_leaf_42_clk_i/X                    6      7        (VIOLATED)
clkbuf_leaf_44_clk_i/X                    6      7        (VIOLATED)
clkbuf_leaf_4_clk_i/X                     6      7        (VIOLATED)
clkbuf_leaf_64_clk_i/X                    6      7        (VIOLATED)
clkbuf_leaf_75_clk_i/X                    6      7        (VIOLATED)
clkbuf_leaf_76_clk_i/X                    6      7        (VIOLATED)
clkbuf_leaf_77_clk_i/X                    6      7        (VIOLATED)
clkbuf_leaf_79_clk_i/X                    6      7        (VIOLATED)
clkbuf_leaf_82_clk_i/X                    6      7        (VIOLATED)
clkbuf_leaf_87_clk_i/X                    6      7        (VIOLATED)
clkbuf_leaf_90_clk_i/X                    6      7        (VIOLATED)
fanout123/X                               6      7        (VIOLATED)
fanout140/X                               6      7        (VIOLATED)
fanout148/X                               6      7        (VIOLATED)
fanout165/X                               6      7        (VIOLATED)
fanout370/X                               6      7        (VIOLATED)
fanout426/X                               6      7        (VIOLATED)



===========================================================================
report_parasitic_annotation -report_unannotated
============================================================================
Found 153 unannotated drivers.
 tl_i[0]
 tl_i[103]
 tl_i[104]
 tl_i[105]
 tl_i[106]
 tl_i[10]
 tl_i[11]
 tl_i[12]
 tl_i[13]
 tl_i[14]
 tl_i[15]
 tl_i[16]
 tl_i[17]
 tl_i[18]
 tl_i[19]
 tl_i[1]
 tl_i[20]
 tl_i[21]
 tl_i[22]
 tl_i[23]
 tl_i[24]
 tl_i[2]
 tl_i[3]
 tl_i[4]
 tl_i[57]
 tl_i[58]
 tl_i[59]
 tl_i[5]
 tl_i[60]
 tl_i[69]
 tl_i[6]
 tl_i[70]
 tl_i[71]
 tl_i[72]
 tl_i[73]
 tl_i[74]
 tl_i[75]
 tl_i[76]
 tl_i[77]
 tl_i[78]
 tl_i[79]
 tl_i[7]
 tl_i[80]
 tl_i[81]
 tl_i[82]
 tl_i[83]
 tl_i[84]
 tl_i[85]
 tl_i[86]
 tl_i[87]
 tl_i[88]
 tl_i[89]
 tl_i[8]
 tl_i[90]
 tl_i[91]
 tl_i[92]
 tl_i[9]
 clkload0/X
 clkload1/Y
 clkload10/X
 clkload11/Y
 clkload12/Y
 clkload13/Y
 clkload14/Y
 clkload15/Y
 clkload16/Y
 clkload17/Y
 clkload18/Y
 clkload19/Y
 clkload2/Y
 clkload20/Y
 clkload21/Y
 clkload22/Y
 clkload23/Y
 clkload24/Y
 clkload25/Y
 clkload26/X
 clkload27/X
 clkload28/Y
 clkload29/Y
 clkload3/Y
 clkload30/X
 clkload31/Y
 clkload32/Y
 clkload33/Y
 clkload34/Y
 clkload35/Y
 clkload36/Y
 clkload37/Y
 clkload38/Y
 clkload39/Y
 clkload4/Y
 clkload40/Y
 clkload41/Y
 clkload42/Y
 clkload43/Y
 clkload44/X
 clkload45/X
 clkload46/Y
 clkload47/Y
 clkload48/Y
 clkload49/Y
 clkload5/Y
 clkload50/X
 clkload51/Y
 clkload52/Y
 clkload53/Y
 clkload54/X
 clkload55/X
 clkload56/Y
 clkload57/Y
 clkload58/Y
 clkload59/Y
 clkload6/Y
 clkload60/Y
 clkload61/Y
 clkload62/Y
 clkload63/Y
 clkload64/Y
 clkload65/Y
 clkload66/Y
 clkload67/X
 clkload68/Y
 clkload69/Y
 clkload7/Y
 clkload70/Y
 clkload71/X
 clkload72/Y
 clkload73/Y
 clkload74/Y
 clkload75/Y
 clkload76/Y
 clkload77/Y
 clkload78/X
 clkload79/Y
 clkload8/Y
 clkload80/X
 clkload81/Y
 clkload82/Y
 clkload83/Y
 clkload84/Y
 clkload85/Y
 clkload86/X
 clkload87/X
 clkload9/X
 spi_host_lite_888/HI
 spi_host_lite_889/HI
 spi_host_lite_890/HI
 spi_host_lite_891/HI
 spi_host_lite_892/HI
 spi_host_lite_893/HI
 spi_host_lite_894/HI
 spi_host_lite_895/LO
Found 0 partially unannotated drivers.

===========================================================================
max slew violation count 0
max fanout violation count 94
max cap violation count 0
============================================================================

===========================================================================
check_setup -verbose -unconstrained_endpoints -multiple_clock -no_clock -no_input_delay -loops -generated_clocks
===========================================================================
Warning: There are 8 unconstrained endpoints.
  tl_o[0]
  tl_o[15]
  tl_o[48]
  tl_o[59]
  tl_o[60]
  tl_o[61]
  tl_o[63]
  tl_o[64]
