Clock: clk_i
Sources: clk_i 
Generated: no
Virtual: yes
Propagated: no
Period: 25.000000

===========================================================================
report_clock_properties
============================================================================
Clock                   Period          Waveform
----------------------------------------------------
clk_i                25.000000    0.000000 12.500000

===========================================================================
report_clock_latency
============================================================================
Clock clk_i
rise -> rise
    min     max
0.000000 0.000000 source latency
0.897565         network latency _4278_/CLK
        1.160216 network latency _4270_/CLK
---------------
0.897565 1.160216 latency
        0.262652 skew

fall -> fall
    min     max
0.000000 0.000000 source latency
0.696200         network latency _4278_/CLK
        0.929856 network latency _4270_/CLK
---------------
0.696200 0.929856 latency
        0.233656 skew



===========================================================================
report_clock_min_period
============================================================================
clk_i period_min = 14.14 fmax = 70.74
