
===========================================================================
report_checks -path_delay max (Setup)
============================================================================
======================= min_ff_n40C_1v95 Corner ===================================

Startpoint: wb_clk_i (clock source 'wb_clk_i')
Endpoint: clk_o (output port clocked by wb_clk_i)
Path Group: wb_clk_i
Path Type: max

Fanout         Cap        Slew       Delay        Time   Description
---------------------------------------------------------------------------------------------
                                 12.500000   12.500000   clock wb_clk_i (fall edge)
                                  0.000000   12.500000   clock source latency
     1    0.004200    0.006833    0.003507   12.503507 v wb_clk_i (in)
                                                         wb_clk_i (net)
                      0.006834    0.000000   12.503507 v _253_/A (sky130_fd_sc_hd__buf_2)
     1    0.015858    0.035852    0.085360   12.588867 v _253_/X (sky130_fd_sc_hd__buf_2)
                                                         net2 (net)
                      0.035943    0.001097   12.589964 v output2/A (sky130_fd_sc_hd__buf_1)
     1    0.034014    0.134602    0.150468   12.740432 v output2/X (sky130_fd_sc_hd__buf_1)
                                                         clk_o (net)
                      0.134602    0.000180   12.740612 v clk_o (out)
                                             12.740612   data arrival time

                                 25.000000   25.000000   clock wb_clk_i (rise edge)
                                  0.000000   25.000000   clock network delay (propagated)
                                 -0.250000   24.750000   clock uncertainty
                                  0.000000   24.750000   clock reconvergence pessimism
                                 -5.000000   19.750000   output external delay
                                             19.750000   data required time
---------------------------------------------------------------------------------------------
                                             19.750000   data required time
                                            -12.740612   data arrival time
---------------------------------------------------------------------------------------------
                                              7.009387   slack (MET)


Startpoint: uart_tx_i (input port clocked by wb_clk_i)
Endpoint: io_out[1] (output port clocked by wb_clk_i)
Path Group: wb_clk_i
Path Type: max

Fanout         Cap        Slew       Delay        Time   Description
---------------------------------------------------------------------------------------------
                                  0.000000    0.000000   clock wb_clk_i (rise edge)
                                  0.000000    0.000000   clock network delay (propagated)
                                  5.000000    5.000000 ^ input external delay
     2    0.036940    0.127512    0.090972    5.090972 ^ uart_tx_i (in)
                                                         uart_tx_i (net)
                      0.127785    0.000000    5.090972 ^ _268_/A (sky130_fd_sc_hd__clkbuf_2)
     1    0.024008    0.103892    0.139464    5.230437 ^ _268_/X (sky130_fd_sc_hd__clkbuf_2)
                                                         net17 (net)
                      0.103982    0.002490    5.232926 ^ output17/A (sky130_fd_sc_hd__buf_2)
     1    0.034759    0.129842    0.156960    5.389886 ^ output17/X (sky130_fd_sc_hd__buf_2)
                                                         io_out[1] (net)
                      0.129842    0.000431    5.390317 ^ io_out[1] (out)
                                              5.390317   data arrival time

                                 25.000000   25.000000   clock wb_clk_i (rise edge)
                                  0.000000   25.000000   clock network delay (propagated)
                                 -0.250000   24.750000   clock uncertainty
                                  0.000000   24.750000   clock reconvergence pessimism
                                 -5.000000   19.750000   output external delay
                                             19.750000   data required time
---------------------------------------------------------------------------------------------
                                             19.750000   data required time
                                             -5.390317   data arrival time
---------------------------------------------------------------------------------------------
                                             14.359682   slack (MET)


Startpoint: spi_cs_n_i (input port clocked by wb_clk_i)
Endpoint: io_out[3] (output port clocked by wb_clk_i)
Path Group: wb_clk_i
Path Type: max

Fanout         Cap        Slew       Delay        Time   Description
---------------------------------------------------------------------------------------------
                                  0.000000    0.000000   clock wb_clk_i (rise edge)
                                  0.000000    0.000000   clock network delay (propagated)
                                  5.000000    5.000000 ^ input external delay
     2    0.039128    0.135440    0.096311    5.096311 ^ spi_cs_n_i (in)
                                                         spi_cs_n_i (net)
                      0.135787    0.000000    5.096311 ^ _270_/A (sky130_fd_sc_hd__clkbuf_2)
     1    0.019375    0.085528    0.127911    5.224223 ^ _270_/X (sky130_fd_sc_hd__clkbuf_2)
                                                         net19 (net)
                      0.085576    0.001641    5.225863 ^ output19/A (sky130_fd_sc_hd__buf_2)
     1    0.034323    0.128298    0.151714    5.377578 ^ output19/X (sky130_fd_sc_hd__buf_2)
                                                         io_out[3] (net)
                      0.128298    0.000357    5.377934 ^ io_out[3] (out)
                                              5.377934   data arrival time

                                 25.000000   25.000000   clock wb_clk_i (rise edge)
                                  0.000000   25.000000   clock network delay (propagated)
                                 -0.250000   24.750000   clock uncertainty
                                  0.000000   24.750000   clock reconvergence pessimism
                                 -5.000000   19.750000   output external delay
                                             19.750000   data required time
---------------------------------------------------------------------------------------------
                                             19.750000   data required time
                                             -5.377934   data arrival time
---------------------------------------------------------------------------------------------
                                             14.372065   slack (MET)


Startpoint: intr_spi_host_rx_full_i (input port clocked by wb_clk_i)
Endpoint: intr_vec_o[11] (output port clocked by wb_clk_i)
Path Group: wb_clk_i
Path Type: max

Fanout         Cap        Slew       Delay        Time   Description
---------------------------------------------------------------------------------------------
                                  0.000000    0.000000   clock wb_clk_i (rise edge)
                                  0.000000    0.000000   clock network delay (propagated)
                                  5.000000    5.000000 ^ input external delay
     2    0.017158    0.062127    0.042789    5.042789 ^ intr_spi_host_rx_full_i (in)
                                                         intr_spi_host_rx_full_i (net)
                      0.062162    0.000000    5.042789 ^ _264_/A (sky130_fd_sc_hd__clkbuf_1)
     1    0.003647    0.039247    0.061811    5.104600 ^ _264_/X (sky130_fd_sc_hd__clkbuf_1)
                                                         net4 (net)
                      0.039247    0.000058    5.104659 ^ output4/A (sky130_fd_sc_hd__buf_2)
     1    0.034052    0.127354    0.139523    5.244182 ^ output4/X (sky130_fd_sc_hd__buf_2)
                                                         intr_vec_o[11] (net)
                      0.127389    0.000173    5.244355 ^ intr_vec_o[11] (out)
                                              5.244355   data arrival time

                                 25.000000   25.000000   clock wb_clk_i (rise edge)
                                  0.000000   25.000000   clock network delay (propagated)
                                 -0.250000   24.750000   clock uncertainty
                                  0.000000   24.750000   clock reconvergence pessimism
                                 -5.000000   19.750000   output external delay
                                             19.750000   data required time
---------------------------------------------------------------------------------------------
                                             19.750000   data required time
                                             -5.244355   data arrival time
---------------------------------------------------------------------------------------------
                                             14.505645   slack (MET)


Startpoint: io_in[0] (input port clocked by wb_clk_i)
Endpoint: uart_rx_o (output port clocked by wb_clk_i)
Path Group: wb_clk_i
Path Type: max

Fanout         Cap        Slew       Delay        Time   Description
---------------------------------------------------------------------------------------------
                                  0.000000    0.000000   clock wb_clk_i (rise edge)
                                  0.000000    0.000000   clock network delay (propagated)
                                  5.000000    5.000000 ^ input external delay
     1    0.013674    0.051008    0.034306    5.034306 ^ io_in[0] (in)
                                                         io_in[0] (net)
                      0.051022    0.000000    5.034306 ^ _274_/A (sky130_fd_sc_hd__clkbuf_1)
     1    0.004240    0.044089    0.064275    5.098581 ^ _274_/X (sky130_fd_sc_hd__clkbuf_1)
                                                         net24 (net)
                      0.044089    0.000069    5.098650 ^ output24/A (sky130_fd_sc_hd__buf_2)
     1    0.034509    0.129010    0.141933    5.240583 ^ output24/X (sky130_fd_sc_hd__buf_2)
                                                         uart_rx_o (net)
                      0.129012    0.000444    5.241027 ^ uart_rx_o (out)
                                              5.241027   data arrival time

                                 25.000000   25.000000   clock wb_clk_i (rise edge)
                                  0.000000   25.000000   clock network delay (propagated)
                                 -0.250000   24.750000   clock uncertainty
                                  0.000000   24.750000   clock reconvergence pessimism
                                 -5.000000   19.750000   output external delay
                                             19.750000   data required time
---------------------------------------------------------------------------------------------
                                             19.750000   data required time
                                             -5.241027   data arrival time
---------------------------------------------------------------------------------------------
                                             14.508972   slack (MET)


Startpoint: intr_uart_tx_done_i (input port clocked by wb_clk_i)
Endpoint: intr_vec_o[4] (output port clocked by wb_clk_i)
Path Group: wb_clk_i
Path Type: max

Fanout         Cap        Slew       Delay        Time   Description
---------------------------------------------------------------------------------------------
                                  0.000000    0.000000   clock wb_clk_i (rise edge)
                                  0.000000    0.000000   clock network delay (propagated)
                                  5.000000    5.000000 ^ input external delay
     1    0.008946    0.034964    0.022680    5.022680 ^ intr_uart_tx_done_i (in)
                                                         intr_uart_tx_done_i (net)
                      0.034969    0.000000    5.022680 ^ _257_/A (sky130_fd_sc_hd__clkbuf_1)
     1    0.005946    0.058375    0.071099    5.093779 ^ _257_/X (sky130_fd_sc_hd__clkbuf_1)
                                                         net11 (net)
                      0.058375    0.000131    5.093909 ^ output11/A (sky130_fd_sc_hd__buf_2)
     1    0.034514    0.128969    0.145888    5.239797 ^ output11/X (sky130_fd_sc_hd__buf_2)
                                                         intr_vec_o[4] (net)
                      0.129008    0.000445    5.240242 ^ intr_vec_o[4] (out)
                                              5.240242   data arrival time

                                 25.000000   25.000000   clock wb_clk_i (rise edge)
                                  0.000000   25.000000   clock network delay (propagated)
                                 -0.250000   24.750000   clock uncertainty
                                  0.000000   24.750000   clock reconvergence pessimism
                                 -5.000000   19.750000   output external delay
                                             19.750000   data required time
---------------------------------------------------------------------------------------------
                                             19.750000   data required time
                                             -5.240242   data arrival time
---------------------------------------------------------------------------------------------
                                             14.509757   slack (MET)


Startpoint: intr_uart_rx_frame_err_i (input port clocked by wb_clk_i)
Endpoint: intr_vec_o[6] (output port clocked by wb_clk_i)
Path Group: wb_clk_i
Path Type: max

Fanout         Cap        Slew       Delay        Time   Description
---------------------------------------------------------------------------------------------
                                  0.000000    0.000000   clock wb_clk_i (rise edge)
                                  0.000000    0.000000   clock network delay (propagated)
                                  5.000000    5.000000 ^ input external delay
     2    0.013810    0.051450    0.034705    5.034705 ^ intr_uart_rx_frame_err_i (in)
                                                         intr_uart_rx_frame_err_i (net)
                      0.051469    0.000000    5.034705 ^ _259_/A (sky130_fd_sc_hd__clkbuf_1)
     1    0.003973    0.041871    0.062794    5.097499 ^ _259_/X (sky130_fd_sc_hd__clkbuf_1)
                                                         net13 (net)
                      0.041871    0.000070    5.097569 ^ output13/A (sky130_fd_sc_hd__buf_2)
     1    0.034080    0.127452    0.140366    5.237936 ^ output13/X (sky130_fd_sc_hd__buf_2)
                                                         intr_vec_o[6] (net)
                      0.127488    0.000203    5.238138 ^ intr_vec_o[6] (out)
                                              5.238138   data arrival time

                                 25.000000   25.000000   clock wb_clk_i (rise edge)
                                  0.000000   25.000000   clock network delay (propagated)
                                 -0.250000   24.750000   clock uncertainty
                                  0.000000   24.750000   clock reconvergence pessimism
                                 -5.000000   19.750000   output external delay
                                             19.750000   data required time
---------------------------------------------------------------------------------------------
                                             19.750000   data required time
                                             -5.238138   data arrival time
---------------------------------------------------------------------------------------------
                                             14.511862   slack (MET)


Startpoint: io_in[5] (input port clocked by wb_clk_i)
Endpoint: spi_miso_o (output port clocked by wb_clk_i)
Path Group: wb_clk_i
Path Type: max

Fanout         Cap        Slew       Delay        Time   Description
---------------------------------------------------------------------------------------------
                                  0.000000    0.000000   clock wb_clk_i (rise edge)
                                  0.000000    0.000000   clock network delay (propagated)
                                  5.000000    5.000000 ^ input external delay
     2    0.015865    0.058018    0.039686    5.039687 ^ io_in[5] (in)
                                                         io_in[5] (net)
                      0.058040    0.000000    5.039687 ^ _273_/A (sky130_fd_sc_hd__clkbuf_1)
     1    0.002423    0.029435    0.054211    5.093897 ^ _273_/X (sky130_fd_sc_hd__clkbuf_1)
                                                         net23 (net)
                      0.029435    0.000023    5.093921 ^ output23/A (sky130_fd_sc_hd__buf_2)
     1    0.033987    0.127179    0.136393    5.230314 ^ output23/X (sky130_fd_sc_hd__buf_2)
                                                         spi_miso_o (net)
                      0.127180    0.000168    5.230482 ^ spi_miso_o (out)
                                              5.230482   data arrival time

                                 25.000000   25.000000   clock wb_clk_i (rise edge)
                                  0.000000   25.000000   clock network delay (propagated)
                                 -0.250000   24.750000   clock uncertainty
                                  0.000000   24.750000   clock reconvergence pessimism
                                 -5.000000   19.750000   output external delay
                                             19.750000   data required time
---------------------------------------------------------------------------------------------
                                             19.750000   data required time
                                             -5.230482   data arrival time
---------------------------------------------------------------------------------------------
                                             14.519519   slack (MET)


Startpoint: intr_uart_rx_parity_err_i (input port clocked by wb_clk_i)
Endpoint: intr_vec_o[9] (output port clocked by wb_clk_i)
Path Group: wb_clk_i
Path Type: max

Fanout         Cap        Slew       Delay        Time   Description
---------------------------------------------------------------------------------------------
                                  0.000000    0.000000   clock wb_clk_i (rise edge)
                                  0.000000    0.000000   clock network delay (propagated)
                                  5.000000    5.000000 ^ input external delay
     1    0.012566    0.047241    0.031550    5.031550 ^ intr_uart_rx_parity_err_i (in)
                                                         intr_uart_rx_parity_err_i (net)
                      0.047252    0.000000    5.031550 ^ _262_/A (sky130_fd_sc_hd__clkbuf_1)
     1    0.002689    0.031424    0.054309    5.085859 ^ _262_/X (sky130_fd_sc_hd__clkbuf_1)
                                                         net16 (net)
                      0.031424    0.000030    5.085889 ^ output16/A (sky130_fd_sc_hd__buf_2)
     1    0.034060    0.127433    0.137171    5.223060 ^ output16/X (sky130_fd_sc_hd__buf_2)
                                                         intr_vec_o[9] (net)
                      0.127434    0.000173    5.223233 ^ intr_vec_o[9] (out)
                                              5.223233   data arrival time

                                 25.000000   25.000000   clock wb_clk_i (rise edge)
                                  0.000000   25.000000   clock network delay (propagated)
                                 -0.250000   24.750000   clock uncertainty
                                  0.000000   24.750000   clock reconvergence pessimism
                                 -5.000000   19.750000   output external delay
                                             19.750000   data required time
---------------------------------------------------------------------------------------------
                                             19.750000   data required time
                                             -5.223233   data arrival time
---------------------------------------------------------------------------------------------
                                             14.526766   slack (MET)


Startpoint: intr_uart_rx_watermark_i (input port clocked by wb_clk_i)
Endpoint: intr_vec_o[3] (output port clocked by wb_clk_i)
Path Group: wb_clk_i
Path Type: max

Fanout         Cap        Slew       Delay        Time   Description
---------------------------------------------------------------------------------------------
                                  0.000000    0.000000   clock wb_clk_i (rise edge)
                                  0.000000    0.000000   clock network delay (propagated)
                                  5.000000    5.000000 ^ input external delay
     1    0.011051    0.042091    0.027823    5.027823 ^ intr_uart_rx_watermark_i (in)
                                                         intr_uart_rx_watermark_i (net)
                      0.042098    0.000000    5.027823 ^ _256_/A (sky130_fd_sc_hd__clkbuf_1)
     1    0.003219    0.035648    0.056466    5.084289 ^ _256_/X (sky130_fd_sc_hd__clkbuf_1)
                                                         net10 (net)
                      0.035648    0.000044    5.084333 ^ output10/A (sky130_fd_sc_hd__buf_2)
     1    0.034071    0.127469    0.138458    5.222791 ^ output10/X (sky130_fd_sc_hd__buf_2)
                                                         intr_vec_o[3] (net)
                      0.127469    0.000203    5.222994 ^ intr_vec_o[3] (out)
                                              5.222994   data arrival time

                                 25.000000   25.000000   clock wb_clk_i (rise edge)
                                  0.000000   25.000000   clock network delay (propagated)
                                 -0.250000   24.750000   clock uncertainty
                                  0.000000   24.750000   clock reconvergence pessimism
                                 -5.000000   19.750000   output external delay
                                             19.750000   data required time
---------------------------------------------------------------------------------------------
                                             19.750000   data required time
                                             -5.222994   data arrival time
---------------------------------------------------------------------------------------------
                                             14.527006   slack (MET)


Startpoint: fft_done_i (input port clocked by wb_clk_i)
Endpoint: intr_vec_o[13] (output port clocked by wb_clk_i)
Path Group: wb_clk_i
Path Type: max

Fanout         Cap        Slew       Delay        Time   Description
---------------------------------------------------------------------------------------------
                                  0.000000    0.000000   clock wb_clk_i (rise edge)
                                  0.000000    0.000000   clock network delay (propagated)
                                  5.000000    5.000000 ^ input external delay
     2    0.009880    0.038120    0.024885    5.024885 ^ fft_done_i (in)
                                                         fft_done_i (net)
                      0.038124    0.000000    5.024885 ^ _266_/A (sky130_fd_sc_hd__clkbuf_1)
     1    0.002456    0.029475    0.051100    5.075985 ^ _266_/X (sky130_fd_sc_hd__clkbuf_1)
                                                         net6 (net)
                      0.029475    0.000026    5.076011 ^ output6/A (sky130_fd_sc_hd__buf_2)
     1    0.034996    0.130830    0.138652    5.214663 ^ output6/X (sky130_fd_sc_hd__buf_2)
                                                         intr_vec_o[13] (net)
                      0.130833    0.000520    5.215183 ^ intr_vec_o[13] (out)
                                              5.215183   data arrival time

                                 25.000000   25.000000   clock wb_clk_i (rise edge)
                                  0.000000   25.000000   clock network delay (propagated)
                                 -0.250000   24.750000   clock uncertainty
                                  0.000000   24.750000   clock reconvergence pessimism
                                 -5.000000   19.750000   output external delay
                                             19.750000   data required time
---------------------------------------------------------------------------------------------
                                             19.750000   data required time
                                             -5.215183   data arrival time
---------------------------------------------------------------------------------------------
                                             14.534817   slack (MET)


Startpoint: fft_done_i (input port clocked by wb_clk_i)
Endpoint: io_out[6] (output port clocked by wb_clk_i)
Path Group: wb_clk_i
Path Type: max

Fanout         Cap        Slew       Delay        Time   Description
---------------------------------------------------------------------------------------------
                                  0.000000    0.000000   clock wb_clk_i (rise edge)
                                  0.000000    0.000000   clock network delay (propagated)
                                  5.000000    5.000000 ^ input external delay
     2    0.009880    0.038120    0.024890    5.024890 ^ fft_done_i (in)
                                                         fft_done_i (net)
                      0.038124    0.000000    5.024890 ^ _272_/A (sky130_fd_sc_hd__clkbuf_1)
     1    0.002428    0.029250    0.050931    5.075821 ^ _272_/X (sky130_fd_sc_hd__clkbuf_1)
                                                         net21 (net)
                      0.029250    0.000025    5.075846 ^ output21/A (sky130_fd_sc_hd__buf_2)
     1    0.034874    0.130397    0.138281    5.214127 ^ output21/X (sky130_fd_sc_hd__buf_2)
                                                         io_out[6] (net)
                      0.130399    0.000522    5.214649 ^ io_out[6] (out)
                                              5.214649   data arrival time

                                 25.000000   25.000000   clock wb_clk_i (rise edge)
                                  0.000000   25.000000   clock network delay (propagated)
                                 -0.250000   24.750000   clock uncertainty
                                  0.000000   24.750000   clock reconvergence pessimism
                                 -5.000000   19.750000   output external delay
                                             19.750000   data required time
---------------------------------------------------------------------------------------------
                                             19.750000   data required time
                                             -5.214649   data arrival time
---------------------------------------------------------------------------------------------
                                             14.535351   slack (MET)


Startpoint: wb_rst_i (input port clocked by wb_clk_i)
Endpoint: rst_no (output port clocked by wb_clk_i)
Path Group: wb_clk_i
Path Type: max

Fanout         Cap        Slew       Delay        Time   Description
---------------------------------------------------------------------------------------------
                                  0.000000    0.000000   clock wb_clk_i (rise edge)
                                  0.000000    0.000000   clock network delay (propagated)
                                  5.000000    5.000000 v input external delay
     1    0.002663    0.004530    0.002140    5.002140 v wb_rst_i (in)
                                                         wb_rst_i (net)
                      0.004530    0.000000    5.002140 v input1/A (sky130_fd_sc_hd__clkbuf_1)
     1    0.005182    0.026645    0.054313    5.056453 v input1/X (sky130_fd_sc_hd__clkbuf_1)
                                                         net1 (net)
                      0.026645    0.000062    5.056515 v _000_/A (sky130_fd_sc_hd__inv_2)
     1    0.002287    0.014839    0.024400    5.080914 ^ _000_/Y (sky130_fd_sc_hd__inv_2)
                                                         net22 (net)
                      0.014839    0.000013    5.080927 ^ output22/A (sky130_fd_sc_hd__buf_2)
     1    0.034124    0.127663    0.132410    5.213337 ^ output22/X (sky130_fd_sc_hd__buf_2)
                                                         rst_no (net)
                      0.127664    0.000191    5.213528 ^ rst_no (out)
                                              5.213528   data arrival time

                                 25.000000   25.000000   clock wb_clk_i (rise edge)
                                  0.000000   25.000000   clock network delay (propagated)
                                 -0.250000   24.750000   clock uncertainty
                                  0.000000   24.750000   clock reconvergence pessimism
                                 -5.000000   19.750000   output external delay
                                             19.750000   data required time
---------------------------------------------------------------------------------------------
                                             19.750000   data required time
                                             -5.213528   data arrival time
---------------------------------------------------------------------------------------------
                                             14.536472   slack (MET)


Startpoint: intr_uart_tx_watermark_i (input port clocked by wb_clk_i)
Endpoint: intr_vec_o[1] (output port clocked by wb_clk_i)
Path Group: wb_clk_i
Path Type: max

Fanout         Cap        Slew       Delay        Time   Description
---------------------------------------------------------------------------------------------
                                  0.000000    0.000000   clock wb_clk_i (rise edge)
                                  0.000000    0.000000   clock network delay (propagated)
                                  5.000000    5.000000 ^ input external delay
     1    0.009122    0.035561    0.023069    5.023069 ^ intr_uart_tx_watermark_i (in)
                                                         intr_uart_tx_watermark_i (net)
                      0.035566    0.000000    5.023069 ^ _254_/A (sky130_fd_sc_hd__clkbuf_1)
     1    0.002467    0.029531    0.050655    5.073724 ^ _254_/X (sky130_fd_sc_hd__clkbuf_1)
                                                         net8 (net)
                      0.029531    0.000024    5.073747 ^ output8/A (sky130_fd_sc_hd__buf_2)
     1    0.034067    0.127469    0.136595    5.210342 ^ output8/X (sky130_fd_sc_hd__buf_2)
                                                         intr_vec_o[1] (net)
                      0.127469    0.000203    5.210545 ^ intr_vec_o[1] (out)
                                              5.210545   data arrival time

                                 25.000000   25.000000   clock wb_clk_i (rise edge)
                                  0.000000   25.000000   clock network delay (propagated)
                                 -0.250000   24.750000   clock uncertainty
                                  0.000000   24.750000   clock reconvergence pessimism
                                 -5.000000   19.750000   output external delay
                                             19.750000   data required time
---------------------------------------------------------------------------------------------
                                             19.750000   data required time
                                             -5.210545   data arrival time
---------------------------------------------------------------------------------------------
                                             14.539454   slack (MET)


Startpoint: intr_uart_tx_empty_i (input port clocked by wb_clk_i)
Endpoint: intr_vec_o[2] (output port clocked by wb_clk_i)
Path Group: wb_clk_i
Path Type: max

Fanout         Cap        Slew       Delay        Time   Description
---------------------------------------------------------------------------------------------
                                  0.000000    0.000000   clock wb_clk_i (rise edge)
                                  0.000000    0.000000   clock network delay (propagated)
                                  5.000000    5.000000 ^ input external delay
     1    0.003579    0.016713    0.009264    5.009264 ^ intr_uart_tx_empty_i (in)
                                                         intr_uart_tx_empty_i (net)
                      0.016713    0.000000    5.009264 ^ _255_/A (sky130_fd_sc_hd__clkbuf_1)
     1    0.004499    0.046185    0.058511    5.067775 ^ _255_/X (sky130_fd_sc_hd__clkbuf_1)
                                                         net9 (net)
                      0.046185    0.000096    5.067871 ^ output9/A (sky130_fd_sc_hd__buf_2)
     1    0.033956    0.126979    0.141394    5.209265 ^ output9/X (sky130_fd_sc_hd__buf_2)
                                                         intr_vec_o[2] (net)
                      0.126979    0.000168    5.209433 ^ intr_vec_o[2] (out)
                                              5.209433   data arrival time

                                 25.000000   25.000000   clock wb_clk_i (rise edge)
                                  0.000000   25.000000   clock network delay (propagated)
                                 -0.250000   24.750000   clock uncertainty
                                  0.000000   24.750000   clock reconvergence pessimism
                                 -5.000000   19.750000   output external delay
                                             19.750000   data required time
---------------------------------------------------------------------------------------------
                                             19.750000   data required time
                                             -5.209433   data arrival time
---------------------------------------------------------------------------------------------
                                             14.540566   slack (MET)


Startpoint: intr_spi_host_tx_empty_i (input port clocked by wb_clk_i)
Endpoint: intr_vec_o[10] (output port clocked by wb_clk_i)
Path Group: wb_clk_i
Path Type: max

Fanout         Cap        Slew       Delay        Time   Description
---------------------------------------------------------------------------------------------
                                  0.000000    0.000000   clock wb_clk_i (rise edge)
                                  0.000000    0.000000   clock network delay (propagated)
                                  5.000000    5.000000 ^ input external delay
     1    0.003578    0.016710    0.009271    5.009271 ^ intr_spi_host_tx_empty_i (in)
                                                         intr_spi_host_tx_empty_i (net)
                      0.016711    0.000000    5.009271 ^ _263_/A (sky130_fd_sc_hd__clkbuf_1)
     1    0.003187    0.035289    0.050798    5.060069 ^ _263_/X (sky130_fd_sc_hd__clkbuf_1)
                                                         net3 (net)
                      0.035289    0.000043    5.060112 ^ output3/A (sky130_fd_sc_hd__buf_2)
     1    0.034752    0.129931    0.139872    5.199983 ^ output3/X (sky130_fd_sc_hd__buf_2)
                                                         intr_vec_o[10] (net)
                      0.129933    0.000430    5.200414 ^ intr_vec_o[10] (out)
                                              5.200414   data arrival time

                                 25.000000   25.000000   clock wb_clk_i (rise edge)
                                  0.000000   25.000000   clock network delay (propagated)
                                 -0.250000   24.750000   clock uncertainty
                                  0.000000   24.750000   clock reconvergence pessimism
                                 -5.000000   19.750000   output external delay
                                             19.750000   data required time
---------------------------------------------------------------------------------------------
                                             19.750000   data required time
                                             -5.200414   data arrival time
---------------------------------------------------------------------------------------------
                                             14.549586   slack (MET)


Startpoint: intr_spi_host_idle_i (input port clocked by wb_clk_i)
Endpoint: intr_vec_o[12] (output port clocked by wb_clk_i)
Path Group: wb_clk_i
Path Type: max

Fanout         Cap        Slew       Delay        Time   Description
---------------------------------------------------------------------------------------------
                                  0.000000    0.000000   clock wb_clk_i (rise edge)
                                  0.000000    0.000000   clock network delay (propagated)
                                  5.000000    5.000000 ^ input external delay
     1    0.004238    0.019061    0.011021    5.011021 ^ intr_spi_host_idle_i (in)
                                                         intr_spi_host_idle_i (net)
                      0.019062    0.000000    5.011021 ^ _265_/A (sky130_fd_sc_hd__clkbuf_1)
     1    0.003034    0.034036    0.050509    5.061530 ^ _265_/X (sky130_fd_sc_hd__clkbuf_1)
                                                         net5 (net)
                      0.034036    0.000036    5.061566 ^ output5/A (sky130_fd_sc_hd__buf_2)
     1    0.034331    0.128423    0.138503    5.200069 ^ output5/X (sky130_fd_sc_hd__buf_2)
                                                         intr_vec_o[12] (net)
                      0.128424    0.000357    5.200427 ^ intr_vec_o[12] (out)
                                              5.200427   data arrival time

                                 25.000000   25.000000   clock wb_clk_i (rise edge)
                                  0.000000   25.000000   clock network delay (propagated)
                                 -0.250000   24.750000   clock uncertainty
                                  0.000000   24.750000   clock reconvergence pessimism
                                 -5.000000   19.750000   output external delay
                                             19.750000   data required time
---------------------------------------------------------------------------------------------
                                             19.750000   data required time
                                             -5.200427   data arrival time
---------------------------------------------------------------------------------------------
                                             14.549573   slack (MET)


Startpoint: fft_error_i (input port clocked by wb_clk_i)
Endpoint: intr_vec_o[14] (output port clocked by wb_clk_i)
Path Group: wb_clk_i
Path Type: max

Fanout         Cap        Slew       Delay        Time   Description
---------------------------------------------------------------------------------------------
                                  0.000000    0.000000   clock wb_clk_i (rise edge)
                                  0.000000    0.000000   clock network delay (propagated)
                                  5.000000    5.000000 ^ input external delay
     1    0.004605    0.020354    0.011985    5.011985 ^ fft_error_i (in)
                                                         fft_error_i (net)
                      0.020355    0.000000    5.011985 ^ _267_/A (sky130_fd_sc_hd__clkbuf_1)
     1    0.002862    0.032628    0.049821    5.061806 ^ _267_/X (sky130_fd_sc_hd__clkbuf_1)
                                                         net7 (net)
                      0.032628    0.000033    5.061839 ^ output7/A (sky130_fd_sc_hd__buf_2)
     1    0.034386    0.128624    0.138212    5.200051 ^ output7/X (sky130_fd_sc_hd__buf_2)
                                                         intr_vec_o[14] (net)
                      0.128626    0.000358    5.200409 ^ intr_vec_o[14] (out)
                                              5.200409   data arrival time

                                 25.000000   25.000000   clock wb_clk_i (rise edge)
                                  0.000000   25.000000   clock network delay (propagated)
                                 -0.250000   24.750000   clock uncertainty
                                  0.000000   24.750000   clock reconvergence pessimism
                                 -5.000000   19.750000   output external delay
                                             19.750000   data required time
---------------------------------------------------------------------------------------------
                                             19.750000   data required time
                                             -5.200409   data arrival time
---------------------------------------------------------------------------------------------
                                             14.549590   slack (MET)


Startpoint: spi_sclk_i (input port clocked by wb_clk_i)
Endpoint: io_out[2] (output port clocked by wb_clk_i)
Path Group: wb_clk_i
Path Type: max

Fanout         Cap        Slew       Delay        Time   Description
---------------------------------------------------------------------------------------------
                                  0.000000    0.000000   clock wb_clk_i (rise edge)
                                  0.000000    0.000000   clock network delay (propagated)
                                  5.000000    5.000000 ^ input external delay
     1    0.003916    0.017920    0.010163    5.010163 ^ spi_sclk_i (in)
                                                         spi_sclk_i (net)
                      0.017920    0.000000    5.010163 ^ _269_/A (sky130_fd_sc_hd__clkbuf_1)
     1    0.002796    0.032087    0.048779    5.058941 ^ _269_/X (sky130_fd_sc_hd__clkbuf_1)
                                                         net18 (net)
                      0.032087    0.000032    5.058973 ^ output18/A (sky130_fd_sc_hd__buf_2)
     1    0.034514    0.129095    0.138306    5.197279 ^ output18/X (sky130_fd_sc_hd__buf_2)
                                                         io_out[2] (net)
                      0.129097    0.000445    5.197723 ^ io_out[2] (out)
                                              5.197723   data arrival time

                                 25.000000   25.000000   clock wb_clk_i (rise edge)
                                  0.000000   25.000000   clock network delay (propagated)
                                 -0.250000   24.750000   clock uncertainty
                                  0.000000   24.750000   clock reconvergence pessimism
                                 -5.000000   19.750000   output external delay
                                             19.750000   data required time
---------------------------------------------------------------------------------------------
                                             19.750000   data required time
                                             -5.197723   data arrival time
---------------------------------------------------------------------------------------------
                                             14.552277   slack (MET)


Startpoint: intr_uart_rx_overflow_i (input port clocked by wb_clk_i)
Endpoint: intr_vec_o[5] (output port clocked by wb_clk_i)
Path Group: wb_clk_i
Path Type: max

Fanout         Cap        Slew       Delay        Time   Description
---------------------------------------------------------------------------------------------
                                  0.000000    0.000000   clock wb_clk_i (rise edge)
                                  0.000000    0.000000   clock network delay (propagated)
                                  5.000000    5.000000 ^ input external delay
     1    0.004141    0.018716    0.010752    5.010752 ^ intr_uart_rx_overflow_i (in)
                                                         intr_uart_rx_overflow_i (net)
                      0.018717    0.000000    5.010752 ^ _258_/A (sky130_fd_sc_hd__clkbuf_1)
     1    0.002535    0.029962    0.047428    5.058180 ^ _258_/X (sky130_fd_sc_hd__clkbuf_1)
                                                         net12 (net)
                      0.029962    0.000027    5.058207 ^ output12/A (sky130_fd_sc_hd__buf_2)
     1    0.034476    0.128963    0.137576    5.195783 ^ output12/X (sky130_fd_sc_hd__buf_2)
                                                         intr_vec_o[5] (net)
                      0.128966    0.000433    5.196216 ^ intr_vec_o[5] (out)
                                              5.196216   data arrival time

                                 25.000000   25.000000   clock wb_clk_i (rise edge)
                                  0.000000   25.000000   clock network delay (propagated)
                                 -0.250000   24.750000   clock uncertainty
                                  0.000000   24.750000   clock reconvergence pessimism
                                 -5.000000   19.750000   output external delay
                                             19.750000   data required time
---------------------------------------------------------------------------------------------
                                             19.750000   data required time
                                             -5.196216   data arrival time
---------------------------------------------------------------------------------------------
                                             14.553784   slack (MET)


Startpoint: intr_uart_rx_timeout_i (input port clocked by wb_clk_i)
Endpoint: intr_vec_o[8] (output port clocked by wb_clk_i)
Path Group: wb_clk_i
Path Type: max

Fanout         Cap        Slew       Delay        Time   Description
---------------------------------------------------------------------------------------------
                                  0.000000    0.000000   clock wb_clk_i (rise edge)
                                  0.000000    0.000000   clock network delay (propagated)
                                  5.000000    5.000000 ^ input external delay
     1    0.003889    0.017825    0.010091    5.010091 ^ intr_uart_rx_timeout_i (in)
                                                         intr_uart_rx_timeout_i (net)
                      0.017825    0.000000    5.010091 ^ _261_/A (sky130_fd_sc_hd__clkbuf_1)
     1    0.002586    0.030380    0.047499    5.057590 ^ _261_/X (sky130_fd_sc_hd__clkbuf_1)
                                                         net15 (net)
                      0.030380    0.000028    5.057618 ^ output15/A (sky130_fd_sc_hd__buf_2)
     1    0.034476    0.128962    0.137703    5.195321 ^ output15/X (sky130_fd_sc_hd__buf_2)
                                                         intr_vec_o[8] (net)
                      0.128964    0.000433    5.195753 ^ intr_vec_o[8] (out)
                                              5.195753   data arrival time

                                 25.000000   25.000000   clock wb_clk_i (rise edge)
                                  0.000000   25.000000   clock network delay (propagated)
                                 -0.250000   24.750000   clock uncertainty
                                  0.000000   24.750000   clock reconvergence pessimism
                                 -5.000000   19.750000   output external delay
                                             19.750000   data required time
---------------------------------------------------------------------------------------------
                                             19.750000   data required time
                                             -5.195753   data arrival time
---------------------------------------------------------------------------------------------
                                             14.554246   slack (MET)


Startpoint: intr_uart_rx_break_err_i (input port clocked by wb_clk_i)
Endpoint: intr_vec_o[7] (output port clocked by wb_clk_i)
Path Group: wb_clk_i
Path Type: max

Fanout         Cap        Slew       Delay        Time   Description
---------------------------------------------------------------------------------------------
                                  0.000000    0.000000   clock wb_clk_i (rise edge)
                                  0.000000    0.000000   clock network delay (propagated)
                                  5.000000    5.000000 ^ input external delay
     1    0.003730    0.017259    0.009663    5.009664 ^ intr_uart_rx_break_err_i (in)
                                                         intr_uart_rx_break_err_i (net)
                      0.017259    0.000000    5.009664 ^ _260_/A (sky130_fd_sc_hd__clkbuf_1)
     1    0.002457    0.029326    0.046578    5.056242 ^ _260_/X (sky130_fd_sc_hd__clkbuf_1)
                                                         net14 (net)
                      0.029326    0.000023    5.056264 ^ output14/A (sky130_fd_sc_hd__buf_2)
     1    0.033952    0.127054    0.136273    5.192538 ^ output14/X (sky130_fd_sc_hd__buf_2)
                                                         intr_vec_o[7] (net)
                      0.127054    0.000168    5.192706 ^ intr_vec_o[7] (out)
                                              5.192706   data arrival time

                                 25.000000   25.000000   clock wb_clk_i (rise edge)
                                  0.000000   25.000000   clock network delay (propagated)
                                 -0.250000   24.750000   clock uncertainty
                                  0.000000   24.750000   clock reconvergence pessimism
                                 -5.000000   19.750000   output external delay
                                             19.750000   data required time
---------------------------------------------------------------------------------------------
                                             19.750000   data required time
                                             -5.192706   data arrival time
---------------------------------------------------------------------------------------------
                                             14.557295   slack (MET)


Startpoint: spi_mosi_i (input port clocked by wb_clk_i)
Endpoint: io_out[4] (output port clocked by wb_clk_i)
Path Group: wb_clk_i
Path Type: max

Fanout         Cap        Slew       Delay        Time   Description
---------------------------------------------------------------------------------------------
                                  0.000000    0.000000   clock wb_clk_i (rise edge)
                                  0.000000    0.000000   clock network delay (propagated)
                                  5.000000    5.000000 ^ input external delay
     1    0.003570    0.016679    0.009244    5.009244 ^ spi_mosi_i (in)
                                                         spi_mosi_i (net)
                      0.016680    0.000000    5.009244 ^ _271_/A (sky130_fd_sc_hd__clkbuf_1)
     1    0.002304    0.028090    0.045511    5.054755 ^ _271_/X (sky130_fd_sc_hd__clkbuf_1)
                                                         net20 (net)
                      0.028090    0.000012    5.054767 ^ output20/A (sky130_fd_sc_hd__buf_2)
     1    0.034004    0.127243    0.136028    5.190794 ^ output20/X (sky130_fd_sc_hd__buf_2)
                                                         io_out[4] (net)
                      0.127243    0.000168    5.190962 ^ io_out[4] (out)
                                              5.190962   data arrival time

                                 25.000000   25.000000   clock wb_clk_i (rise edge)
                                  0.000000   25.000000   clock network delay (propagated)
                                 -0.250000   24.750000   clock uncertainty
                                  0.000000   24.750000   clock reconvergence pessimism
                                 -5.000000   19.750000   output external delay
                                             19.750000   data required time
---------------------------------------------------------------------------------------------
                                             19.750000   data required time
                                             -5.190962   data arrival time
---------------------------------------------------------------------------------------------
                                             14.559037   slack (MET)


Startpoint: plic_irq_i (input port clocked by wb_clk_i)
Endpoint: user_irq[0] (output port clocked by wb_clk_i)
Path Group: wb_clk_i
Path Type: max

Fanout         Cap        Slew       Delay        Time   Description
---------------------------------------------------------------------------------------------
                                  0.000000    0.000000   clock wb_clk_i (rise edge)
                                  0.000000    0.000000   clock network delay (propagated)
                                  5.000000    5.000000 ^ input external delay
     1    0.003354    0.015897    0.008671    5.008671 ^ plic_irq_i (in)
                                                         plic_irq_i (net)
                      0.015902    0.000000    5.008671 ^ _275_/A (sky130_fd_sc_hd__clkbuf_1)
     1    0.002302    0.028076    0.045292    5.053964 ^ _275_/X (sky130_fd_sc_hd__clkbuf_1)
                                                         net25 (net)
                      0.028076    0.000022    5.053986 ^ output25/A (sky130_fd_sc_hd__buf_2)
     1    0.034053    0.127419    0.136140    5.190126 ^ output25/X (sky130_fd_sc_hd__buf_2)
                                                         user_irq[0] (net)
                      0.127419    0.000173    5.190299 ^ user_irq[0] (out)
                                              5.190299   data arrival time

                                 25.000000   25.000000   clock wb_clk_i (rise edge)
                                  0.000000   25.000000   clock network delay (propagated)
                                 -0.250000   24.750000   clock uncertainty
                                  0.000000   24.750000   clock reconvergence pessimism
                                 -5.000000   19.750000   output external delay
                                             19.750000   data required time
---------------------------------------------------------------------------------------------
                                             19.750000   data required time
                                             -5.190299   data arrival time
---------------------------------------------------------------------------------------------
                                             14.559701   slack (MET)



