
===========================================================================
report_checks -unconstrained
===========================================================================
======================= min_ff_n40C_1v95 Corner ===================================

Startpoint: rst_ni (input port clocked by clk_i)
Endpoint: _2997_ (recovery check against rising-edge clock clk_i)
Path Group: asynchronous
Path Type: max

Fanout         Cap        Slew       Delay        Time   Description
---------------------------------------------------------------------------------------------
                                  0.000000    0.000000   clock clk_i (rise edge)
                                  0.000000    0.000000   clock network delay (propagated)
                                 10.000000   10.000000 ^ input external delay
     1    0.003136    0.015117    0.008107   10.008107 ^ rst_ni (in)
                                                         rst_ni (net)
                      0.015117    0.000000   10.008107 ^ input33/A (sky130_fd_sc_hd__buf_1)
     3    0.018661    0.166341    0.140382   10.148489 ^ input33/X (sky130_fd_sc_hd__buf_1)
                                                         net33 (net)
                      0.166342    0.000353   10.148842 ^ fanout484/A (sky130_fd_sc_hd__dlymetal6s2s_1)
     3    0.028745    0.226489    0.212419   10.361261 ^ fanout484/X (sky130_fd_sc_hd__dlymetal6s2s_1)
                                                         net484 (net)
                      0.226510    0.001792   10.363054 ^ fanout483/A (sky130_fd_sc_hd__clkbuf_2)
     3    0.028937    0.124612    0.162792   10.525846 ^ fanout483/X (sky130_fd_sc_hd__clkbuf_2)
                                                         net483 (net)
                      0.124613    0.000156   10.526003 ^ fanout480/A (sky130_fd_sc_hd__clkbuf_2)
     3    0.032122    0.136652    0.161592   10.687594 ^ fanout480/X (sky130_fd_sc_hd__clkbuf_2)
                                                         net480 (net)
                      0.136652    0.000250   10.687844 ^ fanout478/A (sky130_fd_sc_hd__clkbuf_2)
     4    0.036055    0.152456    0.173572   10.861417 ^ fanout478/X (sky130_fd_sc_hd__clkbuf_2)
                                                         net478 (net)
                      0.152467    0.001104   10.862521 ^ fanout475/A (sky130_fd_sc_hd__clkbuf_2)
     6    0.031890    0.135857    0.163877   11.026398 ^ fanout475/X (sky130_fd_sc_hd__clkbuf_2)
                                                         net475 (net)
                      0.135914    0.001056   11.027454 ^ fanout474/A (sky130_fd_sc_hd__clkbuf_2)
     6    0.031257    0.133214    0.160644   11.188098 ^ fanout474/X (sky130_fd_sc_hd__clkbuf_2)
                                                         net474 (net)
                      0.133259    0.000393   11.188491 ^ _2997_/RESET_B (sky130_fd_sc_hd__dfrtp_4)
                                             11.188491   data arrival time

                                 50.000000   50.000000   clock clk_i (rise edge)
                                  0.000000   50.000000   clock source latency
     1    0.030499    0.106727    0.074767   50.074764 ^ clk_i (in)
                                                         clk_i (net)
                      0.106900    0.000000   50.074764 ^ clkbuf_0_clk_i/A (sky130_fd_sc_hd__clkbuf_16)
     4    0.085258    0.078216    0.142563   50.217327 ^ clkbuf_0_clk_i/X (sky130_fd_sc_hd__clkbuf_16)
                                                         clknet_0_clk_i (net)
                      0.078224    0.000842   50.218170 ^ clkbuf_2_3__f_clk_i/A (sky130_fd_sc_hd__clkbuf_16)
    11    0.106980    0.093900    0.146205   50.364376 ^ clkbuf_2_3__f_clk_i/X (sky130_fd_sc_hd__clkbuf_16)
                                                         clknet_2_3__leaf_clk_i (net)
                      0.094012    0.002103   50.366478 ^ clkbuf_leaf_12_clk_i/A (sky130_fd_sc_hd__clkbuf_8)
     7    0.022975    0.041688    0.108543   50.475021 ^ clkbuf_leaf_12_clk_i/X (sky130_fd_sc_hd__clkbuf_8)
                                                         clknet_leaf_12_clk_i (net)
                      0.041688    0.000139   50.475159 ^ _2997_/CLK (sky130_fd_sc_hd__dfrtp_4)
                                 -0.250000   50.225159   clock uncertainty
                                  0.000000   50.225159   clock reconvergence pessimism
                                  0.100564   50.325722   library recovery time
                                             50.325722   data required time
---------------------------------------------------------------------------------------------
                                             50.325722   data required time
                                            -11.188491   data arrival time
---------------------------------------------------------------------------------------------
                                             39.137230   slack (MET)


Startpoint: intr_src_i[0] (input port clocked by clk_i)
Endpoint: irq_o (output port clocked by clk_i)
Path Group: clk_i
Path Type: max

Fanout         Cap        Slew       Delay        Time   Description
---------------------------------------------------------------------------------------------
                                  0.000000    0.000000   clock clk_i (rise edge)
                                  0.000000    0.000000   clock network delay (propagated)
                                 10.000000   10.000000 ^ input external delay
     1    0.005735    0.024151    0.014720   10.014720 ^ intr_src_i[0] (in)
                                                         intr_src_i[0] (net)
                      0.024152    0.000000   10.014720 ^ input1/A (sky130_fd_sc_hd__buf_6)
     2    0.018892    0.036157    0.067360   10.082080 ^ input1/X (sky130_fd_sc_hd__buf_6)
                                                         net1 (net)
                      0.036206    0.000828   10.082908 ^ _1568_/B (sky130_fd_sc_hd__nand3b_4)
     1    0.008687    0.043833    0.044868   10.127776 v _1568_/Y (sky130_fd_sc_hd__nand3b_4)
                                                         _1057_ (net)
                      0.043833    0.000083   10.127859 v _1569_/B1 (sky130_fd_sc_hd__a21oi_4)
     2    0.008310    0.086199    0.058296   10.186155 ^ _1569_/Y (sky130_fd_sc_hd__a21oi_4)
                                                         _1058_ (net)
                      0.086199    0.000060   10.186214 ^ fanout233/A (sky130_fd_sc_hd__buf_6)
     6    0.035313    0.059297    0.097203   10.283418 ^ fanout233/X (sky130_fd_sc_hd__buf_6)
                                                         net233 (net)
                      0.059297    0.000221   10.283639 ^ _1577_/B (sky130_fd_sc_hd__nand3_4)
     6    0.030733    0.100623    0.076716   10.360354 v _1577_/Y (sky130_fd_sc_hd__nand3_4)
                                                         _1066_ (net)
                      0.100627    0.000516   10.360870 v _1607_/A2 (sky130_fd_sc_hd__o21a_1)
     3    0.022571    0.084698    0.187291   10.548162 v _1607_/X (sky130_fd_sc_hd__o21a_1)
                                                         _1096_ (net)
                      0.084698    0.000304   10.548466 v _1610_/A2 (sky130_fd_sc_hd__a21o_1)
     1    0.009884    0.045172    0.152130   10.700596 v _1610_/X (sky130_fd_sc_hd__a21o_1)
                                                         _1099_ (net)
                      0.045172    0.000148   10.700744 v _1622_/B2 (sky130_fd_sc_hd__a2bb2oi_4)
     3    0.020348    0.126632    0.135626   10.836370 ^ _1622_/Y (sky130_fd_sc_hd__a2bb2oi_4)
                                                         _1111_ (net)
                      0.126632    0.000286   10.836656 ^ _1627_/B2 (sky130_fd_sc_hd__a22oi_4)
     4    0.026634    0.063208    0.063254   10.899910 v _1627_/Y (sky130_fd_sc_hd__a22oi_4)
                                                         _1116_ (net)
                      0.063238    0.000626   10.900536 v _1632_/B2 (sky130_fd_sc_hd__o22ai_4)
     4    0.029931    0.187278    0.158921   11.059457 ^ _1632_/Y (sky130_fd_sc_hd__o22ai_4)
                                                         _1121_ (net)
                      0.187335    0.000582   11.060039 ^ _1642_/A2 (sky130_fd_sc_hd__o21ai_4)
     3    0.017823    0.054373    0.050060   11.110098 v _1642_/Y (sky130_fd_sc_hd__o21ai_4)
                                                         _1131_ (net)
                      0.054374    0.000082   11.110180 v _1649_/B1 (sky130_fd_sc_hd__o22ai_4)
     2    0.019259    0.143065    0.135201   11.245381 ^ _1649_/Y (sky130_fd_sc_hd__o22ai_4)
                                                         _1138_ (net)
                      0.143065    0.000195   11.245576 ^ _1650_/B1 (sky130_fd_sc_hd__a22oi_4)
     4    0.023030    0.063481    0.058517   11.304092 v _1650_/Y (sky130_fd_sc_hd__a22oi_4)
                                                         _1139_ (net)
                      0.063481    0.000327   11.304420 v _1659_/A1 (sky130_fd_sc_hd__o211ai_2)
     2    0.009409    0.130486    0.150097   11.454515 ^ _1659_/Y (sky130_fd_sc_hd__o211ai_2)
                                                         _1148_ (net)
                      0.130486    0.000104   11.454619 ^ _1660_/B1 (sky130_fd_sc_hd__a22oi_2)
     2    0.011816    0.058811    0.057121   11.511741 v _1660_/Y (sky130_fd_sc_hd__a22oi_2)
                                                         _1149_ (net)
                      0.058811    0.000146   11.511886 v fanout196/A (sky130_fd_sc_hd__buf_6)
     6    0.027757    0.028698    0.099194   11.611080 v fanout196/X (sky130_fd_sc_hd__buf_6)
                                                         net196 (net)
                      0.028699    0.000186   11.611266 v _1683_/B1 (sky130_fd_sc_hd__o22ai_4)
     3    0.027505    0.177125    0.155139   11.766405 ^ _1683_/Y (sky130_fd_sc_hd__o22ai_4)
                                                         _1172_ (net)
                      0.177125    0.000520   11.766926 ^ _1687_/A1 (sky130_fd_sc_hd__a21oi_4)
     4    0.026931    0.070931    0.067272   11.834198 v _1687_/Y (sky130_fd_sc_hd__a21oi_4)
                                                         _1176_ (net)
                      0.070935    0.000442   11.834641 v _1690_/B2 (sky130_fd_sc_hd__o22ai_4)
     3    0.016023    0.129538    0.113964   11.948605 ^ _1690_/Y (sky130_fd_sc_hd__o22ai_4)
                                                         _1179_ (net)
                      0.129538    0.000128   11.948732 ^ _1695_/A2_N (sky130_fd_sc_hd__o2bb2ai_4)
     6    0.040814    0.214167    0.136635   12.085367 ^ _1695_/Y (sky130_fd_sc_hd__o2bb2ai_4)
                                                         _1184_ (net)
                      0.214171    0.000695   12.086062 ^ _1711_/A1 (sky130_fd_sc_hd__o21ai_4)
     5    0.024016    0.068428    0.068908   12.154970 v _1711_/Y (sky130_fd_sc_hd__o21ai_4)
                                                         _1200_ (net)
                      0.068431    0.000339   12.155309 v _1713_/B1 (sky130_fd_sc_hd__o22ai_4)
     5    0.029952    0.187485    0.177029   12.332338 ^ _1713_/Y (sky130_fd_sc_hd__o22ai_4)
                                                         _1202_ (net)
                      0.187485    0.000300   12.332639 ^ _1714_/B1 (sky130_fd_sc_hd__a22oi_4)
     5    0.031423    0.080925    0.072879   12.405518 v _1714_/Y (sky130_fd_sc_hd__a22oi_4)
                                                         _1203_ (net)
                      0.080942    0.000969   12.406487 v _1723_/A2 (sky130_fd_sc_hd__o211ai_2)
     1    0.004973    0.099575    0.116878   12.523365 ^ _1723_/Y (sky130_fd_sc_hd__o211ai_2)
                                                         _1212_ (net)
                      0.099575    0.000047   12.523412 ^ _1738_/B1 (sky130_fd_sc_hd__a22oi_2)
     2    0.011792    0.052398    0.053380   12.576793 v _1738_/Y (sky130_fd_sc_hd__a22oi_2)
                                                         _1227_ (net)
                      0.052398    0.000118   12.576911 v fanout195/A (sky130_fd_sc_hd__buf_6)
     6    0.036562    0.033190    0.101002   12.677913 v fanout195/X (sky130_fd_sc_hd__buf_6)
                                                         net195 (net)
                      0.033191    0.000276   12.678188 v _1742_/A1 (sky130_fd_sc_hd__o21ai_4)
     5    0.032266    0.195770    0.185114   12.863303 ^ _1742_/Y (sky130_fd_sc_hd__o21ai_4)
                                                         _1231_ (net)
                      0.195771    0.000372   12.863675 ^ _1756_/A2 (sky130_fd_sc_hd__a21oi_4)
     3    0.015212    0.055074    0.053671   12.917346 v _1756_/Y (sky130_fd_sc_hd__a21oi_4)
                                                         _1245_ (net)
                      0.055074    0.000117   12.917463 v rebuffer13/A (sky130_fd_sc_hd__buf_2)
     2    0.009897    0.027776    0.094460   13.011923 v rebuffer13/X (sky130_fd_sc_hd__buf_2)
                                                         net689 (net)
                      0.027776    0.000126   13.012049 v _1771_/B2 (sky130_fd_sc_hd__o221ai_2)
     1    0.010753    0.148103    0.122514   13.134562 ^ _1771_/Y (sky130_fd_sc_hd__o221ai_2)
                                                         _1260_ (net)
                      0.148103    0.000161   13.134723 ^ _1775_/C (sky130_fd_sc_hd__nand3_4)
     2    0.018576    0.065951    0.066931   13.201654 v _1775_/Y (sky130_fd_sc_hd__nand3_4)
                                                         _1264_ (net)
                      0.065951    0.000316   13.201970 v _1782_/A2 (sky130_fd_sc_hd__o21ai_4)
     5    0.040636    0.234371    0.209305   13.411276 ^ _1782_/Y (sky130_fd_sc_hd__o21ai_4)
                                                         _1271_ (net)
                      0.234390    0.001688   13.412965 ^ _1807_/A1 (sky130_fd_sc_hd__a31oi_4)
     1    0.009663    0.078156    0.072377   13.485341 v _1807_/Y (sky130_fd_sc_hd__a31oi_4)
                                                         _1296_ (net)
                      0.078156    0.000093   13.485435 v _1808_/A1_N (sky130_fd_sc_hd__o2bb2ai_4)
     4    0.023091    0.061229    0.112824   13.598259 v _1808_/Y (sky130_fd_sc_hd__o2bb2ai_4)
                                                         _1297_ (net)
                      0.061231    0.000383   13.598641 v _1809_/B1 (sky130_fd_sc_hd__a21oi_2)
     2    0.009710    0.108316    0.084067   13.682709 ^ _1809_/Y (sky130_fd_sc_hd__a21oi_2)
                                                         _1298_ (net)
                      0.108316    0.000154   13.682862 ^ fanout188/A (sky130_fd_sc_hd__buf_6)
     6    0.042621    0.069757    0.107821   13.790684 ^ fanout188/X (sky130_fd_sc_hd__buf_6)
                                                         net188 (net)
                      0.069761    0.000569   13.791253 ^ _1824_/A2 (sky130_fd_sc_hd__o21ai_4)
     2    0.013313    0.048695    0.041386   13.832640 v _1824_/Y (sky130_fd_sc_hd__o21ai_4)
                                                         _1313_ (net)
                      0.048695    0.000111   13.832750 v _1834_/A1 (sky130_fd_sc_hd__a31oi_4)
     4    0.024368    0.185473    0.161169   13.993919 ^ _1834_/Y (sky130_fd_sc_hd__a31oi_4)
                                                         _1323_ (net)
                      0.185473    0.000548   13.994468 ^ _1858_/A2 (sky130_fd_sc_hd__a21oi_1)
     1    0.009198    0.070662    0.082567   14.077034 v _1858_/Y (sky130_fd_sc_hd__a21oi_1)
                                                         _1347_ (net)
                      0.070662    0.000143   14.077177 v _1870_/A2 (sky130_fd_sc_hd__o32ai_4)
     4    0.028951    0.278229    0.277934   14.355111 ^ _1870_/Y (sky130_fd_sc_hd__o32ai_4)
                                                         _1359_ (net)
                      0.278235    0.000343   14.355454 ^ _1876_/A1 (sky130_fd_sc_hd__o21bai_4)
     1    0.009078    0.059065    0.050882   14.406336 v _1876_/Y (sky130_fd_sc_hd__o21bai_4)
                                                         _1365_ (net)
                      0.059065    0.000099   14.406436 v _1877_/B1 (sky130_fd_sc_hd__o2bb2ai_4)
     6    0.040531    0.213151    0.209005   14.615440 ^ _1877_/Y (sky130_fd_sc_hd__o2bb2ai_4)
                                                         _1366_ (net)
                      0.213155    0.000785   14.616226 ^ _1892_/A2 (sky130_fd_sc_hd__o21ai_4)
     4    0.018636    0.058860    0.051061   14.667288 v _1892_/Y (sky130_fd_sc_hd__o21ai_4)
                                                         _1381_ (net)
                      0.058861    0.000144   14.667431 v _1893_/B1 (sky130_fd_sc_hd__o22ai_4)
     2    0.010505    0.106667    0.106329   14.773761 ^ _1893_/Y (sky130_fd_sc_hd__o22ai_4)
                                                         _1382_ (net)
                      0.106667    0.000138   14.773898 ^ fanout186/A (sky130_fd_sc_hd__buf_6)
     6    0.036684    0.061289    0.101170   14.875068 ^ fanout186/X (sky130_fd_sc_hd__buf_6)
                                                         net186 (net)
                      0.061348    0.001131   14.876199 ^ _1896_/B (sky130_fd_sc_hd__nand2_1)
     2    0.008090    0.073496    0.051765   14.927963 v _1896_/Y (sky130_fd_sc_hd__nand2_1)
                                                         _1385_ (net)
                      0.073496    0.000039   14.928002 v _1911_/A1 (sky130_fd_sc_hd__a31o_2)
     3    0.022552    0.059509    0.175953   15.103956 v _1911_/X (sky130_fd_sc_hd__a31o_2)
                                                         _1400_ (net)
                      0.059509    0.000163   15.104119 v _1925_/A1 (sky130_fd_sc_hd__o211ai_4)
     4    0.025797    0.195664    0.199302   15.303421 ^ _1925_/Y (sky130_fd_sc_hd__o211ai_4)
                                                         _1414_ (net)
                      0.195664    0.000488   15.303909 ^ _1927_/B1 (sky130_fd_sc_hd__o21ai_4)
     2    0.008792    0.045498    0.025743   15.329653 v _1927_/Y (sky130_fd_sc_hd__o21ai_4)
                                                         _1416_ (net)
                      0.045498    0.000098   15.329750 v fanout185/A (sky130_fd_sc_hd__buf_6)
     6    0.045152    0.037906    0.102350   15.432100 v fanout185/X (sky130_fd_sc_hd__buf_6)
                                                         net185 (net)
                      0.037918    0.000643   15.432743 v _1949_/A1 (sky130_fd_sc_hd__a31o_1)
     2    0.007156    0.040628    0.124430   15.557174 v _1949_/X (sky130_fd_sc_hd__a31o_1)
                                                         _0169_ (net)
                      0.040628    0.000114   15.557287 v _1965_/A2 (sky130_fd_sc_hd__o21ai_1)
     2    0.010043    0.157241    0.144693   15.701981 ^ _1965_/Y (sky130_fd_sc_hd__o21ai_1)
                                                         _0185_ (net)
                      0.157241    0.000188   15.702168 ^ _1966_/B2 (sky130_fd_sc_hd__o22a_2)
     3    0.027270    0.106260    0.137261   15.839430 ^ _1966_/X (sky130_fd_sc_hd__o22a_2)
                                                         _0186_ (net)
                      0.106260    0.000409   15.839838 ^ _1968_/B1 (sky130_fd_sc_hd__o21ai_4)
     4    0.016909    0.056848    0.041149   15.880987 v _1968_/Y (sky130_fd_sc_hd__o21ai_4)
                                                         _0188_ (net)
                      0.056849    0.000460   15.881448 v _1993_/A1 (sky130_fd_sc_hd__a31oi_2)
     1    0.009466    0.143658    0.127036   16.008484 ^ _1993_/Y (sky130_fd_sc_hd__a31oi_2)
                                                         _0213_ (net)
                      0.143658    0.000082   16.008566 ^ _1994_/A2_N (sky130_fd_sc_hd__o2bb2ai_4)
     3    0.020893    0.132827    0.103164   16.111729 ^ _1994_/Y (sky130_fd_sc_hd__o2bb2ai_4)
                                                         _0214_ (net)
                      0.132827    0.000350   16.112080 ^ _1995_/B1 (sky130_fd_sc_hd__a21oi_2)
     2    0.009628    0.045046    0.033815   16.145893 v _1995_/Y (sky130_fd_sc_hd__a21oi_2)
                                                         _0215_ (net)
                      0.045047    0.000075   16.145969 v fanout183/A (sky130_fd_sc_hd__buf_6)
     6    0.039329    0.034730    0.099341   16.245310 v fanout183/X (sky130_fd_sc_hd__buf_6)
                                                         net183 (net)
                      0.034732    0.000300   16.245609 v _2011_/A2 (sky130_fd_sc_hd__o31ai_4)
     4    0.019382    0.223291    0.221631   16.467241 ^ _2011_/Y (sky130_fd_sc_hd__o31ai_4)
                                                         _0231_ (net)
                      0.223291    0.000181   16.467422 ^ _2015_/A (sky130_fd_sc_hd__nand3_4)
     2    0.012108    0.071343    0.058833   16.526255 v _2015_/Y (sky130_fd_sc_hd__nand3_4)
                                                         _0235_ (net)
                      0.071343    0.000162   16.526417 v _2030_/B1 (sky130_fd_sc_hd__a22oi_4)
     6    0.029950    0.153308    0.127306   16.653723 ^ _2030_/Y (sky130_fd_sc_hd__a22oi_4)
                                                         _0250_ (net)
                      0.153361    0.000785   16.654507 ^ _2037_/B1 (sky130_fd_sc_hd__o22ai_4)
     3    0.027674    0.068891    0.069758   16.724266 v _2037_/Y (sky130_fd_sc_hd__o22ai_4)
                                                         _0257_ (net)
                      0.068917    0.000423   16.724688 v _2042_/A1 (sky130_fd_sc_hd__a21oi_4)
     4    0.034311    0.203625    0.194682   16.919369 ^ _2042_/Y (sky130_fd_sc_hd__a21oi_4)
                                                         _0262_ (net)
                      0.203625    0.000217   16.919586 ^ _2062_/A2 (sky130_fd_sc_hd__o21bai_4)
     1    0.008827    0.046736    0.036621   16.956207 v _2062_/Y (sky130_fd_sc_hd__o21bai_4)
                                                         _0282_ (net)
                      0.046736    0.000101   16.956308 v _2064_/B2 (sky130_fd_sc_hd__o2bb2ai_4)
     5    0.037960    0.202534    0.180954   17.137262 ^ _2064_/Y (sky130_fd_sc_hd__o2bb2ai_4)
                                                         _0284_ (net)
                      0.202539    0.000759   17.138021 ^ _2075_/A2 (sky130_fd_sc_hd__o21ai_4)
     4    0.020373    0.059772    0.054019   17.192039 v _2075_/Y (sky130_fd_sc_hd__o21ai_4)
                                                         _0295_ (net)
                      0.059772    0.000165   17.192205 v _2079_/B1 (sky130_fd_sc_hd__o22ai_4)
     2    0.017651    0.136327    0.131472   17.323677 ^ _2079_/Y (sky130_fd_sc_hd__o22ai_4)
                                                         _0299_ (net)
                      0.136327    0.000126   17.323803 ^ fanout182/A (sky130_fd_sc_hd__buf_6)
     6    0.034595    0.058762    0.102348   17.426151 ^ fanout182/X (sky130_fd_sc_hd__buf_6)
                                                         net182 (net)
                      0.058777    0.000897   17.427050 ^ _2080_/B1 (sky130_fd_sc_hd__o21ai_4)
     4    0.027979    0.066622    0.047431   17.474480 v _2080_/Y (sky130_fd_sc_hd__o21ai_4)
                                                         _0300_ (net)
                      0.066627    0.000467   17.474947 v _2100_/A1 (sky130_fd_sc_hd__a31oi_4)
     3    0.026384    0.195008    0.175154   17.650101 ^ _2100_/Y (sky130_fd_sc_hd__a31oi_4)
                                                         _0320_ (net)
                      0.195008    0.000261   17.650362 ^ _2102_/B1 (sky130_fd_sc_hd__o21ai_4)
     5    0.028156    0.071899    0.060229   17.710590 v _2102_/Y (sky130_fd_sc_hd__o21ai_4)
                                                         _0322_ (net)
                      0.071908    0.000654   17.711245 v _2127_/A2 (sky130_fd_sc_hd__a31oi_4)
     1    0.010018    0.118441    0.137206   17.848450 ^ _2127_/Y (sky130_fd_sc_hd__a31oi_4)
                                                         _0347_ (net)
                      0.118443    0.000119   17.848570 ^ _2128_/A2_N (sky130_fd_sc_hd__o2bb2ai_4)
     5    0.033472    0.184104    0.124192   17.972761 ^ _2128_/Y (sky130_fd_sc_hd__o2bb2ai_4)
                                                         _0348_ (net)
                      0.184106    0.000499   17.973261 ^ _2129_/B1 (sky130_fd_sc_hd__a21oi_4)
     2    0.010559    0.047822    0.019124   17.992386 v _2129_/Y (sky130_fd_sc_hd__a21oi_4)
                                                         _0349_ (net)
                      0.047822    0.000146   17.992531 v fanout181/A (sky130_fd_sc_hd__buf_8)
     6    0.039592    0.032467    0.098748   18.091278 v fanout181/X (sky130_fd_sc_hd__buf_8)
                                                         net181 (net)
                      0.032474    0.000471   18.091749 v _2145_/A2 (sky130_fd_sc_hd__o21ai_4)
     2    0.016600    0.126226    0.117941   18.209690 ^ _2145_/Y (sky130_fd_sc_hd__o21ai_4)
                                                         _0365_ (net)
                      0.126226    0.000250   18.209940 ^ _2147_/B1 (sky130_fd_sc_hd__o21ai_2)
     2    0.007483    0.044129    0.035072   18.245012 v _2147_/Y (sky130_fd_sc_hd__o21ai_2)
                                                         _0367_ (net)
                      0.044129    0.000062   18.245075 v _2172_/B (sky130_fd_sc_hd__and3_1)
     1    0.011787    0.052676    0.134738   18.379814 v _2172_/X (sky130_fd_sc_hd__and3_1)
                                                         _0392_ (net)
                      0.052676    0.000187   18.380001 v _2174_/A1 (sky130_fd_sc_hd__o22ai_4)
     3    0.021150    0.150609    0.159774   18.539774 ^ _2174_/Y (sky130_fd_sc_hd__o22ai_4)
                                                         _0394_ (net)
                      0.150609    0.000238   18.540012 ^ fanout180/A (sky130_fd_sc_hd__buf_6)
     6    0.034916    0.059501    0.103345   18.643358 ^ fanout180/X (sky130_fd_sc_hd__buf_6)
                                                         net180 (net)
                      0.059501    0.000199   18.643557 ^ _2181_/A2 (sky130_fd_sc_hd__o21ai_4)
     4    0.019140    0.045898    0.047185   18.690742 v _2181_/Y (sky130_fd_sc_hd__o21ai_4)
                                                         _0401_ (net)
                      0.045900    0.000089   18.690830 v _2192_/B1 (sky130_fd_sc_hd__o22ai_4)
     2    0.017287    0.134690    0.125574   18.816404 ^ _2192_/Y (sky130_fd_sc_hd__o22ai_4)
                                                         _0412_ (net)
                      0.134690    0.000115   18.816521 ^ fanout179/A (sky130_fd_sc_hd__buf_6)
     6    0.027002    0.048350    0.094779   18.911301 ^ fanout179/X (sky130_fd_sc_hd__buf_6)
                                                         net179 (net)
                      0.048350    0.000135   18.911434 ^ _2202_/B1 (sky130_fd_sc_hd__a22oi_4)
     4    0.027258    0.064849    0.051225   18.962660 v _2202_/Y (sky130_fd_sc_hd__a22oi_4)
                                                         _0422_ (net)
                      0.064850    0.000325   18.962984 v _2206_/A2 (sky130_fd_sc_hd__o211ai_4)
     4    0.027765    0.204464    0.192959   19.155943 ^ _2206_/Y (sky130_fd_sc_hd__o211ai_4)
                                                         _0426_ (net)
                      0.204464    0.000540   19.156483 ^ _2230_/A2 (sky130_fd_sc_hd__a21oi_4)
     2    0.017235    0.059396    0.056680   19.213163 v _2230_/Y (sky130_fd_sc_hd__a21oi_4)
                                                         _0450_ (net)
                      0.059396    0.000268   19.213432 v _2231_/C (sky130_fd_sc_hd__nor3_4)
     3    0.009652    0.120409    0.104773   19.318205 ^ _2231_/Y (sky130_fd_sc_hd__nor3_4)
                                                         _0451_ (net)
                      0.120409    0.000064   19.318268 ^ _2240_/A2 (sky130_fd_sc_hd__o21ai_1)
     1    0.003530    0.040040    0.043578   19.361847 v _2240_/Y (sky130_fd_sc_hd__o21ai_1)
                                                         _0460_ (net)
                      0.040040    0.000050   19.361897 v fanout178/A (sky130_fd_sc_hd__clkbuf_2)
     5    0.026830    0.073391    0.117183   19.479078 v fanout178/X (sky130_fd_sc_hd__clkbuf_2)
                                                         net178 (net)
                      0.073392    0.000435   19.479513 v fanout177/A (sky130_fd_sc_hd__buf_1)
     3    0.011166    0.048622    0.098970   19.578484 v fanout177/X (sky130_fd_sc_hd__buf_1)
                                                         net177 (net)
                      0.048622    0.000096   19.578579 v _2249_/A2 (sky130_fd_sc_hd__o311a_4)
     1    0.010375    0.045480    0.233760   19.812340 v _2249_/X (sky130_fd_sc_hd__o311a_4)
                                                         _0469_ (net)
                      0.045480    0.000190   19.812529 v _2262_/A2 (sky130_fd_sc_hd__o21ai_4)
     6    0.045105    0.254825    0.216700   20.029228 ^ _2262_/Y (sky130_fd_sc_hd__o21ai_4)
                                                         _0482_ (net)
                      0.254828    0.000677   20.029905 ^ _2271_/D1 (sky130_fd_sc_hd__o2111ai_4)
     3    0.019353    0.105758    0.091745   20.121651 v _2271_/Y (sky130_fd_sc_hd__o2111ai_4)
                                                         _0491_ (net)
                      0.105758    0.000291   20.121943 v _2286_/A3 (sky130_fd_sc_hd__a31oi_4)
     3    0.020101    0.165340    0.200933   20.322874 ^ _2286_/Y (sky130_fd_sc_hd__a31oi_4)
                                                         _0506_ (net)
                      0.165340    0.000348   20.323223 ^ _2296_/B2 (sky130_fd_sc_hd__a22oi_4)
     3    0.017528    0.058974    0.051909   20.375132 v _2296_/Y (sky130_fd_sc_hd__a22oi_4)
                                                         _0516_ (net)
                      0.058974    0.000286   20.375418 v _2304_/B2 (sky130_fd_sc_hd__o22ai_4)
     4    0.026931    0.174744    0.147059   20.522476 ^ _2304_/Y (sky130_fd_sc_hd__o22ai_4)
                                                         _0524_ (net)
                      0.174744    0.000311   20.522787 ^ _2312_/A2 (sky130_fd_sc_hd__o21ai_4)
     4    0.021943    0.058170    0.056524   20.579311 v _2312_/Y (sky130_fd_sc_hd__o21ai_4)
                                                         _0532_ (net)
                      0.058171    0.000171   20.579481 v _2323_/B1 (sky130_fd_sc_hd__o22ai_2)
     1    0.006456    0.099381    0.096620   20.676102 ^ _2323_/Y (sky130_fd_sc_hd__o22ai_2)
                                                         _0543_ (net)
                      0.099381    0.000096   20.676197 ^ fanout172/A (sky130_fd_sc_hd__buf_6)
     4    0.022930    0.042180    0.086571   20.762768 ^ fanout172/X (sky130_fd_sc_hd__buf_6)
                                                         net172 (net)
                      0.042184    0.000446   20.763214 ^ fanout171/A (sky130_fd_sc_hd__buf_8)
     6    0.028429    0.042848    0.076387   20.839602 ^ fanout171/X (sky130_fd_sc_hd__buf_8)
                                                         net171 (net)
                      0.042848    0.000101   20.839703 ^ _2326_/B1 (sky130_fd_sc_hd__o21ai_4)
     3    0.009916    0.029907    0.027230   20.866932 v _2326_/Y (sky130_fd_sc_hd__o21ai_4)
                                                         _0546_ (net)
                      0.029907    0.000110   20.867043 v _2336_/A1 (sky130_fd_sc_hd__a31o_1)
     1    0.009277    0.047552    0.128358   20.995399 v _2336_/X (sky130_fd_sc_hd__a31o_1)
                                                         _0556_ (net)
                      0.047552    0.000092   20.995493 v _2344_/A1 (sky130_fd_sc_hd__o21ai_4)
     3    0.022678    0.152454    0.158487   21.153978 ^ _2344_/Y (sky130_fd_sc_hd__o21ai_4)
                                                         _0564_ (net)
                      0.152454    0.000234   21.154213 ^ fanout170/A (sky130_fd_sc_hd__buf_6)
     6    0.037809    0.063525    0.106379   21.260592 ^ fanout170/X (sky130_fd_sc_hd__buf_6)
                                                         net170 (net)
                      0.063528    0.000487   21.261078 ^ _2373_/A (sky130_fd_sc_hd__nand4_4)
     2    0.005485    0.075992    0.043180   21.304258 v _2373_/Y (sky130_fd_sc_hd__nand4_4)
                                                         _0593_ (net)
                      0.075992    0.000071   21.304329 v _2384_/A_N (sky130_fd_sc_hd__nand3b_4)
     2    0.034248    0.086559    0.157810   21.462139 v _2384_/Y (sky130_fd_sc_hd__nand3b_4)
                                                         net91 (net)
                      0.086571    0.000803   21.462942 v output91/A (sky130_fd_sc_hd__buf_8)
     1    0.034154    0.029770    0.112420   21.575363 v output91/X (sky130_fd_sc_hd__buf_8)
                                                         irq_o (net)
                      0.029770    0.000176   21.575539 v irq_o (out)
                                             21.575539   data arrival time

                                 50.000000   50.000000   clock clk_i (rise edge)
                                  0.000000   50.000000   clock network delay (propagated)
                                 -0.250000   49.749996   clock uncertainty
                                  0.000000   49.749996   clock reconvergence pessimism
                                -10.000000   39.749996   output external delay
                                             39.749996   data required time
---------------------------------------------------------------------------------------------
                                             39.749996   data required time
                                            -21.575539   data arrival time
---------------------------------------------------------------------------------------------
                                             18.174458   slack (MET)




===========================================================================
report_checks --slack_max -0.01
============================================================================
======================= min_ff_n40C_1v95 Corner ===================================

No paths found.


===========================================================================
 report_check_types -max_slew -max_cap -max_fanout -violators
============================================================================
======================= min_ff_n40C_1v95 Corner ===================================

max fanout

Pin                                   Limit Fanout  Slack
---------------------------------------------------------
clkbuf_2_1__f_clk_i/X                     6     11     -5 (VIOLATED)
clkbuf_2_2__f_clk_i/X                     6     11     -5 (VIOLATED)
clkbuf_2_3__f_clk_i/X                     6     11     -5 (VIOLATED)
clkbuf_leaf_35_clk_i/X                    6     11     -5 (VIOLATED)
clkbuf_2_0__f_clk_i/X                     6     10     -4 (VIOLATED)
clkbuf_leaf_13_clk_i/X                    6     10     -4 (VIOLATED)
clkbuf_leaf_34_clk_i/X                    6     10     -4 (VIOLATED)
clkbuf_leaf_39_clk_i/X                    6     10     -4 (VIOLATED)
clkbuf_leaf_0_clk_i/X                     6      9     -3 (VIOLATED)
clkbuf_leaf_20_clk_i/X                    6      9     -3 (VIOLATED)
clkbuf_leaf_21_clk_i/X                    6      9     -3 (VIOLATED)
clkbuf_leaf_24_clk_i/X                    6      9     -3 (VIOLATED)
clkbuf_leaf_28_clk_i/X                    6      9     -3 (VIOLATED)
clkbuf_leaf_2_clk_i/X                     6      9     -3 (VIOLATED)
clkbuf_leaf_31_clk_i/X                    6      9     -3 (VIOLATED)
clkbuf_leaf_8_clk_i/X                     6      8     -2 (VIOLATED)
clkbuf_leaf_10_clk_i/X                    6      7        (VIOLATED)
clkbuf_leaf_12_clk_i/X                    6      7        (VIOLATED)
clkbuf_leaf_23_clk_i/X                    6      7        (VIOLATED)
clkbuf_leaf_32_clk_i/X                    6      7        (VIOLATED)
fanout262/X                               6      7        (VIOLATED)



===========================================================================
report_parasitic_annotation -report_unannotated
============================================================================
Found 97 unannotated drivers.
 tl_i[0]
 tl_i[103]
 tl_i[104]
 tl_i[105]
 tl_i[106]
 tl_i[10]
 tl_i[11]
 tl_i[12]
 tl_i[13]
 tl_i[14]
 tl_i[15]
 tl_i[16]
 tl_i[17]
 tl_i[18]
 tl_i[19]
 tl_i[1]
 tl_i[20]
 tl_i[21]
 tl_i[22]
 tl_i[23]
 tl_i[24]
 tl_i[2]
 tl_i[3]
 tl_i[4]
 tl_i[57]
 tl_i[58]
 tl_i[59]
 tl_i[5]
 tl_i[60]
 tl_i[6]
 tl_i[73]
 tl_i[74]
 tl_i[75]
 tl_i[76]
 tl_i[77]
 tl_i[78]
 tl_i[79]
 tl_i[7]
 tl_i[80]
 tl_i[81]
 tl_i[82]
 tl_i[83]
 tl_i[84]
 tl_i[85]
 tl_i[86]
 tl_i[87]
 tl_i[88]
 tl_i[89]
 tl_i[8]
 tl_i[90]
 tl_i[91]
 tl_i[92]
 tl_i[9]
 clkload0/Y
 clkload1/X
 clkload10/Y
 clkload11/X
 clkload12/Y
 clkload13/Y
 clkload14/Y
 clkload15/Y
 clkload16/Y
 clkload17/X
 clkload18/Y
 clkload19/Y
 clkload2/X
 clkload20/Y
 clkload21/Y
 clkload22/Y
 clkload23/Y
 clkload24/X
 clkload25/Y
 clkload26/Y
 clkload27/X
 clkload28/Y
 clkload29/X
 clkload3/X
 clkload30/Y
 clkload31/Y
 clkload32/Y
 clkload33/Y
 clkload34/Y
 clkload35/X
 clkload4/Y
 clkload5/Y
 clkload6/X
 clkload7/Y
 clkload8/Y
 clkload9/Y
 rv_plic_lite_485/HI
 rv_plic_lite_486/HI
 rv_plic_lite_487/HI
 rv_plic_lite_488/HI
 rv_plic_lite_489/HI
 rv_plic_lite_490/HI
 rv_plic_lite_491/HI
 rv_plic_lite_492/LO
Found 0 partially unannotated drivers.

===========================================================================
max slew violation count 0
max fanout violation count 21
max cap violation count 0
============================================================================

===========================================================================
check_setup -verbose -unconstrained_endpoints -multiple_clock -no_clock -no_input_delay -loops -generated_clocks
===========================================================================
Warning: There are 8 unconstrained endpoints.
  tl_o[0]
  tl_o[15]
  tl_o[48]
  tl_o[59]
  tl_o[60]
  tl_o[61]
  tl_o[63]
  tl_o[64]
