
===========================================================================
report_checks -unconstrained
===========================================================================
======================= min_ff_n40C_1v95 Corner ===================================

Startpoint: rst_ni (input port clocked by clk_i)
Endpoint: _3246_ (recovery check against rising-edge clock clk_i)
Path Group: asynchronous
Path Type: max

Fanout         Cap        Slew       Delay        Time   Description
---------------------------------------------------------------------------------------------
                                  0.000000    0.000000   clock clk_i (rise edge)
                                  0.000000    0.000000   clock network delay (propagated)
                                 10.000000   10.000000 ^ input external delay
     2    0.004264    0.019152    0.011052   10.011053 ^ rst_ni (in)
                                                         rst_ni (net)
                      0.019152    0.000000   10.011053 ^ input33/A (sky130_fd_sc_hd__clkbuf_2)
     5    0.040591    0.170933    0.158982   10.170034 ^ input33/X (sky130_fd_sc_hd__clkbuf_2)
                                                         net33 (net)
                      0.170949    0.001365   10.171400 ^ fanout531/A (sky130_fd_sc_hd__clkbuf_2)
     8    0.050663    0.211729    0.217212   10.388612 ^ fanout531/X (sky130_fd_sc_hd__clkbuf_2)
                                                         net531 (net)
                      0.211733    0.000794   10.389406 ^ fanout504/A (sky130_fd_sc_hd__clkbuf_2)
     7    0.050295    0.210191    0.219170   10.608576 ^ fanout504/X (sky130_fd_sc_hd__clkbuf_2)
                                                         net504 (net)
                      0.210192    0.000364   10.608940 ^ fanout503/A (sky130_fd_sc_hd__clkbuf_2)
     9    0.034694    0.147396    0.176551   10.785491 ^ fanout503/X (sky130_fd_sc_hd__clkbuf_2)
                                                         net503 (net)
                      0.147396    0.000123   10.785614 ^ fanout502/A (sky130_fd_sc_hd__buf_1)
     3    0.024404    0.214931    0.187830   10.973445 ^ fanout502/X (sky130_fd_sc_hd__buf_1)
                                                         net502 (net)
                      0.214931    0.000250   10.973695 ^ fanout501/A (sky130_fd_sc_hd__dlymetal6s2s_1)
     7    0.039272    0.300808    0.267146   11.240842 ^ fanout501/X (sky130_fd_sc_hd__dlymetal6s2s_1)
                                                         net501 (net)
                      0.300808    0.000234   11.241076 ^ fanout500/A (sky130_fd_sc_hd__dlymetal6s2s_1)
     4    0.025188    0.202061    0.200616   11.441692 ^ fanout500/X (sky130_fd_sc_hd__dlymetal6s2s_1)
                                                         net500 (net)
                      0.202062    0.000312   11.442004 ^ fanout499/A (sky130_fd_sc_hd__clkbuf_2)
     6    0.034056    0.144845    0.174317   11.616322 ^ fanout499/X (sky130_fd_sc_hd__clkbuf_2)
                                                         net499 (net)
                      0.144868    0.001491   11.617813 ^ _3246_/RESET_B (sky130_fd_sc_hd__dfrtp_2)
                                             11.617813   data arrival time

                                 50.000000   50.000000   clock clk_i (rise edge)
                                  0.000000   50.000000   clock source latency
     2    0.051408    0.175216    0.124356   50.124355 ^ clk_i (in)
                                                         clk_i (net)
                      0.175406    0.000000   50.124355 ^ clkbuf_0_clk_i/A (sky130_fd_sc_hd__clkbuf_16)
     9    0.102929    0.092464    0.161613   50.285969 ^ clkbuf_0_clk_i/X (sky130_fd_sc_hd__clkbuf_16)
                                                         clknet_0_clk_i (net)
                      0.093228    0.006672   50.292641 ^ clkbuf_2_3__f_clk_i/A (sky130_fd_sc_hd__clkbuf_16)
    25    0.119024    0.103439    0.155858   50.448498 ^ clkbuf_2_3__f_clk_i/X (sky130_fd_sc_hd__clkbuf_16)
                                                         clknet_2_3__leaf_clk_i (net)
                      0.103732    0.004452   50.452950 ^ clkbuf_leaf_25_clk_i/A (sky130_fd_sc_hd__clkbuf_8)
     5    0.018591    0.036831    0.106557   50.559505 ^ clkbuf_leaf_25_clk_i/X (sky130_fd_sc_hd__clkbuf_8)
                                                         clknet_leaf_25_clk_i (net)
                      0.036831    0.000135   50.559639 ^ _3246_/CLK (sky130_fd_sc_hd__dfrtp_2)
                                 -0.250000   50.309639   clock uncertainty
                                  0.000000   50.309639   clock reconvergence pessimism
                                  0.105395   50.415035   library recovery time
                                             50.415035   data required time
---------------------------------------------------------------------------------------------
                                             50.415035   data required time
                                            -11.617813   data arrival time
---------------------------------------------------------------------------------------------
                                             38.797218   slack (MET)


Startpoint: intr_src_i[0] (input port clocked by clk_i)
Endpoint: irq_o (output port clocked by clk_i)
Path Group: clk_i
Path Type: max

Fanout         Cap        Slew       Delay        Time   Description
---------------------------------------------------------------------------------------------
                                  0.000000    0.000000   clock clk_i (rise edge)
                                  0.000000    0.000000   clock network delay (propagated)
                                 10.000000   10.000000 v input external delay
     2    0.004286    0.006976    0.003557   10.003557 v intr_src_i[0] (in)
                                                         intr_src_i[0] (net)
                      0.006976    0.000000   10.003557 v input1/A (sky130_fd_sc_hd__buf_4)
     3    0.023872    0.035060    0.093819   10.097377 v input1/X (sky130_fd_sc_hd__buf_4)
                                                         net1 (net)
                      0.035269    0.001818   10.099195 v _1571_/B (sky130_fd_sc_hd__and2b_1)
     4    0.014339    0.057223    0.130964   10.230159 v _1571_/X (sky130_fd_sc_hd__and2b_1)
                                                         _1060_ (net)
                      0.057224    0.000238   10.230396 v _1572_/C1 (sky130_fd_sc_hd__o211a_1)
     3    0.012612    0.056198    0.101678   10.332074 v _1572_/X (sky130_fd_sc_hd__o211a_1)
                                                         _1061_ (net)
                      0.056198    0.000207   10.332281 v fanout251/A (sky130_fd_sc_hd__buf_6)
     6    0.039282    0.034715    0.103853   10.436134 v fanout251/X (sky130_fd_sc_hd__buf_6)
                                                         net251 (net)
                      0.034740    0.000850   10.436984 v _1601_/B (sky130_fd_sc_hd__nand3_4)
     3    0.018645    0.072394    0.070385   10.507369 ^ _1601_/Y (sky130_fd_sc_hd__nand3_4)
                                                         _1090_ (net)
                      0.072394    0.000083   10.507453 ^ _1602_/A (sky130_fd_sc_hd__nand3_4)
     4    0.024539    0.081417    0.067383   10.574837 v _1602_/Y (sky130_fd_sc_hd__nand3_4)
                                                         _1091_ (net)
                      0.081418    0.000306   10.575142 v _1606_/A3 (sky130_fd_sc_hd__a31oi_4)
     6    0.033276    0.227734    0.239292   10.814434 ^ _1606_/Y (sky130_fd_sc_hd__a31oi_4)
                                                         _1095_ (net)
                      0.227734    0.000681   10.815115 ^ _1623_/A1 (sky130_fd_sc_hd__o21ai_4)
     3    0.018984    0.064287    0.061574   10.876689 v _1623_/Y (sky130_fd_sc_hd__o21ai_4)
                                                         _1112_ (net)
                      0.064287    0.000347   10.877036 v _1625_/B (sky130_fd_sc_hd__nand3_1)
     1    0.005352    0.064735    0.079877   10.956913 ^ _1625_/Y (sky130_fd_sc_hd__nand3_1)
                                                         _1114_ (net)
                      0.064735    0.000058   10.956971 ^ _1629_/A1 (sky130_fd_sc_hd__a21oi_2)
     1    0.004162    0.032597    0.031601   10.988571 v _1629_/Y (sky130_fd_sc_hd__a21oi_2)
                                                         _1118_ (net)
                      0.032597    0.000062   10.988633 v fanout210/A (sky130_fd_sc_hd__buf_4)
     3    0.019069    0.031591    0.100366   11.089000 v fanout210/X (sky130_fd_sc_hd__buf_4)
                                                         net210 (net)
                      0.031591    0.000133   11.089132 v fanout209/A (sky130_fd_sc_hd__buf_6)
     6    0.033256    0.031537    0.090417   11.179550 v fanout209/X (sky130_fd_sc_hd__buf_6)
                                                         net209 (net)
                      0.031549    0.000563   11.180113 v _1637_/A2 (sky130_fd_sc_hd__o211ai_4)
     1    0.010377    0.126784    0.122106   11.302219 ^ _1637_/Y (sky130_fd_sc_hd__o211ai_4)
                                                         _1126_ (net)
                      0.126784    0.000149   11.302368 ^ _1644_/A (sky130_fd_sc_hd__nand3_4)
     2    0.015429    0.063017    0.062897   11.365266 v _1644_/Y (sky130_fd_sc_hd__nand3_4)
                                                         _1133_ (net)
                      0.063020    0.000307   11.365573 v _1667_/B2 (sky130_fd_sc_hd__a2bb2oi_4)
     5    0.041227    0.222196    0.213924   11.579496 ^ _1667_/Y (sky130_fd_sc_hd__a2bb2oi_4)
                                                         _1156_ (net)
                      0.222197    0.000459   11.579956 ^ _1685_/B2 (sky130_fd_sc_hd__o2bb2ai_4)
     3    0.020566    0.065793    0.060549   11.640505 v _1685_/Y (sky130_fd_sc_hd__o2bb2ai_4)
                                                         _1174_ (net)
                      0.065794    0.000198   11.640703 v _1687_/C (sky130_fd_sc_hd__nand3_2)
     2    0.005823    0.047634    0.066968   11.707671 ^ _1687_/Y (sky130_fd_sc_hd__nand3_2)
                                                         _1176_ (net)
                      0.047634    0.000052   11.707723 ^ rebuffer2/A (sky130_fd_sc_hd__clkbuf_2)
     2    0.015663    0.069981    0.100184   11.807906 ^ rebuffer2/X (sky130_fd_sc_hd__clkbuf_2)
                                                         net541 (net)
                      0.069981    0.000174   11.808080 ^ _1694_/B1 (sky130_fd_sc_hd__a2bb2oi_4)
     4    0.034144    0.069865    0.065708   11.873789 v _1694_/Y (sky130_fd_sc_hd__a2bb2oi_4)
                                                         _1183_ (net)
                      0.069872    0.000580   11.874369 v _1702_/B1 (sky130_fd_sc_hd__o22ai_4)
     4    0.021452    0.152356    0.148026   12.022394 ^ _1702_/Y (sky130_fd_sc_hd__o22ai_4)
                                                         _1191_ (net)
                      0.152357    0.000345   12.022738 ^ _1704_/B (sky130_fd_sc_hd__nand2_1)
     1    0.009175    0.062380    0.069192   12.091930 v _1704_/Y (sky130_fd_sc_hd__nand2_1)
                                                         _1193_ (net)
                      0.062380    0.000074   12.092004 v _1716_/A1 (sky130_fd_sc_hd__a21oi_4)
     5    0.024681    0.158965    0.158274   12.250278 ^ _1716_/Y (sky130_fd_sc_hd__a21oi_4)
                                                         _1205_ (net)
                      0.158965    0.000286   12.250565 ^ _1725_/A2 (sky130_fd_sc_hd__o21ai_1)
     1    0.009965    0.080529    0.074879   12.325443 v _1725_/Y (sky130_fd_sc_hd__o21ai_1)
                                                         _1214_ (net)
                      0.080529    0.000143   12.325586 v _1744_/B1 (sky130_fd_sc_hd__a2bb2oi_4)
     3    0.024036    0.141868    0.166817   12.492403 ^ _1744_/Y (sky130_fd_sc_hd__a2bb2oi_4)
                                                         _1233_ (net)
                      0.141868    0.000419   12.492823 ^ _1772_/A1 (sky130_fd_sc_hd__a21oi_4)
     3    0.013081    0.051680    0.047256   12.540079 v _1772_/Y (sky130_fd_sc_hd__a21oi_4)
                                                         _1261_ (net)
                      0.051680    0.000245   12.540324 v fanout207/A (sky130_fd_sc_hd__buf_4)
     6    0.020452    0.032810    0.109391   12.649714 v fanout207/X (sky130_fd_sc_hd__buf_4)
                                                         net207 (net)
                      0.032817    0.000283   12.649998 v _1779_/A2 (sky130_fd_sc_hd__o211a_1)
     1    0.008920    0.046864    0.148253   12.798251 v _1779_/X (sky130_fd_sc_hd__o211a_1)
                                                         _1268_ (net)
                      0.046864    0.000076   12.798327 v _1790_/A1 (sky130_fd_sc_hd__o21ai_4)
     6    0.022805    0.153117    0.158677   12.957004 ^ _1790_/Y (sky130_fd_sc_hd__o21ai_4)
                                                         _1279_ (net)
                      0.153117    0.000347   12.957351 ^ _1796_/A (sky130_fd_sc_hd__nand3_1)
     1    0.008620    0.077334    0.079078   13.036429 v _1796_/Y (sky130_fd_sc_hd__nand3_1)
                                                         _1285_ (net)
                      0.077334    0.000083   13.036511 v _1810_/A2 (sky130_fd_sc_hd__a31oi_4)
     3    0.028530    0.205154    0.205823   13.242334 ^ _1810_/Y (sky130_fd_sc_hd__a31oi_4)
                                                         _1299_ (net)
                      0.205155    0.000910   13.243245 ^ _1811_/B1 (sky130_fd_sc_hd__o21ai_4)
     3    0.014438    0.055527    0.037279   13.280523 v _1811_/Y (sky130_fd_sc_hd__o21ai_4)
                                                         _1300_ (net)
                      0.055527    0.000203   13.280727 v fanout201/A (sky130_fd_sc_hd__buf_6)
     6    0.035316    0.032563    0.101640   13.382367 v fanout201/X (sky130_fd_sc_hd__buf_6)
                                                         net201 (net)
                      0.032567    0.000365   13.382732 v _1823_/D1 (sky130_fd_sc_hd__o2111ai_1)
     1    0.007910    0.179160    0.076295   13.459027 ^ _1823_/Y (sky130_fd_sc_hd__o2111ai_1)
                                                         _1312_ (net)
                      0.179160    0.000167   13.459194 ^ _1826_/C1 (sky130_fd_sc_hd__o211ai_2)
     1    0.009000    0.064413    0.057449   13.516644 v _1826_/Y (sky130_fd_sc_hd__o211ai_2)
                                                         _1315_ (net)
                      0.064430    0.000082   13.516725 v _1832_/A1 (sky130_fd_sc_hd__o21ai_4)
     5    0.031039    0.190514    0.191924   13.708649 ^ _1832_/Y (sky130_fd_sc_hd__o21ai_4)
                                                         _1321_ (net)
                      0.190517    0.000615   13.709264 ^ _1846_/B (sky130_fd_sc_hd__nand3_4)
     3    0.008737    0.056063    0.049579   13.758842 v _1846_/Y (sky130_fd_sc_hd__nand3_4)
                                                         _1335_ (net)
                      0.056063    0.000065   13.758907 v _1849_/B1 (sky130_fd_sc_hd__o211a_1)
     1    0.009929    0.050201    0.105430   13.864338 v _1849_/X (sky130_fd_sc_hd__o211a_1)
                                                         _1338_ (net)
                      0.050201    0.000131   13.864470 v _1859_/A1 (sky130_fd_sc_hd__o21ai_4)
     2    0.014135    0.115313    0.131138   13.995606 ^ _1859_/Y (sky130_fd_sc_hd__o21ai_4)
                                                         _1348_ (net)
                      0.115313    0.000181   13.995788 ^ fanout195/A (sky130_fd_sc_hd__buf_6)
     6    0.034891    0.059018    0.101129   14.096917 ^ fanout195/X (sky130_fd_sc_hd__buf_6)
                                                         net195 (net)
                      0.059019    0.000343   14.097260 ^ _1878_/C1 (sky130_fd_sc_hd__o211ai_4)
     5    0.025295    0.073926    0.054816   14.152076 v _1878_/Y (sky130_fd_sc_hd__o211ai_4)
                                                         _1367_ (net)
                      0.073931    0.000612   14.152687 v _1881_/B1 (sky130_fd_sc_hd__o211ai_2)
     1    0.009257    0.129332    0.078534   14.231221 ^ _1881_/Y (sky130_fd_sc_hd__o211ai_2)
                                                         _1370_ (net)
                      0.129332    0.000088   14.231309 ^ _1888_/A (sky130_fd_sc_hd__nand3_4)
     2    0.018549    0.071941    0.069452   14.300761 v _1888_/Y (sky130_fd_sc_hd__nand3_4)
                                                         _1377_ (net)
                      0.071941    0.000184   14.300945 v _1906_/B2 (sky130_fd_sc_hd__a2bb2oi_4)
     2    0.013718    0.100049    0.122352   14.423297 ^ _1906_/Y (sky130_fd_sc_hd__a2bb2oi_4)
                                                         _1395_ (net)
                      0.100049    0.000104   14.423401 ^ fanout191/A (sky130_fd_sc_hd__buf_6)
     6    0.022520    0.041752    0.086341   14.509742 ^ fanout191/X (sky130_fd_sc_hd__buf_6)
                                                         net191 (net)
                      0.041752    0.000114   14.509855 ^ _1919_/A2 (sky130_fd_sc_hd__o211ai_2)
     1    0.010536    0.062525    0.059485   14.569340 v _1919_/Y (sky130_fd_sc_hd__o211ai_2)
                                                         _1408_ (net)
                      0.062525    0.000188   14.569529 v _1923_/A1 (sky130_fd_sc_hd__o21ai_4)
     2    0.017098    0.127837    0.145191   14.714720 ^ _1923_/Y (sky130_fd_sc_hd__o21ai_4)
                                                         _1412_ (net)
                      0.127837    0.000244   14.714964 ^ fanout190/A (sky130_fd_sc_hd__buf_8)
     6    0.042499    0.059528    0.099625   14.814590 ^ fanout190/X (sky130_fd_sc_hd__buf_8)
                                                         net190 (net)
                      0.059531    0.000549   14.815138 ^ _1942_/C1 (sky130_fd_sc_hd__o211ai_4)
     3    0.012944    0.052366    0.040526   14.855664 v _1942_/Y (sky130_fd_sc_hd__o211ai_4)
                                                         _1431_ (net)
                      0.052366    0.000226   14.855890 v _1945_/B1 (sky130_fd_sc_hd__o211ai_2)
     1    0.009481    0.131005    0.070076   14.925966 ^ _1945_/Y (sky130_fd_sc_hd__o211ai_2)
                                                         _1434_ (net)
                      0.131005    0.000107   14.926073 ^ _1952_/A (sky130_fd_sc_hd__nand3_4)
     2    0.017620    0.068259    0.067949   14.994022 v _1952_/Y (sky130_fd_sc_hd__nand3_4)
                                                         _1441_ (net)
                      0.068260    0.000220   14.994243 v _1972_/A1 (sky130_fd_sc_hd__a21oi_4)
     2    0.012123    0.102814    0.115916   15.110159 ^ _1972_/Y (sky130_fd_sc_hd__a21oi_4)
                                                         _1461_ (net)
                      0.102814    0.000167   15.110326 ^ fanout187/A (sky130_fd_sc_hd__buf_8)
     6    0.040467    0.056974    0.096247   15.206573 ^ fanout187/X (sky130_fd_sc_hd__buf_8)
                                                         net187 (net)
                      0.056977    0.000476   15.207048 ^ _1986_/A1 (sky130_fd_sc_hd__o21ai_4)
     3    0.018896    0.042017    0.051129   15.258178 v _1986_/Y (sky130_fd_sc_hd__o21ai_4)
                                                         _1475_ (net)
                      0.042023    0.000401   15.258579 v _1989_/B (sky130_fd_sc_hd__nand3_4)
     3    0.024834    0.087339    0.082899   15.341477 ^ _1989_/Y (sky130_fd_sc_hd__nand3_4)
                                                         _1478_ (net)
                      0.087339    0.000316   15.341794 ^ _2000_/B1 (sky130_fd_sc_hd__a22oi_4)
     2    0.010757    0.045449    0.037206   15.379000 v _2000_/Y (sky130_fd_sc_hd__a22oi_4)
                                                         _1489_ (net)
                      0.045449    0.000190   15.379189 v fanout186/A (sky130_fd_sc_hd__buf_6)
     6    0.031805    0.030718    0.095628   15.474818 v fanout186/X (sky130_fd_sc_hd__buf_6)
                                                         net186 (net)
                      0.030719    0.000238   15.475057 v _2014_/A2 (sky130_fd_sc_hd__o211a_1)
     1    0.009323    0.048208    0.148921   15.623978 v _2014_/X (sky130_fd_sc_hd__o211a_1)
                                                         _1503_ (net)
                      0.048208    0.000098   15.624075 v _2023_/A2 (sky130_fd_sc_hd__a21oi_4)
     4    0.020144    0.138343    0.151998   15.776073 ^ _2023_/Y (sky130_fd_sc_hd__a21oi_4)
                                                         _0164_ (net)
                      0.138343    0.000318   15.776390 ^ _2057_/B2 (sky130_fd_sc_hd__o22ai_4)
     2    0.012307    0.054619    0.043341   15.819732 v _2057_/Y (sky130_fd_sc_hd__o22ai_4)
                                                         _0198_ (net)
                      0.054619    0.000174   15.819906 v _2067_/A2 (sky130_fd_sc_hd__a31oi_4)
     3    0.024703    0.186947    0.183876   16.003782 ^ _2067_/Y (sky130_fd_sc_hd__a31oi_4)
                                                         _0208_ (net)
                      0.186953    0.000488   16.004271 ^ _2068_/A (sky130_fd_sc_hd__nand2_4)
     6    0.041927    0.089945    0.083277   16.087547 v _2068_/Y (sky130_fd_sc_hd__nand2_4)
                                                         _0209_ (net)
                      0.089966    0.001142   16.088690 v _2075_/A2_N (sky130_fd_sc_hd__o2bb2ai_4)
     2    0.012106    0.046806    0.093195   16.181885 v _2075_/Y (sky130_fd_sc_hd__o2bb2ai_4)
                                                         _0216_ (net)
                      0.046806    0.000172   16.182056 v _2087_/A3 (sky130_fd_sc_hd__a31oi_4)
     3    0.025985    0.193120    0.200821   16.382877 ^ _2087_/Y (sky130_fd_sc_hd__a31oi_4)
                                                         _0228_ (net)
                      0.193120    0.000357   16.383234 ^ _2091_/A2 (sky130_fd_sc_hd__a21boi_4)
     2    0.012859    0.053102    0.049537   16.432772 v _2091_/Y (sky130_fd_sc_hd__a21boi_4)
                                                         _0232_ (net)
                      0.053103    0.000227   16.432999 v fanout184/A (sky130_fd_sc_hd__buf_6)
     4    0.015180    0.021803    0.088095   16.521093 v fanout184/X (sky130_fd_sc_hd__buf_6)
                                                         net184 (net)
                      0.021804    0.000167   16.521261 v _2099_/A2 (sky130_fd_sc_hd__o211a_1)
     1    0.009022    0.047202    0.144851   16.666113 v _2099_/X (sky130_fd_sc_hd__o211a_1)
                                                         _0240_ (net)
                      0.047202    0.000080   16.666193 v _2113_/A1 (sky130_fd_sc_hd__o21ai_4)
     2    0.012064    0.106010    0.123189   16.789381 ^ _2113_/Y (sky130_fd_sc_hd__o21ai_4)
                                                         _0254_ (net)
                      0.106010    0.000135   16.789516 ^ fanout182/A (sky130_fd_sc_hd__buf_6)
     6    0.037456    0.062384    0.102101   16.891617 ^ fanout182/X (sky130_fd_sc_hd__buf_6)
                                                         net182 (net)
                      0.062392    0.000751   16.892368 ^ _2133_/A1 (sky130_fd_sc_hd__a31oi_4)
     2    0.019066    0.078530    0.069027   16.961397 v _2133_/Y (sky130_fd_sc_hd__a31oi_4)
                                                         _0274_ (net)
                      0.078530    0.000295   16.961691 v _2138_/A1 (sky130_fd_sc_hd__a21oi_4)
     3    0.033127    0.198104    0.193662   17.155354 ^ _2138_/Y (sky130_fd_sc_hd__a21oi_4)
                                                         _0279_ (net)
                      0.198107    0.000551   17.155905 ^ _2141_/B (sky130_fd_sc_hd__nand2_8)
     4    0.024738    0.053311    0.043800   17.199703 v _2141_/Y (sky130_fd_sc_hd__nand2_8)
                                                         _0282_ (net)
                      0.053311    0.000274   17.199978 v _2149_/A1 (sky130_fd_sc_hd__a31oi_4)
     5    0.028707    0.205964    0.178439   17.378416 ^ _2149_/Y (sky130_fd_sc_hd__a31oi_4)
                                                         _0290_ (net)
                      0.205964    0.000542   17.378958 ^ _2172_/B1 (sky130_fd_sc_hd__a32oi_4)
     3    0.022296    0.089275    0.060119   17.439077 v _2172_/Y (sky130_fd_sc_hd__a32oi_4)
                                                         _0313_ (net)
                      0.089275    0.000094   17.439171 v _2173_/B1 (sky130_fd_sc_hd__o21ai_4)
     2    0.012523    0.107734    0.071720   17.510891 ^ _2173_/Y (sky130_fd_sc_hd__o21ai_4)
                                                         _0314_ (net)
                      0.107734    0.000155   17.511045 ^ fanout179/A (sky130_fd_sc_hd__buf_6)
     6    0.026040    0.046643    0.091076   17.602121 ^ fanout179/X (sky130_fd_sc_hd__buf_6)
                                                         net179 (net)
                      0.046646    0.000401   17.602522 ^ _2180_/B (sky130_fd_sc_hd__nand3_2)
     2    0.006655    0.042490    0.048084   17.650606 v _2180_/Y (sky130_fd_sc_hd__nand3_2)
                                                         _0321_ (net)
                      0.042490    0.000075   17.650681 v _2182_/C1 (sky130_fd_sc_hd__o211a_1)
     1    0.008648    0.045968    0.085516   17.736197 v _2182_/X (sky130_fd_sc_hd__o211a_1)
                                                         _0323_ (net)
                      0.045968    0.000091   17.736288 v _2192_/A2 (sky130_fd_sc_hd__o21ai_4)
     2    0.012879    0.109670    0.110147   17.846434 ^ _2192_/Y (sky130_fd_sc_hd__o21ai_4)
                                                         _0333_ (net)
                      0.109670    0.000176   17.846609 ^ fanout175/A (sky130_fd_sc_hd__buf_6)
     6    0.025341    0.045638    0.090568   17.937178 ^ fanout175/X (sky130_fd_sc_hd__buf_6)
                                                         net175 (net)
                      0.045642    0.000442   17.937620 ^ _2204_/B (sky130_fd_sc_hd__nand3_2)
     2    0.008025    0.050045    0.051358   17.988977 v _2204_/Y (sky130_fd_sc_hd__nand3_2)
                                                         _0345_ (net)
                      0.050045    0.000069   17.989048 v _2207_/B1 (sky130_fd_sc_hd__o211ai_2)
     1    0.009172    0.128722    0.068294   18.057341 ^ _2207_/Y (sky130_fd_sc_hd__o211ai_2)
                                                         _0348_ (net)
                      0.128722    0.000080   18.057421 ^ _2213_/A (sky130_fd_sc_hd__nand3_4)
     1    0.009001    0.051622    0.049162   18.106583 v _2213_/Y (sky130_fd_sc_hd__nand3_4)
                                                         _0354_ (net)
                      0.051622    0.000060   18.106644 v _2227_/A1 (sky130_fd_sc_hd__a21oi_4)
     3    0.016135    0.120549    0.124102   18.230745 ^ _2227_/Y (sky130_fd_sc_hd__a21oi_4)
                                                         _0368_ (net)
                      0.120549    0.000181   18.230927 ^ fanout171/A (sky130_fd_sc_hd__buf_6)
     6    0.032067    0.055145    0.099115   18.330042 ^ fanout171/X (sky130_fd_sc_hd__buf_6)
                                                         net171 (net)
                      0.055145    0.000254   18.330296 ^ _2229_/B1 (sky130_fd_sc_hd__o22ai_4)
     4    0.030094    0.071256    0.056543   18.386839 v _2229_/Y (sky130_fd_sc_hd__o22ai_4)
                                                         _0370_ (net)
                      0.071266    0.000709   18.387548 v _2254_/B1 (sky130_fd_sc_hd__a221oi_4)
     3    0.025456    0.219436    0.215486   18.603035 ^ _2254_/Y (sky130_fd_sc_hd__a221oi_4)
                                                         _0395_ (net)
                      0.219436    0.000320   18.603354 ^ _2268_/A2 (sky130_fd_sc_hd__o21ai_4)
     2    0.012187    0.056519    0.039950   18.643305 v _2268_/Y (sky130_fd_sc_hd__o21ai_4)
                                                         _0409_ (net)
                      0.056519    0.000130   18.643435 v _2270_/B1 (sky130_fd_sc_hd__o22ai_4)
     5    0.042786    0.242617    0.216662   18.860096 ^ _2270_/Y (sky130_fd_sc_hd__o22ai_4)
                                                         _0411_ (net)
                      0.242621    0.000821   18.860916 ^ _2271_/B1 (sky130_fd_sc_hd__a21oi_4)
     2    0.010135    0.046970    0.013939   18.874855 v _2271_/Y (sky130_fd_sc_hd__a21oi_4)
                                                         _0412_ (net)
                      0.046970    0.000098   18.874954 v fanout170/A (sky130_fd_sc_hd__buf_6)
     6    0.028584    0.029082    0.094525   18.969479 v fanout170/X (sky130_fd_sc_hd__buf_6)
                                                         net170 (net)
                      0.029093    0.000510   18.969988 v _2307_/B2 (sky130_fd_sc_hd__o22ai_4)
     4    0.029876    0.187095    0.147443   19.117432 ^ _2307_/Y (sky130_fd_sc_hd__o22ai_4)
                                                         _0448_ (net)
                      0.187095    0.000464   19.117895 ^ _2323_/A1 (sky130_fd_sc_hd__a31oi_4)
     2    0.012513    0.077518    0.076634   19.194529 v _2323_/Y (sky130_fd_sc_hd__a31oi_4)
                                                         _0464_ (net)
                      0.077519    0.000131   19.194660 v _2329_/A2 (sky130_fd_sc_hd__a21oi_4)
     5    0.035497    0.208890    0.214568   19.409229 ^ _2329_/Y (sky130_fd_sc_hd__a21oi_4)
                                                         _0470_ (net)
                      0.208890    0.000222   19.409451 ^ _2339_/A2 (sky130_fd_sc_hd__o211ai_2)
     1    0.010384    0.065673    0.069464   19.478914 v _2339_/Y (sky130_fd_sc_hd__o211ai_2)
                                                         _0480_ (net)
                      0.065673    0.000192   19.479107 v _2340_/A (sky130_fd_sc_hd__nand3_4)
     2    0.014852    0.067912    0.064437   19.543545 ^ _2340_/Y (sky130_fd_sc_hd__nand3_4)
                                                         _0481_ (net)
                      0.067912    0.000110   19.543653 ^ _2348_/B2 (sky130_fd_sc_hd__a22oi_4)
     2    0.012187    0.045170    0.040295   19.583950 v _2348_/Y (sky130_fd_sc_hd__a22oi_4)
                                                         _0489_ (net)
                      0.045170    0.000071   19.584021 v fanout169/A (sky130_fd_sc_hd__buf_6)
     4    0.018759    0.024193    0.087486   19.671505 v fanout169/X (sky130_fd_sc_hd__buf_6)
                                                         net169 (net)
                      0.024197    0.000302   19.671808 v _2354_/B2 (sky130_fd_sc_hd__o22ai_4)
     3    0.032520    0.198424    0.155120   19.826929 ^ _2354_/Y (sky130_fd_sc_hd__o22ai_4)
                                                         _0495_ (net)
                      0.198484    0.000515   19.827444 ^ _2361_/A1 (sky130_fd_sc_hd__o21ai_4)
     4    0.021202    0.062872    0.064189   19.891632 v _2361_/Y (sky130_fd_sc_hd__o21ai_4)
                                                         _0502_ (net)
                      0.062872    0.000220   19.891851 v _2365_/B1 (sky130_fd_sc_hd__o22ai_4)
     5    0.038636    0.224599    0.204974   20.096827 ^ _2365_/Y (sky130_fd_sc_hd__o22ai_4)
                                                         _0506_ (net)
                      0.224600    0.000332   20.097158 ^ _2371_/B1 (sky130_fd_sc_hd__a22oi_4)
     4    0.025573    0.079040    0.065020   20.162178 v _2371_/Y (sky130_fd_sc_hd__a22oi_4)
                                                         _0512_ (net)
                      0.079045    0.000460   20.162638 v _2377_/A2 (sky130_fd_sc_hd__o211ai_2)
     2    0.013180    0.157574    0.161542   20.324181 ^ _2377_/Y (sky130_fd_sc_hd__o211ai_2)
                                                         _0518_ (net)
                      0.157574    0.000142   20.324322 ^ _2388_/B1 (sky130_fd_sc_hd__a22oi_4)
     5    0.024882    0.066305    0.061698   20.386021 v _2388_/Y (sky130_fd_sc_hd__a22oi_4)
                                                         _0529_ (net)
                      0.066309    0.000401   20.386421 v _2396_/A2 (sky130_fd_sc_hd__o21ai_4)
     5    0.043510    0.247486    0.219160   20.605581 ^ _2396_/Y (sky130_fd_sc_hd__o21ai_4)
                                                         _0537_ (net)
                      0.247489    0.000657   20.606239 ^ _2402_/A2 (sky130_fd_sc_hd__o21ai_4)
     3    0.021039    0.066752    0.055019   20.661259 v _2402_/Y (sky130_fd_sc_hd__o21ai_4)
                                                         _0543_ (net)
                      0.066752    0.000147   20.661406 v _2413_/B1 (sky130_fd_sc_hd__o22ai_4)
     2    0.012342    0.114406    0.115518   20.776924 ^ _2413_/Y (sky130_fd_sc_hd__o22ai_4)
                                                         _0554_ (net)
                      0.114406    0.000085   20.777010 ^ fanout166/A (sky130_fd_sc_hd__buf_6)
     6    0.040052    0.066201    0.106226   20.883236 ^ fanout166/X (sky130_fd_sc_hd__buf_6)
                                                         net166 (net)
                      0.066202    0.000361   20.883596 ^ _2416_/B (sky130_fd_sc_hd__nand2_4)
     3    0.016925    0.068401    0.042828   20.926424 v _2416_/Y (sky130_fd_sc_hd__nand2_4)
                                                         _0557_ (net)
                      0.068402    0.000178   20.926601 v _2444_/A3 (sky130_fd_sc_hd__a32oi_2)
     1    0.006096    0.098318    0.130406   21.057007 ^ _2444_/Y (sky130_fd_sc_hd__a32oi_2)
                                                         _0585_ (net)
                      0.098318    0.000085   21.057093 ^ _2451_/B2 (sky130_fd_sc_hd__o22ai_2)
     2    0.013976    0.051635    0.049212   21.106304 v _2451_/Y (sky130_fd_sc_hd__o22ai_2)
                                                         _0592_ (net)
                      0.051638    0.000240   21.106544 v _2459_/A1 (sky130_fd_sc_hd__a211oi_4)
     5    0.029789    0.285051    0.270671   21.377214 ^ _2459_/Y (sky130_fd_sc_hd__a211oi_4)
                                                         _0600_ (net)
                      0.285051    0.000599   21.377813 ^ _2477_/A (sky130_fd_sc_hd__nand3_4)
     2    0.022113    0.101838    0.087066   21.464880 v _2477_/Y (sky130_fd_sc_hd__nand3_4)
                                                         net91 (net)
                      0.101857    0.000908   21.465788 v fanout160/A (sky130_fd_sc_hd__buf_8)
     7    0.050870    0.037189    0.127221   21.593008 v fanout160/X (sky130_fd_sc_hd__buf_8)
                                                         net160 (net)
                      0.037222    0.000950   21.593960 v output91/A (sky130_fd_sc_hd__buf_6)
     1    0.034044    0.031929    0.093330   21.687288 v output91/X (sky130_fd_sc_hd__buf_6)
                                                         irq_o (net)
                      0.031929    0.000178   21.687468 v irq_o (out)
                                             21.687468   data arrival time

                                 50.000000   50.000000   clock clk_i (rise edge)
                                  0.000000   50.000000   clock network delay (propagated)
                                 -0.250000   49.749996   clock uncertainty
                                  0.000000   49.749996   clock reconvergence pessimism
                                -10.000000   39.749996   output external delay
                                             39.749996   data required time
---------------------------------------------------------------------------------------------
                                             39.749996   data required time
                                            -21.687468   data arrival time
---------------------------------------------------------------------------------------------
                                             18.062531   slack (MET)




===========================================================================
report_checks --slack_max -0.01
============================================================================
======================= min_ff_n40C_1v95 Corner ===================================

No paths found.


===========================================================================
 report_check_types -max_slew -max_cap -max_fanout -violators
============================================================================
======================= min_ff_n40C_1v95 Corner ===================================

max fanout

Pin                                   Limit Fanout  Slack
---------------------------------------------------------
clkbuf_2_1__f_clk_i/X                     6     25    -19 (VIOLATED)
clkbuf_2_3__f_clk_i/X                     6     25    -19 (VIOLATED)
clkbuf_2_2__f_clk_i/X                     6     21    -15 (VIOLATED)
clkbuf_2_0__f_clk_i/X                     6     19    -13 (VIOLATED)
fanout444/X                               6     15     -9 (VIOLATED)
_2483_/X                                  6     13     -7 (VIOLATED)
_2866_/Y                                  6     13     -7 (VIOLATED)
_3149_/Q                                  6     13     -7 (VIOLATED)
_3206_/Q                                  6     13     -7 (VIOLATED)
_3218_/Q                                  6     13     -7 (VIOLATED)
_3239_/Q                                  6     13     -7 (VIOLATED)
_3244_/Q                                  6     13     -7 (VIOLATED)
_3249_/Q                                  6     13     -7 (VIOLATED)
fanout156/X                               6     13     -7 (VIOLATED)
fanout219/X                               6     13     -7 (VIOLATED)
fanout221/X                               6     13     -7 (VIOLATED)
fanout222/X                               6     13     -7 (VIOLATED)
fanout223/X                               6     13     -7 (VIOLATED)
fanout244/X                               6     13     -7 (VIOLATED)
fanout246/X                               6     13     -7 (VIOLATED)
fanout259/X                               6     13     -7 (VIOLATED)
fanout263/X                               6     13     -7 (VIOLATED)
fanout272/X                               6     13     -7 (VIOLATED)
fanout273/X                               6     13     -7 (VIOLATED)
fanout279/X                               6     13     -7 (VIOLATED)
fanout280/X                               6     13     -7 (VIOLATED)
fanout281/X                               6     13     -7 (VIOLATED)
fanout288/X                               6     13     -7 (VIOLATED)
fanout293/X                               6     13     -7 (VIOLATED)
fanout297/X                               6     13     -7 (VIOLATED)
fanout304/X                               6     13     -7 (VIOLATED)
fanout310/X                               6     13     -7 (VIOLATED)
fanout319/X                               6     13     -7 (VIOLATED)
fanout341/X                               6     13     -7 (VIOLATED)
fanout356/X                               6     13     -7 (VIOLATED)
fanout359/X                               6     13     -7 (VIOLATED)
fanout370/X                               6     13     -7 (VIOLATED)
fanout388/X                               6     13     -7 (VIOLATED)
fanout391/X                               6     13     -7 (VIOLATED)
fanout393/X                               6     13     -7 (VIOLATED)
fanout395/X                               6     13     -7 (VIOLATED)
fanout397/X                               6     13     -7 (VIOLATED)
fanout399/X                               6     13     -7 (VIOLATED)
fanout400/X                               6     13     -7 (VIOLATED)
fanout443/X                               6     13     -7 (VIOLATED)
fanout452/X                               6     13     -7 (VIOLATED)
fanout453/X                               6     13     -7 (VIOLATED)
fanout455/X                               6     13     -7 (VIOLATED)
fanout457/X                               6     13     -7 (VIOLATED)
fanout461/X                               6     13     -7 (VIOLATED)
fanout462/X                               6     13     -7 (VIOLATED)
fanout464/X                               6     13     -7 (VIOLATED)
fanout480/X                               6     13     -7 (VIOLATED)
fanout483/X                               6     13     -7 (VIOLATED)
fanout491/X                               6     13     -7 (VIOLATED)
fanout493/X                               6     13     -7 (VIOLATED)
fanout494/X                               6     13     -7 (VIOLATED)
fanout515/X                               6     13     -7 (VIOLATED)
hold176/X                                 6     13     -7 (VIOLATED)
hold182/X                                 6     13     -7 (VIOLATED)
hold186/X                                 6     13     -7 (VIOLATED)
hold192/X                                 6     13     -7 (VIOLATED)
hold214/X                                 6     13     -7 (VIOLATED)
hold216/X                                 6     13     -7 (VIOLATED)
hold220/X                                 6     13     -7 (VIOLATED)
hold398/X                                 6     13     -7 (VIOLATED)
hold421/X                                 6     13     -7 (VIOLATED)
hold424/X                                 6     13     -7 (VIOLATED)
hold436/X                                 6     13     -7 (VIOLATED)
hold457/X                                 6     13     -7 (VIOLATED)
hold460/X                                 6     13     -7 (VIOLATED)
hold466/X                                 6     13     -7 (VIOLATED)
hold516/X                                 6     13     -7 (VIOLATED)
input37/X                                 6     13     -7 (VIOLATED)
clkbuf_leaf_35_clk_i/X                    6     11     -5 (VIOLATED)
fanout220/X                               6     11     -5 (VIOLATED)
fanout242/X                               6     11     -5 (VIOLATED)
fanout245/X                               6     11     -5 (VIOLATED)
fanout258/X                               6     11     -5 (VIOLATED)
fanout262/X                               6     11     -5 (VIOLATED)
fanout396/X                               6     11     -5 (VIOLATED)
fanout401/X                               6     11     -5 (VIOLATED)
fanout406/X                               6     11     -5 (VIOLATED)
fanout420/X                               6     11     -5 (VIOLATED)
fanout447/X                               6     11     -5 (VIOLATED)
hold162/X                                 6     11     -5 (VIOLATED)
hold166/X                                 6     11     -5 (VIOLATED)
hold174/X                                 6     11     -5 (VIOLATED)
hold472/X                                 6     11     -5 (VIOLATED)
hold478/X                                 6     11     -5 (VIOLATED)
hold503/X                                 6     11     -5 (VIOLATED)
hold512/X                                 6     11     -5 (VIOLATED)
input79/X                                 6     11     -5 (VIOLATED)
clkbuf_leaf_12_clk_i/X                    6     10     -4 (VIOLATED)
clkbuf_leaf_34_clk_i/X                    6     10     -4 (VIOLATED)
clkbuf_leaf_7_clk_i/X                     6     10     -4 (VIOLATED)
clkbuf_leaf_9_clk_i/X                     6     10     -4 (VIOLATED)
_1927_/X                                  6      9     -3 (VIOLATED)
_2465_/X                                  6      9     -3 (VIOLATED)
_2845_/Y                                  6      9     -3 (VIOLATED)
_2852_/X                                  6      9     -3 (VIOLATED)
_3150_/Q                                  6      9     -3 (VIOLATED)
clkbuf_0_clk_i/X                          6      9     -3 (VIOLATED)
clkbuf_leaf_10_clk_i/X                    6      9     -3 (VIOLATED)
clkbuf_leaf_15_clk_i/X                    6      9     -3 (VIOLATED)
clkbuf_leaf_1_clk_i/X                     6      9     -3 (VIOLATED)
fanout232/X                               6      9     -3 (VIOLATED)
fanout260/X                               6      9     -3 (VIOLATED)
fanout276/X                               6      9     -3 (VIOLATED)
fanout372/X                               6      9     -3 (VIOLATED)
fanout384/X                               6      9     -3 (VIOLATED)
fanout449/X                               6      9     -3 (VIOLATED)
fanout459/X                               6      9     -3 (VIOLATED)
fanout468/X                               6      9     -3 (VIOLATED)
fanout484/X                               6      9     -3 (VIOLATED)
fanout503/X                               6      9     -3 (VIOLATED)
hold202/X                                 6      9     -3 (VIOLATED)
hold205/X                                 6      9     -3 (VIOLATED)
hold236/X                                 6      9     -3 (VIOLATED)
hold243/X                                 6      9     -3 (VIOLATED)
hold290/X                                 6      9     -3 (VIOLATED)
hold293/X                                 6      9     -3 (VIOLATED)
hold337/X                                 6      9     -3 (VIOLATED)
hold357/X                                 6      9     -3 (VIOLATED)
hold365/X                                 6      9     -3 (VIOLATED)
hold547/X                                 6      9     -3 (VIOLATED)
input80/X                                 6      9     -3 (VIOLATED)
input82/X                                 6      9     -3 (VIOLATED)
input83/X                                 6      9     -3 (VIOLATED)
clkbuf_leaf_0_clk_i/X                     6      8     -2 (VIOLATED)
fanout531/X                               6      8     -2 (VIOLATED)
_1863_/X                                  6      7        (VIOLATED)
_1968_/X                                  6      7        (VIOLATED)
_2468_/X                                  6      7        (VIOLATED)
_2472_/X                                  6      7        (VIOLATED)
_2486_/X                                  6      7        (VIOLATED)
_2638_/X                                  6      7        (VIOLATED)
_2867_/X                                  6      7        (VIOLATED)
_3100_/Q                                  6      7        (VIOLATED)
_3243_/Q                                  6      7        (VIOLATED)
_3247_/Q                                  6      7        (VIOLATED)
clkbuf_leaf_11_clk_i/X                    6      7        (VIOLATED)
clkbuf_leaf_13_clk_i/X                    6      7        (VIOLATED)
clkbuf_leaf_27_clk_i/X                    6      7        (VIOLATED)
clkbuf_leaf_29_clk_i/X                    6      7        (VIOLATED)
clkbuf_leaf_2_clk_i/X                     6      7        (VIOLATED)
clkbuf_leaf_3_clk_i/X                     6      7        (VIOLATED)
clkbuf_leaf_4_clk_i/X                     6      7        (VIOLATED)
clkbuf_leaf_5_clk_i/X                     6      7        (VIOLATED)
clkbuf_leaf_6_clk_i/X                     6      7        (VIOLATED)
fanout160/X                               6      7        (VIOLATED)
fanout224/X                               6      7        (VIOLATED)
fanout236/X                               6      7        (VIOLATED)
fanout247/X                               6      7        (VIOLATED)
fanout250/X                               6      7        (VIOLATED)
fanout264/X                               6      7        (VIOLATED)
fanout270/X                               6      7        (VIOLATED)
fanout277/X                               6      7        (VIOLATED)
fanout390/X                               6      7        (VIOLATED)
fanout450/X                               6      7        (VIOLATED)
fanout451/X                               6      7        (VIOLATED)
fanout460/X                               6      7        (VIOLATED)
fanout467/X                               6      7        (VIOLATED)
fanout501/X                               6      7        (VIOLATED)
fanout504/X                               6      7        (VIOLATED)
fanout516/X                               6      7        (VIOLATED)
hold239/X                                 6      7        (VIOLATED)
hold266/X                                 6      7        (VIOLATED)
hold282/X                                 6      7        (VIOLATED)
hold286/X                                 6      7        (VIOLATED)
hold309/X                                 6      7        (VIOLATED)
hold315/X                                 6      7        (VIOLATED)
hold324/X                                 6      7        (VIOLATED)
hold327/X                                 6      7        (VIOLATED)
hold344/X                                 6      7        (VIOLATED)
hold508/X                                 6      7        (VIOLATED)
hold515/X                                 6      7        (VIOLATED)
hold519/X                                 6      7        (VIOLATED)
hold542/X                                 6      7        (VIOLATED)
hold60/X                                  6      7        (VIOLATED)
input74/X                                 6      7        (VIOLATED)
input75/X                                 6      7        (VIOLATED)



===========================================================================
report_parasitic_annotation -report_unannotated
============================================================================
Found 95 unannotated drivers.
 tl_i[0]
 tl_i[103]
 tl_i[104]
 tl_i[105]
 tl_i[106]
 tl_i[10]
 tl_i[11]
 tl_i[12]
 tl_i[13]
 tl_i[14]
 tl_i[15]
 tl_i[16]
 tl_i[17]
 tl_i[18]
 tl_i[19]
 tl_i[1]
 tl_i[20]
 tl_i[21]
 tl_i[22]
 tl_i[23]
 tl_i[24]
 tl_i[2]
 tl_i[3]
 tl_i[4]
 tl_i[57]
 tl_i[58]
 tl_i[59]
 tl_i[5]
 tl_i[60]
 tl_i[6]
 tl_i[73]
 tl_i[74]
 tl_i[75]
 tl_i[76]
 tl_i[77]
 tl_i[78]
 tl_i[79]
 tl_i[7]
 tl_i[80]
 tl_i[81]
 tl_i[82]
 tl_i[83]
 tl_i[84]
 tl_i[85]
 tl_i[86]
 tl_i[87]
 tl_i[88]
 tl_i[89]
 tl_i[8]
 tl_i[90]
 tl_i[91]
 tl_i[92]
 tl_i[9]
 clkload0/Y
 clkload1/Y
 clkload10/Y
 clkload11/Y
 clkload12/Y
 clkload13/Y
 clkload14/Y
 clkload15/X
 clkload16/Y
 clkload17/Y
 clkload18/Y
 clkload19/Y
 clkload2/Y
 clkload20/Y
 clkload21/X
 clkload22/Y
 clkload23/Y
 clkload24/Y
 clkload25/X
 clkload26/Y
 clkload27/X
 clkload28/X
 clkload29/Y
 clkload3/X
 clkload30/X
 clkload31/X
 clkload32/Y
 clkload33/Y
 clkload4/Y
 clkload5/X
 clkload6/Y
 clkload7/Y
 clkload8/Y
 clkload9/X
 rv_plic_lite_532/HI
 rv_plic_lite_533/HI
 rv_plic_lite_534/HI
 rv_plic_lite_535/HI
 rv_plic_lite_536/HI
 rv_plic_lite_537/HI
 rv_plic_lite_538/HI
 rv_plic_lite_539/LO
Found 0 partially unannotated drivers.

===========================================================================
max slew violation count 0
max fanout violation count 182
max cap violation count 0
============================================================================

===========================================================================
check_setup -verbose -unconstrained_endpoints -multiple_clock -no_clock -no_input_delay -loops -generated_clocks
===========================================================================
Warning: There are 8 unconstrained endpoints.
  tl_o[0]
  tl_o[15]
  tl_o[48]
  tl_o[59]
  tl_o[60]
  tl_o[61]
  tl_o[63]
  tl_o[64]
