Clock: clk_i
Sources: clk_i 
Generated: no
Virtual: yes
Propagated: no
Period: 50.000000

===========================================================================
report_clock_properties
============================================================================
Clock                   Period          Waveform
----------------------------------------------------
clk_i                50.000000    0.000000 25.000000

===========================================================================
report_clock_latency
============================================================================
Clock clk_i
rise -> rise
    min     max
0.000000 0.000000 source latency
0.365809         network latency _2949_/CLK
        0.485696 network latency _3044_/CLK
---------------
0.365809 0.485696 latency
        0.119887 skew

fall -> fall
    min     max
0.000000 0.000000 source latency
0.308006         network latency _2949_/CLK
        0.427741 network latency _3044_/CLK
---------------
0.308006 0.427741 latency
        0.119735 skew



===========================================================================
report_clock_min_period
============================================================================
clk_i period_min = 15.86 fmax = 63.03
