
===========================================================================
report_checks -unconstrained
===========================================================================
======================= min_ff_n40C_1v95 Corner ===================================

Startpoint: rst_ni (input port clocked by clk_i)
Endpoint: _1142_ (recovery check against rising-edge clock clk_i)
Path Group: asynchronous
Path Type: max

Fanout         Cap        Slew       Delay        Time   Description
---------------------------------------------------------------------------------------------
                                  0.000000    0.000000   clock clk_i (rise edge)
                                  0.000000    0.000000   clock network delay (propagated)
                                  5.000000    5.000000 ^ input external delay
     2    0.004312    0.019319    0.011187    5.011187 ^ rst_ni (in)
                                                         rst_ni (net)
                      0.019320    0.000000    5.011187 ^ input1/A (sky130_fd_sc_hd__buf_4)
     5    0.076346    0.160107    0.151899    5.163086 ^ input1/X (sky130_fd_sc_hd__buf_4)
                                                         net1 (net)
                      0.165152    0.022255    5.185341 ^ fanout169/A (sky130_fd_sc_hd__clkbuf_2)
     9    0.034676    0.147058    0.172605    5.357946 ^ fanout169/X (sky130_fd_sc_hd__clkbuf_2)
                                                         net169 (net)
                      0.147075    0.001291    5.359236 ^ fanout168/A (sky130_fd_sc_hd__clkbuf_2)
     4    0.025497    0.110315    0.145828    5.505064 ^ fanout168/X (sky130_fd_sc_hd__clkbuf_2)
                                                         net168 (net)
                      0.110315    0.000072    5.505136 ^ fanout166/A (sky130_fd_sc_hd__dlymetal6s2s_1)
     4    0.018817    0.156704    0.159482    5.664618 ^ fanout166/X (sky130_fd_sc_hd__dlymetal6s2s_1)
                                                         net166 (net)
                      0.156706    0.000398    5.665017 ^ fanout165/A (sky130_fd_sc_hd__clkbuf_2)
     6    0.028168    0.120976    0.154347    5.819364 ^ fanout165/X (sky130_fd_sc_hd__clkbuf_2)
                                                         net165 (net)
                      0.120976    0.000240    5.819603 ^ _1142_/RESET_B (sky130_fd_sc_hd__dfrtp_1)
                                              5.819603   data arrival time

                                 25.000000   25.000000   clock clk_i (rise edge)
                                  0.000000   25.000000   clock source latency
     2    0.066354    0.226086    0.166390   25.166389 ^ clk_i (in)
                                                         clk_i (net)
                      0.228313    0.000000   25.166389 ^ clkbuf_0_clk_i/A (sky130_fd_sc_hd__clkbuf_16)
     2    0.018440    0.035114    0.122206   25.288595 ^ clkbuf_0_clk_i/X (sky130_fd_sc_hd__clkbuf_16)
                                                         clknet_0_clk_i (net)
                      0.035114    0.000151   25.288746 ^ clkbuf_1_0__f_clk_i/A (sky130_fd_sc_hd__clkbuf_16)
     2    0.004825    0.020869    0.074778   25.363523 ^ clkbuf_1_0__f_clk_i/X (sky130_fd_sc_hd__clkbuf_16)
                                                         clknet_1_0__leaf_clk_i (net)
                      0.020869    0.000030   25.363554 ^ _1142_/CLK (sky130_fd_sc_hd__dfrtp_1)
                                 -0.250000   25.113554   clock uncertainty
                                  0.000000   25.113554   clock reconvergence pessimism
                                  0.125279   25.238834   library recovery time
                                             25.238834   data required time
---------------------------------------------------------------------------------------------
                                             25.238834   data required time
                                             -5.819603   data arrival time
---------------------------------------------------------------------------------------------
                                             19.419230   slack (MET)


Startpoint: _1196_ (negative level-sensitive latch clocked by clk_i)
Endpoint: _1080_ (rising clock gating-check end-point clocked by clk_i)
Path Group: gated clock
Path Type: max

Fanout         Cap        Slew       Delay        Time   Description
---------------------------------------------------------------------------------------------
                                 12.500000   12.500000   clock clk_i (fall edge)
                                  0.000000   12.500000   clock source latency
     2    0.065358    0.101926    0.080393   12.580393 v clk_i (in)
                                                         clk_i (net)
                      0.106686    0.000000   12.580393 v clkbuf_0_clk_i/A (sky130_fd_sc_hd__clkbuf_16)
     2    0.016514    0.025547    0.129438   12.709831 v clkbuf_0_clk_i/X (sky130_fd_sc_hd__clkbuf_16)
                                                         clknet_0_clk_i (net)
                      0.025547    0.000190   12.710021 v clkbuf_1_1__f_clk_i/A (sky130_fd_sc_hd__clkbuf_16)
     3    0.008198    0.021958    0.089604   12.799624 v clkbuf_1_1__f_clk_i/X (sky130_fd_sc_hd__clkbuf_16)
                                                         clknet_1_1__leaf_clk_i (net)
                      0.021958    0.000083   12.799708 v _1196_/GATE_N (sky130_fd_sc_hd__dlxtn_1)
     1    0.002366    0.027065    0.236447   13.036156 ^ _1196_/Q (sky130_fd_sc_hd__dlxtn_1)
                                                         u_ibex.core_clock_gate_i.en_latch (net)
                      0.027065    0.000023   13.036179 ^ hold386/A (sky130_fd_sc_hd__dlygate4sd3_1)
     1    0.002320    0.034510    0.366866   13.403045 ^ hold386/X (sky130_fd_sc_hd__dlygate4sd3_1)
                                                         net630 (net)
                      0.034510    0.000021   13.403066 ^ hold384/A (sky130_fd_sc_hd__dlygate4sd3_1)
     1    0.002108    0.033356    0.367112   13.770178 ^ hold384/X (sky130_fd_sc_hd__dlygate4sd3_1)
                                                         net628 (net)
                      0.033356    0.000018   13.770195 ^ hold387/A (sky130_fd_sc_hd__dlygate4sd3_1)
     1    0.002255    0.034156    0.367804   14.137999 ^ hold387/X (sky130_fd_sc_hd__dlygate4sd3_1)
                                                         net631 (net)
                      0.034156    0.000021   14.138021 ^ hold383/A (sky130_fd_sc_hd__dlygate4sd3_1)
     1    0.002188    0.033789    0.367546   14.505566 ^ hold383/X (sky130_fd_sc_hd__dlygate4sd3_1)
                                                         net627 (net)
                      0.033789    0.000019   14.505585 ^ hold388/A (sky130_fd_sc_hd__dlygate4sd3_1)
     1    0.002062    0.034035    0.366662   14.872247 ^ hold388/X (sky130_fd_sc_hd__dlygate4sd3_1)
                                                         net632 (net)
                      0.034035    0.000009   14.872256 ^ hold385/A (sky130_fd_sc_hd__dlygate4sd3_1)
     1    0.001944    0.032446    0.365955   15.238211 ^ hold385/X (sky130_fd_sc_hd__dlygate4sd3_1)
                                                         net629 (net)
                      0.032446    0.000009   15.238220 ^ _1080_/B (sky130_fd_sc_hd__and2_2)
                                             15.238220   data arrival time

                                 25.000000   25.000000   clock clk_i (rise edge)
                                  0.000000   25.000000   clock source latency
     2    0.066354    0.226086    0.166390   25.166389 ^ clk_i (in)
                                                         clk_i (net)
                      0.228313    0.000000   25.166389 ^ clkbuf_0_clk_i/A (sky130_fd_sc_hd__clkbuf_16)
     2    0.018440    0.035114    0.122206   25.288595 ^ clkbuf_0_clk_i/X (sky130_fd_sc_hd__clkbuf_16)
                                                         clknet_0_clk_i (net)
                      0.035114    0.000213   25.288809 ^ clkbuf_1_1__f_clk_i/A (sky130_fd_sc_hd__clkbuf_16)
     3    0.008673    0.023646    0.077939   25.366747 ^ clkbuf_1_1__f_clk_i/X (sky130_fd_sc_hd__clkbuf_16)
                                                         clknet_1_1__leaf_clk_i (net)
                      0.023646    0.000073   25.366821 ^ _1080_/A (sky130_fd_sc_hd__and2_2)
                                 -0.250000   25.116821   clock uncertainty
                                  0.000000   25.116821   clock reconvergence pessimism
                                  0.000000   25.116821   clock gating setup time
                                             25.116821   data required time
---------------------------------------------------------------------------------------------
                                             25.116821   data required time
                                            -15.238220   data arrival time
---------------------------------------------------------------------------------------------
                                              9.878601   slack (MET)


Startpoint: _1197_ (rising edge-triggered flip-flop clocked by clk_i)
Endpoint: _1196_ (negative level-sensitive latch clocked by clk_i)
Path Group: clk_i
Path Type: max

Fanout         Cap        Slew       Delay        Time   Description
---------------------------------------------------------------------------------------------
                                  0.000000    0.000000   clock clk_i (rise edge)
                                  0.000000    0.000000   clock source latency
     2    0.066354    0.226086    0.166389    0.166389 ^ clk_i (in)
                                                         clk_i (net)
                      0.228313    0.000000    0.166389 ^ clkbuf_0_clk_i/A (sky130_fd_sc_hd__clkbuf_16)
     2    0.018440    0.035114    0.122206    0.288596 ^ clkbuf_0_clk_i/X (sky130_fd_sc_hd__clkbuf_16)
                                                         clknet_0_clk_i (net)
                      0.035114    0.000152    0.288747 ^ clkbuf_1_0__f_clk_i/A (sky130_fd_sc_hd__clkbuf_16)
     2    0.004825    0.020869    0.074778    0.363525 ^ clkbuf_1_0__f_clk_i/X (sky130_fd_sc_hd__clkbuf_16)
                                                         clknet_1_0__leaf_clk_i (net)
                      0.020869    0.000027    0.363552 ^ _1197_/CLK (sky130_fd_sc_hd__dfrtp_1)
     2    0.014855    0.104467    0.251185    0.614738 ^ _1197_/Q (sky130_fd_sc_hd__dfrtp_1)
                                                         u_ibex.clock_en (net)
                      0.104467    0.000167    0.614904 ^ hold378/A (sky130_fd_sc_hd__dlygate4sd3_1)
     1    0.002071    0.033154    0.378913    0.993817 ^ hold378/X (sky130_fd_sc_hd__dlygate4sd3_1)
                                                         net622 (net)
                      0.033154    0.000017    0.993835 ^ hold156/A (sky130_fd_sc_hd__dlygate4sd3_1)
     1    0.002790    0.037273    0.371190    1.365024 ^ hold156/X (sky130_fd_sc_hd__dlygate4sd3_1)
                                                         net400 (net)
                      0.037273    0.000031    1.365055 ^ hold379/A (sky130_fd_sc_hd__dlygate4sd3_1)
     1    0.003020    0.038753    0.373550    1.738605 ^ hold379/X (sky130_fd_sc_hd__dlygate4sd3_1)
                                                         net623 (net)
                      0.038753    0.000027    1.738631 ^ hold29/A (sky130_fd_sc_hd__dlygate4sd3_1)
     1    0.002770    0.037143    0.372257    2.110889 ^ hold29/X (sky130_fd_sc_hd__dlygate4sd3_1)
                                                         net273 (net)
                      0.037143    0.000033    2.110922 ^ hold380/A (sky130_fd_sc_hd__dlygate4sd3_1)
     1    0.003234    0.040136    0.374882    2.485804 ^ hold380/X (sky130_fd_sc_hd__dlygate4sd3_1)
                                                         net624 (net)
                      0.040136    0.000043    2.485847 ^ hold157/A (sky130_fd_sc_hd__dlygate4sd3_1)
     1    0.003638    0.042807    0.378117    2.863964 ^ hold157/X (sky130_fd_sc_hd__dlygate4sd3_1)
                                                         net401 (net)
                      0.042807    0.000037    2.864001 ^ _1196_/D (sky130_fd_sc_hd__dlxtn_1)
                                              2.864001   data arrival time

                                 12.500000   12.500000   clock clk_i (fall edge)
                                  0.000000   12.500000   clock source latency
     2    0.065358    0.101926    0.080393   12.580393 v clk_i (in)
                                                         clk_i (net)
                      0.106686    0.000000   12.580393 v clkbuf_0_clk_i/A (sky130_fd_sc_hd__clkbuf_16)
     2    0.016514    0.025547    0.129438   12.709831 v clkbuf_0_clk_i/X (sky130_fd_sc_hd__clkbuf_16)
                                                         clknet_0_clk_i (net)
                      0.025547    0.000190   12.710021 v clkbuf_1_1__f_clk_i/A (sky130_fd_sc_hd__clkbuf_16)
     3    0.008198    0.021958    0.089604   12.799624 v clkbuf_1_1__f_clk_i/X (sky130_fd_sc_hd__clkbuf_16)
                                                         clknet_1_1__leaf_clk_i (net)
                      0.021958    0.000083   12.799708 v _1196_/GATE_N (sky130_fd_sc_hd__dlxtn_1)
                                 -0.250000   12.549708   clock uncertainty
                                  0.000000   12.549708   clock reconvergence pessimism
                                  0.000000   12.549708   time borrowed from endpoint
                                             12.549708   data required time
---------------------------------------------------------------------------------------------
                                             12.549708   data required time
                                             -2.864001   data arrival time
---------------------------------------------------------------------------------------------
                                              9.685708   slack (MET)

Time Borrowing Information
------------------------------------------------
clk_i nominal pulse width              12.500000
clock latency difference                0.067129
library setup time                     -0.096099
------------------------------------------------
max time borrow                        12.471029
actual time borrow                      0.000000
------------------------------------------------




===========================================================================
report_checks --slack_max -0.01
============================================================================
======================= min_ff_n40C_1v95 Corner ===================================

No paths found.


===========================================================================
 report_check_types -max_slew -max_cap -max_fanout -violators
============================================================================
======================= min_ff_n40C_1v95 Corner ===================================

max fanout

Pin                                   Limit Fanout  Slack
---------------------------------------------------------
clkbuf_2_1__f_u_ibex.clk/X                6     37    -31 (VIOLATED)
clkbuf_2_0__f_u_ibex.clk/X                6     31    -25 (VIOLATED)
clkbuf_2_3__f_u_ibex.clk/X                6     27    -21 (VIOLATED)
clkbuf_2_2__f_u_ibex.clk/X                6     23    -17 (VIOLATED)
fanout124/X                               6     13     -7 (VIOLATED)
fanout172/X                               6     13     -7 (VIOLATED)
fanout62/X                                6     13     -7 (VIOLATED)
fanout78/X                                6     13     -7 (VIOLATED)
fanout171/X                               6     11     -5 (VIOLATED)
fanout76/X                                6     11     -5 (VIOLATED)
_1037_/Y                                  6      9     -3 (VIOLATED)
clkbuf_0_u_ibex.clk/X                     6      9     -3 (VIOLATED)
fanout169/X                               6      9     -3 (VIOLATED)
fanout79/X                                6      9     -3 (VIOLATED)
input9/X                                  6      9     -3 (VIOLATED)
fanout117/X                               6      7        (VIOLATED)
fanout118/X                               6      7        (VIOLATED)



===========================================================================
report_parasitic_annotation -report_unannotated
============================================================================
Found 194 unannotated drivers.
 boot_addr_i[0]
 boot_addr_i[10]
 boot_addr_i[11]
 boot_addr_i[12]
 boot_addr_i[13]
 boot_addr_i[14]
 boot_addr_i[15]
 boot_addr_i[16]
 boot_addr_i[17]
 boot_addr_i[18]
 boot_addr_i[19]
 boot_addr_i[1]
 boot_addr_i[20]
 boot_addr_i[21]
 boot_addr_i[22]
 boot_addr_i[23]
 boot_addr_i[24]
 boot_addr_i[25]
 boot_addr_i[26]
 boot_addr_i[27]
 boot_addr_i[28]
 boot_addr_i[29]
 boot_addr_i[2]
 boot_addr_i[30]
 boot_addr_i[31]
 boot_addr_i[3]
 boot_addr_i[4]
 boot_addr_i[5]
 boot_addr_i[6]
 boot_addr_i[7]
 boot_addr_i[8]
 boot_addr_i[9]
 hart_id_i[0]
 hart_id_i[10]
 hart_id_i[11]
 hart_id_i[12]
 hart_id_i[13]
 hart_id_i[14]
 hart_id_i[15]
 hart_id_i[16]
 hart_id_i[17]
 hart_id_i[18]
 hart_id_i[19]
 hart_id_i[1]
 hart_id_i[20]
 hart_id_i[21]
 hart_id_i[22]
 hart_id_i[23]
 hart_id_i[24]
 hart_id_i[25]
 hart_id_i[26]
 hart_id_i[27]
 hart_id_i[28]
 hart_id_i[29]
 hart_id_i[2]
 hart_id_i[30]
 hart_id_i[31]
 hart_id_i[3]
 hart_id_i[4]
 hart_id_i[5]
 hart_id_i[6]
 hart_id_i[7]
 hart_id_i[8]
 hart_id_i[9]
 irq_external_i
 irq_software_i
 irq_timer_i
 tl_i[16]
 tl_i[17]
 tl_i[18]
 tl_i[19]
 tl_i[20]
 tl_i[21]
 tl_i[22]
 tl_i[23]
 tl_i[24]
 tl_i[25]
 tl_i[26]
 tl_i[27]
 tl_i[28]
 tl_i[29]
 tl_i[2]
 tl_i[30]
 tl_i[31]
 tl_i[32]
 tl_i[33]
 tl_i[34]
 tl_i[35]
 tl_i[36]
 tl_i[37]
 tl_i[38]
 tl_i[39]
 tl_i[3]
 tl_i[40]
 tl_i[41]
 tl_i[42]
 tl_i[43]
 tl_i[44]
 tl_i[45]
 tl_i[46]
 tl_i[47]
 tl_i[48]
 tl_i[49]
 tl_i[4]
 tl_i[50]
 tl_i[51]
 tl_i[52]
 tl_i[53]
 tl_i[54]
 tl_i[55]
 tl_i[56]
 tl_i[59]
 tl_i[5]
 tl_i[60]
 tl_i[61]
 tl_i[6]
 tl_i[7]
 tl_i[8]
 clkload0/X
 clkload1/Y
 clkload2/Y
 clkload3/Y
 rv_core_ibex_tlul_173/HI
 rv_core_ibex_tlul_174/HI
 rv_core_ibex_tlul_175/HI
 rv_core_ibex_tlul_176/HI
 rv_core_ibex_tlul_177/HI
 rv_core_ibex_tlul_178/HI
 rv_core_ibex_tlul_179/HI
 rv_core_ibex_tlul_180/HI
 rv_core_ibex_tlul_181/HI
 rv_core_ibex_tlul_182/HI
 rv_core_ibex_tlul_183/HI
 rv_core_ibex_tlul_184/HI
 rv_core_ibex_tlul_185/HI
 rv_core_ibex_tlul_186/HI
 rv_core_ibex_tlul_187/HI
 rv_core_ibex_tlul_188/HI
 rv_core_ibex_tlul_189/HI
 rv_core_ibex_tlul_190/HI
 rv_core_ibex_tlul_191/HI
 rv_core_ibex_tlul_192/HI
 rv_core_ibex_tlul_193/HI
 rv_core_ibex_tlul_194/HI
 rv_core_ibex_tlul_195/HI
 rv_core_ibex_tlul_196/HI
 rv_core_ibex_tlul_197/HI
 rv_core_ibex_tlul_198/HI
 rv_core_ibex_tlul_199/HI
 rv_core_ibex_tlul_200/HI
 rv_core_ibex_tlul_201/HI
 rv_core_ibex_tlul_202/HI
 rv_core_ibex_tlul_203/HI
 rv_core_ibex_tlul_204/HI
 rv_core_ibex_tlul_205/HI
 rv_core_ibex_tlul_206/HI
 rv_core_ibex_tlul_207/HI
 rv_core_ibex_tlul_208/HI
 rv_core_ibex_tlul_209/HI
 rv_core_ibex_tlul_210/HI
 rv_core_ibex_tlul_211/HI
 rv_core_ibex_tlul_212/HI
 rv_core_ibex_tlul_213/HI
 rv_core_ibex_tlul_214/HI
 rv_core_ibex_tlul_215/HI
 rv_core_ibex_tlul_216/HI
 rv_core_ibex_tlul_217/HI
 rv_core_ibex_tlul_218/HI
 rv_core_ibex_tlul_219/HI
 rv_core_ibex_tlul_220/HI
 rv_core_ibex_tlul_221/HI
 rv_core_ibex_tlul_222/HI
 rv_core_ibex_tlul_223/HI
 rv_core_ibex_tlul_224/HI
 rv_core_ibex_tlul_225/HI
 rv_core_ibex_tlul_226/HI
 rv_core_ibex_tlul_227/HI
 rv_core_ibex_tlul_228/HI
 rv_core_ibex_tlul_229/HI
 rv_core_ibex_tlul_230/HI
 rv_core_ibex_tlul_231/HI
 rv_core_ibex_tlul_232/HI
 rv_core_ibex_tlul_233/LO
 rv_core_ibex_tlul_234/LO
 rv_core_ibex_tlul_235/LO
 rv_core_ibex_tlul_236/LO
 rv_core_ibex_tlul_237/LO
 rv_core_ibex_tlul_238/LO
 rv_core_ibex_tlul_239/LO
 rv_core_ibex_tlul_240/LO
 rv_core_ibex_tlul_241/LO
 rv_core_ibex_tlul_242/LO
 rv_core_ibex_tlul_243/LO
 rv_core_ibex_tlul_244/LO
Found 0 partially unannotated drivers.

===========================================================================
max slew violation count 0
max fanout violation count 17
max cap violation count 0
============================================================================

===========================================================================
check_setup -verbose -unconstrained_endpoints -multiple_clock -no_clock -no_input_delay -loops -generated_clocks
===========================================================================
Warning: There are 72 unconstrained endpoints.
  tl_o[0]
  tl_o[100]
  tl_o[101]
  tl_o[102]
  tl_o[103]
  tl_o[104]
  tl_o[105]
  tl_o[106]
  tl_o[107]
  tl_o[108]
  tl_o[15]
  tl_o[16]
  tl_o[17]
  tl_o[18]
  tl_o[19]
  tl_o[1]
  tl_o[20]
  tl_o[21]
  tl_o[22]
  tl_o[23]
  tl_o[24]
  tl_o[25]
  tl_o[26]
  tl_o[27]
  tl_o[28]
  tl_o[29]
  tl_o[2]
  tl_o[30]
  tl_o[31]
  tl_o[32]
  tl_o[33]
  tl_o[34]
  tl_o[35]
  tl_o[36]
  tl_o[37]
  tl_o[38]
  tl_o[39]
  tl_o[3]
  tl_o[40]
  tl_o[41]
  tl_o[42]
  tl_o[43]
  tl_o[44]
  tl_o[45]
  tl_o[46]
  tl_o[47]
  tl_o[48]
  tl_o[49]
  tl_o[4]
  tl_o[50]
  tl_o[51]
  tl_o[52]
  tl_o[53]
  tl_o[54]
  tl_o[55]
  tl_o[56]
  tl_o[57]
  tl_o[58]
  tl_o[59]
  tl_o[5]
  tl_o[60]
  tl_o[61]
  tl_o[62]
  tl_o[6]
  tl_o[7]
  tl_o[93]
  tl_o[94]
  tl_o[95]
  tl_o[96]
  tl_o[97]
  tl_o[98]
  tl_o[99]
