Clock: clk_i
Sources: clk_i 
Generated: no
Virtual: yes
Propagated: no
Period: 25.000000

===========================================================================
report_clock_properties
============================================================================
Clock                   Period          Waveform
----------------------------------------------------
clk_i                25.000000    0.000000 12.500000

===========================================================================
report_clock_latency
============================================================================
Clock clk_i
rise -> rise
    min     max
0.000000 0.000000 source latency
0.382198         network latency _610_/GATE_N
        0.888807 network latency _562_/CLK
---------------
0.382198 0.888807 latency
        0.506609 skew

fall -> rise
    min     max
0.000000 0.000000 source latency
3.262258         network latency _576_/CLK
        3.280901 network latency _562_/CLK
---------------
3.262258 3.280901 latency
        0.018643 skew

fall -> fall
    min     max
0.000000 0.000000 source latency
0.310036         network latency _610_/GATE_N
        3.107548 network latency _562_/CLK
---------------
0.310036 3.107548 latency
        2.797513 skew



===========================================================================
report_clock_min_period
============================================================================
clk_i period_min = 7.78 fmax = 128.50
