
===========================================================================
 report_power
============================================================================
======================= min_ff_n40C_1v95 Corner ===================================

Group                    Internal    Switching      Leakage        Total
                            Power        Power        Power        Power (Watts)
------------------------------------------------------------------------
Sequential           1.203401e-04 3.079567e-06 1.055079e-09 1.234207e-04  21.5%
Combinational        1.905250e-04 1.058079e-04 1.827525e-08 2.963512e-04  51.7%
Clock                8.274257e-05 7.074721e-05 4.498202e-09 1.534943e-04  26.8%
Macro                0.000000e+00 0.000000e+00 0.000000e+00 0.000000e+00   0.0%
Pad                  0.000000e+00 0.000000e+00 0.000000e+00 0.000000e+00   0.0%
------------------------------------------------------------------------
Total                3.936077e-04 1.796347e-04 2.382855e-08 5.732662e-04 100.0%
                            68.7%        31.3%         0.0%

