
===========================================================================
report_checks -unconstrained
===========================================================================
======================= max_ss_100C_1v60 Corner ===================================

Startpoint: rst_ni (input port clocked by clk_i)
Endpoint: _556_ (recovery check against rising-edge clock clk_i)
Path Group: asynchronous
Path Type: max

Fanout         Cap        Slew       Delay        Time   Description
---------------------------------------------------------------------------------------------
                                  0.000000    0.000000   clock clk_i (rise edge)
                                  0.000000    0.000000   clock network delay (propagated)
                                  5.000000    5.000000 ^ input external delay
     2    0.009463    0.077478    0.049858    5.049858 ^ rst_ni (in)
                                                         rst_ni (net)
                      0.077481    0.000000    5.049858 ^ input1/A (sky130_fd_sc_hd__buf_8)
     5    0.150775    0.379991    0.354564    5.404421 ^ input1/X (sky130_fd_sc_hd__buf_8)
                                                         net1 (net)
                      0.411941    0.083887    5.488308 ^ fanout99/A (sky130_fd_sc_hd__clkbuf_2)
     7    0.035437    0.305673    0.500227    5.988536 ^ fanout99/X (sky130_fd_sc_hd__clkbuf_2)
                                                         net99 (net)
                      0.305674    0.001512    5.990048 ^ fanout98/A (sky130_fd_sc_hd__buf_1)
     4    0.020764    0.396810    0.470068    6.460115 ^ fanout98/X (sky130_fd_sc_hd__buf_1)
                                                         net98 (net)
                      0.396810    0.000930    6.461045 ^ fanout97/A (sky130_fd_sc_hd__buf_2)
     6    0.034440    0.274751    0.482732    6.943777 ^ fanout97/X (sky130_fd_sc_hd__buf_2)
                                                         net97 (net)
                      0.274769    0.002409    6.946187 ^ fanout96/A (sky130_fd_sc_hd__clkbuf_2)
     6    0.028986    0.252622    0.412066    7.358252 ^ fanout96/X (sky130_fd_sc_hd__clkbuf_2)
                                                         net96 (net)
                      0.252645    0.002588    7.360840 ^ _556_/RESET_B (sky130_fd_sc_hd__dfrtp_2)
                                              7.360840   data arrival time

                                 25.000000   25.000000   clock clk_i (rise edge)
                                  0.000000   25.000000   clock source latency
     2    0.083248    0.599900    0.435231   25.435230 ^ clk_i (in)
                                                         clk_i (net)
                      0.602733    0.000000   25.435230 ^ clkbuf_0_clk_i/A (sky130_fd_sc_hd__clkbuf_16)
     2    0.018889    0.073745    0.444352   25.879581 ^ clkbuf_0_clk_i/X (sky130_fd_sc_hd__clkbuf_16)
                                                         clknet_0_clk_i (net)
                      0.073745    0.000963   25.880545 ^ clkbuf_1_0__f_clk_i/A (sky130_fd_sc_hd__clkbuf_16)
     3    0.008264    0.052176    0.205928   26.086472 ^ clkbuf_1_0__f_clk_i/X (sky130_fd_sc_hd__clkbuf_16)
                                                         clknet_1_0__leaf_clk_i (net)
                      0.052176    0.000401   26.086874 ^ _556_/CLK (sky130_fd_sc_hd__dfrtp_2)
                                 -0.250000   25.836874   clock uncertainty
                                  0.000000   25.836874   clock reconvergence pessimism
                                  0.360433   26.197306   library recovery time
                                             26.197306   data required time
---------------------------------------------------------------------------------------------
                                             26.197306   data required time
                                             -7.360840   data arrival time
---------------------------------------------------------------------------------------------
                                             18.836468   slack (MET)


Startpoint: _610_ (negative level-sensitive latch clocked by clk_i)
Endpoint: _498_ (rising clock gating-check end-point clocked by clk_i)
Path Group: gated clock
Path Type: max

Fanout         Cap        Slew       Delay        Time   Description
---------------------------------------------------------------------------------------------
                                 12.500000   12.500000   clock clk_i (fall edge)
                                  0.000000   12.500000   clock source latency
     2    0.082310    0.353648    0.269636   12.769635 v clk_i (in)
                                                         clk_i (net)
                      0.358338    0.000000   12.769635 v clkbuf_0_clk_i/A (sky130_fd_sc_hd__clkbuf_16)
     2    0.017117    0.056342    0.393626   13.163262 v clkbuf_0_clk_i/X (sky130_fd_sc_hd__clkbuf_16)
                                                         clknet_0_clk_i (net)
                      0.056342    0.000928   13.164190 v clkbuf_1_1__f_clk_i/A (sky130_fd_sc_hd__clkbuf_16)
     2    0.006334    0.044448    0.232912   13.397102 v clkbuf_1_1__f_clk_i/X (sky130_fd_sc_hd__clkbuf_16)
                                                         clknet_1_1__leaf_clk_i (net)
                      0.044449    0.000403   13.397506 v _610_/GATE_N (sky130_fd_sc_hd__dlxtn_1)
     1    0.002598    0.046409    0.485858   13.883364 v _610_/Q (sky130_fd_sc_hd__dlxtn_1)
                                                         u_ibex.core_clock_gate_i.en_latch (net)
                      0.046409    0.000179   13.883542 v hold365/A (sky130_fd_sc_hd__dlygate4sd3_1)
     1    0.002782    0.105522    1.112921   14.996463 v hold365/X (sky130_fd_sc_hd__dlygate4sd3_1)
                                                         net536 (net)
                      0.105522    0.000167   14.996630 v hold363/A (sky130_fd_sc_hd__dlygate4sd3_1)
     1    0.002032    0.099177    1.127114   16.123745 v hold363/X (sky130_fd_sc_hd__dlygate4sd3_1)
                                                         net534 (net)
                      0.099177    0.000083   16.123829 v hold366/A (sky130_fd_sc_hd__dlygate4sd3_1)
     1    0.002157    0.100374    1.126132   17.249960 v hold366/X (sky130_fd_sc_hd__dlygate4sd3_1)
                                                         net537 (net)
                      0.100374    0.000137   17.250097 v hold362/A (sky130_fd_sc_hd__dlygate4sd3_1)
     1    0.002767    0.105294    1.137046   18.387142 v hold362/X (sky130_fd_sc_hd__dlygate4sd3_1)
                                                         net533 (net)
                      0.105294    0.000163   18.387306 v hold367/A (sky130_fd_sc_hd__dlygate4sd3_1)
     1    0.002083    0.099680    1.127862   19.515169 v hold367/X (sky130_fd_sc_hd__dlygate4sd3_1)
                                                         net538 (net)
                      0.099680    0.000139   19.515306 v hold364/A (sky130_fd_sc_hd__dlygate4sd3_1)
     1    0.002580    0.103829    1.133534   20.648842 v hold364/X (sky130_fd_sc_hd__dlygate4sd3_1)
                                                         net535 (net)
                      0.103829    0.000167   20.649008 v _498_/B (sky130_fd_sc_hd__and2_2)
                                             20.649008   data arrival time

                                 25.000000   25.000000   clock clk_i (rise edge)
                                  0.000000   25.000000   clock source latency
     2    0.083248    0.599900    0.435231   25.435230 ^ clk_i (in)
                                                         clk_i (net)
                      0.602733    0.000000   25.435230 ^ clkbuf_0_clk_i/A (sky130_fd_sc_hd__clkbuf_16)
     2    0.018889    0.073745    0.444352   25.879581 ^ clkbuf_0_clk_i/X (sky130_fd_sc_hd__clkbuf_16)
                                                         clknet_0_clk_i (net)
                      0.073745    0.000963   25.880545 ^ clkbuf_1_0__f_clk_i/A (sky130_fd_sc_hd__clkbuf_16)
     3    0.008264    0.052176    0.205928   26.086472 ^ clkbuf_1_0__f_clk_i/X (sky130_fd_sc_hd__clkbuf_16)
                                                         clknet_1_0__leaf_clk_i (net)
                      0.052176    0.000393   26.086864 ^ _498_/A (sky130_fd_sc_hd__and2_2)
                                 -0.250000   25.836866   clock uncertainty
                                  0.000000   25.836866   clock reconvergence pessimism
                                  0.000000   25.836866   clock gating setup time
                                             25.836866   data required time
---------------------------------------------------------------------------------------------
                                             25.836866   data required time
                                            -20.649008   data arrival time
---------------------------------------------------------------------------------------------
                                              5.187858   slack (MET)


Startpoint: _574_ (rising edge-triggered flip-flop clocked by clk_i)
Endpoint: _559_ (rising edge-triggered flip-flop clocked by clk_i)
Path Group: clk_i
Path Type: max

Fanout         Cap        Slew       Delay        Time   Description
---------------------------------------------------------------------------------------------
                                  0.000000    0.000000   clock clk_i (rise edge)
                                  0.000000    0.000000   clock source latency
     2    0.083248    0.599900    0.435230    0.435230 ^ clk_i (in)
                                                         clk_i (net)
                      0.602733    0.000000    0.435230 ^ clkbuf_0_clk_i/A (sky130_fd_sc_hd__clkbuf_16)
     2    0.018889    0.073745    0.444353    0.879583 ^ clkbuf_0_clk_i/X (sky130_fd_sc_hd__clkbuf_16)
                                                         clknet_0_clk_i (net)
                      0.073745    0.000962    0.880545 ^ clkbuf_1_0__f_clk_i/A (sky130_fd_sc_hd__clkbuf_16)
     3    0.008264    0.052176    0.205927    1.086472 ^ clkbuf_1_0__f_clk_i/X (sky130_fd_sc_hd__clkbuf_16)
                                                         clknet_1_0__leaf_clk_i (net)
                      0.052176    0.000394    1.086866 ^ _498_/A (sky130_fd_sc_hd__and2_2)
     3    0.056381    0.463095    0.553820    1.640686 ^ _498_/X (sky130_fd_sc_hd__and2_2)
                                                         u_ibex.clk (net)
                      0.463971    0.016599    1.657285 ^ clkbuf_0_u_ibex.clk/A (sky130_fd_sc_hd__clkbuf_16)
     9    0.086478    0.160626    0.465911    2.123197 ^ clkbuf_0_u_ibex.clk/X (sky130_fd_sc_hd__clkbuf_16)
                                                         clknet_0_u_ibex.clk (net)
                      0.161962    0.010832    2.134028 ^ clkbuf_2_3__f_u_ibex.clk/A (sky130_fd_sc_hd__clkbuf_16)
    23    0.085061    0.156481    0.334506    2.468534 ^ clkbuf_2_3__f_u_ibex.clk/X (sky130_fd_sc_hd__clkbuf_16)
                                                         clknet_2_3__leaf_u_ibex.clk (net)
                      0.158832    0.014989    2.483523 ^ _574_/CLK (sky130_fd_sc_hd__dfrtp_1)
     1    0.003802    0.084917    0.783982    3.267504 v _574_/Q (sky130_fd_sc_hd__dfrtp_1)
                                                         u_ibex.u_ibex_core.id_stage_i.controller_i.ctrl_fsm_cs[3] (net)
                      0.084917    0.000242    3.267747 v hold327/A (sky130_fd_sc_hd__dlygate4sd3_1)
     1    0.002742    0.105013    1.129086    4.396833 v hold327/X (sky130_fd_sc_hd__dlygate4sd3_1)
                                                         net498 (net)
                      0.105013    0.000168    4.397001 v hold113/A (sky130_fd_sc_hd__dlygate4sd3_1)
     1    0.002629    0.104230    1.136971    5.533972 v hold113/X (sky130_fd_sc_hd__dlygate4sd3_1)
                                                         net284 (net)
                      0.104230    0.000161    5.534133 v hold328/A (sky130_fd_sc_hd__dlygate4sd3_1)
     2    0.010214    0.177693    1.232515    6.766648 v hold328/X (sky130_fd_sc_hd__dlygate4sd3_1)
                                                         net499 (net)
                      0.177693    0.000528    6.767176 v fanout83/A (sky130_fd_sc_hd__buf_1)
     1    0.005728    0.080303    0.237272    7.004448 v fanout83/X (sky130_fd_sc_hd__buf_1)
                                                         net83 (net)
                      0.080303    0.000367    7.004815 v hold114/A (sky130_fd_sc_hd__dlygate4sd3_1)
     6    0.020591    0.259869    1.312760    8.317575 v hold114/X (sky130_fd_sc_hd__dlygate4sd3_1)
                                                         net285 (net)
                      0.259869    0.000981    8.318557 v _411_/A_N (sky130_fd_sc_hd__and2b_1)
     4    0.018847    0.281572    0.621326    8.939883 ^ _411_/X (sky130_fd_sc_hd__and2b_1)
                                                         _165_ (net)
                      0.281579    0.001778    8.941661 ^ _412_/B (sky130_fd_sc_hd__nand2_1)
     1    0.003134    0.111622    0.182047    9.123709 v _412_/Y (sky130_fd_sc_hd__nand2_1)
                                                         _166_ (net)
                      0.111622    0.000234    9.123942 v hold231/A (sky130_fd_sc_hd__dlygate4sd3_1)
     1    0.002828    0.105859    1.143556   10.267498 v hold231/X (sky130_fd_sc_hd__dlygate4sd3_1)
                                                         net402 (net)
                      0.105859    0.000163   10.267661 v hold52/A (sky130_fd_sc_hd__dlygate4sd3_1)
     2    0.005965    0.137471    1.185136   11.452797 v hold52/X (sky130_fd_sc_hd__dlygate4sd3_1)
                                                         net223 (net)
                      0.137471    0.000376   11.453173 v _413_/B (sky130_fd_sc_hd__nor2_1)
     2    0.011556    0.372158    0.349159   11.802332 ^ _413_/Y (sky130_fd_sc_hd__nor2_1)
                                                         _167_ (net)
                      0.372158    0.000671   11.803002 ^ _435_/B1 (sky130_fd_sc_hd__o21ai_1)
     1    0.002176    0.114309    0.220337   12.023339 v _435_/Y (sky130_fd_sc_hd__o21ai_1)
                                                         _186_ (net)
                      0.114309    0.000089   12.023428 v hold136/A (sky130_fd_sc_hd__dlygate4sd3_1)
     1    0.004535    0.125582    1.172964   13.196392 v hold136/X (sky130_fd_sc_hd__dlygate4sd3_1)
                                                         net307 (net)
                      0.125582    0.000339   13.196732 v _436_/B (sky130_fd_sc_hd__nand2b_2)
     1    0.003049    0.067096    0.117881   13.314612 ^ _436_/Y (sky130_fd_sc_hd__nand2b_2)
                                                         _187_ (net)
                      0.067096    0.000187   13.314799 ^ hold137/A (sky130_fd_sc_hd__dlygate4sd3_1)
     5    0.025748    0.409286    1.300966   14.615765 ^ hold137/X (sky130_fd_sc_hd__dlygate4sd3_1)
                                                         net308 (net)
                      0.409286    0.001569   14.617334 ^ _437_/A (sky130_fd_sc_hd__inv_2)
     1    0.001809    0.066923    0.121040   14.738375 v _437_/Y (sky130_fd_sc_hd__inv_2)
                                                         _188_ (net)
                      0.066923    0.000083   14.738458 v hold138/A (sky130_fd_sc_hd__dlygate4sd3_1)
     5    0.017154    0.231968    1.279616   16.018074 v hold138/X (sky130_fd_sc_hd__dlygate4sd3_1)
                                                         net309 (net)
                      0.231968    0.000560   16.018635 v _438_/B1 (sky130_fd_sc_hd__o211a_1)
     1    0.003242    0.075075    0.306356   16.324989 v _438_/X (sky130_fd_sc_hd__o211a_1)
                                                         _189_ (net)
                      0.075075    0.000188   16.325178 v hold139/A (sky130_fd_sc_hd__dlygate4sd3_1)
     1    0.003524    0.113822    1.137744   17.462923 v hold139/X (sky130_fd_sc_hd__dlygate4sd3_1)
                                                         net310 (net)
                      0.113822    0.000236   17.463158 v _441_/B (sky130_fd_sc_hd__nor4_1)
     1    0.002510    0.361211    0.451335   17.914494 ^ _441_/Y (sky130_fd_sc_hd__nor4_1)
                                                         instr_gnt (net)
                      0.361211    0.000165   17.914660 ^ hold140/A (sky130_fd_sc_hd__dlygate4sd3_1)
     1    0.002424    0.087468    1.139949   19.054607 ^ hold140/X (sky130_fd_sc_hd__dlygate4sd3_1)
                                                         net311 (net)
                      0.087468    0.000112   19.054720 ^ wire56/A (sky130_fd_sc_hd__buf_1)
     1    0.003929    0.091941    0.173161   19.227880 ^ wire56/X (sky130_fd_sc_hd__buf_1)
                                                         net56 (net)
                      0.091941    0.000266   19.228148 ^ hold141/A (sky130_fd_sc_hd__dlygate4sd3_1)
     3    0.014333    0.246515    1.191415   20.419561 ^ hold141/X (sky130_fd_sc_hd__dlygate4sd3_1)
                                                         net312 (net)
                      0.246515    0.000826   20.420387 ^ _445_/A2 (sky130_fd_sc_hd__a21oi_1)
     1    0.002969    0.098659    0.197852   20.618240 v _445_/Y (sky130_fd_sc_hd__a21oi_1)
                                                         _194_ (net)
                      0.098659    0.000176   20.618416 v hold297/A (sky130_fd_sc_hd__dlygate4sd3_1)
     2    0.013627    0.203673    1.266546   21.884962 v hold297/X (sky130_fd_sc_hd__dlygate4sd3_1)
                                                         net468 (net)
                      0.203673    0.001384   21.886345 v _446_/B (sky130_fd_sc_hd__nand2_1)
     1    0.007067    0.148044    0.205997   22.092342 ^ _446_/Y (sky130_fd_sc_hd__nand2_1)
                                                         _195_ (net)
                      0.148044    0.000558   22.092901 ^ _447_/B1 (sky130_fd_sc_hd__o31a_1)
     1    0.004690    0.108971    0.295973   22.388874 ^ _447_/X (sky130_fd_sc_hd__o31a_1)
                                                         u_ibex.u_ibex_core.if_stage_i.gen_prefetch_buffer.prefetch_buffer_i.rdata_outstanding_s[0] (net)
                      0.108971    0.000320   22.389193 ^ hold306/A (sky130_fd_sc_hd__dlygate4sd3_1)
     1    0.002120    0.084234    1.046127   23.435320 ^ hold306/X (sky130_fd_sc_hd__dlygate4sd3_1)
                                                         net477 (net)
                      0.084234    0.000142   23.435463 ^ hold7/A (sky130_fd_sc_hd__dlygate4sd3_1)
     1    0.005734    0.131279    1.087233   24.522696 ^ hold7/X (sky130_fd_sc_hd__dlygate4sd3_1)
                                                         net178 (net)
                      0.131279    0.000403   24.523098 ^ hold307/A (sky130_fd_sc_hd__dlygate4sd3_1)
     1    0.004054    0.107955    1.084516   25.607615 ^ hold307/X (sky130_fd_sc_hd__dlygate4sd3_1)
                                                         net478 (net)
                      0.107955    0.000256   25.607870 ^ _559_/D (sky130_fd_sc_hd__dfrtp_1)
                                             25.607870   data arrival time

                                 25.000000   25.000000   clock clk_i (rise edge)
                                  0.000000   25.000000   clock source latency
     2    0.083248    0.599900    0.435231   25.435230 ^ clk_i (in)
                                                         clk_i (net)
                      0.602733    0.000000   25.435230 ^ clkbuf_0_clk_i/A (sky130_fd_sc_hd__clkbuf_16)
     2    0.018889    0.073745    0.444352   25.879581 ^ clkbuf_0_clk_i/X (sky130_fd_sc_hd__clkbuf_16)
                                                         clknet_0_clk_i (net)
                      0.073745    0.000963   25.880545 ^ clkbuf_1_0__f_clk_i/A (sky130_fd_sc_hd__clkbuf_16)
     3    0.008264    0.052176    0.205928   26.086472 ^ clkbuf_1_0__f_clk_i/X (sky130_fd_sc_hd__clkbuf_16)
                                                         clknet_1_0__leaf_clk_i (net)
                      0.052176    0.000393   26.086864 ^ _498_/A (sky130_fd_sc_hd__and2_2)
     3    0.056381    0.462763    0.553820   26.640684 ^ _498_/X (sky130_fd_sc_hd__and2_2)
                                                         u_ibex.clk (net)
                      0.463639    0.016600   26.657286 ^ clkbuf_0_u_ibex.clk/A (sky130_fd_sc_hd__clkbuf_16)
     9    0.086478    0.160622    0.465773   27.123058 ^ clkbuf_0_u_ibex.clk/X (sky130_fd_sc_hd__clkbuf_16)
                                                         clknet_0_u_ibex.clk (net)
                      0.162042    0.011212   27.134272 ^ clkbuf_2_2__f_u_ibex.clk/A (sky130_fd_sc_hd__clkbuf_16)
    31    0.111662    0.196209    0.352705   27.486975 ^ clkbuf_2_2__f_u_ibex.clk/X (sky130_fd_sc_hd__clkbuf_16)
                                                         clknet_2_2__leaf_u_ibex.clk (net)
                      0.206495    0.034923   27.521898 ^ _559_/CLK (sky130_fd_sc_hd__dfrtp_1)
                                 -0.250000   27.271900   clock uncertainty
                                  0.000137   27.272036   clock reconvergence pessimism
                                 -0.118683   27.153353   library setup time
                                             27.153353   data required time
---------------------------------------------------------------------------------------------
                                             27.153353   data required time
                                            -25.607870   data arrival time
---------------------------------------------------------------------------------------------
                                              1.545482   slack (MET)




===========================================================================
report_checks --slack_max -0.01
============================================================================
======================= max_ss_100C_1v60 Corner ===================================

No paths found.


===========================================================================
 report_check_types -max_slew -max_cap -max_fanout -violators
============================================================================
======================= max_ss_100C_1v60 Corner ===================================

max slew

Pin                                        Limit        Slew       Slack
------------------------------------------------------------------------
_429_/D                                 1.000000    1.132794   -0.132794 (VIOLATED)
ANTENNA__429__D/DIODE                   1.000000    1.132791   -0.132791 (VIOLATED)
ANTENNA__428__Y/DIODE                   1.000000    1.131151   -0.131151 (VIOLATED)
_428_/Y                                 1.000000    1.131143   -0.131143 (VIOLATED)

max fanout

Pin                                   Limit Fanout  Slack
---------------------------------------------------------
clkbuf_2_1__f_u_ibex.clk/X                6     33    -27 (VIOLATED)
clkbuf_2_0__f_u_ibex.clk/X                6     31    -25 (VIOLATED)
clkbuf_2_2__f_u_ibex.clk/X                6     31    -25 (VIOLATED)
clkbuf_2_3__f_u_ibex.clk/X                6     23    -17 (VIOLATED)
fanout64/X                                6     13     -7 (VIOLATED)
input15/X                                 6     13     -7 (VIOLATED)
input2/X                                  6     11     -5 (VIOLATED)
clkbuf_0_u_ibex.clk/X                     6      9     -3 (VIOLATED)
fanout90/X                                6      9     -3 (VIOLATED)
hold118/X                                 6      9     -3 (VIOLATED)
_256_/Y                                   6      7        (VIOLATED)
_261_/X                                   6      7        (VIOLATED)
fanout65/X                                6      7        (VIOLATED)
fanout99/X                                6      7        (VIOLATED)
wire76/X                                  6      7        (VIOLATED)
wire77/X                                  6      7        (VIOLATED)



===========================================================================
report_parasitic_annotation -report_unannotated
============================================================================
Found 194 unannotated drivers.
 boot_addr_i[0]
 boot_addr_i[10]
 boot_addr_i[11]
 boot_addr_i[12]
 boot_addr_i[13]
 boot_addr_i[14]
 boot_addr_i[15]
 boot_addr_i[16]
 boot_addr_i[17]
 boot_addr_i[18]
 boot_addr_i[19]
 boot_addr_i[1]
 boot_addr_i[20]
 boot_addr_i[21]
 boot_addr_i[22]
 boot_addr_i[23]
 boot_addr_i[24]
 boot_addr_i[25]
 boot_addr_i[26]
 boot_addr_i[27]
 boot_addr_i[28]
 boot_addr_i[29]
 boot_addr_i[2]
 boot_addr_i[30]
 boot_addr_i[31]
 boot_addr_i[3]
 boot_addr_i[4]
 boot_addr_i[5]
 boot_addr_i[6]
 boot_addr_i[7]
 boot_addr_i[8]
 boot_addr_i[9]
 hart_id_i[0]
 hart_id_i[10]
 hart_id_i[11]
 hart_id_i[12]
 hart_id_i[13]
 hart_id_i[14]
 hart_id_i[15]
 hart_id_i[16]
 hart_id_i[17]
 hart_id_i[18]
 hart_id_i[19]
 hart_id_i[1]
 hart_id_i[20]
 hart_id_i[21]
 hart_id_i[22]
 hart_id_i[23]
 hart_id_i[24]
 hart_id_i[25]
 hart_id_i[26]
 hart_id_i[27]
 hart_id_i[28]
 hart_id_i[29]
 hart_id_i[2]
 hart_id_i[30]
 hart_id_i[31]
 hart_id_i[3]
 hart_id_i[4]
 hart_id_i[5]
 hart_id_i[6]
 hart_id_i[7]
 hart_id_i[8]
 hart_id_i[9]
 irq_external_i
 irq_software_i
 irq_timer_i
 tl_i[16]
 tl_i[17]
 tl_i[18]
 tl_i[19]
 tl_i[20]
 tl_i[21]
 tl_i[22]
 tl_i[23]
 tl_i[24]
 tl_i[25]
 tl_i[26]
 tl_i[27]
 tl_i[28]
 tl_i[29]
 tl_i[2]
 tl_i[30]
 tl_i[31]
 tl_i[32]
 tl_i[33]
 tl_i[34]
 tl_i[35]
 tl_i[36]
 tl_i[37]
 tl_i[38]
 tl_i[39]
 tl_i[3]
 tl_i[40]
 tl_i[41]
 tl_i[42]
 tl_i[43]
 tl_i[44]
 tl_i[45]
 tl_i[46]
 tl_i[47]
 tl_i[48]
 tl_i[49]
 tl_i[4]
 tl_i[50]
 tl_i[51]
 tl_i[52]
 tl_i[53]
 tl_i[54]
 tl_i[55]
 tl_i[56]
 tl_i[59]
 tl_i[5]
 tl_i[60]
 tl_i[61]
 tl_i[6]
 tl_i[7]
 tl_i[8]
 clkload0/X
 clkload1/X
 clkload2/X
 clkload3/Y
 rv_core_ibex_tlul_100/HI
 rv_core_ibex_tlul_101/HI
 rv_core_ibex_tlul_102/HI
 rv_core_ibex_tlul_103/HI
 rv_core_ibex_tlul_104/HI
 rv_core_ibex_tlul_105/HI
 rv_core_ibex_tlul_106/HI
 rv_core_ibex_tlul_107/HI
 rv_core_ibex_tlul_108/HI
 rv_core_ibex_tlul_109/HI
 rv_core_ibex_tlul_110/HI
 rv_core_ibex_tlul_111/HI
 rv_core_ibex_tlul_112/HI
 rv_core_ibex_tlul_113/HI
 rv_core_ibex_tlul_114/HI
 rv_core_ibex_tlul_115/HI
 rv_core_ibex_tlul_116/HI
 rv_core_ibex_tlul_117/HI
 rv_core_ibex_tlul_118/HI
 rv_core_ibex_tlul_119/HI
 rv_core_ibex_tlul_120/HI
 rv_core_ibex_tlul_121/HI
 rv_core_ibex_tlul_122/HI
 rv_core_ibex_tlul_123/HI
 rv_core_ibex_tlul_124/HI
 rv_core_ibex_tlul_125/HI
 rv_core_ibex_tlul_126/HI
 rv_core_ibex_tlul_127/HI
 rv_core_ibex_tlul_128/HI
 rv_core_ibex_tlul_129/HI
 rv_core_ibex_tlul_130/HI
 rv_core_ibex_tlul_131/HI
 rv_core_ibex_tlul_132/HI
 rv_core_ibex_tlul_133/HI
 rv_core_ibex_tlul_134/HI
 rv_core_ibex_tlul_135/HI
 rv_core_ibex_tlul_136/HI
 rv_core_ibex_tlul_137/HI
 rv_core_ibex_tlul_138/HI
 rv_core_ibex_tlul_139/HI
 rv_core_ibex_tlul_140/HI
 rv_core_ibex_tlul_141/HI
 rv_core_ibex_tlul_142/HI
 rv_core_ibex_tlul_143/HI
 rv_core_ibex_tlul_144/HI
 rv_core_ibex_tlul_145/HI
 rv_core_ibex_tlul_146/HI
 rv_core_ibex_tlul_147/HI
 rv_core_ibex_tlul_148/HI
 rv_core_ibex_tlul_149/HI
 rv_core_ibex_tlul_150/HI
 rv_core_ibex_tlul_151/HI
 rv_core_ibex_tlul_152/HI
 rv_core_ibex_tlul_153/HI
 rv_core_ibex_tlul_154/HI
 rv_core_ibex_tlul_155/HI
 rv_core_ibex_tlul_156/HI
 rv_core_ibex_tlul_157/HI
 rv_core_ibex_tlul_158/HI
 rv_core_ibex_tlul_159/HI
 rv_core_ibex_tlul_160/LO
 rv_core_ibex_tlul_161/LO
 rv_core_ibex_tlul_162/LO
 rv_core_ibex_tlul_163/LO
 rv_core_ibex_tlul_164/LO
 rv_core_ibex_tlul_165/LO
 rv_core_ibex_tlul_166/LO
 rv_core_ibex_tlul_167/LO
 rv_core_ibex_tlul_168/LO
 rv_core_ibex_tlul_169/LO
 rv_core_ibex_tlul_170/LO
 rv_core_ibex_tlul_171/LO
Found 0 partially unannotated drivers.

===========================================================================
max slew violation count 4
max fanout violation count 16
max cap violation count 0
============================================================================

===========================================================================
check_setup -verbose -unconstrained_endpoints -multiple_clock -no_clock -no_input_delay -loops -generated_clocks
===========================================================================
Warning: There are 72 unconstrained endpoints.
  tl_o[0]
  tl_o[100]
  tl_o[101]
  tl_o[102]
  tl_o[103]
  tl_o[104]
  tl_o[105]
  tl_o[106]
  tl_o[107]
  tl_o[108]
  tl_o[15]
  tl_o[16]
  tl_o[17]
  tl_o[18]
  tl_o[19]
  tl_o[1]
  tl_o[20]
  tl_o[21]
  tl_o[22]
  tl_o[23]
  tl_o[24]
  tl_o[25]
  tl_o[26]
  tl_o[27]
  tl_o[28]
  tl_o[29]
  tl_o[2]
  tl_o[30]
  tl_o[31]
  tl_o[32]
  tl_o[33]
  tl_o[34]
  tl_o[35]
  tl_o[36]
  tl_o[37]
  tl_o[38]
  tl_o[39]
  tl_o[3]
  tl_o[40]
  tl_o[41]
  tl_o[42]
  tl_o[43]
  tl_o[44]
  tl_o[45]
  tl_o[46]
  tl_o[47]
  tl_o[48]
  tl_o[49]
  tl_o[4]
  tl_o[50]
  tl_o[51]
  tl_o[52]
  tl_o[53]
  tl_o[54]
  tl_o[55]
  tl_o[56]
  tl_o[57]
  tl_o[58]
  tl_o[59]
  tl_o[5]
  tl_o[60]
  tl_o[61]
  tl_o[62]
  tl_o[6]
  tl_o[7]
  tl_o[93]
  tl_o[94]
  tl_o[95]
  tl_o[96]
  tl_o[97]
  tl_o[98]
  tl_o[99]
