Clock: clk_i
Sources: clk_i 
Generated: no
Virtual: yes
Propagated: no
Period: 25.000000

===========================================================================
report_clock_properties
============================================================================
Clock                   Period          Waveform
----------------------------------------------------
clk_i                25.000000    0.000000 12.500000

===========================================================================
report_clock_latency
============================================================================
Clock clk_i
rise -> rise
    min     max
0.000000 0.000000 source latency
1.083779         network latency _610_/GATE_N
        2.524050 network latency _562_/CLK
---------------
1.083779 2.524050 latency
        1.440272 skew

fall -> rise
    min     max
0.000000 0.000000 source latency
9.354955         network latency _576_/CLK
        9.400159 network latency _562_/CLK
---------------
9.354955 9.400159 latency
        0.045205 skew

fall -> fall
    min     max
0.000000 0.000000 source latency
0.897506         network latency _610_/GATE_N
        9.586394 network latency _562_/CLK
---------------
0.897506 9.586394 latency
        8.688889 skew



===========================================================================
report_clock_min_period
============================================================================
clk_i period_min = 23.45 fmax = 42.64
