
===========================================================================
report_checks -unconstrained
===========================================================================
======================= nom_tt_025C_1v80 Corner ===================================

Startpoint: rst_ni (input port clocked by clk_i)
Endpoint: _3786_ (recovery check against rising-edge clock clk_i)
Path Group: asynchronous
Path Type: max

Fanout         Cap        Slew       Delay        Time   Description
---------------------------------------------------------------------------------------------
                                  0.000000    0.000000   clock clk_i (rise edge)
                                  0.000000    0.000000   clock network delay (propagated)
                                  5.000000    5.000000 ^ input external delay
     2    0.004493    0.027078    0.016210    5.016210 ^ rst_ni (in)
                                                         rst_ni (net)
                      0.027087    0.000000    5.016210 ^ input1/A (sky130_fd_sc_hd__clkbuf_2)
     5    0.055686    0.300624    0.274572    5.290782 ^ input1/X (sky130_fd_sc_hd__clkbuf_2)
                                                         net1 (net)
                      0.300770    0.005487    5.296269 ^ fanout847/A (sky130_fd_sc_hd__clkbuf_2)
     7    0.075200    0.403851    0.425263    5.721533 ^ fanout847/X (sky130_fd_sc_hd__clkbuf_2)
                                                         net847 (net)
                      0.403871    0.002379    5.723912 ^ fanout835/A (sky130_fd_sc_hd__clkbuf_2)
     9    0.070266    0.378071    0.423109    6.147020 ^ fanout835/X (sky130_fd_sc_hd__clkbuf_2)
                                                         net835 (net)
                      0.378239    0.006590    6.153611 ^ fanout826/A (sky130_fd_sc_hd__clkbuf_2)
     9    0.059474    0.321378    0.381518    6.535129 ^ fanout826/X (sky130_fd_sc_hd__clkbuf_2)
                                                         net826 (net)
                      0.321503    0.002468    6.537597 ^ fanout822/A (sky130_fd_sc_hd__clkbuf_2)
    11    0.097893    0.522575    0.508025    7.045622 ^ fanout822/X (sky130_fd_sc_hd__clkbuf_2)
                                                         net822 (net)
                      0.522711    0.007017    7.052639 ^ fanout820/A (sky130_fd_sc_hd__clkbuf_2)
     6    0.038971    0.214683    0.330310    7.382949 ^ fanout820/X (sky130_fd_sc_hd__clkbuf_2)
                                                         net820 (net)
                      0.214704    0.002215    7.385164 ^ fanout819/A (sky130_fd_sc_hd__clkbuf_2)
     6    0.033529    0.185498    0.256488    7.641652 ^ fanout819/X (sky130_fd_sc_hd__clkbuf_2)
                                                         net819 (net)
                      0.185500    0.000906    7.642558 ^ _3786_/RESET_B (sky130_fd_sc_hd__dfrtp_1)
                                              7.642558   data arrival time

                                 25.000000   25.000000   clock clk_i (rise edge)
                                  0.000000   25.000000   clock source latency
     2    0.066994    0.304943    0.212411   25.212410 ^ clk_i (in)
                                                         clk_i (net)
                      0.304991    0.000000   25.212410 ^ clkbuf_0_clk_i/A (sky130_fd_sc_hd__clkbuf_16)
    17    0.318230    0.326514    0.406942   25.619352 ^ clkbuf_0_clk_i/X (sky130_fd_sc_hd__clkbuf_16)
                                                         clknet_0_clk_i (net)
                      0.328747    0.021853   25.641205 ^ clkbuf_3_1__f_clk_i/A (sky130_fd_sc_hd__clkbuf_16)
    23    0.182238    0.194887    0.326281   25.967487 ^ clkbuf_3_1__f_clk_i/X (sky130_fd_sc_hd__clkbuf_16)
                                                         clknet_3_1__leaf_clk_i (net)
                      0.195089    0.005127   25.972612 ^ clkbuf_leaf_11_clk_i/A (sky130_fd_sc_hd__clkbuf_8)
     9    0.037629    0.079382    0.205214   26.177826 ^ clkbuf_leaf_11_clk_i/X (sky130_fd_sc_hd__clkbuf_8)
                                                         clknet_leaf_11_clk_i (net)
                      0.079384    0.000570   26.178396 ^ _3786_/CLK (sky130_fd_sc_hd__dfrtp_1)
                                 -0.250000   25.928398   clock uncertainty
                                  0.000000   25.928398   clock reconvergence pessimism
                                  0.204696   26.133093   library recovery time
                                             26.133093   data required time
---------------------------------------------------------------------------------------------
                                             26.133093   data required time
                                             -7.642558   data arrival time
---------------------------------------------------------------------------------------------
                                             18.490536   slack (MET)


Startpoint: _3781_ (rising edge-triggered flip-flop clocked by clk_i)
Endpoint: _3843_ (rising edge-triggered flip-flop clocked by clk_i)
Path Group: clk_i
Path Type: max

Fanout         Cap        Slew       Delay        Time   Description
---------------------------------------------------------------------------------------------
                                  0.000000    0.000000   clock clk_i (rise edge)
                                  0.000000    0.000000   clock source latency
     2    0.066994    0.304943    0.212412    0.212412 ^ clk_i (in)
                                                         clk_i (net)
                      0.304991    0.000000    0.212412 ^ clkbuf_0_clk_i/A (sky130_fd_sc_hd__clkbuf_16)
    17    0.318230    0.326514    0.406942    0.619353 ^ clkbuf_0_clk_i/X (sky130_fd_sc_hd__clkbuf_16)
                                                         clknet_0_clk_i (net)
                      0.328747    0.021853    0.641206 ^ clkbuf_3_1__f_clk_i/A (sky130_fd_sc_hd__clkbuf_16)
    23    0.182238    0.194887    0.326281    0.967487 ^ clkbuf_3_1__f_clk_i/X (sky130_fd_sc_hd__clkbuf_16)
                                                         clknet_3_1__leaf_clk_i (net)
                      0.194977    0.003458    0.970945 ^ clkbuf_leaf_71_clk_i/A (sky130_fd_sc_hd__clkbuf_8)
    10    0.043704    0.088669    0.212228    1.183173 ^ clkbuf_leaf_71_clk_i/X (sky130_fd_sc_hd__clkbuf_8)
                                                         clknet_leaf_71_clk_i (net)
                      0.088705    0.001684    1.184857 ^ _3781_/CLK (sky130_fd_sc_hd__dfrtp_1)
     1    0.003114    0.047554    0.332817    1.517674 ^ _3781_/Q (sky130_fd_sc_hd__dfrtp_1)
                                                         state_q[1] (net)
                      0.047554    0.000100    1.517774 ^ hold1565/A (sky130_fd_sc_hd__dlygate4sd3_1)
     1    0.002410    0.049621    0.532000    2.049774 ^ hold1565/X (sky130_fd_sc_hd__dlygate4sd3_1)
                                                         net2435 (net)
                      0.049621    0.000069    2.049844 ^ hold1523/A (sky130_fd_sc_hd__dlygate4sd3_1)
     1    0.002459    0.050029    0.533133    2.582977 ^ hold1523/X (sky130_fd_sc_hd__dlygate4sd3_1)
                                                         net2393 (net)
                      0.050029    0.000072    2.583049 ^ hold1566/A (sky130_fd_sc_hd__dlygate4sd3_1)
     2    0.015404    0.165763    0.628696    3.211745 ^ hold1566/X (sky130_fd_sc_hd__dlygate4sd3_1)
                                                         net2436 (net)
                      0.165763    0.000320    3.212065 ^ fanout733/A (sky130_fd_sc_hd__buf_2)
     2    0.019466    0.101959    0.189175    3.401240 ^ fanout733/X (sky130_fd_sc_hd__buf_2)
                                                         net733 (net)
                      0.101959    0.000383    3.401623 ^ hold1524/A (sky130_fd_sc_hd__dlygate4sd3_1)
    11    0.097083    0.936105    1.184190    4.585813 ^ hold1524/X (sky130_fd_sc_hd__dlygate4sd3_1)
                                                         net2394 (net)
                      0.936105    0.001563    4.587376 ^ fanout732/A (sky130_fd_sc_hd__clkbuf_2)
     1    0.013939    0.095488    0.281208    4.868584 ^ fanout732/X (sky130_fd_sc_hd__clkbuf_2)
                                                         net732 (net)
                      0.095494    0.000824    4.869408 ^ hold1525/A (sky130_fd_sc_hd__dlygate4sd3_1)
     3    0.031205    0.312370    0.748070    5.617477 ^ hold1525/X (sky130_fd_sc_hd__dlygate4sd3_1)
                                                         net2395 (net)
                      0.312370    0.000493    5.617970 ^ _1866_/A (sky130_fd_sc_hd__inv_2)
     1    0.003199    0.050546    0.047758    5.665729 v _1866_/Y (sky130_fd_sc_hd__inv_2)
                                                         _0687_ (net)
                      0.050546    0.000099    5.665828 v hold1526/A (sky130_fd_sc_hd__dlygate4sd3_1)
     1    0.002250    0.050016    0.545335    6.211164 v hold1526/X (sky130_fd_sc_hd__dlygate4sd3_1)
                                                         net2396 (net)
                      0.050016    0.000067    6.211230 v fanout512/A (sky130_fd_sc_hd__buf_2)
     9    0.066632    0.155679    0.233655    6.444885 v fanout512/X (sky130_fd_sc_hd__buf_2)
                                                         net512 (net)
                      0.155680    0.000716    6.445601 v fanout511/A (sky130_fd_sc_hd__clkbuf_4)
    13    0.079025    0.158545    0.292531    6.738132 v fanout511/X (sky130_fd_sc_hd__clkbuf_4)
                                                         net511 (net)
                      0.158561    0.001322    6.739454 v _2125_/B (sky130_fd_sc_hd__nor2_1)
     2    0.019999    0.366765    0.335461    7.074915 ^ _2125_/Y (sky130_fd_sc_hd__nor2_1)
                                                         _0935_ (net)
                      0.366882    0.001663    7.076578 ^ fanout356/A (sky130_fd_sc_hd__buf_2)
     9    0.198728    0.942171    0.808781    7.885358 ^ fanout356/X (sky130_fd_sc_hd__buf_2)
                                                         net356 (net)
                      0.942292    0.009029    7.894388 ^ fanout355/A (sky130_fd_sc_hd__dlymetal6s2s_1)
     4    0.028156    0.291917    0.373422    8.267810 ^ fanout355/X (sky130_fd_sc_hd__dlymetal6s2s_1)
                                                         net355 (net)
                      0.291917    0.000537    8.268347 ^ fanout354/A (sky130_fd_sc_hd__buf_2)
     6    0.040138    0.198168    0.290488    8.558835 ^ fanout354/X (sky130_fd_sc_hd__buf_2)
                                                         net354 (net)
                      0.198168    0.000452    8.559287 ^ _2633_/B (sky130_fd_sc_hd__nand2_1)
     1    0.005023    0.061847    0.094853    8.654140 v _2633_/Y (sky130_fd_sc_hd__nand2_1)
                                                         _1347_ (net)
                      0.061847    0.000203    8.654344 v hold1254/A (sky130_fd_sc_hd__dlygate4sd3_1)
     3    0.014789    0.107952    0.623706    9.278049 v hold1254/X (sky130_fd_sc_hd__dlygate4sd3_1)
                                                         net2124 (net)
                      0.107952    0.000252    9.278302 v _3022_/B1 (sky130_fd_sc_hd__a21oi_2)
     1    0.010014    0.151528    0.172912    9.451214 ^ _3022_/Y (sky130_fd_sc_hd__a21oi_2)
                                                         _1703_ (net)
                      0.151528    0.000369    9.451584 ^ hold1633/A (sky130_fd_sc_hd__dlygate4sd3_1)
     2    0.009794    0.113876    0.617444   10.069028 ^ hold1633/X (sky130_fd_sc_hd__dlygate4sd3_1)
                                                         net2503 (net)
                      0.113876    0.000439   10.069467 ^ fanout252/A (sky130_fd_sc_hd__clkbuf_2)
     1    0.005836    0.043062    0.127625   10.197091 ^ fanout252/X (sky130_fd_sc_hd__clkbuf_2)
                                                         net252 (net)
                      0.043063    0.000241   10.197332 ^ hold1634/A (sky130_fd_sc_hd__dlygate4sd3_1)
    11    0.088001    0.850092    1.105023   11.302355 ^ hold1634/X (sky130_fd_sc_hd__dlygate4sd3_1)
                                                         net2504 (net)
                      0.850092    0.001418   11.303773 ^ fanout248/A (sky130_fd_sc_hd__buf_2)
    13    0.079161    0.381408    0.487965   11.791739 ^ fanout248/X (sky130_fd_sc_hd__buf_2)
                                                         net248 (net)
                      0.381613    0.007350   11.799088 ^ _3023_/B (sky130_fd_sc_hd__nor2_1)
     1    0.005248    0.086918    0.098487   11.897574 v _3023_/Y (sky130_fd_sc_hd__nor2_1)
                                                         _1704_ (net)
                      0.086919    0.000202   11.897777 v fanout134/A (sky130_fd_sc_hd__clkbuf_2)
     7    0.109804    0.408378    0.404733   12.302509 v fanout134/X (sky130_fd_sc_hd__clkbuf_2)
                                                         net134 (net)
                      0.408726    0.010010   12.312519 v fanout132/A (sky130_fd_sc_hd__clkbuf_2)
     9    0.095206    0.353272    0.477954   12.790473 v fanout132/X (sky130_fd_sc_hd__clkbuf_2)
                                                         net132 (net)
                      0.354039    0.012673   12.803146 v fanout131/A (sky130_fd_sc_hd__clkbuf_2)
    13    0.094979    0.353673    0.466213   13.269360 v fanout131/X (sky130_fd_sc_hd__clkbuf_2)
                                                         net131 (net)
                      0.353721    0.004055   13.273415 v _3082_/A3 (sky130_fd_sc_hd__a31o_1)
     1    0.018672    0.105274    0.399197   13.672612 v _3082_/X (sky130_fd_sc_hd__a31o_1)
                                                         _0167_ (net)
                      0.105279    0.000828   13.673440 v hold4105/A (sky130_fd_sc_hd__dlygate4sd3_1)
     1    0.003269    0.056088    0.579282   14.252722 v hold4105/X (sky130_fd_sc_hd__dlygate4sd3_1)
                                                         net4975 (net)
                      0.056088    0.000106   14.252828 v hold1394/A (sky130_fd_sc_hd__dlygate4sd3_1)
     1    0.003986    0.058845    0.561912   14.814740 v hold1394/X (sky130_fd_sc_hd__dlygate4sd3_1)
                                                         net2264 (net)
                      0.058845    0.000128   14.814868 v hold4106/A (sky130_fd_sc_hd__dlygate4sd3_1)
     1    0.010598    0.089114    0.602803   15.417671 v hold4106/X (sky130_fd_sc_hd__dlygate4sd3_1)
                                                         net4976 (net)
                      0.089114    0.000551   15.418221 v _3843_/D (sky130_fd_sc_hd__dfrtp_1)
                                             15.418221   data arrival time

                                 25.000000   25.000000   clock clk_i (rise edge)
                                  0.000000   25.000000   clock source latency
     2    0.066994    0.304943    0.212411   25.212410 ^ clk_i (in)
                                                         clk_i (net)
                      0.304991    0.000000   25.212410 ^ clkbuf_0_clk_i/A (sky130_fd_sc_hd__clkbuf_16)
    17    0.318230    0.326514    0.406942   25.619352 ^ clkbuf_0_clk_i/X (sky130_fd_sc_hd__clkbuf_16)
                                                         clknet_0_clk_i (net)
                      0.326961    0.010072   25.629425 ^ clkbuf_3_7__f_clk_i/A (sky130_fd_sc_hd__clkbuf_16)
    21    0.140365    0.154701    0.297753   25.927177 ^ clkbuf_3_7__f_clk_i/X (sky130_fd_sc_hd__clkbuf_16)
                                                         clknet_3_7__leaf_clk_i (net)
                      0.154885    0.003132   25.930309 ^ clkbuf_leaf_37_clk_i/A (sky130_fd_sc_hd__clkbuf_8)
    15    0.051211    0.099951    0.208503   26.138813 ^ clkbuf_leaf_37_clk_i/X (sky130_fd_sc_hd__clkbuf_8)
                                                         clknet_leaf_37_clk_i (net)
                      0.100001    0.002073   26.140886 ^ _3843_/CLK (sky130_fd_sc_hd__dfrtp_1)
                                 -0.250000   25.890886   clock uncertainty
                                  0.000000   25.890886   clock reconvergence pessimism
                                 -0.120874   25.770012   library setup time
                                             25.770012   data required time
---------------------------------------------------------------------------------------------
                                             25.770012   data required time
                                            -15.418221   data arrival time
---------------------------------------------------------------------------------------------
                                             10.351790   slack (MET)




===========================================================================
report_checks --slack_max -0.01
============================================================================
======================= nom_tt_025C_1v80 Corner ===================================

No paths found.


===========================================================================
 report_check_types -max_slew -max_cap -max_fanout -violators
============================================================================
======================= nom_tt_025C_1v80 Corner ===================================

max slew

Pin                                        Limit        Slew       Slack
------------------------------------------------------------------------
_2864_/B                                1.000000    2.385534   -1.385534 (VIOLATED)
_2862_/Y                                1.000000    2.385515   -1.385515 (VIOLATED)
_2862_/C1                               1.000000    2.199218   -1.199218 (VIOLATED)
ANTENNA__2843__C1/DIODE                 1.000000    2.199215   -1.199215 (VIOLATED)
ANTENNA__2862__C1/DIODE                 1.000000    2.199216   -1.199216 (VIOLATED)
_2843_/C1                               1.000000    2.199216   -1.199216 (VIOLATED)
ANTENNA__2648__Y/DIODE                  1.000000    2.199174   -1.199174 (VIOLATED)
ANTENNA__2745__C1/DIODE                 1.000000    2.199171   -1.199171 (VIOLATED)
ANTENNA_37/DIODE                        1.000000    2.199146   -1.199146 (VIOLATED)
_2745_/C1                               1.000000    2.199146   -1.199146 (VIOLATED)
_2648_/Y                                1.000000    2.199123   -1.199123 (VIOLATED)
_2845_/B                                1.000000    2.051697   -1.051697 (VIOLATED)
ANTENNA_6/DIODE                         1.000000    2.051695   -1.051695 (VIOLATED)
_2843_/Y                                1.000000    2.051681   -1.051681 (VIOLATED)
ANTENNA__2186__Y/DIODE                  1.000000    2.015857   -1.015857 (VIOLATED)
ANTENNA_fanout469_A/DIODE               1.000000    2.015856   -1.015856 (VIOLATED)
ANTENNA_fanout472_A/DIODE               1.000000    2.015857   -1.015857 (VIOLATED)
fanout472/A                             1.000000    2.015856   -1.015856 (VIOLATED)
fanout469/A                             1.000000    2.015855   -1.015855 (VIOLATED)
_2186_/Y                                1.000000    2.015853   -1.015853 (VIOLATED)
ANTENNA_fanout286_A/DIODE               1.000000    1.669247   -0.669247 (VIOLATED)
fanout286/A                             1.000000    1.669238   -0.669238 (VIOLATED)
ANTENNA__3486__Y/DIODE                  1.000000    1.669232   -0.669232 (VIOLATED)
ANTENNA_fanout289_A/DIODE               1.000000    1.669232   -0.669232 (VIOLATED)
fanout289/A                             1.000000    1.669229   -0.669229 (VIOLATED)
_3486_/Y                                1.000000    1.669226   -0.669226 (VIOLATED)
ANTENNA__3016__A3/DIODE                 1.000000    1.641246   -0.641246 (VIOLATED)
_3016_/A3                               1.000000    1.641239   -0.641239 (VIOLATED)
ANTENNA__2654__Y/DIODE                  1.000000    1.641219   -0.641219 (VIOLATED)
ANTENNA_fanout397_A/DIODE               1.000000    1.641220   -0.641220 (VIOLATED)
fanout397/A                             1.000000    1.641218   -0.641218 (VIOLATED)
_2654_/Y                                1.000000    1.641215   -0.641215 (VIOLATED)
ANTENNA_hold2992_X/DIODE                1.000000    1.630427   -0.630427 (VIOLATED)
_2862_/B2                               1.000000    1.630425   -0.630425 (VIOLATED)
ANTENNA__2862__B2/DIODE                 1.000000    1.630422   -0.630422 (VIOLATED)
ANTENNA__3506__A0/DIODE                 1.000000    1.630394   -0.630394 (VIOLATED)
_3506_/A0                               1.000000    1.630340   -0.630340 (VIOLATED)
hold2992/X                              1.000000    1.630338   -0.630338 (VIOLATED)
ANTENNA_fanout188_A/DIODE               1.000000    1.566706   -0.566706 (VIOLATED)
fanout188/A                             1.000000    1.566695   -0.566695 (VIOLATED)
ANTENNA__3387__Y/DIODE                  1.000000    1.566685   -0.566685 (VIOLATED)
ANTENNA_fanout191_A/DIODE               1.000000    1.566685   -0.566685 (VIOLATED)
fanout191/A                             1.000000    1.566685   -0.566685 (VIOLATED)
_3387_/Y                                1.000000    1.566682   -0.566682 (VIOLATED)
ANTENNA__3640__A1/DIODE                 1.000000    1.426403   -0.426403 (VIOLATED)
_2861_/B2                               1.000000    1.426309   -0.426309 (VIOLATED)
ANTENNA_hold3228_X/DIODE                1.000000    1.426251   -0.426251 (VIOLATED)
ANTENNA__2861__B2/DIODE                 1.000000    1.426244   -0.426244 (VIOLATED)
_3640_/A1                               1.000000    1.426204   -0.426204 (VIOLATED)
hold3228/X                              1.000000    1.426196   -0.426196 (VIOLATED)
ANTENNA__3638__A1/DIODE                 1.000000    1.378278   -0.378278 (VIOLATED)
ANTENNA_hold3192_X/DIODE                1.000000    1.378126   -0.378126 (VIOLATED)
_2842_/B2                               1.000000    1.377860   -0.377860 (VIOLATED)
ANTENNA__2842__B2/DIODE                 1.000000    1.377828   -0.377828 (VIOLATED)
_3638_/A1                               1.000000    1.377816   -0.377816 (VIOLATED)
hold3192/X                              1.000000    1.377808   -0.377808 (VIOLATED)
ANTENNA_hold3188_X/DIODE                1.000000    1.334454   -0.334454 (VIOLATED)
ANTENNA__3472__A1/DIODE                 1.000000    1.334392   -0.334392 (VIOLATED)
_2861_/A1                               1.000000    1.334260   -0.334260 (VIOLATED)
ANTENNA__2861__A1/DIODE                 1.000000    1.334221   -0.334221 (VIOLATED)
_3472_/A1                               1.000000    1.334161   -0.334161 (VIOLATED)
hold3188/X                              1.000000    1.334116   -0.334116 (VIOLATED)
ANTENNA_fanout588_A/DIODE               1.000000    1.333582   -0.333582 (VIOLATED)
ANTENNA_fanout589_X/DIODE               1.000000    1.333013   -0.333013 (VIOLATED)
ANTENNA__2948__A_N/DIODE                1.000000    1.332602   -0.332602 (VIOLATED)
ANTENNA__2665__C/DIODE                  1.000000    1.332533   -0.332533 (VIOLATED)
ANTENNA__2801__B/DIODE                  1.000000    1.332522   -0.332522 (VIOLATED)
ANTENNA__2776__B/DIODE                  1.000000    1.332517   -0.332517 (VIOLATED)
_2776_/B                                1.000000    1.332423   -0.332423 (VIOLATED)
_2801_/B                                1.000000    1.332283   -0.332283 (VIOLATED)
_2665_/C                                1.000000    1.332250   -0.332250 (VIOLATED)
_2946_/C                                1.000000    1.331946   -0.331946 (VIOLATED)
ANTENNA__2946__C/DIODE                  1.000000    1.331817   -0.331817 (VIOLATED)
_2948_/A_N                              1.000000    1.331810   -0.331810 (VIOLATED)
ANTENNA_27/DIODE                        1.000000    1.331810   -0.331810 (VIOLATED)
fanout588/A                             1.000000    1.331800   -0.331800 (VIOLATED)
fanout589/X                             1.000000    1.331733   -0.331733 (VIOLATED)
fanout574/A                             1.000000    1.153773   -0.153773 (VIOLATED)
ANTENNA_51/DIODE                        1.000000    1.153772   -0.153772 (VIOLATED)
ANTENNA_fanout576_A/DIODE               1.000000    1.153417   -0.153417 (VIOLATED)
ANTENNA_fanout574_A/DIODE               1.000000    1.153417   -0.153417 (VIOLATED)
fanout576/A                             1.000000    1.153412   -0.153412 (VIOLATED)
fanout581/A                             1.000000    1.153408   -0.153408 (VIOLATED)
ANTENNA_fanout581_A/DIODE               1.000000    1.153407   -0.153407 (VIOLATED)
ANTENNA_fanout584_A/DIODE               1.000000    1.153407   -0.153407 (VIOLATED)
ANTENNA_hold1579_X/DIODE                1.000000    1.153407   -0.153407 (VIOLATED)
fanout584/A                             1.000000    1.153407   -0.153407 (VIOLATED)
hold1579/X                              1.000000    1.153407   -0.153407 (VIOLATED)
ANTENNA_fanout589_A/DIODE               1.000000    1.141582   -0.141582 (VIOLATED)
ANTENNA_fanout596_A/DIODE               1.000000    1.141564   -0.141564 (VIOLATED)
fanout596/A                             1.000000    1.141548   -0.141548 (VIOLATED)
ANTENNA_54/DIODE                        1.000000    1.141545   -0.141545 (VIOLATED)
ANTENNA__2782__C/DIODE                  1.000000    1.141545   -0.141545 (VIOLATED)
ANTENNA_hold1716_X/DIODE                1.000000    1.141545   -0.141545 (VIOLATED)
_2782_/C                                1.000000    1.141545   -0.141545 (VIOLATED)
fanout589/A                             1.000000    1.141545   -0.141545 (VIOLATED)
hold1716/X                              1.000000    1.141545   -0.141545 (VIOLATED)
_2862_/A1                               1.000000    1.137990   -0.137990 (VIOLATED)
ANTENNA__3607__A1/DIODE                 1.000000    1.137987   -0.137988 (VIOLATED)
ANTENNA__2862__A1/DIODE                 1.000000    1.137986   -0.137986 (VIOLATED)
_3607_/A1                               1.000000    1.137885   -0.137885 (VIOLATED)
ANTENNA_hold3316_X/DIODE                1.000000    1.137870   -0.137870 (VIOLATED)
hold3316/X                              1.000000    1.137531   -0.137531 (VIOLATED)
ANTENNA__2691__B1/DIODE                 1.000000    1.124261   -0.124261 (VIOLATED)
_3003_/A3                               1.000000    1.124253   -0.124252 (VIOLATED)
_2871_/A3                               1.000000    1.124232   -0.124232 (VIOLATED)
_2862_/A2                               1.000000    1.124216   -0.124216 (VIOLATED)
_2843_/A2                               1.000000    1.124192   -0.124192 (VIOLATED)
ANTENNA__2871__A3/DIODE                 1.000000    1.124142   -0.124142 (VIOLATED)
ANTENNA__3003__A3/DIODE                 1.000000    1.124129   -0.124129 (VIOLATED)
ANTENNA__2862__A2/DIODE                 1.000000    1.124116   -0.124116 (VIOLATED)
ANTENNA__2843__A2/DIODE                 1.000000    1.124108   -0.124108 (VIOLATED)
ANTENNA_fanout411_X/DIODE               1.000000    1.123325   -0.123325 (VIOLATED)
ANTENNA__2745__A2/DIODE                 1.000000    1.123316   -0.123316 (VIOLATED)
_2745_/A2                               1.000000    1.122839   -0.122839 (VIOLATED)
_2691_/B1                               1.000000    1.122802   -0.122802 (VIOLATED)
fanout411/X                             1.000000    1.122408   -0.122408 (VIOLATED)
ANTENNA_input25_X/DIODE                 1.000000    1.100569   -0.100569 (VIOLATED)
ANTENNA_fanout783_A/DIODE               1.000000    1.100565   -0.100565 (VIOLATED)
ANTENNA__3670__A1/DIODE                 1.000000    1.100446   -0.100446 (VIOLATED)
ANTENNA__3604__B1/DIODE                 1.000000    1.100426   -0.100426 (VIOLATED)
_3604_/B1                               1.000000    1.100372   -0.100372 (VIOLATED)
ANTENNA_11/DIODE                        1.000000    1.100329   -0.100329 (VIOLATED)
_3670_/A1                               1.000000    1.100326   -0.100326 (VIOLATED)
fanout783/A                             1.000000    1.100296   -0.100296 (VIOLATED)
input25/X                               1.000000    1.100289   -0.100289 (VIOLATED)
fanout279/A                             1.000000    1.083140   -0.083140 (VIOLATED)
ANTENNA_fanout279_A/DIODE               1.000000    1.083139   -0.083139 (VIOLATED)
ANTENNA__3653__Y/DIODE                  1.000000    1.083128   -0.083128 (VIOLATED)
ANTENNA_fanout282_A/DIODE               1.000000    1.083128   -0.083128 (VIOLATED)
_3653_/Y                                1.000000    1.083126   -0.083126 (VIOLATED)
fanout282/A                             1.000000    1.083126   -0.083126 (VIOLATED)
_2873_/C                                1.000000    1.082535   -0.082535 (VIOLATED)
ANTENNA_39/DIODE                        1.000000    1.082534   -0.082534 (VIOLATED)
_2872_/Y                                1.000000    1.082507   -0.082507 (VIOLATED)
ANTENNA__2780__A1/DIODE                 1.000000    1.069843   -0.069843 (VIOLATED)
_2780_/A1                               1.000000    1.069831   -0.069831 (VIOLATED)
ANTENNA__2810__A1/DIODE                 1.000000    1.069820   -0.069820 (VIOLATED)
ANTENNA__2748__C1/DIODE                 1.000000    1.069814   -0.069814 (VIOLATED)
ANTENNA__2673__Y/DIODE                  1.000000    1.069804   -0.069804 (VIOLATED)
_2810_/A1                               1.000000    1.069803   -0.069803 (VIOLATED)
ANTENNA__2818__C1/DIODE                 1.000000    1.069801   -0.069801 (VIOLATED)
_2748_/C1                               1.000000    1.069799   -0.069799 (VIOLATED)
_2818_/C1                               1.000000    1.069790   -0.069790 (VIOLATED)
_2673_/Y                                1.000000    1.069784   -0.069784 (VIOLATED)
_2873_/D                                1.000000    1.064924   -0.064924 (VIOLATED)
_2869_/Y                                1.000000    1.064898   -0.064898 (VIOLATED)
ANTENNA__3454__A0/DIODE                 1.000000    1.033520   -0.033520 (VIOLATED)
ANTENNA__3655__A1/DIODE                 1.000000    1.033456   -0.033456 (VIOLATED)
ANTENNA__3589__B1/DIODE                 1.000000    1.033433   -0.033433 (VIOLATED)
ANTENNA__3488__A1/DIODE                 1.000000    1.033416   -0.033416 (VIOLATED)
ANTENNA__3391__B1/DIODE                 1.000000    1.033291   -0.033291 (VIOLATED)
ANTENNA_fanout812_X/DIODE               1.000000    1.033275   -0.033275 (VIOLATED)
_3589_/B1                               1.000000    1.033187   -0.033187 (VIOLATED)
ANTENNA__3522__A/DIODE                  1.000000    1.033133   -0.033133 (VIOLATED)
_3488_/A1                               1.000000    1.033105   -0.033105 (VIOLATED)
_3391_/B1                               1.000000    1.032855   -0.032854 (VIOLATED)
_3655_/A1                               1.000000    1.032611   -0.032611 (VIOLATED)
_3522_/A                                1.000000    1.032527   -0.032527 (VIOLATED)
_3454_/A0                               1.000000    1.032514   -0.032514 (VIOLATED)
fanout812/X                             1.000000    1.032268   -0.032268 (VIOLATED)
ANTENNA_hold2832_X/DIODE                1.000000    1.011014   -0.011014 (VIOLATED)
ANTENNA__3604__A1/DIODE                 1.000000    1.011006   -0.011006 (VIOLATED)
ANTENNA__2831__A2/DIODE                 1.000000    1.011004   -0.011004 (VIOLATED)
_3604_/A1                               1.000000    1.011003   -0.011003 (VIOLATED)
ANTENNA_34/DIODE                        1.000000    1.011002   -0.011002 (VIOLATED)
_2831_/A2                               1.000000    1.011002   -0.011002 (VIOLATED)
hold2832/X                              1.000000    1.011002   -0.011002 (VIOLATED)
ANTENNA_fanout411_A/DIODE               1.000000    1.009157   -0.009157 (VIOLATED)
ANTENNA_fanout412_X/DIODE               1.000000    1.009156   -0.009156 (VIOLATED)
ANTENNA__2663__B1/DIODE                 1.000000    1.008750   -0.008750 (VIOLATED)
ANTENNA__2920__A1/DIODE                 1.000000    1.008684   -0.008684 (VIOLATED)
ANTENNA__3015__B1/DIODE                 1.000000    1.008656   -0.008656 (VIOLATED)
ANTENNA__2814__A2/DIODE                 1.000000    1.008648   -0.008648 (VIOLATED)
ANTENNA__2904__A3/DIODE                 1.000000    1.008631   -0.008631 (VIOLATED)
_2663_/B1                               1.000000    1.008524   -0.008524 (VIOLATED)
_2904_/A3                               1.000000    1.008456   -0.008456 (VIOLATED)
_2814_/A2                               1.000000    1.008279   -0.008279 (VIOLATED)
ANTENNA_21/DIODE                        1.000000    1.008278   -0.008278 (VIOLATED)
_3015_/B1                               1.000000    1.008033   -0.008033 (VIOLATED)
ANTENNA_22/DIODE                        1.000000    1.008033   -0.008033 (VIOLATED)
_2920_/A1                               1.000000    1.007972   -0.007972 (VIOLATED)
fanout411/A                             1.000000    1.007933   -0.007933 (VIOLATED)
fanout412/X                             1.000000    1.007917   -0.007917 (VIOLATED)
ANTENNA_49/DIODE                        1.000000    1.007172   -0.007172 (VIOLATED)
ANTENNA_fanout645_A/DIODE               1.000000    1.007172   -0.007172 (VIOLATED)
ANTENNA_fanout646_A/DIODE               1.000000    1.007172   -0.007172 (VIOLATED)
ANTENNA_fanout647_A/DIODE               1.000000    1.007172   -0.007172 (VIOLATED)
ANTENNA_fanout648_A/DIODE               1.000000    1.007172   -0.007172 (VIOLATED)
ANTENNA_hold1244_X/DIODE                1.000000    1.007172   -0.007172 (VIOLATED)
fanout645/A                             1.000000    1.007172   -0.007172 (VIOLATED)
fanout646/A                             1.000000    1.007172   -0.007172 (VIOLATED)
fanout647/A                             1.000000    1.007172   -0.007172 (VIOLATED)
fanout648/A                             1.000000    1.007172   -0.007172 (VIOLATED)
hold1244/X                              1.000000    1.007172   -0.007172 (VIOLATED)

max fanout

Pin                                   Limit Fanout  Slack
---------------------------------------------------------
clkbuf_3_0__f_clk_i/X                     6     27    -21 (VIOLATED)
clkbuf_3_4__f_clk_i/X                     6     25    -19 (VIOLATED)
clkbuf_3_6__f_clk_i/X                     6     25    -19 (VIOLATED)
clkbuf_leaf_58_clk_i/X                    6     25    -19 (VIOLATED)
clkbuf_3_1__f_clk_i/X                     6     23    -17 (VIOLATED)
clkbuf_3_2__f_clk_i/X                     6     23    -17 (VIOLATED)
clkbuf_3_3__f_clk_i/X                     6     23    -17 (VIOLATED)
clkbuf_3_5__f_clk_i/X                     6     21    -15 (VIOLATED)
clkbuf_3_7__f_clk_i/X                     6     21    -15 (VIOLATED)
clkbuf_leaf_46_clk_i/X                    6     21    -15 (VIOLATED)
clkbuf_0_clk_i/X                          6     17    -11 (VIOLATED)
clkbuf_leaf_52_clk_i/X                    6     16    -10 (VIOLATED)
fanout609/X                               6     16    -10 (VIOLATED)
clkbuf_leaf_37_clk_i/X                    6     15     -9 (VIOLATED)
fanout412/X                               6     15     -9 (VIOLATED)
clkbuf_leaf_38_clk_i/X                    6     14     -8 (VIOLATED)
fanout182/X                               6     14     -8 (VIOLATED)
fanout183/X                               6     14     -8 (VIOLATED)
fanout316/X                               6     14     -8 (VIOLATED)
fanout326/X                               6     14     -8 (VIOLATED)
fanout338/X                               6     14     -8 (VIOLATED)
fanout371/X                               6     14     -8 (VIOLATED)
fanout589/X                               6     14     -8 (VIOLATED)
_2632_/X                                  6     13     -7 (VIOLATED)
_2646_/X                                  6     13     -7 (VIOLATED)
clkbuf_leaf_21_clk_i/X                    6     13     -7 (VIOLATED)
clkbuf_leaf_2_clk_i/X                     6     13     -7 (VIOLATED)
clkbuf_leaf_6_clk_i/X                     6     13     -7 (VIOLATED)
clkbuf_leaf_72_clk_i/X                    6     13     -7 (VIOLATED)
clkbuf_leaf_80_clk_i/X                    6     13     -7 (VIOLATED)
fanout120/X                               6     13     -7 (VIOLATED)
fanout121/X                               6     13     -7 (VIOLATED)
fanout122/X                               6     13     -7 (VIOLATED)
fanout124/X                               6     13     -7 (VIOLATED)
fanout126/X                               6     13     -7 (VIOLATED)
fanout127/X                               6     13     -7 (VIOLATED)
fanout128/X                               6     13     -7 (VIOLATED)
fanout131/X                               6     13     -7 (VIOLATED)
fanout133/X                               6     13     -7 (VIOLATED)
fanout139/X                               6     13     -7 (VIOLATED)
fanout143/X                               6     13     -7 (VIOLATED)
fanout144/X                               6     13     -7 (VIOLATED)
fanout146/X                               6     13     -7 (VIOLATED)
fanout148/X                               6     13     -7 (VIOLATED)
fanout151/X                               6     13     -7 (VIOLATED)
fanout153/X                               6     13     -7 (VIOLATED)
fanout155/X                               6     13     -7 (VIOLATED)
fanout159/X                               6     13     -7 (VIOLATED)
fanout161/X                               6     13     -7 (VIOLATED)
fanout163/X                               6     13     -7 (VIOLATED)
fanout167/X                               6     13     -7 (VIOLATED)
fanout169/X                               6     13     -7 (VIOLATED)
fanout171/X                               6     13     -7 (VIOLATED)
fanout172/X                               6     13     -7 (VIOLATED)
fanout173/X                               6     13     -7 (VIOLATED)
fanout174/X                               6     13     -7 (VIOLATED)
fanout178/X                               6     13     -7 (VIOLATED)
fanout179/X                               6     13     -7 (VIOLATED)
fanout185/X                               6     13     -7 (VIOLATED)
fanout186/X                               6     13     -7 (VIOLATED)
fanout189/X                               6     13     -7 (VIOLATED)
fanout190/X                               6     13     -7 (VIOLATED)
fanout193/X                               6     13     -7 (VIOLATED)
fanout196/X                               6     13     -7 (VIOLATED)
fanout197/X                               6     13     -7 (VIOLATED)
fanout200/X                               6     13     -7 (VIOLATED)
fanout201/X                               6     13     -7 (VIOLATED)
fanout204/X                               6     13     -7 (VIOLATED)
fanout206/X                               6     13     -7 (VIOLATED)
fanout213/X                               6     13     -7 (VIOLATED)
fanout214/X                               6     13     -7 (VIOLATED)
fanout220/X                               6     13     -7 (VIOLATED)
fanout221/X                               6     13     -7 (VIOLATED)
fanout224/X                               6     13     -7 (VIOLATED)
fanout226/X                               6     13     -7 (VIOLATED)
fanout229/X                               6     13     -7 (VIOLATED)
fanout230/X                               6     13     -7 (VIOLATED)
fanout233/X                               6     13     -7 (VIOLATED)
fanout234/X                               6     13     -7 (VIOLATED)
fanout237/X                               6     13     -7 (VIOLATED)
fanout238/X                               6     13     -7 (VIOLATED)
fanout240/X                               6     13     -7 (VIOLATED)
fanout242/X                               6     13     -7 (VIOLATED)
fanout244/X                               6     13     -7 (VIOLATED)
fanout246/X                               6     13     -7 (VIOLATED)
fanout248/X                               6     13     -7 (VIOLATED)
fanout250/X                               6     13     -7 (VIOLATED)
fanout253/X                               6     13     -7 (VIOLATED)
fanout255/X                               6     13     -7 (VIOLATED)
fanout267/X                               6     13     -7 (VIOLATED)
fanout269/X                               6     13     -7 (VIOLATED)
fanout270/X                               6     13     -7 (VIOLATED)
fanout273/X                               6     13     -7 (VIOLATED)
fanout274/X                               6     13     -7 (VIOLATED)
fanout276/X                               6     13     -7 (VIOLATED)
fanout277/X                               6     13     -7 (VIOLATED)
fanout280/X                               6     13     -7 (VIOLATED)
fanout281/X                               6     13     -7 (VIOLATED)
fanout282/X                               6     13     -7 (VIOLATED)
fanout283/X                               6     13     -7 (VIOLATED)
fanout284/X                               6     13     -7 (VIOLATED)
fanout287/X                               6     13     -7 (VIOLATED)
fanout288/X                               6     13     -7 (VIOLATED)
fanout295/X                               6     13     -7 (VIOLATED)
fanout297/X                               6     13     -7 (VIOLATED)
fanout299/X                               6     13     -7 (VIOLATED)
fanout300/X                               6     13     -7 (VIOLATED)
fanout315/X                               6     13     -7 (VIOLATED)
fanout318/X                               6     13     -7 (VIOLATED)
fanout324/X                               6     13     -7 (VIOLATED)
fanout327/X                               6     13     -7 (VIOLATED)
fanout328/X                               6     13     -7 (VIOLATED)
fanout329/X                               6     13     -7 (VIOLATED)
fanout330/X                               6     13     -7 (VIOLATED)
fanout331/X                               6     13     -7 (VIOLATED)
fanout334/X                               6     13     -7 (VIOLATED)
fanout339/X                               6     13     -7 (VIOLATED)
fanout340/X                               6     13     -7 (VIOLATED)
fanout341/X                               6     13     -7 (VIOLATED)
fanout346/X                               6     13     -7 (VIOLATED)
fanout347/X                               6     13     -7 (VIOLATED)
fanout349/X                               6     13     -7 (VIOLATED)
fanout350/X                               6     13     -7 (VIOLATED)
fanout353/X                               6     13     -7 (VIOLATED)
fanout357/X                               6     13     -7 (VIOLATED)
fanout359/X                               6     13     -7 (VIOLATED)
fanout360/X                               6     13     -7 (VIOLATED)
fanout361/X                               6     13     -7 (VIOLATED)
fanout362/X                               6     13     -7 (VIOLATED)
fanout366/X                               6     13     -7 (VIOLATED)
fanout369/X                               6     13     -7 (VIOLATED)
fanout373/X                               6     13     -7 (VIOLATED)
fanout374/X                               6     13     -7 (VIOLATED)
fanout375/X                               6     13     -7 (VIOLATED)
fanout377/X                               6     13     -7 (VIOLATED)
fanout379/X                               6     13     -7 (VIOLATED)
fanout381/X                               6     13     -7 (VIOLATED)
fanout382/X                               6     13     -7 (VIOLATED)
fanout384/X                               6     13     -7 (VIOLATED)
fanout386/X                               6     13     -7 (VIOLATED)
fanout387/X                               6     13     -7 (VIOLATED)
fanout388/X                               6     13     -7 (VIOLATED)
fanout391/X                               6     13     -7 (VIOLATED)
fanout392/X                               6     13     -7 (VIOLATED)
fanout393/X                               6     13     -7 (VIOLATED)
fanout394/X                               6     13     -7 (VIOLATED)
fanout397/X                               6     13     -7 (VIOLATED)
fanout401/X                               6     13     -7 (VIOLATED)
fanout405/X                               6     13     -7 (VIOLATED)
fanout407/X                               6     13     -7 (VIOLATED)
fanout408/X                               6     13     -7 (VIOLATED)
fanout411/X                               6     13     -7 (VIOLATED)
fanout416/X                               6     13     -7 (VIOLATED)
fanout417/X                               6     13     -7 (VIOLATED)
fanout421/X                               6     13     -7 (VIOLATED)
fanout423/X                               6     13     -7 (VIOLATED)
fanout428/X                               6     13     -7 (VIOLATED)
fanout429/X                               6     13     -7 (VIOLATED)
fanout432/X                               6     13     -7 (VIOLATED)
fanout434/X                               6     13     -7 (VIOLATED)
fanout437/X                               6     13     -7 (VIOLATED)
fanout438/X                               6     13     -7 (VIOLATED)
fanout439/X                               6     13     -7 (VIOLATED)
fanout440/X                               6     13     -7 (VIOLATED)
fanout441/X                               6     13     -7 (VIOLATED)
fanout446/X                               6     13     -7 (VIOLATED)
fanout449/X                               6     13     -7 (VIOLATED)
fanout451/X                               6     13     -7 (VIOLATED)
fanout453/X                               6     13     -7 (VIOLATED)
fanout454/X                               6     13     -7 (VIOLATED)
fanout456/X                               6     13     -7 (VIOLATED)
fanout458/X                               6     13     -7 (VIOLATED)
fanout460/X                               6     13     -7 (VIOLATED)
fanout461/X                               6     13     -7 (VIOLATED)
fanout463/X                               6     13     -7 (VIOLATED)
fanout466/X                               6     13     -7 (VIOLATED)
fanout467/X                               6     13     -7 (VIOLATED)
fanout470/X                               6     13     -7 (VIOLATED)
fanout471/X                               6     13     -7 (VIOLATED)
fanout472/X                               6     13     -7 (VIOLATED)
fanout473/X                               6     13     -7 (VIOLATED)
fanout474/X                               6     13     -7 (VIOLATED)
fanout475/X                               6     13     -7 (VIOLATED)
fanout476/X                               6     13     -7 (VIOLATED)
fanout477/X                               6     13     -7 (VIOLATED)
fanout478/X                               6     13     -7 (VIOLATED)
fanout479/X                               6     13     -7 (VIOLATED)
fanout481/X                               6     13     -7 (VIOLATED)
fanout482/X                               6     13     -7 (VIOLATED)
fanout485/X                               6     13     -7 (VIOLATED)
fanout486/X                               6     13     -7 (VIOLATED)
fanout491/X                               6     13     -7 (VIOLATED)
fanout493/X                               6     13     -7 (VIOLATED)
fanout497/X                               6     13     -7 (VIOLATED)
fanout502/X                               6     13     -7 (VIOLATED)
fanout503/X                               6     13     -7 (VIOLATED)
fanout507/X                               6     13     -7 (VIOLATED)
fanout511/X                               6     13     -7 (VIOLATED)
fanout513/X                               6     13     -7 (VIOLATED)
fanout515/X                               6     13     -7 (VIOLATED)
fanout517/X                               6     13     -7 (VIOLATED)
fanout563/X                               6     13     -7 (VIOLATED)
fanout572/X                               6     13     -7 (VIOLATED)
fanout573/X                               6     13     -7 (VIOLATED)
fanout575/X                               6     13     -7 (VIOLATED)
fanout577/X                               6     13     -7 (VIOLATED)
fanout580/X                               6     13     -7 (VIOLATED)
fanout588/X                               6     13     -7 (VIOLATED)
fanout590/X                               6     13     -7 (VIOLATED)
fanout592/X                               6     13     -7 (VIOLATED)
fanout593/X                               6     13     -7 (VIOLATED)
fanout601/X                               6     13     -7 (VIOLATED)
fanout602/X                               6     13     -7 (VIOLATED)
fanout621/X                               6     13     -7 (VIOLATED)
fanout629/X                               6     13     -7 (VIOLATED)
fanout631/X                               6     13     -7 (VIOLATED)
fanout636/X                               6     13     -7 (VIOLATED)
fanout637/X                               6     13     -7 (VIOLATED)
fanout638/X                               6     13     -7 (VIOLATED)
fanout639/X                               6     13     -7 (VIOLATED)
fanout644/X                               6     13     -7 (VIOLATED)
fanout645/X                               6     13     -7 (VIOLATED)
fanout648/X                               6     13     -7 (VIOLATED)
fanout749/X                               6     13     -7 (VIOLATED)
fanout750/X                               6     13     -7 (VIOLATED)
fanout753/X                               6     13     -7 (VIOLATED)
fanout756/X                               6     13     -7 (VIOLATED)
fanout762/X                               6     13     -7 (VIOLATED)
fanout763/X                               6     13     -7 (VIOLATED)
fanout765/X                               6     13     -7 (VIOLATED)
fanout766/X                               6     13     -7 (VIOLATED)
fanout770/X                               6     13     -7 (VIOLATED)
fanout779/X                               6     13     -7 (VIOLATED)
fanout790/X                               6     13     -7 (VIOLATED)
fanout796/X                               6     13     -7 (VIOLATED)
fanout808/X                               6     13     -7 (VIOLATED)
fanout810/X                               6     13     -7 (VIOLATED)
fanout811/X                               6     13     -7 (VIOLATED)
fanout812/X                               6     13     -7 (VIOLATED)
fanout813/X                               6     13     -7 (VIOLATED)
fanout834/X                               6     13     -7 (VIOLATED)
fanout848/X                               6     13     -7 (VIOLATED)
fanout849/X                               6     13     -7 (VIOLATED)
fanout857/X                               6     13     -7 (VIOLATED)
fanout858/X                               6     13     -7 (VIOLATED)
hold1245/X                                6     13     -7 (VIOLATED)
hold1372/X                                6     13     -7 (VIOLATED)
hold1548/X                                6     13     -7 (VIOLATED)
tl_i[44]                                  6     12     -6 (VIOLATED)
clkbuf_leaf_23_clk_i/X                    6     12     -6 (VIOLATED)
clkbuf_leaf_31_clk_i/X                    6     12     -6 (VIOLATED)
clkbuf_leaf_40_clk_i/X                    6     12     -6 (VIOLATED)
clkbuf_leaf_44_clk_i/X                    6     12     -6 (VIOLATED)
clkbuf_leaf_47_clk_i/X                    6     12     -6 (VIOLATED)
clkbuf_leaf_63_clk_i/X                    6     12     -6 (VIOLATED)
clkbuf_leaf_78_clk_i/X                    6     12     -6 (VIOLATED)
clkbuf_leaf_7_clk_i/X                     6     12     -6 (VIOLATED)
fanout410/X                               6     12     -6 (VIOLATED)
_3585_/Y                                  6     11     -5 (VIOLATED)
clkbuf_leaf_0_clk_i/X                     6     11     -5 (VIOLATED)
clkbuf_leaf_22_clk_i/X                    6     11     -5 (VIOLATED)
clkbuf_leaf_43_clk_i/X                    6     11     -5 (VIOLATED)
clkbuf_leaf_45_clk_i/X                    6     11     -5 (VIOLATED)
clkbuf_leaf_60_clk_i/X                    6     11     -5 (VIOLATED)
clkbuf_leaf_62_clk_i/X                    6     11     -5 (VIOLATED)
clkbuf_leaf_64_clk_i/X                    6     11     -5 (VIOLATED)
clkbuf_leaf_67_clk_i/X                    6     11     -5 (VIOLATED)
clkbuf_leaf_74_clk_i/X                    6     11     -5 (VIOLATED)
clkbuf_leaf_77_clk_i/X                    6     11     -5 (VIOLATED)
clkbuf_leaf_81_clk_i/X                    6     11     -5 (VIOLATED)
fanout142/X                               6     11     -5 (VIOLATED)
fanout145/X                               6     11     -5 (VIOLATED)
fanout175/X                               6     11     -5 (VIOLATED)
fanout176/X                               6     11     -5 (VIOLATED)
fanout184/X                               6     11     -5 (VIOLATED)
fanout191/X                               6     11     -5 (VIOLATED)
fanout219/X                               6     11     -5 (VIOLATED)
fanout236/X                               6     11     -5 (VIOLATED)
fanout272/X                               6     11     -5 (VIOLATED)
fanout289/X                               6     11     -5 (VIOLATED)
fanout302/X                               6     11     -5 (VIOLATED)
fanout325/X                               6     11     -5 (VIOLATED)
fanout332/X                               6     11     -5 (VIOLATED)
fanout333/X                               6     11     -5 (VIOLATED)
fanout344/X                               6     11     -5 (VIOLATED)
fanout383/X                               6     11     -5 (VIOLATED)
fanout389/X                               6     11     -5 (VIOLATED)
fanout390/X                               6     11     -5 (VIOLATED)
fanout404/X                               6     11     -5 (VIOLATED)
fanout415/X                               6     11     -5 (VIOLATED)
fanout420/X                               6     11     -5 (VIOLATED)
fanout431/X                               6     11     -5 (VIOLATED)
fanout433/X                               6     11     -5 (VIOLATED)
fanout484/X                               6     11     -5 (VIOLATED)
fanout600/X                               6     11     -5 (VIOLATED)
fanout626/X                               6     11     -5 (VIOLATED)
fanout632/X                               6     11     -5 (VIOLATED)
fanout747/X                               6     11     -5 (VIOLATED)
fanout805/X                               6     11     -5 (VIOLATED)
fanout807/X                               6     11     -5 (VIOLATED)
fanout822/X                               6     11     -5 (VIOLATED)
fanout846/X                               6     11     -5 (VIOLATED)
hold1524/X                                6     11     -5 (VIOLATED)
hold1634/X                                6     11     -5 (VIOLATED)
clkbuf_leaf_14_clk_i/X                    6     10     -4 (VIOLATED)
clkbuf_leaf_24_clk_i/X                    6     10     -4 (VIOLATED)
clkbuf_leaf_3_clk_i/X                     6     10     -4 (VIOLATED)
clkbuf_leaf_4_clk_i/X                     6     10     -4 (VIOLATED)
clkbuf_leaf_50_clk_i/X                    6     10     -4 (VIOLATED)
clkbuf_leaf_59_clk_i/X                    6     10     -4 (VIOLATED)
clkbuf_leaf_66_clk_i/X                    6     10     -4 (VIOLATED)
clkbuf_leaf_68_clk_i/X                    6     10     -4 (VIOLATED)
clkbuf_leaf_71_clk_i/X                    6     10     -4 (VIOLATED)
clkbuf_leaf_75_clk_i/X                    6     10     -4 (VIOLATED)
fanout228/X                               6     10     -4 (VIOLATED)
fanout348/X                               6     10     -4 (VIOLATED)
fanout413/X                               6     10     -4 (VIOLATED)
fanout419/X                               6     10     -4 (VIOLATED)
fanout730/X                               6     10     -4 (VIOLATED)
fanout787/X                               6     10     -4 (VIOLATED)
hold1244/X                                6     10     -4 (VIOLATED)
hold1579/X                                6     10     -4 (VIOLATED)
_2655_/X                                  6      9     -3 (VIOLATED)
_2673_/Y                                  6      9     -3 (VIOLATED)
clkbuf_leaf_10_clk_i/X                    6      9     -3 (VIOLATED)
clkbuf_leaf_11_clk_i/X                    6      9     -3 (VIOLATED)
clkbuf_leaf_12_clk_i/X                    6      9     -3 (VIOLATED)
clkbuf_leaf_16_clk_i/X                    6      9     -3 (VIOLATED)
clkbuf_leaf_18_clk_i/X                    6      9     -3 (VIOLATED)
clkbuf_leaf_1_clk_i/X                     6      9     -3 (VIOLATED)
clkbuf_leaf_28_clk_i/X                    6      9     -3 (VIOLATED)
clkbuf_leaf_39_clk_i/X                    6      9     -3 (VIOLATED)
clkbuf_leaf_42_clk_i/X                    6      9     -3 (VIOLATED)
clkbuf_leaf_48_clk_i/X                    6      9     -3 (VIOLATED)
clkbuf_leaf_53_clk_i/X                    6      9     -3 (VIOLATED)
clkbuf_leaf_5_clk_i/X                     6      9     -3 (VIOLATED)
clkbuf_leaf_61_clk_i/X                    6      9     -3 (VIOLATED)
clkbuf_leaf_8_clk_i/X                     6      9     -3 (VIOLATED)
clkbuf_leaf_9_clk_i/X                     6      9     -3 (VIOLATED)
fanout123/X                               6      9     -3 (VIOLATED)
fanout129/X                               6      9     -3 (VIOLATED)
fanout130/X                               6      9     -3 (VIOLATED)
fanout132/X                               6      9     -3 (VIOLATED)
fanout152/X                               6      9     -3 (VIOLATED)
fanout158/X                               6      9     -3 (VIOLATED)
fanout166/X                               6      9     -3 (VIOLATED)
fanout177/X                               6      9     -3 (VIOLATED)
fanout195/X                               6      9     -3 (VIOLATED)
fanout199/X                               6      9     -3 (VIOLATED)
fanout203/X                               6      9     -3 (VIOLATED)
fanout205/X                               6      9     -3 (VIOLATED)
fanout212/X                               6      9     -3 (VIOLATED)
fanout215/X                               6      9     -3 (VIOLATED)
fanout235/X                               6      9     -3 (VIOLATED)
fanout239/X                               6      9     -3 (VIOLATED)
fanout241/X                               6      9     -3 (VIOLATED)
fanout243/X                               6      9     -3 (VIOLATED)
fanout247/X                               6      9     -3 (VIOLATED)
fanout249/X                               6      9     -3 (VIOLATED)
fanout251/X                               6      9     -3 (VIOLATED)
fanout254/X                               6      9     -3 (VIOLATED)
fanout263/X                               6      9     -3 (VIOLATED)
fanout279/X                               6      9     -3 (VIOLATED)
fanout285/X                               6      9     -3 (VIOLATED)
fanout286/X                               6      9     -3 (VIOLATED)
fanout311/X                               6      9     -3 (VIOLATED)
fanout321/X                               6      9     -3 (VIOLATED)
fanout351/X                               6      9     -3 (VIOLATED)
fanout356/X                               6      9     -3 (VIOLATED)
fanout363/X                               6      9     -3 (VIOLATED)
fanout368/X                               6      9     -3 (VIOLATED)
fanout380/X                               6      9     -3 (VIOLATED)
fanout395/X                               6      9     -3 (VIOLATED)
fanout396/X                               6      9     -3 (VIOLATED)
fanout406/X                               6      9     -3 (VIOLATED)
fanout422/X                               6      9     -3 (VIOLATED)
fanout436/X                               6      9     -3 (VIOLATED)
fanout452/X                               6      9     -3 (VIOLATED)
fanout462/X                               6      9     -3 (VIOLATED)
fanout469/X                               6      9     -3 (VIOLATED)
fanout483/X                               6      9     -3 (VIOLATED)
fanout501/X                               6      9     -3 (VIOLATED)
fanout512/X                               6      9     -3 (VIOLATED)
fanout514/X                               6      9     -3 (VIOLATED)
fanout549/X                               6      9     -3 (VIOLATED)
fanout557/X                               6      9     -3 (VIOLATED)
fanout574/X                               6      9     -3 (VIOLATED)
fanout581/X                               6      9     -3 (VIOLATED)
fanout608/X                               6      9     -3 (VIOLATED)
fanout633/X                               6      9     -3 (VIOLATED)
fanout752/X                               6      9     -3 (VIOLATED)
fanout801/X                               6      9     -3 (VIOLATED)
fanout826/X                               6      9     -3 (VIOLATED)
fanout835/X                               6      9     -3 (VIOLATED)
fanout850/X                               6      9     -3 (VIOLATED)
hold3822/X                                6      9     -3 (VIOLATED)
hold3825/X                                6      9     -3 (VIOLATED)
hold3837/X                                6      9     -3 (VIOLATED)
hold3859/X                                6      9     -3 (VIOLATED)
hold3862/X                                6      9     -3 (VIOLATED)
hold3897/X                                6      9     -3 (VIOLATED)
_2648_/Y                                  6      8     -2 (VIOLATED)
clkbuf_leaf_13_clk_i/X                    6      8     -2 (VIOLATED)
clkbuf_leaf_15_clk_i/X                    6      8     -2 (VIOLATED)
clkbuf_leaf_19_clk_i/X                    6      8     -2 (VIOLATED)
clkbuf_leaf_27_clk_i/X                    6      8     -2 (VIOLATED)
clkbuf_leaf_49_clk_i/X                    6      8     -2 (VIOLATED)
clkbuf_leaf_56_clk_i/X                    6      8     -2 (VIOLATED)
clkbuf_leaf_57_clk_i/X                    6      8     -2 (VIOLATED)
clkbuf_leaf_65_clk_i/X                    6      8     -2 (VIOLATED)
clkbuf_leaf_76_clk_i/X                    6      8     -2 (VIOLATED)
clkbuf_leaf_82_clk_i/X                    6      8     -2 (VIOLATED)
fanout154/X                               6      8     -2 (VIOLATED)
fanout372/X                               6      8     -2 (VIOLATED)
fanout385/X                               6      8     -2 (VIOLATED)
fanout435/X                               6      8     -2 (VIOLATED)
fanout516/X                               6      8     -2 (VIOLATED)
fanout764/X                               6      8     -2 (VIOLATED)
hold1716/X                                6      8     -2 (VIOLATED)
input25/X                                 6      8     -2 (VIOLATED)
_2658_/Y                                  6      7        (VIOLATED)
_4378_/Q                                  6      7        (VIOLATED)
_4389_/Q                                  6      7        (VIOLATED)
_4390_/Q                                  6      7        (VIOLATED)
_4393_/Q                                  6      7        (VIOLATED)
clkbuf_leaf_20_clk_i/X                    6      7        (VIOLATED)
clkbuf_leaf_29_clk_i/X                    6      7        (VIOLATED)
clkbuf_leaf_30_clk_i/X                    6      7        (VIOLATED)
clkbuf_leaf_32_clk_i/X                    6      7        (VIOLATED)
clkbuf_leaf_34_clk_i/X                    6      7        (VIOLATED)
clkbuf_leaf_36_clk_i/X                    6      7        (VIOLATED)
clkbuf_leaf_54_clk_i/X                    6      7        (VIOLATED)
clkbuf_leaf_69_clk_i/X                    6      7        (VIOLATED)
clkbuf_leaf_70_clk_i/X                    6      7        (VIOLATED)
clkbuf_leaf_73_clk_i/X                    6      7        (VIOLATED)
fanout134/X                               6      7        (VIOLATED)
fanout150/X                               6      7        (VIOLATED)
fanout162/X                               6      7        (VIOLATED)
fanout170/X                               6      7        (VIOLATED)
fanout181/X                               6      7        (VIOLATED)
fanout188/X                               6      7        (VIOLATED)
fanout207/X                               6      7        (VIOLATED)
fanout223/X                               6      7        (VIOLATED)
fanout232/X                               6      7        (VIOLATED)
fanout278/X                               6      7        (VIOLATED)
fanout303/X                               6      7        (VIOLATED)
fanout313/X                               6      7        (VIOLATED)
fanout322/X                               6      7        (VIOLATED)
fanout323/X                               6      7        (VIOLATED)
fanout345/X                               6      7        (VIOLATED)
fanout358/X                               6      7        (VIOLATED)
fanout442/X                               6      7        (VIOLATED)
fanout443/X                               6      7        (VIOLATED)
fanout455/X                               6      7        (VIOLATED)
fanout457/X                               6      7        (VIOLATED)
fanout459/X                               6      7        (VIOLATED)
fanout464/X                               6      7        (VIOLATED)
fanout465/X                               6      7        (VIOLATED)
fanout468/X                               6      7        (VIOLATED)
fanout487/X                               6      7        (VIOLATED)
fanout496/X                               6      7        (VIOLATED)
fanout504/X                               6      7        (VIOLATED)
fanout595/X                               6      7        (VIOLATED)
fanout596/X                               6      7        (VIOLATED)
fanout605/X                               6      7        (VIOLATED)
fanout647/X                               6      7        (VIOLATED)
fanout754/X                               6      7        (VIOLATED)
fanout757/X                               6      7        (VIOLATED)
fanout789/X                               6      7        (VIOLATED)
fanout818/X                               6      7        (VIOLATED)
fanout847/X                               6      7        (VIOLATED)
fanout856/X                               6      7        (VIOLATED)
fanout861/X                               6      7        (VIOLATED)
fanout862/X                               6      7        (VIOLATED)
hold1345/X                                6      7        (VIOLATED)
hold1444/X                                6      7        (VIOLATED)
hold1445/X                                6      7        (VIOLATED)
hold1554/X                                6      7        (VIOLATED)
hold1580/X                                6      7        (VIOLATED)
hold1652/X                                6      7        (VIOLATED)
hold3768/X                                6      7        (VIOLATED)
input30/X                                 6      7        (VIOLATED)
input32/X                                 6      7        (VIOLATED)
input40/X                                 6      7        (VIOLATED)
input9/X                                  6      7        (VIOLATED)

max capacitance

Pin                                        Limit         Cap       Slack
------------------------------------------------------------------------
clkbuf_0_clk_i/X                        0.200000    0.318230   -0.118230 (VIOLATED)
fanout589/X                             0.200000    0.282011   -0.082011 (VIOLATED)
_2648_/Y                                0.092478    0.141612   -0.049133 (VIOLATED)
clkbuf_3_0__f_clk_i/X                   0.200000    0.228024   -0.028024 (VIOLATED)
fanout151/X                             0.200000    0.222588   -0.022588 (VIOLATED)
_2862_/Y                                0.054942    0.076929   -0.021987 (VIOLATED)
_2186_/Y                                0.049448    0.068286   -0.018838 (VIOLATED)
hold2992/X                              0.154734    0.170024   -0.015290 (VIOLATED)
fanout412/X                             0.200000    0.212741   -0.012741 (VIOLATED)
fanout411/X                             0.200000    0.211566   -0.011566 (VIOLATED)
_2843_/Y                                0.054942    0.065771   -0.010829 (VIOLATED)
_3486_/Y                                0.064097    0.074509   -0.010412 (VIOLATED)
_2654_/Y                                0.086070    0.096174   -0.010104 (VIOLATED)
fanout384/X                             0.200000    0.206493   -0.006493 (VIOLATED)
fanout281/X                             0.200000    0.206298   -0.006298 (VIOLATED)
_3387_/Y                                0.064097    0.069597   -0.005500 (VIOLATED)
fanout174/X                             0.200000    0.200214   -0.000214 (VIOLATED)



===========================================================================
report_parasitic_annotation -report_unannotated
============================================================================
Found 146 unannotated drivers.
 tl_i[0]
 tl_i[103]
 tl_i[104]
 tl_i[105]
 tl_i[106]
 tl_i[10]
 tl_i[11]
 tl_i[12]
 tl_i[13]
 tl_i[14]
 tl_i[15]
 tl_i[16]
 tl_i[17]
 tl_i[18]
 tl_i[19]
 tl_i[1]
 tl_i[20]
 tl_i[21]
 tl_i[22]
 tl_i[23]
 tl_i[24]
 tl_i[2]
 tl_i[3]
 tl_i[4]
 tl_i[57]
 tl_i[58]
 tl_i[59]
 tl_i[5]
 tl_i[60]
 tl_i[69]
 tl_i[6]
 tl_i[70]
 tl_i[71]
 tl_i[72]
 tl_i[73]
 tl_i[74]
 tl_i[75]
 tl_i[76]
 tl_i[77]
 tl_i[78]
 tl_i[79]
 tl_i[7]
 tl_i[80]
 tl_i[81]
 tl_i[82]
 tl_i[83]
 tl_i[84]
 tl_i[85]
 tl_i[86]
 tl_i[87]
 tl_i[88]
 tl_i[89]
 tl_i[8]
 tl_i[90]
 tl_i[91]
 tl_i[92]
 tl_i[9]
 clkload0/Y
 clkload1/Y
 clkload10/Y
 clkload11/Y
 clkload12/Y
 clkload13/X
 clkload14/Y
 clkload15/Y
 clkload16/Y
 clkload17/Y
 clkload18/Y
 clkload19/Y
 clkload2/Y
 clkload20/Y
 clkload21/Y
 clkload22/Y
 clkload23/Y
 clkload24/Y
 clkload25/Y
 clkload26/Y
 clkload27/Y
 clkload28/X
 clkload29/Y
 clkload3/Y
 clkload30/Y
 clkload31/Y
 clkload32/Y
 clkload33/Y
 clkload34/X
 clkload35/Y
 clkload36/X
 clkload37/X
 clkload38/X
 clkload39/X
 clkload4/Y
 clkload40/Y
 clkload41/Y
 clkload42/X
 clkload43/Y
 clkload44/Y
 clkload45/Y
 clkload46/X
 clkload47/Y
 clkload48/X
 clkload49/X
 clkload5/Y
 clkload50/Y
 clkload51/Y
 clkload52/X
 clkload53/Y
 clkload54/Y
 clkload55/Y
 clkload56/Y
 clkload57/Y
 clkload58/Y
 clkload59/Y
 clkload6/Y
 clkload60/Y
 clkload61/Y
 clkload62/Y
 clkload63/Y
 clkload64/Y
 clkload65/Y
 clkload66/Y
 clkload67/X
 clkload68/Y
 clkload69/Y
 clkload7/Y
 clkload70/X
 clkload71/X
 clkload72/X
 clkload73/Y
 clkload74/Y
 clkload75/Y
 clkload76/X
 clkload77/Y
 clkload78/Y
 clkload79/Y
 clkload8/Y
 clkload80/Y
 clkload9/X
 spi_host_lite_863/HI
 spi_host_lite_864/HI
 spi_host_lite_865/HI
 spi_host_lite_866/HI
 spi_host_lite_867/HI
 spi_host_lite_868/HI
 spi_host_lite_869/HI
 spi_host_lite_870/LO
Found 0 partially unannotated drivers.

===========================================================================
max slew violation count 195
max fanout violation count 485
max cap violation count 17
============================================================================

===========================================================================
check_setup -verbose -unconstrained_endpoints -multiple_clock -no_clock -no_input_delay -loops -generated_clocks
===========================================================================
Warning: There are 8 unconstrained endpoints.
  tl_o[0]
  tl_o[15]
  tl_o[48]
  tl_o[59]
  tl_o[60]
  tl_o[61]
  tl_o[63]
  tl_o[64]
