Clock: clk_i
Sources: clk_i 
Generated: no
Virtual: yes
Propagated: no
Period: 25.000000

===========================================================================
report_clock_properties
============================================================================
Clock                   Period          Waveform
----------------------------------------------------
clk_i                25.000000    0.000000 12.500000

===========================================================================
report_clock_latency
============================================================================
Clock clk_i
rise -> rise
    min     max
0.000000 0.000000 source latency
0.781101         network latency _4560_/CLK
        1.018139 network latency _4153_/CLK
---------------
0.781101 1.018139 latency
        0.237038 skew

fall -> fall
    min     max
0.000000 0.000000 source latency
0.612299         network latency _4560_/CLK
        0.828010 network latency _4153_/CLK
---------------
0.612299 0.828010 latency
        0.215711 skew



===========================================================================
report_clock_min_period
============================================================================
clk_i period_min = 11.17 fmax = 89.50
