
===========================================================================
 report_power
============================================================================
======================= nom_tt_025C_1v80 Corner ===================================

Group                    Internal    Switching      Leakage        Total
                            Power        Power        Power        Power (Watts)
------------------------------------------------------------------------
Sequential           1.118729e-03 1.167617e-06 6.617552e-09 1.119903e-03  44.8%
Combinational        4.353977e-05 7.315201e-05 4.128260e-08 1.167331e-04   4.7%
Clock                6.762370e-04 5.844033e-04 2.462061e-09 1.260643e-03  50.5%
Macro                0.000000e+00 0.000000e+00 0.000000e+00 0.000000e+00   0.0%
Pad                  0.000000e+00 0.000000e+00 0.000000e+00 0.000000e+00   0.0%
------------------------------------------------------------------------
Total                1.838503e-03 6.587229e-04 5.036277e-08 2.497276e-03 100.0%
                            73.6%        26.4%         0.0%

