
===========================================================================
report_checks -unconstrained
===========================================================================
======================= max_ss_100C_1v60 Corner ===================================

Startpoint: tl_u_rom_i[65] (input port clocked by clk_i)
Endpoint: tl_host_o[58] (output port clocked by clk_i)
Path Group: clk_i
Path Type: max

Fanout         Cap        Slew       Delay        Time   Description
---------------------------------------------------------------------------------------------
                                  0.000000    0.000000   clock clk_i (rise edge)
                                  0.000000    0.000000   clock network delay (propagated)
                                  5.000000    5.000000 v input external delay
     2    0.006993    0.035117    0.022337    5.022337 v tl_u_rom_i[65] (in)
                                                         tl_u_rom_i[65] (net)
                      0.035120    0.000000    5.022337 v input293/A (sky130_fd_sc_hd__buf_6)
     5    0.131720    0.202045    0.319469    5.341807 v input293/X (sky130_fd_sc_hd__buf_6)
                                                         net293 (net)
                      0.202184    0.004579    5.346385 v fanout1512/A (sky130_fd_sc_hd__buf_8)
     7    0.155620    0.195264    0.361844    5.708230 v fanout1512/X (sky130_fd_sc_hd__buf_8)
                                                         net1512 (net)
                      0.195756    0.009702    5.717931 v fanout1511/A (sky130_fd_sc_hd__clkbuf_16)
     7    0.185392    0.207512    0.434085    6.152016 v fanout1511/X (sky130_fd_sc_hd__clkbuf_16)
                                                         net1511 (net)
                      0.222857    0.043554    6.195570 v _0385_/A (sky130_fd_sc_hd__clkinv_4)
     3    0.078315    0.247874    0.275231    6.470800 ^ _0385_/Y (sky130_fd_sc_hd__clkinv_4)
                                                         _0021_ (net)
                      0.253264    0.029045    6.499846 ^ fanout1424/A (sky130_fd_sc_hd__buf_12)
     7    0.227635    0.399457    0.413073    6.912918 ^ fanout1424/X (sky130_fd_sc_hd__buf_12)
                                                         net1424 (net)
                      0.399901    0.013684    6.926602 ^ fanout1423/A (sky130_fd_sc_hd__buf_6)
     7    0.147169    0.462915    0.549553    7.476155 ^ fanout1423/X (sky130_fd_sc_hd__buf_6)
                                                         net1423 (net)
                      0.462947    0.003540    7.479695 ^ fanout1422/A (sky130_fd_sc_hd__clkbuf_8)
     7    0.120996    0.336752    0.568688    8.048384 ^ fanout1422/X (sky130_fd_sc_hd__clkbuf_8)
                                                         net1422 (net)
                      0.336835    0.004742    8.053125 ^ fanout1421/A (sky130_fd_sc_hd__buf_4)
    13    0.100372    0.442754    0.582302    8.635427 ^ fanout1421/X (sky130_fd_sc_hd__buf_4)
                                                         net1421 (net)
                      0.445295    0.027352    8.662780 ^ fanout1418/A (sky130_fd_sc_hd__buf_2)
     7    0.064452    0.494621    0.654572    9.317352 ^ fanout1418/X (sky130_fd_sc_hd__buf_2)
                                                         net1418 (net)
                      0.494628    0.001628    9.318980 ^ fanout1416/A (sky130_fd_sc_hd__buf_2)
    13    0.058487    0.451456    0.644095    9.963075 ^ fanout1416/X (sky130_fd_sc_hd__buf_2)
                                                         net1416 (net)
                      0.451901    0.009575    9.972650 ^ _0444_/A (sky130_fd_sc_hd__nand2_2)
     7    0.049463    0.435654    0.509853   10.482502 v _0444_/Y (sky130_fd_sc_hd__nand2_2)
                                                         _0072_ (net)
                      0.435783    0.002018   10.484520 v fanout1333/A (sky130_fd_sc_hd__clkbuf_4)
    13    0.079755    0.286989    0.604743   11.089263 v fanout1333/X (sky130_fd_sc_hd__clkbuf_4)
                                                         net1333 (net)
                      0.286997    0.002006   11.091269 v fanout1332/A (sky130_fd_sc_hd__clkbuf_2)
     6    0.032216    0.228712    0.423235   11.514504 v fanout1332/X (sky130_fd_sc_hd__clkbuf_2)
                                                         net1332 (net)
                      0.228722    0.001775   11.516280 v _0635_/B1 (sky130_fd_sc_hd__o221a_1)
     1    0.003932    0.104463    0.505237   12.021517 v _0635_/X (sky130_fd_sc_hd__o221a_1)
                                                         _0230_ (net)
                      0.104463    0.000277   12.021793 v _0636_/B (sky130_fd_sc_hd__or2_1)
     1    0.017059    0.215106    0.609791   12.631585 v _0636_/X (sky130_fd_sc_hd__or2_1)
                                                         _0231_ (net)
                      0.215121    0.002006   12.633591 v _0638_/B1 (sky130_fd_sc_hd__a22o_2)
     3    0.051809    0.271242    0.647959   13.281549 v _0638_/X (sky130_fd_sc_hd__a22o_2)
                                                         net549 (net)
                      0.271828    0.011042   13.292591 v output549/A (sky130_fd_sc_hd__buf_2)
     1    0.034701    0.168290    0.441928   13.734520 v output549/X (sky130_fd_sc_hd__buf_2)
                                                         tl_host_o[58] (net)
                      0.168306    0.001699   13.736218 v tl_host_o[58] (out)
                                             13.736218   data arrival time

                                 25.000000   25.000000   clock clk_i (rise edge)
                                  0.000000   25.000000   clock network delay (propagated)
                                 -0.250000   24.750000   clock uncertainty
                                  0.000000   24.750000   clock reconvergence pessimism
                                 -5.000000   19.750000   output external delay
                                             19.750000   data required time
---------------------------------------------------------------------------------------------
                                             19.750000   data required time
                                            -13.736218   data arrival time
---------------------------------------------------------------------------------------------
                                              6.013781   slack (MET)




===========================================================================
report_checks --slack_max -0.01
============================================================================
======================= max_ss_100C_1v60 Corner ===================================

No paths found.


===========================================================================
 report_check_types -max_slew -max_cap -max_fanout -violators
============================================================================
======================= max_ss_100C_1v60 Corner ===================================

max slew

Pin                                        Limit        Slew       Slack
------------------------------------------------------------------------
_0846_/A                                1.000000    1.733057   -0.733057 (VIOLATED)
ANTENNA__0846__A/DIODE                  1.000000    1.733036   -0.733036 (VIOLATED)
ANTENNA_fanout1602_A/DIODE              1.000000    1.705259   -0.705259 (VIOLATED)
fanout1602/A                            1.000000    1.705260   -0.705260 (VIOLATED)
tl_host_i[5]                            1.000000    1.705256   -0.705256 (VIOLATED)
_1283_/A                                1.000000    1.321707   -0.321707 (VIOLATED)
ANTENNA__1283__A/DIODE                  1.000000    1.321701   -0.321701 (VIOLATED)
fanout1600/A                            1.000000    1.319734   -0.319733 (VIOLATED)
ANTENNA_fanout1600_A/DIODE              1.000000    1.319733   -0.319733 (VIOLATED)
tl_host_i[6]                            1.000000    1.319706   -0.319706 (VIOLATED)
_1164_/A                                1.000000    1.237643   -0.237643 (VIOLATED)
ANTENNA__1164__A/DIODE                  1.000000    1.237640   -0.237640 (VIOLATED)
fanout1661/A                            1.000000    1.237462   -0.237462 (VIOLATED)
ANTENNA_fanout1661_A/DIODE              1.000000    1.237459   -0.237459 (VIOLATED)
tl_host_i[105]                          1.000000    1.237411   -0.237411 (VIOLATED)
fanout1632/A                            1.000000    1.227071   -0.227071 (VIOLATED)
ANTENNA_fanout1632_A/DIODE              1.000000    1.227065   -0.227065 (VIOLATED)
_0874_/A                                1.000000    1.226652   -0.226652 (VIOLATED)
ANTENNA__0874__A/DIODE                  1.000000    1.226651   -0.226651 (VIOLATED)
tl_host_i[33]                           1.000000    1.226486   -0.226486 (VIOLATED)
_0845_/A                                1.000000    1.197685   -0.197685 (VIOLATED)
ANTENNA__0845__A/DIODE                  1.000000    1.197676   -0.197676 (VIOLATED)
fanout1613/A                            1.000000    1.195899   -0.195899 (VIOLATED)
ANTENNA_fanout1613_A/DIODE              1.000000    1.195344   -0.195344 (VIOLATED)
_1309_/A                                1.000000    1.190120   -0.190120 (VIOLATED)
ANTENNA__1309__A/DIODE                  1.000000    1.190109   -0.190109 (VIOLATED)
tl_host_i[4]                            1.000000    1.185847   -0.185847 (VIOLATED)
fanout1639/A                            1.000000    1.179986   -0.179986 (VIOLATED)
ANTENNA_fanout1639_A/DIODE              1.000000    1.179973   -0.179973 (VIOLATED)
_0868_/A                                1.000000    1.179626   -0.179626 (VIOLATED)
ANTENNA__0868__A/DIODE                  1.000000    1.179623   -0.179623 (VIOLATED)
tl_host_i[27]                           1.000000    1.179435   -0.179435 (VIOLATED)
fanout1633/A                            1.000000    1.176139   -0.176139 (VIOLATED)
ANTENNA_fanout1633_A/DIODE              1.000000    1.175857   -0.175857 (VIOLATED)
tl_host_i[32]                           1.000000    1.175364   -0.175364 (VIOLATED)
_1263_/A                                1.000000    1.168492   -0.168492 (VIOLATED)
ANTENNA__1263__A/DIODE                  1.000000    1.168481   -0.168481 (VIOLATED)
fanout1595/A                            1.000000    1.167334   -0.167334 (VIOLATED)
ANTENNA_fanout1595_A/DIODE              1.000000    1.167304   -0.167304 (VIOLATED)
tl_host_i[95]                           1.000000    1.166589   -0.166590 (VIOLATED)
_1332_/A                                1.000000    1.114474   -0.114474 (VIOLATED)
ANTENNA__1332__A/DIODE                  1.000000    1.114460   -0.114460 (VIOLATED)
tl_host_i[55]                           1.000000    1.107382   -0.107382 (VIOLATED)
ANTENNA_fanout1607_A/DIODE              1.000000    1.107382   -0.107382 (VIOLATED)
fanout1607/A                            1.000000    1.107382   -0.107382 (VIOLATED)
_1327_/A                                1.000000    1.105589   -0.105589 (VIOLATED)
ANTENNA__1327__A/DIODE                  1.000000    1.105579   -0.105579 (VIOLATED)
ANTENNA_fanout1612_A/DIODE              1.000000    1.091548   -0.091548 (VIOLATED)
fanout1612/A                            1.000000    1.091463   -0.091464 (VIOLATED)
tl_host_i[50]                           1.000000    1.091262   -0.091262 (VIOLATED)
_0699_/Y                                1.000000    1.023196   -0.023196 (VIOLATED)
_0705_/A                                1.000000    1.023196   -0.023196 (VIOLATED)
_0709_/A                                1.000000    1.023196   -0.023196 (VIOLATED)
_0718_/B                                1.000000    1.023196   -0.023196 (VIOLATED)

max fanout

Pin                                   Limit Fanout  Slack
---------------------------------------------------------
fanout1333/X                              6     13     -7 (VIOLATED)
fanout1334/X                              6     13     -7 (VIOLATED)
fanout1336/X                              6     13     -7 (VIOLATED)
fanout1337/X                              6     13     -7 (VIOLATED)
fanout1338/X                              6     13     -7 (VIOLATED)
fanout1339/X                              6     13     -7 (VIOLATED)
fanout1341/X                              6     13     -7 (VIOLATED)
fanout1344/X                              6     13     -7 (VIOLATED)
fanout1349/X                              6     13     -7 (VIOLATED)
fanout1352/X                              6     13     -7 (VIOLATED)
fanout1353/X                              6     13     -7 (VIOLATED)
fanout1354/X                              6     13     -7 (VIOLATED)
fanout1355/X                              6     13     -7 (VIOLATED)
fanout1357/X                              6     13     -7 (VIOLATED)
fanout1361/X                              6     13     -7 (VIOLATED)
fanout1362/X                              6     13     -7 (VIOLATED)
fanout1363/X                              6     13     -7 (VIOLATED)
fanout1364/X                              6     13     -7 (VIOLATED)
fanout1365/X                              6     13     -7 (VIOLATED)
fanout1366/X                              6     13     -7 (VIOLATED)
fanout1372/X                              6     13     -7 (VIOLATED)
fanout1373/X                              6     13     -7 (VIOLATED)
fanout1374/X                              6     13     -7 (VIOLATED)
fanout1375/X                              6     13     -7 (VIOLATED)
fanout1377/X                              6     13     -7 (VIOLATED)
fanout1380/X                              6     13     -7 (VIOLATED)
fanout1382/X                              6     13     -7 (VIOLATED)
fanout1383/X                              6     13     -7 (VIOLATED)
fanout1387/X                              6     13     -7 (VIOLATED)
fanout1388/X                              6     13     -7 (VIOLATED)
fanout1389/X                              6     13     -7 (VIOLATED)
fanout1391/X                              6     13     -7 (VIOLATED)
fanout1394/X                              6     13     -7 (VIOLATED)
fanout1395/X                              6     13     -7 (VIOLATED)
fanout1396/X                              6     13     -7 (VIOLATED)
fanout1398/X                              6     13     -7 (VIOLATED)
fanout1407/X                              6     13     -7 (VIOLATED)
fanout1408/X                              6     13     -7 (VIOLATED)
fanout1409/X                              6     13     -7 (VIOLATED)
fanout1410/X                              6     13     -7 (VIOLATED)
fanout1412/X                              6     13     -7 (VIOLATED)
fanout1415/X                              6     13     -7 (VIOLATED)
fanout1416/X                              6     13     -7 (VIOLATED)
fanout1417/X                              6     13     -7 (VIOLATED)
fanout1419/X                              6     13     -7 (VIOLATED)
fanout1421/X                              6     13     -7 (VIOLATED)
fanout1425/X                              6     13     -7 (VIOLATED)
fanout1426/X                              6     13     -7 (VIOLATED)
fanout1427/X                              6     13     -7 (VIOLATED)
fanout1429/X                              6     13     -7 (VIOLATED)
fanout1432/X                              6     13     -7 (VIOLATED)
fanout1435/X                              6     13     -7 (VIOLATED)
fanout1437/X                              6     13     -7 (VIOLATED)
fanout1440/X                              6     13     -7 (VIOLATED)
fanout1442/X                              6     13     -7 (VIOLATED)
fanout1444/X                              6     13     -7 (VIOLATED)
fanout1446/X                              6     13     -7 (VIOLATED)
fanout1448/X                              6     13     -7 (VIOLATED)
fanout1450/X                              6     13     -7 (VIOLATED)
fanout1451/X                              6     13     -7 (VIOLATED)
fanout1452/X                              6     13     -7 (VIOLATED)
fanout1454/X                              6     13     -7 (VIOLATED)
fanout1457/X                              6     13     -7 (VIOLATED)
fanout1458/X                              6     13     -7 (VIOLATED)
fanout1461/X                              6     13     -7 (VIOLATED)
fanout1465/X                              6     13     -7 (VIOLATED)
fanout1468/X                              6     13     -7 (VIOLATED)
fanout1470/X                              6     13     -7 (VIOLATED)
fanout1471/X                              6     13     -7 (VIOLATED)
fanout1473/X                              6     13     -7 (VIOLATED)
fanout1477/X                              6     13     -7 (VIOLATED)
fanout1478/X                              6     13     -7 (VIOLATED)
fanout1479/X                              6     13     -7 (VIOLATED)
fanout1481/X                              6     13     -7 (VIOLATED)
fanout1483/X                              6     13     -7 (VIOLATED)
fanout1487/X                              6     13     -7 (VIOLATED)
fanout1489/X                              6     13     -7 (VIOLATED)
fanout1491/X                              6     13     -7 (VIOLATED)
fanout1493/X                              6     13     -7 (VIOLATED)
fanout1497/X                              6     13     -7 (VIOLATED)
fanout1499/X                              6     13     -7 (VIOLATED)
fanout1500/X                              6     13     -7 (VIOLATED)
fanout1502/X                              6     13     -7 (VIOLATED)
fanout1505/X                              6     13     -7 (VIOLATED)
fanout1506/X                              6     13     -7 (VIOLATED)
fanout1508/X                              6     13     -7 (VIOLATED)
fanout1513/X                              6     13     -7 (VIOLATED)
fanout1515/X                              6     13     -7 (VIOLATED)
fanout1517/X                              6     13     -7 (VIOLATED)
fanout1519/X                              6     13     -7 (VIOLATED)
fanout1521/X                              6     13     -7 (VIOLATED)
fanout1523/X                              6     13     -7 (VIOLATED)
fanout1525/X                              6     13     -7 (VIOLATED)
fanout1528/X                              6     13     -7 (VIOLATED)
fanout1531/X                              6     13     -7 (VIOLATED)
fanout1533/X                              6     13     -7 (VIOLATED)
fanout1535/X                              6     13     -7 (VIOLATED)
fanout1537/X                              6     13     -7 (VIOLATED)
fanout1539/X                              6     13     -7 (VIOLATED)
fanout1545/X                              6     13     -7 (VIOLATED)
fanout1546/X                              6     13     -7 (VIOLATED)
fanout1547/X                              6     13     -7 (VIOLATED)
fanout1548/X                              6     13     -7 (VIOLATED)
fanout1551/X                              6     13     -7 (VIOLATED)
fanout1552/X                              6     13     -7 (VIOLATED)
fanout1553/X                              6     13     -7 (VIOLATED)
fanout1555/X                              6     13     -7 (VIOLATED)
fanout1556/X                              6     13     -7 (VIOLATED)
fanout1558/X                              6     13     -7 (VIOLATED)
fanout1560/X                              6     13     -7 (VIOLATED)
fanout1562/X                              6     13     -7 (VIOLATED)
fanout1564/X                              6     13     -7 (VIOLATED)
fanout1565/X                              6     13     -7 (VIOLATED)
fanout1567/X                              6     13     -7 (VIOLATED)
fanout1571/X                              6     13     -7 (VIOLATED)
fanout1574/X                              6     13     -7 (VIOLATED)
fanout1578/X                              6     13     -7 (VIOLATED)
fanout1581/X                              6     13     -7 (VIOLATED)
fanout1583/X                              6     13     -7 (VIOLATED)
fanout1585/X                              6     13     -7 (VIOLATED)
fanout1587/X                              6     13     -7 (VIOLATED)
fanout1590/X                              6     13     -7 (VIOLATED)
fanout1591/X                              6     13     -7 (VIOLATED)
fanout1592/X                              6     13     -7 (VIOLATED)
fanout1593/X                              6     13     -7 (VIOLATED)
fanout1594/X                              6     13     -7 (VIOLATED)
fanout1595/X                              6     13     -7 (VIOLATED)
fanout1596/X                              6     13     -7 (VIOLATED)
fanout1597/X                              6     13     -7 (VIOLATED)
fanout1598/X                              6     13     -7 (VIOLATED)
fanout1599/X                              6     13     -7 (VIOLATED)
fanout1600/X                              6     13     -7 (VIOLATED)
fanout1601/X                              6     13     -7 (VIOLATED)
fanout1602/X                              6     13     -7 (VIOLATED)
fanout1603/X                              6     13     -7 (VIOLATED)
fanout1604/X                              6     13     -7 (VIOLATED)
fanout1605/X                              6     13     -7 (VIOLATED)
fanout1606/X                              6     13     -7 (VIOLATED)
fanout1607/X                              6     13     -7 (VIOLATED)
fanout1608/X                              6     13     -7 (VIOLATED)
fanout1609/X                              6     13     -7 (VIOLATED)
fanout1610/X                              6     13     -7 (VIOLATED)
fanout1611/X                              6     13     -7 (VIOLATED)
fanout1612/X                              6     13     -7 (VIOLATED)
fanout1613/X                              6     13     -7 (VIOLATED)
fanout1614/X                              6     13     -7 (VIOLATED)
fanout1615/X                              6     13     -7 (VIOLATED)
fanout1616/X                              6     13     -7 (VIOLATED)
fanout1617/X                              6     13     -7 (VIOLATED)
fanout1618/X                              6     13     -7 (VIOLATED)
fanout1619/X                              6     13     -7 (VIOLATED)
fanout1620/X                              6     13     -7 (VIOLATED)
fanout1621/X                              6     13     -7 (VIOLATED)
fanout1622/X                              6     13     -7 (VIOLATED)
fanout1623/X                              6     13     -7 (VIOLATED)
fanout1624/X                              6     13     -7 (VIOLATED)
fanout1625/X                              6     13     -7 (VIOLATED)
fanout1626/X                              6     13     -7 (VIOLATED)
fanout1627/X                              6     13     -7 (VIOLATED)
fanout1628/X                              6     13     -7 (VIOLATED)
fanout1629/X                              6     13     -7 (VIOLATED)
fanout1630/X                              6     13     -7 (VIOLATED)
fanout1632/X                              6     13     -7 (VIOLATED)
fanout1633/X                              6     13     -7 (VIOLATED)
fanout1634/X                              6     13     -7 (VIOLATED)
fanout1635/X                              6     13     -7 (VIOLATED)
fanout1636/X                              6     13     -7 (VIOLATED)
fanout1637/X                              6     13     -7 (VIOLATED)
fanout1638/X                              6     13     -7 (VIOLATED)
fanout1639/X                              6     13     -7 (VIOLATED)
fanout1640/X                              6     13     -7 (VIOLATED)
fanout1641/X                              6     13     -7 (VIOLATED)
fanout1642/X                              6     13     -7 (VIOLATED)
fanout1643/X                              6     13     -7 (VIOLATED)
fanout1644/X                              6     13     -7 (VIOLATED)
fanout1645/X                              6     13     -7 (VIOLATED)
fanout1646/X                              6     13     -7 (VIOLATED)
fanout1647/X                              6     13     -7 (VIOLATED)
fanout1648/X                              6     13     -7 (VIOLATED)
fanout1649/X                              6     13     -7 (VIOLATED)
fanout1650/X                              6     13     -7 (VIOLATED)
fanout1651/X                              6     13     -7 (VIOLATED)
fanout1652/X                              6     13     -7 (VIOLATED)
fanout1653/X                              6     13     -7 (VIOLATED)
fanout1654/X                              6     13     -7 (VIOLATED)
fanout1655/X                              6     13     -7 (VIOLATED)
fanout1656/X                              6     13     -7 (VIOLATED)
fanout1657/X                              6     13     -7 (VIOLATED)
fanout1658/X                              6     13     -7 (VIOLATED)
fanout1659/X                              6     13     -7 (VIOLATED)
fanout1660/X                              6     13     -7 (VIOLATED)
fanout1663/X                              6     13     -7 (VIOLATED)
fanout1664/X                              6     13     -7 (VIOLATED)
fanout1665/X                              6     13     -7 (VIOLATED)
fanout1666/X                              6     13     -7 (VIOLATED)
fanout1667/X                              6     13     -7 (VIOLATED)
fanout1668/X                              6     13     -7 (VIOLATED)
fanout1359/X                              6     11     -5 (VIOLATED)
fanout1360/X                              6     11     -5 (VIOLATED)
fanout1420/X                              6     11     -5 (VIOLATED)
fanout1436/X                              6     11     -5 (VIOLATED)
fanout1464/X                              6     11     -5 (VIOLATED)
fanout1475/X                              6     11     -5 (VIOLATED)
fanout1476/X                              6     11     -5 (VIOLATED)
fanout1480/X                              6     11     -5 (VIOLATED)
fanout1488/X                              6     11     -5 (VIOLATED)
fanout1490/X                              6     11     -5 (VIOLATED)
fanout1492/X                              6     11     -5 (VIOLATED)
fanout1510/X                              6     11     -5 (VIOLATED)
fanout1527/X                              6     11     -5 (VIOLATED)
fanout1532/X                              6     11     -5 (VIOLATED)
fanout1540/X                              6     11     -5 (VIOLATED)
fanout1543/X                              6     11     -5 (VIOLATED)
fanout1549/X                              6     11     -5 (VIOLATED)
fanout1554/X                              6     11     -5 (VIOLATED)
fanout1568/X                              6     11     -5 (VIOLATED)
fanout1573/X                              6     11     -5 (VIOLATED)
fanout1580/X                              6     11     -5 (VIOLATED)
input227/X                                6     11     -5 (VIOLATED)
fanout1345/X                              6      9     -3 (VIOLATED)
fanout1347/X                              6      9     -3 (VIOLATED)
fanout1348/X                              6      9     -3 (VIOLATED)
fanout1350/X                              6      9     -3 (VIOLATED)
fanout1371/X                              6      9     -3 (VIOLATED)
fanout1397/X                              6      9     -3 (VIOLATED)
fanout1399/X                              6      9     -3 (VIOLATED)
fanout1400/X                              6      9     -3 (VIOLATED)
fanout1433/X                              6      9     -3 (VIOLATED)
fanout1460/X                              6      9     -3 (VIOLATED)
fanout1462/X                              6      9     -3 (VIOLATED)
fanout1463/X                              6      9     -3 (VIOLATED)
fanout1482/X                              6      9     -3 (VIOLATED)
fanout1495/X                              6      9     -3 (VIOLATED)
fanout1501/X                              6      9     -3 (VIOLATED)
fanout1503/X                              6      9     -3 (VIOLATED)
fanout1504/X                              6      9     -3 (VIOLATED)
fanout1507/X                              6      9     -3 (VIOLATED)
fanout1509/X                              6      9     -3 (VIOLATED)
fanout1514/X                              6      9     -3 (VIOLATED)
fanout1516/X                              6      9     -3 (VIOLATED)
fanout1530/X                              6      9     -3 (VIOLATED)
fanout1534/X                              6      9     -3 (VIOLATED)
fanout1538/X                              6      9     -3 (VIOLATED)
fanout1544/X                              6      9     -3 (VIOLATED)
fanout1577/X                              6      9     -3 (VIOLATED)
fanout1588/X                              6      9     -3 (VIOLATED)
wire1662/X                                6      9     -3 (VIOLATED)
_0393_/X                                  6      7        (VIOLATED)
_0444_/Y                                  6      7        (VIOLATED)
fanout1340/X                              6      7        (VIOLATED)
fanout1343/X                              6      7        (VIOLATED)
fanout1346/X                              6      7        (VIOLATED)
fanout1356/X                              6      7        (VIOLATED)
fanout1358/X                              6      7        (VIOLATED)
fanout1367/X                              6      7        (VIOLATED)
fanout1368/X                              6      7        (VIOLATED)
fanout1369/X                              6      7        (VIOLATED)
fanout1376/X                              6      7        (VIOLATED)
fanout1378/X                              6      7        (VIOLATED)
fanout1379/X                              6      7        (VIOLATED)
fanout1381/X                              6      7        (VIOLATED)
fanout1384/X                              6      7        (VIOLATED)
fanout1385/X                              6      7        (VIOLATED)
fanout1386/X                              6      7        (VIOLATED)
fanout1390/X                              6      7        (VIOLATED)
fanout1393/X                              6      7        (VIOLATED)
fanout1401/X                              6      7        (VIOLATED)
fanout1402/X                              6      7        (VIOLATED)
fanout1403/X                              6      7        (VIOLATED)
fanout1404/X                              6      7        (VIOLATED)
fanout1411/X                              6      7        (VIOLATED)
fanout1413/X                              6      7        (VIOLATED)
fanout1414/X                              6      7        (VIOLATED)
fanout1418/X                              6      7        (VIOLATED)
fanout1422/X                              6      7        (VIOLATED)
fanout1423/X                              6      7        (VIOLATED)
fanout1424/X                              6      7        (VIOLATED)
fanout1428/X                              6      7        (VIOLATED)
fanout1431/X                              6      7        (VIOLATED)
fanout1434/X                              6      7        (VIOLATED)
fanout1438/X                              6      7        (VIOLATED)
fanout1456/X                              6      7        (VIOLATED)
fanout1466/X                              6      7        (VIOLATED)
fanout1467/X                              6      7        (VIOLATED)
fanout1469/X                              6      7        (VIOLATED)
fanout1472/X                              6      7        (VIOLATED)
fanout1484/X                              6      7        (VIOLATED)
fanout1485/X                              6      7        (VIOLATED)
fanout1486/X                              6      7        (VIOLATED)
fanout1496/X                              6      7        (VIOLATED)
fanout1498/X                              6      7        (VIOLATED)
fanout1511/X                              6      7        (VIOLATED)
fanout1512/X                              6      7        (VIOLATED)
fanout1518/X                              6      7        (VIOLATED)
fanout1526/X                              6      7        (VIOLATED)
fanout1536/X                              6      7        (VIOLATED)
fanout1550/X                              6      7        (VIOLATED)
fanout1557/X                              6      7        (VIOLATED)
fanout1559/X                              6      7        (VIOLATED)
fanout1561/X                              6      7        (VIOLATED)
fanout1569/X                              6      7        (VIOLATED)
fanout1570/X                              6      7        (VIOLATED)
fanout1572/X                              6      7        (VIOLATED)
fanout1576/X                              6      7        (VIOLATED)
fanout1584/X                              6      7        (VIOLATED)
fanout1586/X                              6      7        (VIOLATED)

max capacitance

Pin                                        Limit         Cap       Slack
------------------------------------------------------------------------
fanout1350/X                            0.200000    0.255516   -0.055516 (VIOLATED)
tl_host_i[5]                            0.200000    0.237975   -0.037975 (VIOLATED)
fanout1630/X                            0.200000    0.237344   -0.037344 (VIOLATED)
wire1662/X                              0.200000    0.236049   -0.036049 (VIOLATED)
fanout1602/X                            0.200000    0.230779   -0.030779 (VIOLATED)
fanout1424/X                            0.200000    0.227635   -0.027635 (VIOLATED)
max_cap1439/X                           0.200000    0.220426   -0.020426 (VIOLATED)
fanout1646/X                            0.200000    0.213943   -0.013943 (VIOLATED)
input475/X                              0.200000    0.212608   -0.012608 (VIOLATED)
fanout1467/X                            0.200000    0.211116   -0.011116 (VIOLATED)
fanout1490/X                            0.200000    0.210695   -0.010695 (VIOLATED)
fanout1643/X                            0.200000    0.207186   -0.007186 (VIOLATED)
fanout1620/X                            0.200000    0.206862   -0.006862 (VIOLATED)
fanout1451/X                            0.200000    0.203428   -0.003428 (VIOLATED)
fanout1500/X                            0.200000    0.201833   -0.001833 (VIOLATED)
fanout1550/X                            0.200000    0.200131   -0.000131 (VIOLATED)



===========================================================================
report_parasitic_annotation -report_unannotated
============================================================================
Found 2 unannotated drivers.
 clk_i
 rst_ni
Found 0 partially unannotated drivers.

===========================================================================
max slew violation count 54
max fanout violation count 306
max cap violation count 16
============================================================================

===========================================================================
check_setup -verbose -unconstrained_endpoints -multiple_clock -no_clock -no_input_delay -loops -generated_clocks
===========================================================================
