Clock: clk_i
Sources: clk_i 
Generated: no
Virtual: yes
Propagated: no
Period: 25.000000

===========================================================================
report_clock_properties
============================================================================
Clock                   Period          Waveform
----------------------------------------------------
clk_i                25.000000    0.000000 12.500000

===========================================================================
report_clock_latency
============================================================================
Clock clk_i
rise -> rise
    min     max
0.000000 0.000000 source latency
0.838149         network latency _09831_/CLK
        6.285753 network latency _10124_/CLK
---------------
0.838149 6.285753 latency
        5.447604 skew

rise -> fall
    min     max
0.000000 0.000000 source latency
5.160360         network latency _10078_/CLK
        6.066065 network latency _10124_/CLK
---------------
5.160360 6.066065 latency
        0.905704 skew

fall -> fall
    min     max
0.000000 0.000000 source latency
0.668700         network latency _09853_/CLK
        0.911991 network latency _09354_/CLK
---------------
0.668700 0.911991 latency
        0.243291 skew



===========================================================================
report_clock_min_period
============================================================================
clk_i period_min = 9.76 fmax = 102.43
