
===========================================================================
report_checks -unconstrained
===========================================================================
======================= nom_ff_n40C_1v95 Corner ===================================

Startpoint: rst_ni (input port clocked by clk_i)
Endpoint: _556_ (recovery check against rising-edge clock clk_i)
Path Group: asynchronous
Path Type: max

Fanout         Cap        Slew       Delay        Time   Description
---------------------------------------------------------------------------------------------
                                  0.000000    0.000000   clock clk_i (rise edge)
                                  0.000000    0.000000   clock network delay (propagated)
                                  5.000000    5.000000 ^ input external delay
     2    0.009405    0.036510    0.023675    5.023675 ^ rst_ni (in)
                                                         rst_ni (net)
                      0.036511    0.000000    5.023675 ^ input1/A (sky130_fd_sc_hd__buf_8)
     5    0.139059    0.161377    0.127418    5.151093 ^ input1/X (sky130_fd_sc_hd__buf_8)
                                                         net1 (net)
                      0.203178    0.060996    5.212088 ^ fanout99/A (sky130_fd_sc_hd__clkbuf_2)
     7    0.033369    0.142141    0.171826    5.383914 ^ fanout99/X (sky130_fd_sc_hd__clkbuf_2)
                                                         net99 (net)
                      0.142145    0.000562    5.384476 ^ fanout98/A (sky130_fd_sc_hd__buf_1)
     4    0.020273    0.180099    0.163209    5.547685 ^ fanout98/X (sky130_fd_sc_hd__buf_1)
                                                         net98 (net)
                      0.180100    0.000371    5.548056 ^ fanout97/A (sky130_fd_sc_hd__buf_2)
     6    0.034924    0.130751    0.167231    5.715287 ^ fanout97/X (sky130_fd_sc_hd__buf_2)
                                                         net97 (net)
                      0.130806    0.001108    5.716395 ^ fanout96/A (sky130_fd_sc_hd__clkbuf_2)
     6    0.030295    0.129444    0.157042    5.873437 ^ fanout96/X (sky130_fd_sc_hd__clkbuf_2)
                                                         net96 (net)
                      0.129465    0.001337    5.874774 ^ _556_/RESET_B (sky130_fd_sc_hd__dfrtp_2)
                                              5.874774   data arrival time

                                 25.000000   25.000000   clock clk_i (rise edge)
                                  0.000000   25.000000   clock source latency
     2    0.077175    0.262105    0.196252   25.196251 ^ clk_i (in)
                                                         clk_i (net)
                      0.266425    0.000000   25.196251 ^ clkbuf_0_clk_i/A (sky130_fd_sc_hd__clkbuf_16)
     2    0.018739    0.036606    0.127372   25.323624 ^ clkbuf_0_clk_i/X (sky130_fd_sc_hd__clkbuf_16)
                                                         clknet_0_clk_i (net)
                      0.036606    0.000405   25.324028 ^ clkbuf_1_0__f_clk_i/A (sky130_fd_sc_hd__clkbuf_16)
     3    0.008468    0.023514    0.078213   25.402241 ^ clkbuf_1_0__f_clk_i/X (sky130_fd_sc_hd__clkbuf_16)
                                                         clknet_1_0__leaf_clk_i (net)
                      0.023514    0.000195   25.402437 ^ _556_/CLK (sky130_fd_sc_hd__dfrtp_2)
                                 -0.250000   25.152437   clock uncertainty
                                  0.000000   25.152437   clock reconvergence pessimism
                                  0.107257   25.259693   library recovery time
                                             25.259693   data required time
---------------------------------------------------------------------------------------------
                                             25.259693   data required time
                                             -5.874774   data arrival time
---------------------------------------------------------------------------------------------
                                             19.384918   slack (MET)


Startpoint: _610_ (negative level-sensitive latch clocked by clk_i)
Endpoint: _498_ (rising clock gating-check end-point clocked by clk_i)
Path Group: gated clock
Path Type: max

Fanout         Cap        Slew       Delay        Time   Description
---------------------------------------------------------------------------------------------
                                 12.500000   12.500000   clock clk_i (fall edge)
                                  0.000000   12.500000   clock source latency
     2    0.076179    0.117813    0.096540   12.596539 v clk_i (in)
                                                         clk_i (net)
                      0.127125    0.000000   12.596539 v clkbuf_0_clk_i/A (sky130_fd_sc_hd__clkbuf_16)
     2    0.016813    0.025900    0.138196   12.734735 v clkbuf_0_clk_i/X (sky130_fd_sc_hd__clkbuf_16)
                                                         clknet_0_clk_i (net)
                      0.025900    0.000415   12.735150 v clkbuf_1_1__f_clk_i/A (sky130_fd_sc_hd__clkbuf_16)
     2    0.006441    0.020986    0.088415   12.823565 v clkbuf_1_1__f_clk_i/X (sky130_fd_sc_hd__clkbuf_16)
                                                         clknet_1_1__leaf_clk_i (net)
                      0.020986    0.000167   12.823731 v _610_/GATE_N (sky130_fd_sc_hd__dlxtn_1)
     1    0.002832    0.029952    0.238513   13.062245 ^ _610_/Q (sky130_fd_sc_hd__dlxtn_1)
                                                         u_ibex.core_clock_gate_i.en_latch (net)
                      0.029952    0.000086   13.062331 ^ hold365/A (sky130_fd_sc_hd__dlygate4sd3_1)
     1    0.002992    0.038545    0.371775   13.434106 ^ hold365/X (sky130_fd_sc_hd__dlygate4sd3_1)
                                                         net536 (net)
                      0.038545    0.000092   13.434198 ^ hold363/A (sky130_fd_sc_hd__dlygate4sd3_1)
     1    0.002323    0.034526    0.369345   13.803543 ^ hold363/X (sky130_fd_sc_hd__dlygate4sd3_1)
                                                         net534 (net)
                      0.034526    0.000047   13.803590 ^ hold366/A (sky130_fd_sc_hd__dlygate4sd3_1)
     1    0.002421    0.035069    0.369104   14.172693 ^ hold366/X (sky130_fd_sc_hd__dlygate4sd3_1)
                                                         net537 (net)
                      0.035069    0.000069   14.172763 ^ hold362/A (sky130_fd_sc_hd__dlygate4sd3_1)
     1    0.002999    0.038593    0.372917   14.545680 ^ hold362/X (sky130_fd_sc_hd__dlygate4sd3_1)
                                                         net533 (net)
                      0.038593    0.000090   14.545770 ^ hold367/A (sky130_fd_sc_hd__dlygate4sd3_1)
     1    0.002353    0.034689    0.369543   14.915312 ^ hold367/X (sky130_fd_sc_hd__dlygate4sd3_1)
                                                         net538 (net)
                      0.034689    0.000069   14.915381 ^ hold364/A (sky130_fd_sc_hd__dlygate4sd3_1)
     1    0.002736    0.036912    0.371154   15.286535 ^ hold364/X (sky130_fd_sc_hd__dlygate4sd3_1)
                                                         net535 (net)
                      0.036912    0.000083   15.286618 ^ _498_/B (sky130_fd_sc_hd__and2_2)
                                             15.286618   data arrival time

                                 25.000000   25.000000   clock clk_i (rise edge)
                                  0.000000   25.000000   clock source latency
     2    0.077175    0.262105    0.196252   25.196251 ^ clk_i (in)
                                                         clk_i (net)
                      0.266425    0.000000   25.196251 ^ clkbuf_0_clk_i/A (sky130_fd_sc_hd__clkbuf_16)
     2    0.018739    0.036606    0.127372   25.323624 ^ clkbuf_0_clk_i/X (sky130_fd_sc_hd__clkbuf_16)
                                                         clknet_0_clk_i (net)
                      0.036606    0.000405   25.324028 ^ clkbuf_1_0__f_clk_i/A (sky130_fd_sc_hd__clkbuf_16)
     3    0.008468    0.023514    0.078213   25.402241 ^ clkbuf_1_0__f_clk_i/X (sky130_fd_sc_hd__clkbuf_16)
                                                         clknet_1_0__leaf_clk_i (net)
                      0.023514    0.000192   25.402433 ^ _498_/A (sky130_fd_sc_hd__and2_2)
                                 -0.250000   25.152433   clock uncertainty
                                  0.000000   25.152433   clock reconvergence pessimism
                                  0.000000   25.152433   clock gating setup time
                                             25.152433   data required time
---------------------------------------------------------------------------------------------
                                             25.152433   data required time
                                            -15.286618   data arrival time
---------------------------------------------------------------------------------------------
                                              9.865815   slack (MET)


Startpoint: _611_ (rising edge-triggered flip-flop clocked by clk_i)
Endpoint: _610_ (negative level-sensitive latch clocked by clk_i)
Path Group: clk_i
Path Type: max

Fanout         Cap        Slew       Delay        Time   Description
---------------------------------------------------------------------------------------------
                                  0.000000    0.000000   clock clk_i (rise edge)
                                  0.000000    0.000000   clock source latency
     2    0.077175    0.262105    0.196252    0.196252 ^ clk_i (in)
                                                         clk_i (net)
                      0.266425    0.000000    0.196252 ^ clkbuf_0_clk_i/A (sky130_fd_sc_hd__clkbuf_16)
     2    0.018739    0.036606    0.127371    0.323623 ^ clkbuf_0_clk_i/X (sky130_fd_sc_hd__clkbuf_16)
                                                         clknet_0_clk_i (net)
                      0.036606    0.000464    0.324087 ^ clkbuf_1_1__f_clk_i/A (sky130_fd_sc_hd__clkbuf_16)
     2    0.006743    0.022210    0.076823    0.400911 ^ clkbuf_1_1__f_clk_i/X (sky130_fd_sc_hd__clkbuf_16)
                                                         clknet_1_1__leaf_clk_i (net)
                      0.022211    0.000223    0.401134 ^ _611_/CLK (sky130_fd_sc_hd__dfrtp_1)
     2    0.013968    0.098857    0.247460    0.648595 ^ _611_/Q (sky130_fd_sc_hd__dfrtp_1)
                                                         u_ibex.clock_en (net)
                      0.098857    0.000306    0.648901 ^ hold355/A (sky130_fd_sc_hd__dlygate4sd3_1)
     1    0.002393    0.034903    0.380103    1.029004 ^ hold355/X (sky130_fd_sc_hd__dlygate4sd3_1)
                                                         net526 (net)
                      0.034903    0.000049    1.029053 ^ hold142/A (sky130_fd_sc_hd__dlygate4sd3_1)
     1    0.002898    0.037955    0.372248    1.401301 ^ hold142/X (sky130_fd_sc_hd__dlygate4sd3_1)
                                                         net313 (net)
                      0.037955    0.000065    1.401366 ^ hold356/A (sky130_fd_sc_hd__dlygate4sd3_1)
     1    0.003671    0.043480    0.377829    1.779194 ^ hold356/X (sky130_fd_sc_hd__dlygate4sd3_1)
                                                         net527 (net)
                      0.043480    0.000123    1.779318 ^ hold64/A (sky130_fd_sc_hd__dlygate4sd3_1)
     1    0.004001    0.045599    0.380836    2.160154 ^ hold64/X (sky130_fd_sc_hd__dlygate4sd3_1)
                                                         net235 (net)
                      0.045599    0.000131    2.160285 ^ hold357/A (sky130_fd_sc_hd__dlygate4sd3_1)
     1    0.002560    0.035871    0.372373    2.532658 ^ hold357/X (sky130_fd_sc_hd__dlygate4sd3_1)
                                                         net528 (net)
                      0.035871    0.000076    2.532734 ^ hold143/A (sky130_fd_sc_hd__dlygate4sd3_1)
     1    0.002853    0.037655    0.372155    2.904888 ^ hold143/X (sky130_fd_sc_hd__dlygate4sd3_1)
                                                         net314 (net)
                      0.037655    0.000083    2.904971 ^ _610_/D (sky130_fd_sc_hd__dlxtn_1)
                                              2.904971   data arrival time

                                 12.500000   12.500000   clock clk_i (fall edge)
                                  0.000000   12.500000   clock source latency
     2    0.076179    0.117813    0.096540   12.596539 v clk_i (in)
                                                         clk_i (net)
                      0.127125    0.000000   12.596539 v clkbuf_0_clk_i/A (sky130_fd_sc_hd__clkbuf_16)
     2    0.016813    0.025900    0.138196   12.734735 v clkbuf_0_clk_i/X (sky130_fd_sc_hd__clkbuf_16)
                                                         clknet_0_clk_i (net)
                      0.025900    0.000415   12.735150 v clkbuf_1_1__f_clk_i/A (sky130_fd_sc_hd__clkbuf_16)
     2    0.006441    0.020986    0.088415   12.823565 v clkbuf_1_1__f_clk_i/X (sky130_fd_sc_hd__clkbuf_16)
                                                         clknet_1_1__leaf_clk_i (net)
                      0.020986    0.000167   12.823731 v _610_/GATE_N (sky130_fd_sc_hd__dlxtn_1)
                                 -0.250000   12.573731   clock uncertainty
                                  0.000000   12.573731   clock reconvergence pessimism
                                  0.000000   12.573731   time borrowed from endpoint
                                             12.573731   data required time
---------------------------------------------------------------------------------------------
                                             12.573731   data required time
                                             -2.904971   data arrival time
---------------------------------------------------------------------------------------------
                                              9.668760   slack (MET)

Time Borrowing Information
------------------------------------------------
clk_i nominal pulse width              12.500000
clock latency difference                0.077354
library setup time                     -0.096019
------------------------------------------------
max time borrow                        12.481336
actual time borrow                      0.000000
------------------------------------------------




===========================================================================
report_checks --slack_max -0.01
============================================================================
======================= nom_ff_n40C_1v95 Corner ===================================

No paths found.


===========================================================================
 report_check_types -max_slew -max_cap -max_fanout -violators
============================================================================
======================= nom_ff_n40C_1v95 Corner ===================================

max fanout

Pin                                   Limit Fanout  Slack
---------------------------------------------------------
clkbuf_2_1__f_u_ibex.clk/X                6     33    -27 (VIOLATED)
clkbuf_2_0__f_u_ibex.clk/X                6     31    -25 (VIOLATED)
clkbuf_2_2__f_u_ibex.clk/X                6     31    -25 (VIOLATED)
clkbuf_2_3__f_u_ibex.clk/X                6     23    -17 (VIOLATED)
fanout64/X                                6     13     -7 (VIOLATED)
input15/X                                 6     13     -7 (VIOLATED)
input2/X                                  6     11     -5 (VIOLATED)
clkbuf_0_u_ibex.clk/X                     6      9     -3 (VIOLATED)
fanout90/X                                6      9     -3 (VIOLATED)
hold118/X                                 6      9     -3 (VIOLATED)
_256_/Y                                   6      7        (VIOLATED)
_261_/X                                   6      7        (VIOLATED)
fanout65/X                                6      7        (VIOLATED)
fanout99/X                                6      7        (VIOLATED)
wire76/X                                  6      7        (VIOLATED)
wire77/X                                  6      7        (VIOLATED)



===========================================================================
report_parasitic_annotation -report_unannotated
============================================================================
Found 194 unannotated drivers.
 boot_addr_i[0]
 boot_addr_i[10]
 boot_addr_i[11]
 boot_addr_i[12]
 boot_addr_i[13]
 boot_addr_i[14]
 boot_addr_i[15]
 boot_addr_i[16]
 boot_addr_i[17]
 boot_addr_i[18]
 boot_addr_i[19]
 boot_addr_i[1]
 boot_addr_i[20]
 boot_addr_i[21]
 boot_addr_i[22]
 boot_addr_i[23]
 boot_addr_i[24]
 boot_addr_i[25]
 boot_addr_i[26]
 boot_addr_i[27]
 boot_addr_i[28]
 boot_addr_i[29]
 boot_addr_i[2]
 boot_addr_i[30]
 boot_addr_i[31]
 boot_addr_i[3]
 boot_addr_i[4]
 boot_addr_i[5]
 boot_addr_i[6]
 boot_addr_i[7]
 boot_addr_i[8]
 boot_addr_i[9]
 hart_id_i[0]
 hart_id_i[10]
 hart_id_i[11]
 hart_id_i[12]
 hart_id_i[13]
 hart_id_i[14]
 hart_id_i[15]
 hart_id_i[16]
 hart_id_i[17]
 hart_id_i[18]
 hart_id_i[19]
 hart_id_i[1]
 hart_id_i[20]
 hart_id_i[21]
 hart_id_i[22]
 hart_id_i[23]
 hart_id_i[24]
 hart_id_i[25]
 hart_id_i[26]
 hart_id_i[27]
 hart_id_i[28]
 hart_id_i[29]
 hart_id_i[2]
 hart_id_i[30]
 hart_id_i[31]
 hart_id_i[3]
 hart_id_i[4]
 hart_id_i[5]
 hart_id_i[6]
 hart_id_i[7]
 hart_id_i[8]
 hart_id_i[9]
 irq_external_i
 irq_software_i
 irq_timer_i
 tl_i[16]
 tl_i[17]
 tl_i[18]
 tl_i[19]
 tl_i[20]
 tl_i[21]
 tl_i[22]
 tl_i[23]
 tl_i[24]
 tl_i[25]
 tl_i[26]
 tl_i[27]
 tl_i[28]
 tl_i[29]
 tl_i[2]
 tl_i[30]
 tl_i[31]
 tl_i[32]
 tl_i[33]
 tl_i[34]
 tl_i[35]
 tl_i[36]
 tl_i[37]
 tl_i[38]
 tl_i[39]
 tl_i[3]
 tl_i[40]
 tl_i[41]
 tl_i[42]
 tl_i[43]
 tl_i[44]
 tl_i[45]
 tl_i[46]
 tl_i[47]
 tl_i[48]
 tl_i[49]
 tl_i[4]
 tl_i[50]
 tl_i[51]
 tl_i[52]
 tl_i[53]
 tl_i[54]
 tl_i[55]
 tl_i[56]
 tl_i[59]
 tl_i[5]
 tl_i[60]
 tl_i[61]
 tl_i[6]
 tl_i[7]
 tl_i[8]
 clkload0/X
 clkload1/X
 clkload2/X
 clkload3/Y
 rv_core_ibex_tlul_100/HI
 rv_core_ibex_tlul_101/HI
 rv_core_ibex_tlul_102/HI
 rv_core_ibex_tlul_103/HI
 rv_core_ibex_tlul_104/HI
 rv_core_ibex_tlul_105/HI
 rv_core_ibex_tlul_106/HI
 rv_core_ibex_tlul_107/HI
 rv_core_ibex_tlul_108/HI
 rv_core_ibex_tlul_109/HI
 rv_core_ibex_tlul_110/HI
 rv_core_ibex_tlul_111/HI
 rv_core_ibex_tlul_112/HI
 rv_core_ibex_tlul_113/HI
 rv_core_ibex_tlul_114/HI
 rv_core_ibex_tlul_115/HI
 rv_core_ibex_tlul_116/HI
 rv_core_ibex_tlul_117/HI
 rv_core_ibex_tlul_118/HI
 rv_core_ibex_tlul_119/HI
 rv_core_ibex_tlul_120/HI
 rv_core_ibex_tlul_121/HI
 rv_core_ibex_tlul_122/HI
 rv_core_ibex_tlul_123/HI
 rv_core_ibex_tlul_124/HI
 rv_core_ibex_tlul_125/HI
 rv_core_ibex_tlul_126/HI
 rv_core_ibex_tlul_127/HI
 rv_core_ibex_tlul_128/HI
 rv_core_ibex_tlul_129/HI
 rv_core_ibex_tlul_130/HI
 rv_core_ibex_tlul_131/HI
 rv_core_ibex_tlul_132/HI
 rv_core_ibex_tlul_133/HI
 rv_core_ibex_tlul_134/HI
 rv_core_ibex_tlul_135/HI
 rv_core_ibex_tlul_136/HI
 rv_core_ibex_tlul_137/HI
 rv_core_ibex_tlul_138/HI
 rv_core_ibex_tlul_139/HI
 rv_core_ibex_tlul_140/HI
 rv_core_ibex_tlul_141/HI
 rv_core_ibex_tlul_142/HI
 rv_core_ibex_tlul_143/HI
 rv_core_ibex_tlul_144/HI
 rv_core_ibex_tlul_145/HI
 rv_core_ibex_tlul_146/HI
 rv_core_ibex_tlul_147/HI
 rv_core_ibex_tlul_148/HI
 rv_core_ibex_tlul_149/HI
 rv_core_ibex_tlul_150/HI
 rv_core_ibex_tlul_151/HI
 rv_core_ibex_tlul_152/HI
 rv_core_ibex_tlul_153/HI
 rv_core_ibex_tlul_154/HI
 rv_core_ibex_tlul_155/HI
 rv_core_ibex_tlul_156/HI
 rv_core_ibex_tlul_157/HI
 rv_core_ibex_tlul_158/HI
 rv_core_ibex_tlul_159/HI
 rv_core_ibex_tlul_160/LO
 rv_core_ibex_tlul_161/LO
 rv_core_ibex_tlul_162/LO
 rv_core_ibex_tlul_163/LO
 rv_core_ibex_tlul_164/LO
 rv_core_ibex_tlul_165/LO
 rv_core_ibex_tlul_166/LO
 rv_core_ibex_tlul_167/LO
 rv_core_ibex_tlul_168/LO
 rv_core_ibex_tlul_169/LO
 rv_core_ibex_tlul_170/LO
 rv_core_ibex_tlul_171/LO
Found 0 partially unannotated drivers.

===========================================================================
max slew violation count 0
max fanout violation count 16
max cap violation count 0
============================================================================

===========================================================================
check_setup -verbose -unconstrained_endpoints -multiple_clock -no_clock -no_input_delay -loops -generated_clocks
===========================================================================
Warning: There are 72 unconstrained endpoints.
  tl_o[0]
  tl_o[100]
  tl_o[101]
  tl_o[102]
  tl_o[103]
  tl_o[104]
  tl_o[105]
  tl_o[106]
  tl_o[107]
  tl_o[108]
  tl_o[15]
  tl_o[16]
  tl_o[17]
  tl_o[18]
  tl_o[19]
  tl_o[1]
  tl_o[20]
  tl_o[21]
  tl_o[22]
  tl_o[23]
  tl_o[24]
  tl_o[25]
  tl_o[26]
  tl_o[27]
  tl_o[28]
  tl_o[29]
  tl_o[2]
  tl_o[30]
  tl_o[31]
  tl_o[32]
  tl_o[33]
  tl_o[34]
  tl_o[35]
  tl_o[36]
  tl_o[37]
  tl_o[38]
  tl_o[39]
  tl_o[3]
  tl_o[40]
  tl_o[41]
  tl_o[42]
  tl_o[43]
  tl_o[44]
  tl_o[45]
  tl_o[46]
  tl_o[47]
  tl_o[48]
  tl_o[49]
  tl_o[4]
  tl_o[50]
  tl_o[51]
  tl_o[52]
  tl_o[53]
  tl_o[54]
  tl_o[55]
  tl_o[56]
  tl_o[57]
  tl_o[58]
  tl_o[59]
  tl_o[5]
  tl_o[60]
  tl_o[61]
  tl_o[62]
  tl_o[6]
  tl_o[7]
  tl_o[93]
  tl_o[94]
  tl_o[95]
  tl_o[96]
  tl_o[97]
  tl_o[98]
  tl_o[99]
