Clock: clk_i
Sources: clk_i 
Generated: no
Virtual: yes
Propagated: no
Period: 25.000000

===========================================================================
report_clock_properties
============================================================================
Clock                   Period          Waveform
----------------------------------------------------
clk_i                25.000000    0.000000 12.500000

===========================================================================
report_clock_latency
============================================================================
Clock clk_i
rise -> rise
    min     max
0.000000 0.000000 source latency
0.401086         network latency _610_/GATE_N
        0.930313 network latency _562_/CLK
---------------
0.401086 0.930313 latency
        0.529226 skew

fall -> rise
    min     max
0.000000 0.000000 source latency
3.299432         network latency _576_/CLK
        3.321381 network latency _562_/CLK
---------------
3.299432 3.321381 latency
        0.021949 skew

fall -> fall
    min     max
0.000000 0.000000 source latency
0.323732         network latency _610_/GATE_N
        3.142125 network latency _562_/CLK
---------------
0.323732 3.142125 latency
        2.818393 skew



===========================================================================
report_clock_min_period
============================================================================
clk_i period_min = 7.84 fmax = 127.61
