
===========================================================================
report_checks -unconstrained
===========================================================================
======================= min_ss_100C_1v60 Corner ===================================

Startpoint: rst_ni (input port clocked by clk_i)
Endpoint: _2997_ (recovery check against rising-edge clock clk_i)
Path Group: asynchronous
Path Type: max

Fanout         Cap        Slew       Delay        Time   Description
---------------------------------------------------------------------------------------------
                                  0.000000    0.000000   clock clk_i (rise edge)
                                  0.000000    0.000000   clock network delay (propagated)
                                 10.000000   10.000000 ^ input external delay
     1    0.003003    0.033598    0.016848   10.016848 ^ rst_ni (in)
                                                         rst_ni (net)
                      0.033598    0.000000   10.016848 ^ input33/A (sky130_fd_sc_hd__buf_1)
     3    0.018576    0.357026    0.338268   10.355116 ^ input33/X (sky130_fd_sc_hd__buf_1)
                                                         net33 (net)
                      0.357026    0.000350   10.355466 ^ fanout484/A (sky130_fd_sc_hd__dlymetal6s2s_1)
     3    0.028333    0.448063    0.545830   10.901297 ^ fanout484/X (sky130_fd_sc_hd__dlymetal6s2s_1)
                                                         net484 (net)
                      0.448218    0.001786   10.903082 ^ fanout483/A (sky130_fd_sc_hd__clkbuf_2)
     3    0.028620    0.250757    0.477014   11.380096 ^ fanout483/X (sky130_fd_sc_hd__clkbuf_2)
                                                         net483 (net)
                      0.250757    0.000155   11.380251 ^ fanout480/A (sky130_fd_sc_hd__clkbuf_2)
     3    0.031586    0.273260    0.418721   11.798972 ^ fanout480/X (sky130_fd_sc_hd__clkbuf_2)
                                                         net480 (net)
                      0.273260    0.000247   11.799219 ^ fanout478/A (sky130_fd_sc_hd__clkbuf_2)
     4    0.035522    0.305206    0.449805   12.249023 ^ fanout478/X (sky130_fd_sc_hd__clkbuf_2)
                                                         net478 (net)
                      0.305206    0.001084   12.250108 ^ fanout475/A (sky130_fd_sc_hd__clkbuf_2)
     6    0.030057    0.261226    0.430959   12.681067 ^ fanout475/X (sky130_fd_sc_hd__clkbuf_2)
                                                         net475 (net)
                      0.261227    0.001006   12.682074 ^ fanout474/A (sky130_fd_sc_hd__clkbuf_2)
     6    0.029127    0.253367    0.409020   13.091094 ^ fanout474/X (sky130_fd_sc_hd__clkbuf_2)
                                                         net474 (net)
                      0.253367    0.000365   13.091459 ^ _2997_/RESET_B (sky130_fd_sc_hd__dfrtp_4)
                                             13.091459   data arrival time

                                 50.000000   50.000000   clock clk_i (rise edge)
                                  0.000000   50.000000   clock source latency
     1    0.030430    0.223184    0.155033   50.155033 ^ clk_i (in)
                                                         clk_i (net)
                      0.223265    0.000000   50.155033 ^ clkbuf_0_clk_i/A (sky130_fd_sc_hd__clkbuf_16)
     4    0.084982    0.155159    0.369567   50.524601 ^ clkbuf_0_clk_i/X (sky130_fd_sc_hd__clkbuf_16)
                                                         clknet_0_clk_i (net)
                      0.155161    0.000838   50.525436 ^ clkbuf_2_3__f_clk_i/A (sky130_fd_sc_hd__clkbuf_16)
    11    0.106413    0.185409    0.360995   50.886433 ^ clkbuf_2_3__f_clk_i/X (sky130_fd_sc_hd__clkbuf_16)
                                                         clknet_2_3__leaf_clk_i (net)
                      0.185431    0.002096   50.888527 ^ clkbuf_leaf_12_clk_i/A (sky130_fd_sc_hd__clkbuf_8)
     7    0.021978    0.088116    0.293387   51.181915 ^ clkbuf_leaf_12_clk_i/X (sky130_fd_sc_hd__clkbuf_8)
                                                         clknet_leaf_12_clk_i (net)
                      0.088116    0.000131   51.182045 ^ _2997_/CLK (sky130_fd_sc_hd__dfrtp_4)
                                 -0.250000   50.932045   clock uncertainty
                                  0.000000   50.932045   clock reconvergence pessimism
                                  0.364095   51.296143   library recovery time
                                             51.296143   data required time
---------------------------------------------------------------------------------------------
                                             51.296143   data required time
                                            -13.091459   data arrival time
---------------------------------------------------------------------------------------------
                                             38.204681   slack (MET)


Startpoint: intr_src_i[1] (input port clocked by clk_i)
Endpoint: irq_o (output port clocked by clk_i)
Path Group: clk_i
Path Type: max

Fanout         Cap        Slew       Delay        Time   Description
---------------------------------------------------------------------------------------------
                                  0.000000    0.000000   clock clk_i (rise edge)
                                  0.000000    0.000000   clock network delay (propagated)
                                 10.000000   10.000000 ^ input external delay
     1    0.002380    0.029486    0.013556   10.013556 ^ intr_src_i[1] (in)
                                                         intr_src_i[1] (net)
                      0.029486    0.000000   10.013556 ^ input12/A (sky130_fd_sc_hd__dlymetal6s2s_1)
     2    0.021771    0.353443    0.346260   10.359817 ^ input12/X (sky130_fd_sc_hd__dlymetal6s2s_1)
                                                         net12 (net)
                      0.353452    0.001465   10.361282 ^ _1580_/B1 (sky130_fd_sc_hd__o2111ai_2)
     1    0.011550    0.307993    0.449595   10.810877 v _1580_/Y (sky130_fd_sc_hd__o2111ai_2)
                                                         _1069_ (net)
                      0.307993    0.000221   10.811098 v _1581_/B1 (sky130_fd_sc_hd__a21oi_4)
     6    0.028925    0.377656    0.450860   11.261958 ^ _1581_/Y (sky130_fd_sc_hd__a21oi_4)
                                                         _1070_ (net)
                      0.377656    0.000401   11.262359 ^ _1607_/B1 (sky130_fd_sc_hd__o21a_1)
     3    0.024331    0.379993    0.568405   11.830764 ^ _1607_/X (sky130_fd_sc_hd__o21a_1)
                                                         _1096_ (net)
                      0.379993    0.000466   11.831229 ^ _1617_/C (sky130_fd_sc_hd__nand3b_4)
     1    0.010080    0.133321    0.261805   12.093035 v _1617_/Y (sky130_fd_sc_hd__nand3b_4)
                                                         _1106_ (net)
                      0.133321    0.000149   12.093184 v _1618_/B1 (sky130_fd_sc_hd__o21ai_4)
     3    0.019416    0.291605    0.165196   12.258380 ^ _1618_/Y (sky130_fd_sc_hd__o21ai_4)
                                                         _1107_ (net)
                      0.291605    0.000295   12.258675 ^ _1620_/A (sky130_fd_sc_hd__nand3_4)
     2    0.014396    0.159072    0.230512   12.489186 v _1620_/Y (sky130_fd_sc_hd__nand3_4)
                                                         _1109_ (net)
                      0.159073    0.000383   12.489569 v _1627_/B1 (sky130_fd_sc_hd__a22oi_4)
     4    0.029540    0.423030    0.415858   12.905427 ^ _1627_/Y (sky130_fd_sc_hd__a22oi_4)
                                                         _1116_ (net)
                      0.423030    0.000696   12.906124 ^ _1632_/B2 (sky130_fd_sc_hd__o22ai_4)
     4    0.027556    0.197541    0.313316   13.219440 v _1632_/Y (sky130_fd_sc_hd__o22ai_4)
                                                         _1121_ (net)
                      0.197541    0.000624   13.220063 v _1638_/A2 (sky130_fd_sc_hd__a21oi_4)
     3    0.018118    0.268153    0.379010   13.599073 ^ _1638_/Y (sky130_fd_sc_hd__a21oi_4)
                                                         _1127_ (net)
                      0.268153    0.000203   13.599276 ^ _1649_/B2 (sky130_fd_sc_hd__o22ai_4)
     2    0.017886    0.152355    0.224433   13.823709 v _1649_/Y (sky130_fd_sc_hd__o22ai_4)
                                                         _1138_ (net)
                      0.152355    0.000179   13.823888 v _1650_/B1 (sky130_fd_sc_hd__a22oi_4)
     4    0.024879    0.378896    0.377789   14.201677 ^ _1650_/Y (sky130_fd_sc_hd__a22oi_4)
                                                         _1139_ (net)
                      0.378896    0.000354   14.202032 ^ _1659_/A1 (sky130_fd_sc_hd__o211ai_2)
     2    0.008692    0.191398    0.334183   14.536216 v _1659_/Y (sky130_fd_sc_hd__o211ai_2)
                                                         _1148_ (net)
                      0.191398    0.000096   14.536311 v _1660_/B1 (sky130_fd_sc_hd__a22oi_2)
     2    0.012228    0.342122    0.349996   14.886308 ^ _1660_/Y (sky130_fd_sc_hd__a22oi_2)
                                                         _1149_ (net)
                      0.342122    0.000152   14.886459 ^ fanout196/A (sky130_fd_sc_hd__buf_6)
     6    0.030006    0.112186    0.324758   15.211218 ^ fanout196/X (sky130_fd_sc_hd__buf_6)
                                                         net196 (net)
                      0.112186    0.000403   15.211621 ^ _1686_/A2 (sky130_fd_sc_hd__o211ai_2)
     1    0.009510    0.244004    0.224272   15.435893 v _1686_/Y (sky130_fd_sc_hd__o211ai_2)
                                                         _1175_ (net)
                      0.244004    0.000124   15.436017 v _1687_/B1 (sky130_fd_sc_hd__a21oi_4)
     4    0.029790    0.382123    0.429409   15.865427 ^ _1687_/Y (sky130_fd_sc_hd__a21oi_4)
                                                         _1176_ (net)
                      0.382123    0.000490   15.865917 ^ _1690_/B2 (sky130_fd_sc_hd__o22ai_4)
     3    0.015093    0.146887    0.252829   16.118746 v _1690_/Y (sky130_fd_sc_hd__o22ai_4)
                                                         _1179_ (net)
                      0.146887    0.000121   16.118866 v _1695_/A2_N (sky130_fd_sc_hd__o2bb2ai_4)
     6    0.037364    0.209879    0.351330   16.470196 v _1695_/Y (sky130_fd_sc_hd__o2bb2ai_4)
                                                         _1184_ (net)
                      0.209879    0.000636   16.470833 v _1711_/A1 (sky130_fd_sc_hd__o21ai_4)
     5    0.025552    0.350854    0.439718   16.910549 ^ _1711_/Y (sky130_fd_sc_hd__o21ai_4)
                                                         _1200_ (net)
                      0.350854    0.000362   16.910912 ^ _1713_/B1 (sky130_fd_sc_hd__o22ai_4)
     5    0.027795    0.190118    0.305660   17.216572 v _1713_/Y (sky130_fd_sc_hd__o22ai_4)
                                                         _1202_ (net)
                      0.190118    0.000234   17.216806 v _1720_/A2 (sky130_fd_sc_hd__a22oi_4)
     3    0.024405    0.374433    0.490255   17.707062 ^ _1720_/Y (sky130_fd_sc_hd__a22oi_4)
                                                         _1209_ (net)
                      0.374433    0.000517   17.707579 ^ _1723_/B1 (sky130_fd_sc_hd__o211ai_2)
     1    0.004525    0.149600    0.290388   17.997967 v _1723_/Y (sky130_fd_sc_hd__o211ai_2)
                                                         _1212_ (net)
                      0.149600    0.000043   17.998009 v _1738_/B1 (sky130_fd_sc_hd__a22oi_2)
     2    0.012246    0.340721    0.334007   18.332016 ^ _1738_/Y (sky130_fd_sc_hd__a22oi_2)
                                                         _1227_ (net)
                      0.340721    0.000124   18.332140 ^ fanout195/A (sky130_fd_sc_hd__buf_6)
     6    0.040175    0.141741    0.346175   18.678314 ^ fanout195/X (sky130_fd_sc_hd__buf_6)
                                                         net195 (net)
                      0.141741    0.000304   18.678617 ^ _1742_/A1 (sky130_fd_sc_hd__o21ai_4)
     5    0.029727    0.175125    0.215151   18.893768 v _1742_/Y (sky130_fd_sc_hd__o21ai_4)
                                                         _1231_ (net)
                      0.175125    0.000345   18.894114 v _1756_/A2 (sky130_fd_sc_hd__a21oi_4)
     3    0.016109    0.249260    0.354211   19.248323 ^ _1756_/Y (sky130_fd_sc_hd__a21oi_4)
                                                         _1245_ (net)
                      0.249260    0.000155   19.248480 ^ _1758_/B1 (sky130_fd_sc_hd__o22ai_4)
     2    0.008694    0.109310    0.204684   19.453163 v _1758_/Y (sky130_fd_sc_hd__o22ai_4)
                                                         _1247_ (net)
                      0.109310    0.000123   19.453285 v fanout193/A (sky130_fd_sc_hd__buf_6)
     6    0.028589    0.068978    0.259023   19.712309 v fanout193/X (sky130_fd_sc_hd__buf_6)
                                                         net193 (net)
                      0.068979    0.000352   19.712660 v _1760_/B1 (sky130_fd_sc_hd__o21ai_4)
     3    0.027162    0.366690    0.160920   19.873581 ^ _1760_/Y (sky130_fd_sc_hd__o21ai_4)
                                                         _1249_ (net)
                      0.366690    0.000584   19.874165 ^ _1769_/A1 (sky130_fd_sc_hd__a21oi_4)
     1    0.009797    0.139877    0.208551   20.082716 v _1769_/Y (sky130_fd_sc_hd__a21oi_4)
                                                         _1258_ (net)
                      0.139877    0.000123   20.082840 v _1782_/A1 (sky130_fd_sc_hd__o21ai_4)
     5    0.040625    0.500809    0.523258   20.606096 ^ _1782_/Y (sky130_fd_sc_hd__o21ai_4)
                                                         _1271_ (net)
                      0.500816    0.001533   20.607630 ^ _1795_/D1 (sky130_fd_sc_hd__o2111ai_4)
     1    0.011441    0.256130    0.383746   20.991377 v _1795_/Y (sky130_fd_sc_hd__o2111ai_4)
                                                         _1284_ (net)
                      0.256130    0.000274   20.991650 v _1798_/B1 (sky130_fd_sc_hd__o21ai_4)
     3    0.024503    0.340577    0.239199   21.230848 ^ _1798_/Y (sky130_fd_sc_hd__o21ai_4)
                                                         _1287_ (net)
                      0.340577    0.000293   21.231142 ^ _1804_/A2 (sky130_fd_sc_hd__a21oi_4)
     3    0.016910    0.121389    0.233159   21.464302 v _1804_/Y (sky130_fd_sc_hd__a21oi_4)
                                                         _1293_ (net)
                      0.121389    0.000240   21.464540 v _1817_/A2 (sky130_fd_sc_hd__o21ai_4)
     6    0.040293    0.497259    0.474959   21.939499 ^ _1817_/Y (sky130_fd_sc_hd__o21ai_4)
                                                         _1306_ (net)
                      0.497260    0.000728   21.940228 ^ _1826_/A2 (sky130_fd_sc_hd__o21ai_2)
     2    0.008964    0.125911    0.259531   22.199759 v _1826_/Y (sky130_fd_sc_hd__o21ai_2)
                                                         _1315_ (net)
                      0.125911    0.000068   22.199827 v _1863_/A (sky130_fd_sc_hd__and3_1)
     1    0.010759    0.136301    0.386397   22.586224 v _1863_/X (sky130_fd_sc_hd__and3_1)
                                                         _1352_ (net)
                      0.136301    0.000135   22.586359 v _1865_/A1 (sky130_fd_sc_hd__o22ai_4)
     4    0.034273    0.487931    0.515966   23.102324 ^ _1865_/Y (sky130_fd_sc_hd__o22ai_4)
                                                         _1354_ (net)
                      0.487931    0.000265   23.102589 ^ _1870_/B2 (sky130_fd_sc_hd__o32ai_4)
     4    0.026483    0.230779    0.377744   23.480333 v _1870_/Y (sky130_fd_sc_hd__o32ai_4)
                                                         _1359_ (net)
                      0.230779    0.000325   23.480658 v rebuffer2/A (sky130_fd_sc_hd__clkbuf_1)
     1    0.005076    0.073916    0.256293   23.736950 v rebuffer2/X (sky130_fd_sc_hd__clkbuf_1)
                                                         net494 (net)
                      0.073916    0.000064   23.737015 v _1874_/A2 (sky130_fd_sc_hd__o211ai_2)
     2    0.013708    0.347355    0.345874   24.082890 ^ _1874_/Y (sky130_fd_sc_hd__o211ai_2)
                                                         _1363_ (net)
                      0.347355    0.000187   24.083076 ^ _1875_/B (sky130_fd_sc_hd__nand3_4)
     2    0.012816    0.156661    0.254749   24.337826 v _1875_/Y (sky130_fd_sc_hd__nand3_4)
                                                         _1364_ (net)
                      0.156661    0.000162   24.337986 v _1891_/B1 (sky130_fd_sc_hd__a21oi_4)
     4    0.018927    0.275874    0.312820   24.650806 ^ _1891_/Y (sky130_fd_sc_hd__a21oi_4)
                                                         _1380_ (net)
                      0.275874    0.000108   24.650915 ^ _1893_/B2 (sky130_fd_sc_hd__o22ai_4)
     2    0.009708    0.118082    0.197492   24.848406 v _1893_/Y (sky130_fd_sc_hd__o22ai_4)
                                                         _1382_ (net)
                      0.118082    0.000128   24.848536 v fanout186/A (sky130_fd_sc_hd__buf_6)
     6    0.034717    0.076511    0.270330   25.118864 v fanout186/X (sky130_fd_sc_hd__buf_6)
                                                         net186 (net)
                      0.076527    0.001059   25.119923 v _1897_/B1 (sky130_fd_sc_hd__a22oi_2)
     2    0.021035    0.488693    0.419634   25.539557 ^ _1897_/Y (sky130_fd_sc_hd__a22oi_2)
                                                         _1386_ (net)
                      0.488693    0.000357   25.539913 ^ _1906_/A2 (sky130_fd_sc_hd__o211ai_2)
     1    0.009518    0.199219    0.335056   25.874971 v _1906_/Y (sky130_fd_sc_hd__o211ai_2)
                                                         _1395_ (net)
                      0.199219    0.000153   25.875124 v _1921_/B1 (sky130_fd_sc_hd__a22oi_4)
     5    0.040899    0.533080    0.518156   26.393280 ^ _1921_/Y (sky130_fd_sc_hd__a22oi_4)
                                                         _1410_ (net)
                      0.533083    0.001023   26.394302 ^ _1927_/A2 (sky130_fd_sc_hd__o21ai_4)
     2    0.008824    0.117838    0.226617   26.620920 v _1927_/Y (sky130_fd_sc_hd__o21ai_4)
                                                         _1416_ (net)
                      0.117838    0.000098   26.621017 v fanout185/A (sky130_fd_sc_hd__buf_6)
     6    0.045510    0.090548    0.282899   26.903915 v fanout185/X (sky130_fd_sc_hd__buf_6)
                                                         net185 (net)
                      0.090548    0.000480   26.904396 v _1930_/A1 (sky130_fd_sc_hd__o21ai_4)
     3    0.015401    0.253566    0.313499   27.217894 ^ _1930_/Y (sky130_fd_sc_hd__o21ai_4)
                                                         _1419_ (net)
                      0.253566    0.000133   27.218027 ^ _1945_/B1 (sky130_fd_sc_hd__o22ai_4)
     6    0.031261    0.190188    0.278892   27.496920 v _1945_/Y (sky130_fd_sc_hd__o22ai_4)
                                                         _0165_ (net)
                      0.190188    0.000705   27.497625 v _1959_/A1 (sky130_fd_sc_hd__a22oi_4)
     5    0.025105    0.380986    0.462778   27.960403 ^ _1959_/Y (sky130_fd_sc_hd__a22oi_4)
                                                         _0179_ (net)
                      0.380986    0.000469   27.960873 ^ _1962_/B1 (sky130_fd_sc_hd__o211ai_4)
     2    0.014114    0.169187    0.296190   28.257061 v _1962_/Y (sky130_fd_sc_hd__o211ai_4)
                                                         _0182_ (net)
                      0.169187    0.000131   28.257193 v _1978_/B2 (sky130_fd_sc_hd__a2bb2oi_4)
     6    0.022705    0.295985    0.369822   28.627014 ^ _1978_/Y (sky130_fd_sc_hd__a2bb2oi_4)
                                                         _0198_ (net)
                      0.295985    0.000272   28.627287 ^ _1989_/A2 (sky130_fd_sc_hd__o211a_1)
     1    0.006245    0.117382    0.387631   29.014917 ^ _1989_/X (sky130_fd_sc_hd__o211a_1)
                                                         _0209_ (net)
                      0.117382    0.000091   29.015009 ^ _1995_/A2 (sky130_fd_sc_hd__a21oi_2)
     2    0.009631    0.118811    0.159316   29.174324 v _1995_/Y (sky130_fd_sc_hd__a21oi_2)
                                                         _0215_ (net)
                      0.118811    0.000075   29.174398 v fanout183/A (sky130_fd_sc_hd__buf_6)
     6    0.039892    0.083159    0.277062   29.451460 v fanout183/X (sky130_fd_sc_hd__buf_6)
                                                         net183 (net)
                      0.083159    0.000306   29.451767 v _2011_/A2 (sky130_fd_sc_hd__o31ai_4)
     4    0.019213    0.464851    0.521371   29.973137 ^ _2011_/Y (sky130_fd_sc_hd__o31ai_4)
                                                         _0231_ (net)
                      0.464851    0.000181   29.973318 ^ _2015_/A (sky130_fd_sc_hd__nand3_4)
     2    0.012018    0.175028    0.270642   30.243961 v _2015_/Y (sky130_fd_sc_hd__nand3_4)
                                                         _0235_ (net)
                      0.175028    0.000160   30.244122 v _2030_/B1 (sky130_fd_sc_hd__a22oi_4)
     6    0.029718    0.425465    0.423540   30.667662 ^ _2030_/Y (sky130_fd_sc_hd__a22oi_4)
                                                         _0250_ (net)
                      0.425465    0.000778   30.668440 ^ _2037_/B1 (sky130_fd_sc_hd__o22ai_4)
     3    0.027959    0.200659    0.334957   31.003397 v _2037_/Y (sky130_fd_sc_hd__o22ai_4)
                                                         _0257_ (net)
                      0.200659    0.000426   31.003822 v _2042_/A1 (sky130_fd_sc_hd__a21oi_4)
     4    0.034186    0.424778    0.473182   31.477005 ^ _2042_/Y (sky130_fd_sc_hd__a21oi_4)
                                                         _0262_ (net)
                      0.424778    0.000309   31.477314 ^ _2060_/B2 (sky130_fd_sc_hd__o22ai_4)
     4    0.020403    0.172676    0.287148   31.764462 v _2060_/Y (sky130_fd_sc_hd__o22ai_4)
                                                         _0280_ (net)
                      0.172676    0.000345   31.764807 v _2064_/A2_N (sky130_fd_sc_hd__o2bb2ai_4)
     5    0.034497    0.202664    0.354181   32.118988 v _2064_/Y (sky130_fd_sc_hd__o2bb2ai_4)
                                                         _0284_ (net)
                      0.202664    0.000732   32.119720 v _2078_/A2 (sky130_fd_sc_hd__a21oi_4)
     4    0.021519    0.302140    0.406601   32.526321 ^ _2078_/Y (sky130_fd_sc_hd__a21oi_4)
                                                         _0298_ (net)
                      0.302140    0.000174   32.526493 ^ _2079_/B2 (sky130_fd_sc_hd__o22ai_4)
     2    0.016307    0.144400    0.230536   32.757030 v _2079_/Y (sky130_fd_sc_hd__o22ai_4)
                                                         _0299_ (net)
                      0.144400    0.000117   32.757149 v fanout182/A (sky130_fd_sc_hd__buf_6)
     6    0.032555    0.073776    0.280867   33.038013 v fanout182/X (sky130_fd_sc_hd__buf_6)
                                                         net182 (net)
                      0.073776    0.000298   33.038311 v _2093_/A (sky130_fd_sc_hd__nand2_1)
     1    0.005351    0.108469    0.116753   33.155064 ^ _2093_/Y (sky130_fd_sc_hd__nand2_1)
                                                         _0313_ (net)
                      0.108469    0.000060   33.155125 ^ _2095_/A (sky130_fd_sc_hd__nand3_2)
     2    0.013595    0.261043    0.220325   33.375450 v _2095_/Y (sky130_fd_sc_hd__nand3_2)
                                                         _0315_ (net)
                      0.261043    0.000242   33.375694 v _2102_/A1 (sky130_fd_sc_hd__o21ai_4)
     5    0.029584    0.391559    0.490267   33.865959 ^ _2102_/Y (sky130_fd_sc_hd__o21ai_4)
                                                         _0322_ (net)
                      0.391559    0.000494   33.866455 ^ _2120_/B1 (sky130_fd_sc_hd__o211ai_2)
     3    0.011804    0.278110    0.370836   34.237289 v _2120_/Y (sky130_fd_sc_hd__o211ai_2)
                                                         _0340_ (net)
                      0.278110    0.000234   34.237522 v _2122_/C1 (sky130_fd_sc_hd__o211a_1)
     1    0.008890    0.124067    0.344965   34.582489 v _2122_/X (sky130_fd_sc_hd__o211a_1)
                                                         _0342_ (net)
                      0.124067    0.000085   34.582573 v _2129_/A1 (sky130_fd_sc_hd__a21oi_4)
     2    0.011280    0.203840    0.260108   34.842682 ^ _2129_/Y (sky130_fd_sc_hd__a21oi_4)
                                                         _0349_ (net)
                      0.203840    0.000156   34.842838 ^ fanout181/A (sky130_fd_sc_hd__buf_8)
     6    0.045160    0.130084    0.284583   35.127422 ^ fanout181/X (sky130_fd_sc_hd__buf_8)
                                                         net181 (net)
                      0.130084    0.000291   35.127712 ^ _2141_/A2 (sky130_fd_sc_hd__o21bai_4)
     2    0.014766    0.130959    0.158515   35.286228 v _2141_/Y (sky130_fd_sc_hd__o21bai_4)
                                                         _0361_ (net)
                      0.130959    0.000277   35.286507 v _2142_/B1 (sky130_fd_sc_hd__o21ai_4)
     3    0.022251    0.318651    0.173728   35.460232 ^ _2142_/Y (sky130_fd_sc_hd__o21ai_4)
                                                         _0362_ (net)
                      0.318651    0.000224   35.460457 ^ _2151_/B (sky130_fd_sc_hd__nand3_4)
     2    0.011573    0.165153    0.240025   35.700481 v _2151_/Y (sky130_fd_sc_hd__nand3_4)
                                                         _0371_ (net)
                      0.165153    0.000128   35.700611 v _2166_/B1 (sky130_fd_sc_hd__a22oi_4)
     5    0.026303    0.392426    0.393776   36.094387 ^ _2166_/Y (sky130_fd_sc_hd__a22oi_4)
                                                         _0386_ (net)
                      0.392426    0.000373   36.094757 ^ _2174_/B2 (sky130_fd_sc_hd__o22ai_4)
     3    0.019343    0.163793    0.272099   36.366856 v _2174_/Y (sky130_fd_sc_hd__o22ai_4)
                                                         _0394_ (net)
                      0.163793    0.000220   36.367077 v fanout180/A (sky130_fd_sc_hd__buf_6)
     6    0.032406    0.073589    0.290203   36.657280 v fanout180/X (sky130_fd_sc_hd__buf_6)
                                                         net180 (net)
                      0.073589    0.000181   36.657463 v _2181_/A2 (sky130_fd_sc_hd__o21ai_4)
     4    0.020325    0.311215    0.305885   36.963348 ^ _2181_/Y (sky130_fd_sc_hd__o21ai_4)
                                                         _0401_ (net)
                      0.311215    0.000092   36.963440 ^ _2192_/B1 (sky130_fd_sc_hd__o22ai_4)
     2    0.016023    0.143029    0.251916   37.215355 v _2192_/Y (sky130_fd_sc_hd__o22ai_4)
                                                         _0412_ (net)
                      0.143029    0.000107   37.215462 v fanout179/A (sky130_fd_sc_hd__buf_6)
     6    0.025008    0.065079    0.269381   37.484844 v fanout179/X (sky130_fd_sc_hd__buf_6)
                                                         net179 (net)
                      0.065079    0.000124   37.484966 v _2202_/B1 (sky130_fd_sc_hd__a22oi_4)
     4    0.030271    0.430010    0.384759   37.869728 ^ _2202_/Y (sky130_fd_sc_hd__a22oi_4)
                                                         _0422_ (net)
                      0.430010    0.000366   37.870090 ^ _2206_/A2 (sky130_fd_sc_hd__o211ai_4)
     4    0.025812    0.227419    0.341657   38.211750 v _2206_/Y (sky130_fd_sc_hd__o211ai_4)
                                                         _0426_ (net)
                      0.227419    0.000504   38.212254 v _2220_/B1 (sky130_fd_sc_hd__a22oi_4)
     5    0.019760    0.333826    0.368861   38.581116 ^ _2220_/Y (sky130_fd_sc_hd__a22oi_4)
                                                         _0440_ (net)
                      0.333826    0.000199   38.581314 ^ _2232_/A2 (sky130_fd_sc_hd__o211ai_2)
     1    0.009418    0.198873    0.291319   38.872631 v _2232_/Y (sky130_fd_sc_hd__o211ai_2)
                                                         _0452_ (net)
                      0.198873    0.000107   38.872738 v _2233_/B1 (sky130_fd_sc_hd__o41ai_4)
     5    0.020681    0.660165    0.185388   39.058128 ^ _2233_/Y (sky130_fd_sc_hd__o41ai_4)
                                                         _0453_ (net)
                      0.660165    0.000416   39.058544 ^ _2234_/B1 (sky130_fd_sc_hd__a21oi_2)
     2    0.011385    0.169037    0.264414   39.322956 v _2234_/Y (sky130_fd_sc_hd__a21oi_2)
                                                         _0454_ (net)
                      0.169037    0.000121   39.323078 v fanout174/A (sky130_fd_sc_hd__buf_6)
     6    0.027697    0.069450    0.286491   39.609570 v fanout174/X (sky130_fd_sc_hd__buf_6)
                                                         net174 (net)
                      0.069451    0.000345   39.609913 v _2253_/A2 (sky130_fd_sc_hd__o21ai_1)
     1    0.005049    0.233103    0.239492   39.849403 ^ _2253_/Y (sky130_fd_sc_hd__o21ai_1)
                                                         _0473_ (net)
                      0.233103    0.000046   39.849453 ^ _2257_/B (sky130_fd_sc_hd__nand3_2)
     1    0.009559    0.191822    0.254783   40.104233 v _2257_/Y (sky130_fd_sc_hd__nand3_2)
                                                         _0477_ (net)
                      0.191822    0.000068   40.104301 v _2262_/A1 (sky130_fd_sc_hd__o21ai_4)
     6    0.044873    0.543047    0.577494   40.681793 ^ _2262_/Y (sky130_fd_sc_hd__o21ai_4)
                                                         _0482_ (net)
                      0.543048    0.000675   40.682468 ^ _2271_/D1 (sky130_fd_sc_hd__o2111ai_4)
     3    0.019557    0.319557    0.456552   41.139023 v _2271_/Y (sky130_fd_sc_hd__o2111ai_4)
                                                         _0491_ (net)
                      0.319557    0.000295   41.139317 v _2286_/A3 (sky130_fd_sc_hd__a31oi_4)
     3    0.019923    0.328782    0.498911   41.638229 ^ _2286_/Y (sky130_fd_sc_hd__a31oi_4)
                                                         _0506_ (net)
                      0.328782    0.000345   41.638573 ^ _2296_/B2 (sky130_fd_sc_hd__a22oi_4)
     3    0.017670    0.143839    0.220588   41.859161 v _2296_/Y (sky130_fd_sc_hd__a22oi_4)
                                                         _0516_ (net)
                      0.143839    0.000288   41.859447 v _2304_/B2 (sky130_fd_sc_hd__o22ai_4)
     4    0.026832    0.413756    0.351029   42.210480 ^ _2304_/Y (sky130_fd_sc_hd__o22ai_4)
                                                         _0524_ (net)
                      0.413756    0.000309   42.210789 ^ _2312_/A2 (sky130_fd_sc_hd__o21ai_4)
     4    0.022208    0.140424    0.254264   42.465050 v _2312_/Y (sky130_fd_sc_hd__o21ai_4)
                                                         _0532_ (net)
                      0.140424    0.000171   42.465221 v _2323_/B1 (sky130_fd_sc_hd__o22ai_2)
     1    0.006365    0.235732    0.243386   42.708607 ^ _2323_/Y (sky130_fd_sc_hd__o22ai_2)
                                                         _0543_ (net)
                      0.235732    0.000092   42.708698 ^ fanout172/A (sky130_fd_sc_hd__buf_6)
     4    0.022680    0.091019    0.270141   42.978840 ^ fanout172/X (sky130_fd_sc_hd__buf_6)
                                                         net172 (net)
                      0.091019    0.000441   42.979282 ^ fanout171/A (sky130_fd_sc_hd__buf_8)
     6    0.027809    0.089566    0.202313   43.181595 ^ fanout171/X (sky130_fd_sc_hd__buf_8)
                                                         net171 (net)
                      0.089566    0.000099   43.181694 ^ _2326_/B1 (sky130_fd_sc_hd__o21ai_4)
     3    0.009993    0.083170    0.118966   43.300659 v _2326_/Y (sky130_fd_sc_hd__o21ai_4)
                                                         _0546_ (net)
                      0.083170    0.000110   43.300770 v _2336_/A1 (sky130_fd_sc_hd__a31o_1)
     1    0.009383    0.120188    0.380830   43.681599 v _2336_/X (sky130_fd_sc_hd__a31o_1)
                                                         _0556_ (net)
                      0.120188    0.000092   43.681694 v _2344_/A1 (sky130_fd_sc_hd__o21ai_4)
     3    0.022281    0.319093    0.377558   44.059250 ^ _2344_/Y (sky130_fd_sc_hd__o21ai_4)
                                                         _0564_ (net)
                      0.319093    0.000231   44.059483 ^ fanout170/A (sky130_fd_sc_hd__buf_6)
     6    0.037909    0.134884    0.333792   44.393272 ^ fanout170/X (sky130_fd_sc_hd__buf_6)
                                                         net170 (net)
                      0.134884    0.000494   44.393764 ^ _2373_/A (sky130_fd_sc_hd__nand4_4)
     2    0.005373    0.179585    0.156810   44.550575 v _2373_/Y (sky130_fd_sc_hd__nand4_4)
                                                         _0593_ (net)
                      0.179585    0.000071   44.550648 v _2384_/A_N (sky130_fd_sc_hd__nand3b_4)
     2    0.033915    0.268054    0.466137   45.016785 v _2384_/Y (sky130_fd_sc_hd__nand3b_4)
                                                         net91 (net)
                      0.268054    0.000796   45.017582 v output91/A (sky130_fd_sc_hd__buf_8)
     1    0.034154    0.067800    0.333433   45.351013 v output91/X (sky130_fd_sc_hd__buf_8)
                                                         irq_o (net)
                      0.067800    0.000178   45.351192 v irq_o (out)
                                             45.351192   data arrival time

                                 50.000000   50.000000   clock clk_i (rise edge)
                                  0.000000   50.000000   clock network delay (propagated)
                                 -0.250000   49.749996   clock uncertainty
                                  0.000000   49.749996   clock reconvergence pessimism
                                -10.000000   39.749996   output external delay
                                             39.749996   data required time
---------------------------------------------------------------------------------------------
                                             39.749996   data required time
                                            -45.351192   data arrival time
---------------------------------------------------------------------------------------------
                                             -5.601194   slack (VIOLATED)




===========================================================================
report_checks --slack_max -0.01
============================================================================
======================= min_ss_100C_1v60 Corner ===================================

Startpoint: intr_src_i[1] (input port clocked by clk_i)
Endpoint: irq_o (output port clocked by clk_i)
Path Group: clk_i
Path Type: max

Fanout         Cap        Slew       Delay        Time   Description
---------------------------------------------------------------------------------------------
                                  0.000000    0.000000   clock clk_i (rise edge)
                                  0.000000    0.000000   clock network delay (propagated)
                                 10.000000   10.000000 ^ input external delay
     1    0.002380    0.029486    0.013556   10.013556 ^ intr_src_i[1] (in)
                                                         intr_src_i[1] (net)
                      0.029486    0.000000   10.013556 ^ input12/A (sky130_fd_sc_hd__dlymetal6s2s_1)
     2    0.021771    0.353443    0.346260   10.359817 ^ input12/X (sky130_fd_sc_hd__dlymetal6s2s_1)
                                                         net12 (net)
                      0.353452    0.001465   10.361282 ^ _1580_/B1 (sky130_fd_sc_hd__o2111ai_2)
     1    0.011550    0.307993    0.449595   10.810877 v _1580_/Y (sky130_fd_sc_hd__o2111ai_2)
                                                         _1069_ (net)
                      0.307993    0.000221   10.811098 v _1581_/B1 (sky130_fd_sc_hd__a21oi_4)
     6    0.028925    0.377656    0.450860   11.261958 ^ _1581_/Y (sky130_fd_sc_hd__a21oi_4)
                                                         _1070_ (net)
                      0.377656    0.000401   11.262359 ^ _1607_/B1 (sky130_fd_sc_hd__o21a_1)
     3    0.024331    0.379993    0.568405   11.830764 ^ _1607_/X (sky130_fd_sc_hd__o21a_1)
                                                         _1096_ (net)
                      0.379993    0.000466   11.831229 ^ _1617_/C (sky130_fd_sc_hd__nand3b_4)
     1    0.010080    0.133321    0.261805   12.093035 v _1617_/Y (sky130_fd_sc_hd__nand3b_4)
                                                         _1106_ (net)
                      0.133321    0.000149   12.093184 v _1618_/B1 (sky130_fd_sc_hd__o21ai_4)
     3    0.019416    0.291605    0.165196   12.258380 ^ _1618_/Y (sky130_fd_sc_hd__o21ai_4)
                                                         _1107_ (net)
                      0.291605    0.000295   12.258675 ^ _1620_/A (sky130_fd_sc_hd__nand3_4)
     2    0.014396    0.159072    0.230512   12.489186 v _1620_/Y (sky130_fd_sc_hd__nand3_4)
                                                         _1109_ (net)
                      0.159073    0.000383   12.489569 v _1627_/B1 (sky130_fd_sc_hd__a22oi_4)
     4    0.029540    0.423030    0.415858   12.905427 ^ _1627_/Y (sky130_fd_sc_hd__a22oi_4)
                                                         _1116_ (net)
                      0.423030    0.000696   12.906124 ^ _1632_/B2 (sky130_fd_sc_hd__o22ai_4)
     4    0.027556    0.197541    0.313316   13.219440 v _1632_/Y (sky130_fd_sc_hd__o22ai_4)
                                                         _1121_ (net)
                      0.197541    0.000624   13.220063 v _1638_/A2 (sky130_fd_sc_hd__a21oi_4)
     3    0.018118    0.268153    0.379010   13.599073 ^ _1638_/Y (sky130_fd_sc_hd__a21oi_4)
                                                         _1127_ (net)
                      0.268153    0.000203   13.599276 ^ _1649_/B2 (sky130_fd_sc_hd__o22ai_4)
     2    0.017886    0.152355    0.224433   13.823709 v _1649_/Y (sky130_fd_sc_hd__o22ai_4)
                                                         _1138_ (net)
                      0.152355    0.000179   13.823888 v _1650_/B1 (sky130_fd_sc_hd__a22oi_4)
     4    0.024879    0.378896    0.377789   14.201677 ^ _1650_/Y (sky130_fd_sc_hd__a22oi_4)
                                                         _1139_ (net)
                      0.378896    0.000354   14.202032 ^ _1659_/A1 (sky130_fd_sc_hd__o211ai_2)
     2    0.008692    0.191398    0.334183   14.536216 v _1659_/Y (sky130_fd_sc_hd__o211ai_2)
                                                         _1148_ (net)
                      0.191398    0.000096   14.536311 v _1660_/B1 (sky130_fd_sc_hd__a22oi_2)
     2    0.012228    0.342122    0.349996   14.886308 ^ _1660_/Y (sky130_fd_sc_hd__a22oi_2)
                                                         _1149_ (net)
                      0.342122    0.000152   14.886459 ^ fanout196/A (sky130_fd_sc_hd__buf_6)
     6    0.030006    0.112186    0.324758   15.211218 ^ fanout196/X (sky130_fd_sc_hd__buf_6)
                                                         net196 (net)
                      0.112186    0.000403   15.211621 ^ _1686_/A2 (sky130_fd_sc_hd__o211ai_2)
     1    0.009510    0.244004    0.224272   15.435893 v _1686_/Y (sky130_fd_sc_hd__o211ai_2)
                                                         _1175_ (net)
                      0.244004    0.000124   15.436017 v _1687_/B1 (sky130_fd_sc_hd__a21oi_4)
     4    0.029790    0.382123    0.429409   15.865427 ^ _1687_/Y (sky130_fd_sc_hd__a21oi_4)
                                                         _1176_ (net)
                      0.382123    0.000490   15.865917 ^ _1690_/B2 (sky130_fd_sc_hd__o22ai_4)
     3    0.015093    0.146887    0.252829   16.118746 v _1690_/Y (sky130_fd_sc_hd__o22ai_4)
                                                         _1179_ (net)
                      0.146887    0.000121   16.118866 v _1695_/A2_N (sky130_fd_sc_hd__o2bb2ai_4)
     6    0.037364    0.209879    0.351330   16.470196 v _1695_/Y (sky130_fd_sc_hd__o2bb2ai_4)
                                                         _1184_ (net)
                      0.209879    0.000636   16.470833 v _1711_/A1 (sky130_fd_sc_hd__o21ai_4)
     5    0.025552    0.350854    0.439718   16.910549 ^ _1711_/Y (sky130_fd_sc_hd__o21ai_4)
                                                         _1200_ (net)
                      0.350854    0.000362   16.910912 ^ _1713_/B1 (sky130_fd_sc_hd__o22ai_4)
     5    0.027795    0.190118    0.305660   17.216572 v _1713_/Y (sky130_fd_sc_hd__o22ai_4)
                                                         _1202_ (net)
                      0.190118    0.000234   17.216806 v _1720_/A2 (sky130_fd_sc_hd__a22oi_4)
     3    0.024405    0.374433    0.490255   17.707062 ^ _1720_/Y (sky130_fd_sc_hd__a22oi_4)
                                                         _1209_ (net)
                      0.374433    0.000517   17.707579 ^ _1723_/B1 (sky130_fd_sc_hd__o211ai_2)
     1    0.004525    0.149600    0.290388   17.997967 v _1723_/Y (sky130_fd_sc_hd__o211ai_2)
                                                         _1212_ (net)
                      0.149600    0.000043   17.998009 v _1738_/B1 (sky130_fd_sc_hd__a22oi_2)
     2    0.012246    0.340721    0.334007   18.332016 ^ _1738_/Y (sky130_fd_sc_hd__a22oi_2)
                                                         _1227_ (net)
                      0.340721    0.000124   18.332140 ^ fanout195/A (sky130_fd_sc_hd__buf_6)
     6    0.040175    0.141741    0.346175   18.678314 ^ fanout195/X (sky130_fd_sc_hd__buf_6)
                                                         net195 (net)
                      0.141741    0.000304   18.678617 ^ _1742_/A1 (sky130_fd_sc_hd__o21ai_4)
     5    0.029727    0.175125    0.215151   18.893768 v _1742_/Y (sky130_fd_sc_hd__o21ai_4)
                                                         _1231_ (net)
                      0.175125    0.000345   18.894114 v _1756_/A2 (sky130_fd_sc_hd__a21oi_4)
     3    0.016109    0.249260    0.354211   19.248323 ^ _1756_/Y (sky130_fd_sc_hd__a21oi_4)
                                                         _1245_ (net)
                      0.249260    0.000155   19.248480 ^ _1758_/B1 (sky130_fd_sc_hd__o22ai_4)
     2    0.008694    0.109310    0.204684   19.453163 v _1758_/Y (sky130_fd_sc_hd__o22ai_4)
                                                         _1247_ (net)
                      0.109310    0.000123   19.453285 v fanout193/A (sky130_fd_sc_hd__buf_6)
     6    0.028589    0.068978    0.259023   19.712309 v fanout193/X (sky130_fd_sc_hd__buf_6)
                                                         net193 (net)
                      0.068979    0.000352   19.712660 v _1760_/B1 (sky130_fd_sc_hd__o21ai_4)
     3    0.027162    0.366690    0.160920   19.873581 ^ _1760_/Y (sky130_fd_sc_hd__o21ai_4)
                                                         _1249_ (net)
                      0.366690    0.000584   19.874165 ^ _1769_/A1 (sky130_fd_sc_hd__a21oi_4)
     1    0.009797    0.139877    0.208551   20.082716 v _1769_/Y (sky130_fd_sc_hd__a21oi_4)
                                                         _1258_ (net)
                      0.139877    0.000123   20.082840 v _1782_/A1 (sky130_fd_sc_hd__o21ai_4)
     5    0.040625    0.500809    0.523258   20.606096 ^ _1782_/Y (sky130_fd_sc_hd__o21ai_4)
                                                         _1271_ (net)
                      0.500816    0.001533   20.607630 ^ _1795_/D1 (sky130_fd_sc_hd__o2111ai_4)
     1    0.011441    0.256130    0.383746   20.991377 v _1795_/Y (sky130_fd_sc_hd__o2111ai_4)
                                                         _1284_ (net)
                      0.256130    0.000274   20.991650 v _1798_/B1 (sky130_fd_sc_hd__o21ai_4)
     3    0.024503    0.340577    0.239199   21.230848 ^ _1798_/Y (sky130_fd_sc_hd__o21ai_4)
                                                         _1287_ (net)
                      0.340577    0.000293   21.231142 ^ _1804_/A2 (sky130_fd_sc_hd__a21oi_4)
     3    0.016910    0.121389    0.233159   21.464302 v _1804_/Y (sky130_fd_sc_hd__a21oi_4)
                                                         _1293_ (net)
                      0.121389    0.000240   21.464540 v _1817_/A2 (sky130_fd_sc_hd__o21ai_4)
     6    0.040293    0.497259    0.474959   21.939499 ^ _1817_/Y (sky130_fd_sc_hd__o21ai_4)
                                                         _1306_ (net)
                      0.497260    0.000728   21.940228 ^ _1826_/A2 (sky130_fd_sc_hd__o21ai_2)
     2    0.008964    0.125911    0.259531   22.199759 v _1826_/Y (sky130_fd_sc_hd__o21ai_2)
                                                         _1315_ (net)
                      0.125911    0.000068   22.199827 v _1863_/A (sky130_fd_sc_hd__and3_1)
     1    0.010759    0.136301    0.386397   22.586224 v _1863_/X (sky130_fd_sc_hd__and3_1)
                                                         _1352_ (net)
                      0.136301    0.000135   22.586359 v _1865_/A1 (sky130_fd_sc_hd__o22ai_4)
     4    0.034273    0.487931    0.515966   23.102324 ^ _1865_/Y (sky130_fd_sc_hd__o22ai_4)
                                                         _1354_ (net)
                      0.487931    0.000265   23.102589 ^ _1870_/B2 (sky130_fd_sc_hd__o32ai_4)
     4    0.026483    0.230779    0.377744   23.480333 v _1870_/Y (sky130_fd_sc_hd__o32ai_4)
                                                         _1359_ (net)
                      0.230779    0.000325   23.480658 v rebuffer2/A (sky130_fd_sc_hd__clkbuf_1)
     1    0.005076    0.073916    0.256293   23.736950 v rebuffer2/X (sky130_fd_sc_hd__clkbuf_1)
                                                         net494 (net)
                      0.073916    0.000064   23.737015 v _1874_/A2 (sky130_fd_sc_hd__o211ai_2)
     2    0.013708    0.347355    0.345874   24.082890 ^ _1874_/Y (sky130_fd_sc_hd__o211ai_2)
                                                         _1363_ (net)
                      0.347355    0.000187   24.083076 ^ _1875_/B (sky130_fd_sc_hd__nand3_4)
     2    0.012816    0.156661    0.254749   24.337826 v _1875_/Y (sky130_fd_sc_hd__nand3_4)
                                                         _1364_ (net)
                      0.156661    0.000162   24.337986 v _1891_/B1 (sky130_fd_sc_hd__a21oi_4)
     4    0.018927    0.275874    0.312820   24.650806 ^ _1891_/Y (sky130_fd_sc_hd__a21oi_4)
                                                         _1380_ (net)
                      0.275874    0.000108   24.650915 ^ _1893_/B2 (sky130_fd_sc_hd__o22ai_4)
     2    0.009708    0.118082    0.197492   24.848406 v _1893_/Y (sky130_fd_sc_hd__o22ai_4)
                                                         _1382_ (net)
                      0.118082    0.000128   24.848536 v fanout186/A (sky130_fd_sc_hd__buf_6)
     6    0.034717    0.076511    0.270330   25.118864 v fanout186/X (sky130_fd_sc_hd__buf_6)
                                                         net186 (net)
                      0.076527    0.001059   25.119923 v _1897_/B1 (sky130_fd_sc_hd__a22oi_2)
     2    0.021035    0.488693    0.419634   25.539557 ^ _1897_/Y (sky130_fd_sc_hd__a22oi_2)
                                                         _1386_ (net)
                      0.488693    0.000357   25.539913 ^ _1906_/A2 (sky130_fd_sc_hd__o211ai_2)
     1    0.009518    0.199219    0.335056   25.874971 v _1906_/Y (sky130_fd_sc_hd__o211ai_2)
                                                         _1395_ (net)
                      0.199219    0.000153   25.875124 v _1921_/B1 (sky130_fd_sc_hd__a22oi_4)
     5    0.040899    0.533080    0.518156   26.393280 ^ _1921_/Y (sky130_fd_sc_hd__a22oi_4)
                                                         _1410_ (net)
                      0.533083    0.001023   26.394302 ^ _1927_/A2 (sky130_fd_sc_hd__o21ai_4)
     2    0.008824    0.117838    0.226617   26.620920 v _1927_/Y (sky130_fd_sc_hd__o21ai_4)
                                                         _1416_ (net)
                      0.117838    0.000098   26.621017 v fanout185/A (sky130_fd_sc_hd__buf_6)
     6    0.045510    0.090548    0.282899   26.903915 v fanout185/X (sky130_fd_sc_hd__buf_6)
                                                         net185 (net)
                      0.090548    0.000480   26.904396 v _1930_/A1 (sky130_fd_sc_hd__o21ai_4)
     3    0.015401    0.253566    0.313499   27.217894 ^ _1930_/Y (sky130_fd_sc_hd__o21ai_4)
                                                         _1419_ (net)
                      0.253566    0.000133   27.218027 ^ _1945_/B1 (sky130_fd_sc_hd__o22ai_4)
     6    0.031261    0.190188    0.278892   27.496920 v _1945_/Y (sky130_fd_sc_hd__o22ai_4)
                                                         _0165_ (net)
                      0.190188    0.000705   27.497625 v _1959_/A1 (sky130_fd_sc_hd__a22oi_4)
     5    0.025105    0.380986    0.462778   27.960403 ^ _1959_/Y (sky130_fd_sc_hd__a22oi_4)
                                                         _0179_ (net)
                      0.380986    0.000469   27.960873 ^ _1962_/B1 (sky130_fd_sc_hd__o211ai_4)
     2    0.014114    0.169187    0.296190   28.257061 v _1962_/Y (sky130_fd_sc_hd__o211ai_4)
                                                         _0182_ (net)
                      0.169187    0.000131   28.257193 v _1978_/B2 (sky130_fd_sc_hd__a2bb2oi_4)
     6    0.022705    0.295985    0.369822   28.627014 ^ _1978_/Y (sky130_fd_sc_hd__a2bb2oi_4)
                                                         _0198_ (net)
                      0.295985    0.000272   28.627287 ^ _1989_/A2 (sky130_fd_sc_hd__o211a_1)
     1    0.006245    0.117382    0.387631   29.014917 ^ _1989_/X (sky130_fd_sc_hd__o211a_1)
                                                         _0209_ (net)
                      0.117382    0.000091   29.015009 ^ _1995_/A2 (sky130_fd_sc_hd__a21oi_2)
     2    0.009631    0.118811    0.159316   29.174324 v _1995_/Y (sky130_fd_sc_hd__a21oi_2)
                                                         _0215_ (net)
                      0.118811    0.000075   29.174398 v fanout183/A (sky130_fd_sc_hd__buf_6)
     6    0.039892    0.083159    0.277062   29.451460 v fanout183/X (sky130_fd_sc_hd__buf_6)
                                                         net183 (net)
                      0.083159    0.000306   29.451767 v _2011_/A2 (sky130_fd_sc_hd__o31ai_4)
     4    0.019213    0.464851    0.521371   29.973137 ^ _2011_/Y (sky130_fd_sc_hd__o31ai_4)
                                                         _0231_ (net)
                      0.464851    0.000181   29.973318 ^ _2015_/A (sky130_fd_sc_hd__nand3_4)
     2    0.012018    0.175028    0.270642   30.243961 v _2015_/Y (sky130_fd_sc_hd__nand3_4)
                                                         _0235_ (net)
                      0.175028    0.000160   30.244122 v _2030_/B1 (sky130_fd_sc_hd__a22oi_4)
     6    0.029718    0.425465    0.423540   30.667662 ^ _2030_/Y (sky130_fd_sc_hd__a22oi_4)
                                                         _0250_ (net)
                      0.425465    0.000778   30.668440 ^ _2037_/B1 (sky130_fd_sc_hd__o22ai_4)
     3    0.027959    0.200659    0.334957   31.003397 v _2037_/Y (sky130_fd_sc_hd__o22ai_4)
                                                         _0257_ (net)
                      0.200659    0.000426   31.003822 v _2042_/A1 (sky130_fd_sc_hd__a21oi_4)
     4    0.034186    0.424778    0.473182   31.477005 ^ _2042_/Y (sky130_fd_sc_hd__a21oi_4)
                                                         _0262_ (net)
                      0.424778    0.000309   31.477314 ^ _2060_/B2 (sky130_fd_sc_hd__o22ai_4)
     4    0.020403    0.172676    0.287148   31.764462 v _2060_/Y (sky130_fd_sc_hd__o22ai_4)
                                                         _0280_ (net)
                      0.172676    0.000345   31.764807 v _2064_/A2_N (sky130_fd_sc_hd__o2bb2ai_4)
     5    0.034497    0.202664    0.354181   32.118988 v _2064_/Y (sky130_fd_sc_hd__o2bb2ai_4)
                                                         _0284_ (net)
                      0.202664    0.000732   32.119720 v _2078_/A2 (sky130_fd_sc_hd__a21oi_4)
     4    0.021519    0.302140    0.406601   32.526321 ^ _2078_/Y (sky130_fd_sc_hd__a21oi_4)
                                                         _0298_ (net)
                      0.302140    0.000174   32.526493 ^ _2079_/B2 (sky130_fd_sc_hd__o22ai_4)
     2    0.016307    0.144400    0.230536   32.757030 v _2079_/Y (sky130_fd_sc_hd__o22ai_4)
                                                         _0299_ (net)
                      0.144400    0.000117   32.757149 v fanout182/A (sky130_fd_sc_hd__buf_6)
     6    0.032555    0.073776    0.280867   33.038013 v fanout182/X (sky130_fd_sc_hd__buf_6)
                                                         net182 (net)
                      0.073776    0.000298   33.038311 v _2093_/A (sky130_fd_sc_hd__nand2_1)
     1    0.005351    0.108469    0.116753   33.155064 ^ _2093_/Y (sky130_fd_sc_hd__nand2_1)
                                                         _0313_ (net)
                      0.108469    0.000060   33.155125 ^ _2095_/A (sky130_fd_sc_hd__nand3_2)
     2    0.013595    0.261043    0.220325   33.375450 v _2095_/Y (sky130_fd_sc_hd__nand3_2)
                                                         _0315_ (net)
                      0.261043    0.000242   33.375694 v _2102_/A1 (sky130_fd_sc_hd__o21ai_4)
     5    0.029584    0.391559    0.490267   33.865959 ^ _2102_/Y (sky130_fd_sc_hd__o21ai_4)
                                                         _0322_ (net)
                      0.391559    0.000494   33.866455 ^ _2120_/B1 (sky130_fd_sc_hd__o211ai_2)
     3    0.011804    0.278110    0.370836   34.237289 v _2120_/Y (sky130_fd_sc_hd__o211ai_2)
                                                         _0340_ (net)
                      0.278110    0.000234   34.237522 v _2122_/C1 (sky130_fd_sc_hd__o211a_1)
     1    0.008890    0.124067    0.344965   34.582489 v _2122_/X (sky130_fd_sc_hd__o211a_1)
                                                         _0342_ (net)
                      0.124067    0.000085   34.582573 v _2129_/A1 (sky130_fd_sc_hd__a21oi_4)
     2    0.011280    0.203840    0.260108   34.842682 ^ _2129_/Y (sky130_fd_sc_hd__a21oi_4)
                                                         _0349_ (net)
                      0.203840    0.000156   34.842838 ^ fanout181/A (sky130_fd_sc_hd__buf_8)
     6    0.045160    0.130084    0.284583   35.127422 ^ fanout181/X (sky130_fd_sc_hd__buf_8)
                                                         net181 (net)
                      0.130084    0.000291   35.127712 ^ _2141_/A2 (sky130_fd_sc_hd__o21bai_4)
     2    0.014766    0.130959    0.158515   35.286228 v _2141_/Y (sky130_fd_sc_hd__o21bai_4)
                                                         _0361_ (net)
                      0.130959    0.000277   35.286507 v _2142_/B1 (sky130_fd_sc_hd__o21ai_4)
     3    0.022251    0.318651    0.173728   35.460232 ^ _2142_/Y (sky130_fd_sc_hd__o21ai_4)
                                                         _0362_ (net)
                      0.318651    0.000224   35.460457 ^ _2151_/B (sky130_fd_sc_hd__nand3_4)
     2    0.011573    0.165153    0.240025   35.700481 v _2151_/Y (sky130_fd_sc_hd__nand3_4)
                                                         _0371_ (net)
                      0.165153    0.000128   35.700611 v _2166_/B1 (sky130_fd_sc_hd__a22oi_4)
     5    0.026303    0.392426    0.393776   36.094387 ^ _2166_/Y (sky130_fd_sc_hd__a22oi_4)
                                                         _0386_ (net)
                      0.392426    0.000373   36.094757 ^ _2174_/B2 (sky130_fd_sc_hd__o22ai_4)
     3    0.019343    0.163793    0.272099   36.366856 v _2174_/Y (sky130_fd_sc_hd__o22ai_4)
                                                         _0394_ (net)
                      0.163793    0.000220   36.367077 v fanout180/A (sky130_fd_sc_hd__buf_6)
     6    0.032406    0.073589    0.290203   36.657280 v fanout180/X (sky130_fd_sc_hd__buf_6)
                                                         net180 (net)
                      0.073589    0.000181   36.657463 v _2181_/A2 (sky130_fd_sc_hd__o21ai_4)
     4    0.020325    0.311215    0.305885   36.963348 ^ _2181_/Y (sky130_fd_sc_hd__o21ai_4)
                                                         _0401_ (net)
                      0.311215    0.000092   36.963440 ^ _2192_/B1 (sky130_fd_sc_hd__o22ai_4)
     2    0.016023    0.143029    0.251916   37.215355 v _2192_/Y (sky130_fd_sc_hd__o22ai_4)
                                                         _0412_ (net)
                      0.143029    0.000107   37.215462 v fanout179/A (sky130_fd_sc_hd__buf_6)
     6    0.025008    0.065079    0.269381   37.484844 v fanout179/X (sky130_fd_sc_hd__buf_6)
                                                         net179 (net)
                      0.065079    0.000124   37.484966 v _2202_/B1 (sky130_fd_sc_hd__a22oi_4)
     4    0.030271    0.430010    0.384759   37.869728 ^ _2202_/Y (sky130_fd_sc_hd__a22oi_4)
                                                         _0422_ (net)
                      0.430010    0.000366   37.870090 ^ _2206_/A2 (sky130_fd_sc_hd__o211ai_4)
     4    0.025812    0.227419    0.341657   38.211750 v _2206_/Y (sky130_fd_sc_hd__o211ai_4)
                                                         _0426_ (net)
                      0.227419    0.000504   38.212254 v _2220_/B1 (sky130_fd_sc_hd__a22oi_4)
     5    0.019760    0.333826    0.368861   38.581116 ^ _2220_/Y (sky130_fd_sc_hd__a22oi_4)
                                                         _0440_ (net)
                      0.333826    0.000199   38.581314 ^ _2232_/A2 (sky130_fd_sc_hd__o211ai_2)
     1    0.009418    0.198873    0.291319   38.872631 v _2232_/Y (sky130_fd_sc_hd__o211ai_2)
                                                         _0452_ (net)
                      0.198873    0.000107   38.872738 v _2233_/B1 (sky130_fd_sc_hd__o41ai_4)
     5    0.020681    0.660165    0.185388   39.058128 ^ _2233_/Y (sky130_fd_sc_hd__o41ai_4)
                                                         _0453_ (net)
                      0.660165    0.000416   39.058544 ^ _2234_/B1 (sky130_fd_sc_hd__a21oi_2)
     2    0.011385    0.169037    0.264414   39.322956 v _2234_/Y (sky130_fd_sc_hd__a21oi_2)
                                                         _0454_ (net)
                      0.169037    0.000121   39.323078 v fanout174/A (sky130_fd_sc_hd__buf_6)
     6    0.027697    0.069450    0.286491   39.609570 v fanout174/X (sky130_fd_sc_hd__buf_6)
                                                         net174 (net)
                      0.069451    0.000345   39.609913 v _2253_/A2 (sky130_fd_sc_hd__o21ai_1)
     1    0.005049    0.233103    0.239492   39.849403 ^ _2253_/Y (sky130_fd_sc_hd__o21ai_1)
                                                         _0473_ (net)
                      0.233103    0.000046   39.849453 ^ _2257_/B (sky130_fd_sc_hd__nand3_2)
     1    0.009559    0.191822    0.254783   40.104233 v _2257_/Y (sky130_fd_sc_hd__nand3_2)
                                                         _0477_ (net)
                      0.191822    0.000068   40.104301 v _2262_/A1 (sky130_fd_sc_hd__o21ai_4)
     6    0.044873    0.543047    0.577494   40.681793 ^ _2262_/Y (sky130_fd_sc_hd__o21ai_4)
                                                         _0482_ (net)
                      0.543048    0.000675   40.682468 ^ _2271_/D1 (sky130_fd_sc_hd__o2111ai_4)
     3    0.019557    0.319557    0.456552   41.139023 v _2271_/Y (sky130_fd_sc_hd__o2111ai_4)
                                                         _0491_ (net)
                      0.319557    0.000295   41.139317 v _2286_/A3 (sky130_fd_sc_hd__a31oi_4)
     3    0.019923    0.328782    0.498911   41.638229 ^ _2286_/Y (sky130_fd_sc_hd__a31oi_4)
                                                         _0506_ (net)
                      0.328782    0.000345   41.638573 ^ _2296_/B2 (sky130_fd_sc_hd__a22oi_4)
     3    0.017670    0.143839    0.220588   41.859161 v _2296_/Y (sky130_fd_sc_hd__a22oi_4)
                                                         _0516_ (net)
                      0.143839    0.000288   41.859447 v _2304_/B2 (sky130_fd_sc_hd__o22ai_4)
     4    0.026832    0.413756    0.351029   42.210480 ^ _2304_/Y (sky130_fd_sc_hd__o22ai_4)
                                                         _0524_ (net)
                      0.413756    0.000309   42.210789 ^ _2312_/A2 (sky130_fd_sc_hd__o21ai_4)
     4    0.022208    0.140424    0.254264   42.465050 v _2312_/Y (sky130_fd_sc_hd__o21ai_4)
                                                         _0532_ (net)
                      0.140424    0.000171   42.465221 v _2323_/B1 (sky130_fd_sc_hd__o22ai_2)
     1    0.006365    0.235732    0.243386   42.708607 ^ _2323_/Y (sky130_fd_sc_hd__o22ai_2)
                                                         _0543_ (net)
                      0.235732    0.000092   42.708698 ^ fanout172/A (sky130_fd_sc_hd__buf_6)
     4    0.022680    0.091019    0.270141   42.978840 ^ fanout172/X (sky130_fd_sc_hd__buf_6)
                                                         net172 (net)
                      0.091019    0.000441   42.979282 ^ fanout171/A (sky130_fd_sc_hd__buf_8)
     6    0.027809    0.089566    0.202313   43.181595 ^ fanout171/X (sky130_fd_sc_hd__buf_8)
                                                         net171 (net)
                      0.089566    0.000099   43.181694 ^ _2326_/B1 (sky130_fd_sc_hd__o21ai_4)
     3    0.009993    0.083170    0.118966   43.300659 v _2326_/Y (sky130_fd_sc_hd__o21ai_4)
                                                         _0546_ (net)
                      0.083170    0.000110   43.300770 v _2336_/A1 (sky130_fd_sc_hd__a31o_1)
     1    0.009383    0.120188    0.380830   43.681599 v _2336_/X (sky130_fd_sc_hd__a31o_1)
                                                         _0556_ (net)
                      0.120188    0.000092   43.681694 v _2344_/A1 (sky130_fd_sc_hd__o21ai_4)
     3    0.022281    0.319093    0.377558   44.059250 ^ _2344_/Y (sky130_fd_sc_hd__o21ai_4)
                                                         _0564_ (net)
                      0.319093    0.000231   44.059483 ^ fanout170/A (sky130_fd_sc_hd__buf_6)
     6    0.037909    0.134884    0.333792   44.393272 ^ fanout170/X (sky130_fd_sc_hd__buf_6)
                                                         net170 (net)
                      0.134884    0.000494   44.393764 ^ _2373_/A (sky130_fd_sc_hd__nand4_4)
     2    0.005373    0.179585    0.156810   44.550575 v _2373_/Y (sky130_fd_sc_hd__nand4_4)
                                                         _0593_ (net)
                      0.179585    0.000071   44.550648 v _2384_/A_N (sky130_fd_sc_hd__nand3b_4)
     2    0.033915    0.268054    0.466137   45.016785 v _2384_/Y (sky130_fd_sc_hd__nand3b_4)
                                                         net91 (net)
                      0.268054    0.000796   45.017582 v output91/A (sky130_fd_sc_hd__buf_8)
     1    0.034154    0.067800    0.333433   45.351013 v output91/X (sky130_fd_sc_hd__buf_8)
                                                         irq_o (net)
                      0.067800    0.000178   45.351192 v irq_o (out)
                                             45.351192   data arrival time

                                 50.000000   50.000000   clock clk_i (rise edge)
                                  0.000000   50.000000   clock network delay (propagated)
                                 -0.250000   49.749996   clock uncertainty
                                  0.000000   49.749996   clock reconvergence pessimism
                                -10.000000   39.749996   output external delay
                                             39.749996   data required time
---------------------------------------------------------------------------------------------
                                             39.749996   data required time
                                            -45.351192   data arrival time
---------------------------------------------------------------------------------------------
                                             -5.601194   slack (VIOLATED)




===========================================================================
 report_check_types -max_slew -max_cap -max_fanout -violators
============================================================================
======================= min_ss_100C_1v60 Corner ===================================

max slew

Pin                                        Limit        Slew       Slack
------------------------------------------------------------------------
_2396_/Y                                1.000000    1.027472   -0.027472 (VIOLATED)
_2398_/B                                1.000000    1.027472   -0.027472 (VIOLATED)
_2404_/A                                1.000000    1.027472   -0.027472 (VIOLATED)
_2405_/A                                1.000000    1.027472   -0.027472 (VIOLATED)

max fanout

Pin                                   Limit Fanout  Slack
---------------------------------------------------------
clkbuf_2_1__f_clk_i/X                     6     11     -5 (VIOLATED)
clkbuf_2_2__f_clk_i/X                     6     11     -5 (VIOLATED)
clkbuf_2_3__f_clk_i/X                     6     11     -5 (VIOLATED)
clkbuf_leaf_35_clk_i/X                    6     11     -5 (VIOLATED)
clkbuf_2_0__f_clk_i/X                     6     10     -4 (VIOLATED)
clkbuf_leaf_13_clk_i/X                    6     10     -4 (VIOLATED)
clkbuf_leaf_34_clk_i/X                    6     10     -4 (VIOLATED)
clkbuf_leaf_39_clk_i/X                    6     10     -4 (VIOLATED)
clkbuf_leaf_0_clk_i/X                     6      9     -3 (VIOLATED)
clkbuf_leaf_20_clk_i/X                    6      9     -3 (VIOLATED)
clkbuf_leaf_21_clk_i/X                    6      9     -3 (VIOLATED)
clkbuf_leaf_24_clk_i/X                    6      9     -3 (VIOLATED)
clkbuf_leaf_28_clk_i/X                    6      9     -3 (VIOLATED)
clkbuf_leaf_2_clk_i/X                     6      9     -3 (VIOLATED)
clkbuf_leaf_31_clk_i/X                    6      9     -3 (VIOLATED)
clkbuf_leaf_8_clk_i/X                     6      8     -2 (VIOLATED)
clkbuf_leaf_10_clk_i/X                    6      7        (VIOLATED)
clkbuf_leaf_12_clk_i/X                    6      7        (VIOLATED)
clkbuf_leaf_23_clk_i/X                    6      7        (VIOLATED)
clkbuf_leaf_32_clk_i/X                    6      7        (VIOLATED)
fanout262/X                               6      7        (VIOLATED)



===========================================================================
report_parasitic_annotation -report_unannotated
============================================================================
Found 97 unannotated drivers.
 tl_i[0]
 tl_i[103]
 tl_i[104]
 tl_i[105]
 tl_i[106]
 tl_i[10]
 tl_i[11]
 tl_i[12]
 tl_i[13]
 tl_i[14]
 tl_i[15]
 tl_i[16]
 tl_i[17]
 tl_i[18]
 tl_i[19]
 tl_i[1]
 tl_i[20]
 tl_i[21]
 tl_i[22]
 tl_i[23]
 tl_i[24]
 tl_i[2]
 tl_i[3]
 tl_i[4]
 tl_i[57]
 tl_i[58]
 tl_i[59]
 tl_i[5]
 tl_i[60]
 tl_i[6]
 tl_i[73]
 tl_i[74]
 tl_i[75]
 tl_i[76]
 tl_i[77]
 tl_i[78]
 tl_i[79]
 tl_i[7]
 tl_i[80]
 tl_i[81]
 tl_i[82]
 tl_i[83]
 tl_i[84]
 tl_i[85]
 tl_i[86]
 tl_i[87]
 tl_i[88]
 tl_i[89]
 tl_i[8]
 tl_i[90]
 tl_i[91]
 tl_i[92]
 tl_i[9]
 clkload0/Y
 clkload1/X
 clkload10/Y
 clkload11/X
 clkload12/Y
 clkload13/Y
 clkload14/Y
 clkload15/Y
 clkload16/Y
 clkload17/X
 clkload18/Y
 clkload19/Y
 clkload2/X
 clkload20/Y
 clkload21/Y
 clkload22/Y
 clkload23/Y
 clkload24/X
 clkload25/Y
 clkload26/Y
 clkload27/X
 clkload28/Y
 clkload29/X
 clkload3/X
 clkload30/Y
 clkload31/Y
 clkload32/Y
 clkload33/Y
 clkload34/Y
 clkload35/X
 clkload4/Y
 clkload5/Y
 clkload6/X
 clkload7/Y
 clkload8/Y
 clkload9/Y
 rv_plic_lite_485/HI
 rv_plic_lite_486/HI
 rv_plic_lite_487/HI
 rv_plic_lite_488/HI
 rv_plic_lite_489/HI
 rv_plic_lite_490/HI
 rv_plic_lite_491/HI
 rv_plic_lite_492/LO
Found 0 partially unannotated drivers.

===========================================================================
max slew violation count 4
max fanout violation count 21
max cap violation count 0
============================================================================

===========================================================================
check_setup -verbose -unconstrained_endpoints -multiple_clock -no_clock -no_input_delay -loops -generated_clocks
===========================================================================
Warning: There are 8 unconstrained endpoints.
  tl_o[0]
  tl_o[15]
  tl_o[48]
  tl_o[59]
  tl_o[60]
  tl_o[61]
  tl_o[63]
  tl_o[64]
