Clock: clk_i
Sources: clk_i 
Generated: no
Virtual: yes
Propagated: no
Period: 50.000000

===========================================================================
report_clock_properties
============================================================================
Clock                   Period          Waveform
----------------------------------------------------
clk_i                50.000000    0.000000 25.000000

===========================================================================
report_clock_latency
============================================================================
Clock clk_i
rise -> rise
    min     max
0.000000 0.000000 source latency
1.107914         network latency _3266_/CLK
        1.484408 network latency _3132_/CLK
---------------
1.107914 1.484408 latency
        0.376493 skew

fall -> fall
    min     max
0.000000 0.000000 source latency
0.938075         network latency _3266_/CLK
        1.287319 network latency _3132_/CLK
---------------
0.938075 1.287319 latency
        0.349244 skew



===========================================================================
report_clock_min_period
============================================================================
clk_i period_min = 48.90 fmax = 20.45
