
===========================================================================
Violator List
============================================================================
[setup in-out] intr_src_i[1] -> irq_o : -5.601194
[setup in-reg] intr_src_i[1] -> _2932_/D : -0.794316
[setup in-reg] intr_src_i[1] -> _2938_/D : -0.777916
[setup in-reg] intr_src_i[1] -> _3079_/D : -0.757893
[setup in-reg] intr_src_i[1] -> _2926_/D : -0.735977
[setup in-reg] intr_src_i[1] -> _2940_/D : -0.728871
[setup in-reg] intr_src_i[1] -> _2928_/D : -0.709925
[setup in-reg] intr_src_i[1] -> _2930_/D : -0.698588
[setup in-reg] intr_src_i[1] -> _2936_/D : -0.685549
[setup in-reg] intr_src_i[1] -> _2910_/D : -0.597371
[setup in-reg] intr_src_i[1] -> _2917_/D : -0.536794
[setup in-reg] intr_src_i[1] -> _2916_/D : -0.517254
[setup in-reg] intr_src_i[1] -> _2914_/D : -0.487855
[setup in-reg] intr_src_i[1] -> _2920_/D : -0.477954
[setup in-reg] intr_src_i[1] -> _2912_/D : -0.477538
[setup in-reg] intr_src_i[1] -> _2918_/D : -0.438064
[setup in-reg] intr_src_i[1] -> _2913_/D : -0.419767
[setup in-reg] intr_src_i[1] -> _2931_/D : -0.229047
[setup in-reg] intr_src_i[1] -> _2939_/D : -0.224937
[setup in-reg] intr_src_i[1] -> _2922_/D : -0.159808
[setup in-reg] intr_src_i[1] -> _2934_/D : -0.158185
[setup in-reg] intr_src_i[1] -> _2927_/D : -0.156749
[setup in-reg] intr_src_i[1] -> _2915_/D : -0.137177
[setup in-reg] intr_src_i[1] -> _2929_/D : -0.128317
[setup in-reg] intr_src_i[1] -> _2935_/D : -0.107693
[setup in-reg] intr_src_i[1] -> _2923_/D : -0.069875
[setup in-reg] intr_src_i[1] -> _2924_/D : -0.064730
[setup in-reg] intr_src_i[1] -> _2925_/D : -0.031733
[setup in-reg] intr_src_i[1] -> _2921_/D : -0.000863
