Clock: clk_i
Sources: clk_i 
Generated: no
Virtual: yes
Propagated: no
Period: 25.000000

===========================================================================
report_clock_properties
============================================================================
Clock                   Period          Waveform
----------------------------------------------------
clk_i                25.000000    0.000000 12.500000

===========================================================================
report_clock_latency
============================================================================
Clock clk_i
rise -> rise
    min     max
0.000000 0.000000 source latency
1.387263         network latency _09853_/CLK
        7.096788 network latency _10124_/CLK
---------------
1.387263 7.096788 latency
        5.709525 skew

rise -> fall
    min     max
0.000000 0.000000 source latency
5.258189         network latency _10078_/CLK
        6.742191 network latency _10124_/CLK
---------------
5.258189 6.742191 latency
        1.484002 skew

fall -> fall
    min     max
0.000000 0.000000 source latency
1.086558         network latency _09853_/CLK
        1.499848 network latency _09347_/CLK
---------------
1.086558 1.499848 latency
        0.413290 skew



===========================================================================
report_clock_min_period
============================================================================
clk_i period_min = 16.39 fmax = 61.02
