Clock: clk
Sources: wb_clk_i 
Generated: no
Virtual: yes
Propagated: no
Period: 35.000000

===========================================================================
report_clock_properties
============================================================================
Clock                   Period          Waveform
----------------------------------------------------
clk                  35.000000    0.000000 17.500000

===========================================================================
report_clock_latency
============================================================================
Clock clk
rise -> rise
    min     max
4.650000 5.570000 source latency
17.468010         network latency u_fft/_12961_/CLK
        21.530443 network latency u_fft_bank1/CLKin
---------------
22.118010 27.100443 latency
        4.982434 skew

fall -> rise
    min     max
4.650000 5.570000 source latency
19.149511         network latency u_ibex/_576_/CLK
        20.096586 network latency u_ibex/_562_/CLK
---------------
23.799511 25.666586 latency
        1.867075 skew

fall -> fall
    min     max
4.650000 5.570000 source latency
13.042652         network latency u_spi_host/_4560_/CLK
        19.980459 network latency u_ibex/_562_/CLK
---------------
17.692652 25.550459 latency
        7.857807 skew



===========================================================================
report_clock_min_period
============================================================================
clk period_min = 19.60 fmax = 51.03
