Clock: clk
Sources: wb_clk_i 
Generated: no
Virtual: yes
Propagated: no
Period: 35.000000

===========================================================================
report_clock_properties
============================================================================
Clock                   Period          Waveform
----------------------------------------------------
clk                  35.000000    0.000000 17.500000

===========================================================================
report_clock_latency
============================================================================
Clock clk
rise -> rise
    min     max
4.650000 5.570000 source latency
7.260900         network latency u_spi_host/_4560_/CLK
        10.214408 network latency u_ibex/_562_/CLK
---------------
11.910901 15.784409 latency
        3.873508 skew

fall -> rise
    min     max
4.650000 5.570000 source latency
12.412254         network latency u_ibex/_576_/CLK
        13.359355 network latency u_ibex/_562_/CLK
---------------
17.062254 18.929354 latency
        1.867100 skew

fall -> fall
    min     max
4.650000 5.570000 source latency
6.817814         network latency u_spi_host/_4560_/CLK
        13.243202 network latency u_ibex/_562_/CLK
---------------
11.467813 18.813202 latency
        7.345388 skew



===========================================================================
report_clock_min_period
============================================================================
clk period_min = 19.55 fmax = 51.15
