
===========================================================================
Violator List
============================================================================
[hold reg-reg] u_fft/_12914_/Q -> u_fft_bank1/DI[1] : -2.676698
[hold reg-reg] u_fft/_12914_/Q -> u_fft_bank0/DI[1] : -2.666924
[hold reg-reg] u_fft/_12937_/Q -> u_fft_bank1/DI[24] : -2.620267
[hold reg-reg] u_fft/_12939_/Q -> u_fft_bank1/DI[26] : -2.614190
[hold reg-reg] u_fft/_12937_/Q -> u_fft_bank0/DI[24] : -2.609657
[hold reg-reg] u_fft/_12919_/Q -> u_fft_bank1/DI[6] : -2.604544
[hold reg-reg] u_fft/_12939_/Q -> u_fft_bank0/DI[26] : -2.603468
[hold reg-reg] u_fft/_12920_/Q -> u_fft_bank1/DI[7] : -2.599858
[hold reg-reg] u_fft/_12940_/Q -> u_fft_bank1/DI[27] : -2.598513
[hold reg-reg] u_fft/_12919_/Q -> u_fft_bank0/DI[6] : -2.594167
[hold reg-reg] u_fft/_12918_/Q -> u_fft_bank1/DI[5] : -2.593874
[hold reg-reg] u_fft/_12934_/Q -> u_fft_bank1/DI[21] : -2.592389
[hold reg-reg] u_fft/_12936_/Q -> u_fft_bank1/DI[23] : -2.590804
[hold reg-reg] u_fft/_12921_/Q -> u_fft_bank1/DI[8] : -2.590067
[hold reg-reg] u_fft/_12920_/Q -> u_fft_bank0/DI[7] : -2.589820
[hold reg-reg] u_fft/_12940_/Q -> u_fft_bank0/DI[27] : -2.587930
[hold reg-reg] u_fft/_12918_/Q -> u_fft_bank0/DI[5] : -2.583331
[hold reg-reg] u_fft/_12934_/Q -> u_fft_bank0/DI[21] : -2.582587
[hold reg-reg] u_fft/_12935_/Q -> u_fft_bank1/DI[22] : -2.582555
[hold reg-reg] u_fft/_12936_/Q -> u_fft_bank0/DI[23] : -2.580464
[hold reg-reg] u_fft/_12921_/Q -> u_fft_bank0/DI[8] : -2.580038
[hold reg-reg] u_fft/_12917_/Q -> u_fft_bank1/DI[4] : -2.579549
[hold reg-reg] u_fft/_12935_/Q -> u_fft_bank0/DI[22] : -2.572305
[hold reg-reg] u_fft/_12917_/Q -> u_fft_bank0/DI[4] : -2.569030
[hold reg-reg] u_fft/_12923_/Q -> u_fft_bank1/DI[10] : -2.568850
[hold reg-reg] u_fft/_12932_/Q -> u_fft_bank1/DI[19] : -2.560947
[hold reg-reg] u_fft/_12923_/Q -> u_fft_bank0/DI[10] : -2.559080
[hold reg-reg] u_fft/_12924_/Q -> u_fft_bank1/DI[11] : -2.556554
[hold reg-reg] u_fft/_12932_/Q -> u_fft_bank0/DI[19] : -2.550236
[hold reg-reg] u_fft/_12916_/Q -> u_fft_bank1/DI[3] : -2.547365
[hold reg-reg] u_fft/_12924_/Q -> u_fft_bank0/DI[11] : -2.546843
[hold reg-reg] u_fft/_12941_/Q -> u_fft_bank1/DI[28] : -2.545535
[hold reg-reg] u_fft/_12925_/Q -> u_fft_bank1/DI[12] : -2.543670
[hold reg-reg] u_fft/_12933_/Q -> u_fft_bank1/DI[20] : -2.542313
[hold reg-reg] u_fft/_12938_/Q -> u_fft_bank1/DI[25] : -2.541405
[hold reg-reg] u_fft/_12915_/Q -> u_fft_bank1/DI[2] : -2.540039
[hold reg-reg] u_fft/_12926_/Q -> u_fft_bank1/DI[13] : -2.537838
[hold reg-reg] u_fft/_12916_/Q -> u_fft_bank0/DI[3] : -2.536870
[hold reg-reg] u_fft/_12941_/Q -> u_fft_bank0/DI[28] : -2.535142
[hold reg-reg] u_fft/_12925_/Q -> u_fft_bank0/DI[12] : -2.534183
[hold reg-reg] u_fft/_12933_/Q -> u_fft_bank0/DI[20] : -2.532406
[hold reg-reg] u_fft/_12938_/Q -> u_fft_bank0/DI[25] : -2.532353
[hold reg-reg] u_fft/_12930_/Q -> u_fft_bank1/DI[17] : -2.531310
[hold reg-reg] u_fft/_12915_/Q -> u_fft_bank0/DI[2] : -2.529481
[hold reg-reg] u_fft/_12922_/Q -> u_fft_bank1/DI[9] : -2.528900
[hold reg-reg] u_fft/_12926_/Q -> u_fft_bank0/DI[13] : -2.527850
[hold reg-reg] u_fft/_12931_/Q -> u_fft_bank1/DI[18] : -2.527024
[hold reg-reg] u_fft/_12930_/Q -> u_fft_bank0/DI[17] : -2.521299
[hold reg-reg] u_fft/_12922_/Q -> u_fft_bank0/DI[9] : -2.521224
[hold reg-reg] u_fft/_12942_/Q -> u_fft_bank1/DI[29] : -2.518229
[hold reg-reg] u_fft/_12931_/Q -> u_fft_bank0/DI[18] : -2.516860
[hold reg-reg] u_fft/_12929_/Q -> u_fft_bank1/DI[16] : -2.514556
[hold reg-reg] u_fft/_12944_/Q -> u_fft_bank1/DI[31] : -2.510639
[hold reg-reg] u_fft/_12928_/Q -> u_fft_bank1/DI[15] : -2.509356
[hold reg-reg] u_fft/_12942_/Q -> u_fft_bank0/DI[29] : -2.507653
[hold reg-reg] u_fft/_12943_/Q -> u_fft_bank1/DI[30] : -2.505256
[hold reg-reg] u_fft/_12929_/Q -> u_fft_bank0/DI[16] : -2.503930
[hold reg-reg] u_fft/_12944_/Q -> u_fft_bank0/DI[31] : -2.500109
[hold reg-reg] u_fft/_12928_/Q -> u_fft_bank0/DI[15] : -2.499894
[hold reg-reg] u_fft/_12943_/Q -> u_fft_bank0/DI[30] : -2.494685
[hold reg-reg] u_fft/_12927_/Q -> u_fft_bank1/DI[14] : -2.481073
[hold reg-reg] u_fft/_12927_/Q -> u_fft_bank0/DI[14] : -2.472008
[hold reg-reg] u_fft/_13300_/Q -> u_fft_bank1/R_WB : -2.419093
[hold reg-reg] u_fft/_12913_/Q -> u_fft_bank1/DI[0] : -2.412278
[hold reg-reg] u_fft/_13300_/Q -> u_fft_bank0/R_WB : -2.409735
[hold reg-reg] u_fft/_13306_/Q -> u_fft_bank1/AD[5] : -2.403940
[hold reg-reg] u_fft/_12913_/Q -> u_fft_bank0/DI[0] : -2.402675
[hold reg-reg] u_fft/_13306_/Q -> u_fft_bank0/AD[5] : -2.396289
[hold reg-reg] u_fft/_13309_/Q -> u_fft_bank1/AD[8] : -2.337167
[hold reg-reg] u_fft/_13309_/Q -> u_fft_bank0/AD[8] : -2.327990
[hold reg-reg] u_fft/_13310_/Q -> u_fft_bank1/AD[9] : -2.288827
[hold reg-reg] u_fft/_13310_/Q -> u_fft_bank0/AD[9] : -2.279640
[hold reg-reg] u_fft/_13304_/Q -> u_fft_bank1/AD[3] : -2.249156
[hold reg-reg] u_fft/_13304_/Q -> u_fft_bank0/AD[3] : -2.239986
[hold reg-reg] u_fft/_13307_/Q -> u_fft_bank1/AD[6] : -2.237737
[hold reg-reg] u_fft/_13307_/Q -> u_fft_bank0/AD[6] : -2.229456
[hold reg-reg] u_fft/_13314_/Q -> u_fft_bank0/EN : -2.218968
[hold reg-reg] u_fft/_13303_/Q -> u_fft_bank1/AD[2] : -2.206688
[hold reg-reg] u_fft/_13305_/Q -> u_fft_bank1/AD[4] : -2.200267
[hold reg-reg] u_fft/_13302_/Q -> u_fft_bank1/AD[1] : -2.196874
[hold reg-reg] u_fft/_13303_/Q -> u_fft_bank0/AD[2] : -2.196407
[hold reg-reg] u_fft/_13305_/Q -> u_fft_bank0/AD[4] : -2.191960
[hold reg-reg] u_fft/_13302_/Q -> u_fft_bank0/AD[1] : -2.189306
[hold reg-reg] u_fft/_13301_/Q -> u_fft_bank1/AD[0] : -2.151943
[hold reg-reg] u_fft/_13308_/Q -> u_fft_bank1/AD[7] : -2.148171
[hold reg-reg] u_fft/_13301_/Q -> u_fft_bank0/AD[0] : -2.145631
[hold reg-reg] u_fft/_13308_/Q -> u_fft_bank0/AD[7] : -2.140407
[hold reg-reg] u_fft/_13314_/Q -> u_fft_bank1/EN : -1.939872
