
===========================================================================
report_checks -unconstrained
===========================================================================
======================= min_ff_n40C_1v95 Corner ===================================

Startpoint: rst_ni (input port clocked by clk_i)
Endpoint: _7547_ (recovery check against rising-edge clock clk_i)
Path Group: asynchronous
Path Type: max

Fanout         Cap        Slew       Delay        Time   Description
---------------------------------------------------------------------------------------------
                                  0.000000    0.000000   clock clk_i (rise edge)
                                  0.000000    0.000000   clock network delay (propagated)
                                  5.000000    5.000000 ^ input external delay
     1    0.002768    0.013803    0.007134    5.007134 ^ rst_ni (in)
                                                         rst_ni (net)
                      0.013803    0.000000    5.007134 ^ input6/A (sky130_fd_sc_hd__buf_1)
     1    0.012782    0.116259    0.105824    5.112958 ^ input6/X (sky130_fd_sc_hd__buf_1)
                                                         net6 (net)
                      0.116265    0.000691    5.113650 ^ fanout1558/A (sky130_fd_sc_hd__buf_4)
     4    0.084563    0.177641    0.187009    5.300659 ^ fanout1558/X (sky130_fd_sc_hd__buf_4)
                                                         net1558 (net)
                      0.179184    0.013429    5.314088 ^ fanout1557/A (sky130_fd_sc_hd__clkbuf_2)
     4    0.051574    0.215518    0.219897    5.533985 ^ fanout1557/X (sky130_fd_sc_hd__clkbuf_2)
                                                         net1557 (net)
                      0.215564    0.002576    5.536561 ^ fanout1538/A (sky130_fd_sc_hd__dlymetal6s2s_1)
     3    0.027081    0.215104    0.206531    5.743092 ^ fanout1538/X (sky130_fd_sc_hd__dlymetal6s2s_1)
                                                         net1538 (net)
                      0.215108    0.000762    5.743854 ^ fanout1536/A (sky130_fd_sc_hd__buf_2)
     4    0.042895    0.158761    0.189838    5.933692 ^ fanout1536/X (sky130_fd_sc_hd__buf_2)
                                                         net1536 (net)
                      0.158765    0.000671    5.934363 ^ fanout1528/A (sky130_fd_sc_hd__buf_2)
     6    0.065629    0.240025    0.240266    6.174629 ^ fanout1528/X (sky130_fd_sc_hd__buf_2)
                                                         net1528 (net)
                      0.240029    0.000809    6.175438 ^ fanout1527/A (sky130_fd_sc_hd__buf_1)
     3    0.033012    0.287747    0.236705    6.412143 ^ fanout1527/X (sky130_fd_sc_hd__buf_1)
                                                         net1527 (net)
                      0.287750    0.000791    6.412934 ^ fanout1524/A (sky130_fd_sc_hd__clkbuf_2)
     6    0.039100    0.165073    0.196356    6.609291 ^ fanout1524/X (sky130_fd_sc_hd__clkbuf_2)
                                                         net1524 (net)
                      0.165125    0.000433    6.609724 ^ fanout1523/A (sky130_fd_sc_hd__clkbuf_2)
     6    0.043315    0.181982    0.194993    6.804718 ^ fanout1523/X (sky130_fd_sc_hd__clkbuf_2)
                                                         net1523 (net)
                      0.182074    0.003361    6.808079 ^ _7547_/RESET_B (sky130_fd_sc_hd__dfrtp_1)
                                              6.808079   data arrival time

                                 25.000000   25.000000   clock clk_i (rise edge)
                                  0.000000   25.000000   clock source latency
     2    0.079991    0.271001    0.189058   25.189056 ^ clk_i (in)
                                                         clk_i (net)
                      0.271070    0.000000   25.189056 ^ clkbuf_0_clk_i/A (sky130_fd_sc_hd__clkbuf_16)
     8    0.160313    0.134164    0.207164   25.396221 ^ clkbuf_0_clk_i/X (sky130_fd_sc_hd__clkbuf_16)
                                                         clknet_0_clk_i (net)
                      0.134256    0.001837   25.398058 ^ clkbuf_3_1_0_clk_i/A (sky130_fd_sc_hd__clkbuf_8)
     2    0.036825    0.058349    0.130507   25.528564 ^ clkbuf_3_1_0_clk_i/X (sky130_fd_sc_hd__clkbuf_8)
                                                         clknet_3_1_0_clk_i (net)
                      0.058351    0.000451   25.529016 ^ clkbuf_4_3__f_clk_i/A (sky130_fd_sc_hd__clkbuf_16)
     9    0.078723    0.073001    0.125549   25.654566 ^ clkbuf_4_3__f_clk_i/X (sky130_fd_sc_hd__clkbuf_16)
                                                         clknet_4_3__leaf_clk_i (net)
                      0.073184    0.002551   25.657116 ^ clkbuf_leaf_65_clk_i/A (sky130_fd_sc_hd__clkbuf_8)
     5    0.031079    0.050657    0.110207   25.767323 ^ clkbuf_leaf_65_clk_i/X (sky130_fd_sc_hd__clkbuf_8)
                                                         clknet_leaf_65_clk_i (net)
                      0.050657    0.000172   25.767496 ^ _7547_/CLK (sky130_fd_sc_hd__dfrtp_1)
                                 -0.250000   25.517496   clock uncertainty
                                  0.000000   25.517496   clock reconvergence pessimism
                                  0.118468   25.635965   library recovery time
                                             25.635965   data required time
---------------------------------------------------------------------------------------------
                                             25.635965   data required time
                                             -6.808079   data arrival time
---------------------------------------------------------------------------------------------
                                             18.827887   slack (MET)


Startpoint: tl_i[66] (input port clocked by clk_i)
Endpoint: racl_error_o[24] (output port clocked by clk_i)
Path Group: clk_i
Path Type: max

Fanout         Cap        Slew       Delay        Time   Description
---------------------------------------------------------------------------------------------
                                  0.000000    0.000000   clock clk_i (rise edge)
                                  0.000000    0.000000   clock network delay (propagated)
                                  5.000000    5.000000 ^ input external delay
     1    0.003050    0.014809    0.007875    5.007875 ^ tl_i[66] (in)
                                                         tl_i[66] (net)
                      0.014809    0.000000    5.007875 ^ input70/A (sky130_fd_sc_hd__buf_1)
     1    0.020776    0.184442    0.152189    5.160064 ^ input70/X (sky130_fd_sc_hd__buf_1)
                                                         net70 (net)
                      0.184464    0.001679    5.161743 ^ fanout1440/A (sky130_fd_sc_hd__clkbuf_4)
     6    0.065352    0.151486    0.208950    5.370692 ^ fanout1440/X (sky130_fd_sc_hd__clkbuf_4)
                                                         net1440 (net)
                      0.151561    0.002762    5.373454 ^ fanout1437/A (sky130_fd_sc_hd__buf_1)
     4    0.016693    0.149557    0.142488    5.515942 ^ fanout1437/X (sky130_fd_sc_hd__buf_1)
                                                         net1437 (net)
                      0.149558    0.000274    5.516216 ^ fanout1436/A (sky130_fd_sc_hd__clkbuf_2)
     6    0.024647    0.106897    0.143783    5.659999 ^ fanout1436/X (sky130_fd_sc_hd__clkbuf_2)
                                                         net1436 (net)
                      0.106950    0.000989    5.660988 ^ _8476_/A (sky130_fd_sc_hd__clkbuf_1)
     1    0.005905    0.058396    0.078126    5.739115 ^ _8476_/X (sky130_fd_sc_hd__clkbuf_1)
                                                         net124 (net)
                      0.058396    0.000148    5.739263 ^ output124/A (sky130_fd_sc_hd__buf_2)
     1    0.034624    0.129358    0.146172    5.885435 ^ output124/X (sky130_fd_sc_hd__buf_2)
                                                         racl_error_o[24] (net)
                      0.129397    0.000433    5.885867 ^ racl_error_o[24] (out)
                                              5.885867   data arrival time

                                 25.000000   25.000000   clock clk_i (rise edge)
                                  0.000000   25.000000   clock network delay (propagated)
                                 -0.250000   24.750000   clock uncertainty
                                  0.000000   24.750000   clock reconvergence pessimism
                                 -5.000000   19.750000   output external delay
                                             19.750000   data required time
---------------------------------------------------------------------------------------------
                                             19.750000   data required time
                                             -5.885867   data arrival time
---------------------------------------------------------------------------------------------
                                             13.864133   slack (MET)




===========================================================================
report_checks --slack_max -0.01
============================================================================
======================= min_ff_n40C_1v95 Corner ===================================

No paths found.


===========================================================================
 report_check_types -max_slew -max_cap -max_fanout -violators
============================================================================
======================= min_ff_n40C_1v95 Corner ===================================

max fanout

Pin                                   Limit Fanout  Slack
---------------------------------------------------------
clkbuf_leaf_19_clk_i/X                    6     14     -8 (VIOLATED)
clkbuf_leaf_21_clk_i/X                    6     14     -8 (VIOLATED)
clkbuf_leaf_28_clk_i/X                    6     14     -8 (VIOLATED)
clkbuf_leaf_59_clk_i/X                    6     14     -8 (VIOLATED)
clkbuf_4_10__f_clk_i/X                    6     13     -7 (VIOLATED)
clkbuf_leaf_107_clk_i/X                   6     13     -7 (VIOLATED)
clkbuf_leaf_127_clk_i/X                   6     13     -7 (VIOLATED)
clkbuf_leaf_133_clk_i/X                   6     13     -7 (VIOLATED)
clkbuf_leaf_30_clk_i/X                    6     13     -7 (VIOLATED)
clkbuf_4_4__f_clk_i/X                     6     12     -6 (VIOLATED)
clkbuf_4_5__f_clk_i/X                     6     12     -6 (VIOLATED)
clkbuf_leaf_118_clk_i/X                   6     12     -6 (VIOLATED)
clkbuf_leaf_121_clk_i/X                   6     12     -6 (VIOLATED)
clkbuf_leaf_130_clk_i/X                   6     12     -6 (VIOLATED)
clkbuf_leaf_147_clk_i/X                   6     12     -6 (VIOLATED)
clkbuf_leaf_27_clk_i/X                    6     12     -6 (VIOLATED)
clkbuf_leaf_29_clk_i/X                    6     12     -6 (VIOLATED)
clkbuf_leaf_2_clk_i/X                     6     12     -6 (VIOLATED)
fanout666/X                               6     12     -6 (VIOLATED)
clkbuf_4_15__f_clk_i/X                    6     11     -5 (VIOLATED)
clkbuf_4_9__f_clk_i/X                     6     11     -5 (VIOLATED)
clkbuf_leaf_104_clk_i/X                   6     11     -5 (VIOLATED)
clkbuf_leaf_110_clk_i/X                   6     11     -5 (VIOLATED)
clkbuf_leaf_122_clk_i/X                   6     11     -5 (VIOLATED)
clkbuf_leaf_129_clk_i/X                   6     11     -5 (VIOLATED)
clkbuf_leaf_142_clk_i/X                   6     11     -5 (VIOLATED)
clkbuf_leaf_1_clk_i/X                     6     11     -5 (VIOLATED)
clkbuf_leaf_38_clk_i/X                    6     11     -5 (VIOLATED)
clkbuf_leaf_45_clk_i/X                    6     11     -5 (VIOLATED)
clkbuf_leaf_5_clk_i/X                     6     11     -5 (VIOLATED)
clkbuf_leaf_66_clk_i/X                    6     11     -5 (VIOLATED)
clkbuf_leaf_6_clk_i/X                     6     11     -5 (VIOLATED)
clkbuf_leaf_86_clk_i/X                    6     11     -5 (VIOLATED)
clkbuf_4_14__f_clk_i/X                    6     10     -4 (VIOLATED)
clkbuf_4_6__f_clk_i/X                     6     10     -4 (VIOLATED)
clkbuf_leaf_109_clk_i/X                   6     10     -4 (VIOLATED)
clkbuf_leaf_10_clk_i/X                    6     10     -4 (VIOLATED)
clkbuf_leaf_111_clk_i/X                   6     10     -4 (VIOLATED)
clkbuf_leaf_114_clk_i/X                   6     10     -4 (VIOLATED)
clkbuf_leaf_11_clk_i/X                    6     10     -4 (VIOLATED)
clkbuf_leaf_128_clk_i/X                   6     10     -4 (VIOLATED)
clkbuf_leaf_12_clk_i/X                    6     10     -4 (VIOLATED)
clkbuf_leaf_135_clk_i/X                   6     10     -4 (VIOLATED)
clkbuf_leaf_136_clk_i/X                   6     10     -4 (VIOLATED)
clkbuf_leaf_138_clk_i/X                   6     10     -4 (VIOLATED)
clkbuf_leaf_139_clk_i/X                   6     10     -4 (VIOLATED)
clkbuf_leaf_13_clk_i/X                    6     10     -4 (VIOLATED)
clkbuf_leaf_14_clk_i/X                    6     10     -4 (VIOLATED)
clkbuf_leaf_35_clk_i/X                    6     10     -4 (VIOLATED)
clkbuf_leaf_37_clk_i/X                    6     10     -4 (VIOLATED)
clkbuf_leaf_41_clk_i/X                    6     10     -4 (VIOLATED)
clkbuf_leaf_43_clk_i/X                    6     10     -4 (VIOLATED)
clkbuf_leaf_48_clk_i/X                    6     10     -4 (VIOLATED)
clkbuf_leaf_56_clk_i/X                    6     10     -4 (VIOLATED)
clkbuf_leaf_57_clk_i/X                    6     10     -4 (VIOLATED)
clkbuf_leaf_62_clk_i/X                    6     10     -4 (VIOLATED)
clkbuf_leaf_63_clk_i/X                    6     10     -4 (VIOLATED)
clkbuf_leaf_8_clk_i/X                     6     10     -4 (VIOLATED)
clkbuf_leaf_98_clk_i/X                    6     10     -4 (VIOLATED)
hold2207/X                                6     10     -4 (VIOLATED)
clkbuf_4_0__f_clk_i/X                     6      9     -3 (VIOLATED)
clkbuf_4_11__f_clk_i/X                    6      9     -3 (VIOLATED)
clkbuf_4_13__f_clk_i/X                    6      9     -3 (VIOLATED)
clkbuf_4_1__f_clk_i/X                     6      9     -3 (VIOLATED)
clkbuf_4_3__f_clk_i/X                     6      9     -3 (VIOLATED)
clkbuf_4_8__f_clk_i/X                     6      9     -3 (VIOLATED)
clkbuf_leaf_102_clk_i/X                   6      9     -3 (VIOLATED)
clkbuf_leaf_115_clk_i/X                   6      9     -3 (VIOLATED)
clkbuf_leaf_116_clk_i/X                   6      9     -3 (VIOLATED)
clkbuf_leaf_120_clk_i/X                   6      9     -3 (VIOLATED)
clkbuf_leaf_123_clk_i/X                   6      9     -3 (VIOLATED)
clkbuf_leaf_140_clk_i/X                   6      9     -3 (VIOLATED)
clkbuf_leaf_15_clk_i/X                    6      9     -3 (VIOLATED)
clkbuf_leaf_24_clk_i/X                    6      9     -3 (VIOLATED)
clkbuf_leaf_34_clk_i/X                    6      9     -3 (VIOLATED)
clkbuf_leaf_36_clk_i/X                    6      9     -3 (VIOLATED)
clkbuf_leaf_3_clk_i/X                     6      9     -3 (VIOLATED)
clkbuf_leaf_40_clk_i/X                    6      9     -3 (VIOLATED)
clkbuf_leaf_46_clk_i/X                    6      9     -3 (VIOLATED)
clkbuf_leaf_47_clk_i/X                    6      9     -3 (VIOLATED)
clkbuf_leaf_58_clk_i/X                    6      9     -3 (VIOLATED)
clkbuf_leaf_61_clk_i/X                    6      9     -3 (VIOLATED)
clkbuf_leaf_69_clk_i/X                    6      9     -3 (VIOLATED)
clkbuf_leaf_75_clk_i/X                    6      9     -3 (VIOLATED)
clkbuf_leaf_76_clk_i/X                    6      9     -3 (VIOLATED)
clkbuf_leaf_78_clk_i/X                    6      9     -3 (VIOLATED)
clkbuf_leaf_87_clk_i/X                    6      9     -3 (VIOLATED)
clkbuf_leaf_91_clk_i/X                    6      9     -3 (VIOLATED)
clkbuf_leaf_94_clk_i/X                    6      9     -3 (VIOLATED)
clkbuf_leaf_97_clk_i/X                    6      9     -3 (VIOLATED)
clkbuf_leaf_9_clk_i/X                     6      9     -3 (VIOLATED)
fanout659/X                               6      9     -3 (VIOLATED)
fanout871/X                               6      9     -3 (VIOLATED)
fanout904/X                               6      9     -3 (VIOLATED)
_6094_/X                                  6      8     -2 (VIOLATED)
_6212_/X                                  6      8     -2 (VIOLATED)
clkbuf_0_clk_i/X                          6      8     -2 (VIOLATED)
clkbuf_4_12__f_clk_i/X                    6      8     -2 (VIOLATED)
clkbuf_4_7__f_clk_i/X                     6      8     -2 (VIOLATED)
clkbuf_leaf_105_clk_i/X                   6      8     -2 (VIOLATED)
clkbuf_leaf_117_clk_i/X                   6      8     -2 (VIOLATED)
clkbuf_leaf_137_clk_i/X                   6      8     -2 (VIOLATED)
clkbuf_leaf_143_clk_i/X                   6      8     -2 (VIOLATED)
clkbuf_leaf_16_clk_i/X                    6      8     -2 (VIOLATED)
clkbuf_leaf_26_clk_i/X                    6      8     -2 (VIOLATED)
clkbuf_leaf_53_clk_i/X                    6      8     -2 (VIOLATED)
clkbuf_leaf_54_clk_i/X                    6      8     -2 (VIOLATED)
clkbuf_leaf_55_clk_i/X                    6      8     -2 (VIOLATED)
clkbuf_leaf_60_clk_i/X                    6      8     -2 (VIOLATED)
clkbuf_leaf_64_clk_i/X                    6      8     -2 (VIOLATED)
clkbuf_leaf_68_clk_i/X                    6      8     -2 (VIOLATED)
clkbuf_leaf_73_clk_i/X                    6      8     -2 (VIOLATED)
clkbuf_leaf_7_clk_i/X                     6      8     -2 (VIOLATED)
clkbuf_leaf_84_clk_i/X                    6      8     -2 (VIOLATED)
clkbuf_leaf_88_clk_i/X                    6      8     -2 (VIOLATED)
clkbuf_leaf_92_clk_i/X                    6      8     -2 (VIOLATED)
clkbuf_leaf_93_clk_i/X                    6      8     -2 (VIOLATED)
clkbuf_leaf_95_clk_i/X                    6      8     -2 (VIOLATED)
clkbuf_leaf_96_clk_i/X                    6      8     -2 (VIOLATED)
fanout1149/X                              6      8     -2 (VIOLATED)
fanout1313/X                              6      8     -2 (VIOLATED)
fanout1367/X                              6      8     -2 (VIOLATED)
fanout654/X                               6      8     -2 (VIOLATED)
_3766_/X                                  6      7        (VIOLATED)
_6192_/X                                  6      7        (VIOLATED)
_6215_/Y                                  6      7        (VIOLATED)
clkbuf_4_2__f_clk_i/X                     6      7        (VIOLATED)
clkbuf_leaf_0_clk_i/X                     6      7        (VIOLATED)
clkbuf_leaf_106_clk_i/X                   6      7        (VIOLATED)
clkbuf_leaf_112_clk_i/X                   6      7        (VIOLATED)
clkbuf_leaf_113_clk_i/X                   6      7        (VIOLATED)
clkbuf_leaf_126_clk_i/X                   6      7        (VIOLATED)
clkbuf_leaf_132_clk_i/X                   6      7        (VIOLATED)
clkbuf_leaf_134_clk_i/X                   6      7        (VIOLATED)
clkbuf_leaf_141_clk_i/X                   6      7        (VIOLATED)
clkbuf_leaf_145_clk_i/X                   6      7        (VIOLATED)
clkbuf_leaf_42_clk_i/X                    6      7        (VIOLATED)
clkbuf_leaf_99_clk_i/X                    6      7        (VIOLATED)
fanout1056/X                              6      7        (VIOLATED)
fanout1108/X                              6      7        (VIOLATED)
fanout1148/X                              6      7        (VIOLATED)
fanout1161/X                              6      7        (VIOLATED)
fanout1176/X                              6      7        (VIOLATED)
fanout1185/X                              6      7        (VIOLATED)
fanout1300/X                              6      7        (VIOLATED)
fanout1347/X                              6      7        (VIOLATED)
fanout1352/X                              6      7        (VIOLATED)
fanout1614/X                              6      7        (VIOLATED)
fanout1635/X                              6      7        (VIOLATED)
fanout475/X                               6      7        (VIOLATED)
fanout656/X                               6      7        (VIOLATED)
fanout678/X                               6      7        (VIOLATED)
fanout695/X                               6      7        (VIOLATED)
fanout698/X                               6      7        (VIOLATED)
fanout789/X                               6      7        (VIOLATED)
fanout865/X                               6      7        (VIOLATED)
fanout884/X                               6      7        (VIOLATED)
fanout899/X                               6      7        (VIOLATED)
fanout902/X                               6      7        (VIOLATED)
fanout922/X                               6      7        (VIOLATED)
fanout927/X                               6      7        (VIOLATED)
fanout946/X                               6      7        (VIOLATED)
hold2327/X                                6      7        (VIOLATED)
input63/X                                 6      7        (VIOLATED)



===========================================================================
report_parasitic_annotation -report_unannotated
============================================================================
Found 210 unannotated drivers.
 racl_policies_i[0]
 racl_policies_i[1]
 racl_policies_i[2]
 racl_policies_i[3]
 racl_policies_i[4]
 racl_policies_i[5]
 racl_policies_i[6]
 racl_policies_i[7]
 tl_i[103]
 tl_i[104]
 tl_i[105]
 tl_i[19]
 tl_i[20]
 tl_i[21]
 tl_i[22]
 tl_i[23]
 tl_i[24]
 _7556__1651/HI
 clkload0/X
 clkload1/Y
 clkload10/Y
 clkload100/X
 clkload101/X
 clkload102/X
 clkload103/Y
 clkload104/Y
 clkload105/X
 clkload106/Y
 clkload107/X
 clkload108/Y
 clkload109/Y
 clkload11/X
 clkload110/Y
 clkload111/Y
 clkload112/Y
 clkload113/X
 clkload114/X
 clkload115/Y
 clkload116/Y
 clkload117/X
 clkload118/Y
 clkload119/X
 clkload12/Y
 clkload120/Y
 clkload121/Y
 clkload122/Y
 clkload123/Y
 clkload124/Y
 clkload125/Y
 clkload126/Y
 clkload127/Y
 clkload128/Y
 clkload129/Y
 clkload13/Y
 clkload130/X
 clkload131/X
 clkload132/Y
 clkload133/Y
 clkload134/Y
 clkload135/X
 clkload14/Y
 clkload15/Y
 clkload16/X
 clkload17/Y
 clkload18/Y
 clkload19/Y
 clkload2/X
 clkload20/Y
 clkload21/Y
 clkload22/X
 clkload23/X
 clkload24/X
 clkload25/Y
 clkload26/Y
 clkload27/Y
 clkload28/X
 clkload29/X
 clkload3/Y
 clkload30/Y
 clkload31/Y
 clkload32/Y
 clkload33/X
 clkload34/Y
 clkload35/Y
 clkload36/Y
 clkload37/X
 clkload38/Y
 clkload39/X
 clkload4/Y
 clkload40/Y
 clkload41/Y
 clkload42/Y
 clkload43/Y
 clkload44/Y
 clkload45/Y
 clkload46/Y
 clkload47/X
 clkload48/Y
 clkload49/Y
 clkload5/Y
 clkload50/X
 clkload51/Y
 clkload52/X
 clkload53/Y
 clkload54/Y
 clkload55/Y
 clkload56/Y
 clkload57/Y
 clkload58/Y
 clkload59/Y
 clkload6/Y
 clkload60/Y
 clkload61/Y
 clkload62/Y
 clkload63/Y
 clkload64/Y
 clkload65/X
 clkload66/Y
 clkload67/Y
 clkload68/Y
 clkload69/Y
 clkload7/Y
 clkload70/X
 clkload71/Y
 clkload72/X
 clkload73/Y
 clkload74/Y
 clkload75/Y
 clkload76/Y
 clkload77/Y
 clkload78/Y
 clkload79/Y
 clkload8/Y
 clkload80/Y
 clkload81/X
 clkload82/Y
 clkload83/X
 clkload84/X
 clkload85/Y
 clkload86/Y
 clkload87/Y
 clkload88/Y
 clkload89/Y
 clkload9/X
 clkload90/Y
 clkload91/Y
 clkload92/X
 clkload93/X
 clkload94/Y
 clkload95/Y
 clkload96/Y
 clkload97/Y
 clkload98/Y
 clkload99/Y
 uart_1652/HI
 uart_1653/HI
 uart_1654/HI
 uart_1655/HI
 uart_1656/HI
 uart_1657/HI
 uart_1658/HI
 uart_1659/HI
 uart_1660/HI
 uart_1661/HI
 uart_1662/HI
 uart_1663/HI
 uart_1664/HI
 uart_1665/HI
 uart_1666/HI
 uart_1667/HI
 uart_1668/HI
 uart_1669/HI
 uart_1670/HI
 uart_1671/HI
 uart_1672/HI
 uart_1673/HI
 uart_1674/HI
 uart_1675/HI
 uart_1676/HI
 uart_1677/HI
 uart_1678/HI
 uart_1679/HI
 uart_1680/HI
 uart_1681/HI
 uart_1682/HI
 uart_1683/HI
 uart_1684/HI
 uart_1685/HI
 uart_1686/HI
 uart_1687/HI
 uart_1688/HI
 uart_1689/HI
 uart_1690/HI
 uart_1691/HI
 uart_1692/HI
 uart_1693/HI
 uart_1694/HI
 uart_1695/HI
 uart_1696/HI
 uart_1697/HI
 uart_1698/HI
 uart_1699/HI
 uart_1700/HI
 uart_1701/HI
 uart_1702/HI
 uart_1703/HI
 uart_1704/HI
 uart_1705/HI
 uart_1706/HI
 uart_1707/LO
Found 0 partially unannotated drivers.

===========================================================================
max slew violation count 0
max fanout violation count 164
max cap violation count 0
============================================================================

===========================================================================
check_setup -verbose -unconstrained_endpoints -multiple_clock -no_clock -no_input_delay -loops -generated_clocks
===========================================================================
Warning: There are 57 unconstrained endpoints.
  cio_tx_en_o
  racl_error_o[0]
  racl_error_o[10]
  racl_error_o[11]
  racl_error_o[12]
  racl_error_o[13]
  racl_error_o[14]
  racl_error_o[15]
  racl_error_o[16]
  racl_error_o[17]
  racl_error_o[18]
  racl_error_o[19]
  racl_error_o[1]
  racl_error_o[20]
  racl_error_o[25]
  racl_error_o[26]
  racl_error_o[27]
  racl_error_o[28]
  racl_error_o[29]
  racl_error_o[2]
  racl_error_o[30]
  racl_error_o[31]
  racl_error_o[32]
  racl_error_o[33]
  racl_error_o[34]
  racl_error_o[35]
  racl_error_o[36]
  racl_error_o[37]
  racl_error_o[38]
  racl_error_o[39]
  racl_error_o[3]
  racl_error_o[40]
  racl_error_o[41]
  racl_error_o[42]
  racl_error_o[43]
  racl_error_o[44]
  racl_error_o[45]
  racl_error_o[46]
  racl_error_o[47]
  racl_error_o[48]
  racl_error_o[49]
  racl_error_o[4]
  racl_error_o[50]
  racl_error_o[51]
  racl_error_o[5]
  racl_error_o[6]
  racl_error_o[7]
  racl_error_o[8]
  racl_error_o[9]
  tl_o[15]
  tl_o[48]
  tl_o[59]
  tl_o[60]
  tl_o[61]
  tl_o[63]
  tl_o[64]
  _7556_/D
