Clock: clk_i
Sources: clk_i 
Generated: no
Virtual: yes
Propagated: no
Period: 25.000000

===========================================================================
report_clock_properties
============================================================================
Clock                   Period          Waveform
----------------------------------------------------
clk_i                25.000000    0.000000 12.500000

===========================================================================
report_clock_latency
============================================================================
Clock clk_i
rise -> rise
    min     max
0.000000 0.000000 source latency
0.945571         network latency _7059_/CLK
        1.383494 network latency _7194_/CLK
---------------
0.945571 1.383494 latency
        0.437923 skew

fall -> fall
    min     max
0.000000 0.000000 source latency
0.782982         network latency _7059_/CLK
        1.139588 network latency _7194_/CLK
---------------
0.782982 1.139588 latency
        0.356606 skew



===========================================================================
report_clock_min_period
============================================================================
clk_i period_min = 11.61 fmax = 86.14
