
===========================================================================
report_checks -unconstrained
===========================================================================
======================= min_ss_100C_1v60 Corner ===================================

Startpoint: rst_ni (input port clocked by clk_i)
Endpoint: _1142_ (recovery check against rising-edge clock clk_i)
Path Group: asynchronous
Path Type: max

Fanout         Cap        Slew       Delay        Time   Description
---------------------------------------------------------------------------------------------
                                  0.000000    0.000000   clock clk_i (rise edge)
                                  0.000000    0.000000   clock network delay (propagated)
                                  5.000000    5.000000 ^ input external delay
     2    0.004463    0.043493    0.024541    5.024541 ^ rst_ni (in)
                                                         rst_ni (net)
                      0.043493    0.000000    5.024541 ^ input1/A (sky130_fd_sc_hd__buf_4)
     5    0.076855    0.343251    0.386573    5.411114 ^ input1/X (sky130_fd_sc_hd__buf_4)
                                                         net1 (net)
                      0.345543    0.022714    5.433828 ^ fanout169/A (sky130_fd_sc_hd__clkbuf_2)
     9    0.034790    0.299687    0.473160    5.906988 ^ fanout169/X (sky130_fd_sc_hd__clkbuf_2)
                                                         net169 (net)
                      0.299688    0.001293    5.908281 ^ fanout168/A (sky130_fd_sc_hd__clkbuf_2)
     4    0.024434    0.215834    0.396732    6.305012 ^ fanout168/X (sky130_fd_sc_hd__clkbuf_2)
                                                         net168 (net)
                      0.215834    0.000068    6.305080 ^ fanout166/A (sky130_fd_sc_hd__dlymetal6s2s_1)
     4    0.017987    0.299010    0.393786    6.698866 ^ fanout166/X (sky130_fd_sc_hd__dlymetal6s2s_1)
                                                         net166 (net)
                      0.299010    0.000383    6.699249 ^ fanout165/A (sky130_fd_sc_hd__clkbuf_2)
     6    0.026032    0.228649    0.405881    7.105130 ^ fanout165/X (sky130_fd_sc_hd__clkbuf_2)
                                                         net165 (net)
                      0.228649    0.000222    7.105351 ^ _1142_/RESET_B (sky130_fd_sc_hd__dfrtp_1)
                                              7.105351   data arrival time

                                 25.000000   25.000000   clock clk_i (rise edge)
                                  0.000000   25.000000   clock source latency
     2    0.066487    0.476294    0.342261   25.342260 ^ clk_i (in)
                                                         clk_i (net)
                      0.477312    0.000000   25.342260 ^ clkbuf_0_clk_i/A (sky130_fd_sc_hd__clkbuf_16)
     2    0.018302    0.070458    0.392795   25.735056 ^ clkbuf_0_clk_i/X (sky130_fd_sc_hd__clkbuf_16)
                                                         clknet_0_clk_i (net)
                      0.070458    0.000149   25.735205 ^ clkbuf_1_0__f_clk_i/A (sky130_fd_sc_hd__clkbuf_16)
     2    0.004455    0.047042    0.197280   25.932486 ^ clkbuf_1_0__f_clk_i/X (sky130_fd_sc_hd__clkbuf_16)
                                                         clknet_1_0__leaf_clk_i (net)
                      0.047042    0.000027   25.932512 ^ _1142_/CLK (sky130_fd_sc_hd__dfrtp_1)
                                 -0.250000   25.682512   clock uncertainty
                                  0.000000   25.682512   clock reconvergence pessimism
                                  0.396077   26.078590   library recovery time
                                             26.078590   data required time
---------------------------------------------------------------------------------------------
                                             26.078590   data required time
                                             -7.105351   data arrival time
---------------------------------------------------------------------------------------------
                                             18.973240   slack (MET)


Startpoint: _1196_ (negative level-sensitive latch clocked by clk_i)
Endpoint: _1080_ (rising clock gating-check end-point clocked by clk_i)
Path Group: gated clock
Path Type: max

Fanout         Cap        Slew       Delay        Time   Description
---------------------------------------------------------------------------------------------
                                 12.500000   12.500000   clock clk_i (fall edge)
                                  0.000000   12.500000   clock source latency
     2    0.065549    0.283451    0.210401   12.710402 v clk_i (in)
                                                         clk_i (net)
                      0.285107    0.000000   12.710402 v clkbuf_0_clk_i/A (sky130_fd_sc_hd__clkbuf_16)
     2    0.016530    0.055047    0.357964   13.068365 v clkbuf_0_clk_i/X (sky130_fd_sc_hd__clkbuf_16)
                                                         clknet_0_clk_i (net)
                      0.055047    0.000191   13.068557 v clkbuf_1_1__f_clk_i/A (sky130_fd_sc_hd__clkbuf_16)
     3    0.007899    0.045995    0.234955   13.303512 v clkbuf_1_1__f_clk_i/X (sky130_fd_sc_hd__clkbuf_16)
                                                         clknet_1_1__leaf_clk_i (net)
                      0.045995    0.000080   13.303592 v _1196_/GATE_N (sky130_fd_sc_hd__dlxtn_1)
     1    0.002036    0.042643    0.481643   13.785234 v _1196_/Q (sky130_fd_sc_hd__dlxtn_1)
                                                         u_ibex.core_clock_gate_i.en_latch (net)
                      0.042643    0.000020   13.785254 v hold386/A (sky130_fd_sc_hd__dlygate4sd3_1)
     1    0.001990    0.101027    1.098010   14.883264 v hold386/X (sky130_fd_sc_hd__dlygate4sd3_1)
                                                         net630 (net)
                      0.101027    0.000018   14.883282 v hold384/A (sky130_fd_sc_hd__dlygate4sd3_1)
     1    0.001778    0.098230    1.120656   16.003939 v hold384/X (sky130_fd_sc_hd__dlygate4sd3_1)
                                                         net628 (net)
                      0.098230    0.000014   16.003952 v hold387/A (sky130_fd_sc_hd__dlygate4sd3_1)
     1    0.001925    0.099906    1.121782   17.125734 v hold387/X (sky130_fd_sc_hd__dlygate4sd3_1)
                                                         net631 (net)
                      0.099906    0.000018   17.125751 v hold383/A (sky130_fd_sc_hd__dlygate4sd3_1)
     1    0.001858    0.099141    1.121462   18.247213 v hold383/X (sky130_fd_sc_hd__dlygate4sd3_1)
                                                         net627 (net)
                      0.099141    0.000016   18.247231 v hold388/A (sky130_fd_sc_hd__dlygate4sd3_1)
     1    0.001732    0.097694    1.118945   19.366175 v hold388/X (sky130_fd_sc_hd__dlygate4sd3_1)
                                                         net632 (net)
                      0.097694    0.000007   19.366182 v hold385/A (sky130_fd_sc_hd__dlygate4sd3_1)
     1    0.001665    0.096927    1.117105   20.483286 v hold385/X (sky130_fd_sc_hd__dlygate4sd3_1)
                                                         net629 (net)
                      0.096927    0.000007   20.483294 v _1080_/B (sky130_fd_sc_hd__and2_2)
                                             20.483294   data arrival time

                                 25.000000   25.000000   clock clk_i (rise edge)
                                  0.000000   25.000000   clock source latency
     2    0.066487    0.476294    0.342261   25.342260 ^ clk_i (in)
                                                         clk_i (net)
                      0.477312    0.000000   25.342260 ^ clkbuf_0_clk_i/A (sky130_fd_sc_hd__clkbuf_16)
     2    0.018302    0.070458    0.392795   25.735056 ^ clkbuf_0_clk_i/X (sky130_fd_sc_hd__clkbuf_16)
                                                         clknet_0_clk_i (net)
                      0.070458    0.000211   25.735268 ^ clkbuf_1_1__f_clk_i/A (sky130_fd_sc_hd__clkbuf_16)
     3    0.008269    0.052170    0.204519   25.939787 ^ clkbuf_1_1__f_clk_i/X (sky130_fd_sc_hd__clkbuf_16)
                                                         clknet_1_1__leaf_clk_i (net)
                      0.052170    0.000068   25.939854 ^ _1080_/A (sky130_fd_sc_hd__and2_2)
                                 -0.250000   25.689854   clock uncertainty
                                  0.000000   25.689854   clock reconvergence pessimism
                                  0.000000   25.689854   clock gating setup time
                                             25.689854   data required time
---------------------------------------------------------------------------------------------
                                             25.689854   data required time
                                            -20.483294   data arrival time
---------------------------------------------------------------------------------------------
                                              5.206561   slack (MET)


Startpoint: _1165_ (rising edge-triggered flip-flop clocked by clk_i)
Endpoint: tl_o[12] (output port clocked by clk_i)
Path Group: clk_i
Path Type: max

Fanout         Cap        Slew       Delay        Time   Description
---------------------------------------------------------------------------------------------
                                  0.000000    0.000000   clock clk_i (rise edge)
                                  0.000000    0.000000   clock source latency
     2    0.066487    0.476294    0.342262    0.342262 ^ clk_i (in)
                                                         clk_i (net)
                      0.477312    0.000000    0.342262 ^ clkbuf_0_clk_i/A (sky130_fd_sc_hd__clkbuf_16)
     2    0.018302    0.070458    0.392794    0.735056 ^ clkbuf_0_clk_i/X (sky130_fd_sc_hd__clkbuf_16)
                                                         clknet_0_clk_i (net)
                      0.070458    0.000212    0.735268 ^ clkbuf_1_1__f_clk_i/A (sky130_fd_sc_hd__clkbuf_16)
     3    0.008269    0.052170    0.204520    0.939787 ^ clkbuf_1_1__f_clk_i/X (sky130_fd_sc_hd__clkbuf_16)
                                                         clknet_1_1__leaf_clk_i (net)
                      0.052170    0.000067    0.939855 ^ _1080_/A (sky130_fd_sc_hd__and2_2)
     3    0.023579    0.215348    0.376973    1.316828 ^ _1080_/X (sky130_fd_sc_hd__and2_2)
                                                         u_ibex.clk (net)
                      0.215351    0.001199    1.318027 ^ clkbuf_0_u_ibex.clk/A (sky130_fd_sc_hd__clkbuf_16)
     9    0.061831    0.123057    0.340539    1.658567 ^ clkbuf_0_u_ibex.clk/X (sky130_fd_sc_hd__clkbuf_16)
                                                         clknet_0_u_ibex.clk (net)
                      0.123080    0.001670    1.660237 ^ clkbuf_2_0__f_u_ibex.clk/A (sky130_fd_sc_hd__clkbuf_16)
    31    0.090487    0.162985    0.329355    1.989592 ^ clkbuf_2_0__f_u_ibex.clk/X (sky130_fd_sc_hd__clkbuf_16)
                                                         clknet_2_0__leaf_u_ibex.clk (net)
                      0.163020    0.002367    1.991958 ^ _1165_/CLK (sky130_fd_sc_hd__dfrtp_1)
     1    0.001868    0.069425    0.760269    2.752227 v _1165_/Q (sky130_fd_sc_hd__dfrtp_1)
                                                         u_ibex.u_ibex_core.load_store_unit_i.ls_fsm_cs[2] (net)
                      0.069425    0.000016    2.752243 v hold326/A (sky130_fd_sc_hd__dlygate4sd3_1)
     1    0.002694    0.104707    1.121344    3.873587 v hold326/X (sky130_fd_sc_hd__dlygate4sd3_1)
                                                         net570 (net)
                      0.104707    0.000034    3.873621 v hold106/A (sky130_fd_sc_hd__dlygate4sd3_1)
     1    0.002595    0.104000    1.136284    5.009905 v hold106/X (sky130_fd_sc_hd__dlygate4sd3_1)
                                                         net350 (net)
                      0.104000    0.000031    5.009937 v hold327/A (sky130_fd_sc_hd__dlygate4sd3_1)
     2    0.006545    0.142393    1.190928    6.200864 v hold327/X (sky130_fd_sc_hd__dlygate4sd3_1)
                                                         net571 (net)
                      0.142393    0.000058    6.200922 v fanout146/A (sky130_fd_sc_hd__dlymetal6s2s_1)
     5    0.017546    0.189645    0.420578    6.621501 v fanout146/X (sky130_fd_sc_hd__dlymetal6s2s_1)
                                                         net146 (net)
                      0.189645    0.000264    6.621765 v _0567_/B (sky130_fd_sc_hd__nor2_1)
     1    0.002426    0.131243    0.180515    6.802279 ^ _0567_/Y (sky130_fd_sc_hd__nor2_1)
                                                         _0064_ (net)
                      0.131243    0.000024    6.802303 ^ hold142/A (sky130_fd_sc_hd__dlygate4sd3_1)
     1    0.004933    0.125325    1.096312    7.898615 ^ hold142/X (sky130_fd_sc_hd__dlygate4sd3_1)
                                                         net386 (net)
                      0.125325    0.000023    7.898638 ^ _0568_/B (sky130_fd_sc_hd__nand2_2)
     1    0.002732    0.097616    0.108688    8.007326 v _0568_/Y (sky130_fd_sc_hd__nand2_2)
                                                         _0065_ (net)
                      0.097616    0.000033    8.007360 v hold143/A (sky130_fd_sc_hd__dlygate4sd3_1)
     6    0.020905    0.262261    1.323978    9.331338 v hold143/X (sky130_fd_sc_hd__dlygate4sd3_1)
                                                         net387 (net)
                      0.262261    0.000317    9.331655 v _0570_/C1 (sky130_fd_sc_hd__o211ai_1)
     1    0.006732    0.357257    0.265284    9.596939 ^ _0570_/Y (sky130_fd_sc_hd__o211ai_1)
                                                         _0067_ (net)
                      0.357257    0.000167    9.597106 ^ fanout118/A (sky130_fd_sc_hd__dlymetal6s2s_1)
     7    0.033067    0.515952    0.594556   10.191662 ^ fanout118/X (sky130_fd_sc_hd__dlymetal6s2s_1)
                                                         net118 (net)
                      0.515952    0.000079   10.191741 ^ fanout103/A (sky130_fd_sc_hd__buf_1)
     3    0.019540    0.374744    0.513745   10.705485 ^ fanout103/X (sky130_fd_sc_hd__buf_1)
                                                         net103 (net)
                      0.374744    0.000072   10.705558 ^ fanout99/A (sky130_fd_sc_hd__clkbuf_2)
     6    0.029007    0.253297    0.451314   11.156871 ^ fanout99/X (sky130_fd_sc_hd__clkbuf_2)
                                                         net99 (net)
                      0.253297    0.000577   11.157449 ^ fanout98/A (sky130_fd_sc_hd__buf_1)
     5    0.017362    0.334545    0.412473   11.569921 ^ fanout98/X (sky130_fd_sc_hd__buf_1)
                                                         net98 (net)
                      0.334545    0.000039   11.569961 ^ _0603_/A (sky130_fd_sc_hd__nand3_1)
     2    0.014101    0.376732    0.434377   12.004337 v _0603_/Y (sky130_fd_sc_hd__nand3_1)
                                                         _0100_ (net)
                      0.376732    0.000226   12.004564 v fanout87/A (sky130_fd_sc_hd__clkbuf_4)
     6    0.039034    0.155031    0.480977   12.485541 v fanout87/X (sky130_fd_sc_hd__clkbuf_4)
                                                         net87 (net)
                      0.155031    0.000738   12.486279 v _0614_/A (sky130_fd_sc_hd__nor2_1)
     1    0.005631    0.206004    0.258537   12.744816 ^ _0614_/Y (sky130_fd_sc_hd__nor2_1)
                                                         _0111_ (net)
                      0.206004    0.000108   12.744925 ^ fanout72/A (sky130_fd_sc_hd__buf_1)
     3    0.013760    0.269163    0.350151   13.095076 ^ fanout72/X (sky130_fd_sc_hd__buf_1)
                                                         net72 (net)
                      0.269163    0.000298   13.095374 ^ fanout71/A (sky130_fd_sc_hd__dlymetal6s2s_1)
     3    0.023077    0.372220    0.463960   13.559335 ^ fanout71/X (sky130_fd_sc_hd__dlymetal6s2s_1)
                                                         net71 (net)
                      0.372220    0.000213   13.559547 ^ fanout70/A (sky130_fd_sc_hd__buf_2)
     6    0.037562    0.297542    0.490441   14.049989 ^ fanout70/X (sky130_fd_sc_hd__buf_2)
                                                         net70 (net)
                      0.297542    0.000911   14.050900 ^ _0710_/D (sky130_fd_sc_hd__nand4_2)
     2    0.020285    0.403121    0.491871   14.542771 v _0710_/Y (sky130_fd_sc_hd__nand4_2)
                                                         _0194_ (net)
                      0.403121    0.000255   14.543026 v fanout61/A (sky130_fd_sc_hd__buf_2)
     6    0.032681    0.160676    0.498399   15.041425 v fanout61/X (sky130_fd_sc_hd__buf_2)
                                                         net61 (net)
                      0.160676    0.000075   15.041499 v _0799_/A2 (sky130_fd_sc_hd__a21boi_2)
     3    0.021862    0.449787    0.489649   15.531148 ^ _0799_/Y (sky130_fd_sc_hd__a21boi_2)
                                                         u_ibex.u_ibex_core.load_store_unit_i.addr_last_d[22] (net)
                      0.449787    0.000334   15.531483 ^ _0834_/B1 (sky130_fd_sc_hd__o21ai_2)
     2    0.016184    0.195348    0.320183   15.851665 v _0834_/Y (sky130_fd_sc_hd__o21ai_2)
                                                         _0302_ (net)
                      0.195348    0.000634   15.852300 v _0841_/B1 (sky130_fd_sc_hd__o2111ai_2)
     2    0.007599    0.296486    0.209372   16.061672 ^ _0841_/Y (sky130_fd_sc_hd__o2111ai_2)
                                                         _0309_ (net)
                      0.296486    0.000114   16.061785 ^ _0848_/A1_N (sky130_fd_sc_hd__o2bb2ai_1)
     1    0.004477    0.224531    0.312216   16.374001 ^ _0848_/Y (sky130_fd_sc_hd__o2bb2ai_1)
                                                         _0316_ (net)
                      0.224531    0.000075   16.374077 ^ _0857_/B (sky130_fd_sc_hd__nand2_1)
     1    0.020694    0.345432    0.374945   16.749020 v _0857_/Y (sky130_fd_sc_hd__nand2_1)
                                                         _0325_ (net)
                      0.345432    0.000385   16.749407 v _0863_/A1 (sky130_fd_sc_hd__o21ai_4)
     3    0.086745    0.965735    0.942187   17.691593 ^ _0863_/Y (sky130_fd_sc_hd__o21ai_4)
                                                         net21 (net)
                      0.966391    0.020739   17.712332 ^ output21/A (sky130_fd_sc_hd__buf_2)
     1    0.033980    0.275479    0.657343   18.369675 ^ output21/X (sky130_fd_sc_hd__buf_2)
                                                         tl_o[12] (net)
                      0.275479    0.000169   18.369843 ^ tl_o[12] (out)
                                             18.369843   data arrival time

                                 25.000000   25.000000   clock clk_i (rise edge)
                                  0.000000   25.000000   clock network delay (propagated)
                                 -0.250000   24.750000   clock uncertainty
                                  0.000000   24.750000   clock reconvergence pessimism
                                 -5.000000   19.750000   output external delay
                                             19.750000   data required time
---------------------------------------------------------------------------------------------
                                             19.750000   data required time
                                            -18.369843   data arrival time
---------------------------------------------------------------------------------------------
                                              1.380157   slack (MET)




===========================================================================
report_checks --slack_max -0.01
============================================================================
======================= min_ss_100C_1v60 Corner ===================================

No paths found.


===========================================================================
 report_check_types -max_slew -max_cap -max_fanout -violators
============================================================================
======================= min_ss_100C_1v60 Corner ===================================

max fanout

Pin                                   Limit Fanout  Slack
---------------------------------------------------------
clkbuf_2_1__f_u_ibex.clk/X                6     37    -31 (VIOLATED)
clkbuf_2_0__f_u_ibex.clk/X                6     31    -25 (VIOLATED)
clkbuf_2_3__f_u_ibex.clk/X                6     27    -21 (VIOLATED)
clkbuf_2_2__f_u_ibex.clk/X                6     23    -17 (VIOLATED)
fanout124/X                               6     13     -7 (VIOLATED)
fanout172/X                               6     13     -7 (VIOLATED)
fanout62/X                                6     13     -7 (VIOLATED)
fanout78/X                                6     13     -7 (VIOLATED)
fanout171/X                               6     11     -5 (VIOLATED)
fanout76/X                                6     11     -5 (VIOLATED)
_1037_/Y                                  6      9     -3 (VIOLATED)
clkbuf_0_u_ibex.clk/X                     6      9     -3 (VIOLATED)
fanout169/X                               6      9     -3 (VIOLATED)
fanout79/X                                6      9     -3 (VIOLATED)
input9/X                                  6      9     -3 (VIOLATED)
fanout117/X                               6      7        (VIOLATED)
fanout118/X                               6      7        (VIOLATED)



===========================================================================
report_parasitic_annotation -report_unannotated
============================================================================
Found 194 unannotated drivers.
 boot_addr_i[0]
 boot_addr_i[10]
 boot_addr_i[11]
 boot_addr_i[12]
 boot_addr_i[13]
 boot_addr_i[14]
 boot_addr_i[15]
 boot_addr_i[16]
 boot_addr_i[17]
 boot_addr_i[18]
 boot_addr_i[19]
 boot_addr_i[1]
 boot_addr_i[20]
 boot_addr_i[21]
 boot_addr_i[22]
 boot_addr_i[23]
 boot_addr_i[24]
 boot_addr_i[25]
 boot_addr_i[26]
 boot_addr_i[27]
 boot_addr_i[28]
 boot_addr_i[29]
 boot_addr_i[2]
 boot_addr_i[30]
 boot_addr_i[31]
 boot_addr_i[3]
 boot_addr_i[4]
 boot_addr_i[5]
 boot_addr_i[6]
 boot_addr_i[7]
 boot_addr_i[8]
 boot_addr_i[9]
 hart_id_i[0]
 hart_id_i[10]
 hart_id_i[11]
 hart_id_i[12]
 hart_id_i[13]
 hart_id_i[14]
 hart_id_i[15]
 hart_id_i[16]
 hart_id_i[17]
 hart_id_i[18]
 hart_id_i[19]
 hart_id_i[1]
 hart_id_i[20]
 hart_id_i[21]
 hart_id_i[22]
 hart_id_i[23]
 hart_id_i[24]
 hart_id_i[25]
 hart_id_i[26]
 hart_id_i[27]
 hart_id_i[28]
 hart_id_i[29]
 hart_id_i[2]
 hart_id_i[30]
 hart_id_i[31]
 hart_id_i[3]
 hart_id_i[4]
 hart_id_i[5]
 hart_id_i[6]
 hart_id_i[7]
 hart_id_i[8]
 hart_id_i[9]
 irq_external_i
 irq_software_i
 irq_timer_i
 tl_i[16]
 tl_i[17]
 tl_i[18]
 tl_i[19]
 tl_i[20]
 tl_i[21]
 tl_i[22]
 tl_i[23]
 tl_i[24]
 tl_i[25]
 tl_i[26]
 tl_i[27]
 tl_i[28]
 tl_i[29]
 tl_i[2]
 tl_i[30]
 tl_i[31]
 tl_i[32]
 tl_i[33]
 tl_i[34]
 tl_i[35]
 tl_i[36]
 tl_i[37]
 tl_i[38]
 tl_i[39]
 tl_i[3]
 tl_i[40]
 tl_i[41]
 tl_i[42]
 tl_i[43]
 tl_i[44]
 tl_i[45]
 tl_i[46]
 tl_i[47]
 tl_i[48]
 tl_i[49]
 tl_i[4]
 tl_i[50]
 tl_i[51]
 tl_i[52]
 tl_i[53]
 tl_i[54]
 tl_i[55]
 tl_i[56]
 tl_i[59]
 tl_i[5]
 tl_i[60]
 tl_i[61]
 tl_i[6]
 tl_i[7]
 tl_i[8]
 clkload0/X
 clkload1/Y
 clkload2/Y
 clkload3/Y
 rv_core_ibex_tlul_173/HI
 rv_core_ibex_tlul_174/HI
 rv_core_ibex_tlul_175/HI
 rv_core_ibex_tlul_176/HI
 rv_core_ibex_tlul_177/HI
 rv_core_ibex_tlul_178/HI
 rv_core_ibex_tlul_179/HI
 rv_core_ibex_tlul_180/HI
 rv_core_ibex_tlul_181/HI
 rv_core_ibex_tlul_182/HI
 rv_core_ibex_tlul_183/HI
 rv_core_ibex_tlul_184/HI
 rv_core_ibex_tlul_185/HI
 rv_core_ibex_tlul_186/HI
 rv_core_ibex_tlul_187/HI
 rv_core_ibex_tlul_188/HI
 rv_core_ibex_tlul_189/HI
 rv_core_ibex_tlul_190/HI
 rv_core_ibex_tlul_191/HI
 rv_core_ibex_tlul_192/HI
 rv_core_ibex_tlul_193/HI
 rv_core_ibex_tlul_194/HI
 rv_core_ibex_tlul_195/HI
 rv_core_ibex_tlul_196/HI
 rv_core_ibex_tlul_197/HI
 rv_core_ibex_tlul_198/HI
 rv_core_ibex_tlul_199/HI
 rv_core_ibex_tlul_200/HI
 rv_core_ibex_tlul_201/HI
 rv_core_ibex_tlul_202/HI
 rv_core_ibex_tlul_203/HI
 rv_core_ibex_tlul_204/HI
 rv_core_ibex_tlul_205/HI
 rv_core_ibex_tlul_206/HI
 rv_core_ibex_tlul_207/HI
 rv_core_ibex_tlul_208/HI
 rv_core_ibex_tlul_209/HI
 rv_core_ibex_tlul_210/HI
 rv_core_ibex_tlul_211/HI
 rv_core_ibex_tlul_212/HI
 rv_core_ibex_tlul_213/HI
 rv_core_ibex_tlul_214/HI
 rv_core_ibex_tlul_215/HI
 rv_core_ibex_tlul_216/HI
 rv_core_ibex_tlul_217/HI
 rv_core_ibex_tlul_218/HI
 rv_core_ibex_tlul_219/HI
 rv_core_ibex_tlul_220/HI
 rv_core_ibex_tlul_221/HI
 rv_core_ibex_tlul_222/HI
 rv_core_ibex_tlul_223/HI
 rv_core_ibex_tlul_224/HI
 rv_core_ibex_tlul_225/HI
 rv_core_ibex_tlul_226/HI
 rv_core_ibex_tlul_227/HI
 rv_core_ibex_tlul_228/HI
 rv_core_ibex_tlul_229/HI
 rv_core_ibex_tlul_230/HI
 rv_core_ibex_tlul_231/HI
 rv_core_ibex_tlul_232/HI
 rv_core_ibex_tlul_233/LO
 rv_core_ibex_tlul_234/LO
 rv_core_ibex_tlul_235/LO
 rv_core_ibex_tlul_236/LO
 rv_core_ibex_tlul_237/LO
 rv_core_ibex_tlul_238/LO
 rv_core_ibex_tlul_239/LO
 rv_core_ibex_tlul_240/LO
 rv_core_ibex_tlul_241/LO
 rv_core_ibex_tlul_242/LO
 rv_core_ibex_tlul_243/LO
 rv_core_ibex_tlul_244/LO
Found 0 partially unannotated drivers.

===========================================================================
max slew violation count 0
max fanout violation count 17
max cap violation count 0
============================================================================

===========================================================================
check_setup -verbose -unconstrained_endpoints -multiple_clock -no_clock -no_input_delay -loops -generated_clocks
===========================================================================
Warning: There are 72 unconstrained endpoints.
  tl_o[0]
  tl_o[100]
  tl_o[101]
  tl_o[102]
  tl_o[103]
  tl_o[104]
  tl_o[105]
  tl_o[106]
  tl_o[107]
  tl_o[108]
  tl_o[15]
  tl_o[16]
  tl_o[17]
  tl_o[18]
  tl_o[19]
  tl_o[1]
  tl_o[20]
  tl_o[21]
  tl_o[22]
  tl_o[23]
  tl_o[24]
  tl_o[25]
  tl_o[26]
  tl_o[27]
  tl_o[28]
  tl_o[29]
  tl_o[2]
  tl_o[30]
  tl_o[31]
  tl_o[32]
  tl_o[33]
  tl_o[34]
  tl_o[35]
  tl_o[36]
  tl_o[37]
  tl_o[38]
  tl_o[39]
  tl_o[3]
  tl_o[40]
  tl_o[41]
  tl_o[42]
  tl_o[43]
  tl_o[44]
  tl_o[45]
  tl_o[46]
  tl_o[47]
  tl_o[48]
  tl_o[49]
  tl_o[4]
  tl_o[50]
  tl_o[51]
  tl_o[52]
  tl_o[53]
  tl_o[54]
  tl_o[55]
  tl_o[56]
  tl_o[57]
  tl_o[58]
  tl_o[59]
  tl_o[5]
  tl_o[60]
  tl_o[61]
  tl_o[62]
  tl_o[6]
  tl_o[7]
  tl_o[93]
  tl_o[94]
  tl_o[95]
  tl_o[96]
  tl_o[97]
  tl_o[98]
  tl_o[99]
