Clock: clk_i
Sources: clk_i 
Generated: no
Virtual: yes
Propagated: no
Period: 25.000000

===========================================================================
report_clock_properties
============================================================================
Clock                   Period          Waveform
----------------------------------------------------
clk_i                25.000000    0.000000 12.500000

===========================================================================
report_clock_latency
============================================================================
Clock clk_i
rise -> rise
    min     max
0.000000 0.000000 source latency
0.932511         network latency _1197_/CLK
        1.998829 network latency _1194_/CLK
---------------
0.932511 1.998829 latency
        1.066319 skew

fall -> rise
    min     max
0.000000 0.000000 source latency
8.823258         network latency _1186_/CLK
        8.854634 network latency _1194_/CLK
---------------
8.823258 8.854634 latency
        0.031376 skew

fall -> fall
    min     max
0.000000 0.000000 source latency
0.797297         network latency _1197_/CLK
        9.162766 network latency _1194_/CLK
---------------
0.797297 9.162766 latency
        8.365468 skew



===========================================================================
report_clock_min_period
============================================================================
clk_i period_min = 20.19 fmax = 49.53
