Netgen 1.5.278 compiled on Sun Sep 29 13:29:03 UTC 2024
Warning: netgen command 'format' use fully-qualified name '::netgen::format'
Warning: netgen command 'global' use fully-qualified name '::netgen::global'
Warning:  A case-insensitive file has been read and so the	verilog file must be treated case-insensitive to match.
Reading SPICE netlist file '/home/runner/work/vyges-edge-sensor-soc/vyges-edge-sensor-soc/dependencies/pdks/sky130A/libs.ref/sky130_fd_sc_hd/spice/sky130_ef_sc_hd__decap_12.spice'...
Call to undefined subcircuit sky130_fd_pr__pfet_01v8_hvt
Creating placeholder cell definition.
Call to undefined subcircuit sky130_fd_pr__nfet_01v8
Creating placeholder cell definition.
Reading SPICE netlist file '/home/runner/work/vyges-edge-sensor-soc/vyges-edge-sensor-soc/dependencies/pdks/sky130A/libs.ref/sky130_fd_sc_hd/spice/sky130_ef_sc_hd__decap_20_12.spice'...
Reading SPICE netlist file '/home/runner/work/vyges-edge-sensor-soc/vyges-edge-sensor-soc/dependencies/pdks/sky130A/libs.ref/sky130_fd_sc_hd/spice/sky130_ef_sc_hd__decap_40_12.spice'...
Reading SPICE netlist file '/home/runner/work/vyges-edge-sensor-soc/vyges-edge-sensor-soc/dependencies/pdks/sky130A/libs.ref/sky130_fd_sc_hd/spice/sky130_ef_sc_hd__decap_60_12.spice'...
Reading SPICE netlist file '/home/runner/work/vyges-edge-sensor-soc/vyges-edge-sensor-soc/dependencies/pdks/sky130A/libs.ref/sky130_fd_sc_hd/spice/sky130_ef_sc_hd__decap_80_12.spice'...
Reading SPICE netlist file '/home/runner/work/vyges-edge-sensor-soc/vyges-edge-sensor-soc/dependencies/pdks/sky130A/libs.ref/sky130_fd_sc_hd/spice/sky130_ef_sc_hd__fill_12.spice'...
Reading SPICE netlist file '/home/runner/work/vyges-edge-sensor-soc/vyges-edge-sensor-soc/dependencies/pdks/sky130A/libs.ref/sky130_fd_sc_hd/spice/sky130_ef_sc_hd__fill_2.spice'...
Reading SPICE netlist file '/home/runner/work/vyges-edge-sensor-soc/vyges-edge-sensor-soc/dependencies/pdks/sky130A/libs.ref/sky130_fd_sc_hd/spice/sky130_ef_sc_hd__fill_4.spice'...
Reading SPICE netlist file '/home/runner/work/vyges-edge-sensor-soc/vyges-edge-sensor-soc/dependencies/pdks/sky130A/libs.ref/sky130_fd_sc_hd/spice/sky130_ef_sc_hd__fill_8.spice'...
Reading SPICE netlist file '/home/runner/work/vyges-edge-sensor-soc/vyges-edge-sensor-soc/dependencies/pdks/sky130A/libs.ref/sky130_fd_sc_hd/spice/sky130_fd_sc_hd.spice'...
Call to undefined subcircuit sky130_fd_pr__res_generic_po
Creating placeholder cell definition.
Call to undefined subcircuit sky130_fd_pr__special_nfet_01v8
Creating placeholder cell definition.
Call to undefined subcircuit sky130_fd_pr__diode_pw2nd_05v5
Creating placeholder cell definition.
Call to undefined subcircuit sky130_fd_pr__special_pfet_01v8_hvt
Creating placeholder cell definition.
Call to undefined subcircuit sky130_fd_sc_hd__nand2_2
Creating placeholder cell definition.
Call to undefined subcircuit sky130_fd_sc_hd__nor2_2
Creating placeholder cell definition.
Warning:  A case-insensitive file has been read and so the	verilog file must be treated case-insensitive to match.
Note:  Implicit pin LO in instance edge_sensor_glue_246 of sky130_fd_sc_hd__conb_1 in cell edge_sensor_glue
Note:  Implicit pin LO in instance edge_sensor_glue_247 of sky130_fd_sc_hd__conb_1 in cell edge_sensor_glue
Note:  Implicit pin LO in instance edge_sensor_glue_248 of sky130_fd_sc_hd__conb_1 in cell edge_sensor_glue
Note:  Implicit pin LO in instance edge_sensor_glue_249 of sky130_fd_sc_hd__conb_1 in cell edge_sensor_glue
Note:  Implicit pin LO in instance edge_sensor_glue_250 of sky130_fd_sc_hd__conb_1 in cell edge_sensor_glue
Note:  Implicit pin LO in instance edge_sensor_glue_251 of sky130_fd_sc_hd__conb_1 in cell edge_sensor_glue
Note:  Implicit pin LO in instance edge_sensor_glue_252 of sky130_fd_sc_hd__conb_1 in cell edge_sensor_glue
Note:  Implicit pin LO in instance edge_sensor_glue_253 of sky130_fd_sc_hd__conb_1 in cell edge_sensor_glue
Note:  Implicit pin LO in instance edge_sensor_glue_254 of sky130_fd_sc_hd__conb_1 in cell edge_sensor_glue
Note:  Implicit pin LO in instance edge_sensor_glue_255 of sky130_fd_sc_hd__conb_1 in cell edge_sensor_glue
Note:  Implicit pin LO in instance edge_sensor_glue_256 of sky130_fd_sc_hd__conb_1 in cell edge_sensor_glue
Note:  Implicit pin LO in instance edge_sensor_glue_257 of sky130_fd_sc_hd__conb_1 in cell edge_sensor_glue
Note:  Implicit pin LO in instance edge_sensor_glue_258 of sky130_fd_sc_hd__conb_1 in cell edge_sensor_glue
Note:  Implicit pin LO in instance edge_sensor_glue_259 of sky130_fd_sc_hd__conb_1 in cell edge_sensor_glue
Note:  Implicit pin LO in instance edge_sensor_glue_260 of sky130_fd_sc_hd__conb_1 in cell edge_sensor_glue
Note:  Implicit pin LO in instance edge_sensor_glue_261 of sky130_fd_sc_hd__conb_1 in cell edge_sensor_glue
Note:  Implicit pin LO in instance edge_sensor_glue_262 of sky130_fd_sc_hd__conb_1 in cell edge_sensor_glue
Note:  Implicit pin LO in instance edge_sensor_glue_263 of sky130_fd_sc_hd__conb_1 in cell edge_sensor_glue
Note:  Implicit pin LO in instance edge_sensor_glue_264 of sky130_fd_sc_hd__conb_1 in cell edge_sensor_glue
Note:  Implicit pin LO in instance edge_sensor_glue_265 of sky130_fd_sc_hd__conb_1 in cell edge_sensor_glue
Note:  Implicit pin LO in instance edge_sensor_glue_266 of sky130_fd_sc_hd__conb_1 in cell edge_sensor_glue
Note:  Implicit pin LO in instance edge_sensor_glue_267 of sky130_fd_sc_hd__conb_1 in cell edge_sensor_glue
Note:  Implicit pin LO in instance edge_sensor_glue_268 of sky130_fd_sc_hd__conb_1 in cell edge_sensor_glue
Note:  Implicit pin LO in instance edge_sensor_glue_269 of sky130_fd_sc_hd__conb_1 in cell edge_sensor_glue
Note:  Implicit pin LO in instance edge_sensor_glue_270 of sky130_fd_sc_hd__conb_1 in cell edge_sensor_glue
Note:  Implicit pin LO in instance edge_sensor_glue_271 of sky130_fd_sc_hd__conb_1 in cell edge_sensor_glue
Note:  Implicit pin LO in instance edge_sensor_glue_272 of sky130_fd_sc_hd__conb_1 in cell edge_sensor_glue
Note:  Implicit pin LO in instance edge_sensor_glue_273 of sky130_fd_sc_hd__conb_1 in cell edge_sensor_glue
Note:  Implicit pin LO in instance edge_sensor_glue_274 of sky130_fd_sc_hd__conb_1 in cell edge_sensor_glue
Note:  Implicit pin LO in instance edge_sensor_glue_275 of sky130_fd_sc_hd__conb_1 in cell edge_sensor_glue
Note:  Implicit pin LO in instance edge_sensor_glue_276 of sky130_fd_sc_hd__conb_1 in cell edge_sensor_glue
Note:  Implicit pin LO in instance edge_sensor_glue_277 of sky130_fd_sc_hd__conb_1 in cell edge_sensor_glue
Note:  Implicit pin HI in instance edge_sensor_glue_27 of sky130_fd_sc_hd__conb_1 in cell edge_sensor_glue
Note:  Implicit pin HI in instance edge_sensor_glue_28 of sky130_fd_sc_hd__conb_1 in cell edge_sensor_glue
Note:  Implicit pin HI in instance edge_sensor_glue_29 of sky130_fd_sc_hd__conb_1 in cell edge_sensor_glue
Note:  Implicit pin HI in instance edge_sensor_glue_30 of sky130_fd_sc_hd__conb_1 in cell edge_sensor_glue
Note:  Implicit pin HI in instance edge_sensor_glue_31 of sky130_fd_sc_hd__conb_1 in cell edge_sensor_glue
Note:  Implicit pin HI in instance edge_sensor_glue_32 of sky130_fd_sc_hd__conb_1 in cell edge_sensor_glue
Note:  Implicit pin HI in instance edge_sensor_glue_33 of sky130_fd_sc_hd__conb_1 in cell edge_sensor_glue
Note:  Implicit pin HI in instance edge_sensor_glue_34 of sky130_fd_sc_hd__conb_1 in cell edge_sensor_glue
Note:  Implicit pin HI in instance edge_sensor_glue_35 of sky130_fd_sc_hd__conb_1 in cell edge_sensor_glue
Note:  Implicit pin HI in instance edge_sensor_glue_36 of sky130_fd_sc_hd__conb_1 in cell edge_sensor_glue
Note:  Implicit pin HI in instance edge_sensor_glue_37 of sky130_fd_sc_hd__conb_1 in cell edge_sensor_glue
Note:  Implicit pin HI in instance edge_sensor_glue_38 of sky130_fd_sc_hd__conb_1 in cell edge_sensor_glue
Note:  Implicit pin HI in instance edge_sensor_glue_39 of sky130_fd_sc_hd__conb_1 in cell edge_sensor_glue
Note:  Implicit pin HI in instance edge_sensor_glue_40 of sky130_fd_sc_hd__conb_1 in cell edge_sensor_glue
Note:  Implicit pin HI in instance edge_sensor_glue_41 of sky130_fd_sc_hd__conb_1 in cell edge_sensor_glue
Note:  Implicit pin HI in instance edge_sensor_glue_42 of sky130_fd_sc_hd__conb_1 in cell edge_sensor_glue
Note:  Implicit pin HI in instance edge_sensor_glue_43 of sky130_fd_sc_hd__conb_1 in cell edge_sensor_glue
Note:  Implicit pin HI in instance edge_sensor_glue_44 of sky130_fd_sc_hd__conb_1 in cell edge_sensor_glue
Note:  Implicit pin HI in instance edge_sensor_glue_45 of sky130_fd_sc_hd__conb_1 in cell edge_sensor_glue
Note:  Implicit pin HI in instance edge_sensor_glue_46 of sky130_fd_sc_hd__conb_1 in cell edge_sensor_glue
Note:  Implicit pin HI in instance edge_sensor_glue_47 of sky130_fd_sc_hd__conb_1 in cell edge_sensor_glue
Note:  Implicit pin HI in instance edge_sensor_glue_48 of sky130_fd_sc_hd__conb_1 in cell edge_sensor_glue
Note:  Implicit pin HI in instance edge_sensor_glue_49 of sky130_fd_sc_hd__conb_1 in cell edge_sensor_glue
Note:  Implicit pin HI in instance edge_sensor_glue_50 of sky130_fd_sc_hd__conb_1 in cell edge_sensor_glue
Note:  Implicit pin HI in instance edge_sensor_glue_51 of sky130_fd_sc_hd__conb_1 in cell edge_sensor_glue
Note:  Implicit pin HI in instance edge_sensor_glue_52 of sky130_fd_sc_hd__conb_1 in cell edge_sensor_glue
Note:  Implicit pin HI in instance edge_sensor_glue_53 of sky130_fd_sc_hd__conb_1 in cell edge_sensor_glue
Note:  Implicit pin HI in instance edge_sensor_glue_54 of sky130_fd_sc_hd__conb_1 in cell edge_sensor_glue
Note:  Implicit pin HI in instance edge_sensor_glue_55 of sky130_fd_sc_hd__conb_1 in cell edge_sensor_glue
Note:  Implicit pin HI in instance edge_sensor_glue_56 of sky130_fd_sc_hd__conb_1 in cell edge_sensor_glue
Note:  Implicit pin HI in instance edge_sensor_glue_57 of sky130_fd_sc_hd__conb_1 in cell edge_sensor_glue
Note:  Implicit pin HI in instance edge_sensor_glue_58 of sky130_fd_sc_hd__conb_1 in cell edge_sensor_glue
Note:  Implicit pin HI in instance edge_sensor_glue_59 of sky130_fd_sc_hd__conb_1 in cell edge_sensor_glue
Note:  Implicit pin HI in instance edge_sensor_glue_60 of sky130_fd_sc_hd__conb_1 in cell edge_sensor_glue
Note:  Implicit pin HI in instance edge_sensor_glue_61 of sky130_fd_sc_hd__conb_1 in cell edge_sensor_glue
Note:  Implicit pin HI in instance edge_sensor_glue_62 of sky130_fd_sc_hd__conb_1 in cell edge_sensor_glue
Note:  Implicit pin HI in instance edge_sensor_glue_63 of sky130_fd_sc_hd__conb_1 in cell edge_sensor_glue
Note:  Implicit pin HI in instance edge_sensor_glue_64 of sky130_fd_sc_hd__conb_1 in cell edge_sensor_glue
Note:  Implicit pin HI in instance edge_sensor_glue_65 of sky130_fd_sc_hd__conb_1 in cell edge_sensor_glue
Note:  Implicit pin HI in instance edge_sensor_glue_66 of sky130_fd_sc_hd__conb_1 in cell edge_sensor_glue
Note:  Implicit pin HI in instance edge_sensor_glue_67 of sky130_fd_sc_hd__conb_1 in cell edge_sensor_glue
Note:  Implicit pin HI in instance edge_sensor_glue_68 of sky130_fd_sc_hd__conb_1 in cell edge_sensor_glue
Note:  Implicit pin HI in instance edge_sensor_glue_69 of sky130_fd_sc_hd__conb_1 in cell edge_sensor_glue
Note:  Implicit pin HI in instance edge_sensor_glue_70 of sky130_fd_sc_hd__conb_1 in cell edge_sensor_glue
Note:  Implicit pin HI in instance edge_sensor_glue_71 of sky130_fd_sc_hd__conb_1 in cell edge_sensor_glue
Note:  Implicit pin HI in instance edge_sensor_glue_72 of sky130_fd_sc_hd__conb_1 in cell edge_sensor_glue
Note:  Implicit pin HI in instance edge_sensor_glue_73 of sky130_fd_sc_hd__conb_1 in cell edge_sensor_glue
Note:  Implicit pin HI in instance edge_sensor_glue_74 of sky130_fd_sc_hd__conb_1 in cell edge_sensor_glue
Note:  Implicit pin HI in instance edge_sensor_glue_75 of sky130_fd_sc_hd__conb_1 in cell edge_sensor_glue
Note:  Implicit pin HI in instance edge_sensor_glue_76 of sky130_fd_sc_hd__conb_1 in cell edge_sensor_glue
Note:  Implicit pin HI in instance edge_sensor_glue_77 of sky130_fd_sc_hd__conb_1 in cell edge_sensor_glue
Note:  Implicit pin HI in instance edge_sensor_glue_78 of sky130_fd_sc_hd__conb_1 in cell edge_sensor_glue
Note:  Implicit pin HI in instance edge_sensor_glue_79 of sky130_fd_sc_hd__conb_1 in cell edge_sensor_glue
Note:  Implicit pin HI in instance edge_sensor_glue_80 of sky130_fd_sc_hd__conb_1 in cell edge_sensor_glue
Note:  Implicit pin HI in instance edge_sensor_glue_81 of sky130_fd_sc_hd__conb_1 in cell edge_sensor_glue
Note:  Implicit pin HI in instance edge_sensor_glue_82 of sky130_fd_sc_hd__conb_1 in cell edge_sensor_glue
Note:  Implicit pin HI in instance edge_sensor_glue_83 of sky130_fd_sc_hd__conb_1 in cell edge_sensor_glue
Note:  Implicit pin HI in instance edge_sensor_glue_84 of sky130_fd_sc_hd__conb_1 in cell edge_sensor_glue
Note:  Implicit pin HI in instance edge_sensor_glue_85 of sky130_fd_sc_hd__conb_1 in cell edge_sensor_glue
Note:  Implicit pin HI in instance edge_sensor_glue_86 of sky130_fd_sc_hd__conb_1 in cell edge_sensor_glue
Note:  Implicit pin HI in instance edge_sensor_glue_87 of sky130_fd_sc_hd__conb_1 in cell edge_sensor_glue
Note:  Implicit pin HI in instance edge_sensor_glue_88 of sky130_fd_sc_hd__conb_1 in cell edge_sensor_glue
Note:  Implicit pin HI in instance edge_sensor_glue_89 of sky130_fd_sc_hd__conb_1 in cell edge_sensor_glue
Note:  Implicit pin HI in instance edge_sensor_glue_90 of sky130_fd_sc_hd__conb_1 in cell edge_sensor_glue
Note:  Implicit pin HI in instance edge_sensor_glue_91 of sky130_fd_sc_hd__conb_1 in cell edge_sensor_glue
Note:  Implicit pin HI in instance edge_sensor_glue_92 of sky130_fd_sc_hd__conb_1 in cell edge_sensor_glue
Note:  Implicit pin HI in instance edge_sensor_glue_93 of sky130_fd_sc_hd__conb_1 in cell edge_sensor_glue
Note:  Implicit pin HI in instance edge_sensor_glue_94 of sky130_fd_sc_hd__conb_1 in cell edge_sensor_glue
Note:  Implicit pin HI in instance edge_sensor_glue_95 of sky130_fd_sc_hd__conb_1 in cell edge_sensor_glue
Note:  Implicit pin HI in instance edge_sensor_glue_96 of sky130_fd_sc_hd__conb_1 in cell edge_sensor_glue
Note:  Implicit pin HI in instance edge_sensor_glue_97 of sky130_fd_sc_hd__conb_1 in cell edge_sensor_glue
Note:  Implicit pin HI in instance edge_sensor_glue_98 of sky130_fd_sc_hd__conb_1 in cell edge_sensor_glue
Note:  Implicit pin HI in instance edge_sensor_glue_99 of sky130_fd_sc_hd__conb_1 in cell edge_sensor_glue
Note:  Implicit pin HI in instance edge_sensor_glue_100 of sky130_fd_sc_hd__conb_1 in cell edge_sensor_glue
Note:  Implicit pin HI in instance edge_sensor_glue_101 of sky130_fd_sc_hd__conb_1 in cell edge_sensor_glue
Note:  Implicit pin HI in instance edge_sensor_glue_102 of sky130_fd_sc_hd__conb_1 in cell edge_sensor_glue
Note:  Implicit pin HI in instance edge_sensor_glue_103 of sky130_fd_sc_hd__conb_1 in cell edge_sensor_glue
Note:  Implicit pin HI in instance edge_sensor_glue_104 of sky130_fd_sc_hd__conb_1 in cell edge_sensor_glue
Note:  Implicit pin HI in instance edge_sensor_glue_105 of sky130_fd_sc_hd__conb_1 in cell edge_sensor_glue
Note:  Implicit pin HI in instance edge_sensor_glue_106 of sky130_fd_sc_hd__conb_1 in cell edge_sensor_glue
Note:  Implicit pin HI in instance edge_sensor_glue_107 of sky130_fd_sc_hd__conb_1 in cell edge_sensor_glue
Note:  Implicit pin HI in instance edge_sensor_glue_108 of sky130_fd_sc_hd__conb_1 in cell edge_sensor_glue
Note:  Implicit pin HI in instance edge_sensor_glue_109 of sky130_fd_sc_hd__conb_1 in cell edge_sensor_glue
Note:  Implicit pin HI in instance edge_sensor_glue_110 of sky130_fd_sc_hd__conb_1 in cell edge_sensor_glue
Note:  Implicit pin HI in instance edge_sensor_glue_111 of sky130_fd_sc_hd__conb_1 in cell edge_sensor_glue
Note:  Implicit pin HI in instance edge_sensor_glue_112 of sky130_fd_sc_hd__conb_1 in cell edge_sensor_glue
Note:  Implicit pin HI in instance edge_sensor_glue_113 of sky130_fd_sc_hd__conb_1 in cell edge_sensor_glue
Note:  Implicit pin HI in instance edge_sensor_glue_114 of sky130_fd_sc_hd__conb_1 in cell edge_sensor_glue
Note:  Implicit pin HI in instance edge_sensor_glue_115 of sky130_fd_sc_hd__conb_1 in cell edge_sensor_glue
Note:  Implicit pin HI in instance edge_sensor_glue_116 of sky130_fd_sc_hd__conb_1 in cell edge_sensor_glue
Note:  Implicit pin HI in instance edge_sensor_glue_117 of sky130_fd_sc_hd__conb_1 in cell edge_sensor_glue
Note:  Implicit pin HI in instance edge_sensor_glue_118 of sky130_fd_sc_hd__conb_1 in cell edge_sensor_glue
Note:  Implicit pin HI in instance edge_sensor_glue_119 of sky130_fd_sc_hd__conb_1 in cell edge_sensor_glue
Note:  Implicit pin HI in instance edge_sensor_glue_120 of sky130_fd_sc_hd__conb_1 in cell edge_sensor_glue
Note:  Implicit pin HI in instance edge_sensor_glue_121 of sky130_fd_sc_hd__conb_1 in cell edge_sensor_glue
Note:  Implicit pin HI in instance edge_sensor_glue_122 of sky130_fd_sc_hd__conb_1 in cell edge_sensor_glue
Note:  Implicit pin HI in instance edge_sensor_glue_123 of sky130_fd_sc_hd__conb_1 in cell edge_sensor_glue
Note:  Implicit pin HI in instance edge_sensor_glue_124 of sky130_fd_sc_hd__conb_1 in cell edge_sensor_glue
Note:  Implicit pin HI in instance edge_sensor_glue_125 of sky130_fd_sc_hd__conb_1 in cell edge_sensor_glue
Note:  Implicit pin HI in instance edge_sensor_glue_126 of sky130_fd_sc_hd__conb_1 in cell edge_sensor_glue
Note:  Implicit pin HI in instance edge_sensor_glue_127 of sky130_fd_sc_hd__conb_1 in cell edge_sensor_glue
Note:  Implicit pin HI in instance edge_sensor_glue_128 of sky130_fd_sc_hd__conb_1 in cell edge_sensor_glue
Note:  Implicit pin HI in instance edge_sensor_glue_129 of sky130_fd_sc_hd__conb_1 in cell edge_sensor_glue
Note:  Implicit pin HI in instance edge_sensor_glue_130 of sky130_fd_sc_hd__conb_1 in cell edge_sensor_glue
Note:  Implicit pin HI in instance edge_sensor_glue_131 of sky130_fd_sc_hd__conb_1 in cell edge_sensor_glue
Note:  Implicit pin HI in instance edge_sensor_glue_132 of sky130_fd_sc_hd__conb_1 in cell edge_sensor_glue
Note:  Implicit pin HI in instance edge_sensor_glue_133 of sky130_fd_sc_hd__conb_1 in cell edge_sensor_glue
Note:  Implicit pin HI in instance edge_sensor_glue_134 of sky130_fd_sc_hd__conb_1 in cell edge_sensor_glue
Note:  Implicit pin HI in instance edge_sensor_glue_135 of sky130_fd_sc_hd__conb_1 in cell edge_sensor_glue
Note:  Implicit pin HI in instance edge_sensor_glue_136 of sky130_fd_sc_hd__conb_1 in cell edge_sensor_glue
Note:  Implicit pin HI in instance edge_sensor_glue_137 of sky130_fd_sc_hd__conb_1 in cell edge_sensor_glue
Note:  Implicit pin HI in instance edge_sensor_glue_138 of sky130_fd_sc_hd__conb_1 in cell edge_sensor_glue
Note:  Implicit pin HI in instance edge_sensor_glue_139 of sky130_fd_sc_hd__conb_1 in cell edge_sensor_glue
Note:  Implicit pin HI in instance edge_sensor_glue_140 of sky130_fd_sc_hd__conb_1 in cell edge_sensor_glue
Note:  Implicit pin HI in instance edge_sensor_glue_141 of sky130_fd_sc_hd__conb_1 in cell edge_sensor_glue
Note:  Implicit pin HI in instance edge_sensor_glue_142 of sky130_fd_sc_hd__conb_1 in cell edge_sensor_glue
Note:  Implicit pin HI in instance edge_sensor_glue_143 of sky130_fd_sc_hd__conb_1 in cell edge_sensor_glue
Note:  Implicit pin HI in instance edge_sensor_glue_144 of sky130_fd_sc_hd__conb_1 in cell edge_sensor_glue
Note:  Implicit pin HI in instance edge_sensor_glue_145 of sky130_fd_sc_hd__conb_1 in cell edge_sensor_glue
Note:  Implicit pin HI in instance edge_sensor_glue_146 of sky130_fd_sc_hd__conb_1 in cell edge_sensor_glue
Note:  Implicit pin HI in instance edge_sensor_glue_147 of sky130_fd_sc_hd__conb_1 in cell edge_sensor_glue
Note:  Implicit pin HI in instance edge_sensor_glue_148 of sky130_fd_sc_hd__conb_1 in cell edge_sensor_glue
Note:  Implicit pin HI in instance edge_sensor_glue_149 of sky130_fd_sc_hd__conb_1 in cell edge_sensor_glue
Note:  Implicit pin HI in instance edge_sensor_glue_150 of sky130_fd_sc_hd__conb_1 in cell edge_sensor_glue
Note:  Implicit pin HI in instance edge_sensor_glue_151 of sky130_fd_sc_hd__conb_1 in cell edge_sensor_glue
Note:  Implicit pin HI in instance edge_sensor_glue_152 of sky130_fd_sc_hd__conb_1 in cell edge_sensor_glue
Note:  Implicit pin HI in instance edge_sensor_glue_153 of sky130_fd_sc_hd__conb_1 in cell edge_sensor_glue
Note:  Implicit pin HI in instance edge_sensor_glue_154 of sky130_fd_sc_hd__conb_1 in cell edge_sensor_glue
Note:  Implicit pin HI in instance edge_sensor_glue_155 of sky130_fd_sc_hd__conb_1 in cell edge_sensor_glue
Note:  Implicit pin HI in instance edge_sensor_glue_156 of sky130_fd_sc_hd__conb_1 in cell edge_sensor_glue
Note:  Implicit pin HI in instance edge_sensor_glue_157 of sky130_fd_sc_hd__conb_1 in cell edge_sensor_glue
Note:  Implicit pin HI in instance edge_sensor_glue_158 of sky130_fd_sc_hd__conb_1 in cell edge_sensor_glue
Note:  Implicit pin HI in instance edge_sensor_glue_159 of sky130_fd_sc_hd__conb_1 in cell edge_sensor_glue
Note:  Implicit pin HI in instance edge_sensor_glue_160 of sky130_fd_sc_hd__conb_1 in cell edge_sensor_glue
Note:  Implicit pin HI in instance edge_sensor_glue_161 of sky130_fd_sc_hd__conb_1 in cell edge_sensor_glue
Note:  Implicit pin HI in instance edge_sensor_glue_162 of sky130_fd_sc_hd__conb_1 in cell edge_sensor_glue
Note:  Implicit pin HI in instance edge_sensor_glue_163 of sky130_fd_sc_hd__conb_1 in cell edge_sensor_glue
Note:  Implicit pin HI in instance edge_sensor_glue_164 of sky130_fd_sc_hd__conb_1 in cell edge_sensor_glue
Note:  Implicit pin HI in instance edge_sensor_glue_165 of sky130_fd_sc_hd__conb_1 in cell edge_sensor_glue
Note:  Implicit pin HI in instance edge_sensor_glue_166 of sky130_fd_sc_hd__conb_1 in cell edge_sensor_glue
Note:  Implicit pin HI in instance edge_sensor_glue_167 of sky130_fd_sc_hd__conb_1 in cell edge_sensor_glue
Note:  Implicit pin HI in instance edge_sensor_glue_168 of sky130_fd_sc_hd__conb_1 in cell edge_sensor_glue
Note:  Implicit pin HI in instance edge_sensor_glue_169 of sky130_fd_sc_hd__conb_1 in cell edge_sensor_glue
Note:  Implicit pin HI in instance edge_sensor_glue_170 of sky130_fd_sc_hd__conb_1 in cell edge_sensor_glue
Note:  Implicit pin HI in instance edge_sensor_glue_171 of sky130_fd_sc_hd__conb_1 in cell edge_sensor_glue
Note:  Implicit pin HI in instance edge_sensor_glue_172 of sky130_fd_sc_hd__conb_1 in cell edge_sensor_glue
Note:  Implicit pin HI in instance edge_sensor_glue_173 of sky130_fd_sc_hd__conb_1 in cell edge_sensor_glue
Note:  Implicit pin HI in instance edge_sensor_glue_174 of sky130_fd_sc_hd__conb_1 in cell edge_sensor_glue
Note:  Implicit pin HI in instance edge_sensor_glue_175 of sky130_fd_sc_hd__conb_1 in cell edge_sensor_glue
Note:  Implicit pin HI in instance edge_sensor_glue_176 of sky130_fd_sc_hd__conb_1 in cell edge_sensor_glue
Note:  Implicit pin HI in instance edge_sensor_glue_177 of sky130_fd_sc_hd__conb_1 in cell edge_sensor_glue
Note:  Implicit pin HI in instance edge_sensor_glue_178 of sky130_fd_sc_hd__conb_1 in cell edge_sensor_glue
Note:  Implicit pin HI in instance edge_sensor_glue_179 of sky130_fd_sc_hd__conb_1 in cell edge_sensor_glue
Note:  Implicit pin HI in instance edge_sensor_glue_180 of sky130_fd_sc_hd__conb_1 in cell edge_sensor_glue
Note:  Implicit pin HI in instance edge_sensor_glue_181 of sky130_fd_sc_hd__conb_1 in cell edge_sensor_glue
Note:  Implicit pin HI in instance edge_sensor_glue_182 of sky130_fd_sc_hd__conb_1 in cell edge_sensor_glue
Note:  Implicit pin HI in instance edge_sensor_glue_183 of sky130_fd_sc_hd__conb_1 in cell edge_sensor_glue
Note:  Implicit pin HI in instance edge_sensor_glue_184 of sky130_fd_sc_hd__conb_1 in cell edge_sensor_glue
Note:  Implicit pin HI in instance edge_sensor_glue_185 of sky130_fd_sc_hd__conb_1 in cell edge_sensor_glue
Note:  Implicit pin HI in instance edge_sensor_glue_186 of sky130_fd_sc_hd__conb_1 in cell edge_sensor_glue
Note:  Implicit pin HI in instance edge_sensor_glue_187 of sky130_fd_sc_hd__conb_1 in cell edge_sensor_glue
Note:  Implicit pin HI in instance edge_sensor_glue_188 of sky130_fd_sc_hd__conb_1 in cell edge_sensor_glue
Note:  Implicit pin HI in instance edge_sensor_glue_189 of sky130_fd_sc_hd__conb_1 in cell edge_sensor_glue
Note:  Implicit pin HI in instance edge_sensor_glue_190 of sky130_fd_sc_hd__conb_1 in cell edge_sensor_glue
Note:  Implicit pin HI in instance edge_sensor_glue_191 of sky130_fd_sc_hd__conb_1 in cell edge_sensor_glue
Note:  Implicit pin HI in instance edge_sensor_glue_192 of sky130_fd_sc_hd__conb_1 in cell edge_sensor_glue
Note:  Implicit pin HI in instance edge_sensor_glue_193 of sky130_fd_sc_hd__conb_1 in cell edge_sensor_glue
Note:  Implicit pin HI in instance edge_sensor_glue_194 of sky130_fd_sc_hd__conb_1 in cell edge_sensor_glue
Note:  Implicit pin HI in instance edge_sensor_glue_195 of sky130_fd_sc_hd__conb_1 in cell edge_sensor_glue
Note:  Implicit pin HI in instance edge_sensor_glue_196 of sky130_fd_sc_hd__conb_1 in cell edge_sensor_glue
Note:  Implicit pin HI in instance edge_sensor_glue_197 of sky130_fd_sc_hd__conb_1 in cell edge_sensor_glue
Note:  Implicit pin HI in instance edge_sensor_glue_198 of sky130_fd_sc_hd__conb_1 in cell edge_sensor_glue
Note:  Implicit pin HI in instance edge_sensor_glue_199 of sky130_fd_sc_hd__conb_1 in cell edge_sensor_glue
Note:  Implicit pin HI in instance edge_sensor_glue_200 of sky130_fd_sc_hd__conb_1 in cell edge_sensor_glue
Note:  Implicit pin HI in instance edge_sensor_glue_201 of sky130_fd_sc_hd__conb_1 in cell edge_sensor_glue
Note:  Implicit pin HI in instance edge_sensor_glue_202 of sky130_fd_sc_hd__conb_1 in cell edge_sensor_glue
Note:  Implicit pin HI in instance edge_sensor_glue_203 of sky130_fd_sc_hd__conb_1 in cell edge_sensor_glue
Note:  Implicit pin HI in instance edge_sensor_glue_204 of sky130_fd_sc_hd__conb_1 in cell edge_sensor_glue
Note:  Implicit pin HI in instance edge_sensor_glue_205 of sky130_fd_sc_hd__conb_1 in cell edge_sensor_glue
Note:  Implicit pin HI in instance edge_sensor_glue_206 of sky130_fd_sc_hd__conb_1 in cell edge_sensor_glue
Note:  Implicit pin HI in instance edge_sensor_glue_207 of sky130_fd_sc_hd__conb_1 in cell edge_sensor_glue
Note:  Implicit pin HI in instance edge_sensor_glue_208 of sky130_fd_sc_hd__conb_1 in cell edge_sensor_glue
Note:  Implicit pin HI in instance edge_sensor_glue_209 of sky130_fd_sc_hd__conb_1 in cell edge_sensor_glue
Note:  Implicit pin HI in instance edge_sensor_glue_210 of sky130_fd_sc_hd__conb_1 in cell edge_sensor_glue
Note:  Implicit pin HI in instance edge_sensor_glue_211 of sky130_fd_sc_hd__conb_1 in cell edge_sensor_glue
Note:  Implicit pin HI in instance edge_sensor_glue_212 of sky130_fd_sc_hd__conb_1 in cell edge_sensor_glue
Note:  Implicit pin HI in instance edge_sensor_glue_213 of sky130_fd_sc_hd__conb_1 in cell edge_sensor_glue
Note:  Implicit pin HI in instance edge_sensor_glue_214 of sky130_fd_sc_hd__conb_1 in cell edge_sensor_glue
Note:  Implicit pin HI in instance edge_sensor_glue_215 of sky130_fd_sc_hd__conb_1 in cell edge_sensor_glue
Note:  Implicit pin HI in instance edge_sensor_glue_216 of sky130_fd_sc_hd__conb_1 in cell edge_sensor_glue
Note:  Implicit pin HI in instance edge_sensor_glue_217 of sky130_fd_sc_hd__conb_1 in cell edge_sensor_glue
Note:  Implicit pin HI in instance edge_sensor_glue_218 of sky130_fd_sc_hd__conb_1 in cell edge_sensor_glue
Note:  Implicit pin HI in instance edge_sensor_glue_219 of sky130_fd_sc_hd__conb_1 in cell edge_sensor_glue
Note:  Implicit pin HI in instance edge_sensor_glue_220 of sky130_fd_sc_hd__conb_1 in cell edge_sensor_glue
Note:  Implicit pin HI in instance edge_sensor_glue_221 of sky130_fd_sc_hd__conb_1 in cell edge_sensor_glue
Note:  Implicit pin HI in instance edge_sensor_glue_222 of sky130_fd_sc_hd__conb_1 in cell edge_sensor_glue
Note:  Implicit pin HI in instance edge_sensor_glue_223 of sky130_fd_sc_hd__conb_1 in cell edge_sensor_glue
Note:  Implicit pin HI in instance edge_sensor_glue_224 of sky130_fd_sc_hd__conb_1 in cell edge_sensor_glue
Note:  Implicit pin HI in instance edge_sensor_glue_225 of sky130_fd_sc_hd__conb_1 in cell edge_sensor_glue
Note:  Implicit pin HI in instance edge_sensor_glue_226 of sky130_fd_sc_hd__conb_1 in cell edge_sensor_glue
Note:  Implicit pin HI in instance edge_sensor_glue_227 of sky130_fd_sc_hd__conb_1 in cell edge_sensor_glue
Note:  Implicit pin HI in instance edge_sensor_glue_228 of sky130_fd_sc_hd__conb_1 in cell edge_sensor_glue
Note:  Implicit pin HI in instance edge_sensor_glue_229 of sky130_fd_sc_hd__conb_1 in cell edge_sensor_glue
Note:  Implicit pin HI in instance edge_sensor_glue_230 of sky130_fd_sc_hd__conb_1 in cell edge_sensor_glue
Note:  Implicit pin HI in instance edge_sensor_glue_231 of sky130_fd_sc_hd__conb_1 in cell edge_sensor_glue
Note:  Implicit pin HI in instance edge_sensor_glue_232 of sky130_fd_sc_hd__conb_1 in cell edge_sensor_glue
Note:  Implicit pin HI in instance edge_sensor_glue_233 of sky130_fd_sc_hd__conb_1 in cell edge_sensor_glue
Note:  Implicit pin HI in instance edge_sensor_glue_234 of sky130_fd_sc_hd__conb_1 in cell edge_sensor_glue
Note:  Implicit pin HI in instance edge_sensor_glue_235 of sky130_fd_sc_hd__conb_1 in cell edge_sensor_glue
Note:  Implicit pin HI in instance edge_sensor_glue_236 of sky130_fd_sc_hd__conb_1 in cell edge_sensor_glue
Note:  Implicit pin HI in instance edge_sensor_glue_237 of sky130_fd_sc_hd__conb_1 in cell edge_sensor_glue
Note:  Implicit pin HI in instance edge_sensor_glue_238 of sky130_fd_sc_hd__conb_1 in cell edge_sensor_glue
Note:  Implicit pin HI in instance edge_sensor_glue_239 of sky130_fd_sc_hd__conb_1 in cell edge_sensor_glue
Note:  Implicit pin HI in instance edge_sensor_glue_240 of sky130_fd_sc_hd__conb_1 in cell edge_sensor_glue
Note:  Implicit pin HI in instance edge_sensor_glue_241 of sky130_fd_sc_hd__conb_1 in cell edge_sensor_glue
Note:  Implicit pin HI in instance edge_sensor_glue_242 of sky130_fd_sc_hd__conb_1 in cell edge_sensor_glue
Note:  Implicit pin HI in instance edge_sensor_glue_243 of sky130_fd_sc_hd__conb_1 in cell edge_sensor_glue
Note:  Implicit pin HI in instance edge_sensor_glue_244 of sky130_fd_sc_hd__conb_1 in cell edge_sensor_glue
Note:  Implicit pin LO in instance edge_sensor_glue_245 of sky130_fd_sc_hd__conb_1 in cell edge_sensor_glue
Note:  Implicit pin HI in instance edge_sensor_glue_26 of sky130_fd_sc_hd__conb_1 in cell edge_sensor_glue
Treating empty subcircuits as black-box cells
Generating JSON file result

Reading setup file /nix/store/iah2c26wzpgdvqc1jv2xxg55xq5km74d-python3-3.11.9-env/lib/python3.11/site-packages/librelane/scripts/netgen/setup.tcl

Model sky130_fd_pr__res_generic_po pin 1 == 2
No property value found for device sky130_fd_pr__res_generic_po
No property mult found for device sky130_fd_pr__res_generic_po
Model sky130_fd_pr__nfet_01v8 pin 1 == 3
No property mult found for device sky130_fd_pr__nfet_01v8
No property sa found for device sky130_fd_pr__nfet_01v8
No property sb found for device sky130_fd_pr__nfet_01v8
No property sd found for device sky130_fd_pr__nfet_01v8
No property nf found for device sky130_fd_pr__nfet_01v8
No property nrd found for device sky130_fd_pr__nfet_01v8
No property nrs found for device sky130_fd_pr__nfet_01v8
No property area found for device sky130_fd_pr__nfet_01v8
No property perim found for device sky130_fd_pr__nfet_01v8
No property topography found for device sky130_fd_pr__nfet_01v8
Model sky130_fd_pr__pfet_01v8_hvt pin 1 == 3
No property mult found for device sky130_fd_pr__pfet_01v8_hvt
No property sa found for device sky130_fd_pr__pfet_01v8_hvt
No property sb found for device sky130_fd_pr__pfet_01v8_hvt
No property sd found for device sky130_fd_pr__pfet_01v8_hvt
No property nf found for device sky130_fd_pr__pfet_01v8_hvt
No property nrd found for device sky130_fd_pr__pfet_01v8_hvt
No property nrs found for device sky130_fd_pr__pfet_01v8_hvt
No property area found for device sky130_fd_pr__pfet_01v8_hvt
No property perim found for device sky130_fd_pr__pfet_01v8_hvt
No property topography found for device sky130_fd_pr__pfet_01v8_hvt
Model sky130_fd_pr__special_nfet_01v8 pin 1 == 3
No property as found for device sky130_fd_pr__special_nfet_01v8
No property ad found for device sky130_fd_pr__special_nfet_01v8
No property ps found for device sky130_fd_pr__special_nfet_01v8
No property pd found for device sky130_fd_pr__special_nfet_01v8
No property mult found for device sky130_fd_pr__special_nfet_01v8
No property sa found for device sky130_fd_pr__special_nfet_01v8
No property sb found for device sky130_fd_pr__special_nfet_01v8
No property sd found for device sky130_fd_pr__special_nfet_01v8
No property nf found for device sky130_fd_pr__special_nfet_01v8
No property nrd found for device sky130_fd_pr__special_nfet_01v8
No property nrs found for device sky130_fd_pr__special_nfet_01v8
No property area found for device sky130_fd_pr__special_nfet_01v8
No property perim found for device sky130_fd_pr__special_nfet_01v8
No property topography found for device sky130_fd_pr__special_nfet_01v8
Model sky130_fd_pr__special_pfet_01v8_hvt pin 1 == 3
No property as found for device sky130_fd_pr__special_pfet_01v8_hvt
No property ad found for device sky130_fd_pr__special_pfet_01v8_hvt
No property ps found for device sky130_fd_pr__special_pfet_01v8_hvt
No property pd found for device sky130_fd_pr__special_pfet_01v8_hvt
No property mult found for device sky130_fd_pr__special_pfet_01v8_hvt
No property sa found for device sky130_fd_pr__special_pfet_01v8_hvt
No property sb found for device sky130_fd_pr__special_pfet_01v8_hvt
No property sd found for device sky130_fd_pr__special_pfet_01v8_hvt
No property nf found for device sky130_fd_pr__special_pfet_01v8_hvt
No property nrd found for device sky130_fd_pr__special_pfet_01v8_hvt
No property nrs found for device sky130_fd_pr__special_pfet_01v8_hvt
No property area found for device sky130_fd_pr__special_pfet_01v8_hvt
No property perim found for device sky130_fd_pr__special_pfet_01v8_hvt
No property topography found for device sky130_fd_pr__special_pfet_01v8_hvt
No property value found for device sky130_fd_pr__diode_pw2nd_05v5
No property mult found for device sky130_fd_pr__diode_pw2nd_05v5
Comparison output logged to file /home/runner/work/vyges-edge-sensor-soc/vyges-edge-sensor-soc/openlane/edge_sensor_glue/runs/26_04_23_05_11/64-netgen-lvs/reports/lvs.netgen.rpt
Logging to file "/home/runner/work/vyges-edge-sensor-soc/vyges-edge-sensor-soc/openlane/edge_sensor_glue/runs/26_04_23_05_11/64-netgen-lvs/reports/lvs.netgen.rpt" enabled

Contents of circuit 1:  Circuit: 'sky130_fd_sc_hd__decap_3'
Circuit sky130_fd_sc_hd__decap_3 contains 0 device instances.
Circuit contains 0 nets, and 4 disconnected pins.
Contents of circuit 2:  Circuit: 'sky130_fd_sc_hd__decap_3'
Circuit sky130_fd_sc_hd__decap_3 contains 2 device instances.
  Class: sky130_fd_pr__nfet_01v8 instances:   1
  Class: sky130_fd_pr__pfet_01v8_hvt instances:   1
Circuit contains 4 nets.

Circuit sky130_fd_sc_hd__decap_3 contains no devices.

Contents of circuit 1:  Circuit: 'sky130_fd_sc_hd__fill_1'
Circuit sky130_fd_sc_hd__fill_1 contains 0 device instances.
Circuit contains 0 nets, and 4 disconnected pins.
Contents of circuit 2:  Circuit: 'sky130_fd_sc_hd__fill_1'
Circuit sky130_fd_sc_hd__fill_1 contains 0 device instances.
Circuit contains 0 nets, and 4 disconnected pins.

Circuit sky130_fd_sc_hd__fill_1 contains no devices.

Contents of circuit 1:  Circuit: 'sky130_fd_sc_hd__tapvpwrvgnd_1'
Circuit sky130_fd_sc_hd__tapvpwrvgnd_1 contains 0 device instances.
Circuit contains 0 nets, and 2 disconnected pins.
Contents of circuit 2:  Circuit: 'sky130_fd_sc_hd__tapvpwrvgnd_1'
Circuit sky130_fd_sc_hd__tapvpwrvgnd_1 contains 0 device instances.
Circuit contains 0 nets, and 2 disconnected pins.

Circuit sky130_fd_sc_hd__tapvpwrvgnd_1 contains no devices.

Contents of circuit 1:  Circuit: 'sky130_fd_sc_hd__fill_4'
Circuit sky130_fd_sc_hd__fill_4 contains 0 device instances.
Circuit contains 0 nets, and 4 disconnected pins.
Contents of circuit 2:  Circuit: 'sky130_fd_sc_hd__fill_4'
Circuit sky130_fd_sc_hd__fill_4 contains 0 device instances.
Circuit contains 0 nets, and 4 disconnected pins.

Circuit sky130_fd_sc_hd__fill_4 contains no devices.

Contents of circuit 1:  Circuit: 'sky130_ef_sc_hd__decap_40_12'
Circuit sky130_ef_sc_hd__decap_40_12 contains 0 device instances.
Circuit contains 0 nets, and 4 disconnected pins.
Contents of circuit 2:  Circuit: 'sky130_ef_sc_hd__decap_40_12'
Circuit sky130_ef_sc_hd__decap_40_12 contains 2 device instances.
  Class: sky130_fd_pr__nfet_01v8 instances:   1
  Class: sky130_fd_pr__pfet_01v8_hvt instances:   1
Circuit contains 4 nets.

Circuit sky130_ef_sc_hd__decap_40_12 contains no devices.

Contents of circuit 1:  Circuit: 'sky130_fd_sc_hd__fill_2'
Circuit sky130_fd_sc_hd__fill_2 contains 0 device instances.
Circuit contains 0 nets, and 4 disconnected pins.
Contents of circuit 2:  Circuit: 'sky130_fd_sc_hd__fill_2'
Circuit sky130_fd_sc_hd__fill_2 contains 0 device instances.
Circuit contains 0 nets, and 4 disconnected pins.

Circuit sky130_fd_sc_hd__fill_2 contains no devices.

Contents of circuit 1:  Circuit: 'sky130_fd_sc_hd__conb_1'
Circuit sky130_fd_sc_hd__conb_1 contains 0 device instances.
Circuit contains 0 nets, and 6 disconnected pins.
Contents of circuit 2:  Circuit: 'sky130_fd_sc_hd__conb_1'
Circuit sky130_fd_sc_hd__conb_1 contains 2 device instances.
  Class: sky130_fd_pr__res_generic_po instances:   2
Circuit contains 4 nets, and 2 disconnected pins.

Circuit sky130_fd_sc_hd__conb_1 contains no devices.

Contents of circuit 1:  Circuit: 'sky130_fd_sc_hd__fill_8'
Circuit sky130_fd_sc_hd__fill_8 contains 0 device instances.
Circuit contains 0 nets, and 4 disconnected pins.
Contents of circuit 2:  Circuit: 'sky130_fd_sc_hd__fill_8'
Circuit sky130_fd_sc_hd__fill_8 contains 0 device instances.
Circuit contains 0 nets, and 4 disconnected pins.

Circuit sky130_fd_sc_hd__fill_8 contains no devices.

Contents of circuit 1:  Circuit: 'sky130_fd_sc_hd__diode_2'
Circuit sky130_fd_sc_hd__diode_2 contains 0 device instances.
Circuit contains 0 nets, and 5 disconnected pins.
Contents of circuit 2:  Circuit: 'sky130_fd_sc_hd__diode_2'
Circuit sky130_fd_sc_hd__diode_2 contains 1 device instances.
  Class: sky130_fd_pr__diode_pw2nd_05v5 instances:   1
Circuit contains 2 nets, and 3 disconnected pins.

Circuit sky130_fd_sc_hd__diode_2 contains no devices.

Contents of circuit 1:  Circuit: 'sky130_fd_sc_hd__buf_2'
Circuit sky130_fd_sc_hd__buf_2 contains 0 device instances.
Circuit contains 0 nets, and 6 disconnected pins.
Contents of circuit 2:  Circuit: 'sky130_fd_sc_hd__buf_2'
Circuit sky130_fd_sc_hd__buf_2 contains 6 device instances.
  Class: sky130_fd_pr__nfet_01v8 instances:   3
  Class: sky130_fd_pr__pfet_01v8_hvt instances:   3
Circuit contains 7 nets.

Circuit sky130_fd_sc_hd__buf_2 contains no devices.

Contents of circuit 1:  Circuit: 'sky130_fd_sc_hd__clkbuf_1'
Circuit sky130_fd_sc_hd__clkbuf_1 contains 0 device instances.
Circuit contains 0 nets, and 6 disconnected pins.
Contents of circuit 2:  Circuit: 'sky130_fd_sc_hd__clkbuf_1'
Circuit sky130_fd_sc_hd__clkbuf_1 contains 4 device instances.
  Class: sky130_fd_pr__nfet_01v8 instances:   2
  Class: sky130_fd_pr__pfet_01v8_hvt instances:   2
Circuit contains 7 nets.

Circuit sky130_fd_sc_hd__clkbuf_1 contains no devices.

Contents of circuit 1:  Circuit: 'sky130_fd_sc_hd__clkbuf_2'
Circuit sky130_fd_sc_hd__clkbuf_2 contains 0 device instances.
Circuit contains 0 nets, and 6 disconnected pins.
Contents of circuit 2:  Circuit: 'sky130_fd_sc_hd__clkbuf_2'
Circuit sky130_fd_sc_hd__clkbuf_2 contains 6 device instances.
  Class: sky130_fd_pr__nfet_01v8 instances:   3
  Class: sky130_fd_pr__pfet_01v8_hvt instances:   3
Circuit contains 7 nets.

Circuit sky130_fd_sc_hd__clkbuf_2 contains no devices.

Contents of circuit 1:  Circuit: 'sky130_fd_sc_hd__inv_2'
Circuit sky130_fd_sc_hd__inv_2 contains 0 device instances.
Circuit contains 0 nets, and 6 disconnected pins.
Contents of circuit 2:  Circuit: 'sky130_fd_sc_hd__inv_2'
Circuit sky130_fd_sc_hd__inv_2 contains 4 device instances.
  Class: sky130_fd_pr__nfet_01v8 instances:   2
  Class: sky130_fd_pr__pfet_01v8_hvt instances:   2
Circuit contains 6 nets.

Circuit sky130_fd_sc_hd__inv_2 contains no devices.

Contents of circuit 1:  Circuit: 'sky130_fd_sc_hd__buf_1'
Circuit sky130_fd_sc_hd__buf_1 contains 0 device instances.
Circuit contains 0 nets, and 6 disconnected pins.
Contents of circuit 2:  Circuit: 'sky130_fd_sc_hd__buf_1'
Circuit sky130_fd_sc_hd__buf_1 contains 4 device instances.
  Class: sky130_fd_pr__nfet_01v8 instances:   2
  Class: sky130_fd_pr__pfet_01v8_hvt instances:   2
Circuit contains 7 nets.

Circuit sky130_fd_sc_hd__buf_1 contains no devices.

Contents of circuit 1:  Circuit: 'edge_sensor_glue'
Circuit edge_sensor_glue contains 39245 device instances.
  Class: sky130_fd_sc_hd__buf_1 instances:   1
  Class: sky130_fd_sc_hd__buf_2 instances:  24
  Class: sky130_fd_sc_hd__inv_2 instances:   1
  Class: sky130_fd_sc_hd__clkbuf_1 instances:  21
  Class: sky130_fd_sc_hd__clkbuf_2 instances:   2
  Class: sky130_fd_sc_hd__conb_1 instances: 252
  Class: sky130_fd_sc_hd__decap_3 instances: 424
  Class: sky130_fd_sc_hd__diode_2 instances:   5
  Class: sky130_fd_sc_hd__tapvpwrvgnd_1 instances: 4815
  Class: sky130_fd_sc_hd__fill_1 instances: 5012
  Class: sky130_fd_sc_hd__fill_2 instances: 4637
  Class: sky130_fd_sc_hd__fill_4 instances: 4756
  Class: sky130_fd_sc_hd__fill_8 instances: 129
  Class: sky130_ef_sc_hd__decap_40_12 instances: 19166
Circuit contains 578 nets, and 363 disconnected pins.
Contents of circuit 2:  Circuit: 'edge_sensor_glue'
Circuit edge_sensor_glue contains 39245 device instances.
  Class: sky130_fd_sc_hd__buf_1 instances:   1
  Class: sky130_fd_sc_hd__buf_2 instances:  24
  Class: sky130_fd_sc_hd__inv_2 instances:   1
  Class: sky130_fd_sc_hd__clkbuf_1 instances:  21
  Class: sky130_fd_sc_hd__clkbuf_2 instances:   2
  Class: sky130_fd_sc_hd__conb_1 instances: 252
  Class: sky130_fd_sc_hd__decap_3 instances: 424
  Class: sky130_fd_sc_hd__diode_2 instances:   5
  Class: sky130_fd_sc_hd__tapvpwrvgnd_1 instances: 4815
  Class: sky130_fd_sc_hd__fill_1 instances: 5012
  Class: sky130_fd_sc_hd__fill_2 instances: 4637
  Class: sky130_fd_sc_hd__fill_4 instances: 4756
  Class: sky130_fd_sc_hd__fill_8 instances: 129
  Class: sky130_ef_sc_hd__decap_40_12 instances: 19166
Circuit contains 578 nets, and 363 disconnected pins.

Circuit was modified by parallel/series device merging.
New circuit summary:

Contents of circuit 1:  Circuit: 'edge_sensor_glue'
Circuit edge_sensor_glue contains 313 device instances.
  Class: sky130_fd_sc_hd__buf_1 instances:   1
  Class: sky130_fd_sc_hd__buf_2 instances:  24
  Class: sky130_fd_sc_hd__inv_2 instances:   1
  Class: sky130_fd_sc_hd__clkbuf_1 instances:  21
  Class: sky130_fd_sc_hd__clkbuf_2 instances:   2
  Class: sky130_fd_sc_hd__conb_1 instances: 252
  Class: sky130_fd_sc_hd__decap_3 instances:   1
  Class: sky130_fd_sc_hd__diode_2 instances:   5
  Class: sky130_fd_sc_hd__tapvpwrvgnd_1 instances:   1
  Class: sky130_fd_sc_hd__fill_1 instances:   1
  Class: sky130_fd_sc_hd__fill_2 instances:   1
  Class: sky130_fd_sc_hd__fill_4 instances:   1
  Class: sky130_fd_sc_hd__fill_8 instances:   1
  Class: sky130_ef_sc_hd__decap_40_12 instances:   1
Circuit contains 578 nets, and 363 disconnected pins.
Contents of circuit 2:  Circuit: 'edge_sensor_glue'
Circuit edge_sensor_glue contains 313 device instances.
  Class: sky130_fd_sc_hd__buf_1 instances:   1
  Class: sky130_fd_sc_hd__buf_2 instances:  24
  Class: sky130_fd_sc_hd__inv_2 instances:   1
  Class: sky130_fd_sc_hd__clkbuf_1 instances:  21
  Class: sky130_fd_sc_hd__clkbuf_2 instances:   2
  Class: sky130_fd_sc_hd__conb_1 instances: 252
  Class: sky130_fd_sc_hd__decap_3 instances:   1
  Class: sky130_fd_sc_hd__diode_2 instances:   5
  Class: sky130_fd_sc_hd__tapvpwrvgnd_1 instances:   1
  Class: sky130_fd_sc_hd__fill_1 instances:   1
  Class: sky130_fd_sc_hd__fill_2 instances:   1
  Class: sky130_fd_sc_hd__fill_4 instances:   1
  Class: sky130_fd_sc_hd__fill_8 instances:   1
  Class: sky130_ef_sc_hd__decap_40_12 instances:   1
Circuit contains 578 nets, and 363 disconnected pins.

Circuit 1 contains 313 devices, Circuit 2 contains 313 devices.
Circuit 1 contains 578 nets,    Circuit 2 contains 578 nets.


Final result: 
Circuits match uniquely.
.
Logging to file "/home/runner/work/vyges-edge-sensor-soc/vyges-edge-sensor-soc/openlane/edge_sensor_glue/runs/26_04_23_05_11/64-netgen-lvs/reports/lvs.netgen.rpt" disabled
LVS Done.
