Clock: clk
Sources: wb_clk_i 
Generated: no
Virtual: yes
Propagated: no
Period: 35.000000

===========================================================================
report_clock_properties
============================================================================
Clock                   Period          Waveform
----------------------------------------------------
clk                  35.000000    0.000000 17.500000

===========================================================================
report_clock_latency
============================================================================
Clock clk
rise -> rise
    min     max
4.650000 5.570000 source latency
9.037357         network latency u_spi_host/_4560_/CLK
        13.322363 network latency u_ibex/_562_/CLK
---------------
13.687357 18.892365 latency
        5.205006 skew

fall -> rise
    min     max
4.650000 5.570000 source latency
18.436016         network latency u_ibex/_576_/CLK
        19.387712 network latency u_ibex/_562_/CLK
---------------
23.086016 24.957712 latency
        1.871698 skew

fall -> fall
    min     max
4.650000 5.570000 source latency
8.269403         network latency u_spi_host/_4560_/CLK
        19.604702 network latency u_ibex/_562_/CLK
---------------
12.919403 25.174702 latency
        12.255300 skew



===========================================================================
report_clock_min_period
============================================================================
clk period_min = 36.37 fmax = 27.50
