
===========================================================================
 report_power
============================================================================
======================= min_ss_100C_1v60 Corner ===================================

Group                    Internal    Switching      Leakage        Total
                            Power        Power        Power        Power (Watts)
------------------------------------------------------------------------
Sequential           2.491278e-03 6.014577e-08 4.407078e-05 2.535409e-03  24.6%
Combinational        1.299207e-05 4.217223e-05 2.153294e-04 2.704937e-04   2.6%
Clock                1.561199e-03 1.504301e-03 8.606838e-06 3.074107e-03  29.8%
Macro                4.442269e-03 0.000000e+00 6.312701e-08 4.442332e-03  43.0%
Pad                  0.000000e+00 0.000000e+00 0.000000e+00 0.000000e+00   0.0%
------------------------------------------------------------------------
Total                8.507747e-03 1.546534e-03 2.680651e-04 1.032235e-02 100.0%
                            82.4%        15.0%         2.6%

