
===========================================================================
Violator List
============================================================================
[hold reg-reg] u_fft/_12914_/Q -> u_fft_bank1/DI[1] : -3.444241
[hold reg-reg] u_fft/_12914_/Q -> u_fft_bank0/DI[1] : -3.436391
[hold reg-reg] u_fft/_12937_/Q -> u_fft_bank1/DI[24] : -3.384759
[hold reg-reg] u_fft/_12939_/Q -> u_fft_bank1/DI[26] : -3.378597
[hold reg-reg] u_fft/_12937_/Q -> u_fft_bank0/DI[24] : -3.376263
[hold reg-reg] u_fft/_12939_/Q -> u_fft_bank0/DI[26] : -3.370019
[hold reg-reg] u_fft/_12919_/Q -> u_fft_bank1/DI[6] : -3.365347
[hold reg-reg] u_fft/_12919_/Q -> u_fft_bank0/DI[6] : -3.356799
[hold reg-reg] u_fft/_12920_/Q -> u_fft_bank1/DI[7] : -3.354373
[hold reg-reg] u_fft/_12920_/Q -> u_fft_bank0/DI[7] : -3.345882
[hold reg-reg] u_fft/_12918_/Q -> u_fft_bank1/DI[5] : -3.345221
[hold reg-reg] u_fft/_12940_/Q -> u_fft_bank1/DI[27] : -3.341176
[hold reg-reg] u_fft/_12918_/Q -> u_fft_bank0/DI[5] : -3.336750
[hold reg-reg] u_fft/_12934_/Q -> u_fft_bank1/DI[21] : -3.335593
[hold reg-reg] u_fft/_12940_/Q -> u_fft_bank0/DI[27] : -3.332700
[hold reg-reg] u_fft/_12921_/Q -> u_fft_bank1/DI[8] : -3.331573
[hold reg-reg] u_fft/_12934_/Q -> u_fft_bank0/DI[21] : -3.327687
[hold reg-reg] u_fft/_12921_/Q -> u_fft_bank0/DI[8] : -3.323079
[hold reg-reg] u_fft/_12936_/Q -> u_fft_bank1/DI[23] : -3.322194
[hold reg-reg] u_fft/_12935_/Q -> u_fft_bank1/DI[22] : -3.316625
[hold reg-reg] u_fft/_12936_/Q -> u_fft_bank0/DI[23] : -3.313870
[hold reg-reg] u_fft/_12935_/Q -> u_fft_bank0/DI[22] : -3.308173
[hold reg-reg] u_fft/_12917_/Q -> u_fft_bank1/DI[4] : -3.303649
[hold reg-reg] u_fft/_12917_/Q -> u_fft_bank0/DI[4] : -3.295220
[hold reg-reg] u_fft/_12923_/Q -> u_fft_bank1/DI[10] : -3.290658
[hold reg-reg] u_fft/_12923_/Q -> u_fft_bank0/DI[10] : -3.282336
[hold reg-reg] u_fft/_12932_/Q -> u_fft_bank1/DI[19] : -3.282279
[hold reg-reg] u_fft/_12932_/Q -> u_fft_bank0/DI[19] : -3.273703
[hold reg-reg] u_fft/_12924_/Q -> u_fft_bank1/DI[11] : -3.258284
[hold reg-reg] u_fft/_12941_/Q -> u_fft_bank1/DI[28] : -3.257657
[hold reg-reg] u_fft/_12924_/Q -> u_fft_bank0/DI[11] : -3.249996
[hold reg-reg] u_fft/_12941_/Q -> u_fft_bank0/DI[28] : -3.249331
[hold reg-reg] u_fft/_12916_/Q -> u_fft_bank1/DI[3] : -3.242660
[hold reg-reg] u_fft/_12938_/Q -> u_fft_bank1/DI[25] : -3.235913
[hold reg-reg] u_fft/_12916_/Q -> u_fft_bank0/DI[3] : -3.234213
[hold reg-reg] u_fft/_12925_/Q -> u_fft_bank1/DI[12] : -3.233763
[hold reg-reg] u_fft/_12938_/Q -> u_fft_bank0/DI[25] : -3.228283
[hold reg-reg] u_fft/_12926_/Q -> u_fft_bank1/DI[13] : -3.225827
[hold reg-reg] u_fft/_12925_/Q -> u_fft_bank0/DI[12] : -3.225637
[hold reg-reg] u_fft/_12930_/Q -> u_fft_bank1/DI[17] : -3.225171
[hold reg-reg] u_fft/_12933_/Q -> u_fft_bank1/DI[20] : -3.223580
[hold reg-reg] u_fft/_13300_/Q -> u_fft_bank1/R_WB : -3.223370
[hold reg-reg] u_fft/_12915_/Q -> u_fft_bank1/DI[2] : -3.219400
[hold reg-reg] u_fft/_12926_/Q -> u_fft_bank0/DI[13] : -3.217336
[hold reg-reg] u_fft/_12930_/Q -> u_fft_bank0/DI[17] : -3.217103
[hold reg-reg] u_fft/_13300_/Q -> u_fft_bank0/R_WB : -3.215981
[hold reg-reg] u_fft/_12933_/Q -> u_fft_bank0/DI[20] : -3.215426
[hold reg-reg] u_fft/_12931_/Q -> u_fft_bank1/DI[18] : -3.212332
[hold reg-reg] u_fft/_12915_/Q -> u_fft_bank0/DI[2] : -3.210939
[hold reg-reg] u_fft/_12931_/Q -> u_fft_bank0/DI[18] : -3.204114
[hold reg-reg] u_fft/_12942_/Q -> u_fft_bank1/DI[29] : -3.196851
[hold reg-reg] u_fft/_12942_/Q -> u_fft_bank0/DI[29] : -3.188376
[hold reg-reg] u_fft/_12922_/Q -> u_fft_bank1/DI[9] : -3.187841
[hold reg-reg] u_fft/_12929_/Q -> u_fft_bank1/DI[16] : -3.184223
[hold reg-reg] u_fft/_12922_/Q -> u_fft_bank0/DI[9] : -3.181073
[hold reg-reg] u_fft/_12929_/Q -> u_fft_bank0/DI[16] : -3.175725
[hold reg-reg] u_fft/_12928_/Q -> u_fft_bank1/DI[15] : -3.168781
[hold reg-reg] u_fft/_12944_/Q -> u_fft_bank1/DI[31] : -3.162540
[hold reg-reg] u_fft/_12928_/Q -> u_fft_bank0/DI[15] : -3.160830
[hold reg-reg] u_fft/_12943_/Q -> u_fft_bank1/DI[30] : -3.155433
[hold reg-reg] u_fft/_12944_/Q -> u_fft_bank0/DI[31] : -3.154092
[hold reg-reg] u_fft/_12943_/Q -> u_fft_bank0/DI[30] : -3.146969
[hold reg-reg] u_fft/_13306_/Q -> u_fft_bank1/AD[5] : -3.127280
[hold reg-reg] u_fft/_13306_/Q -> u_fft_bank0/AD[5] : -3.121139
[hold reg-reg] u_fft/_12927_/Q -> u_fft_bank1/DI[14] : -3.107392
[hold reg-reg] u_fft/_12927_/Q -> u_fft_bank0/DI[14] : -3.099530
[hold reg-reg] u_fft/_13309_/Q -> u_fft_bank1/AD[8] : -3.068015
[hold reg-reg] u_fft/_13309_/Q -> u_fft_bank0/AD[8] : -3.060659
[hold reg-reg] u_fft/_13310_/Q -> u_fft_bank1/AD[9] : -2.951582
[hold reg-reg] u_fft/_12913_/Q -> u_fft_bank1/DI[0] : -2.946759
[hold reg-reg] u_fft/_13310_/Q -> u_fft_bank0/AD[9] : -2.944354
[hold reg-reg] u_fft/_12913_/Q -> u_fft_bank0/DI[0] : -2.939054
[hold reg-reg] u_fft/_13304_/Q -> u_fft_bank1/AD[3] : -2.856035
[hold reg-reg] u_fft/_13304_/Q -> u_fft_bank0/AD[3] : -2.848818
[hold reg-reg] u_fft/_13307_/Q -> u_fft_bank1/AD[6] : -2.835804
[hold reg-reg] u_fft/_13307_/Q -> u_fft_bank0/AD[6] : -2.829154
[hold reg-reg] u_fft/_13303_/Q -> u_fft_bank1/AD[2] : -2.783201
[hold reg-reg] u_fft/_13302_/Q -> u_fft_bank1/AD[1] : -2.779308
[hold reg-reg] u_fft/_13305_/Q -> u_fft_bank1/AD[4] : -2.775670
[hold reg-reg] u_fft/_13303_/Q -> u_fft_bank0/AD[2] : -2.775059
[hold reg-reg] u_fft/_13302_/Q -> u_fft_bank0/AD[1] : -2.772920
[hold reg-reg] u_fft/_13305_/Q -> u_fft_bank0/AD[4] : -2.768996
[hold reg-reg] u_fft/_13308_/Q -> u_fft_bank1/AD[7] : -2.699162
[hold reg-reg] u_fft/_13301_/Q -> u_fft_bank1/AD[0] : -2.697837
[hold reg-reg] u_fft/_13308_/Q -> u_fft_bank0/AD[7] : -2.692950
[hold reg-reg] u_fft/_13301_/Q -> u_fft_bank0/AD[0] : -2.692547
[hold reg-reg] u_fft/_13314_/Q -> u_fft_bank0/EN : -2.647006
[hold reg-reg] u_fft/_13314_/Q -> u_fft_bank1/EN : -2.255579
[hold in-reg] wb_rst_i -> u_ibex/_578_/RESET_B : -0.131099
[hold in-reg] wb_rst_i -> u_ibex/_576_/RESET_B : -0.096335
[setup reg-out] u_uart/_7555_/Q -> user_irq[0] : -22.203602
[setup reg-reg] u_ibex/_578_/Q -> u_uart/_7386_/D : -0.840707
[setup reg-reg] u_uart/_7555_/Q -> u_plic/_2925_/D : -0.357190
[setup reg-reg] u_ibex/_578_/Q -> u_uart/_7394_/D : -0.335135
[setup reg-reg] u_uart/_7555_/Q -> u_plic/_2932_/D : -0.327191
[setup reg-reg] u_uart/_7555_/Q -> u_plic/_2916_/D : -0.308695
[setup reg-reg] u_uart/_7555_/Q -> u_plic/_2910_/D : -0.257558
[setup reg-reg] u_uart/_7555_/Q -> u_plic/_2914_/D : -0.249237
[setup reg-reg] u_ibex/_578_/Q -> u_uart/_7393_/D : -0.236234
[setup reg-reg] u_uart/_7555_/Q -> u_plic/_2938_/D : -0.190191
[setup reg-reg] u_uart/_7555_/Q -> u_plic/_2927_/D : -0.183768
[setup reg-reg] u_uart/_7555_/Q -> u_plic/_2941_/D : -0.180776
[setup reg-reg] u_uart/_7555_/Q -> u_plic/_2931_/D : -0.160142
[setup reg-reg] u_uart/_7555_/Q -> u_plic/_2930_/D : -0.134428
[setup reg-reg] u_uart/_7555_/Q -> u_plic/_2937_/D : -0.115264
[setup reg-reg] u_uart/_7555_/Q -> u_plic/_2922_/D : -0.109175
[setup reg-reg] u_uart/_7555_/Q -> u_plic/_2939_/D : -0.095717
[setup reg-reg] u_uart/_7555_/Q -> u_plic/_2935_/D : -0.093387
[setup reg-reg] u_uart/_7555_/Q -> u_plic/_2926_/D : -0.085819
[setup reg-reg] u_uart/_7555_/Q -> u_plic/_2940_/D : -0.054250
[setup reg-reg] u_uart/_7555_/Q -> u_plic/_2920_/D : -0.036977
[setup reg-reg] u_uart/_7555_/Q -> u_plic/_2924_/D : -0.005251
