Clock: clk_i
Sources: clk_i 
Generated: no
Virtual: yes
Propagated: no
Period: 25.000000

===========================================================================
report_clock_properties
============================================================================
Clock                   Period          Waveform
----------------------------------------------------
clk_i                25.000000    0.000000 12.500000

===========================================================================
report_clock_latency
============================================================================
Clock clk_i
rise -> rise
    min     max
0.000000 0.000000 source latency
1.484549         network latency _7059_/CLK
        2.203067 network latency _7194_/CLK
---------------
1.484549 2.203067 latency
        0.718518 skew

fall -> fall
    min     max
0.000000 0.000000 source latency
1.202446         network latency _7059_/CLK
        1.770962 network latency _7194_/CLK
---------------
1.202446 1.770962 latency
        0.568516 skew



===========================================================================
report_clock_min_period
============================================================================
clk_i period_min = 18.81 fmax = 53.15
