Clock: clk_i
Sources: clk_i 
Generated: no
Virtual: yes
Propagated: no
Period: 25.000000

===========================================================================
report_clock_properties
============================================================================
Clock                   Period          Waveform
----------------------------------------------------
clk_i                25.000000    0.000000 12.500000

===========================================================================
report_clock_latency
============================================================================
Clock clk_i
rise -> rise
    min     max
0.000000 0.000000 source latency
1.018766         network latency _7446_/CLK
        1.234410 network latency _8176_/CLK
---------------
1.018766 1.234410 latency
        0.215644 skew

fall -> fall
    min     max
0.000000 0.000000 source latency
0.825202         network latency _7446_/CLK
        1.025224 network latency _8176_/CLK
---------------
0.825202 1.025224 latency
        0.200022 skew



===========================================================================
report_clock_min_period
============================================================================
clk_i period_min = 13.61 fmax = 73.45
