
===========================================================================
report_checks -unconstrained
===========================================================================
======================= min_tt_025C_1v80 Corner ===================================

Startpoint: rst_ni (input port clocked by clk_i)
Endpoint: _3246_ (recovery check against rising-edge clock clk_i)
Path Group: asynchronous
Path Type: max

Fanout         Cap        Slew       Delay        Time   Description
---------------------------------------------------------------------------------------------
                                  0.000000    0.000000   clock clk_i (rise edge)
                                  0.000000    0.000000   clock network delay (propagated)
                                 10.000000   10.000000 ^ input external delay
     2    0.004322    0.026338    0.015620   10.015620 ^ rst_ni (in)
                                                         rst_ni (net)
                      0.026338    0.000000   10.015620 ^ input33/A (sky130_fd_sc_hd__clkbuf_2)
     5    0.040808    0.223191    0.222831   10.238451 ^ input33/X (sky130_fd_sc_hd__clkbuf_2)
                                                         net33 (net)
                      0.223203    0.001370   10.239820 ^ fanout531/A (sky130_fd_sc_hd__clkbuf_2)
     8    0.050910    0.276291    0.321589   10.561410 ^ fanout531/X (sky130_fd_sc_hd__clkbuf_2)
                                                         net531 (net)
                      0.276291    0.000797   10.562206 ^ fanout504/A (sky130_fd_sc_hd__clkbuf_2)
     7    0.050500    0.274494    0.333137   10.895344 ^ fanout504/X (sky130_fd_sc_hd__clkbuf_2)
                                                         net504 (net)
                      0.274495    0.000365   10.895709 ^ fanout503/A (sky130_fd_sc_hd__clkbuf_2)
     9    0.035053    0.193514    0.277231   11.172939 ^ fanout503/X (sky130_fd_sc_hd__clkbuf_2)
                                                         net503 (net)
                      0.193514    0.000124   11.173063 ^ fanout502/A (sky130_fd_sc_hd__buf_1)
     3    0.024206    0.286556    0.282188   11.455252 ^ fanout502/X (sky130_fd_sc_hd__buf_1)
                                                         net502 (net)
                      0.286556    0.000248   11.455499 ^ fanout501/A (sky130_fd_sc_hd__dlymetal6s2s_1)
     7    0.039502    0.394915    0.395319   11.850819 ^ fanout501/X (sky130_fd_sc_hd__dlymetal6s2s_1)
                                                         net501 (net)
                      0.394915    0.000234   11.851053 ^ fanout500/A (sky130_fd_sc_hd__dlymetal6s2s_1)
     4    0.025177    0.263527    0.314137   12.165190 ^ fanout500/X (sky130_fd_sc_hd__dlymetal6s2s_1)
                                                         net500 (net)
                      0.263527    0.000311   12.165501 ^ fanout499/A (sky130_fd_sc_hd__clkbuf_2)
     6    0.034106    0.188496    0.271248   12.436749 ^ fanout499/X (sky130_fd_sc_hd__clkbuf_2)
                                                         net499 (net)
                      0.188505    0.001494   12.438243 ^ _3246_/RESET_B (sky130_fd_sc_hd__dfrtp_2)
                                             12.438243   data arrival time

                                 50.000000   50.000000   clock clk_i (rise edge)
                                  0.000000   50.000000   clock source latency
     2    0.051434    0.235653    0.165581   50.165581 ^ clk_i (in)
                                                         clk_i (net)
                      0.235794    0.000000   50.165581 ^ clkbuf_0_clk_i/A (sky130_fd_sc_hd__clkbuf_16)
     9    0.103128    0.120488    0.249610   50.415192 ^ clkbuf_0_clk_i/X (sky130_fd_sc_hd__clkbuf_16)
                                                         clknet_0_clk_i (net)
                      0.121061    0.006690   50.421879 ^ clkbuf_2_3__f_clk_i/A (sky130_fd_sc_hd__clkbuf_16)
    25    0.119816    0.133370    0.226528   50.648407 ^ clkbuf_2_3__f_clk_i/X (sky130_fd_sc_hd__clkbuf_16)
                                                         clknet_2_3__leaf_clk_i (net)
                      0.133671    0.004484   50.652893 ^ clkbuf_leaf_25_clk_i/A (sky130_fd_sc_hd__clkbuf_8)
     5    0.018235    0.048894    0.161570   50.814461 ^ clkbuf_leaf_25_clk_i/X (sky130_fd_sc_hd__clkbuf_8)
                                                         clknet_leaf_25_clk_i (net)
                      0.048894    0.000131   50.814594 ^ _3246_/CLK (sky130_fd_sc_hd__dfrtp_2)
                                 -0.250000   50.564590   clock uncertainty
                                  0.000000   50.564590   clock reconvergence pessimism
                                  0.177586   50.742180   library recovery time
                                             50.742180   data required time
---------------------------------------------------------------------------------------------
                                             50.742180   data required time
                                            -12.438243   data arrival time
---------------------------------------------------------------------------------------------
                                             38.303936   slack (MET)


Startpoint: intr_src_i[0] (input port clocked by clk_i)
Endpoint: irq_o (output port clocked by clk_i)
Path Group: clk_i
Path Type: max

Fanout         Cap        Slew       Delay        Time   Description
---------------------------------------------------------------------------------------------
                                  0.000000    0.000000   clock clk_i (rise edge)
                                  0.000000    0.000000   clock network delay (propagated)
                                 10.000000   10.000000 ^ input external delay
     2    0.004637    0.027701    0.016648   10.016648 ^ intr_src_i[0] (in)
                                                         intr_src_i[0] (net)
                      0.027701    0.000000   10.016648 ^ input1/A (sky130_fd_sc_hd__buf_4)
     3    0.024170    0.076124    0.129721   10.146369 ^ input1/X (sky130_fd_sc_hd__buf_4)
                                                         net1 (net)
                      0.076194    0.001844   10.148213 ^ _1571_/B (sky130_fd_sc_hd__and2b_1)
     4    0.014954    0.142733    0.198654   10.346867 ^ _1571_/X (sky130_fd_sc_hd__and2b_1)
                                                         _1060_ (net)
                      0.142733    0.000249   10.347116 ^ _1572_/C1 (sky130_fd_sc_hd__o211a_1)
     3    0.013425    0.122493    0.223539   10.570654 ^ _1572_/X (sky130_fd_sc_hd__o211a_1)
                                                         _1061_ (net)
                      0.122493    0.000222   10.570876 ^ fanout251/A (sky130_fd_sc_hd__buf_6)
     6    0.040718    0.089049    0.159948   10.730824 ^ fanout251/X (sky130_fd_sc_hd__buf_6)
                                                         net251 (net)
                      0.089055    0.000852   10.731675 ^ _1599_/D1 (sky130_fd_sc_hd__o2111ai_4)
     1    0.009480    0.126626    0.111886   10.843561 v _1599_/Y (sky130_fd_sc_hd__o2111ai_4)
                                                         _1088_ (net)
                      0.126626    0.000123   10.843683 v _1602_/C (sky130_fd_sc_hd__nand3_4)
     4    0.026066    0.113380    0.154148   10.997831 ^ _1602_/Y (sky130_fd_sc_hd__nand3_4)
                                                         _1091_ (net)
                      0.113380    0.000103   10.997934 ^ _1605_/A (sky130_fd_sc_hd__nand3_4)
     6    0.024547    0.105253    0.116124   11.114058 v _1605_/Y (sky130_fd_sc_hd__nand3_4)
                                                         _1094_ (net)
                      0.105253    0.000458   11.114516 v _1609_/A1 (sky130_fd_sc_hd__a21o_1)
     1    0.008724    0.058282    0.202381   11.316898 v _1609_/X (sky130_fd_sc_hd__a21o_1)
                                                         _1098_ (net)
                      0.058282    0.000100   11.316998 v _1627_/B1 (sky130_fd_sc_hd__a22oi_4)
     3    0.015965    0.191917    0.171427   11.488425 ^ _1627_/Y (sky130_fd_sc_hd__a22oi_4)
                                                         _1116_ (net)
                      0.191918    0.000274   11.488700 ^ _1629_/A2 (sky130_fd_sc_hd__a21oi_2)
     1    0.004137    0.051906    0.082019   11.570719 v _1629_/Y (sky130_fd_sc_hd__a21oi_2)
                                                         _1118_ (net)
                      0.051906    0.000061   11.570780 v fanout210/A (sky130_fd_sc_hd__buf_4)
     3    0.018940    0.042613    0.154422   11.725203 v fanout210/X (sky130_fd_sc_hd__buf_4)
                                                         net210 (net)
                      0.042613    0.000132   11.725335 v fanout209/A (sky130_fd_sc_hd__buf_6)
     6    0.033248    0.042886    0.134889   11.860225 v fanout209/X (sky130_fd_sc_hd__buf_6)
                                                         net209 (net)
                      0.042894    0.000563   11.860787 v _1637_/A2 (sky130_fd_sc_hd__o211ai_4)
     1    0.010400    0.167651    0.172051   12.032838 ^ _1637_/Y (sky130_fd_sc_hd__o211ai_4)
                                                         _1126_ (net)
                      0.167651    0.000149   12.032988 ^ _1644_/A (sky130_fd_sc_hd__nand3_4)
     2    0.015399    0.087674    0.108842   12.141829 v _1644_/Y (sky130_fd_sc_hd__nand3_4)
                                                         _1133_ (net)
                      0.087674    0.000306   12.142136 v _1667_/B2 (sky130_fd_sc_hd__a2bb2oi_4)
     5    0.041179    0.300535    0.302489   12.444624 ^ _1667_/Y (sky130_fd_sc_hd__a2bb2oi_4)
                                                         _1156_ (net)
                      0.300537    0.000654   12.445278 ^ _1677_/B (sky130_fd_sc_hd__nand2_4)
     2    0.013898    0.069889    0.097406   12.542684 v _1677_/Y (sky130_fd_sc_hd__nand2_4)
                                                         _1166_ (net)
                      0.069889    0.000139   12.542823 v _1698_/A1 (sky130_fd_sc_hd__a221oi_4)
     3    0.026923    0.383147    0.426096   12.968919 ^ _1698_/Y (sky130_fd_sc_hd__a221oi_4)
                                                         _1187_ (net)
                      0.383147    0.000402   12.969321 ^ rebuffer1/A (sky130_fd_sc_hd__buf_6)
     1    0.009939    0.039841    0.159907   13.129228 ^ rebuffer1/X (sky130_fd_sc_hd__buf_6)
                                                         net540 (net)
                      0.039841    0.000090   13.129317 ^ _1702_/A1 (sky130_fd_sc_hd__o22ai_4)
     4    0.019872    0.102437    0.090391   13.219708 v _1702_/Y (sky130_fd_sc_hd__o22ai_4)
                                                         _1191_ (net)
                      0.102437    0.000322   13.220030 v _1711_/A2 (sky130_fd_sc_hd__a21oi_4)
     4    0.023377    0.204179    0.244526   13.464556 ^ _1711_/Y (sky130_fd_sc_hd__a21oi_4)
                                                         _1200_ (net)
                      0.204179    0.000237   13.464793 ^ _1727_/A2 (sky130_fd_sc_hd__o211ai_4)
     3    0.019857    0.123374    0.126516   13.591309 v _1727_/Y (sky130_fd_sc_hd__o211ai_4)
                                                         _1216_ (net)
                      0.123375    0.000340   13.591649 v _1729_/B1 (sky130_fd_sc_hd__o211a_1)
     1    0.008993    0.066283    0.185686   13.777335 v _1729_/X (sky130_fd_sc_hd__o211a_1)
                                                         _1218_ (net)
                      0.066283    0.000120   13.777455 v _1747_/A2 (sky130_fd_sc_hd__o21ai_4)
     6    0.037412    0.295261    0.270247   14.047702 ^ _1747_/Y (sky130_fd_sc_hd__o21ai_4)
                                                         _1236_ (net)
                      0.295267    0.001132   14.048835 ^ _1774_/B (sky130_fd_sc_hd__nand3_4)
     1    0.008213    0.080166    0.109031   14.157866 v _1774_/Y (sky130_fd_sc_hd__nand3_4)
                                                         _1263_ (net)
                      0.080166    0.000076   14.157942 v _1789_/A2 (sky130_fd_sc_hd__a32oi_4)
     3    0.023205    0.281812    0.317767   14.475709 ^ _1789_/Y (sky130_fd_sc_hd__a32oi_4)
                                                         _1278_ (net)
                      0.281812    0.000544   14.476254 ^ _1793_/A2 (sky130_fd_sc_hd__a21oi_2)
     1    0.002801    0.056208    0.089852   14.566105 v _1793_/Y (sky130_fd_sc_hd__a21oi_2)
                                                         _1282_ (net)
                      0.056208    0.000018   14.566123 v fanout206/A (sky130_fd_sc_hd__clkbuf_2)
     3    0.011616    0.052664    0.131040   14.697163 v fanout206/X (sky130_fd_sc_hd__clkbuf_2)
                                                         net206 (net)
                      0.052664    0.000147   14.697310 v fanout205/A (sky130_fd_sc_hd__buf_4)
     6    0.022096    0.045767    0.158275   14.855586 v fanout205/X (sky130_fd_sc_hd__buf_4)
                                                         net205 (net)
                      0.045767    0.000116   14.855702 v _1801_/A2 (sky130_fd_sc_hd__o211a_1)
     1    0.008280    0.064042    0.228909   15.084611 v _1801_/X (sky130_fd_sc_hd__o211a_1)
                                                         _1290_ (net)
                      0.064042    0.000076   15.084687 v _1811_/A2 (sky130_fd_sc_hd__o21ai_4)
     3    0.015003    0.158887    0.167002   15.251690 ^ _1811_/Y (sky130_fd_sc_hd__o21ai_4)
                                                         _1300_ (net)
                      0.158887    0.000213   15.251904 ^ fanout201/A (sky130_fd_sc_hd__buf_6)
     6    0.037125    0.082781    0.162974   15.414877 ^ fanout201/X (sky130_fd_sc_hd__buf_6)
                                                         net201 (net)
                      0.082782    0.000442   15.415319 ^ _1828_/A1 (sky130_fd_sc_hd__a31oi_4)
     2    0.013374    0.089839    0.098325   15.513644 v _1828_/Y (sky130_fd_sc_hd__a31oi_4)
                                                         _1317_ (net)
                      0.089839    0.000126   15.513770 v _1830_/A2_N (sky130_fd_sc_hd__o2bb2ai_2)
     1    0.010148    0.057411    0.153388   15.667159 v _1830_/Y (sky130_fd_sc_hd__o2bb2ai_2)
                                                         _1319_ (net)
                      0.057411    0.000190   15.667349 v _1831_/B1 (sky130_fd_sc_hd__a31oi_4)
     5    0.026942    0.259127    0.248278   15.915627 ^ _1831_/Y (sky130_fd_sc_hd__a31oi_4)
                                                         _1320_ (net)
                      0.259127    0.000457   15.916083 ^ _1845_/B1 (sky130_fd_sc_hd__o22ai_4)
     2    0.012273    0.087428    0.128457   16.044540 v _1845_/Y (sky130_fd_sc_hd__o22ai_4)
                                                         _1334_ (net)
                      0.087428    0.000151   16.044691 v _1858_/B2 (sky130_fd_sc_hd__a22oi_4)
     3    0.026626    0.254353    0.257341   16.302032 ^ _1858_/Y (sky130_fd_sc_hd__a22oi_4)
                                                         _1347_ (net)
                      0.254353    0.000238   16.302271 ^ _1859_/B1 (sky130_fd_sc_hd__o21ai_4)
     2    0.013069    0.081245    0.109010   16.411280 v _1859_/Y (sky130_fd_sc_hd__o21ai_4)
                                                         _1348_ (net)
                      0.081245    0.000167   16.411448 v fanout195/A (sky130_fd_sc_hd__buf_6)
     6    0.032783    0.042518    0.152131   16.563578 v fanout195/X (sky130_fd_sc_hd__buf_6)
                                                         net195 (net)
                      0.042520    0.000322   16.563900 v _1878_/C1 (sky130_fd_sc_hd__o211ai_4)
     5    0.026910    0.266276    0.116199   16.680098 ^ _1878_/Y (sky130_fd_sc_hd__o211ai_4)
                                                         _1367_ (net)
                      0.266276    0.000654   16.680752 ^ _1881_/B1 (sky130_fd_sc_hd__o211ai_2)
     1    0.008919    0.105231    0.160950   16.841702 v _1881_/Y (sky130_fd_sc_hd__o211ai_2)
                                                         _1370_ (net)
                      0.105231    0.000085   16.841787 v _1888_/A (sky130_fd_sc_hd__nand3_4)
     2    0.020041    0.099972    0.107740   16.949526 ^ _1888_/Y (sky130_fd_sc_hd__nand3_4)
                                                         _1377_ (net)
                      0.099972    0.000199   16.949726 ^ _1906_/B2 (sky130_fd_sc_hd__a2bb2oi_4)
     2    0.012600    0.070652    0.072587   17.022312 v _1906_/Y (sky130_fd_sc_hd__a2bb2oi_4)
                                                         _1395_ (net)
                      0.070652    0.000096   17.022409 v fanout191/A (sky130_fd_sc_hd__buf_6)
     6    0.019976    0.033344    0.137721   17.160130 v fanout191/X (sky130_fd_sc_hd__buf_6)
                                                         net191 (net)
                      0.033344    0.000185   17.160315 v _1913_/A2 (sky130_fd_sc_hd__o211a_1)
     1    0.008104    0.063253    0.223471   17.383785 v _1913_/X (sky130_fd_sc_hd__o211a_1)
                                                         _1402_ (net)
                      0.063253    0.000071   17.383856 v _1923_/A2 (sky130_fd_sc_hd__o21ai_4)
     2    0.017017    0.170544    0.175966   17.559822 ^ _1923_/Y (sky130_fd_sc_hd__o21ai_4)
                                                         _1412_ (net)
                      0.170544    0.000243   17.560066 ^ fanout190/A (sky130_fd_sc_hd__buf_8)
     6    0.042066    0.078392    0.159474   17.719540 ^ fanout190/X (sky130_fd_sc_hd__buf_8)
                                                         net190 (net)
                      0.078401    0.000874   17.720413 ^ _1953_/A1 (sky130_fd_sc_hd__a31oi_4)
     2    0.011072    0.098631    0.091404   17.811819 v _1953_/Y (sky130_fd_sc_hd__a31oi_4)
                                                         _1442_ (net)
                      0.098631    0.000083   17.811901 v _1954_/B1 (sky130_fd_sc_hd__a22oi_4)
     2    0.021034    0.221677    0.210910   18.022812 ^ _1954_/Y (sky130_fd_sc_hd__a22oi_4)
                                                         _1443_ (net)
                      0.221677    0.000220   18.023033 ^ _1956_/A (sky130_fd_sc_hd__nand2_4)
     6    0.033102    0.104184    0.126903   18.149935 v _1956_/Y (sky130_fd_sc_hd__nand2_4)
                                                         _1445_ (net)
                      0.104184    0.000373   18.150309 v _1978_/A2_N (sky130_fd_sc_hd__o2bb2ai_4)
     1    0.010827    0.062516    0.148770   18.299078 v _1978_/Y (sky130_fd_sc_hd__o2bb2ai_4)
                                                         _1467_ (net)
                      0.062516    0.000227   18.299305 v _1993_/B2 (sky130_fd_sc_hd__a22oi_4)
     3    0.025761    0.249205    0.243857   18.543161 ^ _1993_/Y (sky130_fd_sc_hd__a22oi_4)
                                                         _1482_ (net)
                      0.249205    0.000318   18.543480 ^ _2000_/B2 (sky130_fd_sc_hd__a22oi_4)
     2    0.010639    0.073311    0.090376   18.633856 v _2000_/Y (sky130_fd_sc_hd__a22oi_4)
                                                         _1489_ (net)
                      0.073311    0.000188   18.634045 v fanout186/A (sky130_fd_sc_hd__buf_6)
     6    0.031740    0.041701    0.147745   18.781790 v fanout186/X (sky130_fd_sc_hd__buf_6)
                                                         net186 (net)
                      0.041701    0.000261   18.782051 v _2020_/A2 (sky130_fd_sc_hd__o211ai_4)
     3    0.021046    0.231833    0.222094   19.004145 ^ _2020_/Y (sky130_fd_sc_hd__o211ai_4)
                                                         _1509_ (net)
                      0.231833    0.000378   19.004522 ^ _2022_/B1 (sky130_fd_sc_hd__o21ai_4)
     2    0.016457    0.082984    0.112390   19.116913 v _2022_/Y (sky130_fd_sc_hd__o21ai_4)
                                                         _0163_ (net)
                      0.082985    0.000382   19.117294 v _2023_/B1 (sky130_fd_sc_hd__a21oi_4)
     4    0.019899    0.182785    0.188514   19.305809 ^ _2023_/Y (sky130_fd_sc_hd__a21oi_4)
                                                         _0164_ (net)
                      0.182785    0.000314   19.306124 ^ _2057_/B2 (sky130_fd_sc_hd__o22ai_4)
     2    0.012271    0.079874    0.102277   19.408401 v _2057_/Y (sky130_fd_sc_hd__o22ai_4)
                                                         _0198_ (net)
                      0.079874    0.000174   19.408575 v _2067_/A2 (sky130_fd_sc_hd__a31oi_4)
     3    0.024656    0.244586    0.260924   19.669498 ^ _2067_/Y (sky130_fd_sc_hd__a31oi_4)
                                                         _0208_ (net)
                      0.244586    0.000488   19.669987 ^ _2068_/A (sky130_fd_sc_hd__nand2_4)
     6    0.041704    0.125418    0.149715   19.819702 v _2068_/Y (sky130_fd_sc_hd__nand2_4)
                                                         _0209_ (net)
                      0.125466    0.001135   19.820837 v _2075_/A2_N (sky130_fd_sc_hd__o2bb2ai_4)
     2    0.012099    0.062713    0.160375   19.981213 v _2075_/Y (sky130_fd_sc_hd__o2bb2ai_4)
                                                         _0216_ (net)
                      0.062714    0.000172   19.981384 v _2087_/A3 (sky130_fd_sc_hd__a31oi_4)
     3    0.025932    0.252742    0.279528   20.260912 ^ _2087_/Y (sky130_fd_sc_hd__a31oi_4)
                                                         _0228_ (net)
                      0.252742    0.000355   20.261267 ^ _2091_/A2 (sky130_fd_sc_hd__a21boi_4)
     2    0.012769    0.068911    0.102890   20.364157 v _2091_/Y (sky130_fd_sc_hd__a21boi_4)
                                                         _0232_ (net)
                      0.068911    0.000226   20.364384 v fanout184/A (sky130_fd_sc_hd__buf_6)
     4    0.015035    0.029386    0.131431   20.495813 v fanout184/X (sky130_fd_sc_hd__buf_6)
                                                         net184 (net)
                      0.029386    0.000165   20.495979 v _2099_/A2 (sky130_fd_sc_hd__o211a_1)
     1    0.009019    0.066668    0.226800   20.722778 v _2099_/X (sky130_fd_sc_hd__o211a_1)
                                                         _0240_ (net)
                      0.066668    0.000080   20.722858 v _2113_/A1 (sky130_fd_sc_hd__o21ai_4)
     2    0.012023    0.141264    0.176790   20.899649 ^ _2113_/Y (sky130_fd_sc_hd__o21ai_4)
                                                         _0254_ (net)
                      0.141264    0.000135   20.899784 ^ fanout182/A (sky130_fd_sc_hd__buf_6)
     6    0.037171    0.082696    0.159105   21.058889 ^ fanout182/X (sky130_fd_sc_hd__buf_6)
                                                         net182 (net)
                      0.082701    0.000750   21.059639 ^ _2133_/A1 (sky130_fd_sc_hd__a31oi_4)
     2    0.018984    0.109135    0.111665   21.171303 v _2133_/Y (sky130_fd_sc_hd__a31oi_4)
                                                         _0274_ (net)
                      0.109135    0.000288   21.171591 v _2139_/A2_N (sky130_fd_sc_hd__o2bb2ai_4)
     2    0.013895    0.073757    0.156495   21.328087 v _2139_/Y (sky130_fd_sc_hd__o2bb2ai_4)
                                                         _0280_ (net)
                      0.073758    0.000163   21.328251 v _2140_/B1 (sky130_fd_sc_hd__a21oi_4)
     2    0.008633    0.115825    0.132301   21.460552 ^ _2140_/Y (sky130_fd_sc_hd__a21oi_4)
                                                         _0281_ (net)
                      0.115825    0.000121   21.460672 ^ _2161_/B1 (sky130_fd_sc_hd__o22ai_2)
     1    0.013509    0.089838    0.119877   21.580549 v _2161_/Y (sky130_fd_sc_hd__o22ai_2)
                                                         _0302_ (net)
                      0.089838    0.000439   21.580988 v _2172_/A2 (sky130_fd_sc_hd__a32oi_4)
     3    0.024037    0.287255    0.326528   21.907516 ^ _2172_/Y (sky130_fd_sc_hd__a32oi_4)
                                                         _0313_ (net)
                      0.287255    0.000101   21.907618 ^ _2173_/B1 (sky130_fd_sc_hd__o21ai_4)
     2    0.011777    0.084431    0.111299   22.018917 v _2173_/Y (sky130_fd_sc_hd__o21ai_4)
                                                         _0314_ (net)
                      0.084431    0.000144   22.019060 v fanout179/A (sky130_fd_sc_hd__buf_6)
     6    0.024623    0.036533    0.147530   22.166592 v fanout179/X (sky130_fd_sc_hd__buf_6)
                                                         net179 (net)
                      0.036533    0.000098   22.166689 v _2178_/A2_N (sky130_fd_sc_hd__o2bb2ai_2)
     2    0.016762    0.084755    0.148363   22.315052 v _2178_/Y (sky130_fd_sc_hd__o2bb2ai_2)
                                                         _0319_ (net)
                      0.084755    0.000355   22.315407 v _2191_/B1 (sky130_fd_sc_hd__a22oi_4)
     2    0.020351    0.217453    0.202405   22.517813 ^ _2191_/Y (sky130_fd_sc_hd__a22oi_4)
                                                         _0332_ (net)
                      0.217453    0.000110   22.517921 ^ _2192_/B1 (sky130_fd_sc_hd__o21ai_4)
     2    0.011813    0.072979    0.099456   22.617378 v _2192_/Y (sky130_fd_sc_hd__o21ai_4)
                                                         _0333_ (net)
                      0.072979    0.000218   22.617598 v fanout176/A (sky130_fd_sc_hd__buf_6)
     3    0.015629    0.029905    0.133975   22.751572 v fanout176/X (sky130_fd_sc_hd__buf_6)
                                                         net176 (net)
                      0.029906    0.000174   22.751745 v _2203_/A2_N (sky130_fd_sc_hd__o2bb2ai_2)
     2    0.012725    0.065755    0.134278   22.886024 v _2203_/Y (sky130_fd_sc_hd__o2bb2ai_2)
                                                         _0344_ (net)
                      0.065755    0.000261   22.886286 v _2217_/B1 (sky130_fd_sc_hd__a22oi_4)
     2    0.020477    0.218303    0.195605   23.081890 ^ _2217_/Y (sky130_fd_sc_hd__a22oi_4)
                                                         _0358_ (net)
                      0.218303    0.000217   23.082108 ^ _2227_/A2 (sky130_fd_sc_hd__a21oi_4)
     3    0.014581    0.065822    0.101352   23.183460 v _2227_/Y (sky130_fd_sc_hd__a21oi_4)
                                                         _0368_ (net)
                      0.065822    0.000165   23.183624 v fanout171/A (sky130_fd_sc_hd__buf_6)
     6    0.028819    0.039536    0.142091   23.325716 v fanout171/X (sky130_fd_sc_hd__buf_6)
                                                         net171 (net)
                      0.039537    0.000231   23.325947 v _2229_/B1 (sky130_fd_sc_hd__o22ai_4)
     4    0.032191    0.295466    0.241879   23.567825 ^ _2229_/Y (sky130_fd_sc_hd__o22ai_4)
                                                         _0370_ (net)
                      0.295469    0.000668   23.568493 ^ _2235_/A (sky130_fd_sc_hd__nand3_4)
     3    0.022232    0.149291    0.154865   23.723358 v _2235_/Y (sky130_fd_sc_hd__nand3_4)
                                                         _0376_ (net)
                      0.149291    0.000281   23.723639 v _2251_/B1 (sky130_fd_sc_hd__a22oi_4)
     6    0.035795    0.309633    0.299675   24.023314 ^ _2251_/Y (sky130_fd_sc_hd__a22oi_4)
                                                         _0392_ (net)
                      0.309637    0.000854   24.024168 ^ _2258_/B2 (sky130_fd_sc_hd__o22ai_4)
     3    0.027815    0.126129    0.165848   24.190016 v _2258_/Y (sky130_fd_sc_hd__o22ai_4)
                                                         _0399_ (net)
                      0.126129    0.000410   24.190426 v _2259_/B (sky130_fd_sc_hd__nand2_2)
     1    0.009419    0.071754    0.116824   24.307251 ^ _2259_/Y (sky130_fd_sc_hd__nand2_2)
                                                         _0400_ (net)
                      0.071754    0.000098   24.307348 ^ _2271_/A1 (sky130_fd_sc_hd__a21oi_4)
     2    0.010082    0.082577    0.059703   24.367052 v _2271_/Y (sky130_fd_sc_hd__a21oi_4)
                                                         _0412_ (net)
                      0.082577    0.000098   24.367149 v fanout170/A (sky130_fd_sc_hd__buf_6)
     6    0.028444    0.039268    0.149482   24.516632 v fanout170/X (sky130_fd_sc_hd__buf_6)
                                                         net170 (net)
                      0.039275    0.000506   24.517138 v _2307_/B2 (sky130_fd_sc_hd__o22ai_4)
     4    0.029633    0.279411    0.206272   24.723410 ^ _2307_/Y (sky130_fd_sc_hd__o22ai_4)
                                                         _0448_ (net)
                      0.279412    0.000460   24.723869 ^ _2323_/A1 (sky130_fd_sc_hd__a31oi_4)
     2    0.012506    0.110250    0.148289   24.872158 v _2323_/Y (sky130_fd_sc_hd__a31oi_4)
                                                         _0464_ (net)
                      0.110250    0.000131   24.872290 v _2329_/A2 (sky130_fd_sc_hd__a21oi_4)
     5    0.035409    0.278739    0.303229   25.175520 ^ _2329_/Y (sky130_fd_sc_hd__a21oi_4)
                                                         _0470_ (net)
                      0.278739    0.000220   25.175739 ^ _2339_/A2 (sky130_fd_sc_hd__o211ai_2)
     1    0.010359    0.101958    0.139906   25.315645 v _2339_/Y (sky130_fd_sc_hd__o211ai_2)
                                                         _0480_ (net)
                      0.101958    0.000190   25.315836 v _2340_/A (sky130_fd_sc_hd__nand3_4)
     2    0.014795    0.084332    0.096218   25.412054 ^ _2340_/Y (sky130_fd_sc_hd__nand3_4)
                                                         _0481_ (net)
                      0.084332    0.000110   25.412165 ^ _2348_/B2 (sky130_fd_sc_hd__a22oi_4)
     2    0.012148    0.077842    0.067592   25.479755 v _2348_/Y (sky130_fd_sc_hd__a22oi_4)
                                                         _0489_ (net)
                      0.077842    0.000069   25.479826 v fanout169/A (sky130_fd_sc_hd__buf_6)
     4    0.018576    0.032680    0.139377   25.619202 v fanout169/X (sky130_fd_sc_hd__buf_6)
                                                         net169 (net)
                      0.032682    0.000298   25.619499 v _2354_/B2 (sky130_fd_sc_hd__o22ai_4)
     3    0.032445    0.296956    0.216991   25.836491 ^ _2354_/Y (sky130_fd_sc_hd__o22ai_4)
                                                         _0495_ (net)
                      0.296958    0.000515   25.837006 ^ _2361_/A1 (sky130_fd_sc_hd__o21ai_4)
     4    0.021100    0.087109    0.130788   25.967794 v _2361_/Y (sky130_fd_sc_hd__o21ai_4)
                                                         _0502_ (net)
                      0.087109    0.000220   25.968014 v _2365_/B1 (sky130_fd_sc_hd__o22ai_4)
     5    0.038228    0.333627    0.288514   26.256529 ^ _2365_/Y (sky130_fd_sc_hd__o22ai_4)
                                                         _0506_ (net)
                      0.333627    0.000320   26.256847 ^ _2366_/B1 (sky130_fd_sc_hd__o21ai_4)
     2    0.013784    0.094311    0.119945   26.376793 v _2366_/Y (sky130_fd_sc_hd__o21ai_4)
                                                         _0507_ (net)
                      0.094311    0.000265   26.377058 v _2370_/A1 (sky130_fd_sc_hd__a32oi_4)
     3    0.026135    0.300879    0.291612   26.668671 ^ _2370_/Y (sky130_fd_sc_hd__a32oi_4)
                                                         _0511_ (net)
                      0.300880    0.000318   26.668987 ^ _2388_/B2 (sky130_fd_sc_hd__a22oi_4)
     5    0.024856    0.104073    0.129308   26.798296 v _2388_/Y (sky130_fd_sc_hd__a22oi_4)
                                                         _0529_ (net)
                      0.104073    0.000401   26.798697 v _2396_/A2 (sky130_fd_sc_hd__o21ai_4)
     5    0.043377    0.331677    0.312479   27.111176 ^ _2396_/Y (sky130_fd_sc_hd__o21ai_4)
                                                         _0537_ (net)
                      0.331679    0.000655   27.111832 ^ _2402_/A2 (sky130_fd_sc_hd__o21ai_4)
     3    0.020991    0.087827    0.118083   27.229916 v _2402_/Y (sky130_fd_sc_hd__o21ai_4)
                                                         _0543_ (net)
                      0.087827    0.000146   27.230061 v _2413_/B1 (sky130_fd_sc_hd__o22ai_4)
     2    0.012294    0.172823    0.165580   27.395639 ^ _2413_/Y (sky130_fd_sc_hd__o22ai_4)
                                                         _0554_ (net)
                      0.172823    0.000085   27.395725 ^ fanout166/A (sky130_fd_sc_hd__buf_6)
     6    0.039905    0.088042    0.169818   27.565544 ^ fanout166/X (sky130_fd_sc_hd__buf_6)
                                                         net166 (net)
                      0.088042    0.000361   27.565905 ^ _2416_/B (sky130_fd_sc_hd__nand2_4)
     3    0.016909    0.094953    0.071440   27.637344 v _2416_/Y (sky130_fd_sc_hd__nand2_4)
                                                         _0557_ (net)
                      0.094953    0.000178   27.637522 v _2444_/A3 (sky130_fd_sc_hd__a32oi_2)
     1    0.005982    0.170351    0.238702   27.876223 ^ _2444_/Y (sky130_fd_sc_hd__a32oi_2)
                                                         _0585_ (net)
                      0.170351    0.000083   27.876307 ^ _2451_/B2 (sky130_fd_sc_hd__o22ai_2)
     2    0.013971    0.091255    0.120767   27.997074 v _2451_/Y (sky130_fd_sc_hd__o22ai_2)
                                                         _0592_ (net)
                      0.091255    0.000240   27.997314 v _2459_/A1 (sky130_fd_sc_hd__a211oi_4)
     5    0.029677    0.387848    0.395170   28.392485 ^ _2459_/Y (sky130_fd_sc_hd__a211oi_4)
                                                         _0600_ (net)
                      0.387849    0.000597   28.393080 ^ _2477_/A (sky130_fd_sc_hd__nand3_4)
     2    0.022057    0.142597    0.165755   28.558836 v _2477_/Y (sky130_fd_sc_hd__nand3_4)
                                                         net91 (net)
                      0.142601    0.000904   28.559740 v fanout160/A (sky130_fd_sc_hd__buf_8)
     7    0.051042    0.049730    0.190242   28.749983 v fanout160/X (sky130_fd_sc_hd__buf_8)
                                                         net160 (net)
                      0.049753    0.000954   28.750937 v output91/A (sky130_fd_sc_hd__buf_6)
     1    0.034044    0.043406    0.138719   28.889656 v output91/X (sky130_fd_sc_hd__buf_6)
                                                         irq_o (net)
                      0.043406    0.000178   28.889833 v irq_o (out)
                                             28.889833   data arrival time

                                 50.000000   50.000000   clock clk_i (rise edge)
                                  0.000000   50.000000   clock network delay (propagated)
                                 -0.250000   49.749996   clock uncertainty
                                  0.000000   49.749996   clock reconvergence pessimism
                                -10.000000   39.749996   output external delay
                                             39.749996   data required time
---------------------------------------------------------------------------------------------
                                             39.749996   data required time
                                            -28.889833   data arrival time
---------------------------------------------------------------------------------------------
                                             10.860163   slack (MET)




===========================================================================
report_checks --slack_max -0.01
============================================================================
======================= min_tt_025C_1v80 Corner ===================================

No paths found.


===========================================================================
 report_check_types -max_slew -max_cap -max_fanout -violators
============================================================================
======================= min_tt_025C_1v80 Corner ===================================

max fanout

Pin                                   Limit Fanout  Slack
---------------------------------------------------------
clkbuf_2_1__f_clk_i/X                     6     25    -19 (VIOLATED)
clkbuf_2_3__f_clk_i/X                     6     25    -19 (VIOLATED)
clkbuf_2_2__f_clk_i/X                     6     21    -15 (VIOLATED)
clkbuf_2_0__f_clk_i/X                     6     19    -13 (VIOLATED)
fanout444/X                               6     15     -9 (VIOLATED)
_2483_/X                                  6     13     -7 (VIOLATED)
_2866_/Y                                  6     13     -7 (VIOLATED)
_3149_/Q                                  6     13     -7 (VIOLATED)
_3206_/Q                                  6     13     -7 (VIOLATED)
_3218_/Q                                  6     13     -7 (VIOLATED)
_3239_/Q                                  6     13     -7 (VIOLATED)
_3244_/Q                                  6     13     -7 (VIOLATED)
_3249_/Q                                  6     13     -7 (VIOLATED)
fanout156/X                               6     13     -7 (VIOLATED)
fanout219/X                               6     13     -7 (VIOLATED)
fanout221/X                               6     13     -7 (VIOLATED)
fanout222/X                               6     13     -7 (VIOLATED)
fanout223/X                               6     13     -7 (VIOLATED)
fanout244/X                               6     13     -7 (VIOLATED)
fanout246/X                               6     13     -7 (VIOLATED)
fanout259/X                               6     13     -7 (VIOLATED)
fanout263/X                               6     13     -7 (VIOLATED)
fanout272/X                               6     13     -7 (VIOLATED)
fanout273/X                               6     13     -7 (VIOLATED)
fanout279/X                               6     13     -7 (VIOLATED)
fanout280/X                               6     13     -7 (VIOLATED)
fanout281/X                               6     13     -7 (VIOLATED)
fanout288/X                               6     13     -7 (VIOLATED)
fanout293/X                               6     13     -7 (VIOLATED)
fanout297/X                               6     13     -7 (VIOLATED)
fanout304/X                               6     13     -7 (VIOLATED)
fanout310/X                               6     13     -7 (VIOLATED)
fanout319/X                               6     13     -7 (VIOLATED)
fanout341/X                               6     13     -7 (VIOLATED)
fanout356/X                               6     13     -7 (VIOLATED)
fanout359/X                               6     13     -7 (VIOLATED)
fanout370/X                               6     13     -7 (VIOLATED)
fanout388/X                               6     13     -7 (VIOLATED)
fanout391/X                               6     13     -7 (VIOLATED)
fanout393/X                               6     13     -7 (VIOLATED)
fanout395/X                               6     13     -7 (VIOLATED)
fanout397/X                               6     13     -7 (VIOLATED)
fanout399/X                               6     13     -7 (VIOLATED)
fanout400/X                               6     13     -7 (VIOLATED)
fanout443/X                               6     13     -7 (VIOLATED)
fanout452/X                               6     13     -7 (VIOLATED)
fanout453/X                               6     13     -7 (VIOLATED)
fanout455/X                               6     13     -7 (VIOLATED)
fanout457/X                               6     13     -7 (VIOLATED)
fanout461/X                               6     13     -7 (VIOLATED)
fanout462/X                               6     13     -7 (VIOLATED)
fanout464/X                               6     13     -7 (VIOLATED)
fanout480/X                               6     13     -7 (VIOLATED)
fanout483/X                               6     13     -7 (VIOLATED)
fanout491/X                               6     13     -7 (VIOLATED)
fanout493/X                               6     13     -7 (VIOLATED)
fanout494/X                               6     13     -7 (VIOLATED)
fanout515/X                               6     13     -7 (VIOLATED)
hold176/X                                 6     13     -7 (VIOLATED)
hold182/X                                 6     13     -7 (VIOLATED)
hold186/X                                 6     13     -7 (VIOLATED)
hold192/X                                 6     13     -7 (VIOLATED)
hold214/X                                 6     13     -7 (VIOLATED)
hold216/X                                 6     13     -7 (VIOLATED)
hold220/X                                 6     13     -7 (VIOLATED)
hold398/X                                 6     13     -7 (VIOLATED)
hold421/X                                 6     13     -7 (VIOLATED)
hold424/X                                 6     13     -7 (VIOLATED)
hold436/X                                 6     13     -7 (VIOLATED)
hold457/X                                 6     13     -7 (VIOLATED)
hold460/X                                 6     13     -7 (VIOLATED)
hold466/X                                 6     13     -7 (VIOLATED)
hold516/X                                 6     13     -7 (VIOLATED)
input37/X                                 6     13     -7 (VIOLATED)
clkbuf_leaf_35_clk_i/X                    6     11     -5 (VIOLATED)
fanout220/X                               6     11     -5 (VIOLATED)
fanout242/X                               6     11     -5 (VIOLATED)
fanout245/X                               6     11     -5 (VIOLATED)
fanout258/X                               6     11     -5 (VIOLATED)
fanout262/X                               6     11     -5 (VIOLATED)
fanout396/X                               6     11     -5 (VIOLATED)
fanout401/X                               6     11     -5 (VIOLATED)
fanout406/X                               6     11     -5 (VIOLATED)
fanout420/X                               6     11     -5 (VIOLATED)
fanout447/X                               6     11     -5 (VIOLATED)
hold162/X                                 6     11     -5 (VIOLATED)
hold166/X                                 6     11     -5 (VIOLATED)
hold174/X                                 6     11     -5 (VIOLATED)
hold472/X                                 6     11     -5 (VIOLATED)
hold478/X                                 6     11     -5 (VIOLATED)
hold503/X                                 6     11     -5 (VIOLATED)
hold512/X                                 6     11     -5 (VIOLATED)
input79/X                                 6     11     -5 (VIOLATED)
clkbuf_leaf_12_clk_i/X                    6     10     -4 (VIOLATED)
clkbuf_leaf_34_clk_i/X                    6     10     -4 (VIOLATED)
clkbuf_leaf_7_clk_i/X                     6     10     -4 (VIOLATED)
clkbuf_leaf_9_clk_i/X                     6     10     -4 (VIOLATED)
_1927_/X                                  6      9     -3 (VIOLATED)
_2465_/X                                  6      9     -3 (VIOLATED)
_2845_/Y                                  6      9     -3 (VIOLATED)
_2852_/X                                  6      9     -3 (VIOLATED)
_3150_/Q                                  6      9     -3 (VIOLATED)
clkbuf_0_clk_i/X                          6      9     -3 (VIOLATED)
clkbuf_leaf_10_clk_i/X                    6      9     -3 (VIOLATED)
clkbuf_leaf_15_clk_i/X                    6      9     -3 (VIOLATED)
clkbuf_leaf_1_clk_i/X                     6      9     -3 (VIOLATED)
fanout232/X                               6      9     -3 (VIOLATED)
fanout260/X                               6      9     -3 (VIOLATED)
fanout276/X                               6      9     -3 (VIOLATED)
fanout372/X                               6      9     -3 (VIOLATED)
fanout384/X                               6      9     -3 (VIOLATED)
fanout449/X                               6      9     -3 (VIOLATED)
fanout459/X                               6      9     -3 (VIOLATED)
fanout468/X                               6      9     -3 (VIOLATED)
fanout484/X                               6      9     -3 (VIOLATED)
fanout503/X                               6      9     -3 (VIOLATED)
hold202/X                                 6      9     -3 (VIOLATED)
hold205/X                                 6      9     -3 (VIOLATED)
hold236/X                                 6      9     -3 (VIOLATED)
hold243/X                                 6      9     -3 (VIOLATED)
hold290/X                                 6      9     -3 (VIOLATED)
hold293/X                                 6      9     -3 (VIOLATED)
hold337/X                                 6      9     -3 (VIOLATED)
hold357/X                                 6      9     -3 (VIOLATED)
hold365/X                                 6      9     -3 (VIOLATED)
hold547/X                                 6      9     -3 (VIOLATED)
input80/X                                 6      9     -3 (VIOLATED)
input82/X                                 6      9     -3 (VIOLATED)
input83/X                                 6      9     -3 (VIOLATED)
clkbuf_leaf_0_clk_i/X                     6      8     -2 (VIOLATED)
fanout531/X                               6      8     -2 (VIOLATED)
_1863_/X                                  6      7        (VIOLATED)
_1968_/X                                  6      7        (VIOLATED)
_2468_/X                                  6      7        (VIOLATED)
_2472_/X                                  6      7        (VIOLATED)
_2486_/X                                  6      7        (VIOLATED)
_2638_/X                                  6      7        (VIOLATED)
_2867_/X                                  6      7        (VIOLATED)
_3100_/Q                                  6      7        (VIOLATED)
_3243_/Q                                  6      7        (VIOLATED)
_3247_/Q                                  6      7        (VIOLATED)
clkbuf_leaf_11_clk_i/X                    6      7        (VIOLATED)
clkbuf_leaf_13_clk_i/X                    6      7        (VIOLATED)
clkbuf_leaf_27_clk_i/X                    6      7        (VIOLATED)
clkbuf_leaf_29_clk_i/X                    6      7        (VIOLATED)
clkbuf_leaf_2_clk_i/X                     6      7        (VIOLATED)
clkbuf_leaf_3_clk_i/X                     6      7        (VIOLATED)
clkbuf_leaf_4_clk_i/X                     6      7        (VIOLATED)
clkbuf_leaf_5_clk_i/X                     6      7        (VIOLATED)
clkbuf_leaf_6_clk_i/X                     6      7        (VIOLATED)
fanout160/X                               6      7        (VIOLATED)
fanout224/X                               6      7        (VIOLATED)
fanout236/X                               6      7        (VIOLATED)
fanout247/X                               6      7        (VIOLATED)
fanout250/X                               6      7        (VIOLATED)
fanout264/X                               6      7        (VIOLATED)
fanout270/X                               6      7        (VIOLATED)
fanout277/X                               6      7        (VIOLATED)
fanout390/X                               6      7        (VIOLATED)
fanout450/X                               6      7        (VIOLATED)
fanout451/X                               6      7        (VIOLATED)
fanout460/X                               6      7        (VIOLATED)
fanout467/X                               6      7        (VIOLATED)
fanout501/X                               6      7        (VIOLATED)
fanout504/X                               6      7        (VIOLATED)
fanout516/X                               6      7        (VIOLATED)
hold239/X                                 6      7        (VIOLATED)
hold266/X                                 6      7        (VIOLATED)
hold282/X                                 6      7        (VIOLATED)
hold286/X                                 6      7        (VIOLATED)
hold309/X                                 6      7        (VIOLATED)
hold315/X                                 6      7        (VIOLATED)
hold324/X                                 6      7        (VIOLATED)
hold327/X                                 6      7        (VIOLATED)
hold344/X                                 6      7        (VIOLATED)
hold508/X                                 6      7        (VIOLATED)
hold515/X                                 6      7        (VIOLATED)
hold519/X                                 6      7        (VIOLATED)
hold542/X                                 6      7        (VIOLATED)
hold60/X                                  6      7        (VIOLATED)
input74/X                                 6      7        (VIOLATED)
input75/X                                 6      7        (VIOLATED)



===========================================================================
report_parasitic_annotation -report_unannotated
============================================================================
Found 95 unannotated drivers.
 tl_i[0]
 tl_i[103]
 tl_i[104]
 tl_i[105]
 tl_i[106]
 tl_i[10]
 tl_i[11]
 tl_i[12]
 tl_i[13]
 tl_i[14]
 tl_i[15]
 tl_i[16]
 tl_i[17]
 tl_i[18]
 tl_i[19]
 tl_i[1]
 tl_i[20]
 tl_i[21]
 tl_i[22]
 tl_i[23]
 tl_i[24]
 tl_i[2]
 tl_i[3]
 tl_i[4]
 tl_i[57]
 tl_i[58]
 tl_i[59]
 tl_i[5]
 tl_i[60]
 tl_i[6]
 tl_i[73]
 tl_i[74]
 tl_i[75]
 tl_i[76]
 tl_i[77]
 tl_i[78]
 tl_i[79]
 tl_i[7]
 tl_i[80]
 tl_i[81]
 tl_i[82]
 tl_i[83]
 tl_i[84]
 tl_i[85]
 tl_i[86]
 tl_i[87]
 tl_i[88]
 tl_i[89]
 tl_i[8]
 tl_i[90]
 tl_i[91]
 tl_i[92]
 tl_i[9]
 clkload0/Y
 clkload1/Y
 clkload10/Y
 clkload11/Y
 clkload12/Y
 clkload13/Y
 clkload14/Y
 clkload15/X
 clkload16/Y
 clkload17/Y
 clkload18/Y
 clkload19/Y
 clkload2/Y
 clkload20/Y
 clkload21/X
 clkload22/Y
 clkload23/Y
 clkload24/Y
 clkload25/X
 clkload26/Y
 clkload27/X
 clkload28/X
 clkload29/Y
 clkload3/X
 clkload30/X
 clkload31/X
 clkload32/Y
 clkload33/Y
 clkload4/Y
 clkload5/X
 clkload6/Y
 clkload7/Y
 clkload8/Y
 clkload9/X
 rv_plic_lite_532/HI
 rv_plic_lite_533/HI
 rv_plic_lite_534/HI
 rv_plic_lite_535/HI
 rv_plic_lite_536/HI
 rv_plic_lite_537/HI
 rv_plic_lite_538/HI
 rv_plic_lite_539/LO
Found 0 partially unannotated drivers.

===========================================================================
max slew violation count 0
max fanout violation count 182
max cap violation count 0
============================================================================

===========================================================================
check_setup -verbose -unconstrained_endpoints -multiple_clock -no_clock -no_input_delay -loops -generated_clocks
===========================================================================
Warning: There are 8 unconstrained endpoints.
  tl_o[0]
  tl_o[15]
  tl_o[48]
  tl_o[59]
  tl_o[60]
  tl_o[61]
  tl_o[63]
  tl_o[64]
