Clock: clk_i
Sources: clk_i 
Generated: no
Virtual: yes
Propagated: no
Period: 50.000000

===========================================================================
report_clock_properties
============================================================================
Clock                   Period          Waveform
----------------------------------------------------
clk_i                50.000000    0.000000 25.000000

===========================================================================
report_clock_latency
============================================================================
Clock clk_i
rise -> rise
    min     max
0.000000 0.000000 source latency
0.522953         network latency _2949_/CLK
        0.701253 network latency _3044_/CLK
---------------
0.522953 0.701253 latency
        0.178301 skew

fall -> fall
    min     max
0.000000 0.000000 source latency
0.447805         network latency _2949_/CLK
        0.622936 network latency _3044_/CLK
---------------
0.447805 0.622936 latency
        0.175131 skew



===========================================================================
report_clock_min_period
============================================================================
clk_i period_min = 25.41 fmax = 39.36
