Clock: clk_i
Sources: clk_i 
Generated: no
Virtual: yes
Propagated: no
Period: 25.000000

===========================================================================
report_clock_properties
============================================================================
Clock                   Period          Waveform
----------------------------------------------------
clk_i                25.000000    0.000000 12.500000

===========================================================================
report_clock_latency
============================================================================
Clock clk_i
rise -> rise
    min     max
0.000000 0.000000 source latency
0.947885         network latency _09853_/CLK
        6.405725 network latency _10124_/CLK
---------------
0.947885 6.405725 latency
        5.457839 skew

rise -> fall
    min     max
0.000000 0.000000 source latency
5.168447         network latency _10078_/CLK
        6.154006 network latency _10124_/CLK
---------------
5.168447 6.154006 latency
        0.985559 skew

fall -> fall
    min     max
0.000000 0.000000 source latency
0.752163         network latency _09853_/CLK
        1.055722 network latency _09347_/CLK
---------------
0.752163 1.055722 latency
        0.303559 skew



===========================================================================
report_clock_min_period
============================================================================
clk_i period_min = 10.88 fmax = 91.89
