Clock: clk_i
Sources: clk_i 
Generated: no
Virtual: yes
Propagated: no
Period: 25.000000

===========================================================================
report_clock_properties
============================================================================
Clock                   Period          Waveform
----------------------------------------------------
clk_i                25.000000    0.000000 12.500000

===========================================================================
report_clock_latency
============================================================================
Clock clk_i
rise -> rise
    min     max
0.000000 0.000000 source latency
2.426831         network latency _09831_/CLK
        8.722135 network latency _10124_/CLK
---------------
2.426831 8.722135 latency
        6.295303 skew

rise -> fall
    min     max
0.000000 0.000000 source latency
5.487787         network latency _10078_/CLK
        8.393158 network latency _10124_/CLK
---------------
5.487787 8.393158 latency
        2.905371 skew

fall -> fall
    min     max
0.000000 0.000000 source latency
1.938619         network latency _09853_/CLK
        2.626916 network latency _09354_/CLK
---------------
1.938619 2.626916 latency
        0.688297 skew



===========================================================================
report_clock_min_period
============================================================================
clk_i period_min = 30.70 fmax = 32.57
