
===========================================================================
 report_power
============================================================================
======================= max_ss_100C_1v60 Corner ===================================

Group                    Internal    Switching      Leakage        Total
                            Power        Power        Power        Power (Watts)
------------------------------------------------------------------------
Sequential           1.451888e-03 1.808280e-04 2.240090e-05 1.655117e-03  19.2%
Combinational        2.073281e-03 2.940636e-03 7.582065e-05 5.089737e-03  59.1%
Clock                9.885989e-04 8.727670e-04 3.754277e-06 1.865120e-03  21.7%
Macro                0.000000e+00 0.000000e+00 0.000000e+00 0.000000e+00   0.0%
Pad                  0.000000e+00 0.000000e+00 0.000000e+00 0.000000e+00   0.0%
------------------------------------------------------------------------
Total                4.513773e-03 3.994229e-03 1.019759e-04 8.609978e-03 100.0%
                            52.4%        46.4%         1.2%

