Clock: clk_i
Sources: clk_i 
Generated: no
Virtual: yes
Propagated: no
Period: 25.000000

===========================================================================
report_clock_properties
============================================================================
Clock                   Period          Waveform
----------------------------------------------------
clk_i                25.000000    0.000000 12.500000

===========================================================================
report_clock_latency
============================================================================
Clock clk_i
rise -> rise
    min     max
0.000000 0.000000 source latency
1.063819         network latency _7059_/CLK
        1.548292 network latency _7194_/CLK
---------------
1.063819 1.548292 latency
        0.484473 skew

fall -> fall
    min     max
0.000000 0.000000 source latency
0.872389         network latency _7059_/CLK
        1.295248 network latency _7194_/CLK
---------------
0.872389 1.295248 latency
        0.422859 skew



===========================================================================
report_clock_min_period
============================================================================
clk_i period_min = 13.04 fmax = 76.70
