Starting…
Gating variable for step 'Verilator.Lint' set to 'False'- the step will be skipped.
Skipping step 'Verilator Lint'…
Gating variable for step 'Checker.LintTimingConstructs' set to 'False'- the step will be skipped.
Skipping step 'Lint Timing Error Checker'…
Gating variable for step 'Checker.LintErrors' set to 'False'- the step will be skipped.
Skipping step 'Lint Errors Checker'…
Gating variable for step 'Checker.LintWarnings' set to 'False'- the step will be skipped.
Skipping step 'Lint Warnings Checker'…
Running 'Yosys.JsonHeader' at 'rv_plic_lite/runs/26_04_23_04_29/01-yosys-jsonheader'…
Logging subprocess to [repr.filename]'rv_plic_lite/runs/26_04_23_04_29/01-yosys-jsonheader/yosys-jsonheader.log'[/repr.filename]…
Running 'Yosys.Synthesis' at 'rv_plic_lite/runs/26_04_23_04_29/02-yosys-synthesis'…
Logging subprocess to [repr.filename]'rv_plic_lite/runs/26_04_23_04_29/02-yosys-synthesis/yosys-synthesis.log'[/repr.filename]…
Parsing synthesis checks…
Running 'Checker.YosysUnmappedCells' at 'rv_plic_lite/runs/26_04_23_04_29/03-checker-yosysunmappedcells'…
Check for Unmapped Yosys instances clear.
Running 'Checker.YosysSynthChecks' at 'rv_plic_lite/runs/26_04_23_04_29/04-checker-yosyssynthchecks'…
Check for Yosys check errors clear.
Running 'Checker.NetlistAssignStatements' at 'rv_plic_lite/runs/26_04_23_04_29/05-checker-netlistassignstatements'…
Running 'OpenROAD.CheckSDCFiles' at 'rv_plic_lite/runs/26_04_23_04_29/06-openroad-checksdcfiles'…
'PNR_SDC_FILE' is not defined. Using generic fallback SDC for OpenROAD PnR steps.
'SIGNOFF_SDC_FILE' is not defined. Using generic fallback SDC for OpenROAD PnR steps.
Running 'OpenROAD.CheckMacroInstances' at 'rv_plic_lite/runs/26_04_23_04_29/07-openroad-checkmacroinstances'…
No macros found, skipping instance check…
Running 'OpenROAD.STAPrePNR' at 'rv_plic_lite/runs/26_04_23_04_29/08-openroad-staprepnr'…
Starting STA for the nom_tt_025C_1v80 timing corner…
Starting STA for the nom_ss_100C_1v60 timing corner…
Starting STA for the nom_ff_n40C_1v95 timing corner…
Skipping corner min_tt_025C_1v80 for STA (identical to nom_tt_025C_1v80 at this stage)…
Skipping corner min_ss_100C_1v60 for STA (identical to nom_ss_100C_1v60 at this stage)…
Skipping corner min_ff_n40C_1v95 for STA (identical to nom_ff_n40C_1v95 at this stage)…
Skipping corner max_tt_025C_1v80 for STA (identical to nom_tt_025C_1v80 at this stage)…
Logging subprocess to [repr.filename]'rv_plic_lite/runs/26_04_23_04_29/08-openroad-staprepnr/nom_ff_n40C_1v95/sta.log'[/repr.filename]…
Skipping corner max_ss_100C_1v60 for STA (identical to nom_ss_100C_1v60 at this stage)…
Logging subprocess to [repr.filename]'rv_plic_lite/runs/26_04_23_04_29/08-openroad-staprepnr/nom_ss_100C_1v60/sta.log'[/repr.filename]…
Skipping corner max_ff_n40C_1v95 for STA (identical to nom_ff_n40C_1v95 at this stage)…
Logging subprocess to [repr.filename]'rv_plic_lite/runs/26_04_23_04_29/08-openroad-staprepnr/nom_tt_025C_1v80/sta.log'[/repr.filename]…
Finished STA for the nom_tt_025C_1v80 timing corner.
Finished STA for the nom_ff_n40C_1v95 timing corner.
Finished STA for the nom_ss_100C_1v60 timing corner.
Running 'OpenROAD.Floorplan' at 'rv_plic_lite/runs/26_04_23_04_29/09-openroad-floorplan'…
Logging subprocess to [repr.filename]'rv_plic_lite/runs/26_04_23_04_29/09-openroad-floorplan/openroad-floorplan.log'[/repr.filename]…
Running 'Odb.CheckMacroAntennaProperties' at 'rv_plic_lite/runs/26_04_23_04_29/10-odb-checkmacroantennaproperties'…
No cells provided, skipping…
Running 'Odb.SetPowerConnections' at 'rv_plic_lite/runs/26_04_23_04_29/11-odb-setpowerconnections'…
Logging subprocess to [repr.filename]'rv_plic_lite/runs/26_04_23_04_29/11-odb-setpowerconnections/odb-setpowerconnections.log'[/repr.filename]…
Running 'Odb.ManualMacroPlacement' at 'rv_plic_lite/runs/26_04_23_04_29/12-odb-manualmacroplacement'…
No instances found, skipping 'Odb.ManualMacroPlacement'…
Running 'OpenROAD.CutRows' at 'rv_plic_lite/runs/26_04_23_04_29/13-openroad-cutrows'…
Logging subprocess to [repr.filename]'rv_plic_lite/runs/26_04_23_04_29/13-openroad-cutrows/openroad-cutrows.log'[/repr.filename]…
Running 'OpenROAD.TapEndcapInsertion' at 'rv_plic_lite/runs/26_04_23_04_29/14-openroad-tapendcapinsertion'…
Logging subprocess to [repr.filename]'rv_plic_lite/runs/26_04_23_04_29/14-openroad-tapendcapinsertion/openroad-tapendcapinsertion.log'[/repr.filename]…
Running 'Odb.AddPDNObstructions' at 'rv_plic_lite/runs/26_04_23_04_29/15-odb-addpdnobstructions'…
'PDN_OBSTRUCTIONS' is not defined. Skipping 'Odb.AddPDNObstructions'…
Running 'OpenROAD.GeneratePDN' at 'rv_plic_lite/runs/26_04_23_04_29/16-openroad-generatepdn'…
'FP_PDN_CFG' not explicitly set, setting it to /nix/store/iah2c26wzpgdvqc1jv2xxg55xq5km74d-python3-3.11.9-env/lib/python3.11/site-packages/librelane/scripts/openroad/common/pdn_cfg.tcl…
Logging subprocess to [repr.filename]'rv_plic_lite/runs/26_04_23_04_29/16-openroad-generatepdn/openroad-generatepdn.log'[/repr.filename]…
Running 'Odb.RemovePDNObstructions' at 'rv_plic_lite/runs/26_04_23_04_29/17-odb-removepdnobstructions'…
'PDN_OBSTRUCTIONS' is not defined. Skipping 'Odb.RemovePDNObstructions'…
Running 'Odb.AddRoutingObstructions' at 'rv_plic_lite/runs/26_04_23_04_29/18-odb-addroutingobstructions'…
'ROUTING_OBSTRUCTIONS' is not defined. Skipping 'Odb.AddRoutingObstructions'…
Running 'OpenROAD.GlobalPlacementSkipIO' at 'rv_plic_lite/runs/26_04_23_04_29/19-openroad-globalplacementskipio'…
Logging subprocess to [repr.filename]'rv_plic_lite/runs/26_04_23_04_29/19-openroad-globalplacementskipio/openroad-globalplacementskipio.log'[/repr.filename]…
Running 'OpenROAD.IOPlacement' at 'rv_plic_lite/runs/26_04_23_04_29/20-openroad-ioplacement'…
Logging subprocess to [repr.filename]'rv_plic_lite/runs/26_04_23_04_29/20-openroad-ioplacement/openroad-ioplacement.log'[/repr.filename]…
Running 'Odb.CustomIOPlacement' at 'rv_plic_lite/runs/26_04_23_04_29/21-odb-customioplacement'…
No custom floorplan file configured, skipping…
Running 'Odb.ApplyDEFTemplate' at 'rv_plic_lite/runs/26_04_23_04_29/22-odb-applydeftemplate'…
No DEF template provided, skipping…
Running 'OpenROAD.GlobalPlacement' at 'rv_plic_lite/runs/26_04_23_04_29/23-openroad-globalplacement'…
Logging subprocess to [repr.filename]'rv_plic_lite/runs/26_04_23_04_29/23-openroad-globalplacement/openroad-globalplacement.log'[/repr.filename]…
Running 'Odb.WriteVerilogHeader' at 'rv_plic_lite/runs/26_04_23_04_29/24-odb-writeverilogheader'…
Logging subprocess to [repr.filename]'rv_plic_lite/runs/26_04_23_04_29/24-odb-writeverilogheader/odb-writeverilogheader.log'[/repr.filename]…
Running 'Checker.PowerGridViolations' at 'rv_plic_lite/runs/26_04_23_04_29/25-checker-powergridviolations'…
Check for power grid violations (as reported by OpenROAD PSM- you may ignore these if LVS passes) clear.
Running 'OpenROAD.STAMidPNR' at 'rv_plic_lite/runs/26_04_23_04_29/26-openroad-stamidpnr'…
Logging subprocess to [repr.filename]'rv_plic_lite/runs/26_04_23_04_29/26-openroad-stamidpnr/openroad-stamidpnr.log'[/repr.filename]…
[GRT-0097] No global routing found for nets.
Running 'OpenROAD.RepairDesignPostGPL' at 'rv_plic_lite/runs/26_04_23_04_29/27-openroad-repairdesignpostgpl'…
Logging subprocess to [repr.filename]'rv_plic_lite/runs/26_04_23_04_29/27-openroad-repairdesignpostgpl/openroad-repairdesignpostgpl.log'[/repr.filename]…
Running 'Odb.ManualGlobalPlacement' at 'rv_plic_lite/runs/26_04_23_04_29/28-odb-manualglobalplacement'…
'MANUAL_GLOBAL_PLACEMENTS' not set, skipping…
Running 'OpenROAD.DetailedPlacement' at 'rv_plic_lite/runs/26_04_23_04_29/29-openroad-detailedplacement'…
Logging subprocess to [repr.filename]'rv_plic_lite/runs/26_04_23_04_29/29-openroad-detailedplacement/openroad-detailedplacement.log'[/repr.filename]…
Running 'OpenROAD.CTS' at 'rv_plic_lite/runs/26_04_23_04_29/30-openroad-cts'…
Logging subprocess to [repr.filename]'rv_plic_lite/runs/26_04_23_04_29/30-openroad-cts/openroad-cts.log'[/repr.filename]…
[RSZ-0065] max wire length less than 5786u increases wire delays.
Running 'OpenROAD.STAMidPNR-1' at 'rv_plic_lite/runs/26_04_23_04_29/31-openroad-stamidpnr-1'…
Logging subprocess to [repr.filename]'rv_plic_lite/runs/26_04_23_04_29/31-openroad-stamidpnr-1/openroad-stamidpnr-1.log'[/repr.filename]…
[GRT-0097] No global routing found for nets.
Running 'OpenROAD.ResizerTimingPostCTS' at 'rv_plic_lite/runs/26_04_23_04_29/32-openroad-resizertimingpostcts'…
Logging subprocess to [repr.filename]'rv_plic_lite/runs/26_04_23_04_29/32-openroad-resizertimingpostcts/openroad-resizertimingpostcts.log'[/repr.filename]…
[RSZ-0062] Unable to repair all setup violations.
Running 'OpenROAD.STAMidPNR-2' at 'rv_plic_lite/runs/26_04_23_04_29/33-openroad-stamidpnr-2'…
Logging subprocess to [repr.filename]'rv_plic_lite/runs/26_04_23_04_29/33-openroad-stamidpnr-2/openroad-stamidpnr-2.log'[/repr.filename]…
[GRT-0097] No global routing found for nets.
Running 'OpenROAD.GlobalRouting' at 'rv_plic_lite/runs/26_04_23_04_29/34-openroad-globalrouting'…
Logging subprocess to [repr.filename]'rv_plic_lite/runs/26_04_23_04_29/34-openroad-globalrouting/openroad-globalrouting.log'[/repr.filename]…
Running 'OpenROAD.CheckAntennas' at 'rv_plic_lite/runs/26_04_23_04_29/35-openroad-checkantennas'…
Logging subprocess to [repr.filename]'rv_plic_lite/runs/26_04_23_04_29/35-openroad-checkantennas/openroad-checkantennas.log'[/repr.filename]…
Running 'OpenROAD.RepairDesignPostGRT' at 'rv_plic_lite/runs/26_04_23_04_29/36-openroad-repairdesignpostgrt'…
Logging subprocess to [repr.filename]'rv_plic_lite/runs/26_04_23_04_29/36-openroad-repairdesignpostgrt/openroad-repairdesignpostgrt.log'[/repr.filename]…
Running 'Odb.DiodesOnPorts' at 'rv_plic_lite/runs/26_04_23_04_29/37-odb-diodesonports'…
'DIODE_ON_PORTS' is set to 'none': skipping…
Gating variable for step 'Odb.HeuristicDiodeInsertion' set to 'False'- the step will be skipped.
Skipping step 'Heuristic Diode Insertion'…
Running 'OpenROAD.RepairAntennas' at 'rv_plic_lite/runs/26_04_23_04_29/38-openroad-repairantennas'…
Running 'DiodeInsertion' at 'rv_plic_lite/runs/26_04_23_04_29/38-openroad-repairantennas/1-diodeinsertion'…
Logging subprocess to [repr.filename]'rv_plic_lite/runs/26_04_23_04_29/38-openroad-repairantennas/1-diodeinsertion/diodeinsertion.log'[/repr.filename]…
Running 'OpenROAD.CheckAntennas' at 'rv_plic_lite/runs/26_04_23_04_29/38-openroad-repairantennas/2-openroad-checkantennas'…
Logging subprocess to [repr.filename]'rv_plic_lite/runs/26_04_23_04_29/38-openroad-repairantennas/2-openroad-checkantennas/openroad-checkantennas.log'[/repr.filename]…
Running 'OpenROAD.ResizerTimingPostGRT' at 'rv_plic_lite/runs/26_04_23_04_29/39-openroad-resizertimingpostgrt'…
Logging subprocess to [repr.filename]'rv_plic_lite/runs/26_04_23_04_29/39-openroad-resizertimingpostgrt/openroad-resizertimingpostgrt.log'[/repr.filename]…
[RSZ-0062] Unable to repair all setup violations.
Running 'OpenROAD.STAMidPNR-3' at 'rv_plic_lite/runs/26_04_23_04_29/40-openroad-stamidpnr-3'…
Logging subprocess to [repr.filename]'rv_plic_lite/runs/26_04_23_04_29/40-openroad-stamidpnr-3/openroad-stamidpnr-3.log'[/repr.filename]…
Running 'OpenROAD.DetailedRouting' at 'rv_plic_lite/runs/26_04_23_04_29/41-openroad-detailedrouting'…
Running TritonRoute with 4 threads…
Logging subprocess to [repr.filename]'rv_plic_lite/runs/26_04_23_04_29/41-openroad-detailedrouting/openroad-detailedrouting.log'[/repr.filename]…
[DRT-0349] LEF58_ENCLOSURE with no CUTCLASS is not supported. Skipping for layer mcon
[DRT-0349] LEF58_ENCLOSURE with no CUTCLASS is not supported. Skipping for layer mcon
[DRT-0349] LEF58_ENCLOSURE with no CUTCLASS is not supported. Skipping for layer via
[DRT-0349] LEF58_ENCLOSURE with no CUTCLASS is not supported. Skipping for layer via
[DRT-0349] LEF58_ENCLOSURE with no CUTCLASS is not supported. Skipping for layer via2
[DRT-0349] LEF58_ENCLOSURE with no CUTCLASS is not supported. Skipping for layer via2
[DRT-0349] LEF58_ENCLOSURE with no CUTCLASS is not supported. Skipping for layer via3
[DRT-0349] LEF58_ENCLOSURE with no CUTCLASS is not supported. Skipping for layer via3
[DRT-0349] LEF58_ENCLOSURE with no CUTCLASS is not supported. Skipping for layer via4
[DRT-0349] LEF58_ENCLOSURE with no CUTCLASS is not supported. Skipping for layer via4
Running 'Odb.RemoveRoutingObstructions' at 'rv_plic_lite/runs/26_04_23_04_29/42-odb-removeroutingobstructions'…
'ROUTING_OBSTRUCTIONS' is not defined. Skipping 'Odb.RemoveRoutingObstructions'…
Running 'OpenROAD.CheckAntennas-1' at 'rv_plic_lite/runs/26_04_23_04_29/43-openroad-checkantennas-1'…
Logging subprocess to [repr.filename]'rv_plic_lite/runs/26_04_23_04_29/43-openroad-checkantennas-1/openroad-checkantennas-1.log'[/repr.filename]…
Running 'Checker.TrDRC' at 'rv_plic_lite/runs/26_04_23_04_29/44-checker-trdrc'…
Check for Routing DRC errors clear.
Running 'Odb.ReportDisconnectedPins' at 'rv_plic_lite/runs/26_04_23_04_29/45-odb-reportdisconnectedpins'…
Logging subprocess to [repr.filename]'rv_plic_lite/runs/26_04_23_04_29/45-odb-reportdisconnectedpins/odb-reportdisconnectedpins.log'[/repr.filename]…
Running 'Checker.DisconnectedPins' at 'rv_plic_lite/runs/26_04_23_04_29/46-checker-disconnectedpins'…
Check for critical disconnected pins clear.
Running 'Odb.ReportWireLength' at 'rv_plic_lite/runs/26_04_23_04_29/47-odb-reportwirelength'…
Logging subprocess to [repr.filename]'rv_plic_lite/runs/26_04_23_04_29/47-odb-reportwirelength/odb-reportwirelength.log'[/repr.filename]…
Running 'Checker.WireLength' at 'rv_plic_lite/runs/26_04_23_04_29/48-checker-wirelength'…
Threshold for Threshold-surpassing long wires is not set. The checker will be skipped.
Running 'OpenROAD.FillInsertion' at 'rv_plic_lite/runs/26_04_23_04_29/49-openroad-fillinsertion'…
Logging subprocess to [repr.filename]'rv_plic_lite/runs/26_04_23_04_29/49-openroad-fillinsertion/openroad-fillinsertion.log'[/repr.filename]…
Running 'Odb.CellFrequencyTables' at 'rv_plic_lite/runs/26_04_23_04_29/50-odb-cellfrequencytables'…
Logging subprocess to [repr.filename]'rv_plic_lite/runs/26_04_23_04_29/50-odb-cellfrequencytables/buffer_list.txt'[/repr.filename]…
Logging subprocess to [repr.filename]'rv_plic_lite/runs/26_04_23_04_29/50-odb-cellfrequencytables/odb-cellfrequencytables.log'[/repr.filename]…
Running 'OpenROAD.RCX' at 'rv_plic_lite/runs/26_04_23_04_29/51-openroad-rcx'…
Running RCX for corners matching nom_* (/home/runner/work/vyges-edge-sensor-soc/vyges-edge-sensor-soc/openlane/rv_plic_lite/runs/26_04_23_04_29/51-openroad-rcx/nom/rcx.log)…
Running RCX for corners matching min_* (/home/runner/work/vyges-edge-sensor-soc/vyges-edge-sensor-soc/openlane/rv_plic_lite/runs/26_04_23_04_29/51-openroad-rcx/min/rcx.log)…
Running RCX for corners matching max_* (/home/runner/work/vyges-edge-sensor-soc/vyges-edge-sensor-soc/openlane/rv_plic_lite/runs/26_04_23_04_29/51-openroad-rcx/max/rcx.log)…
Logging subprocess to [repr.filename]'rv_plic_lite/runs/26_04_23_04_29/51-openroad-rcx/nom/rcx.log'[/repr.filename]…
Logging subprocess to [repr.filename]'rv_plic_lite/runs/26_04_23_04_29/51-openroad-rcx/max/rcx.log'[/repr.filename]…
Logging subprocess to [repr.filename]'rv_plic_lite/runs/26_04_23_04_29/51-openroad-rcx/min/rcx.log'[/repr.filename]…
Finished RCX for corners matching nom_*.
Finished RCX for corners matching max_*.
Finished RCX for corners matching min_*.
Running 'OpenROAD.STAPostPNR' at 'rv_plic_lite/runs/26_04_23_04_29/52-openroad-stapostpnr'…
Starting STA for the nom_tt_025C_1v80 timing corner…
Starting STA for the nom_ss_100C_1v60 timing corner…
Starting STA for the nom_ff_n40C_1v95 timing corner…
Starting STA for the min_tt_025C_1v80 timing corner…
Logging subprocess to [repr.filename]'rv_plic_lite/runs/26_04_23_04_29/52-openroad-stapostpnr/nom_ff_n40C_1v95/sta.log'[/repr.filename]…
Logging subprocess to [repr.filename]'rv_plic_lite/runs/26_04_23_04_29/52-openroad-stapostpnr/nom_tt_025C_1v80/sta.log'[/repr.filename]…
Logging subprocess to [repr.filename]'rv_plic_lite/runs/26_04_23_04_29/52-openroad-stapostpnr/min_tt_025C_1v80/sta.log'[/repr.filename]…
Logging subprocess to [repr.filename]'rv_plic_lite/runs/26_04_23_04_29/52-openroad-stapostpnr/nom_ss_100C_1v60/sta.log'[/repr.filename]…
Finished STA for the nom_ff_n40C_1v95 timing corner.
Logging subprocess to [repr.filename]'rv_plic_lite/runs/26_04_23_04_29/52-openroad-stapostpnr/nom_ff_n40C_1v95/filter_unannotated.log'[/repr.filename]…
Finished STA for the min_tt_025C_1v80 timing corner.
Logging subprocess to [repr.filename]'rv_plic_lite/runs/26_04_23_04_29/52-openroad-stapostpnr/min_tt_025C_1v80/filter_unannotated.log'[/repr.filename]…
Finished STA for the nom_tt_025C_1v80 timing corner.
Logging subprocess to [repr.filename]'rv_plic_lite/runs/26_04_23_04_29/52-openroad-stapostpnr/nom_tt_025C_1v80/filter_unannotated.log'[/repr.filename]…
Finished STA for the nom_ss_100C_1v60 timing corner.
Logging subprocess to [repr.filename]'rv_plic_lite/runs/26_04_23_04_29/52-openroad-stapostpnr/nom_ss_100C_1v60/filter_unannotated.log'[/repr.filename]…
Starting STA for the min_ss_100C_1v60 timing corner…
Logging subprocess to [repr.filename]'rv_plic_lite/runs/26_04_23_04_29/52-openroad-stapostpnr/min_ss_100C_1v60/sta.log'[/repr.filename]…
Starting STA for the min_ff_n40C_1v95 timing corner…
Logging subprocess to [repr.filename]'rv_plic_lite/runs/26_04_23_04_29/52-openroad-stapostpnr/min_ff_n40C_1v95/sta.log'[/repr.filename]…
Starting STA for the max_tt_025C_1v80 timing corner…
Logging subprocess to [repr.filename]'rv_plic_lite/runs/26_04_23_04_29/52-openroad-stapostpnr/max_tt_025C_1v80/sta.log'[/repr.filename]…
Starting STA for the max_ss_100C_1v60 timing corner…
Logging subprocess to [repr.filename]'rv_plic_lite/runs/26_04_23_04_29/52-openroad-stapostpnr/max_ss_100C_1v60/sta.log'[/repr.filename]…
Finished STA for the min_ff_n40C_1v95 timing corner.
Logging subprocess to [repr.filename]'rv_plic_lite/runs/26_04_23_04_29/52-openroad-stapostpnr/min_ff_n40C_1v95/filter_unannotated.log'[/repr.filename]…
Finished STA for the min_ss_100C_1v60 timing corner.
Logging subprocess to [repr.filename]'rv_plic_lite/runs/26_04_23_04_29/52-openroad-stapostpnr/min_ss_100C_1v60/filter_unannotated.log'[/repr.filename]…
Finished STA for the max_tt_025C_1v80 timing corner.
Logging subprocess to [repr.filename]'rv_plic_lite/runs/26_04_23_04_29/52-openroad-stapostpnr/max_tt_025C_1v80/filter_unannotated.log'[/repr.filename]…
Finished STA for the max_ss_100C_1v60 timing corner.
Logging subprocess to [repr.filename]'rv_plic_lite/runs/26_04_23_04_29/52-openroad-stapostpnr/max_ss_100C_1v60/filter_unannotated.log'[/repr.filename]…
Starting STA for the max_ff_n40C_1v95 timing corner…
Logging subprocess to [repr.filename]'rv_plic_lite/runs/26_04_23_04_29/52-openroad-stapostpnr/max_ff_n40C_1v95/sta.log'[/repr.filename]…
Finished STA for the max_ff_n40C_1v95 timing corner.
Logging subprocess to [repr.filename]'rv_plic_lite/runs/26_04_23_04_29/52-openroad-stapostpnr/max_ff_n40C_1v95/filter_unannotated.log'[/repr.filename]…
Running 'OpenROAD.IRDropReport' at 'rv_plic_lite/runs/26_04_23_04_29/53-openroad-irdropreport'…
'VSRC_LOC_FILES' was not given a value, which may make the results of IR drop analysis inaccurate. If you are not integrating a top-level chip for manufacture, you may ignore this warning, otherwise, see the documentation for 'VSRC_LOC_FILES'.
Logging subprocess to [repr.filename]'rv_plic_lite/runs/26_04_23_04_29/53-openroad-irdropreport/openroad-irdropreport.log'[/repr.filename]…
[INFO PSM-0040] All shapes on net VPWR are connected.
########## IR report #################
Net              : VPWR
Corner           : nom_tt_025C_1v80
Supply voltage   : 1.80e+00 V
Worstcase voltage: 1.80e+00 V
Average voltage  : 1.80e+00 V
Average IR drop  : 6.60e-06 V
Worstcase IR drop: 9.66e-05 V
Percentage drop  : 0.01 %
######################################
[INFO PSM-0040] All shapes on net VGND are connected.
########## IR report #################
Net              : VGND
Corner           : nom_tt_025C_1v80
Supply voltage   : 0.00e+00 V
Worstcase voltage: 9.29e-05 V
Average voltage  : 6.88e-06 V
Average IR drop  : 6.88e-06 V
Worstcase IR drop: 9.29e-05 V
Percentage drop  : 0.01 %
######################################

Running 'Magic.StreamOut' at 'rv_plic_lite/runs/26_04_23_04_29/54-magic-streamout'…
Logging subprocess to [repr.filename]'rv_plic_lite/runs/26_04_23_04_29/54-magic-streamout/magic-streamout.log'[/repr.filename]…
Running 'KLayout.StreamOut' at 'rv_plic_lite/runs/26_04_23_04_29/55-klayout-streamout'…
Logging subprocess to [repr.filename]'rv_plic_lite/runs/26_04_23_04_29/55-klayout-streamout/klayout-streamout.log'[/repr.filename]…
Running 'Magic.WriteLEF' at 'rv_plic_lite/runs/26_04_23_04_29/56-magic-writelef'…
Logging subprocess to [repr.filename]'rv_plic_lite/runs/26_04_23_04_29/56-magic-writelef/magic-writelef.log'[/repr.filename]…
Running 'Odb.CheckDesignAntennaProperties' at 'rv_plic_lite/runs/26_04_23_04_29/57-odb-checkdesignantennaproperties'…
Logging subprocess to [repr.filename]'rv_plic_lite/runs/26_04_23_04_29/57-odb-checkdesignantennaproperties/odb-checkdesignantennaproperties.log'[/repr.filename]…
Cell 'rv_plic_lite' has (53) input pin(s) without antenna gate information. They might not be connected to a gate.
Cell 'rv_plic_lite' has (8) output pin(s) without antenna diffusion information. They might not be driven.
Running 'KLayout.XOR' at 'rv_plic_lite/runs/26_04_23_04_29/58-klayout-xor'…
Running XOR with 4 threads…
Logging subprocess to [repr.filename]'rv_plic_lite/runs/26_04_23_04_29/58-klayout-xor/klayout-xor.log'[/repr.filename]…
Running 'Checker.XOR' at 'rv_plic_lite/runs/26_04_23_04_29/59-checker-xor'…
Check for XOR differences clear.
Running 'Magic.DRC' at 'rv_plic_lite/runs/26_04_23_04_29/60-magic-drc'…
Logging subprocess to [repr.filename]'rv_plic_lite/runs/26_04_23_04_29/60-magic-drc/magic-drc.log'[/repr.filename]…
Running 'KLayout.DRC' at 'rv_plic_lite/runs/26_04_23_04_29/61-klayout-drc'…
Running KLayout DRC with 4 threads…
Logging subprocess to [repr.filename]'rv_plic_lite/runs/26_04_23_04_29/61-klayout-drc/klayout-drc.log'[/repr.filename]…
Logging subprocess to [repr.filename]'rv_plic_lite/runs/26_04_23_04_29/61-klayout-drc/xml_drc_report_to_json.log'[/repr.filename]…
Running 'Checker.MagicDRC' at 'rv_plic_lite/runs/26_04_23_04_29/62-checker-magicdrc'…
Check for Magic DRC errors clear.
Running 'Checker.KLayoutDRC' at 'rv_plic_lite/runs/26_04_23_04_29/63-checker-klayoutdrc'…
Check for KLayout DRC errors clear.
Running 'Magic.SpiceExtraction' at 'rv_plic_lite/runs/26_04_23_04_29/64-magic-spiceextraction'…
Logging subprocess to [repr.filename]'rv_plic_lite/runs/26_04_23_04_29/64-magic-spiceextraction/magic-spiceextraction.log'[/repr.filename]…
Running 'Checker.IllegalOverlap' at 'rv_plic_lite/runs/26_04_23_04_29/65-checker-illegaloverlap'…
Check for Magic Illegal Overlap errors clear.
Running 'Netgen.LVS' at 'rv_plic_lite/runs/26_04_23_04_29/66-netgen-lvs'…
Logging subprocess to [repr.filename]'rv_plic_lite/runs/26_04_23_04_29/66-netgen-lvs/netgen-lvs.log'[/repr.filename]…
Running 'Checker.LVS' at 'rv_plic_lite/runs/26_04_23_04_29/67-checker-lvs'…
Check for LVS errors clear.
Gating variable for step 'Yosys.EQY' set to 'False'- the step will be skipped.
Skipping step 'Equivalence Check'…
Running 'Checker.SetupViolations' at 'rv_plic_lite/runs/26_04_23_04_29/68-checker-setupviolations'…
Setup violations found in the following corners:
* max_ss_100C_1v60
* min_ss_100C_1v60
* nom_ss_100C_1v60
No setup violations found
Running 'Checker.HoldViolations' at 'rv_plic_lite/runs/26_04_23_04_29/69-checker-holdviolations'…
No hold violations found
Running 'Checker.MaxSlewViolations' at 'rv_plic_lite/runs/26_04_23_04_29/70-checker-maxslewviolations'…
Max Slew violations found in the following corners:
* max_ss_100C_1v60
* min_ss_100C_1v60
* nom_ss_100C_1v60
No max slew violations found
Running 'Checker.MaxCapViolations' at 'rv_plic_lite/runs/26_04_23_04_29/71-checker-maxcapviolations'…
No max cap violations found
Running 'Misc.ReportManufacturability' at 'rv_plic_lite/runs/26_04_23_04_29/72-misc-reportmanufacturability'…
Saving views to '/home/runner/work/vyges-edge-sensor-soc/vyges-edge-sensor-soc/openlane/rv_plic_lite/runs/26_04_23_04_29/final'…
Flow complete.
