Clock: clk_i
Sources: clk_i 
Generated: no
Virtual: yes
Propagated: no
Period: 25.000000

===========================================================================
report_clock_properties
============================================================================
Clock                   Period          Waveform
----------------------------------------------------
clk_i                25.000000    0.000000 12.500000

===========================================================================
report_clock_latency
============================================================================
Clock clk_i
rise -> rise
    min     max
0.000000 0.000000 source latency
0.797903         network latency _12976_/CLK
        1.088901 network latency u_fft_top.memory_interface_inst.u_fft_mem.u_bank1/CLKin
---------------
0.797903 1.088901 latency
        0.290999 skew

fall -> fall
    min     max
0.000000 0.000000 source latency
0.676152         network latency _12976_/CLK
        0.916078 network latency _12882_/CLK
---------------
0.676152 0.916078 latency
        0.239925 skew



===========================================================================
report_clock_min_period
============================================================================
clk_i period_min = 9.46 fmax = 105.69
