Clock: clk
Sources: wb_clk_i 
Generated: no
Virtual: yes
Propagated: no
Period: 35.000000

===========================================================================
report_clock_properties
============================================================================
Clock                   Period          Waveform
----------------------------------------------------
clk                  35.000000    0.000000 17.500000

===========================================================================
report_clock_latency
============================================================================
Clock clk
rise -> rise
    min     max
4.650000 5.570000 source latency
28.321707         network latency u_fft/_13306_/CLK
        34.455669 network latency u_fft_bank1/CLKin
---------------
32.971706 40.025673 latency
        7.053967 skew

fall -> rise
    min     max
4.650000 5.570000 source latency
31.109779         network latency u_ibex/_576_/CLK
        32.074905 network latency u_ibex/_562_/CLK
---------------
35.759781 37.644905 latency
        1.885127 skew

fall -> fall
    min     max
4.650000 5.570000 source latency
20.458902         network latency u_spi_host/_4560_/CLK
        32.261261 network latency u_ibex/_562_/CLK
---------------
25.108902 37.831261 latency
        12.722359 skew



===========================================================================
report_clock_min_period
============================================================================
clk period_min = 37.98 fmax = 26.33
