
===========================================================================
Violator List
============================================================================
[setup reg-reg] u_ibex/_1165_/Q -> u_uart/_7632_/D : -13.926265
[setup reg-reg] u_ibex/_1165_/Q -> u_uart/_7636_/D : -13.807836
[setup reg-reg] u_ibex/_1165_/Q -> u_uart/_7633_/D : -12.820394
[setup reg-reg] u_ibex/_1165_/Q -> u_uart/_7077_/D : -12.284847
[setup reg-reg] u_ibex/_1165_/Q -> u_uart/_7630_/D : -12.111156
[setup reg-reg] u_ibex/_1165_/Q -> u_uart/_7634_/D : -12.020060
[setup reg-reg] u_ibex/_1165_/Q -> u_uart/_7075_/D : -11.881103
[setup reg-reg] u_ibex/_1165_/Q -> u_uart/_7092_/D : -11.748636
[setup reg-reg] u_ibex/_1165_/Q -> u_uart/_6954_/D : -11.696898
[setup reg-reg] u_ibex/_1165_/Q -> u_uart/_7091_/D : -11.656678
[setup reg-reg] u_ibex/_1165_/Q -> u_uart/_7089_/D : -11.648190
[setup reg-reg] u_ibex/_1165_/Q -> u_uart/_7073_/D : -11.593451
[setup reg-reg] u_ibex/_1165_/Q -> u_uart/_7631_/D : -11.467130
[setup reg-reg] u_ibex/_1165_/Q -> u_uart/_7061_/D : -11.321042
[setup reg-reg] u_ibex/_1165_/Q -> u_uart/_7635_/D : -11.310711
[setup reg-reg] u_ibex/_1165_/Q -> u_uart/_7062_/D : -11.193333
[setup reg-reg] u_ibex/_1165_/Q -> u_uart/_6950_/D : -11.186280
[setup reg-reg] u_ibex/_1165_/Q -> u_uart/_7065_/D : -11.169299
[setup reg-reg] u_ibex/_1165_/Q -> u_uart/_7067_/D : -11.160439
[setup reg-reg] u_ibex/_1165_/Q -> u_uart/_7079_/D : -11.158818
[setup reg-reg] u_ibex/_1165_/Q -> u_uart/_7064_/D : -11.127259
[setup reg-reg] u_ibex/_1165_/Q -> u_uart/_7063_/D : -11.114630
[setup reg-reg] u_ibex/_1165_/Q -> u_uart/_7066_/D : -11.104309
[setup reg-out] u_uart/_7113_/Q -> user_irq[0] : -11.093768
[setup reg-reg] u_ibex/_1165_/Q -> u_uart/_7083_/D : -11.078950
[setup reg-reg] u_ibex/_1165_/Q -> u_uart/_7076_/D : -11.077660
[setup reg-reg] u_ibex/_1165_/Q -> u_uart/_7078_/D : -11.049455
[setup reg-reg] u_ibex/_1165_/Q -> u_uart/_7081_/D : -11.032114
[setup reg-reg] u_ibex/_1165_/Q -> u_uart/_7090_/D : -10.950829
[setup reg-reg] u_ibex/_1165_/Q -> u_uart/_7072_/D : -10.921547
[setup reg-reg] u_ibex/_1165_/Q -> u_uart/_7082_/D : -10.906260
[setup reg-reg] u_ibex/_1165_/Q -> u_uart/_7074_/D : -10.855175
[setup reg-reg] u_ibex/_1165_/Q -> u_uart/_7070_/D : -10.847721
[setup reg-reg] u_ibex/_1165_/Q -> u_uart/_7068_/D : -10.847132
[setup reg-reg] u_ibex/_1165_/Q -> u_uart/_7087_/D : -10.661666
[setup reg-reg] u_ibex/_1165_/Q -> u_uart/_7085_/D : -10.620614
[setup reg-reg] u_ibex/_1165_/Q -> u_uart/_7095_/D : -10.588857
[setup reg-reg] u_ibex/_1165_/Q -> u_uart/_7080_/D : -10.561742
[setup reg-reg] u_ibex/_1165_/Q -> u_uart/_7084_/D : -10.501243
[setup reg-reg] u_ibex/_1165_/Q -> u_uart/_7069_/D : -10.399998
[setup reg-reg] u_ibex/_1165_/Q -> u_uart/_6952_/D : -10.396530
[setup reg-reg] u_ibex/_1165_/Q -> u_uart/_6946_/D : -10.287864
[setup reg-reg] u_ibex/_1165_/Q -> u_uart/_7088_/D : -9.815836
[setup reg-reg] u_ibex/_1165_/Q -> u_uart/_7071_/D : -9.778333
[setup reg-reg] u_ibex/_1165_/Q -> u_uart/_7086_/D : -9.598107
[setup reg-reg] u_ibex/_1165_/Q -> u_uart/_6953_/D : -9.427908
[setup reg-reg] u_ibex/_1165_/Q -> u_spi_host/_4394_/D : -8.860745
[setup reg-reg] u_ibex/_1165_/Q -> u_spi_host/_4391_/D : -8.810503
[setup reg-reg] u_ibex/_1165_/Q -> u_spi_host/_4396_/D : -8.805075
[setup reg-reg] u_ibex/_1165_/Q -> u_spi_host/_4390_/D : -8.711144
[setup reg-reg] u_ibex/_1165_/Q -> u_spi_host/_4392_/D : -8.701065
[setup reg-reg] u_ibex/_1165_/Q -> u_spi_host/_3875_/D : -8.056876
[setup reg-reg] u_ibex/_1165_/Q -> u_spi_host/_4395_/D : -7.825143
[setup reg-reg] u_ibex/_1165_/Q -> u_spi_host/_4389_/D : -7.819392
[setup reg-reg] u_ibex/_1165_/Q -> u_uart/_6970_/D : -7.471311
[setup reg-reg] u_ibex/_1165_/Q -> u_spi_host/_4398_/D : -7.419253
[setup reg-reg] u_ibex/_1165_/Q -> u_spi_host/_4399_/D : -7.119102
[setup reg-reg] u_ibex/_1165_/Q -> u_spi_host/_4393_/D : -7.052428
[setup reg-reg] u_ibex/_1165_/Q -> u_spi_host/_3872_/D : -6.927437
[setup reg-reg] u_ibex/_1165_/Q -> u_spi_host/_4388_/D : -6.857668
[setup reg-reg] u_ibex/_1165_/Q -> u_spi_host/_3874_/D : -6.833432
[setup reg-reg] u_ibex/_1165_/Q -> u_spi_host/_3873_/D : -6.828714
[setup reg-reg] u_ibex/_1165_/Q -> u_spi_host/_4401_/D : -6.315425
[setup reg-reg] u_ibex/_1165_/Q -> u_spi_host/_4403_/D : -6.308046
[setup reg-reg] u_ibex/_1165_/Q -> u_uart/_7093_/D : -6.266379
[setup reg-reg] u_ibex/_1165_/Q -> u_spi_host/_4400_/D : -6.204843
[setup reg-reg] u_ibex/_1165_/Q -> u_spi_host/_4402_/D : -6.097533
[setup reg-reg] u_ibex/_1165_/Q -> u_spi_host/_4397_/D : -6.042743
[setup reg-reg] u_ibex/_1165_/Q -> u_uart/_7059_/D : -5.540976
[setup reg-reg] u_ibex/_1165_/Q -> u_uart/_7055_/D : -5.411739
[setup reg-reg] u_ibex/_1165_/Q -> u_uart/_7051_/D : -5.352536
[setup reg-reg] u_ibex/_1165_/Q -> u_uart/_7056_/D : -5.320342
[setup reg-reg] u_ibex/_1165_/Q -> u_uart/_7052_/D : -5.283205
[setup reg-reg] u_ibex/_1165_/Q -> u_uart/_7094_/D : -5.276839
[setup reg-reg] u_ibex/_1165_/Q -> u_uart/_7057_/D : -5.190941
[setup reg-reg] u_ibex/_1165_/Q -> u_uart/_7053_/D : -5.189467
[setup reg-reg] u_ibex/_1165_/Q -> u_uart/_7058_/D : -5.176169
[setup reg-reg] u_ibex/_1165_/Q -> u_uart/_7054_/D : -5.164239
[setup reg-reg] u_ibex/_1165_/Q -> u_spi_host/_3881_/D : -4.822233
[setup reg-reg] u_ibex/_1165_/Q -> u_uart/_7015_/D : -4.779316
[setup reg-reg] u_ibex/_1165_/Q -> u_spi_host/_4377_/D : -4.741075
[setup reg-reg] u_ibex/_1165_/Q -> u_spi_host/_3880_/D : -4.726225
[setup reg-reg] u_ibex/_1165_/Q -> u_spi_host/_4374_/D : -4.546855
[setup reg-reg] u_uart/_7113_/Q -> u_plic/_3098_/D : -4.211650
[setup reg-reg] u_uart/_7113_/Q -> u_plic/_3074_/D : -4.160782
[setup reg-reg] u_uart/_7113_/Q -> u_plic/_3082_/D : -4.159702
[setup reg-reg] u_uart/_7113_/Q -> u_plic/_3072_/D : -4.159094
[setup reg-reg] u_uart/_7113_/Q -> u_plic/_3070_/D : -4.141416
[setup reg-reg] u_uart/_7113_/Q -> u_plic/_3086_/D : -4.135369
[setup reg-reg] u_uart/_7113_/Q -> u_plic/_3094_/D : -4.120039
[setup reg-reg] u_uart/_7113_/Q -> u_plic/_3076_/D : -4.094421
[setup reg-reg] u_uart/_7113_/Q -> u_plic/_3075_/D : -4.036277
[setup reg-reg] u_uart/_7113_/Q -> u_plic/_3084_/D : -3.963706
[setup reg-reg] u_uart/_7113_/Q -> u_plic/_3235_/D : -3.962473
[setup reg-reg] u_uart/_7113_/Q -> u_plic/_3068_/D : -3.799542
[setup reg-reg] u_uart/_7113_/Q -> u_plic/_3085_/D : -3.796476
[setup reg-reg] u_uart/_7113_/Q -> u_plic/_3091_/D : -3.763191
[setup reg-reg] u_uart/_7113_/Q -> u_plic/_3080_/D : -3.761795
[setup reg-reg] u_ibex/_1165_/Q -> u_spi_host/_4376_/D : -3.741196
[setup reg-reg] u_uart/_7113_/Q -> u_plic/_3083_/D : -3.733611
[setup reg-reg] u_ibex/_1165_/Q -> u_spi_host/_4379_/D : -3.715606
[setup reg-reg] u_uart/_7113_/Q -> u_plic/_3095_/D : -3.701882
[setup reg-reg] u_uart/_7113_/Q -> u_plic/_3078_/D : -3.660848
[setup reg-reg] u_ibex/_1165_/Q -> u_spi_host/_3879_/D : -3.655725
[setup reg-reg] u_uart/_7113_/Q -> u_plic/_3090_/D : -3.635883
[setup reg-reg] u_uart/_7113_/Q -> u_plic/_3089_/D : -3.622692
[setup reg-reg] u_uart/_7113_/Q -> u_plic/_3097_/D : -3.608946
[setup reg-reg] u_uart/_7113_/Q -> u_plic/_3088_/D : -3.509413
[setup reg-reg] u_ibex/_1165_/Q -> u_spi_host/_4381_/D : -3.384930
[setup reg-reg] u_ibex/_1165_/Q -> u_spi_host/_4386_/D : -3.224759
[setup reg-reg] u_ibex/_1165_/Q -> u_spi_host/_4384_/D : -3.137981
[setup reg-reg] u_ibex/_1165_/Q -> u_spi_host/_4387_/D : -3.117147
[setup reg-reg] u_ibex/_1165_/Q -> u_spi_host/_4382_/D : -3.094762
[setup reg-reg] u_ibex/_1165_/Q -> u_spi_host/_4372_/D : -3.087234
[setup reg-reg] u_uart/_7113_/Q -> u_plic/_3092_/D : -3.085241
[setup reg-reg] u_uart/_7113_/Q -> u_plic/_3096_/D : -3.082754
[setup reg-reg] u_ibex/_1165_/Q -> u_spi_host/_4378_/D : -2.941270
[setup reg-reg] u_ibex/_1165_/Q -> u_spi_host/_4380_/D : -2.882906
[setup reg-reg] u_uart/_7113_/Q -> u_plic/_3087_/D : -2.795030
[setup reg-reg] u_ibex/_1165_/Q -> u_spi_host/_4373_/D : -2.761173
[setup reg-reg] u_ibex/_1165_/Q -> u_spi_host/_4375_/D : -2.757623
[setup reg-reg] u_uart/_7113_/Q -> u_plic/_3093_/D : -2.648534
[setup reg-reg] u_uart/_7674_/Q -> u_uart/_7214_/D : -2.411657
[setup reg-reg] u_uart/_7674_/Q -> u_uart/_7215_/D : -2.347001
[setup reg-reg] u_uart/_7674_/Q -> u_uart/_7219_/D : -2.329255
[setup reg-reg] u_uart/_7674_/Q -> u_uart/_7220_/D : -2.212101
[setup reg-reg] u_uart/_7113_/Q -> u_plic/_3099_/D : -2.177785
[setup reg-reg] u_uart/_7674_/Q -> u_uart/_7217_/D : -2.143040
[setup reg-reg] u_uart/_7674_/Q -> u_uart/_7218_/D : -2.050644
[setup reg-reg] u_uart/_7631_/Q -> u_uart/_7422_/D : -1.812165
[setup reg-reg] u_uart/_7631_/Q -> u_uart/_7427_/D : -1.646452
[setup reg-reg] u_uart/_7113_/Q -> u_plic/_3237_/D : -1.635925
[setup reg-reg] u_uart/_7631_/Q -> u_uart/_7424_/D : -1.618734
[setup reg-reg] u_uart/_7631_/Q -> u_uart/_7423_/D : -1.531806
[setup reg-reg] u_ibex/_1165_/Q -> u_spi_host/_4383_/D : -1.530758
[setup reg-reg] u_ibex/_1165_/Q -> u_plic/_3234_/D : -1.488783
[setup reg-reg] u_uart/_7631_/Q -> u_uart/_7428_/D : -1.408427
[setup reg-reg] u_uart/_7631_/Q -> u_uart/_7510_/D : -1.388301
[setup reg-reg] u_uart/_7631_/Q -> u_uart/_7521_/D : -1.313158
[setup reg-reg] u_uart/_7631_/Q -> u_uart/_7523_/D : -1.306436
[setup reg-reg] u_uart/_7631_/Q -> u_uart/_7524_/D : -1.299501
[setup reg-reg] u_ibex/_1165_/Q -> u_spi_host/_4385_/D : -1.258169
[setup reg-reg] u_ibex/_1165_/Q -> u_spi_host/_4404_/D : -1.241368
[setup reg-reg] u_uart/_7631_/Q -> u_uart/_7520_/D : -1.227601
[setup reg-reg] u_uart/_7631_/Q -> u_uart/_7425_/D : -1.182041
[setup reg-reg] u_uart/_7631_/Q -> u_uart/_7522_/D : -1.160345
[setup reg-reg] u_uart/_7631_/Q -> u_uart/_7519_/D : -1.112415
[setup reg-reg] u_ibex/_1165_/Q -> u_uart/_6973_/D : -1.109331
[setup reg-reg] u_uart/_7631_/Q -> u_uart/_7426_/D : -1.062684
[setup reg-reg] u_uart/_7631_/Q -> u_uart/_7429_/D : -0.837019
[setup reg-reg] u_uart/_7631_/Q -> u_uart/_7396_/D : -0.823924
[setup reg-reg] u_uart/_7631_/Q -> u_uart/_7397_/D : -0.820208
[setup reg-reg] u_uart/_7113_/Q -> u_plic/_3236_/D : -0.570825
[setup reg-reg] u_uart/_7674_/Q -> u_uart/_7165_/D : -0.564803
[setup reg-reg] u_uart/_7674_/Q -> u_uart/_7216_/D : -0.520988
[setup reg-reg] u_uart/_7674_/Q -> u_uart/_7291_/D : -0.474351
[setup reg-reg] u_uart/_7674_/Q -> u_uart/_7175_/D : -0.439602
[setup reg-reg] u_uart/_7674_/Q -> u_uart/_7160_/D : -0.428841
[setup reg-reg] u_uart/_7674_/Q -> u_uart/_7159_/D : -0.409180
[setup reg-reg] u_uart/_7631_/Q -> u_uart/_7394_/D : -0.406136
[setup reg-reg] u_uart/_7631_/Q -> u_uart/_7390_/D : -0.384130
[setup reg-reg] u_uart/_7674_/Q -> u_uart/_7179_/D : -0.351250
[setup reg-reg] u_uart/_7674_/Q -> u_uart/_7221_/D : -0.349306
[setup reg-reg] u_uart/_7674_/Q -> u_uart/_7163_/D : -0.344990
[setup reg-reg] u_dm/_09050_/Q -> u_ibex/_1148_/D : -0.333522
[setup reg-reg] u_uart/_7674_/Q -> u_uart/_7176_/D : -0.312070
[setup reg-reg] u_uart/_7674_/Q -> u_uart/_7288_/D : -0.249909
[setup reg-reg] u_uart/_7631_/Q -> u_uart/_7525_/D : -0.240927
[setup reg-reg] u_uart/_7674_/Q -> u_uart/_7178_/D : -0.239794
[setup reg-reg] u_uart/_7674_/Q -> u_uart/_7164_/D : -0.210225
[setup reg-reg] u_uart/_7674_/Q -> u_uart/_7180_/D : -0.108024
[setup reg-reg] u_uart/_7674_/Q -> u_uart/_7127_/D : -0.103437
[setup reg-reg] u_uart/_7631_/Q -> u_uart/_7529_/D : -0.085336
[setup reg-reg] u_uart/_7631_/Q -> u_uart/_7513_/D : -0.063107
[setup reg-reg] u_uart/_7674_/Q -> u_uart/_7161_/D : -0.006889
