
===========================================================================
report_checks -unconstrained
===========================================================================
======================= min_ss_100C_1v60 Corner ===================================

Startpoint: rst_ni (input port clocked by clk_i)
Endpoint: _7547_ (recovery check against rising-edge clock clk_i)
Path Group: asynchronous
Path Type: max

Fanout         Cap        Slew       Delay        Time   Description
---------------------------------------------------------------------------------------------
                                  0.000000    0.000000   clock clk_i (rise edge)
                                  0.000000    0.000000   clock network delay (propagated)
                                  5.000000    5.000000 ^ input external delay
     1    0.002635    0.031168    0.014898    5.014898 ^ rst_ni (in)
                                                         rst_ni (net)
                      0.031168    0.000000    5.014898 ^ input6/A (sky130_fd_sc_hd__buf_1)
     1    0.012731    0.250515    0.261802    5.276700 ^ input6/X (sky130_fd_sc_hd__buf_1)
                                                         net6 (net)
                      0.250517    0.000688    5.277389 ^ fanout1558/A (sky130_fd_sc_hd__buf_4)
     4    0.084609    0.375970    0.505588    5.782978 ^ fanout1558/X (sky130_fd_sc_hd__buf_4)
                                                         net1558 (net)
                      0.376681    0.013534    5.796512 ^ fanout1557/A (sky130_fd_sc_hd__clkbuf_2)
     4    0.051356    0.433433    0.579088    6.375600 ^ fanout1557/X (sky130_fd_sc_hd__clkbuf_2)
                                                         net1557 (net)
                      0.433442    0.002572    6.378172 ^ fanout1538/A (sky130_fd_sc_hd__dlymetal6s2s_1)
     3    0.026477    0.421655    0.552043    6.930215 ^ fanout1538/X (sky130_fd_sc_hd__dlymetal6s2s_1)
                                                         net1538 (net)
                      0.421655    0.000744    6.930959 ^ fanout1536/A (sky130_fd_sc_hd__buf_2)
     4    0.042129    0.331610    0.533375    7.464334 ^ fanout1536/X (sky130_fd_sc_hd__buf_2)
                                                         net1536 (net)
                      0.331610    0.000655    7.464989 ^ fanout1528/A (sky130_fd_sc_hd__buf_2)
     6    0.063718    0.490413    0.613306    8.078295 ^ fanout1528/X (sky130_fd_sc_hd__buf_2)
                                                         net1528 (net)
                      0.490413    0.000788    8.079082 ^ fanout1527/A (sky130_fd_sc_hd__buf_1)
     3    0.032835    0.615244    0.678196    8.757278 ^ fanout1527/X (sky130_fd_sc_hd__buf_1)
                                                         net1527 (net)
                      0.615244    0.000787    8.758065 ^ fanout1524/A (sky130_fd_sc_hd__clkbuf_2)
     6    0.037263    0.320896    0.590052    9.348117 ^ fanout1524/X (sky130_fd_sc_hd__clkbuf_2)
                                                         net1524 (net)
                      0.320896    0.000428    9.348545 ^ fanout1523/A (sky130_fd_sc_hd__clkbuf_2)
     6    0.041181    0.351434    0.499056    9.847601 ^ fanout1523/X (sky130_fd_sc_hd__clkbuf_2)
                                                         net1523 (net)
                      0.351458    0.003171    9.850772 ^ _7547_/RESET_B (sky130_fd_sc_hd__dfrtp_1)
                                              9.850772   data arrival time

                                 25.000000   25.000000   clock clk_i (rise edge)
                                  0.000000   25.000000   clock source latency
     2    0.080124    0.575551    0.402132   25.402130 ^ clk_i (in)
                                                         clk_i (net)
                      0.575582    0.000000   25.402130 ^ clkbuf_0_clk_i/A (sky130_fd_sc_hd__clkbuf_16)
     8    0.160001    0.263490    0.596263   25.998394 ^ clkbuf_0_clk_i/X (sky130_fd_sc_hd__clkbuf_16)
                                                         clknet_0_clk_i (net)
                      0.263499    0.001835   26.000229 ^ clkbuf_3_1_0_clk_i/A (sky130_fd_sc_hd__clkbuf_8)
     2    0.036687    0.122573    0.359071   26.359299 ^ clkbuf_3_1_0_clk_i/X (sky130_fd_sc_hd__clkbuf_8)
                                                         clknet_3_1_0_clk_i (net)
                      0.122573    0.000448   26.359747 ^ clkbuf_4_3__f_clk_i/A (sky130_fd_sc_hd__clkbuf_16)
     9    0.078372    0.145858    0.315850   26.675598 ^ clkbuf_4_3__f_clk_i/X (sky130_fd_sc_hd__clkbuf_16)
                                                         clknet_4_3__leaf_clk_i (net)
                      0.145908    0.002544   26.678141 ^ clkbuf_leaf_65_clk_i/A (sky130_fd_sc_hd__clkbuf_8)
     5    0.030424    0.108686    0.294078   26.972219 ^ clkbuf_leaf_65_clk_i/X (sky130_fd_sc_hd__clkbuf_8)
                                                         clknet_leaf_65_clk_i (net)
                      0.108686    0.000162   26.972382 ^ _7547_/CLK (sky130_fd_sc_hd__dfrtp_1)
                                 -0.250000   26.722382   clock uncertainty
                                  0.000000   26.722382   clock reconvergence pessimism
                                  0.371470   27.093851   library recovery time
                                             27.093851   data required time
---------------------------------------------------------------------------------------------
                                             27.093851   data required time
                                             -9.850772   data arrival time
---------------------------------------------------------------------------------------------
                                             17.243078   slack (MET)


Startpoint: _8093_ (rising edge-triggered flip-flop clocked by clk_i)
Endpoint: _7958_ (rising edge-triggered flip-flop clocked by clk_i)
Path Group: clk_i
Path Type: max

Fanout         Cap        Slew       Delay        Time   Description
---------------------------------------------------------------------------------------------
                                  0.000000    0.000000   clock clk_i (rise edge)
                                  0.000000    0.000000   clock source latency
     2    0.080124    0.575551    0.402131    0.402131 ^ clk_i (in)
                                                         clk_i (net)
                      0.575582    0.000000    0.402131 ^ clkbuf_0_clk_i/A (sky130_fd_sc_hd__clkbuf_16)
     8    0.160001    0.263490    0.596264    0.998395 ^ clkbuf_0_clk_i/X (sky130_fd_sc_hd__clkbuf_16)
                                                         clknet_0_clk_i (net)
                      0.263502    0.002029    1.000424 ^ clkbuf_3_4_0_clk_i/A (sky130_fd_sc_hd__clkbuf_8)
     2    0.033643    0.115236    0.353337    1.353762 ^ clkbuf_3_4_0_clk_i/X (sky130_fd_sc_hd__clkbuf_8)
                                                         clknet_3_4_0_clk_i (net)
                      0.115241    0.000928    1.354690 ^ clkbuf_4_9__f_clk_i/A (sky130_fd_sc_hd__clkbuf_16)
    11    0.098930    0.174518    0.334419    1.689110 ^ clkbuf_4_9__f_clk_i/X (sky130_fd_sc_hd__clkbuf_16)
                                                         clknet_4_9__leaf_clk_i (net)
                      0.174543    0.002210    1.691319 ^ clkbuf_leaf_97_clk_i/A (sky130_fd_sc_hd__clkbuf_8)
     9    0.042140    0.134963    0.329700    2.021019 ^ clkbuf_leaf_97_clk_i/X (sky130_fd_sc_hd__clkbuf_8)
                                                         clknet_leaf_97_clk_i (net)
                      0.134963    0.000267    2.021286 ^ _8093_/CLK (sky130_fd_sc_hd__dfrtp_1)
     1    0.002310    0.073601    0.753228    2.774515 v _8093_/Q (sky130_fd_sc_hd__dfrtp_1)
                                                         uart_core.uart_rx.sreg_q[6] (net)
                      0.073601    0.000015    2.774530 v hold5603/A (sky130_fd_sc_hd__dlygate4sd3_1)
     1    0.003251    0.109469    1.132562    3.907092 v hold5603/X (sky130_fd_sc_hd__dlygate4sd3_1)
                                                         net7310 (net)
                      0.109469    0.000046    3.907138 v hold1576/A (sky130_fd_sc_hd__dlygate4sd3_1)
     2    0.009625    0.171560    1.228631    5.135769 v hold1576/X (sky130_fd_sc_hd__dlygate4sd3_1)
                                                         net3283 (net)
                      0.171560    0.000056    5.135824 v hold5604/A (sky130_fd_sc_hd__dlygate4sd3_1)
     2    0.017429    0.233777    1.332290    6.468114 v hold5604/X (sky130_fd_sc_hd__dlygate4sd3_1)
                                                         net7311 (net)
                      0.233777    0.000647    6.468761 v fanout1128/A (sky130_fd_sc_hd__clkbuf_2)
     6    0.042716    0.297233    0.452804    6.921566 v fanout1128/X (sky130_fd_sc_hd__clkbuf_2)
                                                         net1128 (net)
                      0.297278    0.003596    6.925161 v _5477_/B (sky130_fd_sc_hd__nand2_1)
     1    0.003527    0.109096    0.203637    7.128798 ^ _5477_/Y (sky130_fd_sc_hd__nand2_1)
                                                         _2704_ (net)
                      0.109096    0.000052    7.128850 ^ hold2367/A (sky130_fd_sc_hd__dlygate4sd3_1)
     2    0.009815    0.186803    1.146118    8.274968 ^ hold2367/X (sky130_fd_sc_hd__dlygate4sd3_1)
                                                         net4074 (net)
                      0.186803    0.000210    8.275179 ^ _5479_/D (sky130_fd_sc_hd__nand4_1)
     1    0.005625    0.239681    0.320307    8.595487 v _5479_/Y (sky130_fd_sc_hd__nand4_1)
                                                         _2706_ (net)
                      0.239681    0.000141    8.595628 v hold2368/A (sky130_fd_sc_hd__dlygate4sd3_1)
     1    0.006562    0.143628    1.257187    9.852815 v hold2368/X (sky130_fd_sc_hd__dlygate4sd3_1)
                                                         net4075 (net)
                      0.143628    0.000166    9.852981 v _5480_/B (sky130_fd_sc_hd__nand2b_1)
     1    0.008179    0.155970    0.198118   10.051099 ^ _5480_/Y (sky130_fd_sc_hd__nand2b_1)
                                                         _2707_ (net)
                      0.155970    0.000164   10.051263 ^ hold2369/A (sky130_fd_sc_hd__dlygate4sd3_1)
     1    0.006461    0.140825    1.124377   11.175640 ^ hold2369/X (sky130_fd_sc_hd__dlygate4sd3_1)
                                                         net4076 (net)
                      0.140825    0.000096   11.175736 ^ _5492_/A (sky130_fd_sc_hd__xnor2_1)
     1    0.005281    0.126483    0.191733   11.367469 v _5492_/Y (sky130_fd_sc_hd__xnor2_1)
                                                         _2719_ (net)
                      0.126483    0.000122   11.367591 v hold2370/A (sky130_fd_sc_hd__dlygate4sd3_1)
     2    0.024267    0.290485    1.364381   12.731972 v hold2370/X (sky130_fd_sc_hd__dlygate4sd3_1)
                                                         net4077 (net)
                      0.290485    0.000802   12.732774 v _5493_/A (sky130_fd_sc_hd__nand3_1)
     1    0.012309    0.251133    0.304828   13.037601 ^ _5493_/Y (sky130_fd_sc_hd__nand3_1)
                                                         _2720_ (net)
                      0.251133    0.000528   13.038129 ^ hold2371/A (sky130_fd_sc_hd__dlygate4sd3_1)
     3    0.017335    0.289033    1.284181   14.322309 ^ hold2371/X (sky130_fd_sc_hd__dlygate4sd3_1)
                                                         net4078 (net)
                      0.289033    0.000299   14.322609 ^ _6071_/A (sky130_fd_sc_hd__and4_1)
     1    0.032245    0.503554    0.758607   15.081217 ^ _6071_/X (sky130_fd_sc_hd__and4_1)
                                                         _3238_ (net)
                      0.503554    0.001064   15.082281 ^ fanout485/A (sky130_fd_sc_hd__buf_2)
     6    0.058416    0.451823    0.651845   15.734125 ^ fanout485/X (sky130_fd_sc_hd__buf_2)
                                                         net485 (net)
                      0.451823    0.000854   15.734980 ^ fanout484/A (sky130_fd_sc_hd__buf_1)
     3    0.031970    0.600012    0.655994   16.390974 ^ fanout484/X (sky130_fd_sc_hd__buf_1)
                                                         net484 (net)
                      0.600012    0.001863   16.392838 ^ fanout483/A (sky130_fd_sc_hd__clkbuf_2)
     6    0.049918    0.421993    0.656133   17.048971 ^ fanout483/X (sky130_fd_sc_hd__clkbuf_2)
                                                         net483 (net)
                      0.421993    0.000695   17.049665 ^ fanout482/A (sky130_fd_sc_hd__clkbuf_2)
     6    0.039163    0.335491    0.526363   17.576029 ^ fanout482/X (sky130_fd_sc_hd__clkbuf_2)
                                                         net482 (net)
                      0.335503    0.002400   17.578428 ^ fanout481/A (sky130_fd_sc_hd__clkbuf_2)
     6    0.031639    0.274329    0.450948   18.029375 ^ fanout481/X (sky130_fd_sc_hd__clkbuf_2)
                                                         net481 (net)
                      0.274334    0.001631   18.031006 ^ _6487_/B1 (sky130_fd_sc_hd__o21a_1)
     1    0.018996    0.305967    0.475163   18.506170 ^ _6487_/X (sky130_fd_sc_hd__o21a_1)
                                                         _3390_ (net)
                      0.305967    0.000366   18.506535 ^ fanout373/A (sky130_fd_sc_hd__clkbuf_2)
     5    0.066383    0.554085    0.637353   19.143888 ^ fanout373/X (sky130_fd_sc_hd__clkbuf_2)
                                                         net373 (net)
                      0.554088    0.002371   19.146259 ^ fanout352/A (sky130_fd_sc_hd__buf_1)
     3    0.026164    0.494724    0.609845   19.756105 ^ fanout352/X (sky130_fd_sc_hd__buf_1)
                                                         net352 (net)
                      0.494724    0.000732   19.756836 ^ fanout337/A (sky130_fd_sc_hd__buf_1)
     3    0.018843    0.362098    0.498757   20.255594 ^ fanout337/X (sky130_fd_sc_hd__buf_1)
                                                         net337 (net)
                      0.362098    0.000272   20.255865 ^ fanout336/A (sky130_fd_sc_hd__clkbuf_2)
     6    0.033612    0.290219    0.473007   20.728872 ^ fanout336/X (sky130_fd_sc_hd__clkbuf_2)
                                                         net336 (net)
                      0.290219    0.000815   20.729687 ^ fanout335/A (sky130_fd_sc_hd__dlymetal6s2s_1)
     4    0.031859    0.498528    0.559879   21.289566 ^ fanout335/X (sky130_fd_sc_hd__dlymetal6s2s_1)
                                                         net335 (net)
                      0.498675    0.000670   21.290236 ^ _6642_/C (sky130_fd_sc_hd__and3_1)
     3    0.026854    0.421501    0.702245   21.992481 ^ _6642_/X (sky130_fd_sc_hd__and3_1)
                                                         _3409_ (net)
                      0.421501    0.001284   21.993765 ^ fanout250/A (sky130_fd_sc_hd__buf_2)
     6    0.043353    0.340579    0.540085   22.533852 ^ fanout250/X (sky130_fd_sc_hd__buf_2)
                                                         net250 (net)
                      0.340581    0.001567   22.535418 ^ _6643_/S (sky130_fd_sc_hd__mux2_1)
     1    0.011084    0.189542    0.891813   23.427231 v _6643_/X (sky130_fd_sc_hd__mux2_1)
                                                         _0604_ (net)
                      0.189542    0.000192   23.427422 v hold4871/A (sky130_fd_sc_hd__dlygate4sd3_1)
     1    0.008293    0.158994    1.252403   24.679825 v hold4871/X (sky130_fd_sc_hd__dlygate4sd3_1)
                                                         net6578 (net)
                      0.158994    0.000243   24.680069 v hold1167/A (sky130_fd_sc_hd__dlygate4sd3_1)
     1    0.003409    0.111672    1.176490   25.856558 v hold1167/X (sky130_fd_sc_hd__dlygate4sd3_1)
                                                         net2874 (net)
                      0.111672    0.000050   25.856607 v hold4872/A (sky130_fd_sc_hd__dlygate4sd3_1)
     1    0.006541    0.142448    1.194598   27.051207 v hold4872/X (sky130_fd_sc_hd__dlygate4sd3_1)
                                                         net6579 (net)
                      0.142448    0.000178   27.051384 v _7958_/D (sky130_fd_sc_hd__dfxtp_1)
                                             27.051384   data arrival time

                                 25.000000   25.000000   clock clk_i (rise edge)
                                  0.000000   25.000000   clock source latency
     2    0.080124    0.575551    0.402132   25.402130 ^ clk_i (in)
                                                         clk_i (net)
                      0.575582    0.000000   25.402130 ^ clkbuf_0_clk_i/A (sky130_fd_sc_hd__clkbuf_16)
     8    0.160001    0.263490    0.596263   25.998394 ^ clkbuf_0_clk_i/X (sky130_fd_sc_hd__clkbuf_16)
                                                         clknet_0_clk_i (net)
                      0.263501    0.001981   26.000374 ^ clkbuf_3_0_0_clk_i/A (sky130_fd_sc_hd__clkbuf_8)
     2    0.035777    0.120300    0.357336   26.357710 ^ clkbuf_3_0_0_clk_i/X (sky130_fd_sc_hd__clkbuf_8)
                                                         clknet_3_0_0_clk_i (net)
                      0.120305    0.000929   26.358639 ^ clkbuf_4_1__f_clk_i/A (sky130_fd_sc_hd__clkbuf_16)
     9    0.080182    0.148372    0.316888   26.675526 ^ clkbuf_4_1__f_clk_i/X (sky130_fd_sc_hd__clkbuf_16)
                                                         clknet_4_1__leaf_clk_i (net)
                      0.148372    0.000764   26.676291 ^ clkbuf_leaf_26_clk_i/A (sky130_fd_sc_hd__clkbuf_8)
     8    0.030576    0.108889    0.295804   26.972095 ^ clkbuf_leaf_26_clk_i/X (sky130_fd_sc_hd__clkbuf_8)
                                                         clknet_leaf_26_clk_i (net)
                      0.108889    0.000144   26.972239 ^ _7958_/CLK (sky130_fd_sc_hd__dfxtp_1)
                                 -0.250000   26.722239   clock uncertainty
                                  0.000000   26.722239   clock reconvergence pessimism
                                 -0.288600   26.433640   library setup time
                                             26.433640   data required time
---------------------------------------------------------------------------------------------
                                             26.433640   data required time
                                            -27.051384   data arrival time
---------------------------------------------------------------------------------------------
                                             -0.617744   slack (VIOLATED)




===========================================================================
report_checks --slack_max -0.01
============================================================================
======================= min_ss_100C_1v60 Corner ===================================

Startpoint: _8093_ (rising edge-triggered flip-flop clocked by clk_i)
Endpoint: _7958_ (rising edge-triggered flip-flop clocked by clk_i)
Path Group: clk_i
Path Type: max

Fanout         Cap        Slew       Delay        Time   Description
---------------------------------------------------------------------------------------------
                                  0.000000    0.000000   clock clk_i (rise edge)
                                  0.000000    0.000000   clock source latency
     2    0.080124    0.575551    0.402131    0.402131 ^ clk_i (in)
                                                         clk_i (net)
                      0.575582    0.000000    0.402131 ^ clkbuf_0_clk_i/A (sky130_fd_sc_hd__clkbuf_16)
     8    0.160001    0.263490    0.596264    0.998395 ^ clkbuf_0_clk_i/X (sky130_fd_sc_hd__clkbuf_16)
                                                         clknet_0_clk_i (net)
                      0.263502    0.002029    1.000424 ^ clkbuf_3_4_0_clk_i/A (sky130_fd_sc_hd__clkbuf_8)
     2    0.033643    0.115236    0.353337    1.353762 ^ clkbuf_3_4_0_clk_i/X (sky130_fd_sc_hd__clkbuf_8)
                                                         clknet_3_4_0_clk_i (net)
                      0.115241    0.000928    1.354690 ^ clkbuf_4_9__f_clk_i/A (sky130_fd_sc_hd__clkbuf_16)
    11    0.098930    0.174518    0.334419    1.689110 ^ clkbuf_4_9__f_clk_i/X (sky130_fd_sc_hd__clkbuf_16)
                                                         clknet_4_9__leaf_clk_i (net)
                      0.174543    0.002210    1.691319 ^ clkbuf_leaf_97_clk_i/A (sky130_fd_sc_hd__clkbuf_8)
     9    0.042140    0.134963    0.329700    2.021019 ^ clkbuf_leaf_97_clk_i/X (sky130_fd_sc_hd__clkbuf_8)
                                                         clknet_leaf_97_clk_i (net)
                      0.134963    0.000267    2.021286 ^ _8093_/CLK (sky130_fd_sc_hd__dfrtp_1)
     1    0.002310    0.073601    0.753228    2.774515 v _8093_/Q (sky130_fd_sc_hd__dfrtp_1)
                                                         uart_core.uart_rx.sreg_q[6] (net)
                      0.073601    0.000015    2.774530 v hold5603/A (sky130_fd_sc_hd__dlygate4sd3_1)
     1    0.003251    0.109469    1.132562    3.907092 v hold5603/X (sky130_fd_sc_hd__dlygate4sd3_1)
                                                         net7310 (net)
                      0.109469    0.000046    3.907138 v hold1576/A (sky130_fd_sc_hd__dlygate4sd3_1)
     2    0.009625    0.171560    1.228631    5.135769 v hold1576/X (sky130_fd_sc_hd__dlygate4sd3_1)
                                                         net3283 (net)
                      0.171560    0.000056    5.135824 v hold5604/A (sky130_fd_sc_hd__dlygate4sd3_1)
     2    0.017429    0.233777    1.332290    6.468114 v hold5604/X (sky130_fd_sc_hd__dlygate4sd3_1)
                                                         net7311 (net)
                      0.233777    0.000647    6.468761 v fanout1128/A (sky130_fd_sc_hd__clkbuf_2)
     6    0.042716    0.297233    0.452804    6.921566 v fanout1128/X (sky130_fd_sc_hd__clkbuf_2)
                                                         net1128 (net)
                      0.297278    0.003596    6.925161 v _5477_/B (sky130_fd_sc_hd__nand2_1)
     1    0.003527    0.109096    0.203637    7.128798 ^ _5477_/Y (sky130_fd_sc_hd__nand2_1)
                                                         _2704_ (net)
                      0.109096    0.000052    7.128850 ^ hold2367/A (sky130_fd_sc_hd__dlygate4sd3_1)
     2    0.009815    0.186803    1.146118    8.274968 ^ hold2367/X (sky130_fd_sc_hd__dlygate4sd3_1)
                                                         net4074 (net)
                      0.186803    0.000210    8.275179 ^ _5479_/D (sky130_fd_sc_hd__nand4_1)
     1    0.005625    0.239681    0.320307    8.595487 v _5479_/Y (sky130_fd_sc_hd__nand4_1)
                                                         _2706_ (net)
                      0.239681    0.000141    8.595628 v hold2368/A (sky130_fd_sc_hd__dlygate4sd3_1)
     1    0.006562    0.143628    1.257187    9.852815 v hold2368/X (sky130_fd_sc_hd__dlygate4sd3_1)
                                                         net4075 (net)
                      0.143628    0.000166    9.852981 v _5480_/B (sky130_fd_sc_hd__nand2b_1)
     1    0.008179    0.155970    0.198118   10.051099 ^ _5480_/Y (sky130_fd_sc_hd__nand2b_1)
                                                         _2707_ (net)
                      0.155970    0.000164   10.051263 ^ hold2369/A (sky130_fd_sc_hd__dlygate4sd3_1)
     1    0.006461    0.140825    1.124377   11.175640 ^ hold2369/X (sky130_fd_sc_hd__dlygate4sd3_1)
                                                         net4076 (net)
                      0.140825    0.000096   11.175736 ^ _5492_/A (sky130_fd_sc_hd__xnor2_1)
     1    0.005281    0.126483    0.191733   11.367469 v _5492_/Y (sky130_fd_sc_hd__xnor2_1)
                                                         _2719_ (net)
                      0.126483    0.000122   11.367591 v hold2370/A (sky130_fd_sc_hd__dlygate4sd3_1)
     2    0.024267    0.290485    1.364381   12.731972 v hold2370/X (sky130_fd_sc_hd__dlygate4sd3_1)
                                                         net4077 (net)
                      0.290485    0.000802   12.732774 v _5493_/A (sky130_fd_sc_hd__nand3_1)
     1    0.012309    0.251133    0.304828   13.037601 ^ _5493_/Y (sky130_fd_sc_hd__nand3_1)
                                                         _2720_ (net)
                      0.251133    0.000528   13.038129 ^ hold2371/A (sky130_fd_sc_hd__dlygate4sd3_1)
     3    0.017335    0.289033    1.284181   14.322309 ^ hold2371/X (sky130_fd_sc_hd__dlygate4sd3_1)
                                                         net4078 (net)
                      0.289033    0.000299   14.322609 ^ _6071_/A (sky130_fd_sc_hd__and4_1)
     1    0.032245    0.503554    0.758607   15.081217 ^ _6071_/X (sky130_fd_sc_hd__and4_1)
                                                         _3238_ (net)
                      0.503554    0.001064   15.082281 ^ fanout485/A (sky130_fd_sc_hd__buf_2)
     6    0.058416    0.451823    0.651845   15.734125 ^ fanout485/X (sky130_fd_sc_hd__buf_2)
                                                         net485 (net)
                      0.451823    0.000854   15.734980 ^ fanout484/A (sky130_fd_sc_hd__buf_1)
     3    0.031970    0.600012    0.655994   16.390974 ^ fanout484/X (sky130_fd_sc_hd__buf_1)
                                                         net484 (net)
                      0.600012    0.001863   16.392838 ^ fanout483/A (sky130_fd_sc_hd__clkbuf_2)
     6    0.049918    0.421993    0.656133   17.048971 ^ fanout483/X (sky130_fd_sc_hd__clkbuf_2)
                                                         net483 (net)
                      0.421993    0.000695   17.049665 ^ fanout482/A (sky130_fd_sc_hd__clkbuf_2)
     6    0.039163    0.335491    0.526363   17.576029 ^ fanout482/X (sky130_fd_sc_hd__clkbuf_2)
                                                         net482 (net)
                      0.335503    0.002400   17.578428 ^ fanout481/A (sky130_fd_sc_hd__clkbuf_2)
     6    0.031639    0.274329    0.450948   18.029375 ^ fanout481/X (sky130_fd_sc_hd__clkbuf_2)
                                                         net481 (net)
                      0.274334    0.001631   18.031006 ^ _6487_/B1 (sky130_fd_sc_hd__o21a_1)
     1    0.018996    0.305967    0.475163   18.506170 ^ _6487_/X (sky130_fd_sc_hd__o21a_1)
                                                         _3390_ (net)
                      0.305967    0.000366   18.506535 ^ fanout373/A (sky130_fd_sc_hd__clkbuf_2)
     5    0.066383    0.554085    0.637353   19.143888 ^ fanout373/X (sky130_fd_sc_hd__clkbuf_2)
                                                         net373 (net)
                      0.554088    0.002371   19.146259 ^ fanout352/A (sky130_fd_sc_hd__buf_1)
     3    0.026164    0.494724    0.609845   19.756105 ^ fanout352/X (sky130_fd_sc_hd__buf_1)
                                                         net352 (net)
                      0.494724    0.000732   19.756836 ^ fanout337/A (sky130_fd_sc_hd__buf_1)
     3    0.018843    0.362098    0.498757   20.255594 ^ fanout337/X (sky130_fd_sc_hd__buf_1)
                                                         net337 (net)
                      0.362098    0.000272   20.255865 ^ fanout336/A (sky130_fd_sc_hd__clkbuf_2)
     6    0.033612    0.290219    0.473007   20.728872 ^ fanout336/X (sky130_fd_sc_hd__clkbuf_2)
                                                         net336 (net)
                      0.290219    0.000815   20.729687 ^ fanout335/A (sky130_fd_sc_hd__dlymetal6s2s_1)
     4    0.031859    0.498528    0.559879   21.289566 ^ fanout335/X (sky130_fd_sc_hd__dlymetal6s2s_1)
                                                         net335 (net)
                      0.498675    0.000670   21.290236 ^ _6642_/C (sky130_fd_sc_hd__and3_1)
     3    0.026854    0.421501    0.702245   21.992481 ^ _6642_/X (sky130_fd_sc_hd__and3_1)
                                                         _3409_ (net)
                      0.421501    0.001284   21.993765 ^ fanout250/A (sky130_fd_sc_hd__buf_2)
     6    0.043353    0.340579    0.540085   22.533852 ^ fanout250/X (sky130_fd_sc_hd__buf_2)
                                                         net250 (net)
                      0.340581    0.001567   22.535418 ^ _6643_/S (sky130_fd_sc_hd__mux2_1)
     1    0.011084    0.189542    0.891813   23.427231 v _6643_/X (sky130_fd_sc_hd__mux2_1)
                                                         _0604_ (net)
                      0.189542    0.000192   23.427422 v hold4871/A (sky130_fd_sc_hd__dlygate4sd3_1)
     1    0.008293    0.158994    1.252403   24.679825 v hold4871/X (sky130_fd_sc_hd__dlygate4sd3_1)
                                                         net6578 (net)
                      0.158994    0.000243   24.680069 v hold1167/A (sky130_fd_sc_hd__dlygate4sd3_1)
     1    0.003409    0.111672    1.176490   25.856558 v hold1167/X (sky130_fd_sc_hd__dlygate4sd3_1)
                                                         net2874 (net)
                      0.111672    0.000050   25.856607 v hold4872/A (sky130_fd_sc_hd__dlygate4sd3_1)
     1    0.006541    0.142448    1.194598   27.051207 v hold4872/X (sky130_fd_sc_hd__dlygate4sd3_1)
                                                         net6579 (net)
                      0.142448    0.000178   27.051384 v _7958_/D (sky130_fd_sc_hd__dfxtp_1)
                                             27.051384   data arrival time

                                 25.000000   25.000000   clock clk_i (rise edge)
                                  0.000000   25.000000   clock source latency
     2    0.080124    0.575551    0.402132   25.402130 ^ clk_i (in)
                                                         clk_i (net)
                      0.575582    0.000000   25.402130 ^ clkbuf_0_clk_i/A (sky130_fd_sc_hd__clkbuf_16)
     8    0.160001    0.263490    0.596263   25.998394 ^ clkbuf_0_clk_i/X (sky130_fd_sc_hd__clkbuf_16)
                                                         clknet_0_clk_i (net)
                      0.263501    0.001981   26.000374 ^ clkbuf_3_0_0_clk_i/A (sky130_fd_sc_hd__clkbuf_8)
     2    0.035777    0.120300    0.357336   26.357710 ^ clkbuf_3_0_0_clk_i/X (sky130_fd_sc_hd__clkbuf_8)
                                                         clknet_3_0_0_clk_i (net)
                      0.120305    0.000929   26.358639 ^ clkbuf_4_1__f_clk_i/A (sky130_fd_sc_hd__clkbuf_16)
     9    0.080182    0.148372    0.316888   26.675526 ^ clkbuf_4_1__f_clk_i/X (sky130_fd_sc_hd__clkbuf_16)
                                                         clknet_4_1__leaf_clk_i (net)
                      0.148372    0.000764   26.676291 ^ clkbuf_leaf_26_clk_i/A (sky130_fd_sc_hd__clkbuf_8)
     8    0.030576    0.108889    0.295804   26.972095 ^ clkbuf_leaf_26_clk_i/X (sky130_fd_sc_hd__clkbuf_8)
                                                         clknet_leaf_26_clk_i (net)
                      0.108889    0.000144   26.972239 ^ _7958_/CLK (sky130_fd_sc_hd__dfxtp_1)
                                 -0.250000   26.722239   clock uncertainty
                                  0.000000   26.722239   clock reconvergence pessimism
                                 -0.288600   26.433640   library setup time
                                             26.433640   data required time
---------------------------------------------------------------------------------------------
                                             26.433640   data required time
                                            -27.051384   data arrival time
---------------------------------------------------------------------------------------------
                                             -0.617744   slack (VIOLATED)




===========================================================================
 report_check_types -max_slew -max_cap -max_fanout -violators
============================================================================
======================= min_ss_100C_1v60 Corner ===================================

max slew

Pin                                        Limit        Slew       Slack
------------------------------------------------------------------------
_6234_/A                                1.000000    1.462453   -0.462453 (VIOLATED)
_6090_/A                                1.000000    1.462452   -0.462452 (VIOLATED)
_6089_/A                                1.000000    1.462448   -0.462449 (VIOLATED)
_6487_/A1                               1.000000    1.462440   -0.462440 (VIOLATED)
_6902_/A1                               1.000000    1.462431   -0.462431 (VIOLATED)
_6070_/Y                                1.000000    1.462391   -0.462391 (VIOLATED)
_6488_/A1                               1.000000    1.462391   -0.462391 (VIOLATED)
_5504_/Y                                1.000000    1.228090   -0.228090 (VIOLATED)
hold1687/A                              1.000000    1.228090   -0.228090 (VIOLATED)
_5382_/Y                                1.000000    1.221305   -0.221305 (VIOLATED)
fanout1380/A                            1.000000    1.221305   -0.221305 (VIOLATED)
fanout1381/A                            1.000000    1.221305   -0.221305 (VIOLATED)
ANTENNA_102/DIODE                       1.000000    1.204838   -0.204838 (VIOLATED)
ANTENNA_103/DIODE                       1.000000    1.204838   -0.204838 (VIOLATED)
_6769_/A                                1.000000    1.204838   -0.204838 (VIOLATED)
_6771_/A                                1.000000    1.204838   -0.204838 (VIOLATED)
_7257_/A1                               1.000000    1.204838   -0.204838 (VIOLATED)
_7261_/C                                1.000000    1.204838   -0.204838 (VIOLATED)
fanout1293/A                            1.000000    1.204838   -0.204838 (VIOLATED)
hold2327/X                              1.000000    1.204838   -0.204838 (VIOLATED)
ANTENNA_94/DIODE                        1.000000    1.149417   -0.149417 (VIOLATED)
ANTENNA_95/DIODE                        1.000000    1.149417   -0.149417 (VIOLATED)
ANTENNA_96/DIODE                        1.000000    1.149417   -0.149417 (VIOLATED)
ANTENNA_97/DIODE                        1.000000    1.149417   -0.149417 (VIOLATED)
_4914_/A0                               1.000000    1.149417   -0.149417 (VIOLATED)
_6911_/A1                               1.000000    1.149417   -0.149417 (VIOLATED)
_6955_/B                                1.000000    1.149417   -0.149417 (VIOLATED)
_7059_/A1                               1.000000    1.149417   -0.149417 (VIOLATED)
_7123_/A1                               1.000000    1.149417   -0.149417 (VIOLATED)
fanout1352/A                            1.000000    1.149417   -0.149417 (VIOLATED)
hold2207/X                              1.000000    1.149417   -0.149417 (VIOLATED)
_6197_/Y                                1.000000    1.121270   -0.121270 (VIOLATED)
fanout268/A                             1.000000    1.121270   -0.121270 (VIOLATED)
max_cap269/A                            1.000000    1.121270   -0.121270 (VIOLATED)
_4910_/A0                               1.000000    1.108549   -0.108549 (VIOLATED)
_6949_/B                                1.000000    1.108549   -0.108549 (VIOLATED)
_7036_/A0                               1.000000    1.108549   -0.108549 (VIOLATED)
_7056_/A1                               1.000000    1.108549   -0.108549 (VIOLATED)
_7120_/A1                               1.000000    1.108549   -0.108549 (VIOLATED)
fanout1364/A                            1.000000    1.108549   -0.108549 (VIOLATED)
hold2230/X                              1.000000    1.108549   -0.108549 (VIOLATED)
_5376_/Y                                1.000000    1.107813   -0.107813 (VIOLATED)
_5377_/S                                1.000000    1.107813   -0.107813 (VIOLATED)
_5518_/S                                1.000000    1.107813   -0.107813 (VIOLATED)
_6947_/B                                1.000000    1.062449   -0.062449 (VIOLATED)
_6907_/A1                               1.000000    1.062442   -0.062442 (VIOLATED)
_7211_/A1                               1.000000    1.062438   -0.062438 (VIOLATED)
_7035_/A0                               1.000000    1.062433   -0.062433 (VIOLATED)
_7055_/A1                               1.000000    1.062428   -0.062428 (VIOLATED)
_4908_/A0                               1.000000    1.062421   -0.062421 (VIOLATED)
hold2336/X                              1.000000    1.062421   -0.062421 (VIOLATED)
ANTENNA_93/DIODE                        1.000000    1.030638   -0.030638 (VIOLATED)
_4907_/A0                               1.000000    1.030638   -0.030638 (VIOLATED)
_7034_/A0                               1.000000    1.030638   -0.030638 (VIOLATED)
_7118_/A1                               1.000000    1.030638   -0.030638 (VIOLATED)
fanout1370/A                            1.000000    1.030638   -0.030638 (VIOLATED)
fanout1372/A                            1.000000    1.030638   -0.030638 (VIOLATED)
hold2145/X                              1.000000    1.030638   -0.030638 (VIOLATED)
_6843_/Y                                1.000000    1.018437   -0.018437 (VIOLATED)
fanout497/A                             1.000000    1.018437   -0.018437 (VIOLATED)
fanout498/A                             1.000000    1.018437   -0.018437 (VIOLATED)
_6095_/B_N                              1.000000    1.018114   -0.018114 (VIOLATED)
_6144_/A_N                              1.000000    1.018112   -0.018112 (VIOLATED)
_6105_/B_N                              1.000000    1.018111   -0.018111 (VIOLATED)
_6267_/B                                1.000000    1.018110   -0.018110 (VIOLATED)
_6122_/B                                1.000000    1.018106   -0.018106 (VIOLATED)
fanout1090/A                            1.000000    1.018103   -0.018103 (VIOLATED)
hold2318/X                              1.000000    1.018103   -0.018103 (VIOLATED)
_5428_/A2_N                             1.000000    1.016927   -0.016927 (VIOLATED)
_5450_/A2_N                             1.000000    1.016926   -0.016926 (VIOLATED)
_5431_/A2_N                             1.000000    1.016926   -0.016926 (VIOLATED)
_5390_/Y                                1.000000    1.016915   -0.016915 (VIOLATED)
_5764_/Y                                1.000000    1.015110   -0.015110 (VIOLATED)
_5770_/C1                               1.000000    1.015110   -0.015110 (VIOLATED)

max fanout

Pin                                   Limit Fanout  Slack
---------------------------------------------------------
clkbuf_leaf_19_clk_i/X                    6     14     -8 (VIOLATED)
clkbuf_leaf_21_clk_i/X                    6     14     -8 (VIOLATED)
clkbuf_leaf_28_clk_i/X                    6     14     -8 (VIOLATED)
clkbuf_leaf_59_clk_i/X                    6     14     -8 (VIOLATED)
clkbuf_4_10__f_clk_i/X                    6     13     -7 (VIOLATED)
clkbuf_leaf_107_clk_i/X                   6     13     -7 (VIOLATED)
clkbuf_leaf_127_clk_i/X                   6     13     -7 (VIOLATED)
clkbuf_leaf_133_clk_i/X                   6     13     -7 (VIOLATED)
clkbuf_leaf_30_clk_i/X                    6     13     -7 (VIOLATED)
clkbuf_4_4__f_clk_i/X                     6     12     -6 (VIOLATED)
clkbuf_4_5__f_clk_i/X                     6     12     -6 (VIOLATED)
clkbuf_leaf_118_clk_i/X                   6     12     -6 (VIOLATED)
clkbuf_leaf_121_clk_i/X                   6     12     -6 (VIOLATED)
clkbuf_leaf_130_clk_i/X                   6     12     -6 (VIOLATED)
clkbuf_leaf_147_clk_i/X                   6     12     -6 (VIOLATED)
clkbuf_leaf_27_clk_i/X                    6     12     -6 (VIOLATED)
clkbuf_leaf_29_clk_i/X                    6     12     -6 (VIOLATED)
clkbuf_leaf_2_clk_i/X                     6     12     -6 (VIOLATED)
fanout666/X                               6     12     -6 (VIOLATED)
clkbuf_4_15__f_clk_i/X                    6     11     -5 (VIOLATED)
clkbuf_4_9__f_clk_i/X                     6     11     -5 (VIOLATED)
clkbuf_leaf_104_clk_i/X                   6     11     -5 (VIOLATED)
clkbuf_leaf_110_clk_i/X                   6     11     -5 (VIOLATED)
clkbuf_leaf_122_clk_i/X                   6     11     -5 (VIOLATED)
clkbuf_leaf_129_clk_i/X                   6     11     -5 (VIOLATED)
clkbuf_leaf_142_clk_i/X                   6     11     -5 (VIOLATED)
clkbuf_leaf_1_clk_i/X                     6     11     -5 (VIOLATED)
clkbuf_leaf_38_clk_i/X                    6     11     -5 (VIOLATED)
clkbuf_leaf_45_clk_i/X                    6     11     -5 (VIOLATED)
clkbuf_leaf_5_clk_i/X                     6     11     -5 (VIOLATED)
clkbuf_leaf_66_clk_i/X                    6     11     -5 (VIOLATED)
clkbuf_leaf_6_clk_i/X                     6     11     -5 (VIOLATED)
clkbuf_leaf_86_clk_i/X                    6     11     -5 (VIOLATED)
clkbuf_4_14__f_clk_i/X                    6     10     -4 (VIOLATED)
clkbuf_4_6__f_clk_i/X                     6     10     -4 (VIOLATED)
clkbuf_leaf_109_clk_i/X                   6     10     -4 (VIOLATED)
clkbuf_leaf_10_clk_i/X                    6     10     -4 (VIOLATED)
clkbuf_leaf_111_clk_i/X                   6     10     -4 (VIOLATED)
clkbuf_leaf_114_clk_i/X                   6     10     -4 (VIOLATED)
clkbuf_leaf_11_clk_i/X                    6     10     -4 (VIOLATED)
clkbuf_leaf_128_clk_i/X                   6     10     -4 (VIOLATED)
clkbuf_leaf_12_clk_i/X                    6     10     -4 (VIOLATED)
clkbuf_leaf_135_clk_i/X                   6     10     -4 (VIOLATED)
clkbuf_leaf_136_clk_i/X                   6     10     -4 (VIOLATED)
clkbuf_leaf_138_clk_i/X                   6     10     -4 (VIOLATED)
clkbuf_leaf_139_clk_i/X                   6     10     -4 (VIOLATED)
clkbuf_leaf_13_clk_i/X                    6     10     -4 (VIOLATED)
clkbuf_leaf_14_clk_i/X                    6     10     -4 (VIOLATED)
clkbuf_leaf_35_clk_i/X                    6     10     -4 (VIOLATED)
clkbuf_leaf_37_clk_i/X                    6     10     -4 (VIOLATED)
clkbuf_leaf_41_clk_i/X                    6     10     -4 (VIOLATED)
clkbuf_leaf_43_clk_i/X                    6     10     -4 (VIOLATED)
clkbuf_leaf_48_clk_i/X                    6     10     -4 (VIOLATED)
clkbuf_leaf_56_clk_i/X                    6     10     -4 (VIOLATED)
clkbuf_leaf_57_clk_i/X                    6     10     -4 (VIOLATED)
clkbuf_leaf_62_clk_i/X                    6     10     -4 (VIOLATED)
clkbuf_leaf_63_clk_i/X                    6     10     -4 (VIOLATED)
clkbuf_leaf_8_clk_i/X                     6     10     -4 (VIOLATED)
clkbuf_leaf_98_clk_i/X                    6     10     -4 (VIOLATED)
hold2207/X                                6     10     -4 (VIOLATED)
clkbuf_4_0__f_clk_i/X                     6      9     -3 (VIOLATED)
clkbuf_4_11__f_clk_i/X                    6      9     -3 (VIOLATED)
clkbuf_4_13__f_clk_i/X                    6      9     -3 (VIOLATED)
clkbuf_4_1__f_clk_i/X                     6      9     -3 (VIOLATED)
clkbuf_4_3__f_clk_i/X                     6      9     -3 (VIOLATED)
clkbuf_4_8__f_clk_i/X                     6      9     -3 (VIOLATED)
clkbuf_leaf_102_clk_i/X                   6      9     -3 (VIOLATED)
clkbuf_leaf_115_clk_i/X                   6      9     -3 (VIOLATED)
clkbuf_leaf_116_clk_i/X                   6      9     -3 (VIOLATED)
clkbuf_leaf_120_clk_i/X                   6      9     -3 (VIOLATED)
clkbuf_leaf_123_clk_i/X                   6      9     -3 (VIOLATED)
clkbuf_leaf_140_clk_i/X                   6      9     -3 (VIOLATED)
clkbuf_leaf_15_clk_i/X                    6      9     -3 (VIOLATED)
clkbuf_leaf_24_clk_i/X                    6      9     -3 (VIOLATED)
clkbuf_leaf_34_clk_i/X                    6      9     -3 (VIOLATED)
clkbuf_leaf_36_clk_i/X                    6      9     -3 (VIOLATED)
clkbuf_leaf_3_clk_i/X                     6      9     -3 (VIOLATED)
clkbuf_leaf_40_clk_i/X                    6      9     -3 (VIOLATED)
clkbuf_leaf_46_clk_i/X                    6      9     -3 (VIOLATED)
clkbuf_leaf_47_clk_i/X                    6      9     -3 (VIOLATED)
clkbuf_leaf_58_clk_i/X                    6      9     -3 (VIOLATED)
clkbuf_leaf_61_clk_i/X                    6      9     -3 (VIOLATED)
clkbuf_leaf_69_clk_i/X                    6      9     -3 (VIOLATED)
clkbuf_leaf_75_clk_i/X                    6      9     -3 (VIOLATED)
clkbuf_leaf_76_clk_i/X                    6      9     -3 (VIOLATED)
clkbuf_leaf_78_clk_i/X                    6      9     -3 (VIOLATED)
clkbuf_leaf_87_clk_i/X                    6      9     -3 (VIOLATED)
clkbuf_leaf_91_clk_i/X                    6      9     -3 (VIOLATED)
clkbuf_leaf_94_clk_i/X                    6      9     -3 (VIOLATED)
clkbuf_leaf_97_clk_i/X                    6      9     -3 (VIOLATED)
clkbuf_leaf_9_clk_i/X                     6      9     -3 (VIOLATED)
fanout659/X                               6      9     -3 (VIOLATED)
fanout871/X                               6      9     -3 (VIOLATED)
fanout904/X                               6      9     -3 (VIOLATED)
_6094_/X                                  6      8     -2 (VIOLATED)
_6212_/X                                  6      8     -2 (VIOLATED)
clkbuf_0_clk_i/X                          6      8     -2 (VIOLATED)
clkbuf_4_12__f_clk_i/X                    6      8     -2 (VIOLATED)
clkbuf_4_7__f_clk_i/X                     6      8     -2 (VIOLATED)
clkbuf_leaf_105_clk_i/X                   6      8     -2 (VIOLATED)
clkbuf_leaf_117_clk_i/X                   6      8     -2 (VIOLATED)
clkbuf_leaf_137_clk_i/X                   6      8     -2 (VIOLATED)
clkbuf_leaf_143_clk_i/X                   6      8     -2 (VIOLATED)
clkbuf_leaf_16_clk_i/X                    6      8     -2 (VIOLATED)
clkbuf_leaf_26_clk_i/X                    6      8     -2 (VIOLATED)
clkbuf_leaf_53_clk_i/X                    6      8     -2 (VIOLATED)
clkbuf_leaf_54_clk_i/X                    6      8     -2 (VIOLATED)
clkbuf_leaf_55_clk_i/X                    6      8     -2 (VIOLATED)
clkbuf_leaf_60_clk_i/X                    6      8     -2 (VIOLATED)
clkbuf_leaf_64_clk_i/X                    6      8     -2 (VIOLATED)
clkbuf_leaf_68_clk_i/X                    6      8     -2 (VIOLATED)
clkbuf_leaf_73_clk_i/X                    6      8     -2 (VIOLATED)
clkbuf_leaf_7_clk_i/X                     6      8     -2 (VIOLATED)
clkbuf_leaf_84_clk_i/X                    6      8     -2 (VIOLATED)
clkbuf_leaf_88_clk_i/X                    6      8     -2 (VIOLATED)
clkbuf_leaf_92_clk_i/X                    6      8     -2 (VIOLATED)
clkbuf_leaf_93_clk_i/X                    6      8     -2 (VIOLATED)
clkbuf_leaf_95_clk_i/X                    6      8     -2 (VIOLATED)
clkbuf_leaf_96_clk_i/X                    6      8     -2 (VIOLATED)
fanout1149/X                              6      8     -2 (VIOLATED)
fanout1313/X                              6      8     -2 (VIOLATED)
fanout1367/X                              6      8     -2 (VIOLATED)
fanout654/X                               6      8     -2 (VIOLATED)
_3766_/X                                  6      7        (VIOLATED)
_6192_/X                                  6      7        (VIOLATED)
_6215_/Y                                  6      7        (VIOLATED)
clkbuf_4_2__f_clk_i/X                     6      7        (VIOLATED)
clkbuf_leaf_0_clk_i/X                     6      7        (VIOLATED)
clkbuf_leaf_106_clk_i/X                   6      7        (VIOLATED)
clkbuf_leaf_112_clk_i/X                   6      7        (VIOLATED)
clkbuf_leaf_113_clk_i/X                   6      7        (VIOLATED)
clkbuf_leaf_126_clk_i/X                   6      7        (VIOLATED)
clkbuf_leaf_132_clk_i/X                   6      7        (VIOLATED)
clkbuf_leaf_134_clk_i/X                   6      7        (VIOLATED)
clkbuf_leaf_141_clk_i/X                   6      7        (VIOLATED)
clkbuf_leaf_145_clk_i/X                   6      7        (VIOLATED)
clkbuf_leaf_42_clk_i/X                    6      7        (VIOLATED)
clkbuf_leaf_99_clk_i/X                    6      7        (VIOLATED)
fanout1056/X                              6      7        (VIOLATED)
fanout1108/X                              6      7        (VIOLATED)
fanout1148/X                              6      7        (VIOLATED)
fanout1161/X                              6      7        (VIOLATED)
fanout1176/X                              6      7        (VIOLATED)
fanout1185/X                              6      7        (VIOLATED)
fanout1300/X                              6      7        (VIOLATED)
fanout1347/X                              6      7        (VIOLATED)
fanout1352/X                              6      7        (VIOLATED)
fanout1614/X                              6      7        (VIOLATED)
fanout1635/X                              6      7        (VIOLATED)
fanout475/X                               6      7        (VIOLATED)
fanout656/X                               6      7        (VIOLATED)
fanout678/X                               6      7        (VIOLATED)
fanout695/X                               6      7        (VIOLATED)
fanout698/X                               6      7        (VIOLATED)
fanout789/X                               6      7        (VIOLATED)
fanout865/X                               6      7        (VIOLATED)
fanout884/X                               6      7        (VIOLATED)
fanout899/X                               6      7        (VIOLATED)
fanout902/X                               6      7        (VIOLATED)
fanout922/X                               6      7        (VIOLATED)
fanout927/X                               6      7        (VIOLATED)
fanout946/X                               6      7        (VIOLATED)
hold2327/X                                6      7        (VIOLATED)
input63/X                                 6      7        (VIOLATED)

max capacitance

Pin                                        Limit         Cap       Slack
------------------------------------------------------------------------
_6070_/Y                                0.065012    0.065317   -0.000305 (VIOLATED)



===========================================================================
report_parasitic_annotation -report_unannotated
============================================================================
Found 210 unannotated drivers.
 racl_policies_i[0]
 racl_policies_i[1]
 racl_policies_i[2]
 racl_policies_i[3]
 racl_policies_i[4]
 racl_policies_i[5]
 racl_policies_i[6]
 racl_policies_i[7]
 tl_i[103]
 tl_i[104]
 tl_i[105]
 tl_i[19]
 tl_i[20]
 tl_i[21]
 tl_i[22]
 tl_i[23]
 tl_i[24]
 _7556__1651/HI
 clkload0/X
 clkload1/Y
 clkload10/Y
 clkload100/X
 clkload101/X
 clkload102/X
 clkload103/Y
 clkload104/Y
 clkload105/X
 clkload106/Y
 clkload107/X
 clkload108/Y
 clkload109/Y
 clkload11/X
 clkload110/Y
 clkload111/Y
 clkload112/Y
 clkload113/X
 clkload114/X
 clkload115/Y
 clkload116/Y
 clkload117/X
 clkload118/Y
 clkload119/X
 clkload12/Y
 clkload120/Y
 clkload121/Y
 clkload122/Y
 clkload123/Y
 clkload124/Y
 clkload125/Y
 clkload126/Y
 clkload127/Y
 clkload128/Y
 clkload129/Y
 clkload13/Y
 clkload130/X
 clkload131/X
 clkload132/Y
 clkload133/Y
 clkload134/Y
 clkload135/X
 clkload14/Y
 clkload15/Y
 clkload16/X
 clkload17/Y
 clkload18/Y
 clkload19/Y
 clkload2/X
 clkload20/Y
 clkload21/Y
 clkload22/X
 clkload23/X
 clkload24/X
 clkload25/Y
 clkload26/Y
 clkload27/Y
 clkload28/X
 clkload29/X
 clkload3/Y
 clkload30/Y
 clkload31/Y
 clkload32/Y
 clkload33/X
 clkload34/Y
 clkload35/Y
 clkload36/Y
 clkload37/X
 clkload38/Y
 clkload39/X
 clkload4/Y
 clkload40/Y
 clkload41/Y
 clkload42/Y
 clkload43/Y
 clkload44/Y
 clkload45/Y
 clkload46/Y
 clkload47/X
 clkload48/Y
 clkload49/Y
 clkload5/Y
 clkload50/X
 clkload51/Y
 clkload52/X
 clkload53/Y
 clkload54/Y
 clkload55/Y
 clkload56/Y
 clkload57/Y
 clkload58/Y
 clkload59/Y
 clkload6/Y
 clkload60/Y
 clkload61/Y
 clkload62/Y
 clkload63/Y
 clkload64/Y
 clkload65/X
 clkload66/Y
 clkload67/Y
 clkload68/Y
 clkload69/Y
 clkload7/Y
 clkload70/X
 clkload71/Y
 clkload72/X
 clkload73/Y
 clkload74/Y
 clkload75/Y
 clkload76/Y
 clkload77/Y
 clkload78/Y
 clkload79/Y
 clkload8/Y
 clkload80/Y
 clkload81/X
 clkload82/Y
 clkload83/X
 clkload84/X
 clkload85/Y
 clkload86/Y
 clkload87/Y
 clkload88/Y
 clkload89/Y
 clkload9/X
 clkload90/Y
 clkload91/Y
 clkload92/X
 clkload93/X
 clkload94/Y
 clkload95/Y
 clkload96/Y
 clkload97/Y
 clkload98/Y
 clkload99/Y
 uart_1652/HI
 uart_1653/HI
 uart_1654/HI
 uart_1655/HI
 uart_1656/HI
 uart_1657/HI
 uart_1658/HI
 uart_1659/HI
 uart_1660/HI
 uart_1661/HI
 uart_1662/HI
 uart_1663/HI
 uart_1664/HI
 uart_1665/HI
 uart_1666/HI
 uart_1667/HI
 uart_1668/HI
 uart_1669/HI
 uart_1670/HI
 uart_1671/HI
 uart_1672/HI
 uart_1673/HI
 uart_1674/HI
 uart_1675/HI
 uart_1676/HI
 uart_1677/HI
 uart_1678/HI
 uart_1679/HI
 uart_1680/HI
 uart_1681/HI
 uart_1682/HI
 uart_1683/HI
 uart_1684/HI
 uart_1685/HI
 uart_1686/HI
 uart_1687/HI
 uart_1688/HI
 uart_1689/HI
 uart_1690/HI
 uart_1691/HI
 uart_1692/HI
 uart_1693/HI
 uart_1694/HI
 uart_1695/HI
 uart_1696/HI
 uart_1697/HI
 uart_1698/HI
 uart_1699/HI
 uart_1700/HI
 uart_1701/HI
 uart_1702/HI
 uart_1703/HI
 uart_1704/HI
 uart_1705/HI
 uart_1706/HI
 uart_1707/LO
Found 0 partially unannotated drivers.

===========================================================================
max slew violation count 74
max fanout violation count 164
max cap violation count 1
============================================================================

===========================================================================
check_setup -verbose -unconstrained_endpoints -multiple_clock -no_clock -no_input_delay -loops -generated_clocks
===========================================================================
Warning: There are 57 unconstrained endpoints.
  cio_tx_en_o
  racl_error_o[0]
  racl_error_o[10]
  racl_error_o[11]
  racl_error_o[12]
  racl_error_o[13]
  racl_error_o[14]
  racl_error_o[15]
  racl_error_o[16]
  racl_error_o[17]
  racl_error_o[18]
  racl_error_o[19]
  racl_error_o[1]
  racl_error_o[20]
  racl_error_o[25]
  racl_error_o[26]
  racl_error_o[27]
  racl_error_o[28]
  racl_error_o[29]
  racl_error_o[2]
  racl_error_o[30]
  racl_error_o[31]
  racl_error_o[32]
  racl_error_o[33]
  racl_error_o[34]
  racl_error_o[35]
  racl_error_o[36]
  racl_error_o[37]
  racl_error_o[38]
  racl_error_o[39]
  racl_error_o[3]
  racl_error_o[40]
  racl_error_o[41]
  racl_error_o[42]
  racl_error_o[43]
  racl_error_o[44]
  racl_error_o[45]
  racl_error_o[46]
  racl_error_o[47]
  racl_error_o[48]
  racl_error_o[49]
  racl_error_o[4]
  racl_error_o[50]
  racl_error_o[51]
  racl_error_o[5]
  racl_error_o[6]
  racl_error_o[7]
  racl_error_o[8]
  racl_error_o[9]
  tl_o[15]
  tl_o[48]
  tl_o[59]
  tl_o[60]
  tl_o[61]
  tl_o[63]
  tl_o[64]
  _7556_/D
