Clock: clk_i
Sources: clk_i 
Generated: no
Virtual: yes
Propagated: no
Period: 25.000000

===========================================================================
report_clock_properties
============================================================================
Clock                   Period          Waveform
----------------------------------------------------
clk_i                25.000000    0.000000 12.500000

===========================================================================
report_clock_latency
============================================================================
Clock clk_i
rise -> rise
    min     max
0.000000 0.000000 source latency
1.686116         network latency _7446_/CLK
        2.049760 network latency _8176_/CLK
---------------
1.686116 2.049760 latency
        0.363643 skew

fall -> fall
    min     max
0.000000 0.000000 source latency
1.416336         network latency _7446_/CLK
        1.756179 network latency _8176_/CLK
---------------
1.416336 1.756179 latency
        0.339843 skew



===========================================================================
report_clock_min_period
============================================================================
clk_i period_min = 25.62 fmax = 39.04
