Clock: clk_i
Sources: clk_i 
Generated: no
Virtual: yes
Propagated: no
Period: 25.000000

===========================================================================
report_clock_properties
============================================================================
Clock                   Period          Waveform
----------------------------------------------------
clk_i                25.000000    0.000000 12.500000

===========================================================================
report_clock_latency
============================================================================
Clock clk_i
rise -> rise
    min     max
0.000000 0.000000 source latency
1.106069         network latency _12792_/CLK
        1.538395 network latency u_fft_top.memory_interface_inst.u_fft_mem.u_bank1/CLKin
---------------
1.106069 1.538395 latency
        0.432326 skew

fall -> fall
    min     max
0.000000 0.000000 source latency
0.930670         network latency _12792_/CLK
        1.281127 network latency _12599_/CLK
---------------
0.930670 1.281127 latency
        0.350457 skew



===========================================================================
report_clock_min_period
============================================================================
clk_i period_min = 13.12 fmax = 76.20
