Clock: clk_i
Sources: clk_i 
Generated: no
Virtual: yes
Propagated: no
Period: 25.000000

===========================================================================
report_clock_properties
============================================================================
Clock                   Period          Waveform
----------------------------------------------------
clk_i                25.000000    0.000000 12.500000

===========================================================================
report_clock_latency
============================================================================
Clock clk_i
rise -> rise
    min     max
0.000000 0.000000 source latency
1.224940         network latency _09831_/CLK
        6.911652 network latency _10124_/CLK
---------------
1.224940 6.911652 latency
        5.686712 skew

rise -> fall
    min     max
0.000000 0.000000 source latency
5.246833         network latency _10078_/CLK
        6.613946 network latency _10124_/CLK
---------------
5.246833 6.613946 latency
        1.367113 skew

fall -> fall
    min     max
0.000000 0.000000 source latency
0.968473         network latency _09831_/CLK
        1.312144 network latency _09354_/CLK
---------------
0.968473 1.312144 latency
        0.343671 skew



===========================================================================
report_clock_min_period
============================================================================
clk_i period_min = 14.69 fmax = 68.06
