
===========================================================================
 report_power
============================================================================
======================= min_tt_025C_1v80 Corner ===================================

Group                    Internal    Switching      Leakage        Total
                            Power        Power        Power        Power (Watts)
------------------------------------------------------------------------
Sequential           1.881859e-03 2.090260e-04 1.573145e-08 2.090901e-03  20.6%
Combinational        2.604829e-03 3.258637e-03 6.926940e-08 5.863536e-03  57.7%
Clock                1.208358e-03 9.954915e-04 3.868478e-09 2.203853e-03  21.7%
Macro                0.000000e+00 0.000000e+00 0.000000e+00 0.000000e+00   0.0%
Pad                  0.000000e+00 0.000000e+00 0.000000e+00 0.000000e+00   0.0%
------------------------------------------------------------------------
Total                5.695037e-03 4.463159e-03 8.885968e-08 1.015828e-02 100.0%
                            56.1%        43.9%         0.0%

