
===========================================================================
report_checks -path_delay max (Setup)
============================================================================
======================= nom_ss_100C_1v60 Corner ===================================

Startpoint: wb_clk_i (clock source 'wb_clk_i')
Endpoint: clk_o (output port clocked by wb_clk_i)
Path Group: wb_clk_i
Path Type: max

Fanout         Cap        Slew       Delay        Time   Description
---------------------------------------------------------------------------------------------
                                 12.500000   12.500000   clock wb_clk_i (fall edge)
                                  0.000000   12.500000   clock source latency
     1    0.006893    0.034708    0.022039   12.522038 v wb_clk_i (in)
                                                         wb_clk_i (net)
                      0.034711    0.000000   12.522038 v _252_/A (sky130_fd_sc_hd__buf_2)
     1    0.011009    0.076581    0.246868   12.768908 v _252_/X (sky130_fd_sc_hd__buf_2)
                                                         net2 (net)
                      0.076586    0.000715   12.769622 v output2/A (sky130_fd_sc_hd__buf_1)
     1    0.034086    0.385026    0.415428   13.185050 v output2/X (sky130_fd_sc_hd__buf_1)
                                                         clk_o (net)
                      0.385026    0.000705   13.185755 v clk_o (out)
                                             13.185755   data arrival time

                                 25.000000   25.000000   clock wb_clk_i (rise edge)
                                  0.000000   25.000000   clock network delay (propagated)
                                 -0.250000   24.750000   clock uncertainty
                                  0.000000   24.750000   clock reconvergence pessimism
                                 -5.000000   19.750000   output external delay
                                             19.750000   data required time
---------------------------------------------------------------------------------------------
                                             19.750000   data required time
                                            -13.185755   data arrival time
---------------------------------------------------------------------------------------------
                                              6.564244   slack (MET)


Startpoint: spi_sclk_i (input port clocked by wb_clk_i)
Endpoint: io_out[2] (output port clocked by wb_clk_i)
Path Group: wb_clk_i
Path Type: max

Fanout         Cap        Slew       Delay        Time   Description
---------------------------------------------------------------------------------------------
                                  0.000000    0.000000   clock wb_clk_i (rise edge)
                                  0.000000    0.000000   clock network delay (propagated)
                                  5.000000    5.000000 ^ input external delay
     2    0.040372    0.292942    0.206335    5.206335 ^ spi_sclk_i (in)
                                                         spi_sclk_i (net)
                      0.293165    0.000000    5.206335 ^ _268_/A (sky130_fd_sc_hd__clkbuf_2)
     1    0.030751    0.266186    0.428483    5.634818 ^ _268_/X (sky130_fd_sc_hd__clkbuf_2)
                                                         net19 (net)
                      0.266428    0.004837    5.639655 ^ output19/A (sky130_fd_sc_hd__buf_2)
     1    0.034902    0.277373    0.435328    6.074983 ^ output19/X (sky130_fd_sc_hd__buf_2)
                                                         io_out[2] (net)
                      0.277373    0.000840    6.075822 ^ io_out[2] (out)
                                              6.075822   data arrival time

                                 25.000000   25.000000   clock wb_clk_i (rise edge)
                                  0.000000   25.000000   clock network delay (propagated)
                                 -0.250000   24.750000   clock uncertainty
                                  0.000000   24.750000   clock reconvergence pessimism
                                 -5.000000   19.750000   output external delay
                                             19.750000   data required time
---------------------------------------------------------------------------------------------
                                             19.750000   data required time
                                             -6.075822   data arrival time
---------------------------------------------------------------------------------------------
                                             13.674177   slack (MET)


Startpoint: uart_tx_i (input port clocked by wb_clk_i)
Endpoint: io_out[1] (output port clocked by wb_clk_i)
Path Group: wb_clk_i
Path Type: max

Fanout         Cap        Slew       Delay        Time   Description
---------------------------------------------------------------------------------------------
                                  0.000000    0.000000   clock wb_clk_i (rise edge)
                                  0.000000    0.000000   clock network delay (propagated)
                                  5.000000    5.000000 ^ input external delay
     2    0.042352    0.306831    0.216311    5.216311 ^ uart_tx_i (in)
                                                         uart_tx_i (net)
                      0.307064    0.000000    5.216311 ^ _267_/A (sky130_fd_sc_hd__clkbuf_2)
     1    0.020982    0.188223    0.379145    5.595456 ^ _267_/X (sky130_fd_sc_hd__clkbuf_2)
                                                         net18 (net)
                      0.188248    0.002271    5.597727 ^ output18/A (sky130_fd_sc_hd__buf_2)
     1    0.034475    0.273921    0.399910    5.997637 ^ output18/X (sky130_fd_sc_hd__buf_2)
                                                         io_out[1] (net)
                      0.273921    0.000750    5.998387 ^ io_out[1] (out)
                                              5.998387   data arrival time

                                 25.000000   25.000000   clock wb_clk_i (rise edge)
                                  0.000000   25.000000   clock network delay (propagated)
                                 -0.250000   24.750000   clock uncertainty
                                  0.000000   24.750000   clock reconvergence pessimism
                                 -5.000000   19.750000   output external delay
                                             19.750000   data required time
---------------------------------------------------------------------------------------------
                                             19.750000   data required time
                                             -5.998387   data arrival time
---------------------------------------------------------------------------------------------
                                             13.751613   slack (MET)


Startpoint: spi_mosi_i (input port clocked by wb_clk_i)
Endpoint: io_out[4] (output port clocked by wb_clk_i)
Path Group: wb_clk_i
Path Type: max

Fanout         Cap        Slew       Delay        Time   Description
---------------------------------------------------------------------------------------------
                                  0.000000    0.000000   clock wb_clk_i (rise edge)
                                  0.000000    0.000000   clock network delay (propagated)
                                  5.000000    5.000000 ^ input external delay
     2    0.035021    0.255393    0.179136    5.179136 ^ spi_mosi_i (in)
                                                         spi_mosi_i (net)
                      0.255558    0.000000    5.179136 ^ _270_/A (sky130_fd_sc_hd__clkbuf_2)
     1    0.024881    0.219188    0.381673    5.560810 ^ _270_/X (sky130_fd_sc_hd__clkbuf_2)
                                                         net21 (net)
                      0.219359    0.003213    5.564022 ^ output21/A (sky130_fd_sc_hd__buf_2)
     1    0.035067    0.278399    0.417585    5.981607 ^ output21/X (sky130_fd_sc_hd__buf_2)
                                                         io_out[4] (net)
                      0.278399    0.000845    5.982452 ^ io_out[4] (out)
                                              5.982452   data arrival time

                                 25.000000   25.000000   clock wb_clk_i (rise edge)
                                  0.000000   25.000000   clock network delay (propagated)
                                 -0.250000   24.750000   clock uncertainty
                                  0.000000   24.750000   clock reconvergence pessimism
                                 -5.000000   19.750000   output external delay
                                             19.750000   data required time
---------------------------------------------------------------------------------------------
                                             19.750000   data required time
                                             -5.982452   data arrival time
---------------------------------------------------------------------------------------------
                                             13.767548   slack (MET)


Startpoint: io_in[5] (input port clocked by wb_clk_i)
Endpoint: spi_miso_o (output port clocked by wb_clk_i)
Path Group: wb_clk_i
Path Type: max

Fanout         Cap        Slew       Delay        Time   Description
---------------------------------------------------------------------------------------------
                                  0.000000    0.000000   clock wb_clk_i (rise edge)
                                  0.000000    0.000000   clock network delay (propagated)
                                  5.000000    5.000000 ^ input external delay
     2    0.021032    0.157098    0.107394    5.107394 ^ io_in[5] (in)
                                                         io_in[5] (net)
                      0.157102    0.000000    5.107394 ^ _277_/A (sky130_fd_sc_hd__clkbuf_2)
     1    0.030597    0.265295    0.370691    5.478085 ^ _277_/X (sky130_fd_sc_hd__clkbuf_2)
                                                         net28 (net)
                      0.265416    0.004652    5.482737 ^ output28/A (sky130_fd_sc_hd__buf_2)
     1    0.034542    0.274697    0.433021    5.915757 ^ output28/X (sky130_fd_sc_hd__buf_2)
                                                         spi_miso_o (net)
                      0.274697    0.000839    5.916596 ^ spi_miso_o (out)
                                              5.916596   data arrival time

                                 25.000000   25.000000   clock wb_clk_i (rise edge)
                                  0.000000   25.000000   clock network delay (propagated)
                                 -0.250000   24.750000   clock uncertainty
                                  0.000000   24.750000   clock reconvergence pessimism
                                 -5.000000   19.750000   output external delay
                                             19.750000   data required time
---------------------------------------------------------------------------------------------
                                             19.750000   data required time
                                             -5.916596   data arrival time
---------------------------------------------------------------------------------------------
                                             13.833404   slack (MET)


Startpoint: intr_uart_rx_frame_err_i (input port clocked by wb_clk_i)
Endpoint: intr_vec_o[6] (output port clocked by wb_clk_i)
Path Group: wb_clk_i
Path Type: max

Fanout         Cap        Slew       Delay        Time   Description
---------------------------------------------------------------------------------------------
                                  0.000000    0.000000   clock wb_clk_i (rise edge)
                                  0.000000    0.000000   clock network delay (propagated)
                                  5.000000    5.000000 ^ input external delay
     2    0.030798    0.225695    0.156753    5.156754 ^ intr_uart_rx_frame_err_i (in)
                                                         intr_uart_rx_frame_err_i (net)
                      0.225757    0.000000    5.156754 ^ _258_/A (sky130_fd_sc_hd__clkbuf_2)
     1    0.019430    0.174777    0.339853    5.496607 ^ _258_/X (sky130_fd_sc_hd__clkbuf_2)
                                                         net13 (net)
                      0.174787    0.001575    5.498182 ^ output13/A (sky130_fd_sc_hd__buf_2)
     1    0.035027    0.278023    0.396443    5.894625 ^ output13/X (sky130_fd_sc_hd__buf_2)
                                                         intr_vec_o[6] (net)
                      0.278023    0.000869    5.895494 ^ intr_vec_o[6] (out)
                                              5.895494   data arrival time

                                 25.000000   25.000000   clock wb_clk_i (rise edge)
                                  0.000000   25.000000   clock network delay (propagated)
                                 -0.250000   24.750000   clock uncertainty
                                  0.000000   24.750000   clock reconvergence pessimism
                                 -5.000000   19.750000   output external delay
                                             19.750000   data required time
---------------------------------------------------------------------------------------------
                                             19.750000   data required time
                                             -5.895494   data arrival time
---------------------------------------------------------------------------------------------
                                             13.854506   slack (MET)


Startpoint: jtag_tdo_i (input port clocked by wb_clk_i)
Endpoint: io_out[10] (output port clocked by wb_clk_i)
Path Group: wb_clk_i
Path Type: max

Fanout         Cap        Slew       Delay        Time   Description
---------------------------------------------------------------------------------------------
                                  0.000000    0.000000   clock wb_clk_i (rise edge)
                                  0.000000    0.000000   clock network delay (propagated)
                                  5.000000    5.000000 ^ input external delay
     2    0.024310    0.180246    0.124676    5.124676 ^ jtag_tdo_i (in)
                                                         jtag_tdo_i (net)
                      0.180306    0.000000    5.124676 ^ _272_/A (sky130_fd_sc_hd__clkbuf_2)
     2    0.020667    0.184717    0.325729    5.450405 ^ _272_/X (sky130_fd_sc_hd__clkbuf_2)
                                                         net17 (net)
                      0.184741    0.002195    5.452600 ^ output17/A (sky130_fd_sc_hd__buf_2)
     1    0.033987    0.270261    0.395762    5.848361 ^ output17/X (sky130_fd_sc_hd__buf_2)
                                                         io_out[10] (net)
                      0.270261    0.000617    5.848979 ^ io_out[10] (out)
                                              5.848979   data arrival time

                                 25.000000   25.000000   clock wb_clk_i (rise edge)
                                  0.000000   25.000000   clock network delay (propagated)
                                 -0.250000   24.750000   clock uncertainty
                                  0.000000   24.750000   clock reconvergence pessimism
                                 -5.000000   19.750000   output external delay
                                             19.750000   data required time
---------------------------------------------------------------------------------------------
                                             19.750000   data required time
                                             -5.848979   data arrival time
---------------------------------------------------------------------------------------------
                                             13.901021   slack (MET)


Startpoint: fft_done_i (input port clocked by wb_clk_i)
Endpoint: io_out[6] (output port clocked by wb_clk_i)
Path Group: wb_clk_i
Path Type: max

Fanout         Cap        Slew       Delay        Time   Description
---------------------------------------------------------------------------------------------
                                  0.000000    0.000000   clock wb_clk_i (rise edge)
                                  0.000000    0.000000   clock network delay (propagated)
                                  5.000000    5.000000 ^ input external delay
     2    0.025569    0.189099    0.130753    5.130753 ^ fft_done_i (in)
                                                         fft_done_i (net)
                      0.189161    0.000000    5.130753 ^ _271_/A (sky130_fd_sc_hd__clkbuf_1)
     1    0.002663    0.071048    0.197954    5.328707 ^ _271_/X (sky130_fd_sc_hd__clkbuf_1)
                                                         net22 (net)
                      0.071048    0.000076    5.328783 ^ output22/A (sky130_fd_sc_hd__buf_2)
     1    0.034116    0.271010    0.343204    5.671986 ^ output22/X (sky130_fd_sc_hd__buf_2)
                                                         io_out[6] (net)
                      0.271010    0.000625    5.672611 ^ io_out[6] (out)
                                              5.672611   data arrival time

                                 25.000000   25.000000   clock wb_clk_i (rise edge)
                                  0.000000   25.000000   clock network delay (propagated)
                                 -0.250000   24.750000   clock uncertainty
                                  0.000000   24.750000   clock reconvergence pessimism
                                 -5.000000   19.750000   output external delay
                                             19.750000   data required time
---------------------------------------------------------------------------------------------
                                             19.750000   data required time
                                             -5.672611   data arrival time
---------------------------------------------------------------------------------------------
                                             14.077389   slack (MET)


Startpoint: fft_done_i (input port clocked by wb_clk_i)
Endpoint: intr_vec_o[13] (output port clocked by wb_clk_i)
Path Group: wb_clk_i
Path Type: max

Fanout         Cap        Slew       Delay        Time   Description
---------------------------------------------------------------------------------------------
                                  0.000000    0.000000   clock wb_clk_i (rise edge)
                                  0.000000    0.000000   clock network delay (propagated)
                                  5.000000    5.000000 ^ input external delay
     2    0.025569    0.189099    0.130743    5.130743 ^ fft_done_i (in)
                                                         fft_done_i (net)
                      0.189161    0.000000    5.130743 ^ _265_/A (sky130_fd_sc_hd__clkbuf_1)
     1    0.002369    0.066167    0.193960    5.324703 ^ _265_/X (sky130_fd_sc_hd__clkbuf_1)
                                                         net6 (net)
                      0.066167    0.000066    5.324769 ^ output6/A (sky130_fd_sc_hd__buf_2)
     1    0.034110    0.270959    0.340934    5.665703 ^ output6/X (sky130_fd_sc_hd__buf_2)
                                                         intr_vec_o[13] (net)
                      0.270959    0.000625    5.666328 ^ intr_vec_o[13] (out)
                                              5.666328   data arrival time

                                 25.000000   25.000000   clock wb_clk_i (rise edge)
                                  0.000000   25.000000   clock network delay (propagated)
                                 -0.250000   24.750000   clock uncertainty
                                  0.000000   24.750000   clock reconvergence pessimism
                                 -5.000000   19.750000   output external delay
                                             19.750000   data required time
---------------------------------------------------------------------------------------------
                                             19.750000   data required time
                                             -5.666328   data arrival time
---------------------------------------------------------------------------------------------
                                             14.083672   slack (MET)


Startpoint: intr_uart_tx_watermark_i (input port clocked by wb_clk_i)
Endpoint: intr_vec_o[1] (output port clocked by wb_clk_i)
Path Group: wb_clk_i
Path Type: max

Fanout         Cap        Slew       Delay        Time   Description
---------------------------------------------------------------------------------------------
                                  0.000000    0.000000   clock wb_clk_i (rise edge)
                                  0.000000    0.000000   clock network delay (propagated)
                                  5.000000    5.000000 ^ input external delay
     2    0.019941    0.149630    0.102397    5.102397 ^ intr_uart_tx_watermark_i (in)
                                                         intr_uart_tx_watermark_i (net)
                      0.149658    0.000000    5.102397 ^ _253_/A (sky130_fd_sc_hd__clkbuf_1)
     1    0.004319    0.099046    0.203986    5.306383 ^ _253_/X (sky130_fd_sc_hd__clkbuf_1)
                                                         net8 (net)
                      0.099046    0.000164    5.306547 ^ output8/A (sky130_fd_sc_hd__buf_2)
     1    0.034211    0.271773    0.356736    5.663283 ^ output8/X (sky130_fd_sc_hd__buf_2)
                                                         intr_vec_o[1] (net)
                      0.271773    0.000648    5.663931 ^ intr_vec_o[1] (out)
                                              5.663931   data arrival time

                                 25.000000   25.000000   clock wb_clk_i (rise edge)
                                  0.000000   25.000000   clock network delay (propagated)
                                 -0.250000   24.750000   clock uncertainty
                                  0.000000   24.750000   clock reconvergence pessimism
                                 -5.000000   19.750000   output external delay
                                             19.750000   data required time
---------------------------------------------------------------------------------------------
                                             19.750000   data required time
                                             -5.663931   data arrival time
---------------------------------------------------------------------------------------------
                                             14.086068   slack (MET)


Startpoint: plic_irq_i (input port clocked by wb_clk_i)
Endpoint: user_irq[0] (output port clocked by wb_clk_i)
Path Group: wb_clk_i
Path Type: max

Fanout         Cap        Slew       Delay        Time   Description
---------------------------------------------------------------------------------------------
                                  0.000000    0.000000   clock wb_clk_i (rise edge)
                                  0.000000    0.000000   clock network delay (propagated)
                                  5.000000    5.000000 ^ input external delay
     2    0.023522    0.174712    0.120616    5.120615 ^ plic_irq_i (in)
                                                         plic_irq_i (net)
                      0.174763    0.000000    5.120615 ^ _279_/A (sky130_fd_sc_hd__clkbuf_1)
     1    0.002926    0.075356    0.195587    5.316203 ^ _279_/X (sky130_fd_sc_hd__clkbuf_1)
                                                         net30 (net)
                      0.075356    0.000088    5.316291 ^ output30/A (sky130_fd_sc_hd__buf_2)
     1    0.034029    0.270375    0.344717    5.661008 ^ output30/X (sky130_fd_sc_hd__buf_2)
                                                         user_irq[0] (net)
                      0.270375    0.000627    5.661636 ^ user_irq[0] (out)
                                              5.661636   data arrival time

                                 25.000000   25.000000   clock wb_clk_i (rise edge)
                                  0.000000   25.000000   clock network delay (propagated)
                                 -0.250000   24.750000   clock uncertainty
                                  0.000000   24.750000   clock reconvergence pessimism
                                 -5.000000   19.750000   output external delay
                                             19.750000   data required time
---------------------------------------------------------------------------------------------
                                             19.750000   data required time
                                             -5.661636   data arrival time
---------------------------------------------------------------------------------------------
                                             14.088364   slack (MET)


Startpoint: io_in[7] (input port clocked by wb_clk_i)
Endpoint: jtag_tck_o (output port clocked by wb_clk_i)
Path Group: wb_clk_i
Path Type: max

Fanout         Cap        Slew       Delay        Time   Description
---------------------------------------------------------------------------------------------
                                  0.000000    0.000000   clock wb_clk_i (rise edge)
                                  0.000000    0.000000   clock network delay (propagated)
                                  5.000000    5.000000 ^ input external delay
     1    0.003735    0.038513    0.020735    5.020735 ^ io_in[7] (in)
                                                         io_in[7] (net)
                      0.038513    0.000000    5.020735 ^ _273_/A (sky130_fd_sc_hd__clkbuf_2)
     1    0.018119    0.164102    0.246503    5.267238 ^ _273_/X (sky130_fd_sc_hd__clkbuf_2)
                                                         net23 (net)
                      0.164199    0.001815    5.269053 ^ output23/A (sky130_fd_sc_hd__buf_2)
     1    0.034100    0.271069    0.386717    5.655771 ^ output23/X (sky130_fd_sc_hd__buf_2)
                                                         jtag_tck_o (net)
                      0.271069    0.000635    5.656406 ^ jtag_tck_o (out)
                                              5.656406   data arrival time

                                 25.000000   25.000000   clock wb_clk_i (rise edge)
                                  0.000000   25.000000   clock network delay (propagated)
                                 -0.250000   24.750000   clock uncertainty
                                  0.000000   24.750000   clock reconvergence pessimism
                                 -5.000000   19.750000   output external delay
                                             19.750000   data required time
---------------------------------------------------------------------------------------------
                                             19.750000   data required time
                                             -5.656406   data arrival time
---------------------------------------------------------------------------------------------
                                             14.093594   slack (MET)


Startpoint: intr_uart_rx_overflow_i (input port clocked by wb_clk_i)
Endpoint: intr_vec_o[5] (output port clocked by wb_clk_i)
Path Group: wb_clk_i
Path Type: max

Fanout         Cap        Slew       Delay        Time   Description
---------------------------------------------------------------------------------------------
                                  0.000000    0.000000   clock wb_clk_i (rise edge)
                                  0.000000    0.000000   clock network delay (propagated)
                                  5.000000    5.000000 ^ input external delay
     1    0.017311    0.131462    0.089204    5.089204 ^ intr_uart_rx_overflow_i (in)
                                                         intr_uart_rx_overflow_i (net)
                      0.131480    0.000000    5.089204 ^ _257_/A (sky130_fd_sc_hd__clkbuf_1)
     1    0.004326    0.099100    0.196569    5.285773 ^ _257_/X (sky130_fd_sc_hd__clkbuf_1)
                                                         net12 (net)
                      0.099100    0.000151    5.285924 ^ output12/A (sky130_fd_sc_hd__buf_2)
     1    0.034572    0.274493    0.358537    5.644461 ^ output12/X (sky130_fd_sc_hd__buf_2)
                                                         intr_vec_o[5] (net)
                      0.274493    0.000853    5.645314 ^ intr_vec_o[5] (out)
                                              5.645314   data arrival time

                                 25.000000   25.000000   clock wb_clk_i (rise edge)
                                  0.000000   25.000000   clock network delay (propagated)
                                 -0.250000   24.750000   clock uncertainty
                                  0.000000   24.750000   clock reconvergence pessimism
                                 -5.000000   19.750000   output external delay
                                             19.750000   data required time
---------------------------------------------------------------------------------------------
                                             19.750000   data required time
                                             -5.645314   data arrival time
---------------------------------------------------------------------------------------------
                                             14.104686   slack (MET)


Startpoint: fft_error_i (input port clocked by wb_clk_i)
Endpoint: intr_vec_o[14] (output port clocked by wb_clk_i)
Path Group: wb_clk_i
Path Type: max

Fanout         Cap        Slew       Delay        Time   Description
---------------------------------------------------------------------------------------------
                                  0.000000    0.000000   clock wb_clk_i (rise edge)
                                  0.000000    0.000000   clock network delay (propagated)
                                  5.000000    5.000000 ^ input external delay
     1    0.007393    0.063376    0.039561    5.039561 ^ fft_error_i (in)
                                                         fft_error_i (net)
                      0.063378    0.000000    5.039561 ^ _266_/A (sky130_fd_sc_hd__clkbuf_1)
     1    0.004778    0.106963    0.173660    5.213221 ^ _266_/X (sky130_fd_sc_hd__clkbuf_1)
                                                         net7 (net)
                      0.106963    0.000163    5.213384 ^ output7/A (sky130_fd_sc_hd__buf_2)
     1    0.034683    0.275334    0.362800    5.576184 ^ output7/X (sky130_fd_sc_hd__buf_2)
                                                         intr_vec_o[14] (net)
                      0.275334    0.000873    5.577056 ^ intr_vec_o[14] (out)
                                              5.577056   data arrival time

                                 25.000000   25.000000   clock wb_clk_i (rise edge)
                                  0.000000   25.000000   clock network delay (propagated)
                                 -0.250000   24.750000   clock uncertainty
                                  0.000000   24.750000   clock reconvergence pessimism
                                 -5.000000   19.750000   output external delay
                                             19.750000   data required time
---------------------------------------------------------------------------------------------
                                             19.750000   data required time
                                             -5.577056   data arrival time
---------------------------------------------------------------------------------------------
                                             14.172943   slack (MET)


Startpoint: wb_rst_i (input port clocked by wb_clk_i)
Endpoint: rst_no (output port clocked by wb_clk_i)
Path Group: wb_clk_i
Path Type: max

Fanout         Cap        Slew       Delay        Time   Description
---------------------------------------------------------------------------------------------
                                  0.000000    0.000000   clock wb_clk_i (rise edge)
                                  0.000000    0.000000   clock network delay (propagated)
                                  5.000000    5.000000 ^ input external delay
     1    0.002793    0.032207    0.015756    5.015756 ^ wb_rst_i (in)
                                                         wb_rst_i (net)
                      0.032207    0.000000    5.015756 ^ input1/A (sky130_fd_sc_hd__clkbuf_1)
     1    0.005403    0.118135    0.167650    5.183406 ^ input1/X (sky130_fd_sc_hd__clkbuf_1)
                                                         net1 (net)
                      0.118135    0.000163    5.183570 ^ _000_/A (sky130_fd_sc_hd__inv_2)
     1    0.002076    0.028861    0.064925    5.248494 v _000_/Y (sky130_fd_sc_hd__inv_2)
                                                         net27 (net)
                      0.028861    0.000041    5.248535 v output27/A (sky130_fd_sc_hd__buf_2)
     1    0.034142    0.165629    0.325277    5.573812 v output27/X (sky130_fd_sc_hd__buf_2)
                                                         rst_no (net)
                      0.165629    0.000720    5.574532 v rst_no (out)
                                              5.574532   data arrival time

                                 25.000000   25.000000   clock wb_clk_i (rise edge)
                                  0.000000   25.000000   clock network delay (propagated)
                                 -0.250000   24.750000   clock uncertainty
                                  0.000000   24.750000   clock reconvergence pessimism
                                 -5.000000   19.750000   output external delay
                                             19.750000   data required time
---------------------------------------------------------------------------------------------
                                             19.750000   data required time
                                             -5.574532   data arrival time
---------------------------------------------------------------------------------------------
                                             14.175467   slack (MET)


Startpoint: intr_uart_tx_done_i (input port clocked by wb_clk_i)
Endpoint: intr_vec_o[4] (output port clocked by wb_clk_i)
Path Group: wb_clk_i
Path Type: max

Fanout         Cap        Slew       Delay        Time   Description
---------------------------------------------------------------------------------------------
                                  0.000000    0.000000   clock wb_clk_i (rise edge)
                                  0.000000    0.000000   clock network delay (propagated)
                                  5.000000    5.000000 ^ input external delay
     1    0.009342    0.076638    0.049297    5.049297 ^ intr_uart_tx_done_i (in)
                                                         intr_uart_tx_done_i (net)
                      0.076641    0.000000    5.049297 ^ _256_/A (sky130_fd_sc_hd__clkbuf_1)
     1    0.003663    0.087346    0.164941    5.214239 ^ _256_/X (sky130_fd_sc_hd__clkbuf_1)
                                                         net11 (net)
                      0.087346    0.000126    5.214364 ^ output11/A (sky130_fd_sc_hd__buf_2)
     1    0.034146    0.271269    0.350895    5.565259 ^ output11/X (sky130_fd_sc_hd__buf_2)
                                                         intr_vec_o[4] (net)
                      0.271269    0.000660    5.565919 ^ intr_vec_o[4] (out)
                                              5.565919   data arrival time

                                 25.000000   25.000000   clock wb_clk_i (rise edge)
                                  0.000000   25.000000   clock network delay (propagated)
                                 -0.250000   24.750000   clock uncertainty
                                  0.000000   24.750000   clock reconvergence pessimism
                                 -5.000000   19.750000   output external delay
                                             19.750000   data required time
---------------------------------------------------------------------------------------------
                                             19.750000   data required time
                                             -5.565919   data arrival time
---------------------------------------------------------------------------------------------
                                             14.184080   slack (MET)


Startpoint: intr_uart_rx_timeout_i (input port clocked by wb_clk_i)
Endpoint: intr_vec_o[8] (output port clocked by wb_clk_i)
Path Group: wb_clk_i
Path Type: max

Fanout         Cap        Slew       Delay        Time   Description
---------------------------------------------------------------------------------------------
                                  0.000000    0.000000   clock wb_clk_i (rise edge)
                                  0.000000    0.000000   clock network delay (propagated)
                                  5.000000    5.000000 ^ input external delay
     1    0.007157    0.061774    0.038381    5.038382 ^ intr_uart_rx_timeout_i (in)
                                                         intr_uart_rx_timeout_i (net)
                      0.061776    0.000000    5.038382 ^ _260_/A (sky130_fd_sc_hd__clkbuf_1)
     1    0.003755    0.088936    0.159491    5.197873 ^ _260_/X (sky130_fd_sc_hd__clkbuf_1)
                                                         net15 (net)
                      0.088936    0.000125    5.197997 ^ output15/A (sky130_fd_sc_hd__buf_2)
     1    0.034110    0.271004    0.351448    5.549446 ^ output15/X (sky130_fd_sc_hd__buf_2)
                                                         intr_vec_o[8] (net)
                      0.271004    0.000660    5.550106 ^ intr_vec_o[8] (out)
                                              5.550106   data arrival time

                                 25.000000   25.000000   clock wb_clk_i (rise edge)
                                  0.000000   25.000000   clock network delay (propagated)
                                 -0.250000   24.750000   clock uncertainty
                                  0.000000   24.750000   clock reconvergence pessimism
                                 -5.000000   19.750000   output external delay
                                             19.750000   data required time
---------------------------------------------------------------------------------------------
                                             19.750000   data required time
                                             -5.550106   data arrival time
---------------------------------------------------------------------------------------------
                                             14.199894   slack (MET)


Startpoint: intr_spi_host_rx_full_i (input port clocked by wb_clk_i)
Endpoint: intr_vec_o[11] (output port clocked by wb_clk_i)
Path Group: wb_clk_i
Path Type: max

Fanout         Cap        Slew       Delay        Time   Description
---------------------------------------------------------------------------------------------
                                  0.000000    0.000000   clock wb_clk_i (rise edge)
                                  0.000000    0.000000   clock network delay (propagated)
                                  5.000000    5.000000 ^ input external delay
     1    0.006293    0.055937    0.034104    5.034104 ^ intr_spi_host_rx_full_i (in)
                                                         intr_spi_host_rx_full_i (net)
                      0.055939    0.000000    5.034104 ^ _263_/A (sky130_fd_sc_hd__clkbuf_1)
     1    0.003125    0.078082    0.148361    5.182465 ^ _263_/X (sky130_fd_sc_hd__clkbuf_1)
                                                         net4 (net)
                      0.078082    0.000090    5.182555 ^ output4/A (sky130_fd_sc_hd__buf_2)
     1    0.034393    0.273101    0.347813    5.530368 ^ output4/X (sky130_fd_sc_hd__buf_2)
                                                         intr_vec_o[11] (net)
                      0.273101    0.000748    5.531116 ^ intr_vec_o[11] (out)
                                              5.531116   data arrival time

                                 25.000000   25.000000   clock wb_clk_i (rise edge)
                                  0.000000   25.000000   clock network delay (propagated)
                                 -0.250000   24.750000   clock uncertainty
                                  0.000000   24.750000   clock reconvergence pessimism
                                 -5.000000   19.750000   output external delay
                                             19.750000   data required time
---------------------------------------------------------------------------------------------
                                             19.750000   data required time
                                             -5.531116   data arrival time
---------------------------------------------------------------------------------------------
                                             14.218884   slack (MET)


Startpoint: intr_uart_rx_watermark_i (input port clocked by wb_clk_i)
Endpoint: intr_vec_o[3] (output port clocked by wb_clk_i)
Path Group: wb_clk_i
Path Type: max

Fanout         Cap        Slew       Delay        Time   Description
---------------------------------------------------------------------------------------------
                                  0.000000    0.000000   clock wb_clk_i (rise edge)
                                  0.000000    0.000000   clock network delay (propagated)
                                  5.000000    5.000000 ^ input external delay
     1    0.007221    0.062207    0.038704    5.038704 ^ intr_uart_rx_watermark_i (in)
                                                         intr_uart_rx_watermark_i (net)
                      0.062209    0.000000    5.038704 ^ _255_/A (sky130_fd_sc_hd__clkbuf_1)
     1    0.002400    0.065691    0.141398    5.180102 ^ _255_/X (sky130_fd_sc_hd__clkbuf_1)
                                                         net10 (net)
                      0.065691    0.000066    5.180169 ^ output10/A (sky130_fd_sc_hd__buf_2)
     1    0.033990    0.270067    0.340085    5.520254 ^ output10/X (sky130_fd_sc_hd__buf_2)
                                                         intr_vec_o[3] (net)
                      0.270067    0.000617    5.520871 ^ intr_vec_o[3] (out)
                                              5.520871   data arrival time

                                 25.000000   25.000000   clock wb_clk_i (rise edge)
                                  0.000000   25.000000   clock network delay (propagated)
                                 -0.250000   24.750000   clock uncertainty
                                  0.000000   24.750000   clock reconvergence pessimism
                                 -5.000000   19.750000   output external delay
                                             19.750000   data required time
---------------------------------------------------------------------------------------------
                                             19.750000   data required time
                                             -5.520871   data arrival time
---------------------------------------------------------------------------------------------
                                             14.229129   slack (MET)


Startpoint: intr_uart_rx_break_err_i (input port clocked by wb_clk_i)
Endpoint: intr_vec_o[7] (output port clocked by wb_clk_i)
Path Group: wb_clk_i
Path Type: max

Fanout         Cap        Slew       Delay        Time   Description
---------------------------------------------------------------------------------------------
                                  0.000000    0.000000   clock wb_clk_i (rise edge)
                                  0.000000    0.000000   clock network delay (propagated)
                                  5.000000    5.000000 ^ input external delay
     1    0.004027    0.040508    0.022279    5.022279 ^ intr_uart_rx_break_err_i (in)
                                                         intr_uart_rx_break_err_i (net)
                      0.040508    0.000000    5.022279 ^ _259_/A (sky130_fd_sc_hd__clkbuf_1)
     1    0.003514    0.084790    0.146661    5.168940 ^ _259_/X (sky130_fd_sc_hd__clkbuf_1)
                                                         net14 (net)
                      0.084790    0.000114    5.169054 ^ output14/A (sky130_fd_sc_hd__buf_2)
     1    0.034284    0.272299    0.350389    5.519443 ^ output14/X (sky130_fd_sc_hd__buf_2)
                                                         intr_vec_o[7] (net)
                      0.272299    0.000714    5.520156 ^ intr_vec_o[7] (out)
                                              5.520156   data arrival time

                                 25.000000   25.000000   clock wb_clk_i (rise edge)
                                  0.000000   25.000000   clock network delay (propagated)
                                 -0.250000   24.750000   clock uncertainty
                                  0.000000   24.750000   clock reconvergence pessimism
                                 -5.000000   19.750000   output external delay
                                             19.750000   data required time
---------------------------------------------------------------------------------------------
                                             19.750000   data required time
                                             -5.520156   data arrival time
---------------------------------------------------------------------------------------------
                                             14.229842   slack (MET)


Startpoint: io_in[9] (input port clocked by wb_clk_i)
Endpoint: jtag_tdi_o (output port clocked by wb_clk_i)
Path Group: wb_clk_i
Path Type: max

Fanout         Cap        Slew       Delay        Time   Description
---------------------------------------------------------------------------------------------
                                  0.000000    0.000000   clock wb_clk_i (rise edge)
                                  0.000000    0.000000   clock network delay (propagated)
                                  5.000000    5.000000 ^ input external delay
     1    0.003961    0.040055    0.021936    5.021936 ^ io_in[9] (in)
                                                         io_in[9] (net)
                      0.040055    0.000000    5.021936 ^ _274_/A (sky130_fd_sc_hd__clkbuf_1)
     1    0.003256    0.080355    0.142983    5.164918 ^ _274_/X (sky130_fd_sc_hd__clkbuf_1)
                                                         net24 (net)
                      0.080355    0.000104    5.165022 ^ output24/A (sky130_fd_sc_hd__buf_2)
     1    0.035078    0.278234    0.352355    5.517378 ^ output24/X (sky130_fd_sc_hd__buf_2)
                                                         jtag_tdi_o (net)
                      0.278234    0.000954    5.518332 ^ jtag_tdi_o (out)
                                              5.518332   data arrival time

                                 25.000000   25.000000   clock wb_clk_i (rise edge)
                                  0.000000   25.000000   clock network delay (propagated)
                                 -0.250000   24.750000   clock uncertainty
                                  0.000000   24.750000   clock reconvergence pessimism
                                 -5.000000   19.750000   output external delay
                                             19.750000   data required time
---------------------------------------------------------------------------------------------
                                             19.750000   data required time
                                             -5.518332   data arrival time
---------------------------------------------------------------------------------------------
                                             14.231667   slack (MET)


Startpoint: io_in[8] (input port clocked by wb_clk_i)
Endpoint: jtag_tms_o (output port clocked by wb_clk_i)
Path Group: wb_clk_i
Path Type: max

Fanout         Cap        Slew       Delay        Time   Description
---------------------------------------------------------------------------------------------
                                  0.000000    0.000000   clock wb_clk_i (rise edge)
                                  0.000000    0.000000   clock network delay (propagated)
                                  5.000000    5.000000 ^ input external delay
     1    0.003936    0.039883    0.021800    5.021800 ^ io_in[8] (in)
                                                         io_in[8] (net)
                      0.039883    0.000000    5.021800 ^ _275_/A (sky130_fd_sc_hd__clkbuf_1)
     1    0.002713    0.071034    0.135589    5.157389 ^ _275_/X (sky130_fd_sc_hd__clkbuf_1)
                                                         net25 (net)
                      0.071034    0.000081    5.157470 ^ output25/A (sky130_fd_sc_hd__buf_2)
     1    0.035074    0.278163    0.348127    5.505598 ^ output25/X (sky130_fd_sc_hd__buf_2)
                                                         jtag_tms_o (net)
                      0.278163    0.000845    5.506442 ^ jtag_tms_o (out)
                                              5.506442   data arrival time

                                 25.000000   25.000000   clock wb_clk_i (rise edge)
                                  0.000000   25.000000   clock network delay (propagated)
                                 -0.250000   24.750000   clock uncertainty
                                  0.000000   24.750000   clock reconvergence pessimism
                                 -5.000000   19.750000   output external delay
                                             19.750000   data required time
---------------------------------------------------------------------------------------------
                                             19.750000   data required time
                                             -5.506442   data arrival time
---------------------------------------------------------------------------------------------
                                             14.243558   slack (MET)


Startpoint: spi_cs_n_i (input port clocked by wb_clk_i)
Endpoint: io_out[3] (output port clocked by wb_clk_i)
Path Group: wb_clk_i
Path Type: max

Fanout         Cap        Slew       Delay        Time   Description
---------------------------------------------------------------------------------------------
                                  0.000000    0.000000   clock wb_clk_i (rise edge)
                                  0.000000    0.000000   clock network delay (propagated)
                                  5.000000    5.000000 ^ input external delay
     1    0.003763    0.038706    0.020888    5.020888 ^ spi_cs_n_i (in)
                                                         spi_cs_n_i (net)
                      0.038706    0.000000    5.020888 ^ _269_/A (sky130_fd_sc_hd__clkbuf_1)
     1    0.002771    0.072017    0.135834    5.156723 ^ _269_/X (sky130_fd_sc_hd__clkbuf_1)
                                                         net20 (net)
                      0.072017    0.000086    5.156809 ^ output20/A (sky130_fd_sc_hd__buf_2)
     1    0.034590    0.274574    0.346004    5.502813 ^ output20/X (sky130_fd_sc_hd__buf_2)
                                                         io_out[3] (net)
                      0.274574    0.000853    5.503666 ^ io_out[3] (out)
                                              5.503666   data arrival time

                                 25.000000   25.000000   clock wb_clk_i (rise edge)
                                  0.000000   25.000000   clock network delay (propagated)
                                 -0.250000   24.750000   clock uncertainty
                                  0.000000   24.750000   clock reconvergence pessimism
                                 -5.000000   19.750000   output external delay
                                             19.750000   data required time
---------------------------------------------------------------------------------------------
                                             19.750000   data required time
                                             -5.503666   data arrival time
---------------------------------------------------------------------------------------------
                                             14.246333   slack (MET)


Startpoint: intr_spi_host_tx_empty_i (input port clocked by wb_clk_i)
Endpoint: intr_vec_o[10] (output port clocked by wb_clk_i)
Path Group: wb_clk_i
Path Type: max

Fanout         Cap        Slew       Delay        Time   Description
---------------------------------------------------------------------------------------------
                                  0.000000    0.000000   clock wb_clk_i (rise edge)
                                  0.000000    0.000000   clock network delay (propagated)
                                  5.000000    5.000000 ^ input external delay
     1    0.004248    0.042017    0.023449    5.023449 ^ intr_spi_host_tx_empty_i (in)
                                                         intr_spi_host_tx_empty_i (net)
                      0.042030    0.000000    5.023449 ^ _262_/A (sky130_fd_sc_hd__clkbuf_1)
     1    0.002503    0.067445    0.133726    5.157175 ^ _262_/X (sky130_fd_sc_hd__clkbuf_1)
                                                         net3 (net)
                      0.067445    0.000055    5.157230 ^ output3/A (sky130_fd_sc_hd__buf_2)
     1    0.034158    0.271315    0.341774    5.499004 ^ output3/X (sky130_fd_sc_hd__buf_2)
                                                         intr_vec_o[10] (net)
                      0.271315    0.000625    5.499629 ^ intr_vec_o[10] (out)
                                              5.499629   data arrival time

                                 25.000000   25.000000   clock wb_clk_i (rise edge)
                                  0.000000   25.000000   clock network delay (propagated)
                                 -0.250000   24.750000   clock uncertainty
                                  0.000000   24.750000   clock reconvergence pessimism
                                 -5.000000   19.750000   output external delay
                                             19.750000   data required time
---------------------------------------------------------------------------------------------
                                             19.750000   data required time
                                             -5.499629   data arrival time
---------------------------------------------------------------------------------------------
                                             14.250370   slack (MET)


Startpoint: intr_spi_host_idle_i (input port clocked by wb_clk_i)
Endpoint: intr_vec_o[12] (output port clocked by wb_clk_i)
Path Group: wb_clk_i
Path Type: max

Fanout         Cap        Slew       Delay        Time   Description
---------------------------------------------------------------------------------------------
                                  0.000000    0.000000   clock wb_clk_i (rise edge)
                                  0.000000    0.000000   clock network delay (propagated)
                                  5.000000    5.000000 ^ input external delay
     1    0.003887    0.039553    0.021549    5.021549 ^ intr_spi_host_idle_i (in)
                                                         intr_spi_host_idle_i (net)
                      0.039553    0.000000    5.021549 ^ _264_/A (sky130_fd_sc_hd__clkbuf_1)
     1    0.002632    0.069639    0.134339    5.155888 ^ _264_/X (sky130_fd_sc_hd__clkbuf_1)
                                                         net5 (net)
                      0.069639    0.000077    5.155964 ^ output5/A (sky130_fd_sc_hd__buf_2)
     1    0.034116    0.271014    0.342552    5.498516 ^ output5/X (sky130_fd_sc_hd__buf_2)
                                                         intr_vec_o[12] (net)
                      0.271014    0.000636    5.499152 ^ intr_vec_o[12] (out)
                                              5.499152   data arrival time

                                 25.000000   25.000000   clock wb_clk_i (rise edge)
                                  0.000000   25.000000   clock network delay (propagated)
                                 -0.250000   24.750000   clock uncertainty
                                  0.000000   24.750000   clock reconvergence pessimism
                                 -5.000000   19.750000   output external delay
                                             19.750000   data required time
---------------------------------------------------------------------------------------------
                                             19.750000   data required time
                                             -5.499152   data arrival time
---------------------------------------------------------------------------------------------
                                             14.250847   slack (MET)


Startpoint: intr_uart_tx_empty_i (input port clocked by wb_clk_i)
Endpoint: intr_vec_o[2] (output port clocked by wb_clk_i)
Path Group: wb_clk_i
Path Type: max

Fanout         Cap        Slew       Delay        Time   Description
---------------------------------------------------------------------------------------------
                                  0.000000    0.000000   clock wb_clk_i (rise edge)
                                  0.000000    0.000000   clock network delay (propagated)
                                  5.000000    5.000000 ^ input external delay
     1    0.004343    0.042673    0.023948    5.023948 ^ intr_uart_tx_empty_i (in)
                                                         intr_uart_tx_empty_i (net)
                      0.042686    0.000000    5.023948 ^ _254_/A (sky130_fd_sc_hd__clkbuf_1)
     1    0.002426    0.066142    0.132977    5.156925 ^ _254_/X (sky130_fd_sc_hd__clkbuf_1)
                                                         net9 (net)
                      0.066142    0.000067    5.156992 ^ output9/A (sky130_fd_sc_hd__buf_2)
     1    0.034063    0.270615    0.340665    5.497657 ^ output9/X (sky130_fd_sc_hd__buf_2)
                                                         intr_vec_o[2] (net)
                      0.270615    0.000639    5.498295 ^ intr_vec_o[2] (out)
                                              5.498295   data arrival time

                                 25.000000   25.000000   clock wb_clk_i (rise edge)
                                  0.000000   25.000000   clock network delay (propagated)
                                 -0.250000   24.750000   clock uncertainty
                                  0.000000   24.750000   clock reconvergence pessimism
                                 -5.000000   19.750000   output external delay
                                             19.750000   data required time
---------------------------------------------------------------------------------------------
                                             19.750000   data required time
                                             -5.498295   data arrival time
---------------------------------------------------------------------------------------------
                                             14.251704   slack (MET)


Startpoint: intr_uart_rx_parity_err_i (input port clocked by wb_clk_i)
Endpoint: intr_vec_o[9] (output port clocked by wb_clk_i)
Path Group: wb_clk_i
Path Type: max

Fanout         Cap        Slew       Delay        Time   Description
---------------------------------------------------------------------------------------------
                                  0.000000    0.000000   clock wb_clk_i (rise edge)
                                  0.000000    0.000000   clock network delay (propagated)
                                  5.000000    5.000000 ^ input external delay
     1    0.004097    0.040987    0.022657    5.022657 ^ intr_uart_rx_parity_err_i (in)
                                                         intr_uart_rx_parity_err_i (net)
                      0.040987    0.000000    5.022657 ^ _261_/A (sky130_fd_sc_hd__clkbuf_1)
     1    0.002362    0.065062    0.131347    5.154005 ^ _261_/X (sky130_fd_sc_hd__clkbuf_1)
                                                         net16 (net)
                      0.065062    0.000068    5.154073 ^ output16/A (sky130_fd_sc_hd__buf_2)
     1    0.034532    0.274132    0.342520    5.496593 ^ output16/X (sky130_fd_sc_hd__buf_2)
                                                         intr_vec_o[9] (net)
                      0.274132    0.000838    5.497432 ^ intr_vec_o[9] (out)
                                              5.497432   data arrival time

                                 25.000000   25.000000   clock wb_clk_i (rise edge)
                                  0.000000   25.000000   clock network delay (propagated)
                                 -0.250000   24.750000   clock uncertainty
                                  0.000000   24.750000   clock reconvergence pessimism
                                 -5.000000   19.750000   output external delay
                                             19.750000   data required time
---------------------------------------------------------------------------------------------
                                             19.750000   data required time
                                             -5.497432   data arrival time
---------------------------------------------------------------------------------------------
                                             14.252567   slack (MET)


Startpoint: io_in[11] (input port clocked by wb_clk_i)
Endpoint: jtag_trst_n_o (output port clocked by wb_clk_i)
Path Group: wb_clk_i
Path Type: max

Fanout         Cap        Slew       Delay        Time   Description
---------------------------------------------------------------------------------------------
                                  0.000000    0.000000   clock wb_clk_i (rise edge)
                                  0.000000    0.000000   clock network delay (propagated)
                                  5.000000    5.000000 ^ input external delay
     1    0.003565    0.037361    0.019837    5.019837 ^ io_in[11] (in)
                                                         io_in[11] (net)
                      0.037361    0.000000    5.019837 ^ _276_/A (sky130_fd_sc_hd__clkbuf_1)
     1    0.002561    0.068437    0.132412    5.152249 ^ _276_/X (sky130_fd_sc_hd__clkbuf_1)
                                                         net26 (net)
                      0.068437    0.000073    5.152322 ^ output26/A (sky130_fd_sc_hd__buf_2)
     1    0.034475    0.273698    0.343826    5.496149 ^ output26/X (sky130_fd_sc_hd__buf_2)
                                                         jtag_trst_n_o (net)
                      0.273698    0.000750    5.496899 ^ jtag_trst_n_o (out)
                                              5.496899   data arrival time

                                 25.000000   25.000000   clock wb_clk_i (rise edge)
                                  0.000000   25.000000   clock network delay (propagated)
                                 -0.250000   24.750000   clock uncertainty
                                  0.000000   24.750000   clock reconvergence pessimism
                                 -5.000000   19.750000   output external delay
                                             19.750000   data required time
---------------------------------------------------------------------------------------------
                                             19.750000   data required time
                                             -5.496899   data arrival time
---------------------------------------------------------------------------------------------
                                             14.253100   slack (MET)


Startpoint: io_in[0] (input port clocked by wb_clk_i)
Endpoint: uart_rx_o (output port clocked by wb_clk_i)
Path Group: wb_clk_i
Path Type: max

Fanout         Cap        Slew       Delay        Time   Description
---------------------------------------------------------------------------------------------
                                  0.000000    0.000000   clock wb_clk_i (rise edge)
                                  0.000000    0.000000   clock network delay (propagated)
                                  5.000000    5.000000 ^ input external delay
     1    0.003462    0.036670    0.019294    5.019294 ^ io_in[0] (in)
                                                         io_in[0] (net)
                      0.036670    0.000000    5.019294 ^ _278_/A (sky130_fd_sc_hd__clkbuf_1)
     1    0.002226    0.062804    0.127592    5.146887 ^ _278_/X (sky130_fd_sc_hd__clkbuf_1)
                                                         net29 (net)
                      0.062804    0.000045    5.146932 ^ output29/A (sky130_fd_sc_hd__buf_2)
     1    0.034343    0.272708    0.340547    5.487479 ^ output29/X (sky130_fd_sc_hd__buf_2)
                                                         uart_rx_o (net)
                      0.272708    0.000744    5.488224 ^ uart_rx_o (out)
                                              5.488224   data arrival time

                                 25.000000   25.000000   clock wb_clk_i (rise edge)
                                  0.000000   25.000000   clock network delay (propagated)
                                 -0.250000   24.750000   clock uncertainty
                                  0.000000   24.750000   clock reconvergence pessimism
                                 -5.000000   19.750000   output external delay
                                             19.750000   data required time
---------------------------------------------------------------------------------------------
                                             19.750000   data required time
                                             -5.488224   data arrival time
---------------------------------------------------------------------------------------------
                                             14.261776   slack (MET)



