
===========================================================================
report_checks -path_delay min (Hold)
============================================================================
======================= nom_ss_100C_1v60 Corner ===================================

Startpoint: wb_clk_i (clock source 'wb_clk_i')
Endpoint: clk_o (output port clocked by wb_clk_i)
Path Group: wb_clk_i
Path Type: min

Fanout         Cap        Slew       Delay        Time   Description
---------------------------------------------------------------------------------------------
                                  0.000000    0.000000   clock wb_clk_i (rise edge)
                                  0.000000    0.000000   clock source latency
     1    0.004429    0.043277    0.024414    0.024414 ^ wb_clk_i (in)
                                                         wb_clk_i (net)
                      0.043278    0.000000    0.024414 ^ _253_/A (sky130_fd_sc_hd__buf_2)
     1    0.017091    0.146627    0.239445    0.263859 ^ _253_/X (sky130_fd_sc_hd__buf_2)
                                                         net2 (net)
                      0.146642    0.001577    0.265436 ^ output2/A (sky130_fd_sc_hd__buf_1)
     1    0.034048    0.637517    0.589883    0.855319 ^ output2/X (sky130_fd_sc_hd__buf_1)
                                                         clk_o (net)
                      0.637517    0.000632    0.855951 ^ clk_o (out)
                                              0.855951   data arrival time

                                  0.000000    0.000000   clock wb_clk_i (rise edge)
                                  0.000000    0.000000   clock network delay (propagated)
                                  0.250000    0.250000   clock uncertainty
                                  0.000000    0.250000   clock reconvergence pessimism
                                 -5.000000   -4.750000   output external delay
                                             -4.750000   data required time
---------------------------------------------------------------------------------------------
                                             -4.750000   data required time
                                             -0.855951   data arrival time
---------------------------------------------------------------------------------------------
                                              5.605951   slack (MET)


Startpoint: plic_irq_i (input port clocked by wb_clk_i)
Endpoint: user_irq[0] (output port clocked by wb_clk_i)
Path Group: wb_clk_i
Path Type: min

Fanout         Cap        Slew       Delay        Time   Description
---------------------------------------------------------------------------------------------
                                  0.000000    0.000000   clock wb_clk_i (rise edge)
                                  0.000000    0.000000   clock network delay (propagated)
                                  5.000000    5.000000 v input external delay
     1    0.003171    0.019884    0.010402    5.010402 v plic_irq_i (in)
                                                         plic_irq_i (net)
                      0.019884    0.000000    5.010402 v _275_/A (sky130_fd_sc_hd__clkbuf_1)
     1    0.002086    0.043354    0.130717    5.141119 v _275_/X (sky130_fd_sc_hd__clkbuf_1)
                                                         net25 (net)
                      0.043354    0.000058    5.141177 v output25/A (sky130_fd_sc_hd__buf_2)
     1    0.034093    0.165335    0.331825    5.473002 v output25/X (sky130_fd_sc_hd__buf_2)
                                                         user_irq[0] (net)
                      0.165335    0.000625    5.473627 v user_irq[0] (out)
                                              5.473627   data arrival time

                                  0.000000    0.000000   clock wb_clk_i (rise edge)
                                  0.000000    0.000000   clock network delay (propagated)
                                  0.250000    0.250000   clock uncertainty
                                  0.000000    0.250000   clock reconvergence pessimism
                                 -5.000000   -4.750000   output external delay
                                             -4.750000   data required time
---------------------------------------------------------------------------------------------
                                             -4.750000   data required time
                                             -5.473627   data arrival time
---------------------------------------------------------------------------------------------
                                             10.223627   slack (MET)


Startpoint: spi_mosi_i (input port clocked by wb_clk_i)
Endpoint: io_out[4] (output port clocked by wb_clk_i)
Path Group: wb_clk_i
Path Type: min

Fanout         Cap        Slew       Delay        Time   Description
---------------------------------------------------------------------------------------------
                                  0.000000    0.000000   clock wb_clk_i (rise edge)
                                  0.000000    0.000000   clock network delay (propagated)
                                  5.000000    5.000000 v input external delay
     1    0.003424    0.020871    0.011209    5.011209 v spi_mosi_i (in)
                                                         spi_mosi_i (net)
                      0.020871    0.000000    5.011209 v _271_/A (sky130_fd_sc_hd__clkbuf_1)
     1    0.002098    0.043476    0.131251    5.142459 v _271_/X (sky130_fd_sc_hd__clkbuf_1)
                                                         net20 (net)
                      0.043476    0.000043    5.142502 v output20/A (sky130_fd_sc_hd__buf_2)
     1    0.034043    0.165136    0.331727    5.474229 v output20/X (sky130_fd_sc_hd__buf_2)
                                                         io_out[4] (net)
                      0.165136    0.000618    5.474847 v io_out[4] (out)
                                              5.474847   data arrival time

                                  0.000000    0.000000   clock wb_clk_i (rise edge)
                                  0.000000    0.000000   clock network delay (propagated)
                                  0.250000    0.250000   clock uncertainty
                                  0.000000    0.250000   clock reconvergence pessimism
                                 -5.000000   -4.750000   output external delay
                                             -4.750000   data required time
---------------------------------------------------------------------------------------------
                                             -4.750000   data required time
                                             -5.474847   data arrival time
---------------------------------------------------------------------------------------------
                                             10.224847   slack (MET)


Startpoint: intr_uart_rx_break_err_i (input port clocked by wb_clk_i)
Endpoint: intr_vec_o[7] (output port clocked by wb_clk_i)
Path Group: wb_clk_i
Path Type: min

Fanout         Cap        Slew       Delay        Time   Description
---------------------------------------------------------------------------------------------
                                  0.000000    0.000000   clock wb_clk_i (rise edge)
                                  0.000000    0.000000   clock network delay (propagated)
                                  5.000000    5.000000 v input external delay
     1    0.003573    0.021455    0.011676    5.011676 v intr_uart_rx_break_err_i (in)
                                                         intr_uart_rx_break_err_i (net)
                      0.021455    0.000000    5.011676 v _260_/A (sky130_fd_sc_hd__clkbuf_1)
     1    0.002272    0.045136    0.133168    5.144844 v _260_/X (sky130_fd_sc_hd__clkbuf_1)
                                                         net14 (net)
                      0.045136    0.000062    5.144907 v output14/A (sky130_fd_sc_hd__buf_2)
     1    0.033982    0.164886    0.332292    5.477199 v output14/X (sky130_fd_sc_hd__buf_2)
                                                         intr_vec_o[7] (net)
                      0.164886    0.000617    5.477816 v intr_vec_o[7] (out)
                                              5.477816   data arrival time

                                  0.000000    0.000000   clock wb_clk_i (rise edge)
                                  0.000000    0.000000   clock network delay (propagated)
                                  0.250000    0.250000   clock uncertainty
                                  0.000000    0.250000   clock reconvergence pessimism
                                 -5.000000   -4.750000   output external delay
                                             -4.750000   data required time
---------------------------------------------------------------------------------------------
                                             -4.750000   data required time
                                             -5.477816   data arrival time
---------------------------------------------------------------------------------------------
                                             10.227817   slack (MET)


Startpoint: intr_uart_rx_timeout_i (input port clocked by wb_clk_i)
Endpoint: intr_vec_o[8] (output port clocked by wb_clk_i)
Path Group: wb_clk_i
Path Type: min

Fanout         Cap        Slew       Delay        Time   Description
---------------------------------------------------------------------------------------------
                                  0.000000    0.000000   clock wb_clk_i (rise edge)
                                  0.000000    0.000000   clock network delay (propagated)
                                  5.000000    5.000000 v input external delay
     1    0.003757    0.022176    0.012262    5.012262 v intr_uart_rx_timeout_i (in)
                                                         intr_uart_rx_timeout_i (net)
                      0.022176    0.000000    5.012262 v _261_/A (sky130_fd_sc_hd__clkbuf_1)
     1    0.002405    0.046431    0.134748    5.147010 v _261_/X (sky130_fd_sc_hd__clkbuf_1)
                                                         net15 (net)
                      0.046431    0.000071    5.147082 v output15/A (sky130_fd_sc_hd__buf_2)
     1    0.034542    0.167160    0.334528    5.481609 v output15/X (sky130_fd_sc_hd__buf_2)
                                                         intr_vec_o[8] (net)
                      0.167162    0.000839    5.482449 v intr_vec_o[8] (out)
                                              5.482449   data arrival time

                                  0.000000    0.000000   clock wb_clk_i (rise edge)
                                  0.000000    0.000000   clock network delay (propagated)
                                  0.250000    0.250000   clock uncertainty
                                  0.000000    0.250000   clock reconvergence pessimism
                                 -5.000000   -4.750000   output external delay
                                             -4.750000   data required time
---------------------------------------------------------------------------------------------
                                             -4.750000   data required time
                                             -5.482449   data arrival time
---------------------------------------------------------------------------------------------
                                             10.232448   slack (MET)


Startpoint: intr_uart_rx_overflow_i (input port clocked by wb_clk_i)
Endpoint: intr_vec_o[5] (output port clocked by wb_clk_i)
Path Group: wb_clk_i
Path Type: min

Fanout         Cap        Slew       Delay        Time   Description
---------------------------------------------------------------------------------------------
                                  0.000000    0.000000   clock wb_clk_i (rise edge)
                                  0.000000    0.000000   clock network delay (propagated)
                                  5.000000    5.000000 v input external delay
     1    0.004031    0.023260    0.013127    5.013127 v intr_uart_rx_overflow_i (in)
                                                         intr_uart_rx_overflow_i (net)
                      0.023260    0.000000    5.013127 v _258_/A (sky130_fd_sc_hd__clkbuf_1)
     1    0.002352    0.045910    0.134684    5.147811 v _258_/X (sky130_fd_sc_hd__clkbuf_1)
                                                         net12 (net)
                      0.045910    0.000068    5.147879 v output12/A (sky130_fd_sc_hd__buf_2)
     1    0.034542    0.167162    0.334289    5.482168 v output12/X (sky130_fd_sc_hd__buf_2)
                                                         intr_vec_o[5] (net)
                      0.167164    0.000839    5.483006 v intr_vec_o[5] (out)
                                              5.483006   data arrival time

                                  0.000000    0.000000   clock wb_clk_i (rise edge)
                                  0.000000    0.000000   clock network delay (propagated)
                                  0.250000    0.250000   clock uncertainty
                                  0.000000    0.250000   clock reconvergence pessimism
                                 -5.000000   -4.750000   output external delay
                                             -4.750000   data required time
---------------------------------------------------------------------------------------------
                                             -4.750000   data required time
                                             -5.483006   data arrival time
---------------------------------------------------------------------------------------------
                                             10.233006   slack (MET)


Startpoint: spi_sclk_i (input port clocked by wb_clk_i)
Endpoint: io_out[2] (output port clocked by wb_clk_i)
Path Group: wb_clk_i
Path Type: min

Fanout         Cap        Slew       Delay        Time   Description
---------------------------------------------------------------------------------------------
                                  0.000000    0.000000   clock wb_clk_i (rise edge)
                                  0.000000    0.000000   clock network delay (propagated)
                                  5.000000    5.000000 v input external delay
     1    0.003780    0.022266    0.012335    5.012336 v spi_sclk_i (in)
                                                         spi_sclk_i (net)
                      0.022266    0.000000    5.012336 v _269_/A (sky130_fd_sc_hd__clkbuf_1)
     1    0.002639    0.048759    0.137050    5.149386 v _269_/X (sky130_fd_sc_hd__clkbuf_1)
                                                         net18 (net)
                      0.048759    0.000075    5.149461 v output18/A (sky130_fd_sc_hd__buf_2)
     1    0.034582    0.167312    0.335713    5.485174 v output18/X (sky130_fd_sc_hd__buf_2)
                                                         io_out[2] (net)
                      0.167314    0.000853    5.486027 v io_out[2] (out)
                                              5.486027   data arrival time

                                  0.000000    0.000000   clock wb_clk_i (rise edge)
                                  0.000000    0.000000   clock network delay (propagated)
                                  0.250000    0.250000   clock uncertainty
                                  0.000000    0.250000   clock reconvergence pessimism
                                 -5.000000   -4.750000   output external delay
                                             -4.750000   data required time
---------------------------------------------------------------------------------------------
                                             -4.750000   data required time
                                             -5.486027   data arrival time
---------------------------------------------------------------------------------------------
                                             10.236028   slack (MET)


Startpoint: fft_error_i (input port clocked by wb_clk_i)
Endpoint: intr_vec_o[14] (output port clocked by wb_clk_i)
Path Group: wb_clk_i
Path Type: min

Fanout         Cap        Slew       Delay        Time   Description
---------------------------------------------------------------------------------------------
                                  0.000000    0.000000   clock wb_clk_i (rise edge)
                                  0.000000    0.000000   clock network delay (propagated)
                                  5.000000    5.000000 v input external delay
     1    0.004538    0.025293    0.014751    5.014751 v fft_error_i (in)
                                                         fft_error_i (net)
                      0.025294    0.000000    5.014751 v _267_/A (sky130_fd_sc_hd__clkbuf_1)
     1    0.002711    0.049483    0.139009    5.153760 v _267_/X (sky130_fd_sc_hd__clkbuf_1)
                                                         net7 (net)
                      0.049483    0.000080    5.153840 v output7/A (sky130_fd_sc_hd__buf_2)
     1    0.034461    0.166800    0.335725    5.489565 v output7/X (sky130_fd_sc_hd__buf_2)
                                                         intr_vec_o[14] (net)
                      0.166801    0.000751    5.490316 v intr_vec_o[14] (out)
                                              5.490316   data arrival time

                                  0.000000    0.000000   clock wb_clk_i (rise edge)
                                  0.000000    0.000000   clock network delay (propagated)
                                  0.250000    0.250000   clock uncertainty
                                  0.000000    0.250000   clock reconvergence pessimism
                                 -5.000000   -4.750000   output external delay
                                             -4.750000   data required time
---------------------------------------------------------------------------------------------
                                             -4.750000   data required time
                                             -5.490316   data arrival time
---------------------------------------------------------------------------------------------
                                             10.240316   slack (MET)


Startpoint: intr_spi_host_idle_i (input port clocked by wb_clk_i)
Endpoint: intr_vec_o[12] (output port clocked by wb_clk_i)
Path Group: wb_clk_i
Path Type: min

Fanout         Cap        Slew       Delay        Time   Description
---------------------------------------------------------------------------------------------
                                  0.000000    0.000000   clock wb_clk_i (rise edge)
                                  0.000000    0.000000   clock network delay (propagated)
                                  5.000000    5.000000 v input external delay
     1    0.004141    0.023706    0.013495    5.013495 v intr_spi_host_idle_i (in)
                                                         intr_spi_host_idle_i (net)
                      0.023707    0.000000    5.013495 v _265_/A (sky130_fd_sc_hd__clkbuf_1)
     1    0.002908    0.051472    0.140250    5.153745 v _265_/X (sky130_fd_sc_hd__clkbuf_1)
                                                         net5 (net)
                      0.051472    0.000085    5.153830 v output5/A (sky130_fd_sc_hd__buf_2)
     1    0.034406    0.166571    0.336464    5.490294 v output5/X (sky130_fd_sc_hd__buf_2)
                                                         intr_vec_o[12] (net)
                      0.166572    0.000748    5.491043 v intr_vec_o[12] (out)
                                              5.491043   data arrival time

                                  0.000000    0.000000   clock wb_clk_i (rise edge)
                                  0.000000    0.000000   clock network delay (propagated)
                                  0.250000    0.250000   clock uncertainty
                                  0.000000    0.250000   clock reconvergence pessimism
                                 -5.000000   -4.750000   output external delay
                                             -4.750000   data required time
---------------------------------------------------------------------------------------------
                                             -4.750000   data required time
                                             -5.491043   data arrival time
---------------------------------------------------------------------------------------------
                                             10.241042   slack (MET)


Startpoint: intr_spi_host_tx_empty_i (input port clocked by wb_clk_i)
Endpoint: intr_vec_o[10] (output port clocked by wb_clk_i)
Path Group: wb_clk_i
Path Type: min

Fanout         Cap        Slew       Delay        Time   Description
---------------------------------------------------------------------------------------------
                                  0.000000    0.000000   clock wb_clk_i (rise edge)
                                  0.000000    0.000000   clock network delay (propagated)
                                  5.000000    5.000000 v input external delay
     1    0.003423    0.020866    0.011206    5.011206 v intr_spi_host_tx_empty_i (in)
                                                         intr_spi_host_tx_empty_i (net)
                      0.020866    0.000000    5.011206 v _263_/A (sky130_fd_sc_hd__clkbuf_1)
     1    0.003049    0.052918    0.140420    5.151626 v _263_/X (sky130_fd_sc_hd__clkbuf_1)
                                                         net3 (net)
                      0.052918    0.000094    5.151720 v output3/A (sky130_fd_sc_hd__buf_2)
     1    0.034878    0.168456    0.338572    5.490292 v output3/X (sky130_fd_sc_hd__buf_2)
                                                         intr_vec_o[10] (net)
                      0.168457    0.000839    5.491131 v intr_vec_o[10] (out)
                                              5.491131   data arrival time

                                  0.000000    0.000000   clock wb_clk_i (rise edge)
                                  0.000000    0.000000   clock network delay (propagated)
                                  0.250000    0.250000   clock uncertainty
                                  0.000000    0.250000   clock reconvergence pessimism
                                 -5.000000   -4.750000   output external delay
                                             -4.750000   data required time
---------------------------------------------------------------------------------------------
                                             -4.750000   data required time
                                             -5.491131   data arrival time
---------------------------------------------------------------------------------------------
                                             10.241131   slack (MET)


Startpoint: intr_uart_tx_watermark_i (input port clocked by wb_clk_i)
Endpoint: intr_vec_o[1] (output port clocked by wb_clk_i)
Path Group: wb_clk_i
Path Type: min

Fanout         Cap        Slew       Delay        Time   Description
---------------------------------------------------------------------------------------------
                                  0.000000    0.000000   clock wb_clk_i (rise edge)
                                  0.000000    0.000000   clock network delay (propagated)
                                  5.000000    5.000000 v input external delay
     1    0.009420    0.044995    0.029744    5.029744 v intr_uart_tx_watermark_i (in)
                                                         intr_uart_tx_watermark_i (net)
                      0.044999    0.000000    5.029744 v _254_/A (sky130_fd_sc_hd__clkbuf_1)
     1    0.002284    0.045255    0.143694    5.173438 v _254_/X (sky130_fd_sc_hd__clkbuf_1)
                                                         net8 (net)
                      0.045255    0.000063    5.173501 v output8/A (sky130_fd_sc_hd__buf_2)
     1    0.034109    0.165401    0.332725    5.506226 v output8/X (sky130_fd_sc_hd__buf_2)
                                                         intr_vec_o[1] (net)
                      0.165401    0.000659    5.506885 v intr_vec_o[1] (out)
                                              5.506885   data arrival time

                                  0.000000    0.000000   clock wb_clk_i (rise edge)
                                  0.000000    0.000000   clock network delay (propagated)
                                  0.250000    0.250000   clock uncertainty
                                  0.000000    0.250000   clock reconvergence pessimism
                                 -5.000000   -4.750000   output external delay
                                             -4.750000   data required time
---------------------------------------------------------------------------------------------
                                             -4.750000   data required time
                                             -5.506885   data arrival time
---------------------------------------------------------------------------------------------
                                             10.256886   slack (MET)


Startpoint: intr_uart_tx_empty_i (input port clocked by wb_clk_i)
Endpoint: intr_vec_o[2] (output port clocked by wb_clk_i)
Path Group: wb_clk_i
Path Type: min

Fanout         Cap        Slew       Delay        Time   Description
---------------------------------------------------------------------------------------------
                                  0.000000    0.000000   clock wb_clk_i (rise edge)
                                  0.000000    0.000000   clock network delay (propagated)
                                  5.000000    5.000000 v input external delay
     1    0.003408    0.020808    0.011151    5.011151 v intr_uart_tx_empty_i (in)
                                                         intr_uart_tx_empty_i (net)
                      0.020808    0.000000    5.011151 v _255_/A (sky130_fd_sc_hd__clkbuf_1)
     1    0.004449    0.066884    0.153415    5.164566 v _255_/X (sky130_fd_sc_hd__clkbuf_1)
                                                         net9 (net)
                      0.066884    0.000157    5.164723 v output9/A (sky130_fd_sc_hd__buf_2)
     1    0.033987    0.164802    0.342276    5.506999 v output9/X (sky130_fd_sc_hd__buf_2)
                                                         intr_vec_o[2] (net)
                      0.164802    0.000617    5.507616 v intr_vec_o[2] (out)
                                              5.507616   data arrival time

                                  0.000000    0.000000   clock wb_clk_i (rise edge)
                                  0.000000    0.000000   clock network delay (propagated)
                                  0.250000    0.250000   clock uncertainty
                                  0.000000    0.250000   clock reconvergence pessimism
                                 -5.000000   -4.750000   output external delay
                                             -4.750000   data required time
---------------------------------------------------------------------------------------------
                                             -4.750000   data required time
                                             -5.507616   data arrival time
---------------------------------------------------------------------------------------------
                                             10.257615   slack (MET)


Startpoint: fft_done_i (input port clocked by wb_clk_i)
Endpoint: io_out[6] (output port clocked by wb_clk_i)
Path Group: wb_clk_i
Path Type: min

Fanout         Cap        Slew       Delay        Time   Description
---------------------------------------------------------------------------------------------
                                  0.000000    0.000000   clock wb_clk_i (rise edge)
                                  0.000000    0.000000   clock network delay (propagated)
                                  5.000000    5.000000 v input external delay
     2    0.009778    0.046462    0.030808    5.030808 v fft_done_i (in)
                                                         fft_done_i (net)
                      0.046466    0.000000    5.030808 v _272_/A (sky130_fd_sc_hd__clkbuf_1)
     1    0.002227    0.044708    0.143809    5.174617 v _272_/X (sky130_fd_sc_hd__clkbuf_1)
                                                         net21 (net)
                      0.044708    0.000064    5.174682 v output21/A (sky130_fd_sc_hd__buf_2)
     1    0.034981    0.168937    0.335068    5.509749 v output21/X (sky130_fd_sc_hd__buf_2)
                                                         io_out[6] (net)
                      0.168940    0.000948    5.510697 v io_out[6] (out)
                                              5.510697   data arrival time

                                  0.000000    0.000000   clock wb_clk_i (rise edge)
                                  0.000000    0.000000   clock network delay (propagated)
                                  0.250000    0.250000   clock uncertainty
                                  0.000000    0.250000   clock reconvergence pessimism
                                 -5.000000   -4.750000   output external delay
                                             -4.750000   data required time
---------------------------------------------------------------------------------------------
                                             -4.750000   data required time
                                             -5.510697   data arrival time
---------------------------------------------------------------------------------------------
                                             10.260697   slack (MET)


Startpoint: fft_done_i (input port clocked by wb_clk_i)
Endpoint: intr_vec_o[13] (output port clocked by wb_clk_i)
Path Group: wb_clk_i
Path Type: min

Fanout         Cap        Slew       Delay        Time   Description
---------------------------------------------------------------------------------------------
                                  0.000000    0.000000   clock wb_clk_i (rise edge)
                                  0.000000    0.000000   clock network delay (propagated)
                                  5.000000    5.000000 v input external delay
     2    0.009778    0.046462    0.030802    5.030803 v fft_done_i (in)
                                                         fft_done_i (net)
                      0.046466    0.000000    5.030803 v _266_/A (sky130_fd_sc_hd__clkbuf_1)
     1    0.002259    0.045014    0.144117    5.174920 v _266_/X (sky130_fd_sc_hd__clkbuf_1)
                                                         net6 (net)
                      0.045014    0.000065    5.174984 v output6/A (sky130_fd_sc_hd__buf_2)
     1    0.035133    0.169535    0.335693    5.510677 v output6/X (sky130_fd_sc_hd__buf_2)
                                                         intr_vec_o[13] (net)
                      0.169537    0.000947    5.511624 v intr_vec_o[13] (out)
                                              5.511624   data arrival time

                                  0.000000    0.000000   clock wb_clk_i (rise edge)
                                  0.000000    0.000000   clock network delay (propagated)
                                  0.250000    0.250000   clock uncertainty
                                  0.000000    0.250000   clock reconvergence pessimism
                                 -5.000000   -4.750000   output external delay
                                             -4.750000   data required time
---------------------------------------------------------------------------------------------
                                             -4.750000   data required time
                                             -5.511624   data arrival time
---------------------------------------------------------------------------------------------
                                             10.261624   slack (MET)


Startpoint: intr_uart_rx_parity_err_i (input port clocked by wb_clk_i)
Endpoint: intr_vec_o[9] (output port clocked by wb_clk_i)
Path Group: wb_clk_i
Path Type: min

Fanout         Cap        Slew       Delay        Time   Description
---------------------------------------------------------------------------------------------
                                  0.000000    0.000000   clock wb_clk_i (rise edge)
                                  0.000000    0.000000   clock network delay (propagated)
                                  5.000000    5.000000 v input external delay
     1    0.013038    0.059861    0.040876    5.040876 v intr_uart_rx_parity_err_i (in)
                                                         intr_uart_rx_parity_err_i (net)
                      0.059878    0.000000    5.040876 v _262_/A (sky130_fd_sc_hd__clkbuf_1)
     1    0.002522    0.047569    0.152718    5.193594 v _262_/X (sky130_fd_sc_hd__clkbuf_1)
                                                         net16 (net)
                      0.047569    0.000072    5.193666 v output16/A (sky130_fd_sc_hd__buf_2)
     1    0.034101    0.165348    0.333784    5.527450 v output16/X (sky130_fd_sc_hd__buf_2)
                                                         intr_vec_o[9] (net)
                      0.165348    0.000625    5.528075 v intr_vec_o[9] (out)
                                              5.528075   data arrival time

                                  0.000000    0.000000   clock wb_clk_i (rise edge)
                                  0.000000    0.000000   clock network delay (propagated)
                                  0.250000    0.250000   clock uncertainty
                                  0.000000    0.250000   clock reconvergence pessimism
                                 -5.000000   -4.750000   output external delay
                                             -4.750000   data required time
---------------------------------------------------------------------------------------------
                                             -4.750000   data required time
                                             -5.528075   data arrival time
---------------------------------------------------------------------------------------------
                                             10.278075   slack (MET)


Startpoint: intr_uart_rx_watermark_i (input port clocked by wb_clk_i)
Endpoint: intr_vec_o[3] (output port clocked by wb_clk_i)
Path Group: wb_clk_i
Path Type: min

Fanout         Cap        Slew       Delay        Time   Description
---------------------------------------------------------------------------------------------
                                  0.000000    0.000000   clock wb_clk_i (rise edge)
                                  0.000000    0.000000   clock network delay (propagated)
                                  5.000000    5.000000 v input external delay
     1    0.011540    0.053681    0.036258    5.036258 v intr_uart_rx_watermark_i (in)
                                                         intr_uart_rx_watermark_i (net)
                      0.053691    0.000000    5.036258 v _256_/A (sky130_fd_sc_hd__clkbuf_1)
     1    0.003094    0.053342    0.155440    5.191699 v _256_/X (sky130_fd_sc_hd__clkbuf_1)
                                                         net10 (net)
                      0.053342    0.000094    5.191792 v output10/A (sky130_fd_sc_hd__buf_2)
     1    0.034114    0.165383    0.336448    5.528240 v output10/X (sky130_fd_sc_hd__buf_2)
                                                         intr_vec_o[3] (net)
                      0.165383    0.000659    5.528900 v intr_vec_o[3] (out)
                                              5.528900   data arrival time

                                  0.000000    0.000000   clock wb_clk_i (rise edge)
                                  0.000000    0.000000   clock network delay (propagated)
                                  0.250000    0.250000   clock uncertainty
                                  0.000000    0.250000   clock reconvergence pessimism
                                 -5.000000   -4.750000   output external delay
                                             -4.750000   data required time
---------------------------------------------------------------------------------------------
                                             -4.750000   data required time
                                             -5.528900   data arrival time
---------------------------------------------------------------------------------------------
                                             10.278900   slack (MET)


Startpoint: io_in[5] (input port clocked by wb_clk_i)
Endpoint: spi_miso_o (output port clocked by wb_clk_i)
Path Group: wb_clk_i
Path Type: min

Fanout         Cap        Slew       Delay        Time   Description
---------------------------------------------------------------------------------------------
                                  0.000000    0.000000   clock wb_clk_i (rise edge)
                                  0.000000    0.000000   clock network delay (propagated)
                                  5.000000    5.000000 v input external delay
     2    0.016833    0.075463    0.052610    5.052610 v io_in[5] (in)
                                                         io_in[5] (net)
                      0.075491    0.000000    5.052610 v _273_/A (sky130_fd_sc_hd__clkbuf_1)
     1    0.002231    0.044725    0.156994    5.209604 v _273_/X (sky130_fd_sc_hd__clkbuf_1)
                                                         net23 (net)
                      0.044725    0.000061    5.209666 v output23/A (sky130_fd_sc_hd__buf_2)
     1    0.034022    0.165050    0.332233    5.541899 v output23/X (sky130_fd_sc_hd__buf_2)
                                                         spi_miso_o (net)
                      0.165050    0.000618    5.542517 v spi_miso_o (out)
                                              5.542517   data arrival time

                                  0.000000    0.000000   clock wb_clk_i (rise edge)
                                  0.000000    0.000000   clock network delay (propagated)
                                  0.250000    0.250000   clock uncertainty
                                  0.000000    0.250000   clock reconvergence pessimism
                                 -5.000000   -4.750000   output external delay
                                             -4.750000   data required time
---------------------------------------------------------------------------------------------
                                             -4.750000   data required time
                                             -5.542517   data arrival time
---------------------------------------------------------------------------------------------
                                             10.292518   slack (MET)


Startpoint: intr_uart_rx_frame_err_i (input port clocked by wb_clk_i)
Endpoint: intr_vec_o[6] (output port clocked by wb_clk_i)
Path Group: wb_clk_i
Path Type: min

Fanout         Cap        Slew       Delay        Time   Description
---------------------------------------------------------------------------------------------
                                  0.000000    0.000000   clock wb_clk_i (rise edge)
                                  0.000000    0.000000   clock network delay (propagated)
                                  5.000000    5.000000 v input external delay
     2    0.014384    0.065399    0.045096    5.045096 v intr_uart_rx_frame_err_i (in)
                                                         intr_uart_rx_frame_err_i (net)
                      0.065425    0.000000    5.045096 v _259_/A (sky130_fd_sc_hd__clkbuf_1)
     1    0.003907    0.061363    0.168549    5.213645 v _259_/X (sky130_fd_sc_hd__clkbuf_1)
                                                         net13 (net)
                      0.061363    0.000134    5.213778 v output13/A (sky130_fd_sc_hd__buf_2)
     1    0.034123    0.165377    0.340149    5.553928 v output13/X (sky130_fd_sc_hd__buf_2)
                                                         intr_vec_o[6] (net)
                      0.165378    0.000660    5.554588 v intr_vec_o[6] (out)
                                              5.554588   data arrival time

                                  0.000000    0.000000   clock wb_clk_i (rise edge)
                                  0.000000    0.000000   clock network delay (propagated)
                                  0.250000    0.250000   clock uncertainty
                                  0.000000    0.250000   clock reconvergence pessimism
                                 -5.000000   -4.750000   output external delay
                                             -4.750000   data required time
---------------------------------------------------------------------------------------------
                                             -4.750000   data required time
                                             -5.554588   data arrival time
---------------------------------------------------------------------------------------------
                                             10.304587   slack (MET)


Startpoint: io_in[0] (input port clocked by wb_clk_i)
Endpoint: uart_rx_o (output port clocked by wb_clk_i)
Path Group: wb_clk_i
Path Type: min

Fanout         Cap        Slew       Delay        Time   Description
---------------------------------------------------------------------------------------------
                                  0.000000    0.000000   clock wb_clk_i (rise edge)
                                  0.000000    0.000000   clock network delay (propagated)
                                  5.000000    5.000000 v input external delay
     1    0.014273    0.064930    0.044670    5.044670 v io_in[0] (in)
                                                         io_in[0] (net)
                      0.064949    0.000000    5.044670 v _274_/A (sky130_fd_sc_hd__clkbuf_1)
     1    0.004230    0.064578    0.171271    5.215941 v _274_/X (sky130_fd_sc_hd__clkbuf_1)
                                                         net24 (net)
                      0.064578    0.000134    5.216075 v output24/A (sky130_fd_sc_hd__buf_2)
     1    0.034579    0.167220    0.342952    5.559027 v output24/X (sky130_fd_sc_hd__buf_2)
                                                         uart_rx_o (net)
                      0.167222    0.000853    5.559879 v uart_rx_o (out)
                                              5.559879   data arrival time

                                  0.000000    0.000000   clock wb_clk_i (rise edge)
                                  0.000000    0.000000   clock network delay (propagated)
                                  0.250000    0.250000   clock uncertainty
                                  0.000000    0.250000   clock reconvergence pessimism
                                 -5.000000   -4.750000   output external delay
                                             -4.750000   data required time
---------------------------------------------------------------------------------------------
                                             -4.750000   data required time
                                             -5.559879   data arrival time
---------------------------------------------------------------------------------------------
                                             10.309879   slack (MET)


Startpoint: intr_uart_tx_done_i (input port clocked by wb_clk_i)
Endpoint: intr_vec_o[4] (output port clocked by wb_clk_i)
Path Group: wb_clk_i
Path Type: min

Fanout         Cap        Slew       Delay        Time   Description
---------------------------------------------------------------------------------------------
                                  0.000000    0.000000   clock wb_clk_i (rise edge)
                                  0.000000    0.000000   clock network delay (propagated)
                                  5.000000    5.000000 v input external delay
     1    0.009266    0.044373    0.029339    5.029339 v intr_uart_tx_done_i (in)
                                                         intr_uart_tx_done_i (net)
                      0.044380    0.000000    5.029339 v _257_/A (sky130_fd_sc_hd__clkbuf_1)
     1    0.006149    0.084336    0.177859    5.207198 v _257_/X (sky130_fd_sc_hd__clkbuf_1)
                                                         net11 (net)
                      0.084336    0.000213    5.207411 v output11/A (sky130_fd_sc_hd__buf_2)
     1    0.034582    0.167172    0.352137    5.559548 v output11/X (sky130_fd_sc_hd__buf_2)
                                                         intr_vec_o[4] (net)
                      0.167173    0.000853    5.560401 v intr_vec_o[4] (out)
                                              5.560401   data arrival time

                                  0.000000    0.000000   clock wb_clk_i (rise edge)
                                  0.000000    0.000000   clock network delay (propagated)
                                  0.250000    0.250000   clock uncertainty
                                  0.000000    0.250000   clock reconvergence pessimism
                                 -5.000000   -4.750000   output external delay
                                             -4.750000   data required time
---------------------------------------------------------------------------------------------
                                             -4.750000   data required time
                                             -5.560401   data arrival time
---------------------------------------------------------------------------------------------
                                             10.310402   slack (MET)


Startpoint: wb_rst_i (input port clocked by wb_clk_i)
Endpoint: rst_no (output port clocked by wb_clk_i)
Path Group: wb_clk_i
Path Type: min

Fanout         Cap        Slew       Delay        Time   Description
---------------------------------------------------------------------------------------------
                                  0.000000    0.000000   clock wb_clk_i (rise edge)
                                  0.000000    0.000000   clock network delay (propagated)
                                  5.000000    5.000000 v input external delay
     1    0.002632    0.017823    0.008708    5.008708 v wb_rst_i (in)
                                                         wb_rst_i (net)
                      0.017823    0.000000    5.008708 v input1/A (sky130_fd_sc_hd__clkbuf_1)
     1    0.005297    0.075603    0.159132    5.167840 v input1/X (sky130_fd_sc_hd__clkbuf_1)
                                                         net1 (net)
                      0.075603    0.000167    5.168006 v _000_/A (sky130_fd_sc_hd__inv_2)
     1    0.002193    0.032948    0.065860    5.233866 ^ _000_/Y (sky130_fd_sc_hd__inv_2)
                                                         net22 (net)
                      0.032948    0.000044    5.233910 ^ output22/A (sky130_fd_sc_hd__buf_2)
     1    0.034174    0.271384    0.326032    5.559942 ^ output22/X (sky130_fd_sc_hd__buf_2)
                                                         rst_no (net)
                      0.271384    0.000646    5.560587 ^ rst_no (out)
                                              5.560587   data arrival time

                                  0.000000    0.000000   clock wb_clk_i (rise edge)
                                  0.000000    0.000000   clock network delay (propagated)
                                  0.250000    0.250000   clock uncertainty
                                  0.000000    0.250000   clock reconvergence pessimism
                                 -5.000000   -4.750000   output external delay
                                             -4.750000   data required time
---------------------------------------------------------------------------------------------
                                             -4.750000   data required time
                                             -5.560587   data arrival time
---------------------------------------------------------------------------------------------
                                             10.310587   slack (MET)


Startpoint: intr_spi_host_rx_full_i (input port clocked by wb_clk_i)
Endpoint: intr_vec_o[11] (output port clocked by wb_clk_i)
Path Group: wb_clk_i
Path Type: min

Fanout         Cap        Slew       Delay        Time   Description
---------------------------------------------------------------------------------------------
                                  0.000000    0.000000   clock wb_clk_i (rise edge)
                                  0.000000    0.000000   clock network delay (propagated)
                                  5.000000    5.000000 v input external delay
     2    0.017999    0.080368    0.056198    5.056198 v intr_spi_host_rx_full_i (in)
                                                         intr_spi_host_rx_full_i (net)
                      0.080412    0.000000    5.056198 v _264_/A (sky130_fd_sc_hd__clkbuf_1)
     1    0.003553    0.057862    0.171921    5.228119 v _264_/X (sky130_fd_sc_hd__clkbuf_1)
                                                         net4 (net)
                      0.057862    0.000116    5.228235 v output4/A (sky130_fd_sc_hd__buf_2)
     1    0.034093    0.165265    0.338475    5.566710 v output4/X (sky130_fd_sc_hd__buf_2)
                                                         intr_vec_o[11] (net)
                      0.165265    0.000624    5.567334 v intr_vec_o[11] (out)
                                              5.567334   data arrival time

                                  0.000000    0.000000   clock wb_clk_i (rise edge)
                                  0.000000    0.000000   clock network delay (propagated)
                                  0.250000    0.250000   clock uncertainty
                                  0.000000    0.250000   clock reconvergence pessimism
                                 -5.000000   -4.750000   output external delay
                                             -4.750000   data required time
---------------------------------------------------------------------------------------------
                                             -4.750000   data required time
                                             -5.567334   data arrival time
---------------------------------------------------------------------------------------------
                                             10.317335   slack (MET)


Startpoint: spi_cs_n_i (input port clocked by wb_clk_i)
Endpoint: io_out[3] (output port clocked by wb_clk_i)
Path Group: wb_clk_i
Path Type: min

Fanout         Cap        Slew       Delay        Time   Description
---------------------------------------------------------------------------------------------
                                  0.000000    0.000000   clock wb_clk_i (rise edge)
                                  0.000000    0.000000   clock network delay (propagated)
                                  5.000000    5.000000 v input external delay
     2    0.041601    0.180308    0.131373    5.131373 v spi_cs_n_i (in)
                                                         spi_cs_n_i (net)
                      0.180756    0.000000    5.131373 v _270_/A (sky130_fd_sc_hd__clkbuf_2)
     1    0.020570    0.151536    0.322074    5.453448 v _270_/X (sky130_fd_sc_hd__clkbuf_2)
                                                         net19 (net)
                      0.151568    0.002255    5.455702 v output19/A (sky130_fd_sc_hd__buf_2)
     1    0.034397    0.166499    0.384037    5.839739 v output19/X (sky130_fd_sc_hd__buf_2)
                                                         io_out[3] (net)
                      0.166500    0.000748    5.840487 v io_out[3] (out)
                                              5.840487   data arrival time

                                  0.000000    0.000000   clock wb_clk_i (rise edge)
                                  0.000000    0.000000   clock network delay (propagated)
                                  0.250000    0.250000   clock uncertainty
                                  0.000000    0.250000   clock reconvergence pessimism
                                 -5.000000   -4.750000   output external delay
                                             -4.750000   data required time
---------------------------------------------------------------------------------------------
                                             -4.750000   data required time
                                             -5.840487   data arrival time
---------------------------------------------------------------------------------------------
                                             10.590487   slack (MET)


Startpoint: uart_tx_i (input port clocked by wb_clk_i)
Endpoint: io_out[1] (output port clocked by wb_clk_i)
Path Group: wb_clk_i
Path Type: min

Fanout         Cap        Slew       Delay        Time   Description
---------------------------------------------------------------------------------------------
                                  0.000000    0.000000   clock wb_clk_i (rise edge)
                                  0.000000    0.000000   clock network delay (propagated)
                                  5.000000    5.000000 v input external delay
     2    0.039213    0.170152    0.123822    5.123822 v uart_tx_i (in)
                                                         uart_tx_i (net)
                      0.170509    0.000000    5.123822 v _268_/A (sky130_fd_sc_hd__clkbuf_2)
     1    0.025578    0.184423    0.341032    5.464855 v _268_/X (sky130_fd_sc_hd__clkbuf_2)
                                                         net17 (net)
                      0.184489    0.003393    5.468247 v output17/A (sky130_fd_sc_hd__buf_2)
     1    0.034882    0.168490    0.401402    5.869649 v output17/X (sky130_fd_sc_hd__buf_2)
                                                         io_out[1] (net)
                      0.168492    0.000839    5.870489 v io_out[1] (out)
                                              5.870489   data arrival time

                                  0.000000    0.000000   clock wb_clk_i (rise edge)
                                  0.000000    0.000000   clock network delay (propagated)
                                  0.250000    0.250000   clock uncertainty
                                  0.000000    0.250000   clock reconvergence pessimism
                                 -5.000000   -4.750000   output external delay
                                             -4.750000   data required time
---------------------------------------------------------------------------------------------
                                             -4.750000   data required time
                                             -5.870489   data arrival time
---------------------------------------------------------------------------------------------
                                             10.620489   slack (MET)



