
===========================================================================
 report_power
============================================================================
======================= nom_ss_100C_1v60 Corner ===================================

Group                    Internal    Switching      Leakage        Total
                            Power        Power        Power        Power (Watts)
------------------------------------------------------------------------
Sequential           0.000000e+00 0.000000e+00 0.000000e+00 0.000000e+00   0.0%
Combinational        1.753876e-06 4.643824e-06 2.371493e-07 6.634850e-06  49.7%
Clock                1.466661e-06 5.236618e-06 1.130890e-08 6.714588e-06  50.3%
Macro                0.000000e+00 0.000000e+00 0.000000e+00 0.000000e+00   0.0%
Pad                  0.000000e+00 0.000000e+00 0.000000e+00 0.000000e+00   0.0%
------------------------------------------------------------------------
Total                3.220537e-06 9.880442e-06 2.484582e-07 1.334944e-05 100.0%
                            24.1%        74.0%         1.9%

