
===========================================================================
report_checks -unconstrained
===========================================================================
======================= nom_ss_100C_1v60 Corner ===================================

Startpoint: rst_ni (input port clocked by clk_i)
Endpoint: _7547_ (recovery check against rising-edge clock clk_i)
Path Group: asynchronous
Path Type: max

Fanout         Cap        Slew       Delay        Time   Description
---------------------------------------------------------------------------------------------
                                  0.000000    0.000000   clock clk_i (rise edge)
                                  0.000000    0.000000   clock network delay (propagated)
                                  5.000000    5.000000 ^ input external delay
     1    0.002668    0.031380    0.015090    5.015090 ^ rst_ni (in)
                                                         rst_ni (net)
                      0.031380    0.000000    5.015090 ^ input6/A (sky130_fd_sc_hd__buf_1)
     1    0.013655    0.267376    0.273608    5.288698 ^ input6/X (sky130_fd_sc_hd__buf_1)
                                                         net6 (net)
                      0.267382    0.001024    5.289721 ^ fanout1558/A (sky130_fd_sc_hd__buf_4)
     4    0.092627    0.409984    0.532539    5.822261 ^ fanout1558/X (sky130_fd_sc_hd__buf_4)
                                                         net1558 (net)
                      0.411223    0.018607    5.840868 ^ fanout1557/A (sky130_fd_sc_hd__clkbuf_2)
     4    0.056226    0.472886    0.619206    6.460073 ^ fanout1557/X (sky130_fd_sc_hd__clkbuf_2)
                                                         net1557 (net)
                      0.472916    0.004122    6.464195 ^ fanout1538/A (sky130_fd_sc_hd__dlymetal6s2s_1)
     3    0.028700    0.453728    0.587180    7.051375 ^ fanout1538/X (sky130_fd_sc_hd__dlymetal6s2s_1)
                                                         net1538 (net)
                      0.453728    0.001262    7.052637 ^ fanout1536/A (sky130_fd_sc_hd__buf_2)
     4    0.046503    0.364231    0.568170    7.620807 ^ fanout1536/X (sky130_fd_sc_hd__buf_2)
                                                         net1536 (net)
                      0.364231    0.001452    7.622260 ^ fanout1528/A (sky130_fd_sc_hd__buf_2)
     6    0.069579    0.534358    0.655695    8.277954 ^ fanout1528/X (sky130_fd_sc_hd__buf_2)
                                                         net1528 (net)
                      0.534359    0.002094    8.280049 ^ fanout1527/A (sky130_fd_sc_hd__buf_1)
     3    0.036355    0.678377    0.734978    9.015027 ^ fanout1527/X (sky130_fd_sc_hd__buf_1)
                                                         net1527 (net)
                      0.678377    0.001511    9.016538 ^ fanout1524/A (sky130_fd_sc_hd__clkbuf_2)
     6    0.039903    0.342486    0.622371    9.638909 ^ fanout1524/X (sky130_fd_sc_hd__clkbuf_2)
                                                         net1524 (net)
                      0.342486    0.000954    9.639863 ^ fanout1523/A (sky130_fd_sc_hd__clkbuf_2)
     6    0.044177    0.375889    0.523440   10.163303 ^ fanout1523/X (sky130_fd_sc_hd__clkbuf_2)
                                                         net1523 (net)
                      0.375949    0.004722   10.168025 ^ _7547_/RESET_B (sky130_fd_sc_hd__dfrtp_1)
                                             10.168025   data arrival time

                                 25.000000   25.000000   clock clk_i (rise edge)
                                  0.000000   25.000000   clock source latency
     2    0.088174    0.633412    0.443620   25.443619 ^ clk_i (in)
                                                         clk_i (net)
                      0.633476    0.000000   25.443619 ^ clkbuf_0_clk_i/A (sky130_fd_sc_hd__clkbuf_16)
     8    0.174734    0.284024    0.634202   26.077822 ^ clkbuf_0_clk_i/X (sky130_fd_sc_hd__clkbuf_16)
                                                         clknet_0_clk_i (net)
                      0.284106    0.004608   26.082430 ^ clkbuf_3_1_0_clk_i/A (sky130_fd_sc_hd__clkbuf_8)
     2    0.039353    0.129088    0.372303   26.454733 ^ clkbuf_3_1_0_clk_i/X (sky130_fd_sc_hd__clkbuf_8)
                                                         clknet_3_1_0_clk_i (net)
                      0.129100    0.001315   26.456047 ^ clkbuf_4_3__f_clk_i/A (sky130_fd_sc_hd__clkbuf_16)
     9    0.083581    0.153076    0.323784   26.779831 ^ clkbuf_4_3__f_clk_i/X (sky130_fd_sc_hd__clkbuf_16)
                                                         clknet_4_3__leaf_clk_i (net)
                      0.153215    0.004105   26.783936 ^ clkbuf_leaf_65_clk_i/A (sky130_fd_sc_hd__clkbuf_8)
     5    0.032065    0.110694    0.300863   27.084799 ^ clkbuf_leaf_65_clk_i/X (sky130_fd_sc_hd__clkbuf_8)
                                                         clknet_leaf_65_clk_i (net)
                      0.110694    0.000481   27.085281 ^ _7547_/CLK (sky130_fd_sc_hd__dfrtp_1)
                                 -0.250000   26.835281   clock uncertainty
                                  0.000000   26.835281   clock reconvergence pessimism
                                  0.363105   27.198387   library recovery time
                                             27.198387   data required time
---------------------------------------------------------------------------------------------
                                             27.198387   data required time
                                            -10.168025   data arrival time
---------------------------------------------------------------------------------------------
                                             17.030361   slack (MET)


Startpoint: _8093_ (rising edge-triggered flip-flop clocked by clk_i)
Endpoint: _7958_ (rising edge-triggered flip-flop clocked by clk_i)
Path Group: clk_i
Path Type: max

Fanout         Cap        Slew       Delay        Time   Description
---------------------------------------------------------------------------------------------
                                  0.000000    0.000000   clock clk_i (rise edge)
                                  0.000000    0.000000   clock source latency
     2    0.088174    0.633412    0.443620    0.443620 ^ clk_i (in)
                                                         clk_i (net)
                      0.633476    0.000000    0.443620 ^ clkbuf_0_clk_i/A (sky130_fd_sc_hd__clkbuf_16)
     8    0.174734    0.284024    0.634203    1.077822 ^ clkbuf_0_clk_i/X (sky130_fd_sc_hd__clkbuf_16)
                                                         clknet_0_clk_i (net)
                      0.284119    0.004897    1.082719 ^ clkbuf_3_4_0_clk_i/A (sky130_fd_sc_hd__clkbuf_8)
     2    0.035538    0.119994    0.365148    1.447867 ^ clkbuf_3_4_0_clk_i/X (sky130_fd_sc_hd__clkbuf_8)
                                                         clknet_3_4_0_clk_i (net)
                      0.120022    0.001763    1.449629 ^ clkbuf_4_9__f_clk_i/A (sky130_fd_sc_hd__clkbuf_16)
    11    0.105130    0.183246    0.342128    1.791757 ^ clkbuf_4_9__f_clk_i/X (sky130_fd_sc_hd__clkbuf_16)
                                                         clknet_4_9__leaf_clk_i (net)
                      0.183474    0.004114    1.795871 ^ clkbuf_leaf_97_clk_i/A (sky130_fd_sc_hd__clkbuf_8)
     9    0.044781    0.141426    0.338370    2.134242 ^ clkbuf_leaf_97_clk_i/X (sky130_fd_sc_hd__clkbuf_8)
                                                         clknet_leaf_97_clk_i (net)
                      0.141427    0.000785    2.135027 ^ _8093_/CLK (sky130_fd_sc_hd__dfrtp_1)
     1    0.002415    0.071707    0.757594    2.892621 v _8093_/Q (sky130_fd_sc_hd__dfrtp_1)
                                                         uart_core.uart_rx.sreg_q[6] (net)
                      0.071707    0.000051    2.892672 v hold5603/A (sky130_fd_sc_hd__dlygate4sd3_1)
     1    0.003467    0.113180    1.135378    4.028050 v hold5603/X (sky130_fd_sc_hd__dlygate4sd3_1)
                                                         net7310 (net)
                      0.113180    0.000112    4.028162 v hold1576/A (sky130_fd_sc_hd__dlygate4sd3_1)
     2    0.010547    0.181000    1.240806    5.268968 v hold1576/X (sky130_fd_sc_hd__dlygate4sd3_1)
                                                         net3283 (net)
                      0.181000    0.000186    5.269154 v hold5604/A (sky130_fd_sc_hd__dlygate4sd3_1)
     2    0.019226    0.248465    1.350892    6.620046 v hold5604/X (sky130_fd_sc_hd__dlygate4sd3_1)
                                                         net7311 (net)
                      0.248465    0.001021    6.621068 v fanout1128/A (sky130_fd_sc_hd__clkbuf_2)
     6    0.046622    0.323340    0.476382    7.097449 v fanout1128/X (sky130_fd_sc_hd__clkbuf_2)
                                                         net1128 (net)
                      0.323454    0.005708    7.103158 v _5477_/B (sky130_fd_sc_hd__nand2_1)
     1    0.003758    0.116903    0.215804    7.318962 ^ _5477_/Y (sky130_fd_sc_hd__nand2_1)
                                                         _2704_ (net)
                      0.116903    0.000126    7.319088 ^ hold2367/A (sky130_fd_sc_hd__dlygate4sd3_1)
     2    0.010460    0.195852    1.156854    8.475942 ^ hold2367/X (sky130_fd_sc_hd__dlygate4sd3_1)
                                                         net4074 (net)
                      0.195852    0.000386    8.476328 ^ _5479_/D (sky130_fd_sc_hd__nand4_1)
     1    0.006123    0.253407    0.334180    8.810508 v _5479_/Y (sky130_fd_sc_hd__nand4_1)
                                                         _2706_ (net)
                      0.253407    0.000245    8.810753 v hold2368/A (sky130_fd_sc_hd__dlygate4sd3_1)
     1    0.007086    0.148161    1.269809   10.080563 v hold2368/X (sky130_fd_sc_hd__dlygate4sd3_1)
                                                         net4075 (net)
                      0.148161    0.000290   10.080853 v _5480_/B (sky130_fd_sc_hd__nand2b_1)
     1    0.009055    0.168452    0.209650   10.290503 ^ _5480_/Y (sky130_fd_sc_hd__nand2b_1)
                                                         _2707_ (net)
                      0.168452    0.000349   10.290852 ^ hold2369/A (sky130_fd_sc_hd__dlygate4sd3_1)
     1    0.006731    0.144449    1.132480   11.423332 ^ hold2369/X (sky130_fd_sc_hd__dlygate4sd3_1)
                                                         net4076 (net)
                      0.144449    0.000235   11.423568 ^ _5492_/A (sky130_fd_sc_hd__xnor2_1)
     1    0.005732    0.133012    0.198529   11.622096 v _5492_/Y (sky130_fd_sc_hd__xnor2_1)
                                                         _2719_ (net)
                      0.133012    0.000214   11.622311 v hold2370/A (sky130_fd_sc_hd__dlygate4sd3_1)
     2    0.026986    0.313857    1.388535   13.010845 v hold2370/X (sky130_fd_sc_hd__dlygate4sd3_1)
                                                         net4077 (net)
                      0.313861    0.001652   13.012497 v _5493_/A (sky130_fd_sc_hd__nand3_1)
     1    0.013773    0.275723    0.330966   13.343464 ^ _5493_/Y (sky130_fd_sc_hd__nand3_1)
                                                         _2720_ (net)
                      0.275723    0.000927   13.344391 ^ hold2371/A (sky130_fd_sc_hd__dlygate4sd3_1)
     3    0.018794    0.309840    1.307244   14.651635 ^ hold2371/X (sky130_fd_sc_hd__dlygate4sd3_1)
                                                         net4078 (net)
                      0.309840    0.000630   14.652265 ^ _6071_/A (sky130_fd_sc_hd__and4_1)
     1    0.037044    0.571167    0.817422   15.469687 ^ _6071_/X (sky130_fd_sc_hd__and4_1)
                                                         _3238_ (net)
                      0.571167    0.001624   15.471310 ^ fanout485/A (sky130_fd_sc_hd__buf_2)
     6    0.064898    0.498985    0.711292   16.182602 ^ fanout485/X (sky130_fd_sc_hd__buf_2)
                                                         net485 (net)
                      0.498986    0.001991   16.184593 ^ fanout484/A (sky130_fd_sc_hd__buf_1)
     3    0.035401    0.661256    0.712509   16.897102 ^ fanout484/X (sky130_fd_sc_hd__buf_1)
                                                         net484 (net)
                      0.661449    0.003089   16.900192 ^ fanout483/A (sky130_fd_sc_hd__clkbuf_2)
     6    0.055123    0.464025    0.703961   17.604153 ^ fanout483/X (sky130_fd_sc_hd__clkbuf_2)
                                                         net483 (net)
                      0.464028    0.002155   17.606308 ^ fanout482/A (sky130_fd_sc_hd__clkbuf_2)
     6    0.042407    0.361929    0.559975   18.166283 ^ fanout482/X (sky130_fd_sc_hd__clkbuf_2)
                                                         net482 (net)
                      0.361967    0.003839   18.170122 ^ fanout481/A (sky130_fd_sc_hd__clkbuf_2)
     6    0.033798    0.292048    0.472665   18.642788 ^ fanout481/X (sky130_fd_sc_hd__clkbuf_2)
                                                         net481 (net)
                      0.292068    0.002656   18.645443 ^ _6487_/B1 (sky130_fd_sc_hd__o21a_1)
     1    0.021296    0.339892    0.505500   19.150942 ^ _6487_/X (sky130_fd_sc_hd__o21a_1)
                                                         _3390_ (net)
                      0.339892    0.000876   19.151819 ^ fanout373/A (sky130_fd_sc_hd__clkbuf_2)
     5    0.073783    0.614364    0.690552   19.842371 ^ fanout373/X (sky130_fd_sc_hd__clkbuf_2)
                                                         net373 (net)
                      0.614590    0.004944   19.847313 ^ fanout352/A (sky130_fd_sc_hd__buf_1)
     3    0.028624    0.539389    0.657987   20.505301 ^ fanout352/X (sky130_fd_sc_hd__buf_1)
                                                         net352 (net)
                      0.539389    0.001501   20.506802 ^ fanout337/A (sky130_fd_sc_hd__buf_1)
     3    0.020485    0.392033    0.532067   21.038870 ^ fanout337/X (sky130_fd_sc_hd__buf_1)
                                                         net337 (net)
                      0.392033    0.000707   21.039576 ^ fanout336/A (sky130_fd_sc_hd__clkbuf_2)
     6    0.036179    0.311174    0.498630   21.538206 ^ fanout336/X (sky130_fd_sc_hd__clkbuf_2)
                                                         net336 (net)
                      0.311177    0.001512   21.539719 ^ fanout335/A (sky130_fd_sc_hd__dlymetal6s2s_1)
     4    0.034459    0.536204    0.592674   22.132393 ^ fanout335/X (sky130_fd_sc_hd__dlymetal6s2s_1)
                                                         net335 (net)
                      0.536208    0.001309   22.133701 ^ _6642_/C (sky130_fd_sc_hd__and3_1)
     3    0.029443    0.459016    0.739789   22.873491 ^ _6642_/X (sky130_fd_sc_hd__and3_1)
                                                         _3409_ (net)
                      0.459021    0.002318   22.875809 ^ fanout250/A (sky130_fd_sc_hd__buf_2)
     6    0.046325    0.362812    0.569710   23.445518 ^ fanout250/X (sky130_fd_sc_hd__buf_2)
                                                         net250 (net)
                      0.362827    0.002723   23.448242 ^ _6643_/S (sky130_fd_sc_hd__mux2_1)
     1    0.012489    0.204361    0.913756   24.361998 v _6643_/X (sky130_fd_sc_hd__mux2_1)
                                                         _0604_ (net)
                      0.204361    0.000519   24.362516 v hold4871/A (sky130_fd_sc_hd__dlygate4sd3_1)
     1    0.009212    0.167927    1.269994   25.632509 v hold4871/X (sky130_fd_sc_hd__dlygate4sd3_1)
                                                         net6578 (net)
                      0.167927    0.000394   25.632904 v hold1167/A (sky130_fd_sc_hd__dlygate4sd3_1)
     1    0.003666    0.114860    1.185175   26.818079 v hold1167/X (sky130_fd_sc_hd__dlygate4sd3_1)
                                                         net2874 (net)
                      0.114860    0.000124   26.818203 v hold4872/A (sky130_fd_sc_hd__dlygate4sd3_1)
     1    0.007165    0.148051    1.203214   28.021418 v hold4872/X (sky130_fd_sc_hd__dlygate4sd3_1)
                                                         net6579 (net)
                      0.148051    0.000300   28.021717 v _7958_/D (sky130_fd_sc_hd__dfxtp_1)
                                             28.021717   data arrival time

                                 25.000000   25.000000   clock clk_i (rise edge)
                                  0.000000   25.000000   clock source latency
     2    0.088174    0.633412    0.443620   25.443619 ^ clk_i (in)
                                                         clk_i (net)
                      0.633476    0.000000   25.443619 ^ clkbuf_0_clk_i/A (sky130_fd_sc_hd__clkbuf_16)
     8    0.174734    0.284024    0.634202   26.077822 ^ clkbuf_0_clk_i/X (sky130_fd_sc_hd__clkbuf_16)
                                                         clknet_0_clk_i (net)
                      0.284122    0.004968   26.082790 ^ clkbuf_3_0_0_clk_i/A (sky130_fd_sc_hd__clkbuf_8)
     2    0.037849    0.125496    0.369463   26.452253 ^ clkbuf_3_0_0_clk_i/X (sky130_fd_sc_hd__clkbuf_8)
                                                         clknet_3_0_0_clk_i (net)
                      0.125521    0.001750   26.454002 ^ clkbuf_4_1__f_clk_i/A (sky130_fd_sc_hd__clkbuf_16)
     9    0.085956    0.156382    0.324798   26.778801 ^ clkbuf_4_1__f_clk_i/X (sky130_fd_sc_hd__clkbuf_16)
                                                         clknet_4_1__leaf_clk_i (net)
                      0.156397    0.001741   26.780540 ^ clkbuf_leaf_26_clk_i/A (sky130_fd_sc_hd__clkbuf_8)
     8    0.031787    0.110094    0.302048   27.082590 ^ clkbuf_leaf_26_clk_i/X (sky130_fd_sc_hd__clkbuf_8)
                                                         clknet_leaf_26_clk_i (net)
                      0.110094    0.000425   27.083014 ^ _7958_/CLK (sky130_fd_sc_hd__dfxtp_1)
                                 -0.250000   26.833015   clock uncertainty
                                  0.000000   26.833015   clock reconvergence pessimism
                                 -0.290602   26.542414   library setup time
                                             26.542414   data required time
---------------------------------------------------------------------------------------------
                                             26.542414   data required time
                                            -28.021717   data arrival time
---------------------------------------------------------------------------------------------
                                             -1.479304   slack (VIOLATED)




===========================================================================
report_checks --slack_max -0.01
============================================================================
======================= nom_ss_100C_1v60 Corner ===================================

Startpoint: _8093_ (rising edge-triggered flip-flop clocked by clk_i)
Endpoint: _7958_ (rising edge-triggered flip-flop clocked by clk_i)
Path Group: clk_i
Path Type: max

Fanout         Cap        Slew       Delay        Time   Description
---------------------------------------------------------------------------------------------
                                  0.000000    0.000000   clock clk_i (rise edge)
                                  0.000000    0.000000   clock source latency
     2    0.088174    0.633412    0.443620    0.443620 ^ clk_i (in)
                                                         clk_i (net)
                      0.633476    0.000000    0.443620 ^ clkbuf_0_clk_i/A (sky130_fd_sc_hd__clkbuf_16)
     8    0.174734    0.284024    0.634203    1.077822 ^ clkbuf_0_clk_i/X (sky130_fd_sc_hd__clkbuf_16)
                                                         clknet_0_clk_i (net)
                      0.284119    0.004897    1.082719 ^ clkbuf_3_4_0_clk_i/A (sky130_fd_sc_hd__clkbuf_8)
     2    0.035538    0.119994    0.365148    1.447867 ^ clkbuf_3_4_0_clk_i/X (sky130_fd_sc_hd__clkbuf_8)
                                                         clknet_3_4_0_clk_i (net)
                      0.120022    0.001763    1.449629 ^ clkbuf_4_9__f_clk_i/A (sky130_fd_sc_hd__clkbuf_16)
    11    0.105130    0.183246    0.342128    1.791757 ^ clkbuf_4_9__f_clk_i/X (sky130_fd_sc_hd__clkbuf_16)
                                                         clknet_4_9__leaf_clk_i (net)
                      0.183474    0.004114    1.795871 ^ clkbuf_leaf_97_clk_i/A (sky130_fd_sc_hd__clkbuf_8)
     9    0.044781    0.141426    0.338370    2.134242 ^ clkbuf_leaf_97_clk_i/X (sky130_fd_sc_hd__clkbuf_8)
                                                         clknet_leaf_97_clk_i (net)
                      0.141427    0.000785    2.135027 ^ _8093_/CLK (sky130_fd_sc_hd__dfrtp_1)
     1    0.002415    0.071707    0.757594    2.892621 v _8093_/Q (sky130_fd_sc_hd__dfrtp_1)
                                                         uart_core.uart_rx.sreg_q[6] (net)
                      0.071707    0.000051    2.892672 v hold5603/A (sky130_fd_sc_hd__dlygate4sd3_1)
     1    0.003467    0.113180    1.135378    4.028050 v hold5603/X (sky130_fd_sc_hd__dlygate4sd3_1)
                                                         net7310 (net)
                      0.113180    0.000112    4.028162 v hold1576/A (sky130_fd_sc_hd__dlygate4sd3_1)
     2    0.010547    0.181000    1.240806    5.268968 v hold1576/X (sky130_fd_sc_hd__dlygate4sd3_1)
                                                         net3283 (net)
                      0.181000    0.000186    5.269154 v hold5604/A (sky130_fd_sc_hd__dlygate4sd3_1)
     2    0.019226    0.248465    1.350892    6.620046 v hold5604/X (sky130_fd_sc_hd__dlygate4sd3_1)
                                                         net7311 (net)
                      0.248465    0.001021    6.621068 v fanout1128/A (sky130_fd_sc_hd__clkbuf_2)
     6    0.046622    0.323340    0.476382    7.097449 v fanout1128/X (sky130_fd_sc_hd__clkbuf_2)
                                                         net1128 (net)
                      0.323454    0.005708    7.103158 v _5477_/B (sky130_fd_sc_hd__nand2_1)
     1    0.003758    0.116903    0.215804    7.318962 ^ _5477_/Y (sky130_fd_sc_hd__nand2_1)
                                                         _2704_ (net)
                      0.116903    0.000126    7.319088 ^ hold2367/A (sky130_fd_sc_hd__dlygate4sd3_1)
     2    0.010460    0.195852    1.156854    8.475942 ^ hold2367/X (sky130_fd_sc_hd__dlygate4sd3_1)
                                                         net4074 (net)
                      0.195852    0.000386    8.476328 ^ _5479_/D (sky130_fd_sc_hd__nand4_1)
     1    0.006123    0.253407    0.334180    8.810508 v _5479_/Y (sky130_fd_sc_hd__nand4_1)
                                                         _2706_ (net)
                      0.253407    0.000245    8.810753 v hold2368/A (sky130_fd_sc_hd__dlygate4sd3_1)
     1    0.007086    0.148161    1.269809   10.080563 v hold2368/X (sky130_fd_sc_hd__dlygate4sd3_1)
                                                         net4075 (net)
                      0.148161    0.000290   10.080853 v _5480_/B (sky130_fd_sc_hd__nand2b_1)
     1    0.009055    0.168452    0.209650   10.290503 ^ _5480_/Y (sky130_fd_sc_hd__nand2b_1)
                                                         _2707_ (net)
                      0.168452    0.000349   10.290852 ^ hold2369/A (sky130_fd_sc_hd__dlygate4sd3_1)
     1    0.006731    0.144449    1.132480   11.423332 ^ hold2369/X (sky130_fd_sc_hd__dlygate4sd3_1)
                                                         net4076 (net)
                      0.144449    0.000235   11.423568 ^ _5492_/A (sky130_fd_sc_hd__xnor2_1)
     1    0.005732    0.133012    0.198529   11.622096 v _5492_/Y (sky130_fd_sc_hd__xnor2_1)
                                                         _2719_ (net)
                      0.133012    0.000214   11.622311 v hold2370/A (sky130_fd_sc_hd__dlygate4sd3_1)
     2    0.026986    0.313857    1.388535   13.010845 v hold2370/X (sky130_fd_sc_hd__dlygate4sd3_1)
                                                         net4077 (net)
                      0.313861    0.001652   13.012497 v _5493_/A (sky130_fd_sc_hd__nand3_1)
     1    0.013773    0.275723    0.330966   13.343464 ^ _5493_/Y (sky130_fd_sc_hd__nand3_1)
                                                         _2720_ (net)
                      0.275723    0.000927   13.344391 ^ hold2371/A (sky130_fd_sc_hd__dlygate4sd3_1)
     3    0.018794    0.309840    1.307244   14.651635 ^ hold2371/X (sky130_fd_sc_hd__dlygate4sd3_1)
                                                         net4078 (net)
                      0.309840    0.000630   14.652265 ^ _6071_/A (sky130_fd_sc_hd__and4_1)
     1    0.037044    0.571167    0.817422   15.469687 ^ _6071_/X (sky130_fd_sc_hd__and4_1)
                                                         _3238_ (net)
                      0.571167    0.001624   15.471310 ^ fanout485/A (sky130_fd_sc_hd__buf_2)
     6    0.064898    0.498985    0.711292   16.182602 ^ fanout485/X (sky130_fd_sc_hd__buf_2)
                                                         net485 (net)
                      0.498986    0.001991   16.184593 ^ fanout484/A (sky130_fd_sc_hd__buf_1)
     3    0.035401    0.661256    0.712509   16.897102 ^ fanout484/X (sky130_fd_sc_hd__buf_1)
                                                         net484 (net)
                      0.661449    0.003089   16.900192 ^ fanout483/A (sky130_fd_sc_hd__clkbuf_2)
     6    0.055123    0.464025    0.703961   17.604153 ^ fanout483/X (sky130_fd_sc_hd__clkbuf_2)
                                                         net483 (net)
                      0.464028    0.002155   17.606308 ^ fanout482/A (sky130_fd_sc_hd__clkbuf_2)
     6    0.042407    0.361929    0.559975   18.166283 ^ fanout482/X (sky130_fd_sc_hd__clkbuf_2)
                                                         net482 (net)
                      0.361967    0.003839   18.170122 ^ fanout481/A (sky130_fd_sc_hd__clkbuf_2)
     6    0.033798    0.292048    0.472665   18.642788 ^ fanout481/X (sky130_fd_sc_hd__clkbuf_2)
                                                         net481 (net)
                      0.292068    0.002656   18.645443 ^ _6487_/B1 (sky130_fd_sc_hd__o21a_1)
     1    0.021296    0.339892    0.505500   19.150942 ^ _6487_/X (sky130_fd_sc_hd__o21a_1)
                                                         _3390_ (net)
                      0.339892    0.000876   19.151819 ^ fanout373/A (sky130_fd_sc_hd__clkbuf_2)
     5    0.073783    0.614364    0.690552   19.842371 ^ fanout373/X (sky130_fd_sc_hd__clkbuf_2)
                                                         net373 (net)
                      0.614590    0.004944   19.847313 ^ fanout352/A (sky130_fd_sc_hd__buf_1)
     3    0.028624    0.539389    0.657987   20.505301 ^ fanout352/X (sky130_fd_sc_hd__buf_1)
                                                         net352 (net)
                      0.539389    0.001501   20.506802 ^ fanout337/A (sky130_fd_sc_hd__buf_1)
     3    0.020485    0.392033    0.532067   21.038870 ^ fanout337/X (sky130_fd_sc_hd__buf_1)
                                                         net337 (net)
                      0.392033    0.000707   21.039576 ^ fanout336/A (sky130_fd_sc_hd__clkbuf_2)
     6    0.036179    0.311174    0.498630   21.538206 ^ fanout336/X (sky130_fd_sc_hd__clkbuf_2)
                                                         net336 (net)
                      0.311177    0.001512   21.539719 ^ fanout335/A (sky130_fd_sc_hd__dlymetal6s2s_1)
     4    0.034459    0.536204    0.592674   22.132393 ^ fanout335/X (sky130_fd_sc_hd__dlymetal6s2s_1)
                                                         net335 (net)
                      0.536208    0.001309   22.133701 ^ _6642_/C (sky130_fd_sc_hd__and3_1)
     3    0.029443    0.459016    0.739789   22.873491 ^ _6642_/X (sky130_fd_sc_hd__and3_1)
                                                         _3409_ (net)
                      0.459021    0.002318   22.875809 ^ fanout250/A (sky130_fd_sc_hd__buf_2)
     6    0.046325    0.362812    0.569710   23.445518 ^ fanout250/X (sky130_fd_sc_hd__buf_2)
                                                         net250 (net)
                      0.362827    0.002723   23.448242 ^ _6643_/S (sky130_fd_sc_hd__mux2_1)
     1    0.012489    0.204361    0.913756   24.361998 v _6643_/X (sky130_fd_sc_hd__mux2_1)
                                                         _0604_ (net)
                      0.204361    0.000519   24.362516 v hold4871/A (sky130_fd_sc_hd__dlygate4sd3_1)
     1    0.009212    0.167927    1.269994   25.632509 v hold4871/X (sky130_fd_sc_hd__dlygate4sd3_1)
                                                         net6578 (net)
                      0.167927    0.000394   25.632904 v hold1167/A (sky130_fd_sc_hd__dlygate4sd3_1)
     1    0.003666    0.114860    1.185175   26.818079 v hold1167/X (sky130_fd_sc_hd__dlygate4sd3_1)
                                                         net2874 (net)
                      0.114860    0.000124   26.818203 v hold4872/A (sky130_fd_sc_hd__dlygate4sd3_1)
     1    0.007165    0.148051    1.203214   28.021418 v hold4872/X (sky130_fd_sc_hd__dlygate4sd3_1)
                                                         net6579 (net)
                      0.148051    0.000300   28.021717 v _7958_/D (sky130_fd_sc_hd__dfxtp_1)
                                             28.021717   data arrival time

                                 25.000000   25.000000   clock clk_i (rise edge)
                                  0.000000   25.000000   clock source latency
     2    0.088174    0.633412    0.443620   25.443619 ^ clk_i (in)
                                                         clk_i (net)
                      0.633476    0.000000   25.443619 ^ clkbuf_0_clk_i/A (sky130_fd_sc_hd__clkbuf_16)
     8    0.174734    0.284024    0.634202   26.077822 ^ clkbuf_0_clk_i/X (sky130_fd_sc_hd__clkbuf_16)
                                                         clknet_0_clk_i (net)
                      0.284122    0.004968   26.082790 ^ clkbuf_3_0_0_clk_i/A (sky130_fd_sc_hd__clkbuf_8)
     2    0.037849    0.125496    0.369463   26.452253 ^ clkbuf_3_0_0_clk_i/X (sky130_fd_sc_hd__clkbuf_8)
                                                         clknet_3_0_0_clk_i (net)
                      0.125521    0.001750   26.454002 ^ clkbuf_4_1__f_clk_i/A (sky130_fd_sc_hd__clkbuf_16)
     9    0.085956    0.156382    0.324798   26.778801 ^ clkbuf_4_1__f_clk_i/X (sky130_fd_sc_hd__clkbuf_16)
                                                         clknet_4_1__leaf_clk_i (net)
                      0.156397    0.001741   26.780540 ^ clkbuf_leaf_26_clk_i/A (sky130_fd_sc_hd__clkbuf_8)
     8    0.031787    0.110094    0.302048   27.082590 ^ clkbuf_leaf_26_clk_i/X (sky130_fd_sc_hd__clkbuf_8)
                                                         clknet_leaf_26_clk_i (net)
                      0.110094    0.000425   27.083014 ^ _7958_/CLK (sky130_fd_sc_hd__dfxtp_1)
                                 -0.250000   26.833015   clock uncertainty
                                  0.000000   26.833015   clock reconvergence pessimism
                                 -0.290602   26.542414   library setup time
                                             26.542414   data required time
---------------------------------------------------------------------------------------------
                                             26.542414   data required time
                                            -28.021717   data arrival time
---------------------------------------------------------------------------------------------
                                             -1.479304   slack (VIOLATED)




===========================================================================
 report_check_types -max_slew -max_cap -max_fanout -violators
============================================================================
======================= nom_ss_100C_1v60 Corner ===================================

max slew

Pin                                        Limit        Slew       Slack
------------------------------------------------------------------------
_6234_/A                                1.000000    1.597832   -0.597832 (VIOLATED)
_6090_/A                                1.000000    1.597827   -0.597827 (VIOLATED)
_6089_/A                                1.000000    1.597816   -0.597816 (VIOLATED)
_6487_/A1                               1.000000    1.597795   -0.597795 (VIOLATED)
_6902_/A1                               1.000000    1.597775   -0.597775 (VIOLATED)
_6488_/A1                               1.000000    1.597683   -0.597683 (VIOLATED)
_6070_/Y                                1.000000    1.597680   -0.597680 (VIOLATED)
_5504_/Y                                1.000000    1.351537   -0.351537 (VIOLATED)
hold1687/A                              1.000000    1.351537   -0.351537 (VIOLATED)
ANTENNA_102/DIODE                       1.000000    1.328266   -0.328266 (VIOLATED)
_6769_/A                                1.000000    1.328266   -0.328266 (VIOLATED)
ANTENNA_103/DIODE                       1.000000    1.328266   -0.328266 (VIOLATED)
_6771_/A                                1.000000    1.328266   -0.328266 (VIOLATED)
_7257_/A1                               1.000000    1.328252   -0.328252 (VIOLATED)
_7261_/C                                1.000000    1.328252   -0.328252 (VIOLATED)
fanout1293/A                            1.000000    1.328252   -0.328252 (VIOLATED)
hold2327/X                              1.000000    1.328252   -0.328252 (VIOLATED)
_5382_/Y                                1.000000    1.323624   -0.323624 (VIOLATED)
fanout1380/A                            1.000000    1.323624   -0.323624 (VIOLATED)
fanout1381/A                            1.000000    1.323624   -0.323624 (VIOLATED)
ANTENNA_94/DIODE                        1.000000    1.239891   -0.239891 (VIOLATED)
_6911_/A1                               1.000000    1.239891   -0.239891 (VIOLATED)
_6955_/B                                1.000000    1.239885   -0.239885 (VIOLATED)
ANTENNA_95/DIODE                        1.000000    1.239883   -0.239883 (VIOLATED)
_7123_/A1                               1.000000    1.239880   -0.239880 (VIOLATED)
ANTENNA_96/DIODE                        1.000000    1.239877   -0.239877 (VIOLATED)
ANTENNA_97/DIODE                        1.000000    1.239877   -0.239877 (VIOLATED)
_4914_/A0                               1.000000    1.239877   -0.239877 (VIOLATED)
_7059_/A1                               1.000000    1.239877   -0.239877 (VIOLATED)
fanout1352/A                            1.000000    1.239877   -0.239877 (VIOLATED)
hold2207/X                              1.000000    1.239877   -0.239877 (VIOLATED)
fanout1364/A                            1.000000    1.208924   -0.208924 (VIOLATED)
_6949_/B                                1.000000    1.208920   -0.208920 (VIOLATED)
_7056_/A1                               1.000000    1.208917   -0.208917 (VIOLATED)
_4910_/A0                               1.000000    1.208915   -0.208915 (VIOLATED)
_7036_/A0                               1.000000    1.208915   -0.208915 (VIOLATED)
_7120_/A1                               1.000000    1.208915   -0.208915 (VIOLATED)
hold2230/X                              1.000000    1.208915   -0.208915 (VIOLATED)
_6197_/Y                                1.000000    1.176306   -0.176306 (VIOLATED)
fanout268/A                             1.000000    1.176306   -0.176306 (VIOLATED)
max_cap269/A                            1.000000    1.176306   -0.176306 (VIOLATED)
_6947_/B                                1.000000    1.169149   -0.169149 (VIOLATED)
_6907_/A1                               1.000000    1.169129   -0.169129 (VIOLATED)
_7211_/A1                               1.000000    1.169119   -0.169119 (VIOLATED)
_7035_/A0                               1.000000    1.169098   -0.169099 (VIOLATED)
_7055_/A1                               1.000000    1.169087   -0.169087 (VIOLATED)
_4908_/A0                               1.000000    1.169057   -0.169057 (VIOLATED)
hold2336/X                              1.000000    1.169057   -0.169057 (VIOLATED)
_5376_/Y                                1.000000    1.161825   -0.161825 (VIOLATED)
_5377_/S                                1.000000    1.161825   -0.161825 (VIOLATED)
_5518_/S                                1.000000    1.161825   -0.161825 (VIOLATED)
fanout1372/A                            1.000000    1.122744   -0.122744 (VIOLATED)
_7118_/A1                               1.000000    1.122738   -0.122737 (VIOLATED)
ANTENNA_93/DIODE                        1.000000    1.122737   -0.122737 (VIOLATED)
_4907_/A0                               1.000000    1.122734   -0.122734 (VIOLATED)
_7034_/A0                               1.000000    1.122734   -0.122734 (VIOLATED)
fanout1370/A                            1.000000    1.122734   -0.122734 (VIOLATED)
hold2145/X                              1.000000    1.122734   -0.122734 (VIOLATED)
_5574_/A2                               1.000000    1.120185   -0.120185 (VIOLATED)
_5566_/Y                                1.000000    1.120181   -0.120181 (VIOLATED)
_6095_/B_N                              1.000000    1.114213   -0.114213 (VIOLATED)
_6144_/A_N                              1.000000    1.114209   -0.114209 (VIOLATED)
_6105_/B_N                              1.000000    1.114207   -0.114207 (VIOLATED)
_6267_/B                                1.000000    1.114205   -0.114205 (VIOLATED)
_6122_/B                                1.000000    1.114191   -0.114191 (VIOLATED)
fanout1090/A                            1.000000    1.114171   -0.114171 (VIOLATED)
hold2318/X                              1.000000    1.114171   -0.114171 (VIOLATED)
_5764_/Y                                1.000000    1.113323   -0.113323 (VIOLATED)
_5770_/C1                               1.000000    1.113323   -0.113323 (VIOLATED)
fanout497/A                             1.000000    1.107097   -0.107097 (VIOLATED)
_6843_/Y                                1.000000    1.107094   -0.107094 (VIOLATED)
fanout498/A                             1.000000    1.107094   -0.107094 (VIOLATED)
_5428_/A2_N                             1.000000    1.097537   -0.097537 (VIOLATED)
_5450_/A2_N                             1.000000    1.097535   -0.097535 (VIOLATED)
_5431_/A2_N                             1.000000    1.097534   -0.097534 (VIOLATED)
_5390_/Y                                1.000000    1.097510   -0.097509 (VIOLATED)
_6913_/S                                1.000000    1.077602   -0.077602 (VIOLATED)
_6908_/S                                1.000000    1.077598   -0.077598 (VIOLATED)
fanout308/A                             1.000000    1.077588   -0.077588 (VIOLATED)
_6905_/Y                                1.000000    1.077577   -0.077577 (VIOLATED)
fanout1355/A                            1.000000    1.075238   -0.075238 (VIOLATED)
fanout1356/A                            1.000000    1.075220   -0.075220 (VIOLATED)
_7214_/A1                               1.000000    1.075218   -0.075218 (VIOLATED)
fanout1354/A                            1.000000    1.075204   -0.075204 (VIOLATED)
_4912_/A0                               1.000000    1.075199   -0.075199 (VIOLATED)
hold2158/X                              1.000000    1.075199   -0.075199 (VIOLATED)
_7268_/A1                               1.000000    1.071139   -0.071139 (VIOLATED)
_3650_/A                                1.000000    1.071138   -0.071138 (VIOLATED)
_4727_/B                                1.000000    1.071138   -0.071138 (VIOLATED)
_5325_/B1                               1.000000    1.071138   -0.071138 (VIOLATED)
_5341_/B                                1.000000    1.071138   -0.071138 (VIOLATED)
_7269_/A1                               1.000000    1.071138   -0.071138 (VIOLATED)
hold2218/X                              1.000000    1.071138   -0.071138 (VIOLATED)
_4751_/A1                               1.000000    1.063492   -0.063492 (VIOLATED)
_5647_/A1                               1.000000    1.063484   -0.063484 (VIOLATED)
_4748_/Y                                1.000000    1.063479   -0.063479 (VIOLATED)
fanout1252/A                            1.000000    1.061969   -0.061969 (VIOLATED)
fanout1255/A                            1.000000    1.061969   -0.061969 (VIOLATED)
fanout1263/A                            1.000000    1.061969   -0.061969 (VIOLATED)
hold2378/X                              1.000000    1.061969   -0.061969 (VIOLATED)
_5647_/C1                               1.000000    1.056714   -0.056714 (VIOLATED)
_5644_/Y                                1.000000    1.056699   -0.056699 (VIOLATED)
_4573_/C                                1.000000    1.048473   -0.048473 (VIOLATED)
_6051_/C                                1.000000    1.048473   -0.048473 (VIOLATED)
_4572_/C_N                              1.000000    1.048473   -0.048473 (VIOLATED)
_4570_/Y                                1.000000    1.048471   -0.048471 (VIOLATED)
_6537_/S                                1.000000    1.042464   -0.042464 (VIOLATED)
fanout255/A                             1.000000    1.042463   -0.042463 (VIOLATED)
_6536_/S                                1.000000    1.042462   -0.042462 (VIOLATED)
_6534_/Y                                1.000000    1.042460   -0.042460 (VIOLATED)
ANTENNA_112/DIODE                       1.000000    1.037925   -0.037925 (VIOLATED)
fanout672/A                             1.000000    1.037925   -0.037925 (VIOLATED)
_6245_/B                                1.000000    1.037924   -0.037924 (VIOLATED)
_6066_/Y                                1.000000    1.037919   -0.037919 (VIOLATED)
fanout525/A                             1.000000    1.027482   -0.027482 (VIOLATED)
ANTENNA_121/DIODE                       1.000000    1.027481   -0.027481 (VIOLATED)
_6651_/D                                1.000000    1.027479   -0.027479 (VIOLATED)
_6325_/Y                                1.000000    1.027472   -0.027472 (VIOLATED)
fanout1360/A                            1.000000    1.022667   -0.022667 (VIOLATED)
_6951_/B                                1.000000    1.022659   -0.022659 (VIOLATED)
ANTENNA_104/DIODE                       1.000000    1.022659   -0.022659 (VIOLATED)
_7121_/A1                               1.000000    1.022654   -0.022654 (VIOLATED)
fanout1359/A                            1.000000    1.022645   -0.022645 (VIOLATED)
hold2331/X                              1.000000    1.022645   -0.022645 (VIOLATED)
_6336_/B                                1.000000    1.021240   -0.021240 (VIOLATED)
_6642_/A                                1.000000    1.021238   -0.021238 (VIOLATED)
_6258_/B                                1.000000    1.021234   -0.021234 (VIOLATED)
_6570_/A                                1.000000    1.021233   -0.021233 (VIOLATED)
_6133_/C1                               1.000000    1.021232   -0.021232 (VIOLATED)
_6122_/Y                                1.000000    1.021229   -0.021229 (VIOLATED)
_6881_/Y                                1.000000    1.007211   -0.007211 (VIOLATED)
_6883_/B1                               1.000000    1.007211   -0.007211 (VIOLATED)
_6885_/A2                               1.000000    1.007211   -0.007211 (VIOLATED)
_6886_/A2                               1.000000    1.007211   -0.007211 (VIOLATED)
fanout1343/A                            1.000000    1.005730   -0.005730 (VIOLATED)
fanout1344/A                            1.000000    1.005722   -0.005722 (VIOLATED)
fanout1341/A                            1.000000    1.005717   -0.005717 (VIOLATED)
fanout1342/A                            1.000000    1.005717   -0.005717 (VIOLATED)
hold2323/X                              1.000000    1.005717   -0.005717 (VIOLATED)

max fanout

Pin                                   Limit Fanout  Slack
---------------------------------------------------------
clkbuf_leaf_19_clk_i/X                    6     14     -8 (VIOLATED)
clkbuf_leaf_21_clk_i/X                    6     14     -8 (VIOLATED)
clkbuf_leaf_28_clk_i/X                    6     14     -8 (VIOLATED)
clkbuf_leaf_59_clk_i/X                    6     14     -8 (VIOLATED)
clkbuf_4_10__f_clk_i/X                    6     13     -7 (VIOLATED)
clkbuf_leaf_107_clk_i/X                   6     13     -7 (VIOLATED)
clkbuf_leaf_127_clk_i/X                   6     13     -7 (VIOLATED)
clkbuf_leaf_133_clk_i/X                   6     13     -7 (VIOLATED)
clkbuf_leaf_30_clk_i/X                    6     13     -7 (VIOLATED)
clkbuf_4_4__f_clk_i/X                     6     12     -6 (VIOLATED)
clkbuf_4_5__f_clk_i/X                     6     12     -6 (VIOLATED)
clkbuf_leaf_118_clk_i/X                   6     12     -6 (VIOLATED)
clkbuf_leaf_121_clk_i/X                   6     12     -6 (VIOLATED)
clkbuf_leaf_130_clk_i/X                   6     12     -6 (VIOLATED)
clkbuf_leaf_147_clk_i/X                   6     12     -6 (VIOLATED)
clkbuf_leaf_27_clk_i/X                    6     12     -6 (VIOLATED)
clkbuf_leaf_29_clk_i/X                    6     12     -6 (VIOLATED)
clkbuf_leaf_2_clk_i/X                     6     12     -6 (VIOLATED)
fanout666/X                               6     12     -6 (VIOLATED)
clkbuf_4_15__f_clk_i/X                    6     11     -5 (VIOLATED)
clkbuf_4_9__f_clk_i/X                     6     11     -5 (VIOLATED)
clkbuf_leaf_104_clk_i/X                   6     11     -5 (VIOLATED)
clkbuf_leaf_110_clk_i/X                   6     11     -5 (VIOLATED)
clkbuf_leaf_122_clk_i/X                   6     11     -5 (VIOLATED)
clkbuf_leaf_129_clk_i/X                   6     11     -5 (VIOLATED)
clkbuf_leaf_142_clk_i/X                   6     11     -5 (VIOLATED)
clkbuf_leaf_1_clk_i/X                     6     11     -5 (VIOLATED)
clkbuf_leaf_38_clk_i/X                    6     11     -5 (VIOLATED)
clkbuf_leaf_45_clk_i/X                    6     11     -5 (VIOLATED)
clkbuf_leaf_5_clk_i/X                     6     11     -5 (VIOLATED)
clkbuf_leaf_66_clk_i/X                    6     11     -5 (VIOLATED)
clkbuf_leaf_6_clk_i/X                     6     11     -5 (VIOLATED)
clkbuf_leaf_86_clk_i/X                    6     11     -5 (VIOLATED)
clkbuf_4_14__f_clk_i/X                    6     10     -4 (VIOLATED)
clkbuf_4_6__f_clk_i/X                     6     10     -4 (VIOLATED)
clkbuf_leaf_109_clk_i/X                   6     10     -4 (VIOLATED)
clkbuf_leaf_10_clk_i/X                    6     10     -4 (VIOLATED)
clkbuf_leaf_111_clk_i/X                   6     10     -4 (VIOLATED)
clkbuf_leaf_114_clk_i/X                   6     10     -4 (VIOLATED)
clkbuf_leaf_11_clk_i/X                    6     10     -4 (VIOLATED)
clkbuf_leaf_128_clk_i/X                   6     10     -4 (VIOLATED)
clkbuf_leaf_12_clk_i/X                    6     10     -4 (VIOLATED)
clkbuf_leaf_135_clk_i/X                   6     10     -4 (VIOLATED)
clkbuf_leaf_136_clk_i/X                   6     10     -4 (VIOLATED)
clkbuf_leaf_138_clk_i/X                   6     10     -4 (VIOLATED)
clkbuf_leaf_139_clk_i/X                   6     10     -4 (VIOLATED)
clkbuf_leaf_13_clk_i/X                    6     10     -4 (VIOLATED)
clkbuf_leaf_14_clk_i/X                    6     10     -4 (VIOLATED)
clkbuf_leaf_35_clk_i/X                    6     10     -4 (VIOLATED)
clkbuf_leaf_37_clk_i/X                    6     10     -4 (VIOLATED)
clkbuf_leaf_41_clk_i/X                    6     10     -4 (VIOLATED)
clkbuf_leaf_43_clk_i/X                    6     10     -4 (VIOLATED)
clkbuf_leaf_48_clk_i/X                    6     10     -4 (VIOLATED)
clkbuf_leaf_56_clk_i/X                    6     10     -4 (VIOLATED)
clkbuf_leaf_57_clk_i/X                    6     10     -4 (VIOLATED)
clkbuf_leaf_62_clk_i/X                    6     10     -4 (VIOLATED)
clkbuf_leaf_63_clk_i/X                    6     10     -4 (VIOLATED)
clkbuf_leaf_8_clk_i/X                     6     10     -4 (VIOLATED)
clkbuf_leaf_98_clk_i/X                    6     10     -4 (VIOLATED)
hold2207/X                                6     10     -4 (VIOLATED)
clkbuf_4_0__f_clk_i/X                     6      9     -3 (VIOLATED)
clkbuf_4_11__f_clk_i/X                    6      9     -3 (VIOLATED)
clkbuf_4_13__f_clk_i/X                    6      9     -3 (VIOLATED)
clkbuf_4_1__f_clk_i/X                     6      9     -3 (VIOLATED)
clkbuf_4_3__f_clk_i/X                     6      9     -3 (VIOLATED)
clkbuf_4_8__f_clk_i/X                     6      9     -3 (VIOLATED)
clkbuf_leaf_102_clk_i/X                   6      9     -3 (VIOLATED)
clkbuf_leaf_115_clk_i/X                   6      9     -3 (VIOLATED)
clkbuf_leaf_116_clk_i/X                   6      9     -3 (VIOLATED)
clkbuf_leaf_120_clk_i/X                   6      9     -3 (VIOLATED)
clkbuf_leaf_123_clk_i/X                   6      9     -3 (VIOLATED)
clkbuf_leaf_140_clk_i/X                   6      9     -3 (VIOLATED)
clkbuf_leaf_15_clk_i/X                    6      9     -3 (VIOLATED)
clkbuf_leaf_24_clk_i/X                    6      9     -3 (VIOLATED)
clkbuf_leaf_34_clk_i/X                    6      9     -3 (VIOLATED)
clkbuf_leaf_36_clk_i/X                    6      9     -3 (VIOLATED)
clkbuf_leaf_3_clk_i/X                     6      9     -3 (VIOLATED)
clkbuf_leaf_40_clk_i/X                    6      9     -3 (VIOLATED)
clkbuf_leaf_46_clk_i/X                    6      9     -3 (VIOLATED)
clkbuf_leaf_47_clk_i/X                    6      9     -3 (VIOLATED)
clkbuf_leaf_58_clk_i/X                    6      9     -3 (VIOLATED)
clkbuf_leaf_61_clk_i/X                    6      9     -3 (VIOLATED)
clkbuf_leaf_69_clk_i/X                    6      9     -3 (VIOLATED)
clkbuf_leaf_75_clk_i/X                    6      9     -3 (VIOLATED)
clkbuf_leaf_76_clk_i/X                    6      9     -3 (VIOLATED)
clkbuf_leaf_78_clk_i/X                    6      9     -3 (VIOLATED)
clkbuf_leaf_87_clk_i/X                    6      9     -3 (VIOLATED)
clkbuf_leaf_91_clk_i/X                    6      9     -3 (VIOLATED)
clkbuf_leaf_94_clk_i/X                    6      9     -3 (VIOLATED)
clkbuf_leaf_97_clk_i/X                    6      9     -3 (VIOLATED)
clkbuf_leaf_9_clk_i/X                     6      9     -3 (VIOLATED)
fanout659/X                               6      9     -3 (VIOLATED)
fanout871/X                               6      9     -3 (VIOLATED)
fanout904/X                               6      9     -3 (VIOLATED)
_6094_/X                                  6      8     -2 (VIOLATED)
_6212_/X                                  6      8     -2 (VIOLATED)
clkbuf_0_clk_i/X                          6      8     -2 (VIOLATED)
clkbuf_4_12__f_clk_i/X                    6      8     -2 (VIOLATED)
clkbuf_4_7__f_clk_i/X                     6      8     -2 (VIOLATED)
clkbuf_leaf_105_clk_i/X                   6      8     -2 (VIOLATED)
clkbuf_leaf_117_clk_i/X                   6      8     -2 (VIOLATED)
clkbuf_leaf_137_clk_i/X                   6      8     -2 (VIOLATED)
clkbuf_leaf_143_clk_i/X                   6      8     -2 (VIOLATED)
clkbuf_leaf_16_clk_i/X                    6      8     -2 (VIOLATED)
clkbuf_leaf_26_clk_i/X                    6      8     -2 (VIOLATED)
clkbuf_leaf_53_clk_i/X                    6      8     -2 (VIOLATED)
clkbuf_leaf_54_clk_i/X                    6      8     -2 (VIOLATED)
clkbuf_leaf_55_clk_i/X                    6      8     -2 (VIOLATED)
clkbuf_leaf_60_clk_i/X                    6      8     -2 (VIOLATED)
clkbuf_leaf_64_clk_i/X                    6      8     -2 (VIOLATED)
clkbuf_leaf_68_clk_i/X                    6      8     -2 (VIOLATED)
clkbuf_leaf_73_clk_i/X                    6      8     -2 (VIOLATED)
clkbuf_leaf_7_clk_i/X                     6      8     -2 (VIOLATED)
clkbuf_leaf_84_clk_i/X                    6      8     -2 (VIOLATED)
clkbuf_leaf_88_clk_i/X                    6      8     -2 (VIOLATED)
clkbuf_leaf_92_clk_i/X                    6      8     -2 (VIOLATED)
clkbuf_leaf_93_clk_i/X                    6      8     -2 (VIOLATED)
clkbuf_leaf_95_clk_i/X                    6      8     -2 (VIOLATED)
clkbuf_leaf_96_clk_i/X                    6      8     -2 (VIOLATED)
fanout1149/X                              6      8     -2 (VIOLATED)
fanout1313/X                              6      8     -2 (VIOLATED)
fanout1367/X                              6      8     -2 (VIOLATED)
fanout654/X                               6      8     -2 (VIOLATED)
_3766_/X                                  6      7        (VIOLATED)
_6192_/X                                  6      7        (VIOLATED)
_6215_/Y                                  6      7        (VIOLATED)
clkbuf_4_2__f_clk_i/X                     6      7        (VIOLATED)
clkbuf_leaf_0_clk_i/X                     6      7        (VIOLATED)
clkbuf_leaf_106_clk_i/X                   6      7        (VIOLATED)
clkbuf_leaf_112_clk_i/X                   6      7        (VIOLATED)
clkbuf_leaf_113_clk_i/X                   6      7        (VIOLATED)
clkbuf_leaf_126_clk_i/X                   6      7        (VIOLATED)
clkbuf_leaf_132_clk_i/X                   6      7        (VIOLATED)
clkbuf_leaf_134_clk_i/X                   6      7        (VIOLATED)
clkbuf_leaf_141_clk_i/X                   6      7        (VIOLATED)
clkbuf_leaf_145_clk_i/X                   6      7        (VIOLATED)
clkbuf_leaf_42_clk_i/X                    6      7        (VIOLATED)
clkbuf_leaf_99_clk_i/X                    6      7        (VIOLATED)
fanout1056/X                              6      7        (VIOLATED)
fanout1108/X                              6      7        (VIOLATED)
fanout1148/X                              6      7        (VIOLATED)
fanout1161/X                              6      7        (VIOLATED)
fanout1176/X                              6      7        (VIOLATED)
fanout1185/X                              6      7        (VIOLATED)
fanout1300/X                              6      7        (VIOLATED)
fanout1347/X                              6      7        (VIOLATED)
fanout1352/X                              6      7        (VIOLATED)
fanout1614/X                              6      7        (VIOLATED)
fanout1635/X                              6      7        (VIOLATED)
fanout475/X                               6      7        (VIOLATED)
fanout656/X                               6      7        (VIOLATED)
fanout678/X                               6      7        (VIOLATED)
fanout695/X                               6      7        (VIOLATED)
fanout698/X                               6      7        (VIOLATED)
fanout789/X                               6      7        (VIOLATED)
fanout865/X                               6      7        (VIOLATED)
fanout884/X                               6      7        (VIOLATED)
fanout899/X                               6      7        (VIOLATED)
fanout902/X                               6      7        (VIOLATED)
fanout922/X                               6      7        (VIOLATED)
fanout927/X                               6      7        (VIOLATED)
fanout946/X                               6      7        (VIOLATED)
hold2327/X                                6      7        (VIOLATED)
input63/X                                 6      7        (VIOLATED)

max capacitance

Pin                                        Limit         Cap       Slack
------------------------------------------------------------------------
_6070_/Y                                0.065012    0.072267   -0.007255 (VIOLATED)



===========================================================================
report_parasitic_annotation -report_unannotated
============================================================================
Found 210 unannotated drivers.
 racl_policies_i[0]
 racl_policies_i[1]
 racl_policies_i[2]
 racl_policies_i[3]
 racl_policies_i[4]
 racl_policies_i[5]
 racl_policies_i[6]
 racl_policies_i[7]
 tl_i[103]
 tl_i[104]
 tl_i[105]
 tl_i[19]
 tl_i[20]
 tl_i[21]
 tl_i[22]
 tl_i[23]
 tl_i[24]
 _7556__1651/HI
 clkload0/X
 clkload1/Y
 clkload10/Y
 clkload100/X
 clkload101/X
 clkload102/X
 clkload103/Y
 clkload104/Y
 clkload105/X
 clkload106/Y
 clkload107/X
 clkload108/Y
 clkload109/Y
 clkload11/X
 clkload110/Y
 clkload111/Y
 clkload112/Y
 clkload113/X
 clkload114/X
 clkload115/Y
 clkload116/Y
 clkload117/X
 clkload118/Y
 clkload119/X
 clkload12/Y
 clkload120/Y
 clkload121/Y
 clkload122/Y
 clkload123/Y
 clkload124/Y
 clkload125/Y
 clkload126/Y
 clkload127/Y
 clkload128/Y
 clkload129/Y
 clkload13/Y
 clkload130/X
 clkload131/X
 clkload132/Y
 clkload133/Y
 clkload134/Y
 clkload135/X
 clkload14/Y
 clkload15/Y
 clkload16/X
 clkload17/Y
 clkload18/Y
 clkload19/Y
 clkload2/X
 clkload20/Y
 clkload21/Y
 clkload22/X
 clkload23/X
 clkload24/X
 clkload25/Y
 clkload26/Y
 clkload27/Y
 clkload28/X
 clkload29/X
 clkload3/Y
 clkload30/Y
 clkload31/Y
 clkload32/Y
 clkload33/X
 clkload34/Y
 clkload35/Y
 clkload36/Y
 clkload37/X
 clkload38/Y
 clkload39/X
 clkload4/Y
 clkload40/Y
 clkload41/Y
 clkload42/Y
 clkload43/Y
 clkload44/Y
 clkload45/Y
 clkload46/Y
 clkload47/X
 clkload48/Y
 clkload49/Y
 clkload5/Y
 clkload50/X
 clkload51/Y
 clkload52/X
 clkload53/Y
 clkload54/Y
 clkload55/Y
 clkload56/Y
 clkload57/Y
 clkload58/Y
 clkload59/Y
 clkload6/Y
 clkload60/Y
 clkload61/Y
 clkload62/Y
 clkload63/Y
 clkload64/Y
 clkload65/X
 clkload66/Y
 clkload67/Y
 clkload68/Y
 clkload69/Y
 clkload7/Y
 clkload70/X
 clkload71/Y
 clkload72/X
 clkload73/Y
 clkload74/Y
 clkload75/Y
 clkload76/Y
 clkload77/Y
 clkload78/Y
 clkload79/Y
 clkload8/Y
 clkload80/Y
 clkload81/X
 clkload82/Y
 clkload83/X
 clkload84/X
 clkload85/Y
 clkload86/Y
 clkload87/Y
 clkload88/Y
 clkload89/Y
 clkload9/X
 clkload90/Y
 clkload91/Y
 clkload92/X
 clkload93/X
 clkload94/Y
 clkload95/Y
 clkload96/Y
 clkload97/Y
 clkload98/Y
 clkload99/Y
 uart_1652/HI
 uart_1653/HI
 uart_1654/HI
 uart_1655/HI
 uart_1656/HI
 uart_1657/HI
 uart_1658/HI
 uart_1659/HI
 uart_1660/HI
 uart_1661/HI
 uart_1662/HI
 uart_1663/HI
 uart_1664/HI
 uart_1665/HI
 uart_1666/HI
 uart_1667/HI
 uart_1668/HI
 uart_1669/HI
 uart_1670/HI
 uart_1671/HI
 uart_1672/HI
 uart_1673/HI
 uart_1674/HI
 uart_1675/HI
 uart_1676/HI
 uart_1677/HI
 uart_1678/HI
 uart_1679/HI
 uart_1680/HI
 uart_1681/HI
 uart_1682/HI
 uart_1683/HI
 uart_1684/HI
 uart_1685/HI
 uart_1686/HI
 uart_1687/HI
 uart_1688/HI
 uart_1689/HI
 uart_1690/HI
 uart_1691/HI
 uart_1692/HI
 uart_1693/HI
 uart_1694/HI
 uart_1695/HI
 uart_1696/HI
 uart_1697/HI
 uart_1698/HI
 uart_1699/HI
 uart_1700/HI
 uart_1701/HI
 uart_1702/HI
 uart_1703/HI
 uart_1704/HI
 uart_1705/HI
 uart_1706/HI
 uart_1707/LO
Found 0 partially unannotated drivers.

===========================================================================
max slew violation count 139
max fanout violation count 164
max cap violation count 1
============================================================================

===========================================================================
check_setup -verbose -unconstrained_endpoints -multiple_clock -no_clock -no_input_delay -loops -generated_clocks
===========================================================================
Warning: There are 57 unconstrained endpoints.
  cio_tx_en_o
  racl_error_o[0]
  racl_error_o[10]
  racl_error_o[11]
  racl_error_o[12]
  racl_error_o[13]
  racl_error_o[14]
  racl_error_o[15]
  racl_error_o[16]
  racl_error_o[17]
  racl_error_o[18]
  racl_error_o[19]
  racl_error_o[1]
  racl_error_o[20]
  racl_error_o[25]
  racl_error_o[26]
  racl_error_o[27]
  racl_error_o[28]
  racl_error_o[29]
  racl_error_o[2]
  racl_error_o[30]
  racl_error_o[31]
  racl_error_o[32]
  racl_error_o[33]
  racl_error_o[34]
  racl_error_o[35]
  racl_error_o[36]
  racl_error_o[37]
  racl_error_o[38]
  racl_error_o[39]
  racl_error_o[3]
  racl_error_o[40]
  racl_error_o[41]
  racl_error_o[42]
  racl_error_o[43]
  racl_error_o[44]
  racl_error_o[45]
  racl_error_o[46]
  racl_error_o[47]
  racl_error_o[48]
  racl_error_o[49]
  racl_error_o[4]
  racl_error_o[50]
  racl_error_o[51]
  racl_error_o[5]
  racl_error_o[6]
  racl_error_o[7]
  racl_error_o[8]
  racl_error_o[9]
  tl_o[15]
  tl_o[48]
  tl_o[59]
  tl_o[60]
  tl_o[61]
  tl_o[63]
  tl_o[64]
  _7556_/D
