Clock: clk_i
Sources: clk_i 
Generated: no
Virtual: yes
Propagated: no
Period: 25.000000

===========================================================================
report_clock_properties
============================================================================
Clock                   Period          Waveform
----------------------------------------------------
clk_i                25.000000    0.000000 12.500000

===========================================================================
report_clock_latency
============================================================================
Clock clk_i
rise -> rise
    min     max
0.000000 0.000000 source latency
1.789586         network latency _7446_/CLK
        2.167064 network latency _8176_/CLK
---------------
1.789586 2.167064 latency
        0.377479 skew

fall -> fall
    min     max
0.000000 0.000000 source latency
1.486820         network latency _7446_/CLK
        1.837078 network latency _8176_/CLK
---------------
1.486820 1.837078 latency
        0.350258 skew



===========================================================================
report_clock_min_period
============================================================================
clk_i period_min = 26.48 fmax = 37.77
