
===========================================================================
report_checks -unconstrained
===========================================================================
======================= min_ff_n40C_1v95 Corner ===================================

Startpoint: rst_ni (input port clocked by clk_i)
Endpoint: _4525_ (recovery check against rising-edge clock clk_i)
Path Group: asynchronous
Path Type: max

Fanout         Cap        Slew       Delay        Time   Description
---------------------------------------------------------------------------------------------
                                  0.000000    0.000000   clock clk_i (rise edge)
                                  0.000000    0.000000   clock network delay (propagated)
                                  5.000000    5.000000 ^ input external delay
     1    0.002790    0.013879    0.007191    5.007191 ^ rst_ni (in)
                                                         rst_ni (net)
                      0.013879    0.000000    5.007191 ^ input1/A (sky130_fd_sc_hd__buf_1)
     1    0.012231    0.111552    0.102717    5.109908 ^ input1/X (sky130_fd_sc_hd__buf_1)
                                                         net1 (net)
                      0.111558    0.000649    5.110558 ^ fanout887/A (sky130_fd_sc_hd__clkbuf_4)
     3    0.067595    0.156122    0.198799    5.309356 ^ fanout887/X (sky130_fd_sc_hd__clkbuf_4)
                                                         net887 (net)
                      0.156167    0.002184    5.311540 ^ fanout868/A (sky130_fd_sc_hd__buf_2)
     4    0.049228    0.181184    0.200091    5.511631 ^ fanout868/X (sky130_fd_sc_hd__buf_2)
                                                         net868 (net)
                      0.181186    0.000422    5.512053 ^ fanout865/A (sky130_fd_sc_hd__buf_1)
     3    0.025781    0.226476    0.195249    5.707302 ^ fanout865/X (sky130_fd_sc_hd__buf_1)
                                                         net865 (net)
                      0.226479    0.000659    5.707962 ^ fanout863/A (sky130_fd_sc_hd__clkbuf_2)
     5    0.030367    0.130224    0.166836    5.874798 ^ fanout863/X (sky130_fd_sc_hd__clkbuf_2)
                                                         net863 (net)
                      0.130224    0.000353    5.875151 ^ fanout862/A (sky130_fd_sc_hd__clkbuf_2)
     6    0.034593    0.146558    0.169075    6.044227 ^ fanout862/X (sky130_fd_sc_hd__clkbuf_2)
                                                         net862 (net)
                      0.146561    0.000556    6.044783 ^ fanout861/A (sky130_fd_sc_hd__clkbuf_2)
     6    0.031989    0.136219    0.163597    6.208380 ^ fanout861/X (sky130_fd_sc_hd__clkbuf_2)
                                                         net861 (net)
                      0.136265    0.000501    6.208881 ^ _4525_/RESET_B (sky130_fd_sc_hd__dfrtp_2)
                                              6.208881   data arrival time

                                 25.000000   25.000000   clock clk_i (rise edge)
                                  0.000000   25.000000   clock source latency
     2    0.055743    0.190189    0.132545   25.132544 ^ clk_i (in)
                                                         clk_i (net)
                      0.190215    0.000000   25.132544 ^ clkbuf_0_clk_i/A (sky130_fd_sc_hd__clkbuf_16)
     8    0.189620    0.155931    0.208132   25.340675 ^ clkbuf_0_clk_i/X (sky130_fd_sc_hd__clkbuf_16)
                                                         clknet_0_clk_i (net)
                      0.156312    0.006256   25.346931 ^ clkbuf_3_3__f_clk_i/A (sky130_fd_sc_hd__clkbuf_16)
    12    0.110736    0.097451    0.164647   25.511580 ^ clkbuf_3_3__f_clk_i/X (sky130_fd_sc_hd__clkbuf_16)
                                                         clknet_3_3__leaf_clk_i (net)
                      0.097622    0.003299   25.514877 ^ clkbuf_leaf_33_clk_i/A (sky130_fd_sc_hd__clkbuf_8)
     8    0.031377    0.051372    0.117307   25.632185 ^ clkbuf_leaf_33_clk_i/X (sky130_fd_sc_hd__clkbuf_8)
                                                         clknet_leaf_33_clk_i (net)
                      0.051372    0.000194   25.632380 ^ _4525_/CLK (sky130_fd_sc_hd__dfrtp_2)
                                 -0.250000   25.382380   clock uncertainty
                                  0.000000   25.382380   clock reconvergence pessimism
                                  0.109886   25.492266   library recovery time
                                             25.492266   data required time
---------------------------------------------------------------------------------------------
                                             25.492266   data required time
                                             -6.208881   data arrival time
---------------------------------------------------------------------------------------------
                                             19.283384   slack (MET)


Startpoint: tl_i[63] (input port clocked by clk_i)
Endpoint: _4243_ (rising edge-triggered flip-flop clocked by clk_i)
Path Group: clk_i
Path Type: max

Fanout         Cap        Slew       Delay        Time   Description
---------------------------------------------------------------------------------------------
                                  0.000000    0.000000   clock clk_i (rise edge)
                                  0.000000    0.000000   clock network delay (propagated)
                                  5.000000    5.000000 ^ input external delay
     1    0.003282    0.015639    0.008491    5.008492 ^ tl_i[63] (in)
                                                         tl_i[63] (net)
                      0.015644    0.000000    5.008492 ^ input43/A (sky130_fd_sc_hd__buf_1)
     1    0.010457    0.096439    0.092961    5.101452 ^ input43/X (sky130_fd_sc_hd__buf_1)
                                                         net43 (net)
                      0.096442    0.000476    5.101928 ^ fanout788/A (sky130_fd_sc_hd__dlymetal6s2s_1)
     6    0.022584    0.183054    0.175912    5.277840 ^ fanout788/X (sky130_fd_sc_hd__dlymetal6s2s_1)
                                                         net788 (net)
                      0.183057    0.000532    5.278372 ^ fanout786/A (sky130_fd_sc_hd__clkbuf_2)
     6    0.021623    0.095117    0.138904    5.417276 ^ fanout786/X (sky130_fd_sc_hd__clkbuf_2)
                                                         net786 (net)
                      0.095117    0.000278    5.417554 ^ fanout785/A (sky130_fd_sc_hd__buf_1)
     6    0.015576    0.140121    0.134380    5.551934 ^ fanout785/X (sky130_fd_sc_hd__buf_1)
                                                         net785 (net)
                      0.140121    0.000112    5.552046 ^ _3472_/C (sky130_fd_sc_hd__and4bb_1)
     2    0.006714    0.064662    0.143646    5.695693 ^ _3472_/X (sky130_fd_sc_hd__and4bb_1)
                                                         _1821_ (net)
                      0.064662    0.000087    5.695780 ^ _3473_/B (sky130_fd_sc_hd__nand4_1)
     1    0.003731    0.056967    0.052960    5.748739 v _3473_/Y (sky130_fd_sc_hd__nand4_1)
                                                         _1822_ (net)
                      0.056967    0.000056    5.748796 v hold1591/A (sky130_fd_sc_hd__dlygate4sd3_1)
     1    0.004631    0.044332    0.379369    6.128165 v hold1591/X (sky130_fd_sc_hd__dlygate4sd3_1)
                                                         net2486 (net)
                      0.044332    0.000076    6.128241 v fanout210/A (sky130_fd_sc_hd__clkbuf_2)
     5    0.045777    0.120359    0.151476    6.279717 v fanout210/X (sky130_fd_sc_hd__clkbuf_2)
                                                         net210 (net)
                      0.120362    0.000533    6.280250 v hold1592/A (sky130_fd_sc_hd__dlygate4sd3_1)
     1    0.004242    0.043765    0.403574    6.683824 v hold1592/X (sky130_fd_sc_hd__dlygate4sd3_1)
                                                         net2487 (net)
                      0.043765    0.000067    6.683890 v fanout209/A (sky130_fd_sc_hd__buf_2)
     5    0.055240    0.091963    0.147559    6.831450 v fanout209/X (sky130_fd_sc_hd__buf_2)
                                                         net209 (net)
                      0.091965    0.000499    6.831949 v fanout208/A (sky130_fd_sc_hd__clkbuf_2)
     4    0.031468    0.085016    0.146722    6.978671 v fanout208/X (sky130_fd_sc_hd__clkbuf_2)
                                                         net208 (net)
                      0.085016    0.000147    6.978818 v fanout207/A (sky130_fd_sc_hd__clkbuf_2)
     6    0.027423    0.075116    0.136358    7.115177 v fanout207/X (sky130_fd_sc_hd__clkbuf_2)
                                                         net207 (net)
                      0.075123    0.000768    7.115945 v fanout206/A (sky130_fd_sc_hd__clkbuf_2)
     6    0.025999    0.071631    0.129641    7.245585 v fanout206/X (sky130_fd_sc_hd__clkbuf_2)
                                                         net206 (net)
                      0.071633    0.000477    7.246063 v _3474_/D (sky130_fd_sc_hd__nor4_2)
     1    0.003332    0.138014    0.100918    7.346981 ^ _3474_/Y (sky130_fd_sc_hd__nor4_2)
                                                         _1823_ (net)
                      0.138014    0.000044    7.347025 ^ hold1226/A (sky130_fd_sc_hd__dlygate4sd3_1)
     2    0.017000    0.136333    0.463149    7.810174 ^ hold1226/X (sky130_fd_sc_hd__dlygate4sd3_1)
                                                         net2121 (net)
                      0.136333    0.000325    7.810499 ^ fanout179/A (sky130_fd_sc_hd__buf_2)
     1    0.002433    0.021261    0.080572    7.891071 ^ fanout179/X (sky130_fd_sc_hd__buf_2)
                                                         net179 (net)
                      0.021261    0.000025    7.891096 ^ hold1227/A (sky130_fd_sc_hd__dlygate4sd3_1)
     6    0.040254    0.304472    0.562261    8.453358 ^ hold1227/X (sky130_fd_sc_hd__dlygate4sd3_1)
                                                         net2122 (net)
                      0.304472    0.000680    8.454038 ^ fanout178/A (sky130_fd_sc_hd__clkbuf_2)
     4    0.035716    0.151931    0.186901    8.640939 ^ fanout178/X (sky130_fd_sc_hd__clkbuf_2)
                                                         net178 (net)
                      0.151956    0.001618    8.642557 ^ _3494_/S (sky130_fd_sc_hd__mux2_1)
     1    0.004811    0.045584    0.202365    8.844922 v _3494_/X (sky130_fd_sc_hd__mux2_1)
                                                         _0426_ (net)
                      0.045584    0.000098    8.845020 v hold3607/A (sky130_fd_sc_hd__dlygate4sd3_1)
     1    0.004858    0.045538    0.375918    9.220938 v hold3607/X (sky130_fd_sc_hd__dlygate4sd3_1)
                                                         net4502 (net)
                      0.045538    0.000092    9.221030 v hold1124/A (sky130_fd_sc_hd__dlygate4sd3_1)
     1    0.005204    0.046566    0.377407    9.598437 v hold1124/X (sky130_fd_sc_hd__dlygate4sd3_1)
                                                         net2019 (net)
                      0.046566    0.000099    9.598536 v hold3608/A (sky130_fd_sc_hd__dlygate4sd3_1)
     1    0.005130    0.046329    0.377471    9.976007 v hold3608/X (sky130_fd_sc_hd__dlygate4sd3_1)
                                                         net4503 (net)
                      0.046329    0.000109    9.976117 v _4243_/D (sky130_fd_sc_hd__dfxtp_1)
                                              9.976117   data arrival time

                                 25.000000   25.000000   clock clk_i (rise edge)
                                  0.000000   25.000000   clock source latency
     2    0.055743    0.190189    0.132545   25.132544 ^ clk_i (in)
                                                         clk_i (net)
                      0.190215    0.000000   25.132544 ^ clkbuf_0_clk_i/A (sky130_fd_sc_hd__clkbuf_16)
     8    0.189620    0.155931    0.208132   25.340675 ^ clkbuf_0_clk_i/X (sky130_fd_sc_hd__clkbuf_16)
                                                         clknet_0_clk_i (net)
                      0.156386    0.006819   25.347496 ^ clkbuf_3_2__f_clk_i/A (sky130_fd_sc_hd__clkbuf_16)
    12    0.114794    0.100361    0.167361   25.514856 ^ clkbuf_3_2__f_clk_i/X (sky130_fd_sc_hd__clkbuf_16)
                                                         clknet_3_2__leaf_clk_i (net)
                      0.100485    0.002313   25.517170 ^ clkbuf_leaf_24_clk_i/A (sky130_fd_sc_hd__clkbuf_8)
    12    0.043844    0.066422    0.129164   25.646334 ^ clkbuf_leaf_24_clk_i/X (sky130_fd_sc_hd__clkbuf_8)
                                                         clknet_leaf_24_clk_i (net)
                      0.066423    0.000307   25.646641 ^ _4243_/CLK (sky130_fd_sc_hd__dfxtp_1)
                                 -0.250000   25.396643   clock uncertainty
                                  0.000000   25.396643   clock reconvergence pessimism
                                 -0.071801   25.324842   library setup time
                                             25.324842   data required time
---------------------------------------------------------------------------------------------
                                             25.324842   data required time
                                             -9.976117   data arrival time
---------------------------------------------------------------------------------------------
                                             15.348725   slack (MET)




===========================================================================
report_checks --slack_max -0.01
============================================================================
======================= min_ff_n40C_1v95 Corner ===================================

No paths found.


===========================================================================
 report_check_types -max_slew -max_cap -max_fanout -violators
============================================================================
======================= min_ff_n40C_1v95 Corner ===================================

max fanout

Pin                                   Limit Fanout  Slack
---------------------------------------------------------
clkbuf_leaf_65_clk_i/X                    6     16    -10 (VIOLATED)
clkbuf_leaf_62_clk_i/X                    6     15     -9 (VIOLATED)
clkbuf_3_0__f_clk_i/X                     6     14     -8 (VIOLATED)
clkbuf_3_1__f_clk_i/X                     6     14     -8 (VIOLATED)
clkbuf_leaf_59_clk_i/X                    6     13     -7 (VIOLATED)
clkbuf_leaf_67_clk_i/X                    6     13     -7 (VIOLATED)
clkbuf_3_2__f_clk_i/X                     6     12     -6 (VIOLATED)
clkbuf_3_3__f_clk_i/X                     6     12     -6 (VIOLATED)
clkbuf_3_4__f_clk_i/X                     6     12     -6 (VIOLATED)
clkbuf_3_5__f_clk_i/X                     6     12     -6 (VIOLATED)
clkbuf_3_6__f_clk_i/X                     6     12     -6 (VIOLATED)
clkbuf_leaf_24_clk_i/X                    6     12     -6 (VIOLATED)
clkbuf_leaf_2_clk_i/X                     6     12     -6 (VIOLATED)
clkbuf_leaf_51_clk_i/X                    6     12     -6 (VIOLATED)
clkbuf_leaf_53_clk_i/X                    6     12     -6 (VIOLATED)
clkbuf_leaf_55_clk_i/X                    6     12     -6 (VIOLATED)
clkbuf_leaf_69_clk_i/X                    6     12     -6 (VIOLATED)
clkbuf_leaf_70_clk_i/X                    6     12     -6 (VIOLATED)
clkbuf_leaf_88_clk_i/X                    6     12     -6 (VIOLATED)
clkbuf_leaf_34_clk_i/X                    6     11     -5 (VIOLATED)
clkbuf_leaf_3_clk_i/X                     6     11     -5 (VIOLATED)
clkbuf_leaf_50_clk_i/X                    6     11     -5 (VIOLATED)
clkbuf_leaf_58_clk_i/X                    6     11     -5 (VIOLATED)
clkbuf_3_7__f_clk_i/X                     6     10     -4 (VIOLATED)
clkbuf_leaf_22_clk_i/X                    6     10     -4 (VIOLATED)
clkbuf_leaf_47_clk_i/X                    6     10     -4 (VIOLATED)
clkbuf_leaf_48_clk_i/X                    6     10     -4 (VIOLATED)
clkbuf_leaf_56_clk_i/X                    6     10     -4 (VIOLATED)
clkbuf_leaf_5_clk_i/X                     6     10     -4 (VIOLATED)
clkbuf_leaf_63_clk_i/X                    6     10     -4 (VIOLATED)
clkbuf_leaf_66_clk_i/X                    6     10     -4 (VIOLATED)
clkbuf_leaf_78_clk_i/X                    6     10     -4 (VIOLATED)
clkbuf_leaf_7_clk_i/X                     6     10     -4 (VIOLATED)
clkbuf_leaf_81_clk_i/X                    6     10     -4 (VIOLATED)
clkbuf_leaf_84_clk_i/X                    6     10     -4 (VIOLATED)
clkbuf_leaf_86_clk_i/X                    6     10     -4 (VIOLATED)
clkbuf_leaf_8_clk_i/X                     6     10     -4 (VIOLATED)
clkbuf_leaf_9_clk_i/X                     6     10     -4 (VIOLATED)
clkbuf_leaf_0_clk_i/X                     6      9     -3 (VIOLATED)
clkbuf_leaf_17_clk_i/X                    6      9     -3 (VIOLATED)
clkbuf_leaf_1_clk_i/X                     6      9     -3 (VIOLATED)
clkbuf_leaf_25_clk_i/X                    6      9     -3 (VIOLATED)
clkbuf_leaf_26_clk_i/X                    6      9     -3 (VIOLATED)
clkbuf_leaf_35_clk_i/X                    6      9     -3 (VIOLATED)
clkbuf_leaf_49_clk_i/X                    6      9     -3 (VIOLATED)
clkbuf_leaf_52_clk_i/X                    6      9     -3 (VIOLATED)
clkbuf_leaf_54_clk_i/X                    6      9     -3 (VIOLATED)
clkbuf_leaf_57_clk_i/X                    6      9     -3 (VIOLATED)
clkbuf_leaf_6_clk_i/X                     6      9     -3 (VIOLATED)
clkbuf_leaf_71_clk_i/X                    6      9     -3 (VIOLATED)
clkbuf_leaf_72_clk_i/X                    6      9     -3 (VIOLATED)
clkbuf_leaf_73_clk_i/X                    6      9     -3 (VIOLATED)
clkbuf_leaf_74_clk_i/X                    6      9     -3 (VIOLATED)
clkbuf_leaf_80_clk_i/X                    6      9     -3 (VIOLATED)
clkbuf_0_clk_i/X                          6      8     -2 (VIOLATED)
clkbuf_leaf_11_clk_i/X                    6      8     -2 (VIOLATED)
clkbuf_leaf_12_clk_i/X                    6      8     -2 (VIOLATED)
clkbuf_leaf_16_clk_i/X                    6      8     -2 (VIOLATED)
clkbuf_leaf_18_clk_i/X                    6      8     -2 (VIOLATED)
clkbuf_leaf_19_clk_i/X                    6      8     -2 (VIOLATED)
clkbuf_leaf_20_clk_i/X                    6      8     -2 (VIOLATED)
clkbuf_leaf_21_clk_i/X                    6      8     -2 (VIOLATED)
clkbuf_leaf_33_clk_i/X                    6      8     -2 (VIOLATED)
clkbuf_leaf_36_clk_i/X                    6      8     -2 (VIOLATED)
clkbuf_leaf_46_clk_i/X                    6      8     -2 (VIOLATED)
clkbuf_leaf_60_clk_i/X                    6      8     -2 (VIOLATED)
clkbuf_leaf_83_clk_i/X                    6      8     -2 (VIOLATED)
clkbuf_leaf_85_clk_i/X                    6      8     -2 (VIOLATED)
clkbuf_leaf_89_clk_i/X                    6      8     -2 (VIOLATED)
fanout170/X                               6      8     -2 (VIOLATED)
fanout331/X                               6      8     -2 (VIOLATED)
clkbuf_leaf_10_clk_i/X                    6      7        (VIOLATED)
clkbuf_leaf_13_clk_i/X                    6      7        (VIOLATED)
clkbuf_leaf_14_clk_i/X                    6      7        (VIOLATED)
clkbuf_leaf_23_clk_i/X                    6      7        (VIOLATED)
clkbuf_leaf_29_clk_i/X                    6      7        (VIOLATED)
clkbuf_leaf_37_clk_i/X                    6      7        (VIOLATED)
clkbuf_leaf_42_clk_i/X                    6      7        (VIOLATED)
clkbuf_leaf_44_clk_i/X                    6      7        (VIOLATED)
clkbuf_leaf_4_clk_i/X                     6      7        (VIOLATED)
clkbuf_leaf_64_clk_i/X                    6      7        (VIOLATED)
clkbuf_leaf_75_clk_i/X                    6      7        (VIOLATED)
clkbuf_leaf_76_clk_i/X                    6      7        (VIOLATED)
clkbuf_leaf_77_clk_i/X                    6      7        (VIOLATED)
clkbuf_leaf_79_clk_i/X                    6      7        (VIOLATED)
clkbuf_leaf_82_clk_i/X                    6      7        (VIOLATED)
clkbuf_leaf_87_clk_i/X                    6      7        (VIOLATED)
clkbuf_leaf_90_clk_i/X                    6      7        (VIOLATED)
fanout123/X                               6      7        (VIOLATED)
fanout140/X                               6      7        (VIOLATED)
fanout148/X                               6      7        (VIOLATED)
fanout165/X                               6      7        (VIOLATED)
fanout370/X                               6      7        (VIOLATED)
fanout426/X                               6      7        (VIOLATED)



===========================================================================
report_parasitic_annotation -report_unannotated
============================================================================
Found 153 unannotated drivers.
 tl_i[0]
 tl_i[103]
 tl_i[104]
 tl_i[105]
 tl_i[106]
 tl_i[10]
 tl_i[11]
 tl_i[12]
 tl_i[13]
 tl_i[14]
 tl_i[15]
 tl_i[16]
 tl_i[17]
 tl_i[18]
 tl_i[19]
 tl_i[1]
 tl_i[20]
 tl_i[21]
 tl_i[22]
 tl_i[23]
 tl_i[24]
 tl_i[2]
 tl_i[3]
 tl_i[4]
 tl_i[57]
 tl_i[58]
 tl_i[59]
 tl_i[5]
 tl_i[60]
 tl_i[69]
 tl_i[6]
 tl_i[70]
 tl_i[71]
 tl_i[72]
 tl_i[73]
 tl_i[74]
 tl_i[75]
 tl_i[76]
 tl_i[77]
 tl_i[78]
 tl_i[79]
 tl_i[7]
 tl_i[80]
 tl_i[81]
 tl_i[82]
 tl_i[83]
 tl_i[84]
 tl_i[85]
 tl_i[86]
 tl_i[87]
 tl_i[88]
 tl_i[89]
 tl_i[8]
 tl_i[90]
 tl_i[91]
 tl_i[92]
 tl_i[9]
 clkload0/X
 clkload1/Y
 clkload10/X
 clkload11/Y
 clkload12/Y
 clkload13/Y
 clkload14/Y
 clkload15/Y
 clkload16/Y
 clkload17/Y
 clkload18/Y
 clkload19/Y
 clkload2/Y
 clkload20/Y
 clkload21/Y
 clkload22/Y
 clkload23/Y
 clkload24/Y
 clkload25/Y
 clkload26/X
 clkload27/X
 clkload28/Y
 clkload29/Y
 clkload3/Y
 clkload30/X
 clkload31/Y
 clkload32/Y
 clkload33/Y
 clkload34/Y
 clkload35/Y
 clkload36/Y
 clkload37/Y
 clkload38/Y
 clkload39/Y
 clkload4/Y
 clkload40/Y
 clkload41/Y
 clkload42/Y
 clkload43/Y
 clkload44/X
 clkload45/X
 clkload46/Y
 clkload47/Y
 clkload48/Y
 clkload49/Y
 clkload5/Y
 clkload50/X
 clkload51/Y
 clkload52/Y
 clkload53/Y
 clkload54/X
 clkload55/X
 clkload56/Y
 clkload57/Y
 clkload58/Y
 clkload59/Y
 clkload6/Y
 clkload60/Y
 clkload61/Y
 clkload62/Y
 clkload63/Y
 clkload64/Y
 clkload65/Y
 clkload66/Y
 clkload67/X
 clkload68/Y
 clkload69/Y
 clkload7/Y
 clkload70/Y
 clkload71/X
 clkload72/Y
 clkload73/Y
 clkload74/Y
 clkload75/Y
 clkload76/Y
 clkload77/Y
 clkload78/X
 clkload79/Y
 clkload8/Y
 clkload80/X
 clkload81/Y
 clkload82/Y
 clkload83/Y
 clkload84/Y
 clkload85/Y
 clkload86/X
 clkload87/X
 clkload9/X
 spi_host_lite_888/HI
 spi_host_lite_889/HI
 spi_host_lite_890/HI
 spi_host_lite_891/HI
 spi_host_lite_892/HI
 spi_host_lite_893/HI
 spi_host_lite_894/HI
 spi_host_lite_895/LO
Found 0 partially unannotated drivers.

===========================================================================
max slew violation count 0
max fanout violation count 94
max cap violation count 0
============================================================================

===========================================================================
check_setup -verbose -unconstrained_endpoints -multiple_clock -no_clock -no_input_delay -loops -generated_clocks
===========================================================================
Warning: There are 8 unconstrained endpoints.
  tl_o[0]
  tl_o[15]
  tl_o[48]
  tl_o[59]
  tl_o[60]
  tl_o[61]
  tl_o[63]
  tl_o[64]
