
===========================================================================
report_checks -unconstrained
===========================================================================
======================= min_ff_n40C_1v95 Corner ===================================

Startpoint: rst_ni (input port clocked by clk_i)
Endpoint: _3786_ (recovery check against rising-edge clock clk_i)
Path Group: asynchronous
Path Type: max

Fanout         Cap        Slew       Delay        Time   Description
---------------------------------------------------------------------------------------------
                                  0.000000    0.000000   clock clk_i (rise edge)
                                  0.000000    0.000000   clock network delay (propagated)
                                  5.000000    5.000000 ^ input external delay
     2    0.004335    0.019401    0.011239    5.011240 ^ rst_ni (in)
                                                         rst_ni (net)
                      0.019401    0.000000    5.011240 ^ input1/A (sky130_fd_sc_hd__clkbuf_2)
     5    0.049780    0.207438    0.183286    5.194526 ^ input1/X (sky130_fd_sc_hd__clkbuf_2)
                                                         net1 (net)
                      0.207519    0.003377    5.197903 ^ fanout847/A (sky130_fd_sc_hd__clkbuf_2)
     7    0.069782    0.289426    0.272128    5.470031 ^ fanout847/X (sky130_fd_sc_hd__clkbuf_2)
                                                         net847 (net)
                      0.289433    0.001190    5.471220 ^ fanout835/A (sky130_fd_sc_hd__clkbuf_2)
     9    0.063834    0.265009    0.262792    5.734013 ^ fanout835/X (sky130_fd_sc_hd__clkbuf_2)
                                                         net835 (net)
                      0.265087    0.003742    5.737755 ^ fanout826/A (sky130_fd_sc_hd__clkbuf_2)
     9    0.054462    0.227022    0.236048    5.973803 ^ fanout826/X (sky130_fd_sc_hd__clkbuf_2)
                                                         net826 (net)
                      0.227035    0.001406    5.975208 ^ fanout822/A (sky130_fd_sc_hd__clkbuf_2)
    11    0.088576    0.365769    0.323920    6.299129 ^ fanout822/X (sky130_fd_sc_hd__clkbuf_2)
                                                         net822 (net)
                      0.365830    0.003942    6.303071 ^ fanout820/A (sky130_fd_sc_hd__clkbuf_2)
     6    0.036808    0.156390    0.191492    6.494563 ^ fanout820/X (sky130_fd_sc_hd__clkbuf_2)
                                                         net820 (net)
                      0.156455    0.001238    6.495800 ^ fanout819/A (sky130_fd_sc_hd__clkbuf_2)
     6    0.032161    0.136936    0.165162    6.660962 ^ fanout819/X (sky130_fd_sc_hd__clkbuf_2)
                                                         net819 (net)
                      0.136981    0.000465    6.661427 ^ _3786_/RESET_B (sky130_fd_sc_hd__dfrtp_1)
                                              6.661427   data arrival time

                                 25.000000   25.000000   clock clk_i (rise edge)
                                  0.000000   25.000000   clock source latency
     2    0.060029    0.204543    0.142794   25.142794 ^ clk_i (in)
                                                         clk_i (net)
                      0.204597    0.000000   25.142794 ^ clkbuf_0_clk_i/A (sky130_fd_sc_hd__clkbuf_16)
    17    0.291503    0.232945    0.261945   25.404739 ^ clkbuf_0_clk_i/X (sky130_fd_sc_hd__clkbuf_16)
                                                         clknet_0_clk_i (net)
                      0.233773    0.011234   25.415972 ^ clkbuf_3_1__f_clk_i/A (sky130_fd_sc_hd__clkbuf_16)
    23    0.168728    0.140128    0.205848   25.621820 ^ clkbuf_3_1__f_clk_i/X (sky130_fd_sc_hd__clkbuf_16)
                                                         clknet_3_1__leaf_clk_i (net)
                      0.140196    0.002524   25.624344 ^ clkbuf_leaf_11_clk_i/A (sky130_fd_sc_hd__clkbuf_8)
     9    0.037129    0.058927    0.131799   25.756144 ^ clkbuf_leaf_11_clk_i/X (sky130_fd_sc_hd__clkbuf_8)
                                                         clknet_leaf_11_clk_i (net)
                      0.058927    0.000204   25.756348 ^ _3786_/CLK (sky130_fd_sc_hd__dfrtp_1)
                                 -0.250000   25.506348   clock uncertainty
                                  0.000000   25.506348   clock reconvergence pessimism
                                  0.128139   25.634487   library recovery time
                                             25.634487   data required time
---------------------------------------------------------------------------------------------
                                             25.634487   data required time
                                             -6.661427   data arrival time
---------------------------------------------------------------------------------------------
                                             18.973061   slack (MET)


Startpoint: tl_i[109] (input port clocked by clk_i)
Endpoint: _4190_ (rising edge-triggered flip-flop clocked by clk_i)
Path Group: clk_i
Path Type: max

Fanout         Cap        Slew       Delay        Time   Description
---------------------------------------------------------------------------------------------
                                  0.000000    0.000000   clock clk_i (rise edge)
                                  0.000000    0.000000   clock network delay (propagated)
                                  5.000000    5.000000 ^ input external delay
     2    0.006958    0.028248    0.017654    5.017654 ^ tl_i[109] (in)
                                                         tl_i[109] (net)
                      0.028248    0.000000    5.017654 ^ input8/A (sky130_fd_sc_hd__clkbuf_1)
     1    0.005961    0.058504    0.069846    5.087500 ^ input8/X (sky130_fd_sc_hd__clkbuf_1)
                                                         net8 (net)
                      0.058504    0.000128    5.087628 ^ fanout764/A (sky130_fd_sc_hd__clkbuf_2)
     8    0.086857    0.359089    0.295785    5.383413 ^ fanout764/X (sky130_fd_sc_hd__clkbuf_2)
                                                         net764 (net)
                      0.359162    0.004249    5.387662 ^ fanout763/A (sky130_fd_sc_hd__clkbuf_2)
    13    0.089044    0.367486    0.332214    5.719876 ^ fanout763/X (sky130_fd_sc_hd__clkbuf_2)
                                                         net763 (net)
                      0.367527    0.003261    5.723138 ^ _2449_/C_N (sky130_fd_sc_hd__nor3b_1)
     1    0.018422    0.412817    0.351917    6.075055 ^ _2449_/Y (sky130_fd_sc_hd__nor3b_1)
                                                         _1211_ (net)
                      0.412818    0.000546    6.075601 ^ fanout743/A (sky130_fd_sc_hd__clkbuf_2)
     6    0.035630    0.152143    0.188746    6.264347 ^ fanout743/X (sky130_fd_sc_hd__clkbuf_2)
                                                         net743 (net)
                      0.152143    0.000213    6.264560 ^ fanout742/A (sky130_fd_sc_hd__clkbuf_2)
     6    0.028326    0.121585    0.154273    6.418833 ^ fanout742/X (sky130_fd_sc_hd__clkbuf_2)
                                                         net742 (net)
                      0.121586    0.000649    6.419482 ^ _3384_/D (sky130_fd_sc_hd__nand4_1)
     1    0.013019    0.130052    0.108218    6.527700 v _3384_/Y (sky130_fd_sc_hd__nand4_1)
                                                         _1792_ (net)
                      0.130056    0.000555    6.528255 v fanout323/A (sky130_fd_sc_hd__clkbuf_2)
     7    0.060316    0.156404    0.213947    6.742202 v fanout323/X (sky130_fd_sc_hd__clkbuf_2)
                                                         net323 (net)
                      0.156409    0.001045    6.743247 v fanout322/A (sky130_fd_sc_hd__clkbuf_2)
     7    0.054419    0.141286    0.209598    6.952845 v fanout322/X (sky130_fd_sc_hd__clkbuf_2)
                                                         net322 (net)
                      0.141292    0.001071    6.953916 v fanout321/A (sky130_fd_sc_hd__clkbuf_2)
     9    0.056060    0.145255    0.208780    7.162696 v fanout321/X (sky130_fd_sc_hd__clkbuf_2)
                                                         net321 (net)
                      0.145256    0.000769    7.163465 v fanout320/A (sky130_fd_sc_hd__clkbuf_2)
     6    0.030939    0.084348    0.164289    7.327754 v fanout320/X (sky130_fd_sc_hd__clkbuf_2)
                                                         net320 (net)
                      0.084368    0.001233    7.328987 v _3486_/C (sky130_fd_sc_hd__nor4_2)
     5    0.067083    1.074105    0.847006    8.175993 ^ _3486_/Y (sky130_fd_sc_hd__nor4_2)
                                                         _1820_ (net)
                      1.074110    0.002054    8.178047 ^ fanout286/A (sky130_fd_sc_hd__clkbuf_2)
     9    0.154615    0.633088    0.507077    8.685124 ^ fanout286/X (sky130_fd_sc_hd__clkbuf_2)
                                                         net286 (net)
                      0.633091    0.001137    8.686261 ^ fanout285/A (sky130_fd_sc_hd__clkbuf_2)
     9    0.165482    0.678350    0.542593    9.228853 ^ fanout285/X (sky130_fd_sc_hd__clkbuf_2)
                                                         net285 (net)
                      0.678422    0.005859    9.234713 ^ fanout284/A (sky130_fd_sc_hd__buf_2)
    13    0.072783    0.265728    0.276256    9.510969 ^ fanout284/X (sky130_fd_sc_hd__buf_2)
                                                         net284 (net)
                      0.265767    0.002689    9.513659 ^ _3497_/S (sky130_fd_sc_hd__mux2_1)
     1    0.006716    0.052951    0.211882    9.725541 v _3497_/X (sky130_fd_sc_hd__mux2_1)
                                                         _0496_ (net)
                      0.052951    0.000085    9.725626 v hold2161/A (sky130_fd_sc_hd__dlygate4sd3_1)
     1    0.007204    0.053141    0.388894   10.114520 v hold2161/X (sky130_fd_sc_hd__dlygate4sd3_1)
                                                         net3031 (net)
                      0.053141    0.000226   10.114747 v hold268/A (sky130_fd_sc_hd__dlygate4sd3_1)
     1    0.006722    0.051438    0.386880   10.501627 v hold268/X (sky130_fd_sc_hd__dlygate4sd3_1)
                                                         net1138 (net)
                      0.051438    0.000180   10.501807 v hold2162/A (sky130_fd_sc_hd__dlygate4sd3_1)
     1    0.004274    0.043445    0.375606   10.877413 v hold2162/X (sky130_fd_sc_hd__dlygate4sd3_1)
                                                         net3032 (net)
                      0.043445    0.000055   10.877468 v _4190_/D (sky130_fd_sc_hd__dfxtp_1)
                                             10.877468   data arrival time

                                 25.000000   25.000000   clock clk_i (rise edge)
                                  0.000000   25.000000   clock source latency
     2    0.060029    0.204543    0.142794   25.142794 ^ clk_i (in)
                                                         clk_i (net)
                      0.204597    0.000000   25.142794 ^ clkbuf_0_clk_i/A (sky130_fd_sc_hd__clkbuf_16)
    17    0.291503    0.232945    0.261945   25.404739 ^ clkbuf_0_clk_i/X (sky130_fd_sc_hd__clkbuf_16)
                                                         clknet_0_clk_i (net)
                      0.233773    0.011234   25.415972 ^ clkbuf_3_1__f_clk_i/A (sky130_fd_sc_hd__clkbuf_16)
    23    0.168728    0.140128    0.205848   25.621820 ^ clkbuf_3_1__f_clk_i/X (sky130_fd_sc_hd__clkbuf_16)
                                                         clknet_3_1__leaf_clk_i (net)
                      0.140262    0.003508   25.625328 ^ clkbuf_leaf_78_clk_i/A (sky130_fd_sc_hd__clkbuf_8)
    12    0.044494    0.067752    0.138364   25.763693 ^ clkbuf_leaf_78_clk_i/X (sky130_fd_sc_hd__clkbuf_8)
                                                         clknet_leaf_78_clk_i (net)
                      0.067752    0.000279   25.763971 ^ _4190_/CLK (sky130_fd_sc_hd__dfxtp_1)
                                 -0.250000   25.513971   clock uncertainty
                                  0.000000   25.513971   clock reconvergence pessimism
                                 -0.070644   25.443329   library setup time
                                             25.443329   data required time
---------------------------------------------------------------------------------------------
                                             25.443329   data required time
                                            -10.877468   data arrival time
---------------------------------------------------------------------------------------------
                                             14.565860   slack (MET)




===========================================================================
report_checks --slack_max -0.01
============================================================================
======================= min_ff_n40C_1v95 Corner ===================================

No paths found.


===========================================================================
 report_check_types -max_slew -max_cap -max_fanout -violators
============================================================================
======================= min_ff_n40C_1v95 Corner ===================================

max slew

Pin                                        Limit        Slew       Slack
------------------------------------------------------------------------
_2862_/C1                               1.000000    1.460800   -0.460800 (VIOLATED)
_2843_/C1                               1.000000    1.460799   -0.460799 (VIOLATED)
ANTENNA__2843__C1/DIODE                 1.000000    1.460798   -0.460798 (VIOLATED)
ANTENNA__2862__C1/DIODE                 1.000000    1.460798   -0.460798 (VIOLATED)
ANTENNA__2648__Y/DIODE                  1.000000    1.460771   -0.460771 (VIOLATED)
ANTENNA__2745__C1/DIODE                 1.000000    1.460770   -0.460770 (VIOLATED)
ANTENNA_37/DIODE                        1.000000    1.460757   -0.460757 (VIOLATED)
_2745_/C1                               1.000000    1.460757   -0.460757 (VIOLATED)
_2648_/Y                                1.000000    1.460746   -0.460746 (VIOLATED)
_2864_/B                                1.000000    1.359917   -0.359917 (VIOLATED)
_2862_/Y                                1.000000    1.359907   -0.359907 (VIOLATED)
ANTENNA__2186__Y/DIODE                  1.000000    1.256785   -0.256785 (VIOLATED)
ANTENNA_fanout469_A/DIODE               1.000000    1.256785   -0.256785 (VIOLATED)
ANTENNA_fanout472_A/DIODE               1.000000    1.256785   -0.256785 (VIOLATED)
_2186_/Y                                1.000000    1.256783   -0.256783 (VIOLATED)
fanout469/A                             1.000000    1.256783   -0.256783 (VIOLATED)
fanout472/A                             1.000000    1.256783   -0.256783 (VIOLATED)
ANTENNA_hold2992_X/DIODE                1.000000    1.131999   -0.131999 (VIOLATED)
_2862_/B2                               1.000000    1.131995   -0.131995 (VIOLATED)
ANTENNA__2862__B2/DIODE                 1.000000    1.131994   -0.131994 (VIOLATED)
ANTENNA__3506__A0/DIODE                 1.000000    1.131980   -0.131980 (VIOLATED)
_3506_/A0                               1.000000    1.131957   -0.131957 (VIOLATED)
hold2992/X                              1.000000    1.131957   -0.131957 (VIOLATED)
_2845_/B                                1.000000    1.125257   -0.125257 (VIOLATED)
ANTENNA_6/DIODE                         1.000000    1.125256   -0.125256 (VIOLATED)
_2843_/Y                                1.000000    1.125247   -0.125247 (VIOLATED)
ANTENNA_fanout286_A/DIODE               1.000000    1.074116   -0.074116 (VIOLATED)
fanout286/A                             1.000000    1.074110   -0.074110 (VIOLATED)
ANTENNA__3486__Y/DIODE                  1.000000    1.074107   -0.074107 (VIOLATED)
ANTENNA_fanout289_A/DIODE               1.000000    1.074107   -0.074107 (VIOLATED)
_3486_/Y                                1.000000    1.074105   -0.074105 (VIOLATED)
fanout289/A                             1.000000    1.074105   -0.074105 (VIOLATED)
ANTENNA__3016__A3/DIODE                 1.000000    1.051350   -0.051350 (VIOLATED)
_3016_/A3                               1.000000    1.051348   -0.051348 (VIOLATED)
ANTENNA__2654__Y/DIODE                  1.000000    1.051341   -0.051341 (VIOLATED)
ANTENNA_fanout397_A/DIODE               1.000000    1.051341   -0.051341 (VIOLATED)
_2654_/Y                                1.000000    1.051341   -0.051341 (VIOLATED)
fanout397/A                             1.000000    1.051341   -0.051341 (VIOLATED)
ANTENNA_fanout188_A/DIODE               1.000000    1.010007   -0.010007 (VIOLATED)
fanout188/A                             1.000000    1.010002   -0.010002 (VIOLATED)
ANTENNA__3387__Y/DIODE                  1.000000    1.009999   -0.009999 (VIOLATED)
ANTENNA_fanout191_A/DIODE               1.000000    1.009999   -0.009999 (VIOLATED)
_3387_/Y                                1.000000    1.009999   -0.009999 (VIOLATED)
fanout191/A                             1.000000    1.009999   -0.009999 (VIOLATED)

max fanout

Pin                                   Limit Fanout  Slack
---------------------------------------------------------
clkbuf_3_0__f_clk_i/X                     6     27    -21 (VIOLATED)
clkbuf_3_4__f_clk_i/X                     6     25    -19 (VIOLATED)
clkbuf_3_6__f_clk_i/X                     6     25    -19 (VIOLATED)
clkbuf_leaf_58_clk_i/X                    6     25    -19 (VIOLATED)
clkbuf_3_1__f_clk_i/X                     6     23    -17 (VIOLATED)
clkbuf_3_2__f_clk_i/X                     6     23    -17 (VIOLATED)
clkbuf_3_3__f_clk_i/X                     6     23    -17 (VIOLATED)
clkbuf_3_5__f_clk_i/X                     6     21    -15 (VIOLATED)
clkbuf_3_7__f_clk_i/X                     6     21    -15 (VIOLATED)
clkbuf_leaf_46_clk_i/X                    6     21    -15 (VIOLATED)
clkbuf_0_clk_i/X                          6     17    -11 (VIOLATED)
clkbuf_leaf_52_clk_i/X                    6     16    -10 (VIOLATED)
fanout609/X                               6     16    -10 (VIOLATED)
clkbuf_leaf_37_clk_i/X                    6     15     -9 (VIOLATED)
fanout412/X                               6     15     -9 (VIOLATED)
clkbuf_leaf_38_clk_i/X                    6     14     -8 (VIOLATED)
fanout182/X                               6     14     -8 (VIOLATED)
fanout183/X                               6     14     -8 (VIOLATED)
fanout316/X                               6     14     -8 (VIOLATED)
fanout326/X                               6     14     -8 (VIOLATED)
fanout338/X                               6     14     -8 (VIOLATED)
fanout371/X                               6     14     -8 (VIOLATED)
fanout589/X                               6     14     -8 (VIOLATED)
_2632_/X                                  6     13     -7 (VIOLATED)
_2646_/X                                  6     13     -7 (VIOLATED)
clkbuf_leaf_21_clk_i/X                    6     13     -7 (VIOLATED)
clkbuf_leaf_2_clk_i/X                     6     13     -7 (VIOLATED)
clkbuf_leaf_6_clk_i/X                     6     13     -7 (VIOLATED)
clkbuf_leaf_72_clk_i/X                    6     13     -7 (VIOLATED)
clkbuf_leaf_80_clk_i/X                    6     13     -7 (VIOLATED)
fanout120/X                               6     13     -7 (VIOLATED)
fanout121/X                               6     13     -7 (VIOLATED)
fanout122/X                               6     13     -7 (VIOLATED)
fanout124/X                               6     13     -7 (VIOLATED)
fanout126/X                               6     13     -7 (VIOLATED)
fanout127/X                               6     13     -7 (VIOLATED)
fanout128/X                               6     13     -7 (VIOLATED)
fanout131/X                               6     13     -7 (VIOLATED)
fanout133/X                               6     13     -7 (VIOLATED)
fanout139/X                               6     13     -7 (VIOLATED)
fanout143/X                               6     13     -7 (VIOLATED)
fanout144/X                               6     13     -7 (VIOLATED)
fanout146/X                               6     13     -7 (VIOLATED)
fanout148/X                               6     13     -7 (VIOLATED)
fanout151/X                               6     13     -7 (VIOLATED)
fanout153/X                               6     13     -7 (VIOLATED)
fanout155/X                               6     13     -7 (VIOLATED)
fanout159/X                               6     13     -7 (VIOLATED)
fanout161/X                               6     13     -7 (VIOLATED)
fanout163/X                               6     13     -7 (VIOLATED)
fanout167/X                               6     13     -7 (VIOLATED)
fanout169/X                               6     13     -7 (VIOLATED)
fanout171/X                               6     13     -7 (VIOLATED)
fanout172/X                               6     13     -7 (VIOLATED)
fanout173/X                               6     13     -7 (VIOLATED)
fanout174/X                               6     13     -7 (VIOLATED)
fanout178/X                               6     13     -7 (VIOLATED)
fanout179/X                               6     13     -7 (VIOLATED)
fanout185/X                               6     13     -7 (VIOLATED)
fanout186/X                               6     13     -7 (VIOLATED)
fanout189/X                               6     13     -7 (VIOLATED)
fanout190/X                               6     13     -7 (VIOLATED)
fanout193/X                               6     13     -7 (VIOLATED)
fanout196/X                               6     13     -7 (VIOLATED)
fanout197/X                               6     13     -7 (VIOLATED)
fanout200/X                               6     13     -7 (VIOLATED)
fanout201/X                               6     13     -7 (VIOLATED)
fanout204/X                               6     13     -7 (VIOLATED)
fanout206/X                               6     13     -7 (VIOLATED)
fanout213/X                               6     13     -7 (VIOLATED)
fanout214/X                               6     13     -7 (VIOLATED)
fanout220/X                               6     13     -7 (VIOLATED)
fanout221/X                               6     13     -7 (VIOLATED)
fanout224/X                               6     13     -7 (VIOLATED)
fanout226/X                               6     13     -7 (VIOLATED)
fanout229/X                               6     13     -7 (VIOLATED)
fanout230/X                               6     13     -7 (VIOLATED)
fanout233/X                               6     13     -7 (VIOLATED)
fanout234/X                               6     13     -7 (VIOLATED)
fanout237/X                               6     13     -7 (VIOLATED)
fanout238/X                               6     13     -7 (VIOLATED)
fanout240/X                               6     13     -7 (VIOLATED)
fanout242/X                               6     13     -7 (VIOLATED)
fanout244/X                               6     13     -7 (VIOLATED)
fanout246/X                               6     13     -7 (VIOLATED)
fanout248/X                               6     13     -7 (VIOLATED)
fanout250/X                               6     13     -7 (VIOLATED)
fanout253/X                               6     13     -7 (VIOLATED)
fanout255/X                               6     13     -7 (VIOLATED)
fanout267/X                               6     13     -7 (VIOLATED)
fanout269/X                               6     13     -7 (VIOLATED)
fanout270/X                               6     13     -7 (VIOLATED)
fanout273/X                               6     13     -7 (VIOLATED)
fanout274/X                               6     13     -7 (VIOLATED)
fanout276/X                               6     13     -7 (VIOLATED)
fanout277/X                               6     13     -7 (VIOLATED)
fanout280/X                               6     13     -7 (VIOLATED)
fanout281/X                               6     13     -7 (VIOLATED)
fanout282/X                               6     13     -7 (VIOLATED)
fanout283/X                               6     13     -7 (VIOLATED)
fanout284/X                               6     13     -7 (VIOLATED)
fanout287/X                               6     13     -7 (VIOLATED)
fanout288/X                               6     13     -7 (VIOLATED)
fanout295/X                               6     13     -7 (VIOLATED)
fanout297/X                               6     13     -7 (VIOLATED)
fanout299/X                               6     13     -7 (VIOLATED)
fanout300/X                               6     13     -7 (VIOLATED)
fanout315/X                               6     13     -7 (VIOLATED)
fanout318/X                               6     13     -7 (VIOLATED)
fanout324/X                               6     13     -7 (VIOLATED)
fanout327/X                               6     13     -7 (VIOLATED)
fanout328/X                               6     13     -7 (VIOLATED)
fanout329/X                               6     13     -7 (VIOLATED)
fanout330/X                               6     13     -7 (VIOLATED)
fanout331/X                               6     13     -7 (VIOLATED)
fanout334/X                               6     13     -7 (VIOLATED)
fanout339/X                               6     13     -7 (VIOLATED)
fanout340/X                               6     13     -7 (VIOLATED)
fanout341/X                               6     13     -7 (VIOLATED)
fanout346/X                               6     13     -7 (VIOLATED)
fanout347/X                               6     13     -7 (VIOLATED)
fanout349/X                               6     13     -7 (VIOLATED)
fanout350/X                               6     13     -7 (VIOLATED)
fanout353/X                               6     13     -7 (VIOLATED)
fanout357/X                               6     13     -7 (VIOLATED)
fanout359/X                               6     13     -7 (VIOLATED)
fanout360/X                               6     13     -7 (VIOLATED)
fanout361/X                               6     13     -7 (VIOLATED)
fanout362/X                               6     13     -7 (VIOLATED)
fanout366/X                               6     13     -7 (VIOLATED)
fanout369/X                               6     13     -7 (VIOLATED)
fanout373/X                               6     13     -7 (VIOLATED)
fanout374/X                               6     13     -7 (VIOLATED)
fanout375/X                               6     13     -7 (VIOLATED)
fanout377/X                               6     13     -7 (VIOLATED)
fanout379/X                               6     13     -7 (VIOLATED)
fanout381/X                               6     13     -7 (VIOLATED)
fanout382/X                               6     13     -7 (VIOLATED)
fanout384/X                               6     13     -7 (VIOLATED)
fanout386/X                               6     13     -7 (VIOLATED)
fanout387/X                               6     13     -7 (VIOLATED)
fanout388/X                               6     13     -7 (VIOLATED)
fanout391/X                               6     13     -7 (VIOLATED)
fanout392/X                               6     13     -7 (VIOLATED)
fanout393/X                               6     13     -7 (VIOLATED)
fanout394/X                               6     13     -7 (VIOLATED)
fanout397/X                               6     13     -7 (VIOLATED)
fanout401/X                               6     13     -7 (VIOLATED)
fanout405/X                               6     13     -7 (VIOLATED)
fanout407/X                               6     13     -7 (VIOLATED)
fanout408/X                               6     13     -7 (VIOLATED)
fanout411/X                               6     13     -7 (VIOLATED)
fanout416/X                               6     13     -7 (VIOLATED)
fanout417/X                               6     13     -7 (VIOLATED)
fanout421/X                               6     13     -7 (VIOLATED)
fanout423/X                               6     13     -7 (VIOLATED)
fanout428/X                               6     13     -7 (VIOLATED)
fanout429/X                               6     13     -7 (VIOLATED)
fanout432/X                               6     13     -7 (VIOLATED)
fanout434/X                               6     13     -7 (VIOLATED)
fanout437/X                               6     13     -7 (VIOLATED)
fanout438/X                               6     13     -7 (VIOLATED)
fanout439/X                               6     13     -7 (VIOLATED)
fanout440/X                               6     13     -7 (VIOLATED)
fanout441/X                               6     13     -7 (VIOLATED)
fanout446/X                               6     13     -7 (VIOLATED)
fanout449/X                               6     13     -7 (VIOLATED)
fanout451/X                               6     13     -7 (VIOLATED)
fanout453/X                               6     13     -7 (VIOLATED)
fanout454/X                               6     13     -7 (VIOLATED)
fanout456/X                               6     13     -7 (VIOLATED)
fanout458/X                               6     13     -7 (VIOLATED)
fanout460/X                               6     13     -7 (VIOLATED)
fanout461/X                               6     13     -7 (VIOLATED)
fanout463/X                               6     13     -7 (VIOLATED)
fanout466/X                               6     13     -7 (VIOLATED)
fanout467/X                               6     13     -7 (VIOLATED)
fanout470/X                               6     13     -7 (VIOLATED)
fanout471/X                               6     13     -7 (VIOLATED)
fanout472/X                               6     13     -7 (VIOLATED)
fanout473/X                               6     13     -7 (VIOLATED)
fanout474/X                               6     13     -7 (VIOLATED)
fanout475/X                               6     13     -7 (VIOLATED)
fanout476/X                               6     13     -7 (VIOLATED)
fanout477/X                               6     13     -7 (VIOLATED)
fanout478/X                               6     13     -7 (VIOLATED)
fanout479/X                               6     13     -7 (VIOLATED)
fanout481/X                               6     13     -7 (VIOLATED)
fanout482/X                               6     13     -7 (VIOLATED)
fanout485/X                               6     13     -7 (VIOLATED)
fanout486/X                               6     13     -7 (VIOLATED)
fanout491/X                               6     13     -7 (VIOLATED)
fanout493/X                               6     13     -7 (VIOLATED)
fanout497/X                               6     13     -7 (VIOLATED)
fanout502/X                               6     13     -7 (VIOLATED)
fanout503/X                               6     13     -7 (VIOLATED)
fanout507/X                               6     13     -7 (VIOLATED)
fanout511/X                               6     13     -7 (VIOLATED)
fanout513/X                               6     13     -7 (VIOLATED)
fanout515/X                               6     13     -7 (VIOLATED)
fanout517/X                               6     13     -7 (VIOLATED)
fanout563/X                               6     13     -7 (VIOLATED)
fanout572/X                               6     13     -7 (VIOLATED)
fanout573/X                               6     13     -7 (VIOLATED)
fanout575/X                               6     13     -7 (VIOLATED)
fanout577/X                               6     13     -7 (VIOLATED)
fanout580/X                               6     13     -7 (VIOLATED)
fanout588/X                               6     13     -7 (VIOLATED)
fanout590/X                               6     13     -7 (VIOLATED)
fanout592/X                               6     13     -7 (VIOLATED)
fanout593/X                               6     13     -7 (VIOLATED)
fanout601/X                               6     13     -7 (VIOLATED)
fanout602/X                               6     13     -7 (VIOLATED)
fanout621/X                               6     13     -7 (VIOLATED)
fanout629/X                               6     13     -7 (VIOLATED)
fanout631/X                               6     13     -7 (VIOLATED)
fanout636/X                               6     13     -7 (VIOLATED)
fanout637/X                               6     13     -7 (VIOLATED)
fanout638/X                               6     13     -7 (VIOLATED)
fanout639/X                               6     13     -7 (VIOLATED)
fanout644/X                               6     13     -7 (VIOLATED)
fanout645/X                               6     13     -7 (VIOLATED)
fanout648/X                               6     13     -7 (VIOLATED)
fanout749/X                               6     13     -7 (VIOLATED)
fanout750/X                               6     13     -7 (VIOLATED)
fanout753/X                               6     13     -7 (VIOLATED)
fanout756/X                               6     13     -7 (VIOLATED)
fanout762/X                               6     13     -7 (VIOLATED)
fanout763/X                               6     13     -7 (VIOLATED)
fanout765/X                               6     13     -7 (VIOLATED)
fanout766/X                               6     13     -7 (VIOLATED)
fanout770/X                               6     13     -7 (VIOLATED)
fanout779/X                               6     13     -7 (VIOLATED)
fanout790/X                               6     13     -7 (VIOLATED)
fanout796/X                               6     13     -7 (VIOLATED)
fanout808/X                               6     13     -7 (VIOLATED)
fanout810/X                               6     13     -7 (VIOLATED)
fanout811/X                               6     13     -7 (VIOLATED)
fanout812/X                               6     13     -7 (VIOLATED)
fanout813/X                               6     13     -7 (VIOLATED)
fanout834/X                               6     13     -7 (VIOLATED)
fanout848/X                               6     13     -7 (VIOLATED)
fanout849/X                               6     13     -7 (VIOLATED)
fanout857/X                               6     13     -7 (VIOLATED)
fanout858/X                               6     13     -7 (VIOLATED)
hold1245/X                                6     13     -7 (VIOLATED)
hold1372/X                                6     13     -7 (VIOLATED)
hold1548/X                                6     13     -7 (VIOLATED)
tl_i[44]                                  6     12     -6 (VIOLATED)
clkbuf_leaf_23_clk_i/X                    6     12     -6 (VIOLATED)
clkbuf_leaf_31_clk_i/X                    6     12     -6 (VIOLATED)
clkbuf_leaf_40_clk_i/X                    6     12     -6 (VIOLATED)
clkbuf_leaf_44_clk_i/X                    6     12     -6 (VIOLATED)
clkbuf_leaf_47_clk_i/X                    6     12     -6 (VIOLATED)
clkbuf_leaf_63_clk_i/X                    6     12     -6 (VIOLATED)
clkbuf_leaf_78_clk_i/X                    6     12     -6 (VIOLATED)
clkbuf_leaf_7_clk_i/X                     6     12     -6 (VIOLATED)
fanout410/X                               6     12     -6 (VIOLATED)
_3585_/Y                                  6     11     -5 (VIOLATED)
clkbuf_leaf_0_clk_i/X                     6     11     -5 (VIOLATED)
clkbuf_leaf_22_clk_i/X                    6     11     -5 (VIOLATED)
clkbuf_leaf_43_clk_i/X                    6     11     -5 (VIOLATED)
clkbuf_leaf_45_clk_i/X                    6     11     -5 (VIOLATED)
clkbuf_leaf_60_clk_i/X                    6     11     -5 (VIOLATED)
clkbuf_leaf_62_clk_i/X                    6     11     -5 (VIOLATED)
clkbuf_leaf_64_clk_i/X                    6     11     -5 (VIOLATED)
clkbuf_leaf_67_clk_i/X                    6     11     -5 (VIOLATED)
clkbuf_leaf_74_clk_i/X                    6     11     -5 (VIOLATED)
clkbuf_leaf_77_clk_i/X                    6     11     -5 (VIOLATED)
clkbuf_leaf_81_clk_i/X                    6     11     -5 (VIOLATED)
fanout142/X                               6     11     -5 (VIOLATED)
fanout145/X                               6     11     -5 (VIOLATED)
fanout175/X                               6     11     -5 (VIOLATED)
fanout176/X                               6     11     -5 (VIOLATED)
fanout184/X                               6     11     -5 (VIOLATED)
fanout191/X                               6     11     -5 (VIOLATED)
fanout219/X                               6     11     -5 (VIOLATED)
fanout236/X                               6     11     -5 (VIOLATED)
fanout272/X                               6     11     -5 (VIOLATED)
fanout289/X                               6     11     -5 (VIOLATED)
fanout302/X                               6     11     -5 (VIOLATED)
fanout325/X                               6     11     -5 (VIOLATED)
fanout332/X                               6     11     -5 (VIOLATED)
fanout333/X                               6     11     -5 (VIOLATED)
fanout344/X                               6     11     -5 (VIOLATED)
fanout383/X                               6     11     -5 (VIOLATED)
fanout389/X                               6     11     -5 (VIOLATED)
fanout390/X                               6     11     -5 (VIOLATED)
fanout404/X                               6     11     -5 (VIOLATED)
fanout415/X                               6     11     -5 (VIOLATED)
fanout420/X                               6     11     -5 (VIOLATED)
fanout431/X                               6     11     -5 (VIOLATED)
fanout433/X                               6     11     -5 (VIOLATED)
fanout484/X                               6     11     -5 (VIOLATED)
fanout600/X                               6     11     -5 (VIOLATED)
fanout626/X                               6     11     -5 (VIOLATED)
fanout632/X                               6     11     -5 (VIOLATED)
fanout747/X                               6     11     -5 (VIOLATED)
fanout805/X                               6     11     -5 (VIOLATED)
fanout807/X                               6     11     -5 (VIOLATED)
fanout822/X                               6     11     -5 (VIOLATED)
fanout846/X                               6     11     -5 (VIOLATED)
hold1524/X                                6     11     -5 (VIOLATED)
hold1634/X                                6     11     -5 (VIOLATED)
clkbuf_leaf_14_clk_i/X                    6     10     -4 (VIOLATED)
clkbuf_leaf_24_clk_i/X                    6     10     -4 (VIOLATED)
clkbuf_leaf_3_clk_i/X                     6     10     -4 (VIOLATED)
clkbuf_leaf_4_clk_i/X                     6     10     -4 (VIOLATED)
clkbuf_leaf_50_clk_i/X                    6     10     -4 (VIOLATED)
clkbuf_leaf_59_clk_i/X                    6     10     -4 (VIOLATED)
clkbuf_leaf_66_clk_i/X                    6     10     -4 (VIOLATED)
clkbuf_leaf_68_clk_i/X                    6     10     -4 (VIOLATED)
clkbuf_leaf_71_clk_i/X                    6     10     -4 (VIOLATED)
clkbuf_leaf_75_clk_i/X                    6     10     -4 (VIOLATED)
fanout228/X                               6     10     -4 (VIOLATED)
fanout348/X                               6     10     -4 (VIOLATED)
fanout413/X                               6     10     -4 (VIOLATED)
fanout419/X                               6     10     -4 (VIOLATED)
fanout730/X                               6     10     -4 (VIOLATED)
fanout787/X                               6     10     -4 (VIOLATED)
hold1244/X                                6     10     -4 (VIOLATED)
hold1579/X                                6     10     -4 (VIOLATED)
_2655_/X                                  6      9     -3 (VIOLATED)
_2673_/Y                                  6      9     -3 (VIOLATED)
clkbuf_leaf_10_clk_i/X                    6      9     -3 (VIOLATED)
clkbuf_leaf_11_clk_i/X                    6      9     -3 (VIOLATED)
clkbuf_leaf_12_clk_i/X                    6      9     -3 (VIOLATED)
clkbuf_leaf_16_clk_i/X                    6      9     -3 (VIOLATED)
clkbuf_leaf_18_clk_i/X                    6      9     -3 (VIOLATED)
clkbuf_leaf_1_clk_i/X                     6      9     -3 (VIOLATED)
clkbuf_leaf_28_clk_i/X                    6      9     -3 (VIOLATED)
clkbuf_leaf_39_clk_i/X                    6      9     -3 (VIOLATED)
clkbuf_leaf_42_clk_i/X                    6      9     -3 (VIOLATED)
clkbuf_leaf_48_clk_i/X                    6      9     -3 (VIOLATED)
clkbuf_leaf_53_clk_i/X                    6      9     -3 (VIOLATED)
clkbuf_leaf_5_clk_i/X                     6      9     -3 (VIOLATED)
clkbuf_leaf_61_clk_i/X                    6      9     -3 (VIOLATED)
clkbuf_leaf_8_clk_i/X                     6      9     -3 (VIOLATED)
clkbuf_leaf_9_clk_i/X                     6      9     -3 (VIOLATED)
fanout123/X                               6      9     -3 (VIOLATED)
fanout129/X                               6      9     -3 (VIOLATED)
fanout130/X                               6      9     -3 (VIOLATED)
fanout132/X                               6      9     -3 (VIOLATED)
fanout152/X                               6      9     -3 (VIOLATED)
fanout158/X                               6      9     -3 (VIOLATED)
fanout166/X                               6      9     -3 (VIOLATED)
fanout177/X                               6      9     -3 (VIOLATED)
fanout195/X                               6      9     -3 (VIOLATED)
fanout199/X                               6      9     -3 (VIOLATED)
fanout203/X                               6      9     -3 (VIOLATED)
fanout205/X                               6      9     -3 (VIOLATED)
fanout212/X                               6      9     -3 (VIOLATED)
fanout215/X                               6      9     -3 (VIOLATED)
fanout235/X                               6      9     -3 (VIOLATED)
fanout239/X                               6      9     -3 (VIOLATED)
fanout241/X                               6      9     -3 (VIOLATED)
fanout243/X                               6      9     -3 (VIOLATED)
fanout247/X                               6      9     -3 (VIOLATED)
fanout249/X                               6      9     -3 (VIOLATED)
fanout251/X                               6      9     -3 (VIOLATED)
fanout254/X                               6      9     -3 (VIOLATED)
fanout263/X                               6      9     -3 (VIOLATED)
fanout279/X                               6      9     -3 (VIOLATED)
fanout285/X                               6      9     -3 (VIOLATED)
fanout286/X                               6      9     -3 (VIOLATED)
fanout311/X                               6      9     -3 (VIOLATED)
fanout321/X                               6      9     -3 (VIOLATED)
fanout351/X                               6      9     -3 (VIOLATED)
fanout356/X                               6      9     -3 (VIOLATED)
fanout363/X                               6      9     -3 (VIOLATED)
fanout368/X                               6      9     -3 (VIOLATED)
fanout380/X                               6      9     -3 (VIOLATED)
fanout395/X                               6      9     -3 (VIOLATED)
fanout396/X                               6      9     -3 (VIOLATED)
fanout406/X                               6      9     -3 (VIOLATED)
fanout422/X                               6      9     -3 (VIOLATED)
fanout436/X                               6      9     -3 (VIOLATED)
fanout452/X                               6      9     -3 (VIOLATED)
fanout462/X                               6      9     -3 (VIOLATED)
fanout469/X                               6      9     -3 (VIOLATED)
fanout483/X                               6      9     -3 (VIOLATED)
fanout501/X                               6      9     -3 (VIOLATED)
fanout512/X                               6      9     -3 (VIOLATED)
fanout514/X                               6      9     -3 (VIOLATED)
fanout549/X                               6      9     -3 (VIOLATED)
fanout557/X                               6      9     -3 (VIOLATED)
fanout574/X                               6      9     -3 (VIOLATED)
fanout581/X                               6      9     -3 (VIOLATED)
fanout608/X                               6      9     -3 (VIOLATED)
fanout633/X                               6      9     -3 (VIOLATED)
fanout752/X                               6      9     -3 (VIOLATED)
fanout801/X                               6      9     -3 (VIOLATED)
fanout826/X                               6      9     -3 (VIOLATED)
fanout835/X                               6      9     -3 (VIOLATED)
fanout850/X                               6      9     -3 (VIOLATED)
hold3822/X                                6      9     -3 (VIOLATED)
hold3825/X                                6      9     -3 (VIOLATED)
hold3837/X                                6      9     -3 (VIOLATED)
hold3859/X                                6      9     -3 (VIOLATED)
hold3862/X                                6      9     -3 (VIOLATED)
hold3897/X                                6      9     -3 (VIOLATED)
_2648_/Y                                  6      8     -2 (VIOLATED)
clkbuf_leaf_13_clk_i/X                    6      8     -2 (VIOLATED)
clkbuf_leaf_15_clk_i/X                    6      8     -2 (VIOLATED)
clkbuf_leaf_19_clk_i/X                    6      8     -2 (VIOLATED)
clkbuf_leaf_27_clk_i/X                    6      8     -2 (VIOLATED)
clkbuf_leaf_49_clk_i/X                    6      8     -2 (VIOLATED)
clkbuf_leaf_56_clk_i/X                    6      8     -2 (VIOLATED)
clkbuf_leaf_57_clk_i/X                    6      8     -2 (VIOLATED)
clkbuf_leaf_65_clk_i/X                    6      8     -2 (VIOLATED)
clkbuf_leaf_76_clk_i/X                    6      8     -2 (VIOLATED)
clkbuf_leaf_82_clk_i/X                    6      8     -2 (VIOLATED)
fanout154/X                               6      8     -2 (VIOLATED)
fanout372/X                               6      8     -2 (VIOLATED)
fanout385/X                               6      8     -2 (VIOLATED)
fanout435/X                               6      8     -2 (VIOLATED)
fanout516/X                               6      8     -2 (VIOLATED)
fanout764/X                               6      8     -2 (VIOLATED)
hold1716/X                                6      8     -2 (VIOLATED)
input25/X                                 6      8     -2 (VIOLATED)
_2658_/Y                                  6      7        (VIOLATED)
_4378_/Q                                  6      7        (VIOLATED)
_4389_/Q                                  6      7        (VIOLATED)
_4390_/Q                                  6      7        (VIOLATED)
_4393_/Q                                  6      7        (VIOLATED)
clkbuf_leaf_20_clk_i/X                    6      7        (VIOLATED)
clkbuf_leaf_29_clk_i/X                    6      7        (VIOLATED)
clkbuf_leaf_30_clk_i/X                    6      7        (VIOLATED)
clkbuf_leaf_32_clk_i/X                    6      7        (VIOLATED)
clkbuf_leaf_34_clk_i/X                    6      7        (VIOLATED)
clkbuf_leaf_36_clk_i/X                    6      7        (VIOLATED)
clkbuf_leaf_54_clk_i/X                    6      7        (VIOLATED)
clkbuf_leaf_69_clk_i/X                    6      7        (VIOLATED)
clkbuf_leaf_70_clk_i/X                    6      7        (VIOLATED)
clkbuf_leaf_73_clk_i/X                    6      7        (VIOLATED)
fanout134/X                               6      7        (VIOLATED)
fanout150/X                               6      7        (VIOLATED)
fanout162/X                               6      7        (VIOLATED)
fanout170/X                               6      7        (VIOLATED)
fanout181/X                               6      7        (VIOLATED)
fanout188/X                               6      7        (VIOLATED)
fanout207/X                               6      7        (VIOLATED)
fanout223/X                               6      7        (VIOLATED)
fanout232/X                               6      7        (VIOLATED)
fanout278/X                               6      7        (VIOLATED)
fanout303/X                               6      7        (VIOLATED)
fanout313/X                               6      7        (VIOLATED)
fanout322/X                               6      7        (VIOLATED)
fanout323/X                               6      7        (VIOLATED)
fanout345/X                               6      7        (VIOLATED)
fanout358/X                               6      7        (VIOLATED)
fanout442/X                               6      7        (VIOLATED)
fanout443/X                               6      7        (VIOLATED)
fanout455/X                               6      7        (VIOLATED)
fanout457/X                               6      7        (VIOLATED)
fanout459/X                               6      7        (VIOLATED)
fanout464/X                               6      7        (VIOLATED)
fanout465/X                               6      7        (VIOLATED)
fanout468/X                               6      7        (VIOLATED)
fanout487/X                               6      7        (VIOLATED)
fanout496/X                               6      7        (VIOLATED)
fanout504/X                               6      7        (VIOLATED)
fanout595/X                               6      7        (VIOLATED)
fanout596/X                               6      7        (VIOLATED)
fanout605/X                               6      7        (VIOLATED)
fanout647/X                               6      7        (VIOLATED)
fanout754/X                               6      7        (VIOLATED)
fanout757/X                               6      7        (VIOLATED)
fanout789/X                               6      7        (VIOLATED)
fanout818/X                               6      7        (VIOLATED)
fanout847/X                               6      7        (VIOLATED)
fanout856/X                               6      7        (VIOLATED)
fanout861/X                               6      7        (VIOLATED)
fanout862/X                               6      7        (VIOLATED)
hold1345/X                                6      7        (VIOLATED)
hold1444/X                                6      7        (VIOLATED)
hold1445/X                                6      7        (VIOLATED)
hold1554/X                                6      7        (VIOLATED)
hold1580/X                                6      7        (VIOLATED)
hold1652/X                                6      7        (VIOLATED)
hold3768/X                                6      7        (VIOLATED)
input30/X                                 6      7        (VIOLATED)
input32/X                                 6      7        (VIOLATED)
input40/X                                 6      7        (VIOLATED)
input9/X                                  6      7        (VIOLATED)

max capacitance

Pin                                        Limit         Cap       Slack
------------------------------------------------------------------------
clkbuf_0_clk_i/X                        0.200000    0.291503   -0.091503 (VIOLATED)
fanout589/X                             0.200000    0.258398   -0.058398 (VIOLATED)
clkbuf_3_0__f_clk_i/X                   0.200000    0.208419   -0.008419 (VIOLATED)
fanout151/X                             0.200000    0.202715   -0.002715 (VIOLATED)



===========================================================================
report_parasitic_annotation -report_unannotated
============================================================================
Found 146 unannotated drivers.
 tl_i[0]
 tl_i[103]
 tl_i[104]
 tl_i[105]
 tl_i[106]
 tl_i[10]
 tl_i[11]
 tl_i[12]
 tl_i[13]
 tl_i[14]
 tl_i[15]
 tl_i[16]
 tl_i[17]
 tl_i[18]
 tl_i[19]
 tl_i[1]
 tl_i[20]
 tl_i[21]
 tl_i[22]
 tl_i[23]
 tl_i[24]
 tl_i[2]
 tl_i[3]
 tl_i[4]
 tl_i[57]
 tl_i[58]
 tl_i[59]
 tl_i[5]
 tl_i[60]
 tl_i[69]
 tl_i[6]
 tl_i[70]
 tl_i[71]
 tl_i[72]
 tl_i[73]
 tl_i[74]
 tl_i[75]
 tl_i[76]
 tl_i[77]
 tl_i[78]
 tl_i[79]
 tl_i[7]
 tl_i[80]
 tl_i[81]
 tl_i[82]
 tl_i[83]
 tl_i[84]
 tl_i[85]
 tl_i[86]
 tl_i[87]
 tl_i[88]
 tl_i[89]
 tl_i[8]
 tl_i[90]
 tl_i[91]
 tl_i[92]
 tl_i[9]
 clkload0/Y
 clkload1/Y
 clkload10/Y
 clkload11/Y
 clkload12/Y
 clkload13/X
 clkload14/Y
 clkload15/Y
 clkload16/Y
 clkload17/Y
 clkload18/Y
 clkload19/Y
 clkload2/Y
 clkload20/Y
 clkload21/Y
 clkload22/Y
 clkload23/Y
 clkload24/Y
 clkload25/Y
 clkload26/Y
 clkload27/Y
 clkload28/X
 clkload29/Y
 clkload3/Y
 clkload30/Y
 clkload31/Y
 clkload32/Y
 clkload33/Y
 clkload34/X
 clkload35/Y
 clkload36/X
 clkload37/X
 clkload38/X
 clkload39/X
 clkload4/Y
 clkload40/Y
 clkload41/Y
 clkload42/X
 clkload43/Y
 clkload44/Y
 clkload45/Y
 clkload46/X
 clkload47/Y
 clkload48/X
 clkload49/X
 clkload5/Y
 clkload50/Y
 clkload51/Y
 clkload52/X
 clkload53/Y
 clkload54/Y
 clkload55/Y
 clkload56/Y
 clkload57/Y
 clkload58/Y
 clkload59/Y
 clkload6/Y
 clkload60/Y
 clkload61/Y
 clkload62/Y
 clkload63/Y
 clkload64/Y
 clkload65/Y
 clkload66/Y
 clkload67/X
 clkload68/Y
 clkload69/Y
 clkload7/Y
 clkload70/X
 clkload71/X
 clkload72/X
 clkload73/Y
 clkload74/Y
 clkload75/Y
 clkload76/X
 clkload77/Y
 clkload78/Y
 clkload79/Y
 clkload8/Y
 clkload80/Y
 clkload9/X
 spi_host_lite_863/HI
 spi_host_lite_864/HI
 spi_host_lite_865/HI
 spi_host_lite_866/HI
 spi_host_lite_867/HI
 spi_host_lite_868/HI
 spi_host_lite_869/HI
 spi_host_lite_870/LO
Found 0 partially unannotated drivers.

===========================================================================
max slew violation count 44
max fanout violation count 485
max cap violation count 4
============================================================================

===========================================================================
check_setup -verbose -unconstrained_endpoints -multiple_clock -no_clock -no_input_delay -loops -generated_clocks
===========================================================================
Warning: There are 8 unconstrained endpoints.
  tl_o[0]
  tl_o[15]
  tl_o[48]
  tl_o[59]
  tl_o[60]
  tl_o[61]
  tl_o[63]
  tl_o[64]
