Clock: clk_i
Sources: clk_i 
Generated: no
Virtual: yes
Propagated: no
Period: 25.000000

===========================================================================
report_clock_properties
============================================================================
Clock                   Period          Waveform
----------------------------------------------------
clk_i                25.000000    0.000000 12.500000

===========================================================================
report_clock_latency
============================================================================
Clock clk_i
rise -> rise
    min     max
0.000000 0.000000 source latency
0.618252         network latency _4278_/CLK
        0.792631 network latency _4270_/CLK
---------------
0.618252 0.792631 latency
        0.174380 skew

fall -> fall
    min     max
0.000000 0.000000 source latency
0.486883         network latency _4278_/CLK
        0.647940 network latency _4270_/CLK
---------------
0.486883 0.647940 latency
        0.161057 skew



===========================================================================
report_clock_min_period
============================================================================
clk_i period_min = 9.51 fmax = 105.17
