
===========================================================================
report_checks -unconstrained
===========================================================================
======================= max_ff_n40C_1v95 Corner ===================================

Startpoint: rst_ni (input port clocked by clk_i)
Endpoint: _2997_ (recovery check against rising-edge clock clk_i)
Path Group: asynchronous
Path Type: max

Fanout         Cap        Slew       Delay        Time   Description
---------------------------------------------------------------------------------------------
                                  0.000000    0.000000   clock clk_i (rise edge)
                                  0.000000    0.000000   clock network delay (propagated)
                                 10.000000   10.000000 ^ input external delay
     1    0.003263    0.015576    0.008496   10.008496 ^ rst_ni (in)
                                                         rst_ni (net)
                      0.015578    0.000000   10.008496 ^ input33/A (sky130_fd_sc_hd__buf_1)
     3    0.021435    0.190148    0.155683   10.164179 ^ input33/X (sky130_fd_sc_hd__buf_1)
                                                         net33 (net)
                      0.190167    0.001604   10.165783 ^ fanout484/A (sky130_fd_sc_hd__dlymetal6s2s_1)
     3    0.034749    0.269090    0.242213   10.407996 ^ fanout484/X (sky130_fd_sc_hd__dlymetal6s2s_1)
                                                         net484 (net)
                      0.269184    0.004120   10.412117 ^ fanout483/A (sky130_fd_sc_hd__clkbuf_2)
     3    0.034010    0.145054    0.179710   10.591826 ^ fanout483/X (sky130_fd_sc_hd__clkbuf_2)
                                                         net483 (net)
                      0.145066    0.001079   10.592905 ^ fanout480/A (sky130_fd_sc_hd__clkbuf_2)
     3    0.038234    0.161360    0.178987   10.771893 ^ fanout480/X (sky130_fd_sc_hd__clkbuf_2)
                                                         net480 (net)
                      0.161388    0.001771   10.773664 ^ fanout478/A (sky130_fd_sc_hd__clkbuf_2)
     4    0.042644    0.179329    0.192231   10.965895 ^ fanout478/X (sky130_fd_sc_hd__clkbuf_2)
                                                         net478 (net)
                      0.179462    0.004014   10.969908 ^ fanout475/A (sky130_fd_sc_hd__clkbuf_2)
     6    0.034979    0.148535    0.173312   11.143220 ^ fanout475/X (sky130_fd_sc_hd__clkbuf_2)
                                                         net475 (net)
                      0.148699    0.004028   11.147248 ^ fanout474/A (sky130_fd_sc_hd__clkbuf_2)
     6    0.033501    0.142363    0.167180   11.314428 ^ fanout474/X (sky130_fd_sc_hd__clkbuf_2)
                                                         net474 (net)
                      0.142379    0.001253   11.315681 ^ _2997_/RESET_B (sky130_fd_sc_hd__dfrtp_4)
                                             11.315681   data arrival time

                                 50.000000   50.000000   clock clk_i (rise edge)
                                  0.000000   50.000000   clock source latency
     1    0.035587    0.123653    0.088043   50.088043 ^ clk_i (in)
                                                         clk_i (net)
                      0.124192    0.000000   50.088043 ^ clkbuf_0_clk_i/A (sky130_fd_sc_hd__clkbuf_16)
     4    0.090680    0.082736    0.147146   50.235188 ^ clkbuf_0_clk_i/X (sky130_fd_sc_hd__clkbuf_16)
                                                         clknet_0_clk_i (net)
                      0.083346    0.005670   50.240860 ^ clkbuf_2_3__f_clk_i/A (sky130_fd_sc_hd__clkbuf_16)
    11    0.122267    0.105853    0.152689   50.393547 ^ clkbuf_2_3__f_clk_i/X (sky130_fd_sc_hd__clkbuf_16)
                                                         clknet_2_3__leaf_clk_i (net)
                      0.106833    0.008178   50.401726 ^ clkbuf_leaf_12_clk_i/A (sky130_fd_sc_hd__clkbuf_8)
     7    0.024585    0.043420    0.113207   50.514931 ^ clkbuf_leaf_12_clk_i/X (sky130_fd_sc_hd__clkbuf_8)
                                                         clknet_leaf_12_clk_i (net)
                      0.043453    0.001048   50.515980 ^ _2997_/CLK (sky130_fd_sc_hd__dfrtp_4)
                                 -0.250000   50.265980   clock uncertainty
                                  0.000000   50.265980   clock reconvergence pessimism
                                  0.097962   50.363941   library recovery time
                                             50.363941   data required time
---------------------------------------------------------------------------------------------
                                             50.363941   data required time
                                            -11.315681   data arrival time
---------------------------------------------------------------------------------------------
                                             39.048260   slack (MET)


Startpoint: intr_src_i[0] (input port clocked by clk_i)
Endpoint: irq_o (output port clocked by clk_i)
Path Group: clk_i
Path Type: max

Fanout         Cap        Slew       Delay        Time   Description
---------------------------------------------------------------------------------------------
                                  0.000000    0.000000   clock clk_i (rise edge)
                                  0.000000    0.000000   clock network delay (propagated)
                                 10.000000   10.000000 ^ input external delay
     1    0.005859    0.024532    0.015136   10.015137 ^ intr_src_i[0] (in)
                                                         intr_src_i[0] (net)
                      0.024537    0.000000   10.015137 ^ input1/A (sky130_fd_sc_hd__buf_6)
     2    0.020537    0.038683    0.068523   10.083659 ^ input1/X (sky130_fd_sc_hd__buf_6)
                                                         net1 (net)
                      0.038901    0.002306   10.085965 ^ _1568_/B (sky130_fd_sc_hd__nand3b_4)
     1    0.008827    0.045248    0.045316   10.131281 v _1568_/Y (sky130_fd_sc_hd__nand3b_4)
                                                         _1057_ (net)
                      0.045250    0.000671   10.131951 v _1569_/B1 (sky130_fd_sc_hd__a21oi_4)
     2    0.008689    0.087927    0.059727   10.191679 ^ _1569_/Y (sky130_fd_sc_hd__a21oi_4)
                                                         _1058_ (net)
                      0.087927    0.000369   10.192048 ^ fanout233/A (sky130_fd_sc_hd__buf_6)
     6    0.036427    0.060725    0.097856   10.289905 ^ fanout233/X (sky130_fd_sc_hd__buf_6)
                                                         net233 (net)
                      0.060811    0.001505   10.291409 ^ _1577_/B (sky130_fd_sc_hd__nand3_4)
     6    0.032508    0.104724    0.078598   10.370008 v _1577_/Y (sky130_fd_sc_hd__nand3_4)
                                                         _1066_ (net)
                      0.104780    0.001910   10.371918 v _1607_/A2 (sky130_fd_sc_hd__o21a_1)
     3    0.023546    0.088174    0.190644   10.562562 v _1607_/X (sky130_fd_sc_hd__o21a_1)
                                                         _1096_ (net)
                      0.088194    0.001271   10.563833 v _1610_/A2 (sky130_fd_sc_hd__a21o_1)
     1    0.010366    0.045867    0.154477   10.718310 v _1610_/X (sky130_fd_sc_hd__a21o_1)
                                                         _1099_ (net)
                      0.045883    0.000800   10.719110 v _1622_/B2 (sky130_fd_sc_hd__a2bb2oi_4)
     3    0.021361    0.130767    0.138821   10.857931 ^ _1622_/Y (sky130_fd_sc_hd__a2bb2oi_4)
                                                         _1111_ (net)
                      0.130837    0.001426   10.859356 ^ _1627_/B2 (sky130_fd_sc_hd__a22oi_4)
     4    0.027649    0.064871    0.063602   10.922958 v _1627_/Y (sky130_fd_sc_hd__a22oi_4)
                                                         _1116_ (net)
                      0.065060    0.002657   10.925615 v _1632_/B2 (sky130_fd_sc_hd__o22ai_4)
     4    0.031202    0.192797    0.163034   11.088650 ^ _1632_/Y (sky130_fd_sc_hd__o22ai_4)
                                                         _1121_ (net)
                      0.192846    0.002344   11.090993 ^ _1642_/A2 (sky130_fd_sc_hd__o21ai_4)
     3    0.019103    0.056864    0.051750   11.142743 v _1642_/Y (sky130_fd_sc_hd__o21ai_4)
                                                         _1131_ (net)
                      0.056878    0.000695   11.143438 v _1649_/B1 (sky130_fd_sc_hd__o22ai_4)
     2    0.019698    0.144846    0.137093   11.280532 ^ _1649_/Y (sky130_fd_sc_hd__o22ai_4)
                                                         _1138_ (net)
                      0.144849    0.001209   11.281740 ^ _1650_/B1 (sky130_fd_sc_hd__a22oi_4)
     4    0.024234    0.065747    0.059527   11.341268 v _1650_/Y (sky130_fd_sc_hd__a22oi_4)
                                                         _1139_ (net)
                      0.065828    0.001609   11.342877 v _1659_/A1 (sky130_fd_sc_hd__o211ai_2)
     2    0.009969    0.134467    0.153851   11.496728 ^ _1659_/Y (sky130_fd_sc_hd__o211ai_2)
                                                         _1148_ (net)
                      0.134468    0.000618   11.497347 ^ _1660_/B1 (sky130_fd_sc_hd__a22oi_2)
     2    0.013518    0.063703    0.060771   11.558118 v _1660_/Y (sky130_fd_sc_hd__a22oi_2)
                                                         _1149_ (net)
                      0.063706    0.000808   11.558926 v fanout196/A (sky130_fd_sc_hd__buf_6)
     6    0.029333    0.029696    0.101526   11.660452 v fanout196/X (sky130_fd_sc_hd__buf_6)
                                                         net196 (net)
                      0.029805    0.001458   11.661910 v _1683_/B1 (sky130_fd_sc_hd__o22ai_4)
     3    0.029236    0.184440    0.160688   11.822598 ^ _1683_/Y (sky130_fd_sc_hd__o22ai_4)
                                                         _1172_ (net)
                      0.184491    0.002350   11.824948 ^ _1687_/A1 (sky130_fd_sc_hd__a21oi_4)
     4    0.028037    0.074042    0.068511   11.893459 v _1687_/Y (sky130_fd_sc_hd__a21oi_4)
                                                         _1176_ (net)
                      0.074128    0.001974   11.895432 v _1690_/B2 (sky130_fd_sc_hd__o22ai_4)
     3    0.016487    0.131378    0.116456   12.011889 ^ _1690_/Y (sky130_fd_sc_hd__o22ai_4)
                                                         _1179_ (net)
                      0.131381    0.001024   12.012913 ^ _1695_/A2_N (sky130_fd_sc_hd__o2bb2ai_4)
     6    0.042085    0.219600    0.136946   12.149859 ^ _1695_/Y (sky130_fd_sc_hd__o2bb2ai_4)
                                                         _1184_ (net)
                      0.219666    0.003047   12.152906 ^ _1711_/A1 (sky130_fd_sc_hd__o21ai_4)
     5    0.024973    0.070691    0.070013   12.222919 v _1711_/Y (sky130_fd_sc_hd__o21ai_4)
                                                         _1200_ (net)
                      0.070750    0.001587   12.224507 v _1713_/B1 (sky130_fd_sc_hd__o22ai_4)
     5    0.030893    0.191519    0.180451   12.404959 ^ _1713_/Y (sky130_fd_sc_hd__o22ai_4)
                                                         _1202_ (net)
                      0.191542    0.001621   12.406579 ^ _1714_/B1 (sky130_fd_sc_hd__a22oi_4)
     5    0.033370    0.085373    0.075096   12.481675 v _1714_/Y (sky130_fd_sc_hd__a22oi_4)
                                                         _1203_ (net)
                      0.085513    0.002819   12.484494 v _1723_/A2 (sky130_fd_sc_hd__o211ai_2)
     1    0.005094    0.100552    0.119246   12.603741 ^ _1723_/Y (sky130_fd_sc_hd__o211ai_2)
                                                         _1212_ (net)
                      0.100553    0.000378   12.604119 ^ _1738_/B1 (sky130_fd_sc_hd__a22oi_2)
     2    0.013236    0.055851    0.056196   12.660315 v _1738_/Y (sky130_fd_sc_hd__a22oi_2)
                                                         _1227_ (net)
                      0.055854    0.000774   12.661090 v fanout195/A (sky130_fd_sc_hd__buf_6)
     6    0.038001    0.034348    0.102372   12.763462 v fanout195/X (sky130_fd_sc_hd__buf_6)
                                                         net195 (net)
                      0.034538    0.001863   12.765326 v _1742_/A1 (sky130_fd_sc_hd__o21ai_4)
     5    0.033272    0.200321    0.188325   12.953650 ^ _1742_/Y (sky130_fd_sc_hd__o21ai_4)
                                                         _1231_ (net)
                      0.200347    0.001811   12.955462 ^ _1756_/A2 (sky130_fd_sc_hd__a21oi_4)
     3    0.015777    0.056328    0.054271   13.009732 v _1756_/Y (sky130_fd_sc_hd__a21oi_4)
                                                         _1245_ (net)
                      0.056330    0.000769   13.010502 v rebuffer13/A (sky130_fd_sc_hd__buf_2)
     2    0.010341    0.028614    0.095436   13.105937 v rebuffer13/X (sky130_fd_sc_hd__buf_2)
                                                         net689 (net)
                      0.028633    0.000669   13.106606 v _1771_/B2 (sky130_fd_sc_hd__o221ai_2)
     1    0.011167    0.150971    0.124871   13.231477 ^ _1771_/Y (sky130_fd_sc_hd__o221ai_2)
                                                         _1260_ (net)
                      0.150972    0.000893   13.232369 ^ _1775_/C (sky130_fd_sc_hd__nand3_4)
     2    0.019284    0.068801    0.067632   13.300001 v _1775_/Y (sky130_fd_sc_hd__nand3_4)
                                                         _1264_ (net)
                      0.068813    0.001374   13.301375 v _1782_/A2 (sky130_fd_sc_hd__o21ai_4)
     5    0.043971    0.249723    0.219885   13.521261 ^ _1782_/Y (sky130_fd_sc_hd__o21ai_4)
                                                         _1271_ (net)
                      0.249895    0.005173   13.526434 ^ _1807_/A1 (sky130_fd_sc_hd__a31oi_4)
     1    0.009917    0.081079    0.073865   13.600299 v _1807_/Y (sky130_fd_sc_hd__a31oi_4)
                                                         _1296_ (net)
                      0.081079    0.000503   13.600801 v _1808_/A1_N (sky130_fd_sc_hd__o2bb2ai_4)
     4    0.024028    0.063603    0.114294   13.715096 v _1808_/Y (sky130_fd_sc_hd__o2bb2ai_4)
                                                         _1297_ (net)
                      0.063696    0.001860   13.716956 v _1809_/B1 (sky130_fd_sc_hd__a21oi_2)
     2    0.010270    0.112343    0.087288   13.804244 ^ _1809_/Y (sky130_fd_sc_hd__a21oi_2)
                                                         _1298_ (net)
                      0.112346    0.000750   13.804994 ^ fanout188/A (sky130_fd_sc_hd__buf_6)
     6    0.044167    0.072102    0.108564   13.913558 ^ fanout188/X (sky130_fd_sc_hd__buf_6)
                                                         net188 (net)
                      0.072314    0.003145   13.916703 ^ _1824_/A2 (sky130_fd_sc_hd__o21ai_4)
     2    0.013535    0.049867    0.041521   13.958223 v _1824_/Y (sky130_fd_sc_hd__o21ai_4)
                                                         _1313_ (net)
                      0.049871    0.000867   13.959090 v _1834_/A1 (sky130_fd_sc_hd__a31oi_4)
     4    0.025752    0.191785    0.165588   14.124679 ^ _1834_/Y (sky130_fd_sc_hd__a31oi_4)
                                                         _1323_ (net)
                      0.191893    0.002273   14.126951 ^ _1858_/A2 (sky130_fd_sc_hd__a21oi_1)
     1    0.009560    0.073214    0.084397   14.211349 v _1858_/Y (sky130_fd_sc_hd__a21oi_1)
                                                         _1347_ (net)
                      0.073227    0.000789   14.212137 v _1870_/A2 (sky130_fd_sc_hd__o32ai_4)
     4    0.029892    0.283757    0.282457   14.494595 ^ _1870_/Y (sky130_fd_sc_hd__o32ai_4)
                                                         _1359_ (net)
                      0.283852    0.001936   14.496531 ^ _1876_/A1 (sky130_fd_sc_hd__o21bai_4)
     1    0.009318    0.060120    0.051142   14.547673 v _1876_/Y (sky130_fd_sc_hd__o21bai_4)
                                                         _1365_ (net)
                      0.060122    0.000709   14.548382 v _1877_/B1 (sky130_fd_sc_hd__o2bb2ai_4)
     6    0.042166    0.220051    0.213261   14.761643 ^ _1877_/Y (sky130_fd_sc_hd__o2bb2ai_4)
                                                         _1366_ (net)
                      0.220106    0.002768   14.764411 ^ _1892_/A2 (sky130_fd_sc_hd__o21ai_4)
     4    0.019392    0.060943    0.051891   14.816302 v _1892_/Y (sky130_fd_sc_hd__o21ai_4)
                                                         _1381_ (net)
                      0.060975    0.001083   14.817385 v _1893_/B1 (sky130_fd_sc_hd__o22ai_4)
     2    0.011417    0.110438    0.110109   14.927494 ^ _1893_/Y (sky130_fd_sc_hd__o22ai_4)
                                                         _1382_ (net)
                      0.110439    0.000686   14.928180 ^ fanout186/A (sky130_fd_sc_hd__buf_6)
     6    0.038758    0.064440    0.102332   15.030513 ^ fanout186/X (sky130_fd_sc_hd__buf_6)
                                                         net186 (net)
                      0.064753    0.003595   15.034108 ^ _1896_/B (sky130_fd_sc_hd__nand2_1)
     2    0.008427    0.076671    0.053289   15.087397 v _1896_/Y (sky130_fd_sc_hd__nand2_1)
                                                         _1385_ (net)
                      0.076672    0.000275   15.087672 v _1911_/A1 (sky130_fd_sc_hd__a31o_2)
     3    0.023283    0.060785    0.177787   15.265459 v _1911_/X (sky130_fd_sc_hd__a31o_2)
                                                         _1400_ (net)
                      0.060811    0.001165   15.266623 v _1925_/A1 (sky130_fd_sc_hd__o211ai_4)
     4    0.026885    0.200374    0.202945   15.469569 ^ _1925_/Y (sky130_fd_sc_hd__o211ai_4)
                                                         _1414_ (net)
                      0.200381    0.002132   15.471701 ^ _1927_/B1 (sky130_fd_sc_hd__o21ai_4)
     2    0.009330    0.046996    0.026585   15.498285 v _1927_/Y (sky130_fd_sc_hd__o21ai_4)
                                                         _1416_ (net)
                      0.047010    0.000602   15.498888 v fanout185/A (sky130_fd_sc_hd__buf_6)
     6    0.046648    0.039252    0.102720   15.601607 v fanout185/X (sky130_fd_sc_hd__buf_6)
                                                         net185 (net)
                      0.039472    0.002215   15.603823 v _1949_/A1 (sky130_fd_sc_hd__a31o_1)
     2    0.007663    0.042371    0.126519   15.730342 v _1949_/X (sky130_fd_sc_hd__a31o_1)
                                                         _0169_ (net)
                      0.042376    0.000481   15.730824 v _1965_/A2 (sky130_fd_sc_hd__o21ai_1)
     2    0.010825    0.166963    0.152086   15.882910 ^ _1965_/Y (sky130_fd_sc_hd__o21ai_1)
                                                         _0185_ (net)
                      0.166968    0.000734   15.883643 ^ _1966_/B2 (sky130_fd_sc_hd__o22a_2)
     3    0.028171    0.109299    0.139019   16.022663 ^ _1966_/X (sky130_fd_sc_hd__o22a_2)
                                                         _0186_ (net)
                      0.109379    0.001817   16.024481 ^ _1968_/B1 (sky130_fd_sc_hd__o21ai_4)
     4    0.018496    0.059127    0.042968   16.067448 v _1968_/Y (sky130_fd_sc_hd__o21ai_4)
                                                         _0188_ (net)
                      0.059194    0.001689   16.069138 v _1993_/A1 (sky130_fd_sc_hd__a31oi_2)
     1    0.009531    0.144097    0.127974   16.197111 ^ _1993_/Y (sky130_fd_sc_hd__a31oi_2)
                                                         _0213_ (net)
                      0.144098    0.000728   16.197840 ^ _1994_/A2_N (sky130_fd_sc_hd__o2bb2ai_4)
     3    0.021776    0.136334    0.104292   16.302132 ^ _1994_/Y (sky130_fd_sc_hd__o2bb2ai_4)
                                                         _0214_ (net)
                      0.136340    0.001032   16.303164 ^ _1995_/B1 (sky130_fd_sc_hd__a21oi_2)
     2    0.010368    0.046532    0.034932   16.338097 v _1995_/Y (sky130_fd_sc_hd__a21oi_2)
                                                         _0215_ (net)
                      0.046534    0.000600   16.338696 v fanout183/A (sky130_fd_sc_hd__buf_6)
     6    0.040905    0.035939    0.099913   16.438610 v fanout183/X (sky130_fd_sc_hd__buf_6)
                                                         net183 (net)
                      0.036124    0.001906   16.440516 v _2011_/A2 (sky130_fd_sc_hd__o31ai_4)
     4    0.020371    0.229612    0.226708   16.667223 ^ _2011_/Y (sky130_fd_sc_hd__o31ai_4)
                                                         _0231_ (net)
                      0.229613    0.001217   16.668440 ^ _2015_/A (sky130_fd_sc_hd__nand3_4)
     2    0.012403    0.072949    0.059536   16.727976 v _2015_/Y (sky130_fd_sc_hd__nand3_4)
                                                         _0235_ (net)
                      0.072972    0.000961   16.728937 v _2030_/B1 (sky130_fd_sc_hd__a22oi_4)
     6    0.031328    0.158066    0.130054   16.858992 ^ _2030_/Y (sky130_fd_sc_hd__a22oi_4)
                                                         _0250_ (net)
                      0.158212    0.003684   16.862675 ^ _2037_/B1 (sky130_fd_sc_hd__o22ai_4)
     3    0.028386    0.071272    0.070147   16.932821 v _2037_/Y (sky130_fd_sc_hd__o22ai_4)
                                                         _0257_ (net)
                      0.071390    0.002235   16.935057 v _2042_/A1 (sky130_fd_sc_hd__a21oi_4)
     4    0.035294    0.207799    0.198193   17.133249 ^ _2042_/Y (sky130_fd_sc_hd__a21oi_4)
                                                         _0262_ (net)
                      0.207817    0.001515   17.134766 ^ _2062_/A2 (sky130_fd_sc_hd__o21bai_4)
     1    0.009015    0.047403    0.036644   17.171410 v _2062_/Y (sky130_fd_sc_hd__o21bai_4)
                                                         _0282_ (net)
                      0.047406    0.000687   17.172096 v _2064_/B2 (sky130_fd_sc_hd__o2bb2ai_4)
     5    0.039119    0.207379    0.183691   17.355789 ^ _2064_/Y (sky130_fd_sc_hd__o2bb2ai_4)
                                                         _0284_ (net)
                      0.207433    0.002661   17.358450 ^ _2075_/A2 (sky130_fd_sc_hd__o21ai_4)
     4    0.021042    0.061628    0.054644   17.413094 v _2075_/Y (sky130_fd_sc_hd__o21ai_4)
                                                         _0295_ (net)
                      0.061666    0.001203   17.414297 v _2079_/B1 (sky130_fd_sc_hd__o22ai_4)
     2    0.018511    0.139809    0.134664   17.548960 ^ _2079_/Y (sky130_fd_sc_hd__o22ai_4)
                                                         _0299_ (net)
                      0.139811    0.000988   17.549948 ^ fanout182/A (sky130_fd_sc_hd__buf_6)
     6    0.036255    0.061304    0.103036   17.652983 ^ fanout182/X (sky130_fd_sc_hd__buf_6)
                                                         net182 (net)
                      0.061582    0.003279   17.656263 ^ _2080_/B1 (sky130_fd_sc_hd__o21ai_4)
     4    0.028972    0.069112    0.047818   17.704081 v _2080_/Y (sky130_fd_sc_hd__o21ai_4)
                                                         _0300_ (net)
                      0.069193    0.001888   17.705969 v _2100_/A1 (sky130_fd_sc_hd__a31oi_4)
     3    0.027064    0.198089    0.177758   17.883726 ^ _2100_/Y (sky130_fd_sc_hd__a31oi_4)
                                                         _0320_ (net)
                      0.198100    0.001554   17.885281 ^ _2102_/B1 (sky130_fd_sc_hd__o21ai_4)
     5    0.029713    0.075601    0.061773   17.947054 v _2102_/Y (sky130_fd_sc_hd__o21ai_4)
                                                         _0322_ (net)
                      0.075742    0.002673   17.949728 v _2127_/A2 (sky130_fd_sc_hd__a31oi_4)
     1    0.010160    0.119064    0.138973   18.088701 ^ _2127_/Y (sky130_fd_sc_hd__a31oi_4)
                                                         _0347_ (net)
                      0.119067    0.000792   18.089493 ^ _2128_/A2_N (sky130_fd_sc_hd__o2bb2ai_4)
     5    0.034534    0.188590    0.125103   18.214596 ^ _2128_/Y (sky130_fd_sc_hd__o2bb2ai_4)
                                                         _0348_ (net)
                      0.188630    0.002156   18.216753 ^ _2129_/B1 (sky130_fd_sc_hd__a21oi_4)
     2    0.010859    0.048686    0.019130   18.235882 v _2129_/Y (sky130_fd_sc_hd__a21oi_4)
                                                         _0349_ (net)
                      0.048690    0.000789   18.236671 v fanout181/A (sky130_fd_sc_hd__buf_8)
     6    0.040326    0.033628    0.098042   18.334713 v fanout181/X (sky130_fd_sc_hd__buf_8)
                                                         net181 (net)
                      0.033941    0.002519   18.337233 v _2145_/A2 (sky130_fd_sc_hd__o21ai_4)
     2    0.017385    0.129579    0.120718   18.457951 ^ _2145_/Y (sky130_fd_sc_hd__o21ai_4)
                                                         _0365_ (net)
                      0.129581    0.001059   18.459009 ^ _2147_/B1 (sky130_fd_sc_hd__o21ai_2)
     2    0.007900    0.046348    0.036065   18.495075 v _2147_/Y (sky130_fd_sc_hd__o21ai_2)
                                                         _0367_ (net)
                      0.046354    0.000439   18.495514 v _2172_/B (sky130_fd_sc_hd__and3_1)
     1    0.012496    0.054799    0.137202   18.632715 v _2172_/X (sky130_fd_sc_hd__and3_1)
                                                         _0392_ (net)
                      0.054807    0.000670   18.633385 v _2174_/A1 (sky130_fd_sc_hd__o22ai_4)
     3    0.022333    0.155421    0.163995   18.797380 ^ _2174_/Y (sky130_fd_sc_hd__o22ai_4)
                                                         _0394_ (net)
                      0.155423    0.001139   18.798519 ^ fanout180/A (sky130_fd_sc_hd__buf_6)
     6    0.036460    0.061796    0.104100   18.902618 ^ fanout180/X (sky130_fd_sc_hd__buf_6)
                                                         net180 (net)
                      0.061852    0.001501   18.904119 ^ _2181_/A2 (sky130_fd_sc_hd__o21ai_4)
     4    0.020046    0.047370    0.048088   18.952208 v _2181_/Y (sky130_fd_sc_hd__o21ai_4)
                                                         _0401_ (net)
                      0.047406    0.000721   18.952929 v _2192_/B1 (sky130_fd_sc_hd__o22ai_4)
     2    0.018168    0.138293    0.128775   19.081703 ^ _2192_/Y (sky130_fd_sc_hd__o22ai_4)
                                                         _0412_ (net)
                      0.138293    0.000666   19.082371 ^ fanout179/A (sky130_fd_sc_hd__buf_6)
     6    0.028529    0.050525    0.095840   19.178209 ^ fanout179/X (sky130_fd_sc_hd__buf_6)
                                                         net179 (net)
                      0.050597    0.001190   19.179399 ^ _2202_/B1 (sky130_fd_sc_hd__a22oi_4)
     4    0.028382    0.066642    0.052212   19.231613 v _2202_/Y (sky130_fd_sc_hd__a22oi_4)
                                                         _0422_ (net)
                      0.066711    0.001613   19.233225 v _2206_/A2 (sky130_fd_sc_hd__o211ai_4)
     4    0.028814    0.208922    0.196515   19.429741 ^ _2206_/Y (sky130_fd_sc_hd__o211ai_4)
                                                         _0426_ (net)
                      0.209042    0.002496   19.432236 ^ _2230_/A2 (sky130_fd_sc_hd__a21oi_4)
     2    0.017625    0.060264    0.056923   19.489159 v _2230_/Y (sky130_fd_sc_hd__a21oi_4)
                                                         _0450_ (net)
                      0.060276    0.001519   19.490679 v _2231_/C (sky130_fd_sc_hd__nor3_4)
     3    0.009992    0.122547    0.106619   19.597298 ^ _2231_/Y (sky130_fd_sc_hd__nor3_4)
                                                         _0451_ (net)
                      0.122547    0.000346   19.597643 ^ _2240_/A2 (sky130_fd_sc_hd__o21ai_1)
     1    0.003872    0.041905    0.045334   19.642977 v _2240_/Y (sky130_fd_sc_hd__o21ai_1)
                                                         _0460_ (net)
                      0.041919    0.000298   19.643276 v fanout178/A (sky130_fd_sc_hd__clkbuf_2)
     5    0.028054    0.076362    0.119170   19.762447 v fanout178/X (sky130_fd_sc_hd__clkbuf_2)
                                                         net178 (net)
                      0.076469    0.002126   19.764572 v fanout177/A (sky130_fd_sc_hd__buf_1)
     3    0.011928    0.051631    0.101892   19.866465 v fanout177/X (sky130_fd_sc_hd__buf_1)
                                                         net177 (net)
                      0.051639    0.000661   19.867125 v _2249_/A2 (sky130_fd_sc_hd__o311a_4)
     1    0.011040    0.046332    0.235746   20.102871 v _2249_/X (sky130_fd_sc_hd__o311a_4)
                                                         _0469_ (net)
                      0.046332    0.000925   20.103796 v _2262_/A2 (sky130_fd_sc_hd__o21ai_4)
     6    0.047374    0.264843    0.223260   20.327057 ^ _2262_/Y (sky130_fd_sc_hd__o21ai_4)
                                                         _0482_ (net)
                      0.264891    0.002835   20.329891 ^ _2271_/D1 (sky130_fd_sc_hd__o2111ai_4)
     3    0.020561    0.110090    0.095357   20.425247 v _2271_/Y (sky130_fd_sc_hd__o2111ai_4)
                                                         _0491_ (net)
                      0.110130    0.001570   20.426819 v _2286_/A3 (sky130_fd_sc_hd__a31oi_4)
     3    0.020947    0.169126    0.205123   20.631941 ^ _2286_/Y (sky130_fd_sc_hd__a31oi_4)
                                                         _0506_ (net)
                      0.169130    0.001505   20.633446 ^ _2296_/B2 (sky130_fd_sc_hd__a22oi_4)
     3    0.018338    0.060958    0.052705   20.686150 v _2296_/Y (sky130_fd_sc_hd__a22oi_4)
                                                         _0516_ (net)
                      0.060965    0.001259   20.687410 v _2304_/B2 (sky130_fd_sc_hd__o22ai_4)
     4    0.027915    0.178831    0.150651   20.838060 ^ _2304_/Y (sky130_fd_sc_hd__o22ai_4)
                                                         _0524_ (net)
                      0.178913    0.001641   20.839703 ^ _2312_/A2 (sky130_fd_sc_hd__o21ai_4)
     4    0.022601    0.059908    0.057112   20.896814 v _2312_/Y (sky130_fd_sc_hd__o21ai_4)
                                                         _0532_ (net)
                      0.059935    0.001009   20.897823 v _2323_/B1 (sky130_fd_sc_hd__o22ai_2)
     1    0.006834    0.101980    0.099146   20.996969 ^ _2323_/Y (sky130_fd_sc_hd__o22ai_2)
                                                         _0543_ (net)
                      0.101981    0.000515   20.997484 ^ fanout172/A (sky130_fd_sc_hd__buf_6)
     4    0.024389    0.044251    0.087768   21.085251 ^ fanout172/X (sky130_fd_sc_hd__buf_6)
                                                         net172 (net)
                      0.044403    0.001803   21.087055 ^ fanout171/A (sky130_fd_sc_hd__buf_8)
     6    0.029481    0.043973    0.077293   21.164347 ^ fanout171/X (sky130_fd_sc_hd__buf_8)
                                                         net171 (net)
                      0.044027    0.000945   21.165293 ^ _2326_/B1 (sky130_fd_sc_hd__o21ai_4)
     3    0.010624    0.030768    0.028040   21.193333 v _2326_/Y (sky130_fd_sc_hd__o21ai_4)
                                                         _0546_ (net)
                      0.030772    0.000624   21.193956 v _2336_/A1 (sky130_fd_sc_hd__a31o_1)
     1    0.009387    0.048184    0.128610   21.322565 v _2336_/X (sky130_fd_sc_hd__a31o_1)
                                                         _0556_ (net)
                      0.048195    0.000714   21.323280 v _2344_/A1 (sky130_fd_sc_hd__o21ai_4)
     3    0.024160    0.159071    0.163281   21.486561 ^ _2344_/Y (sky130_fd_sc_hd__o21ai_4)
                                                         _0564_ (net)
                      0.159132    0.001059   21.487619 ^ fanout170/A (sky130_fd_sc_hd__buf_6)
     6    0.039342    0.065853    0.107354   21.594973 ^ fanout170/X (sky130_fd_sc_hd__buf_6)
                                                         net170 (net)
                      0.065991    0.002407   21.597380 ^ _2373_/A (sky130_fd_sc_hd__nand4_4)
     2    0.005867    0.077830    0.044148   21.641529 v _2373_/Y (sky130_fd_sc_hd__nand4_4)
                                                         _0593_ (net)
                      0.077831    0.000419   21.641947 v _2384_/A_N (sky130_fd_sc_hd__nand3b_4)
     2    0.037748    0.093306    0.162364   21.804312 v _2384_/Y (sky130_fd_sc_hd__nand3b_4)
                                                         net91 (net)
                      0.093493    0.003311   21.807623 v output91/A (sky130_fd_sc_hd__buf_8)
     1    0.034229    0.030495    0.114325   21.921947 v output91/X (sky130_fd_sc_hd__buf_8)
                                                         irq_o (net)
                      0.030609    0.001606   21.923553 v irq_o (out)
                                             21.923553   data arrival time

                                 50.000000   50.000000   clock clk_i (rise edge)
                                  0.000000   50.000000   clock network delay (propagated)
                                 -0.250000   49.749996   clock uncertainty
                                  0.000000   49.749996   clock reconvergence pessimism
                                -10.000000   39.749996   output external delay
                                             39.749996   data required time
---------------------------------------------------------------------------------------------
                                             39.749996   data required time
                                            -21.923553   data arrival time
---------------------------------------------------------------------------------------------
                                             17.826443   slack (MET)




===========================================================================
report_checks --slack_max -0.01
============================================================================
======================= max_ff_n40C_1v95 Corner ===================================

No paths found.


===========================================================================
 report_check_types -max_slew -max_cap -max_fanout -violators
============================================================================
======================= max_ff_n40C_1v95 Corner ===================================

max fanout

Pin                                   Limit Fanout  Slack
---------------------------------------------------------
clkbuf_2_1__f_clk_i/X                     6     11     -5 (VIOLATED)
clkbuf_2_2__f_clk_i/X                     6     11     -5 (VIOLATED)
clkbuf_2_3__f_clk_i/X                     6     11     -5 (VIOLATED)
clkbuf_leaf_35_clk_i/X                    6     11     -5 (VIOLATED)
clkbuf_2_0__f_clk_i/X                     6     10     -4 (VIOLATED)
clkbuf_leaf_13_clk_i/X                    6     10     -4 (VIOLATED)
clkbuf_leaf_34_clk_i/X                    6     10     -4 (VIOLATED)
clkbuf_leaf_39_clk_i/X                    6     10     -4 (VIOLATED)
clkbuf_leaf_0_clk_i/X                     6      9     -3 (VIOLATED)
clkbuf_leaf_20_clk_i/X                    6      9     -3 (VIOLATED)
clkbuf_leaf_21_clk_i/X                    6      9     -3 (VIOLATED)
clkbuf_leaf_24_clk_i/X                    6      9     -3 (VIOLATED)
clkbuf_leaf_28_clk_i/X                    6      9     -3 (VIOLATED)
clkbuf_leaf_2_clk_i/X                     6      9     -3 (VIOLATED)
clkbuf_leaf_31_clk_i/X                    6      9     -3 (VIOLATED)
clkbuf_leaf_8_clk_i/X                     6      8     -2 (VIOLATED)
clkbuf_leaf_10_clk_i/X                    6      7        (VIOLATED)
clkbuf_leaf_12_clk_i/X                    6      7        (VIOLATED)
clkbuf_leaf_23_clk_i/X                    6      7        (VIOLATED)
clkbuf_leaf_32_clk_i/X                    6      7        (VIOLATED)
fanout262/X                               6      7        (VIOLATED)



===========================================================================
report_parasitic_annotation -report_unannotated
============================================================================
Found 97 unannotated drivers.
 tl_i[0]
 tl_i[103]
 tl_i[104]
 tl_i[105]
 tl_i[106]
 tl_i[10]
 tl_i[11]
 tl_i[12]
 tl_i[13]
 tl_i[14]
 tl_i[15]
 tl_i[16]
 tl_i[17]
 tl_i[18]
 tl_i[19]
 tl_i[1]
 tl_i[20]
 tl_i[21]
 tl_i[22]
 tl_i[23]
 tl_i[24]
 tl_i[2]
 tl_i[3]
 tl_i[4]
 tl_i[57]
 tl_i[58]
 tl_i[59]
 tl_i[5]
 tl_i[60]
 tl_i[6]
 tl_i[73]
 tl_i[74]
 tl_i[75]
 tl_i[76]
 tl_i[77]
 tl_i[78]
 tl_i[79]
 tl_i[7]
 tl_i[80]
 tl_i[81]
 tl_i[82]
 tl_i[83]
 tl_i[84]
 tl_i[85]
 tl_i[86]
 tl_i[87]
 tl_i[88]
 tl_i[89]
 tl_i[8]
 tl_i[90]
 tl_i[91]
 tl_i[92]
 tl_i[9]
 clkload0/Y
 clkload1/X
 clkload10/Y
 clkload11/X
 clkload12/Y
 clkload13/Y
 clkload14/Y
 clkload15/Y
 clkload16/Y
 clkload17/X
 clkload18/Y
 clkload19/Y
 clkload2/X
 clkload20/Y
 clkload21/Y
 clkload22/Y
 clkload23/Y
 clkload24/X
 clkload25/Y
 clkload26/Y
 clkload27/X
 clkload28/Y
 clkload29/X
 clkload3/X
 clkload30/Y
 clkload31/Y
 clkload32/Y
 clkload33/Y
 clkload34/Y
 clkload35/X
 clkload4/Y
 clkload5/Y
 clkload6/X
 clkload7/Y
 clkload8/Y
 clkload9/Y
 rv_plic_lite_485/HI
 rv_plic_lite_486/HI
 rv_plic_lite_487/HI
 rv_plic_lite_488/HI
 rv_plic_lite_489/HI
 rv_plic_lite_490/HI
 rv_plic_lite_491/HI
 rv_plic_lite_492/LO
Found 0 partially unannotated drivers.

===========================================================================
max slew violation count 0
max fanout violation count 21
max cap violation count 0
============================================================================

===========================================================================
check_setup -verbose -unconstrained_endpoints -multiple_clock -no_clock -no_input_delay -loops -generated_clocks
===========================================================================
Warning: There are 8 unconstrained endpoints.
  tl_o[0]
  tl_o[15]
  tl_o[48]
  tl_o[59]
  tl_o[60]
  tl_o[61]
  tl_o[63]
  tl_o[64]
