Clock: clk_i
Sources: clk_i 
Generated: no
Virtual: yes
Propagated: no
Period: 50.000000

===========================================================================
report_clock_properties
============================================================================
Clock                   Period          Waveform
----------------------------------------------------
clk_i                50.000000    0.000000 25.000000

===========================================================================
report_clock_latency
============================================================================
Clock clk_i
rise -> rise
    min     max
0.000000 0.000000 source latency
0.399009         network latency _2949_/CLK
        0.526129 network latency _3007_/CLK
---------------
0.399009 0.526129 latency
        0.127120 skew

fall -> fall
    min     max
0.000000 0.000000 source latency
0.330608         network latency _2949_/CLK
        0.458234 network latency _3007_/CLK
---------------
0.330608 0.458234 latency
        0.127626 skew



===========================================================================
report_clock_min_period
============================================================================
clk_i period_min = 16.41 fmax = 60.95
