Clock: clk_i
Sources: clk_i 
Generated: no
Virtual: yes
Propagated: no
Period: 25.000000

===========================================================================
report_clock_properties
============================================================================
Clock                   Period          Waveform
----------------------------------------------------
clk_i                25.000000    0.000000 12.500000

===========================================================================
report_clock_latency
============================================================================
Clock clk_i
rise -> rise
    min     max
0.000000 0.000000 source latency
2.731590         network latency _7059_/CLK
        4.106969 network latency _7194_/CLK
---------------
2.731590 4.106969 latency
        1.375379 skew

fall -> fall
    min     max
0.000000 0.000000 source latency
2.225398         network latency _7059_/CLK
        3.294140 network latency _7194_/CLK
---------------
2.225398 3.294140 latency
        1.068743 skew



===========================================================================
report_clock_min_period
============================================================================
clk_i period_min = 37.41 fmax = 26.73
