Clock: clk_i
Sources: clk_i 
Generated: no
Virtual: yes
Propagated: no
Period: 25.000000

===========================================================================
report_clock_properties
============================================================================
Clock                   Period          Waveform
----------------------------------------------------
clk_i                25.000000    0.000000 12.500000

===========================================================================
report_clock_latency
============================================================================
Clock clk_i
rise -> rise
    min     max
0.000000 0.000000 source latency
0.838506         network latency _12792_/CLK
        1.151037 network latency u_fft_top.memory_interface_inst.u_fft_mem.u_bank1/CLKin
---------------
0.838506 1.151037 latency
        0.312531 skew

fall -> fall
    min     max
0.000000 0.000000 source latency
0.703705         network latency _12792_/CLK
        0.958131 network latency _12599_/CLK
---------------
0.703705 0.958131 latency
        0.254427 skew



===========================================================================
report_clock_min_period
============================================================================
clk_i period_min = 9.46 fmax = 105.72
