
===========================================================================
report_checks -path_delay max (Setup)
============================================================================
======================= nom_ff_n40C_1v95 Corner ===================================

Startpoint: wb_clk_i (clock source 'wb_clk_i')
Endpoint: clk_o (output port clocked by wb_clk_i)
Path Group: wb_clk_i
Path Type: max

Fanout         Cap        Slew       Delay        Time   Description
---------------------------------------------------------------------------------------------
                                 12.500000   12.500000   clock wb_clk_i (fall edge)
                                  0.000000   12.500000   clock source latency
     1    0.004395    0.007150    0.003711   12.503711 v wb_clk_i (in)
                                                         wb_clk_i (net)
                      0.007152    0.000000   12.503711 v _253_/A (sky130_fd_sc_hd__buf_2)
     1    0.017036    0.037562    0.086767   12.590477 v _253_/X (sky130_fd_sc_hd__buf_2)
                                                         net2 (net)
                      0.037668    0.001564   12.592042 v output2/A (sky130_fd_sc_hd__buf_1)
     1    0.034048    0.134808    0.150904   12.742946 v output2/X (sky130_fd_sc_hd__buf_1)
                                                         clk_o (net)
                      0.134810    0.000632   12.743578 v clk_o (out)
                                             12.743578   data arrival time

                                 25.000000   25.000000   clock wb_clk_i (rise edge)
                                  0.000000   25.000000   clock network delay (propagated)
                                 -0.250000   24.750000   clock uncertainty
                                  0.000000   24.750000   clock reconvergence pessimism
                                 -5.000000   19.750000   output external delay
                                             19.750000   data required time
---------------------------------------------------------------------------------------------
                                             19.750000   data required time
                                            -12.743578   data arrival time
---------------------------------------------------------------------------------------------
                                              7.006422   slack (MET)


Startpoint: uart_tx_i (input port clocked by wb_clk_i)
Endpoint: io_out[1] (output port clocked by wb_clk_i)
Path Group: wb_clk_i
Path Type: max

Fanout         Cap        Slew       Delay        Time   Description
---------------------------------------------------------------------------------------------
                                  0.000000    0.000000   clock wb_clk_i (rise edge)
                                  0.000000    0.000000   clock network delay (propagated)
                                  5.000000    5.000000 ^ input external delay
     2    0.039307    0.136029    0.097329    5.097329 ^ uart_tx_i (in)
                                                         uart_tx_i (net)
                      0.136495    0.000000    5.097329 ^ _268_/A (sky130_fd_sc_hd__clkbuf_2)
     1    0.025831    0.111618    0.144841    5.242170 ^ _268_/X (sky130_fd_sc_hd__clkbuf_2)
                                                         net17 (net)
                      0.111781    0.003451    5.245621 ^ output17/A (sky130_fd_sc_hd__buf_2)
     1    0.034882    0.130332    0.158773    5.404394 ^ output17/X (sky130_fd_sc_hd__buf_2)
                                                         io_out[1] (net)
                      0.130379    0.000839    5.405233 ^ io_out[1] (out)
                                              5.405233   data arrival time

                                 25.000000   25.000000   clock wb_clk_i (rise edge)
                                  0.000000   25.000000   clock network delay (propagated)
                                 -0.250000   24.750000   clock uncertainty
                                  0.000000   24.750000   clock reconvergence pessimism
                                 -5.000000   19.750000   output external delay
                                             19.750000   data required time
---------------------------------------------------------------------------------------------
                                             19.750000   data required time
                                             -5.405233   data arrival time
---------------------------------------------------------------------------------------------
                                             14.344767   slack (MET)


Startpoint: spi_cs_n_i (input port clocked by wb_clk_i)
Endpoint: io_out[3] (output port clocked by wb_clk_i)
Path Group: wb_clk_i
Path Type: max

Fanout         Cap        Slew       Delay        Time   Description
---------------------------------------------------------------------------------------------
                                  0.000000    0.000000   clock wb_clk_i (rise edge)
                                  0.000000    0.000000   clock network delay (propagated)
                                  5.000000    5.000000 ^ input external delay
     2    0.041695    0.143996    0.103220    5.103220 ^ spi_cs_n_i (in)
                                                         spi_cs_n_i (net)
                      0.144578    0.000000    5.103220 ^ _270_/A (sky130_fd_sc_hd__clkbuf_2)
     1    0.020823    0.091342    0.132435    5.235655 ^ _270_/X (sky130_fd_sc_hd__clkbuf_2)
                                                         net19 (net)
                      0.091431    0.002303    5.237958 ^ output19/A (sky130_fd_sc_hd__buf_2)
     1    0.034397    0.128619    0.152973    5.390931 ^ output19/X (sky130_fd_sc_hd__buf_2)
                                                         io_out[3] (net)
                      0.128663    0.000748    5.391679 ^ io_out[3] (out)
                                              5.391679   data arrival time

                                 25.000000   25.000000   clock wb_clk_i (rise edge)
                                  0.000000   25.000000   clock network delay (propagated)
                                 -0.250000   24.750000   clock uncertainty
                                  0.000000   24.750000   clock reconvergence pessimism
                                 -5.000000   19.750000   output external delay
                                             19.750000   data required time
---------------------------------------------------------------------------------------------
                                             19.750000   data required time
                                             -5.391679   data arrival time
---------------------------------------------------------------------------------------------
                                             14.358321   slack (MET)


Startpoint: intr_spi_host_rx_full_i (input port clocked by wb_clk_i)
Endpoint: intr_vec_o[11] (output port clocked by wb_clk_i)
Path Group: wb_clk_i
Path Type: max

Fanout         Cap        Slew       Delay        Time   Description
---------------------------------------------------------------------------------------------
                                  0.000000    0.000000   clock wb_clk_i (rise edge)
                                  0.000000    0.000000   clock network delay (propagated)
                                  5.000000    5.000000 ^ input external delay
     2    0.018109    0.065251    0.045193    5.045193 ^ intr_spi_host_rx_full_i (in)
                                                         intr_spi_host_rx_full_i (net)
                      0.065308    0.000000    5.045193 ^ _264_/A (sky130_fd_sc_hd__clkbuf_1)
     1    0.003806    0.040596    0.062931    5.108124 ^ _264_/X (sky130_fd_sc_hd__clkbuf_1)
                                                         net4 (net)
                      0.040596    0.000127    5.108251 ^ output4/A (sky130_fd_sc_hd__buf_2)
     1    0.034093    0.127556    0.139722    5.247974 ^ output4/X (sky130_fd_sc_hd__buf_2)
                                                         intr_vec_o[11] (net)
                      0.127560    0.000624    5.248598 ^ intr_vec_o[11] (out)
                                              5.248598   data arrival time

                                 25.000000   25.000000   clock wb_clk_i (rise edge)
                                  0.000000   25.000000   clock network delay (propagated)
                                 -0.250000   24.750000   clock uncertainty
                                  0.000000   24.750000   clock reconvergence pessimism
                                 -5.000000   19.750000   output external delay
                                             19.750000   data required time
---------------------------------------------------------------------------------------------
                                             19.750000   data required time
                                             -5.248598   data arrival time
---------------------------------------------------------------------------------------------
                                             14.501401   slack (MET)


Startpoint: io_in[0] (input port clocked by wb_clk_i)
Endpoint: uart_rx_o (output port clocked by wb_clk_i)
Path Group: wb_clk_i
Path Type: max

Fanout         Cap        Slew       Delay        Time   Description
---------------------------------------------------------------------------------------------
                                  0.000000    0.000000   clock wb_clk_i (rise edge)
                                  0.000000    0.000000   clock network delay (propagated)
                                  5.000000    5.000000 ^ input external delay
     1    0.014533    0.053507    0.036542    5.036542 ^ io_in[0] (in)
                                                         io_in[0] (net)
                      0.053532    0.000000    5.036542 ^ _274_/A (sky130_fd_sc_hd__clkbuf_1)
     1    0.004483    0.046128    0.066123    5.102665 ^ _274_/X (sky130_fd_sc_hd__clkbuf_1)
                                                         net24 (net)
                      0.046128    0.000146    5.102811 ^ output24/A (sky130_fd_sc_hd__buf_2)
     1    0.034579    0.129292    0.142443    5.245254 ^ output24/X (sky130_fd_sc_hd__buf_2)
                                                         uart_rx_o (net)
                      0.129300    0.000853    5.246106 ^ uart_rx_o (out)
                                              5.246106   data arrival time

                                 25.000000   25.000000   clock wb_clk_i (rise edge)
                                  0.000000   25.000000   clock network delay (propagated)
                                 -0.250000   24.750000   clock uncertainty
                                  0.000000   24.750000   clock reconvergence pessimism
                                 -5.000000   19.750000   output external delay
                                             19.750000   data required time
---------------------------------------------------------------------------------------------
                                             19.750000   data required time
                                             -5.246106   data arrival time
---------------------------------------------------------------------------------------------
                                             14.503894   slack (MET)


Startpoint: intr_uart_tx_done_i (input port clocked by wb_clk_i)
Endpoint: intr_vec_o[4] (output port clocked by wb_clk_i)
Path Group: wb_clk_i
Path Type: max

Fanout         Cap        Slew       Delay        Time   Description
---------------------------------------------------------------------------------------------
                                  0.000000    0.000000   clock wb_clk_i (rise edge)
                                  0.000000    0.000000   clock network delay (propagated)
                                  5.000000    5.000000 ^ input external delay
     1    0.009526    0.036934    0.024168    5.024168 ^ intr_uart_tx_done_i (in)
                                                         intr_uart_tx_done_i (net)
                      0.036944    0.000000    5.024168 ^ _257_/A (sky130_fd_sc_hd__clkbuf_1)
     1    0.006402    0.062248    0.074142    5.098310 ^ _257_/X (sky130_fd_sc_hd__clkbuf_1)
                                                         net11 (net)
                      0.062250    0.000227    5.098537 ^ output11/A (sky130_fd_sc_hd__buf_2)
     1    0.034582    0.129287    0.146666    5.245203 ^ output11/X (sky130_fd_sc_hd__buf_2)
                                                         intr_vec_o[4] (net)
                      0.129295    0.000853    5.246056 ^ intr_vec_o[4] (out)
                                              5.246056   data arrival time

                                 25.000000   25.000000   clock wb_clk_i (rise edge)
                                  0.000000   25.000000   clock network delay (propagated)
                                 -0.250000   24.750000   clock uncertainty
                                  0.000000   24.750000   clock reconvergence pessimism
                                 -5.000000   19.750000   output external delay
                                             19.750000   data required time
---------------------------------------------------------------------------------------------
                                             19.750000   data required time
                                             -5.246056   data arrival time
---------------------------------------------------------------------------------------------
                                             14.503943   slack (MET)


Startpoint: intr_uart_rx_frame_err_i (input port clocked by wb_clk_i)
Endpoint: intr_vec_o[6] (output port clocked by wb_clk_i)
Path Group: wb_clk_i
Path Type: max

Fanout         Cap        Slew       Delay        Time   Description
---------------------------------------------------------------------------------------------
                                  0.000000    0.000000   clock wb_clk_i (rise edge)
                                  0.000000    0.000000   clock network delay (propagated)
                                  5.000000    5.000000 ^ input external delay
     2    0.014494    0.053382    0.036537    5.036538 ^ intr_uart_rx_frame_err_i (in)
                                                         intr_uart_rx_frame_err_i (net)
                      0.053415    0.000000    5.036538 ^ _259_/A (sky130_fd_sc_hd__clkbuf_1)
     1    0.004160    0.043434    0.064213    5.100750 ^ _259_/X (sky130_fd_sc_hd__clkbuf_1)
                                                         net13 (net)
                      0.043434    0.000145    5.100896 ^ output13/A (sky130_fd_sc_hd__buf_2)
     1    0.034123    0.127659    0.140631    5.241527 ^ output13/X (sky130_fd_sc_hd__buf_2)
                                                         intr_vec_o[6] (net)
                      0.127664    0.000660    5.242187 ^ intr_vec_o[6] (out)
                                              5.242187   data arrival time

                                 25.000000   25.000000   clock wb_clk_i (rise edge)
                                  0.000000   25.000000   clock network delay (propagated)
                                 -0.250000   24.750000   clock uncertainty
                                  0.000000   24.750000   clock reconvergence pessimism
                                 -5.000000   19.750000   output external delay
                                             19.750000   data required time
---------------------------------------------------------------------------------------------
                                             19.750000   data required time
                                             -5.242187   data arrival time
---------------------------------------------------------------------------------------------
                                             14.507812   slack (MET)


Startpoint: io_in[5] (input port clocked by wb_clk_i)
Endpoint: spi_miso_o (output port clocked by wb_clk_i)
Path Group: wb_clk_i
Path Type: max

Fanout         Cap        Slew       Delay        Time   Description
---------------------------------------------------------------------------------------------
                                  0.000000    0.000000   clock wb_clk_i (rise edge)
                                  0.000000    0.000000   clock network delay (propagated)
                                  5.000000    5.000000 ^ input external delay
     2    0.016943    0.061424    0.042397    5.042397 ^ io_in[5] (in)
                                                         io_in[5] (net)
                      0.061461    0.000000    5.042397 ^ _273_/A (sky130_fd_sc_hd__clkbuf_1)
     1    0.002484    0.029959    0.054792    5.097188 ^ _273_/X (sky130_fd_sc_hd__clkbuf_1)
                                                         net23 (net)
                      0.029959    0.000069    5.097258 ^ output23/A (sky130_fd_sc_hd__buf_2)
     1    0.034022    0.127378    0.136327    5.233585 ^ output23/X (sky130_fd_sc_hd__buf_2)
                                                         spi_miso_o (net)
                      0.127382    0.000618    5.234203 ^ spi_miso_o (out)
                                              5.234203   data arrival time

                                 25.000000   25.000000   clock wb_clk_i (rise edge)
                                  0.000000   25.000000   clock network delay (propagated)
                                 -0.250000   24.750000   clock uncertainty
                                  0.000000   24.750000   clock reconvergence pessimism
                                 -5.000000   19.750000   output external delay
                                             19.750000   data required time
---------------------------------------------------------------------------------------------
                                             19.750000   data required time
                                             -5.234203   data arrival time
---------------------------------------------------------------------------------------------
                                             14.515796   slack (MET)


Startpoint: intr_uart_rx_watermark_i (input port clocked by wb_clk_i)
Endpoint: intr_vec_o[3] (output port clocked by wb_clk_i)
Path Group: wb_clk_i
Path Type: max

Fanout         Cap        Slew       Delay        Time   Description
---------------------------------------------------------------------------------------------
                                  0.000000    0.000000   clock wb_clk_i (rise edge)
                                  0.000000    0.000000   clock network delay (propagated)
                                  5.000000    5.000000 ^ input external delay
     1    0.011800    0.044642    0.029730    5.029730 ^ intr_uart_rx_watermark_i (in)
                                                         intr_uart_rx_watermark_i (net)
                      0.044654    0.000000    5.029730 ^ _256_/A (sky130_fd_sc_hd__clkbuf_1)
     1    0.003347    0.036697    0.057723    5.087453 ^ _256_/X (sky130_fd_sc_hd__clkbuf_1)
                                                         net10 (net)
                      0.036697    0.000104    5.087557 ^ output10/A (sky130_fd_sc_hd__buf_2)
     1    0.034114    0.127645    0.138570    5.226127 ^ output10/X (sky130_fd_sc_hd__buf_2)
                                                         intr_vec_o[3] (net)
                      0.127650    0.000659    5.226786 ^ intr_vec_o[3] (out)
                                              5.226786   data arrival time

                                 25.000000   25.000000   clock wb_clk_i (rise edge)
                                  0.000000   25.000000   clock network delay (propagated)
                                 -0.250000   24.750000   clock uncertainty
                                  0.000000   24.750000   clock reconvergence pessimism
                                 -5.000000   19.750000   output external delay
                                             19.750000   data required time
---------------------------------------------------------------------------------------------
                                             19.750000   data required time
                                             -5.226786   data arrival time
---------------------------------------------------------------------------------------------
                                             14.523213   slack (MET)


Startpoint: intr_uart_rx_parity_err_i (input port clocked by wb_clk_i)
Endpoint: intr_vec_o[9] (output port clocked by wb_clk_i)
Path Group: wb_clk_i
Path Type: max

Fanout         Cap        Slew       Delay        Time   Description
---------------------------------------------------------------------------------------------
                                  0.000000    0.000000   clock wb_clk_i (rise edge)
                                  0.000000    0.000000   clock network delay (propagated)
                                  5.000000    5.000000 ^ input external delay
     1    0.013298    0.049590    0.033480    5.033480 ^ intr_uart_rx_parity_err_i (in)
                                                         intr_uart_rx_parity_err_i (net)
                      0.049613    0.000000    5.033480 ^ _262_/A (sky130_fd_sc_hd__clkbuf_1)
     1    0.002775    0.032115    0.055274    5.088755 ^ _262_/X (sky130_fd_sc_hd__clkbuf_1)
                                                         net16 (net)
                      0.032115    0.000081    5.088836 ^ output16/A (sky130_fd_sc_hd__buf_2)
     1    0.034101    0.127653    0.137171    5.226007 ^ output16/X (sky130_fd_sc_hd__buf_2)
                                                         intr_vec_o[9] (net)
                      0.127658    0.000625    5.226631 ^ intr_vec_o[9] (out)
                                              5.226631   data arrival time

                                 25.000000   25.000000   clock wb_clk_i (rise edge)
                                  0.000000   25.000000   clock network delay (propagated)
                                 -0.250000   24.750000   clock uncertainty
                                  0.000000   24.750000   clock reconvergence pessimism
                                 -5.000000   19.750000   output external delay
                                             19.750000   data required time
---------------------------------------------------------------------------------------------
                                             19.750000   data required time
                                             -5.226631   data arrival time
---------------------------------------------------------------------------------------------
                                             14.523368   slack (MET)


Startpoint: fft_done_i (input port clocked by wb_clk_i)
Endpoint: intr_vec_o[13] (output port clocked by wb_clk_i)
Path Group: wb_clk_i
Path Type: max

Fanout         Cap        Slew       Delay        Time   Description
---------------------------------------------------------------------------------------------
                                  0.000000    0.000000   clock wb_clk_i (rise edge)
                                  0.000000    0.000000   clock network delay (propagated)
                                  5.000000    5.000000 ^ input external delay
     2    0.010298    0.039546    0.025953    5.025954 ^ fft_done_i (in)
                                                         fft_done_i (net)
                      0.039552    0.000000    5.025954 ^ _266_/A (sky130_fd_sc_hd__clkbuf_1)
     1    0.002512    0.029928    0.051700    5.077653 ^ _266_/X (sky130_fd_sc_hd__clkbuf_1)
                                                         net6 (net)
                      0.029928    0.000073    5.077727 ^ output6/A (sky130_fd_sc_hd__buf_2)
     1    0.035133    0.131376    0.138836    5.216562 ^ output6/X (sky130_fd_sc_hd__buf_2)
                                                         intr_vec_o[13] (net)
                      0.131386    0.000947    5.217509 ^ intr_vec_o[13] (out)
                                              5.217509   data arrival time

                                 25.000000   25.000000   clock wb_clk_i (rise edge)
                                  0.000000   25.000000   clock network delay (propagated)
                                 -0.250000   24.750000   clock uncertainty
                                  0.000000   24.750000   clock reconvergence pessimism
                                 -5.000000   19.750000   output external delay
                                             19.750000   data required time
---------------------------------------------------------------------------------------------
                                             19.750000   data required time
                                             -5.217509   data arrival time
---------------------------------------------------------------------------------------------
                                             14.532491   slack (MET)


Startpoint: fft_done_i (input port clocked by wb_clk_i)
Endpoint: io_out[6] (output port clocked by wb_clk_i)
Path Group: wb_clk_i
Path Type: max

Fanout         Cap        Slew       Delay        Time   Description
---------------------------------------------------------------------------------------------
                                  0.000000    0.000000   clock wb_clk_i (rise edge)
                                  0.000000    0.000000   clock network delay (propagated)
                                  5.000000    5.000000 ^ input external delay
     2    0.010298    0.039546    0.025960    5.025960 ^ fft_done_i (in)
                                                         fft_done_i (net)
                      0.039552    0.000000    5.025960 ^ _272_/A (sky130_fd_sc_hd__clkbuf_1)
     1    0.002480    0.029673    0.051509    5.077468 ^ _272_/X (sky130_fd_sc_hd__clkbuf_1)
                                                         net21 (net)
                      0.029673    0.000072    5.077541 ^ output21/A (sky130_fd_sc_hd__buf_2)
     1    0.034981    0.130838    0.138384    5.215925 ^ output21/X (sky130_fd_sc_hd__buf_2)
                                                         io_out[6] (net)
                      0.130848    0.000948    5.216872 ^ io_out[6] (out)
                                              5.216872   data arrival time

                                 25.000000   25.000000   clock wb_clk_i (rise edge)
                                  0.000000   25.000000   clock network delay (propagated)
                                 -0.250000   24.750000   clock uncertainty
                                  0.000000   24.750000   clock reconvergence pessimism
                                 -5.000000   19.750000   output external delay
                                             19.750000   data required time
---------------------------------------------------------------------------------------------
                                             19.750000   data required time
                                             -5.216872   data arrival time
---------------------------------------------------------------------------------------------
                                             14.533127   slack (MET)


Startpoint: wb_rst_i (input port clocked by wb_clk_i)
Endpoint: rst_no (output port clocked by wb_clk_i)
Path Group: wb_clk_i
Path Type: max

Fanout         Cap        Slew       Delay        Time   Description
---------------------------------------------------------------------------------------------
                                  0.000000    0.000000   clock wb_clk_i (rise edge)
                                  0.000000    0.000000   clock network delay (propagated)
                                  5.000000    5.000000 v input external delay
     1    0.002706    0.004583    0.002196    5.002197 v wb_rst_i (in)
                                                         wb_rst_i (net)
                      0.004583    0.000000    5.002197 v input1/A (sky130_fd_sc_hd__clkbuf_1)
     1    0.005282    0.027030    0.054589    5.056786 v input1/X (sky130_fd_sc_hd__clkbuf_1)
                                                         net1 (net)
                      0.027030    0.000166    5.056951 v _000_/A (sky130_fd_sc_hd__inv_2)
     1    0.002318    0.014999    0.024600    5.081551 ^ _000_/Y (sky130_fd_sc_hd__inv_2)
                                                         net22 (net)
                      0.014999    0.000046    5.081597 ^ output22/A (sky130_fd_sc_hd__buf_2)
     1    0.034174    0.127914    0.132267    5.213864 ^ output22/X (sky130_fd_sc_hd__buf_2)
                                                         rst_no (net)
                      0.127919    0.000646    5.214510 ^ rst_no (out)
                                              5.214510   data arrival time

                                 25.000000   25.000000   clock wb_clk_i (rise edge)
                                  0.000000   25.000000   clock network delay (propagated)
                                 -0.250000   24.750000   clock uncertainty
                                  0.000000   24.750000   clock reconvergence pessimism
                                 -5.000000   19.750000   output external delay
                                             19.750000   data required time
---------------------------------------------------------------------------------------------
                                             19.750000   data required time
                                             -5.214510   data arrival time
---------------------------------------------------------------------------------------------
                                             14.535490   slack (MET)


Startpoint: intr_uart_tx_watermark_i (input port clocked by wb_clk_i)
Endpoint: intr_vec_o[1] (output port clocked by wb_clk_i)
Path Group: wb_clk_i
Path Type: max

Fanout         Cap        Slew       Delay        Time   Description
---------------------------------------------------------------------------------------------
                                  0.000000    0.000000   clock wb_clk_i (rise edge)
                                  0.000000    0.000000   clock network delay (propagated)
                                  5.000000    5.000000 ^ input external delay
     1    0.009680    0.037450    0.024478    5.024478 ^ intr_uart_tx_watermark_i (in)
                                                         intr_uart_tx_watermark_i (net)
                      0.037456    0.000000    5.024478 ^ _254_/A (sky130_fd_sc_hd__clkbuf_1)
     1    0.002537    0.030107    0.051434    5.075912 ^ _254_/X (sky130_fd_sc_hd__clkbuf_1)
                                                         net8 (net)
                      0.030107    0.000071    5.075983 ^ output8/A (sky130_fd_sc_hd__buf_2)
     1    0.034109    0.127692    0.136557    5.212540 ^ output8/X (sky130_fd_sc_hd__buf_2)
                                                         intr_vec_o[1] (net)
                      0.127697    0.000659    5.213200 ^ intr_vec_o[1] (out)
                                              5.213200   data arrival time

                                 25.000000   25.000000   clock wb_clk_i (rise edge)
                                  0.000000   25.000000   clock network delay (propagated)
                                 -0.250000   24.750000   clock uncertainty
                                  0.000000   24.750000   clock reconvergence pessimism
                                 -5.000000   19.750000   output external delay
                                             19.750000   data required time
---------------------------------------------------------------------------------------------
                                             19.750000   data required time
                                             -5.213200   data arrival time
---------------------------------------------------------------------------------------------
                                             14.536799   slack (MET)


Startpoint: intr_uart_tx_empty_i (input port clocked by wb_clk_i)
Endpoint: intr_vec_o[2] (output port clocked by wb_clk_i)
Path Group: wb_clk_i
Path Type: max

Fanout         Cap        Slew       Delay        Time   Description
---------------------------------------------------------------------------------------------
                                  0.000000    0.000000   clock wb_clk_i (rise edge)
                                  0.000000    0.000000   clock network delay (propagated)
                                  5.000000    5.000000 ^ input external delay
     1    0.003668    0.017035    0.009520    5.009520 ^ intr_uart_tx_empty_i (in)
                                                         intr_uart_tx_empty_i (net)
                      0.017036    0.000000    5.009520 ^ _255_/A (sky130_fd_sc_hd__clkbuf_1)
     1    0.004702    0.047892    0.059765    5.069285 ^ _255_/X (sky130_fd_sc_hd__clkbuf_1)
                                                         net9 (net)
                      0.047892    0.000170    5.069455 ^ output9/A (sky130_fd_sc_hd__buf_2)
     1    0.033987    0.127163    0.141676    5.211131 ^ output9/X (sky130_fd_sc_hd__buf_2)
                                                         intr_vec_o[2] (net)
                      0.127167    0.000617    5.211749 ^ intr_vec_o[2] (out)
                                              5.211749   data arrival time

                                 25.000000   25.000000   clock wb_clk_i (rise edge)
                                  0.000000   25.000000   clock network delay (propagated)
                                 -0.250000   24.750000   clock uncertainty
                                  0.000000   24.750000   clock reconvergence pessimism
                                 -5.000000   19.750000   output external delay
                                             19.750000   data required time
---------------------------------------------------------------------------------------------
                                             19.750000   data required time
                                             -5.211749   data arrival time
---------------------------------------------------------------------------------------------
                                             14.538251   slack (MET)


Startpoint: intr_spi_host_idle_i (input port clocked by wb_clk_i)
Endpoint: intr_vec_o[12] (output port clocked by wb_clk_i)
Path Group: wb_clk_i
Path Type: max

Fanout         Cap        Slew       Delay        Time   Description
---------------------------------------------------------------------------------------------
                                  0.000000    0.000000   clock wb_clk_i (rise edge)
                                  0.000000    0.000000   clock network delay (propagated)
                                  5.000000    5.000000 ^ input external delay
     1    0.004401    0.019612    0.011484    5.011484 ^ intr_spi_host_idle_i (in)
                                                         intr_spi_host_idle_i (net)
                      0.019613    0.000000    5.011484 ^ _265_/A (sky130_fd_sc_hd__clkbuf_1)
     1    0.003161    0.035080    0.051397    5.062881 ^ _265_/X (sky130_fd_sc_hd__clkbuf_1)
                                                         net5 (net)
                      0.035080    0.000094    5.062974 ^ output5/A (sky130_fd_sc_hd__buf_2)
     1    0.034406    0.128696    0.138741    5.201715 ^ output5/X (sky130_fd_sc_hd__buf_2)
                                                         intr_vec_o[12] (net)
                      0.128702    0.000748    5.202464 ^ intr_vec_o[12] (out)
                                              5.202464   data arrival time

                                 25.000000   25.000000   clock wb_clk_i (rise edge)
                                  0.000000   25.000000   clock network delay (propagated)
                                 -0.250000   24.750000   clock uncertainty
                                  0.000000   24.750000   clock reconvergence pessimism
                                 -5.000000   19.750000   output external delay
                                             19.750000   data required time
---------------------------------------------------------------------------------------------
                                             19.750000   data required time
                                             -5.202464   data arrival time
---------------------------------------------------------------------------------------------
                                             14.547535   slack (MET)


Startpoint: fft_error_i (input port clocked by wb_clk_i)
Endpoint: intr_vec_o[14] (output port clocked by wb_clk_i)
Path Group: wb_clk_i
Path Type: max

Fanout         Cap        Slew       Delay        Time   Description
---------------------------------------------------------------------------------------------
                                  0.000000    0.000000   clock wb_clk_i (rise edge)
                                  0.000000    0.000000   clock network delay (propagated)
                                  5.000000    5.000000 ^ input external delay
     1    0.004798    0.021007    0.012532    5.012532 ^ fft_error_i (in)
                                                         fft_error_i (net)
                      0.021010    0.000000    5.012532 ^ _267_/A (sky130_fd_sc_hd__clkbuf_1)
     1    0.002964    0.033468    0.050588    5.063121 ^ _267_/X (sky130_fd_sc_hd__clkbuf_1)
                                                         net7 (net)
                      0.033468    0.000089    5.063210 ^ output7/A (sky130_fd_sc_hd__buf_2)
     1    0.034461    0.128896    0.138385    5.201594 ^ output7/X (sky130_fd_sc_hd__buf_2)
                                                         intr_vec_o[14] (net)
                      0.128903    0.000751    5.202346 ^ intr_vec_o[14] (out)
                                              5.202346   data arrival time

                                 25.000000   25.000000   clock wb_clk_i (rise edge)
                                  0.000000   25.000000   clock network delay (propagated)
                                 -0.250000   24.750000   clock uncertainty
                                  0.000000   24.750000   clock reconvergence pessimism
                                 -5.000000   19.750000   output external delay
                                             19.750000   data required time
---------------------------------------------------------------------------------------------
                                             19.750000   data required time
                                             -5.202346   data arrival time
---------------------------------------------------------------------------------------------
                                             14.547654   slack (MET)


Startpoint: intr_spi_host_tx_empty_i (input port clocked by wb_clk_i)
Endpoint: intr_vec_o[10] (output port clocked by wb_clk_i)
Path Group: wb_clk_i
Path Type: max

Fanout         Cap        Slew       Delay        Time   Description
---------------------------------------------------------------------------------------------
                                  0.000000    0.000000   clock wb_clk_i (rise edge)
                                  0.000000    0.000000   clock network delay (propagated)
                                  5.000000    5.000000 ^ input external delay
     1    0.003683    0.017089    0.009567    5.009567 ^ intr_spi_host_tx_empty_i (in)
                                                         intr_spi_host_tx_empty_i (net)
                      0.017090    0.000000    5.009567 ^ _263_/A (sky130_fd_sc_hd__clkbuf_1)
     1    0.003302    0.036233    0.051564    5.061131 ^ _263_/X (sky130_fd_sc_hd__clkbuf_1)
                                                         net3 (net)
                      0.036233    0.000103    5.061234 ^ output3/A (sky130_fd_sc_hd__buf_2)
     1    0.034878    0.130379    0.140191    5.201425 ^ output3/X (sky130_fd_sc_hd__buf_2)
                                                         intr_vec_o[10] (net)
                      0.130386    0.000839    5.202264 ^ intr_vec_o[10] (out)
                                              5.202264   data arrival time

                                 25.000000   25.000000   clock wb_clk_i (rise edge)
                                  0.000000   25.000000   clock network delay (propagated)
                                 -0.250000   24.750000   clock uncertainty
                                  0.000000   24.750000   clock reconvergence pessimism
                                 -5.000000   19.750000   output external delay
                                             19.750000   data required time
---------------------------------------------------------------------------------------------
                                             19.750000   data required time
                                             -5.202264   data arrival time
---------------------------------------------------------------------------------------------
                                             14.547736   slack (MET)


Startpoint: spi_sclk_i (input port clocked by wb_clk_i)
Endpoint: io_out[2] (output port clocked by wb_clk_i)
Path Group: wb_clk_i
Path Type: max

Fanout         Cap        Slew       Delay        Time   Description
---------------------------------------------------------------------------------------------
                                  0.000000    0.000000   clock wb_clk_i (rise edge)
                                  0.000000    0.000000   clock network delay (propagated)
                                  5.000000    5.000000 ^ input external delay
     1    0.004040    0.018359    0.010510    5.010510 ^ spi_sclk_i (in)
                                                         spi_sclk_i (net)
                      0.018360    0.000000    5.010510 ^ _269_/A (sky130_fd_sc_hd__clkbuf_1)
     1    0.002892    0.032876    0.049454    5.059965 ^ _269_/X (sky130_fd_sc_hd__clkbuf_1)
                                                         net18 (net)
                      0.032876    0.000084    5.060049 ^ output18/A (sky130_fd_sc_hd__buf_2)
     1    0.034582    0.129339    0.138437    5.198485 ^ output18/X (sky130_fd_sc_hd__buf_2)
                                                         io_out[2] (net)
                      0.129347    0.000853    5.199338 ^ io_out[2] (out)
                                              5.199338   data arrival time

                                 25.000000   25.000000   clock wb_clk_i (rise edge)
                                  0.000000   25.000000   clock network delay (propagated)
                                 -0.250000   24.750000   clock uncertainty
                                  0.000000   24.750000   clock reconvergence pessimism
                                 -5.000000   19.750000   output external delay
                                             19.750000   data required time
---------------------------------------------------------------------------------------------
                                             19.750000   data required time
                                             -5.199338   data arrival time
---------------------------------------------------------------------------------------------
                                             14.550661   slack (MET)


Startpoint: intr_uart_rx_overflow_i (input port clocked by wb_clk_i)
Endpoint: intr_vec_o[5] (output port clocked by wb_clk_i)
Path Group: wb_clk_i
Path Type: max

Fanout         Cap        Slew       Delay        Time   Description
---------------------------------------------------------------------------------------------
                                  0.000000    0.000000   clock wb_clk_i (rise edge)
                                  0.000000    0.000000   clock network delay (propagated)
                                  5.000000    5.000000 ^ input external delay
     1    0.004291    0.019246    0.011170    5.011170 ^ intr_uart_rx_overflow_i (in)
                                                         intr_uart_rx_overflow_i (net)
                      0.019247    0.000000    5.011170 ^ _258_/A (sky130_fd_sc_hd__clkbuf_1)
     1    0.002605    0.030516    0.047967    5.059138 ^ _258_/X (sky130_fd_sc_hd__clkbuf_1)
                                                         net12 (net)
                      0.030516    0.000076    5.059214 ^ output12/A (sky130_fd_sc_hd__buf_2)
     1    0.034542    0.129258    0.137629    5.196843 ^ output12/X (sky130_fd_sc_hd__buf_2)
                                                         intr_vec_o[5] (net)
                      0.129266    0.000839    5.197682 ^ intr_vec_o[5] (out)
                                              5.197682   data arrival time

                                 25.000000   25.000000   clock wb_clk_i (rise edge)
                                  0.000000   25.000000   clock network delay (propagated)
                                 -0.250000   24.750000   clock uncertainty
                                  0.000000   24.750000   clock reconvergence pessimism
                                 -5.000000   19.750000   output external delay
                                             19.750000   data required time
---------------------------------------------------------------------------------------------
                                             19.750000   data required time
                                             -5.197682   data arrival time
---------------------------------------------------------------------------------------------
                                             14.552317   slack (MET)


Startpoint: intr_uart_rx_timeout_i (input port clocked by wb_clk_i)
Endpoint: intr_vec_o[8] (output port clocked by wb_clk_i)
Path Group: wb_clk_i
Path Type: max

Fanout         Cap        Slew       Delay        Time   Description
---------------------------------------------------------------------------------------------
                                  0.000000    0.000000   clock wb_clk_i (rise edge)
                                  0.000000    0.000000   clock network delay (propagated)
                                  5.000000    5.000000 ^ input external delay
     1    0.004017    0.018278    0.010448    5.010448 ^ intr_uart_rx_timeout_i (in)
                                                         intr_uart_rx_timeout_i (net)
                      0.018279    0.000000    5.010448 ^ _261_/A (sky130_fd_sc_hd__clkbuf_1)
     1    0.002658    0.030951    0.048030    5.058478 ^ _261_/X (sky130_fd_sc_hd__clkbuf_1)
                                                         net15 (net)
                      0.030951    0.000080    5.058558 ^ output15/A (sky130_fd_sc_hd__buf_2)
     1    0.034542    0.129199    0.137764    5.196322 ^ output15/X (sky130_fd_sc_hd__buf_2)
                                                         intr_vec_o[8] (net)
                      0.129207    0.000839    5.197161 ^ intr_vec_o[8] (out)
                                              5.197161   data arrival time

                                 25.000000   25.000000   clock wb_clk_i (rise edge)
                                  0.000000   25.000000   clock network delay (propagated)
                                 -0.250000   24.750000   clock uncertainty
                                  0.000000   24.750000   clock reconvergence pessimism
                                 -5.000000   19.750000   output external delay
                                             19.750000   data required time
---------------------------------------------------------------------------------------------
                                             19.750000   data required time
                                             -5.197161   data arrival time
---------------------------------------------------------------------------------------------
                                             14.552839   slack (MET)


Startpoint: intr_uart_rx_break_err_i (input port clocked by wb_clk_i)
Endpoint: intr_vec_o[7] (output port clocked by wb_clk_i)
Path Group: wb_clk_i
Path Type: max

Fanout         Cap        Slew       Delay        Time   Description
---------------------------------------------------------------------------------------------
                                  0.000000    0.000000   clock wb_clk_i (rise edge)
                                  0.000000    0.000000   clock network delay (propagated)
                                  5.000000    5.000000 ^ input external delay
     1    0.003833    0.017629    0.009958    5.009958 ^ intr_uart_rx_break_err_i (in)
                                                         intr_uart_rx_break_err_i (net)
                      0.017629    0.000000    5.009958 ^ _260_/A (sky130_fd_sc_hd__clkbuf_1)
     1    0.002525    0.029872    0.047067    5.057025 ^ _260_/X (sky130_fd_sc_hd__clkbuf_1)
                                                         net14 (net)
                      0.029872    0.000070    5.057096 ^ output14/A (sky130_fd_sc_hd__buf_2)
     1    0.033982    0.127233    0.136202    5.193297 ^ output14/X (sky130_fd_sc_hd__buf_2)
                                                         intr_vec_o[7] (net)
                      0.127237    0.000617    5.193914 ^ intr_vec_o[7] (out)
                                              5.193914   data arrival time

                                 25.000000   25.000000   clock wb_clk_i (rise edge)
                                  0.000000   25.000000   clock network delay (propagated)
                                 -0.250000   24.750000   clock uncertainty
                                  0.000000   24.750000   clock reconvergence pessimism
                                 -5.000000   19.750000   output external delay
                                             19.750000   data required time
---------------------------------------------------------------------------------------------
                                             19.750000   data required time
                                             -5.193914   data arrival time
---------------------------------------------------------------------------------------------
                                             14.556085   slack (MET)


Startpoint: spi_mosi_i (input port clocked by wb_clk_i)
Endpoint: io_out[4] (output port clocked by wb_clk_i)
Path Group: wb_clk_i
Path Type: max

Fanout         Cap        Slew       Delay        Time   Description
---------------------------------------------------------------------------------------------
                                  0.000000    0.000000   clock wb_clk_i (rise edge)
                                  0.000000    0.000000   clock network delay (propagated)
                                  5.000000    5.000000 ^ input external delay
     1    0.003684    0.017094    0.009569    5.009569 ^ spi_mosi_i (in)
                                                         spi_mosi_i (net)
                      0.017095    0.000000    5.009569 ^ _271_/A (sky130_fd_sc_hd__clkbuf_1)
     1    0.002351    0.028468    0.045892    5.055460 ^ _271_/X (sky130_fd_sc_hd__clkbuf_1)
                                                         net20 (net)
                      0.028468    0.000048    5.055509 ^ output20/A (sky130_fd_sc_hd__buf_2)
     1    0.034043    0.127454    0.135927    5.191436 ^ output20/X (sky130_fd_sc_hd__buf_2)
                                                         io_out[4] (net)
                      0.127458    0.000618    5.192054 ^ io_out[4] (out)
                                              5.192054   data arrival time

                                 25.000000   25.000000   clock wb_clk_i (rise edge)
                                  0.000000   25.000000   clock network delay (propagated)
                                 -0.250000   24.750000   clock uncertainty
                                  0.000000   24.750000   clock reconvergence pessimism
                                 -5.000000   19.750000   output external delay
                                             19.750000   data required time
---------------------------------------------------------------------------------------------
                                             19.750000   data required time
                                             -5.192054   data arrival time
---------------------------------------------------------------------------------------------
                                             14.557946   slack (MET)


Startpoint: plic_irq_i (input port clocked by wb_clk_i)
Endpoint: user_irq[0] (output port clocked by wb_clk_i)
Path Group: wb_clk_i
Path Type: max

Fanout         Cap        Slew       Delay        Time   Description
---------------------------------------------------------------------------------------------
                                  0.000000    0.000000   clock wb_clk_i (rise edge)
                                  0.000000    0.000000   clock network delay (propagated)
                                  5.000000    5.000000 ^ input external delay
     1    0.003431    0.016180    0.008895    5.008895 ^ plic_irq_i (in)
                                                         plic_irq_i (net)
                      0.016180    0.000000    5.008895 ^ _275_/A (sky130_fd_sc_hd__clkbuf_1)
     1    0.002339    0.028366    0.045570    5.054465 ^ _275_/X (sky130_fd_sc_hd__clkbuf_1)
                                                         net25 (net)
                      0.028366    0.000066    5.054531 ^ output25/A (sky130_fd_sc_hd__buf_2)
     1    0.034093    0.127632    0.136014    5.190545 ^ output25/X (sky130_fd_sc_hd__buf_2)
                                                         user_irq[0] (net)
                      0.127637    0.000625    5.191170 ^ user_irq[0] (out)
                                              5.191170   data arrival time

                                 25.000000   25.000000   clock wb_clk_i (rise edge)
                                  0.000000   25.000000   clock network delay (propagated)
                                 -0.250000   24.750000   clock uncertainty
                                  0.000000   24.750000   clock reconvergence pessimism
                                 -5.000000   19.750000   output external delay
                                             19.750000   data required time
---------------------------------------------------------------------------------------------
                                             19.750000   data required time
                                             -5.191170   data arrival time
---------------------------------------------------------------------------------------------
                                             14.558829   slack (MET)



