
===========================================================================
report_checks -path_delay max (Setup)
============================================================================
======================= min_tt_025C_1v80 Corner ===================================

Startpoint: wb_clk_i (clock source 'wb_clk_i')
Endpoint: clk_o (output port clocked by wb_clk_i)
Path Group: wb_clk_i
Path Type: max

Fanout         Cap        Slew       Delay        Time   Description
---------------------------------------------------------------------------------------------
                                 12.500000   12.500000   clock wb_clk_i (fall edge)
                                  0.000000   12.500000   clock source latency
     1    0.004128    0.011707    0.006674   12.506674 v wb_clk_i (in)
                                                         wb_clk_i (net)
                      0.011711    0.000000   12.506674 v _253_/A (sky130_fd_sc_hd__buf_2)
     1    0.015803    0.050428    0.131672   12.638345 v _253_/X (sky130_fd_sc_hd__buf_2)
                                                         net2 (net)
                      0.050452    0.001092   12.639437 v output2/A (sky130_fd_sc_hd__buf_1)
     1    0.034014    0.198313    0.223271   12.862708 v output2/X (sky130_fd_sc_hd__buf_1)
                                                         clk_o (net)
                      0.198313    0.000180   12.862888 v clk_o (out)
                                             12.862888   data arrival time

                                 25.000000   25.000000   clock wb_clk_i (rise edge)
                                  0.000000   25.000000   clock network delay (propagated)
                                 -0.250000   24.750000   clock uncertainty
                                  0.000000   24.750000   clock reconvergence pessimism
                                 -5.000000   19.750000   output external delay
                                             19.750000   data required time
---------------------------------------------------------------------------------------------
                                             19.750000   data required time
                                            -12.862888   data arrival time
---------------------------------------------------------------------------------------------
                                              6.887112   slack (MET)


Startpoint: uart_tx_i (input port clocked by wb_clk_i)
Endpoint: io_out[1] (output port clocked by wb_clk_i)
Path Group: wb_clk_i
Path Type: max

Fanout         Cap        Slew       Delay        Time   Description
---------------------------------------------------------------------------------------------
                                  0.000000    0.000000   clock wb_clk_i (rise edge)
                                  0.000000    0.000000   clock network delay (propagated)
                                  5.000000    5.000000 ^ input external delay
     2    0.036998    0.171097    0.121470    5.121469 ^ uart_tx_i (in)
                                                         uart_tx_i (net)
                      0.171300    0.000000    5.121469 ^ _268_/A (sky130_fd_sc_hd__clkbuf_2)
     1    0.023937    0.135812    0.209869    5.331339 ^ _268_/X (sky130_fd_sc_hd__clkbuf_2)
                                                         net17 (net)
                      0.135880    0.002478    5.333817 ^ output17/A (sky130_fd_sc_hd__buf_2)
     1    0.034759    0.172861    0.232053    5.565869 ^ output17/X (sky130_fd_sc_hd__buf_2)
                                                         io_out[1] (net)
                      0.172861    0.000431    5.566300 ^ io_out[1] (out)
                                              5.566300   data arrival time

                                 25.000000   25.000000   clock wb_clk_i (rise edge)
                                  0.000000   25.000000   clock network delay (propagated)
                                 -0.250000   24.750000   clock uncertainty
                                  0.000000   24.750000   clock reconvergence pessimism
                                 -5.000000   19.750000   output external delay
                                             19.750000   data required time
---------------------------------------------------------------------------------------------
                                             19.750000   data required time
                                             -5.566300   data arrival time
---------------------------------------------------------------------------------------------
                                             14.183700   slack (MET)


Startpoint: spi_cs_n_i (input port clocked by wb_clk_i)
Endpoint: io_out[3] (output port clocked by wb_clk_i)
Path Group: wb_clk_i
Path Type: max

Fanout         Cap        Slew       Delay        Time   Description
---------------------------------------------------------------------------------------------
                                  0.000000    0.000000   clock wb_clk_i (rise edge)
                                  0.000000    0.000000   clock network delay (propagated)
                                  5.000000    5.000000 ^ input external delay
     2    0.039186    0.180216    0.128543    5.128542 ^ spi_cs_n_i (in)
                                                         spi_cs_n_i (net)
                      0.180477    0.000000    5.128542 ^ _270_/A (sky130_fd_sc_hd__clkbuf_2)
     1    0.019304    0.111787    0.195793    5.324336 ^ _270_/X (sky130_fd_sc_hd__clkbuf_2)
                                                         net19 (net)
                      0.111885    0.001631    5.325966 ^ output19/A (sky130_fd_sc_hd__buf_2)
     1    0.034323    0.170732    0.223128    5.549095 ^ output19/X (sky130_fd_sc_hd__buf_2)
                                                         io_out[3] (net)
                      0.170732    0.000357    5.549451 ^ io_out[3] (out)
                                              5.549451   data arrival time

                                 25.000000   25.000000   clock wb_clk_i (rise edge)
                                  0.000000   25.000000   clock network delay (propagated)
                                 -0.250000   24.750000   clock uncertainty
                                  0.000000   24.750000   clock reconvergence pessimism
                                 -5.000000   19.750000   output external delay
                                             19.750000   data required time
---------------------------------------------------------------------------------------------
                                             19.750000   data required time
                                             -5.549451   data arrival time
---------------------------------------------------------------------------------------------
                                             14.200549   slack (MET)


Startpoint: intr_spi_host_rx_full_i (input port clocked by wb_clk_i)
Endpoint: intr_vec_o[11] (output port clocked by wb_clk_i)
Path Group: wb_clk_i
Path Type: max

Fanout         Cap        Slew       Delay        Time   Description
---------------------------------------------------------------------------------------------
                                  0.000000    0.000000   clock wb_clk_i (rise edge)
                                  0.000000    0.000000   clock network delay (propagated)
                                  5.000000    5.000000 ^ input external delay
     2    0.017188    0.083225    0.057347    5.057347 ^ intr_spi_host_rx_full_i (in)
                                                         intr_spi_host_rx_full_i (net)
                      0.083251    0.000000    5.057347 ^ _264_/A (sky130_fd_sc_hd__clkbuf_1)
     1    0.003576    0.052774    0.097585    5.154932 ^ _264_/X (sky130_fd_sc_hd__clkbuf_1)
                                                         net4 (net)
                      0.052774    0.000057    5.154989 ^ output4/A (sky130_fd_sc_hd__buf_2)
     1    0.034052    0.169091    0.200573    5.355561 ^ output4/X (sky130_fd_sc_hd__buf_2)
                                                         intr_vec_o[11] (net)
                      0.169091    0.000173    5.355735 ^ intr_vec_o[11] (out)
                                              5.355735   data arrival time

                                 25.000000   25.000000   clock wb_clk_i (rise edge)
                                  0.000000   25.000000   clock network delay (propagated)
                                 -0.250000   24.750000   clock uncertainty
                                  0.000000   24.750000   clock reconvergence pessimism
                                 -5.000000   19.750000   output external delay
                                             19.750000   data required time
---------------------------------------------------------------------------------------------
                                             19.750000   data required time
                                             -5.355735   data arrival time
---------------------------------------------------------------------------------------------
                                             14.394265   slack (MET)


Startpoint: io_in[0] (input port clocked by wb_clk_i)
Endpoint: uart_rx_o (output port clocked by wb_clk_i)
Path Group: wb_clk_i
Path Type: max

Fanout         Cap        Slew       Delay        Time   Description
---------------------------------------------------------------------------------------------
                                  0.000000    0.000000   clock wb_clk_i (rise edge)
                                  0.000000    0.000000   clock network delay (propagated)
                                  5.000000    5.000000 ^ input external delay
     1    0.013609    0.067252    0.045932    5.045932 ^ io_in[0] (in)
                                                         io_in[0] (net)
                      0.067263    0.000000    5.045932 ^ _274_/A (sky130_fd_sc_hd__clkbuf_1)
     1    0.004169    0.059186    0.098086    5.144018 ^ _274_/X (sky130_fd_sc_hd__clkbuf_1)
                                                         net24 (net)
                      0.059186    0.000067    5.144085 ^ output24/A (sky130_fd_sc_hd__buf_2)
     1    0.034509    0.171313    0.204268    5.348352 ^ output24/X (sky130_fd_sc_hd__buf_2)
                                                         uart_rx_o (net)
                      0.171313    0.000444    5.348797 ^ uart_rx_o (out)
                                              5.348797   data arrival time

                                 25.000000   25.000000   clock wb_clk_i (rise edge)
                                  0.000000   25.000000   clock network delay (propagated)
                                 -0.250000   24.750000   clock uncertainty
                                  0.000000   24.750000   clock reconvergence pessimism
                                 -5.000000   19.750000   output external delay
                                             19.750000   data required time
---------------------------------------------------------------------------------------------
                                             19.750000   data required time
                                             -5.348797   data arrival time
---------------------------------------------------------------------------------------------
                                             14.401202   slack (MET)


Startpoint: intr_uart_tx_done_i (input port clocked by wb_clk_i)
Endpoint: intr_vec_o[4] (output port clocked by wb_clk_i)
Path Group: wb_clk_i
Path Type: max

Fanout         Cap        Slew       Delay        Time   Description
---------------------------------------------------------------------------------------------
                                  0.000000    0.000000   clock wb_clk_i (rise edge)
                                  0.000000    0.000000   clock network delay (propagated)
                                  5.000000    5.000000 ^ input external delay
     1    0.008881    0.046449    0.030548    5.030548 ^ intr_uart_tx_done_i (in)
                                                         intr_uart_tx_done_i (net)
                      0.046453    0.000000    5.030548 ^ _257_/A (sky130_fd_sc_hd__clkbuf_1)
     1    0.005875    0.078152    0.105618    5.136166 ^ _257_/X (sky130_fd_sc_hd__clkbuf_1)
                                                         net11 (net)
                      0.078152    0.000129    5.136295 ^ output11/A (sky130_fd_sc_hd__buf_2)
     1    0.034514    0.171446    0.211272    5.347567 ^ output11/X (sky130_fd_sc_hd__buf_2)
                                                         intr_vec_o[4] (net)
                      0.171446    0.000445    5.348011 ^ intr_vec_o[4] (out)
                                              5.348011   data arrival time

                                 25.000000   25.000000   clock wb_clk_i (rise edge)
                                  0.000000   25.000000   clock network delay (propagated)
                                 -0.250000   24.750000   clock uncertainty
                                  0.000000   24.750000   clock reconvergence pessimism
                                 -5.000000   19.750000   output external delay
                                             19.750000   data required time
---------------------------------------------------------------------------------------------
                                             19.750000   data required time
                                             -5.348011   data arrival time
---------------------------------------------------------------------------------------------
                                             14.401988   slack (MET)


Startpoint: intr_uart_rx_frame_err_i (input port clocked by wb_clk_i)
Endpoint: intr_vec_o[6] (output port clocked by wb_clk_i)
Path Group: wb_clk_i
Path Type: max

Fanout         Cap        Slew       Delay        Time   Description
---------------------------------------------------------------------------------------------
                                  0.000000    0.000000   clock wb_clk_i (rise edge)
                                  0.000000    0.000000   clock network delay (propagated)
                                  5.000000    5.000000 ^ input external delay
     2    0.013840    0.068287    0.046727    5.046727 ^ intr_uart_rx_frame_err_i (in)
                                                         intr_uart_rx_frame_err_i (net)
                      0.068301    0.000000    5.046727 ^ _259_/A (sky130_fd_sc_hd__clkbuf_1)
     1    0.003902    0.056244    0.096231    5.142958 ^ _259_/X (sky130_fd_sc_hd__clkbuf_1)
                                                         net13 (net)
                      0.056244    0.000068    5.143027 ^ output13/A (sky130_fd_sc_hd__buf_2)
     1    0.034080    0.169245    0.201928    5.344955 ^ output13/X (sky130_fd_sc_hd__buf_2)
                                                         intr_vec_o[6] (net)
                      0.169245    0.000203    5.345158 ^ intr_vec_o[6] (out)
                                              5.345158   data arrival time

                                 25.000000   25.000000   clock wb_clk_i (rise edge)
                                  0.000000   25.000000   clock network delay (propagated)
                                 -0.250000   24.750000   clock uncertainty
                                  0.000000   24.750000   clock reconvergence pessimism
                                 -5.000000   19.750000   output external delay
                                             19.750000   data required time
---------------------------------------------------------------------------------------------
                                             19.750000   data required time
                                             -5.345158   data arrival time
---------------------------------------------------------------------------------------------
                                             14.404842   slack (MET)


Startpoint: io_in[5] (input port clocked by wb_clk_i)
Endpoint: spi_miso_o (output port clocked by wb_clk_i)
Path Group: wb_clk_i
Path Type: max

Fanout         Cap        Slew       Delay        Time   Description
---------------------------------------------------------------------------------------------
                                  0.000000    0.000000   clock wb_clk_i (rise edge)
                                  0.000000    0.000000   clock network delay (propagated)
                                  5.000000    5.000000 ^ input external delay
     2    0.015895    0.077430    0.053236    5.053236 ^ io_in[5] (in)
                                                         io_in[5] (net)
                      0.077447    0.000000    5.053236 ^ _273_/A (sky130_fd_sc_hd__clkbuf_1)
     1    0.002352    0.039572    0.086069    5.139305 ^ _273_/X (sky130_fd_sc_hd__clkbuf_1)
                                                         net23 (net)
                      0.039572    0.000022    5.139328 ^ output23/A (sky130_fd_sc_hd__buf_2)
     1    0.033987    0.168796    0.195302    5.334630 ^ output23/X (sky130_fd_sc_hd__buf_2)
                                                         spi_miso_o (net)
                      0.168796    0.000168    5.334798 ^ spi_miso_o (out)
                                              5.334798   data arrival time

                                 25.000000   25.000000   clock wb_clk_i (rise edge)
                                  0.000000   25.000000   clock network delay (propagated)
                                 -0.250000   24.750000   clock uncertainty
                                  0.000000   24.750000   clock reconvergence pessimism
                                 -5.000000   19.750000   output external delay
                                             19.750000   data required time
---------------------------------------------------------------------------------------------
                                             19.750000   data required time
                                             -5.334798   data arrival time
---------------------------------------------------------------------------------------------
                                             14.415202   slack (MET)


Startpoint: intr_uart_rx_parity_err_i (input port clocked by wb_clk_i)
Endpoint: intr_vec_o[9] (output port clocked by wb_clk_i)
Path Group: wb_clk_i
Path Type: max

Fanout         Cap        Slew       Delay        Time   Description
---------------------------------------------------------------------------------------------
                                  0.000000    0.000000   clock wb_clk_i (rise edge)
                                  0.000000    0.000000   clock network delay (propagated)
                                  5.000000    5.000000 ^ input external delay
     1    0.012501    0.062430    0.042348    5.042348 ^ intr_uart_rx_parity_err_i (in)
                                                         intr_uart_rx_parity_err_i (net)
                      0.062439    0.000000    5.042348 ^ _262_/A (sky130_fd_sc_hd__clkbuf_1)
     1    0.002618    0.042202    0.084311    5.126660 ^ _262_/X (sky130_fd_sc_hd__clkbuf_1)
                                                         net16 (net)
                      0.042202    0.000029    5.126688 ^ output16/A (sky130_fd_sc_hd__buf_2)
     1    0.034060    0.169147    0.196545    5.323234 ^ output16/X (sky130_fd_sc_hd__buf_2)
                                                         intr_vec_o[9] (net)
                      0.169147    0.000173    5.323407 ^ intr_vec_o[9] (out)
                                              5.323407   data arrival time

                                 25.000000   25.000000   clock wb_clk_i (rise edge)
                                  0.000000   25.000000   clock network delay (propagated)
                                 -0.250000   24.750000   clock uncertainty
                                  0.000000   24.750000   clock reconvergence pessimism
                                 -5.000000   19.750000   output external delay
                                             19.750000   data required time
---------------------------------------------------------------------------------------------
                                             19.750000   data required time
                                             -5.323407   data arrival time
---------------------------------------------------------------------------------------------
                                             14.426593   slack (MET)


Startpoint: intr_uart_rx_watermark_i (input port clocked by wb_clk_i)
Endpoint: intr_vec_o[3] (output port clocked by wb_clk_i)
Path Group: wb_clk_i
Path Type: max

Fanout         Cap        Slew       Delay        Time   Description
---------------------------------------------------------------------------------------------
                                  0.000000    0.000000   clock wb_clk_i (rise edge)
                                  0.000000    0.000000   clock network delay (propagated)
                                  5.000000    5.000000 ^ input external delay
     1    0.010986    0.055839    0.037394    5.037394 ^ intr_uart_rx_watermark_i (in)
                                                         intr_uart_rx_watermark_i (net)
                      0.055844    0.000000    5.037394 ^ _256_/A (sky130_fd_sc_hd__clkbuf_1)
     1    0.003148    0.047821    0.086906    5.124300 ^ _256_/X (sky130_fd_sc_hd__clkbuf_1)
                                                         net10 (net)
                      0.047821    0.000043    5.124342 ^ output10/A (sky130_fd_sc_hd__buf_2)
     1    0.034071    0.169194    0.198715    5.323058 ^ output10/X (sky130_fd_sc_hd__buf_2)
                                                         intr_vec_o[3] (net)
                      0.169194    0.000203    5.323260 ^ intr_vec_o[3] (out)
                                              5.323260   data arrival time

                                 25.000000   25.000000   clock wb_clk_i (rise edge)
                                  0.000000   25.000000   clock network delay (propagated)
                                 -0.250000   24.750000   clock uncertainty
                                  0.000000   24.750000   clock reconvergence pessimism
                                 -5.000000   19.750000   output external delay
                                             19.750000   data required time
---------------------------------------------------------------------------------------------
                                             19.750000   data required time
                                             -5.323260   data arrival time
---------------------------------------------------------------------------------------------
                                             14.426740   slack (MET)


Startpoint: wb_rst_i (input port clocked by wb_clk_i)
Endpoint: rst_no (output port clocked by wb_clk_i)
Path Group: wb_clk_i
Path Type: max

Fanout         Cap        Slew       Delay        Time   Description
---------------------------------------------------------------------------------------------
                                  0.000000    0.000000   clock wb_clk_i (rise edge)
                                  0.000000    0.000000   clock network delay (propagated)
                                  5.000000    5.000000 v input external delay
     1    0.002608    0.008189    0.004095    5.004095 v wb_rst_i (in)
                                                         wb_rst_i (net)
                      0.008189    0.000000    5.004095 v input1/A (sky130_fd_sc_hd__clkbuf_1)
     1    0.005173    0.038809    0.083270    5.087365 v input1/X (sky130_fd_sc_hd__clkbuf_1)
                                                         net1 (net)
                      0.038809    0.000062    5.087428 v _000_/A (sky130_fd_sc_hd__inv_2)
     1    0.002216    0.020107    0.035520    5.122947 ^ _000_/Y (sky130_fd_sc_hd__inv_2)
                                                         net22 (net)
                      0.020107    0.000012    5.122960 ^ output22/A (sky130_fd_sc_hd__buf_2)
     1    0.034124    0.169441    0.188301    5.311261 ^ output22/X (sky130_fd_sc_hd__buf_2)
                                                         rst_no (net)
                      0.169441    0.000191    5.311451 ^ rst_no (out)
                                              5.311451   data arrival time

                                 25.000000   25.000000   clock wb_clk_i (rise edge)
                                  0.000000   25.000000   clock network delay (propagated)
                                 -0.250000   24.750000   clock uncertainty
                                  0.000000   24.750000   clock reconvergence pessimism
                                 -5.000000   19.750000   output external delay
                                             19.750000   data required time
---------------------------------------------------------------------------------------------
                                             19.750000   data required time
                                             -5.311451   data arrival time
---------------------------------------------------------------------------------------------
                                             14.438548   slack (MET)


Startpoint: fft_done_i (input port clocked by wb_clk_i)
Endpoint: intr_vec_o[13] (output port clocked by wb_clk_i)
Path Group: wb_clk_i
Path Type: max

Fanout         Cap        Slew       Delay        Time   Description
---------------------------------------------------------------------------------------------
                                  0.000000    0.000000   clock wb_clk_i (rise edge)
                                  0.000000    0.000000   clock network delay (propagated)
                                  5.000000    5.000000 ^ input external delay
     2    0.009750    0.050317    0.033298    5.033298 ^ fft_done_i (in)
                                                         fft_done_i (net)
                      0.050319    0.000000    5.033298 ^ _266_/A (sky130_fd_sc_hd__clkbuf_1)
     1    0.002385    0.039610    0.078994    5.112292 ^ _266_/X (sky130_fd_sc_hd__clkbuf_1)
                                                         net6 (net)
                      0.039610    0.000025    5.112317 ^ output6/A (sky130_fd_sc_hd__buf_2)
     1    0.034996    0.173544    0.198421    5.310738 ^ output6/X (sky130_fd_sc_hd__buf_2)
                                                         intr_vec_o[13] (net)
                      0.173544    0.000520    5.311258 ^ intr_vec_o[13] (out)
                                              5.311258   data arrival time

                                 25.000000   25.000000   clock wb_clk_i (rise edge)
                                  0.000000   25.000000   clock network delay (propagated)
                                 -0.250000   24.750000   clock uncertainty
                                  0.000000   24.750000   clock reconvergence pessimism
                                 -5.000000   19.750000   output external delay
                                             19.750000   data required time
---------------------------------------------------------------------------------------------
                                             19.750000   data required time
                                             -5.311258   data arrival time
---------------------------------------------------------------------------------------------
                                             14.438742   slack (MET)


Startpoint: fft_done_i (input port clocked by wb_clk_i)
Endpoint: io_out[6] (output port clocked by wb_clk_i)
Path Group: wb_clk_i
Path Type: max

Fanout         Cap        Slew       Delay        Time   Description
---------------------------------------------------------------------------------------------
                                  0.000000    0.000000   clock wb_clk_i (rise edge)
                                  0.000000    0.000000   clock network delay (propagated)
                                  5.000000    5.000000 ^ input external delay
     2    0.009750    0.050317    0.033303    5.033303 ^ fft_done_i (in)
                                                         fft_done_i (net)
                      0.050320    0.000000    5.033303 ^ _272_/A (sky130_fd_sc_hd__clkbuf_1)
     1    0.002357    0.039310    0.078763    5.112066 ^ _272_/X (sky130_fd_sc_hd__clkbuf_1)
                                                         net21 (net)
                      0.039310    0.000024    5.112090 ^ output21/A (sky130_fd_sc_hd__buf_2)
     1    0.034874    0.172976    0.197899    5.309989 ^ output21/X (sky130_fd_sc_hd__buf_2)
                                                         io_out[6] (net)
                      0.172976    0.000522    5.310511 ^ io_out[6] (out)
                                              5.310511   data arrival time

                                 25.000000   25.000000   clock wb_clk_i (rise edge)
                                  0.000000   25.000000   clock network delay (propagated)
                                 -0.250000   24.750000   clock uncertainty
                                  0.000000   24.750000   clock reconvergence pessimism
                                 -5.000000   19.750000   output external delay
                                             19.750000   data required time
---------------------------------------------------------------------------------------------
                                             19.750000   data required time
                                             -5.310511   data arrival time
---------------------------------------------------------------------------------------------
                                             14.439488   slack (MET)


Startpoint: intr_uart_tx_watermark_i (input port clocked by wb_clk_i)
Endpoint: intr_vec_o[1] (output port clocked by wb_clk_i)
Path Group: wb_clk_i
Path Type: max

Fanout         Cap        Slew       Delay        Time   Description
---------------------------------------------------------------------------------------------
                                  0.000000    0.000000   clock wb_clk_i (rise edge)
                                  0.000000    0.000000   clock network delay (propagated)
                                  5.000000    5.000000 ^ input external delay
     1    0.009057    0.047235    0.031080    5.031080 ^ intr_uart_tx_watermark_i (in)
                                                         intr_uart_tx_watermark_i (net)
                      0.047239    0.000000    5.031080 ^ _254_/A (sky130_fd_sc_hd__clkbuf_1)
     1    0.002396    0.039716    0.078011    5.109091 ^ _254_/X (sky130_fd_sc_hd__clkbuf_1)
                                                         net8 (net)
                      0.039716    0.000023    5.109114 ^ output8/A (sky130_fd_sc_hd__buf_2)
     1    0.034067    0.169172    0.195598    5.304711 ^ output8/X (sky130_fd_sc_hd__buf_2)
                                                         intr_vec_o[1] (net)
                      0.169172    0.000203    5.304914 ^ intr_vec_o[1] (out)
                                              5.304914   data arrival time

                                 25.000000   25.000000   clock wb_clk_i (rise edge)
                                  0.000000   25.000000   clock network delay (propagated)
                                 -0.250000   24.750000   clock uncertainty
                                  0.000000   24.750000   clock reconvergence pessimism
                                 -5.000000   19.750000   output external delay
                                             19.750000   data required time
---------------------------------------------------------------------------------------------
                                             19.750000   data required time
                                             -5.304914   data arrival time
---------------------------------------------------------------------------------------------
                                             14.445086   slack (MET)


Startpoint: intr_uart_tx_empty_i (input port clocked by wb_clk_i)
Endpoint: intr_vec_o[2] (output port clocked by wb_clk_i)
Path Group: wb_clk_i
Path Type: max

Fanout         Cap        Slew       Delay        Time   Description
---------------------------------------------------------------------------------------------
                                  0.000000    0.000000   clock wb_clk_i (rise edge)
                                  0.000000    0.000000   clock network delay (propagated)
                                  5.000000    5.000000 ^ input external delay
     1    0.003514    0.022826    0.012799    5.012799 ^ intr_uart_tx_empty_i (in)
                                                         intr_uart_tx_empty_i (net)
                      0.022826    0.000000    5.012799 ^ _255_/A (sky130_fd_sc_hd__clkbuf_1)
     1    0.004428    0.061987    0.085928    5.098727 ^ _255_/X (sky130_fd_sc_hd__clkbuf_1)
                                                         net9 (net)
                      0.061987    0.000095    5.098822 ^ output9/A (sky130_fd_sc_hd__buf_2)
     1    0.033956    0.168693    0.203658    5.302480 ^ output9/X (sky130_fd_sc_hd__buf_2)
                                                         intr_vec_o[2] (net)
                      0.168693    0.000168    5.302648 ^ intr_vec_o[2] (out)
                                              5.302648   data arrival time

                                 25.000000   25.000000   clock wb_clk_i (rise edge)
                                  0.000000   25.000000   clock network delay (propagated)
                                 -0.250000   24.750000   clock uncertainty
                                  0.000000   24.750000   clock reconvergence pessimism
                                 -5.000000   19.750000   output external delay
                                             19.750000   data required time
---------------------------------------------------------------------------------------------
                                             19.750000   data required time
                                             -5.302648   data arrival time
---------------------------------------------------------------------------------------------
                                             14.447352   slack (MET)


Startpoint: intr_spi_host_tx_empty_i (input port clocked by wb_clk_i)
Endpoint: intr_vec_o[10] (output port clocked by wb_clk_i)
Path Group: wb_clk_i
Path Type: max

Fanout         Cap        Slew       Delay        Time   Description
---------------------------------------------------------------------------------------------
                                  0.000000    0.000000   clock wb_clk_i (rise edge)
                                  0.000000    0.000000   clock network delay (propagated)
                                  5.000000    5.000000 ^ input external delay
     1    0.003513    0.022822    0.012806    5.012806 ^ intr_spi_host_tx_empty_i (in)
                                                         intr_spi_host_tx_empty_i (net)
                      0.022822    0.000000    5.012806 ^ _263_/A (sky130_fd_sc_hd__clkbuf_1)
     1    0.003116    0.047471    0.075501    5.088307 ^ _263_/X (sky130_fd_sc_hd__clkbuf_1)
                                                         net3 (net)
                      0.047471    0.000042    5.088349 ^ output3/A (sky130_fd_sc_hd__buf_2)
     1    0.034752    0.172377    0.200687    5.289036 ^ output3/X (sky130_fd_sc_hd__buf_2)
                                                         intr_vec_o[10] (net)
                      0.172377    0.000431    5.289466 ^ intr_vec_o[10] (out)
                                              5.289466   data arrival time

                                 25.000000   25.000000   clock wb_clk_i (rise edge)
                                  0.000000   25.000000   clock network delay (propagated)
                                 -0.250000   24.750000   clock uncertainty
                                  0.000000   24.750000   clock reconvergence pessimism
                                 -5.000000   19.750000   output external delay
                                             19.750000   data required time
---------------------------------------------------------------------------------------------
                                             19.750000   data required time
                                             -5.289466   data arrival time
---------------------------------------------------------------------------------------------
                                             14.460533   slack (MET)


Startpoint: intr_spi_host_idle_i (input port clocked by wb_clk_i)
Endpoint: intr_vec_o[12] (output port clocked by wb_clk_i)
Path Group: wb_clk_i
Path Type: max

Fanout         Cap        Slew       Delay        Time   Description
---------------------------------------------------------------------------------------------
                                  0.000000    0.000000   clock wb_clk_i (rise edge)
                                  0.000000    0.000000   clock network delay (propagated)
                                  5.000000    5.000000 ^ input external delay
     1    0.004173    0.025700    0.015136    5.015136 ^ intr_spi_host_idle_i (in)
                                                         intr_spi_host_idle_i (net)
                      0.025700    0.000000    5.015136 ^ _265_/A (sky130_fd_sc_hd__clkbuf_1)
     1    0.002963    0.045808    0.075227    5.090364 ^ _265_/X (sky130_fd_sc_hd__clkbuf_1)
                                                         net5 (net)
                      0.045808    0.000036    5.090399 ^ output5/A (sky130_fd_sc_hd__buf_2)
     1    0.034331    0.170442    0.198697    5.289095 ^ output5/X (sky130_fd_sc_hd__buf_2)
                                                         intr_vec_o[12] (net)
                      0.170442    0.000357    5.289453 ^ intr_vec_o[12] (out)
                                              5.289453   data arrival time

                                 25.000000   25.000000   clock wb_clk_i (rise edge)
                                  0.000000   25.000000   clock network delay (propagated)
                                 -0.250000   24.750000   clock uncertainty
                                  0.000000   24.750000   clock reconvergence pessimism
                                 -5.000000   19.750000   output external delay
                                             19.750000   data required time
---------------------------------------------------------------------------------------------
                                             19.750000   data required time
                                             -5.289453   data arrival time
---------------------------------------------------------------------------------------------
                                             14.460546   slack (MET)


Startpoint: fft_error_i (input port clocked by wb_clk_i)
Endpoint: intr_vec_o[14] (output port clocked by wb_clk_i)
Path Group: wb_clk_i
Path Type: max

Fanout         Cap        Slew       Delay        Time   Description
---------------------------------------------------------------------------------------------
                                  0.000000    0.000000   clock wb_clk_i (rise edge)
                                  0.000000    0.000000   clock network delay (propagated)
                                  5.000000    5.000000 ^ input external delay
     1    0.004540    0.027291    0.016377    5.016377 ^ fft_error_i (in)
                                                         fft_error_i (net)
                      0.027291    0.000000    5.016377 ^ _267_/A (sky130_fd_sc_hd__clkbuf_1)
     1    0.002791    0.043946    0.074356    5.090733 ^ _267_/X (sky130_fd_sc_hd__clkbuf_1)
                                                         net7 (net)
                      0.043946    0.000032    5.090765 ^ output7/A (sky130_fd_sc_hd__buf_2)
     1    0.034386    0.170670    0.198169    5.288934 ^ output7/X (sky130_fd_sc_hd__buf_2)
                                                         intr_vec_o[14] (net)
                      0.170670    0.000358    5.289293 ^ intr_vec_o[14] (out)
                                              5.289293   data arrival time

                                 25.000000   25.000000   clock wb_clk_i (rise edge)
                                  0.000000   25.000000   clock network delay (propagated)
                                 -0.250000   24.750000   clock uncertainty
                                  0.000000   24.750000   clock reconvergence pessimism
                                 -5.000000   19.750000   output external delay
                                             19.750000   data required time
---------------------------------------------------------------------------------------------
                                             19.750000   data required time
                                             -5.289293   data arrival time
---------------------------------------------------------------------------------------------
                                             14.460707   slack (MET)


Startpoint: spi_sclk_i (input port clocked by wb_clk_i)
Endpoint: io_out[2] (output port clocked by wb_clk_i)
Path Group: wb_clk_i
Path Type: max

Fanout         Cap        Slew       Delay        Time   Description
---------------------------------------------------------------------------------------------
                                  0.000000    0.000000   clock wb_clk_i (rise edge)
                                  0.000000    0.000000   clock network delay (propagated)
                                  5.000000    5.000000 ^ input external delay
     1    0.003851    0.024291    0.013994    5.013994 ^ spi_sclk_i (in)
                                                         spi_sclk_i (net)
                      0.024291    0.000000    5.013994 ^ _269_/A (sky130_fd_sc_hd__clkbuf_1)
     1    0.002725    0.043234    0.072777    5.086771 ^ _269_/X (sky130_fd_sc_hd__clkbuf_1)
                                                         net18 (net)
                      0.043234    0.000031    5.086802 ^ output18/A (sky130_fd_sc_hd__buf_2)
     1    0.034514    0.171279    0.198263    5.285065 ^ output18/X (sky130_fd_sc_hd__buf_2)
                                                         io_out[2] (net)
                      0.171279    0.000445    5.285510 ^ io_out[2] (out)
                                              5.285510   data arrival time

                                 25.000000   25.000000   clock wb_clk_i (rise edge)
                                  0.000000   25.000000   clock network delay (propagated)
                                 -0.250000   24.750000   clock uncertainty
                                  0.000000   24.750000   clock reconvergence pessimism
                                 -5.000000   19.750000   output external delay
                                             19.750000   data required time
---------------------------------------------------------------------------------------------
                                             19.750000   data required time
                                             -5.285510   data arrival time
---------------------------------------------------------------------------------------------
                                             14.464491   slack (MET)


Startpoint: intr_uart_rx_overflow_i (input port clocked by wb_clk_i)
Endpoint: intr_vec_o[5] (output port clocked by wb_clk_i)
Path Group: wb_clk_i
Path Type: max

Fanout         Cap        Slew       Delay        Time   Description
---------------------------------------------------------------------------------------------
                                  0.000000    0.000000   clock wb_clk_i (rise edge)
                                  0.000000    0.000000   clock network delay (propagated)
                                  5.000000    5.000000 ^ input external delay
     1    0.004076    0.025268    0.014782    5.014782 ^ intr_uart_rx_overflow_i (in)
                                                         intr_uart_rx_overflow_i (net)
                      0.025276    0.000000    5.014782 ^ _258_/A (sky130_fd_sc_hd__clkbuf_1)
     1    0.002464    0.040418    0.070965    5.085748 ^ _258_/X (sky130_fd_sc_hd__clkbuf_1)
                                                         net12 (net)
                      0.040418    0.000026    5.085773 ^ output12/A (sky130_fd_sc_hd__buf_2)
     1    0.034476    0.171106    0.197065    5.282838 ^ output12/X (sky130_fd_sc_hd__buf_2)
                                                         intr_vec_o[5] (net)
                      0.171106    0.000433    5.283271 ^ intr_vec_o[5] (out)
                                              5.283271   data arrival time

                                 25.000000   25.000000   clock wb_clk_i (rise edge)
                                  0.000000   25.000000   clock network delay (propagated)
                                 -0.250000   24.750000   clock uncertainty
                                  0.000000   24.750000   clock reconvergence pessimism
                                 -5.000000   19.750000   output external delay
                                             19.750000   data required time
---------------------------------------------------------------------------------------------
                                             19.750000   data required time
                                             -5.283271   data arrival time
---------------------------------------------------------------------------------------------
                                             14.466728   slack (MET)


Startpoint: intr_uart_rx_timeout_i (input port clocked by wb_clk_i)
Endpoint: intr_vec_o[8] (output port clocked by wb_clk_i)
Path Group: wb_clk_i
Path Type: max

Fanout         Cap        Slew       Delay        Time   Description
---------------------------------------------------------------------------------------------
                                  0.000000    0.000000   clock wb_clk_i (rise edge)
                                  0.000000    0.000000   clock network delay (propagated)
                                  5.000000    5.000000 ^ input external delay
     1    0.003824    0.024174    0.013899    5.013899 ^ intr_uart_rx_timeout_i (in)
                                                         intr_uart_rx_timeout_i (net)
                      0.024174    0.000000    5.013899 ^ _261_/A (sky130_fd_sc_hd__clkbuf_1)
     1    0.002515    0.040970    0.071008    5.084907 ^ _261_/X (sky130_fd_sc_hd__clkbuf_1)
                                                         net15 (net)
                      0.040970    0.000027    5.084933 ^ output15/A (sky130_fd_sc_hd__buf_2)
     1    0.034476    0.171105    0.197276    5.282210 ^ output15/X (sky130_fd_sc_hd__buf_2)
                                                         intr_vec_o[8] (net)
                      0.171105    0.000433    5.282642 ^ intr_vec_o[8] (out)
                                              5.282642   data arrival time

                                 25.000000   25.000000   clock wb_clk_i (rise edge)
                                  0.000000   25.000000   clock network delay (propagated)
                                 -0.250000   24.750000   clock uncertainty
                                  0.000000   24.750000   clock reconvergence pessimism
                                 -5.000000   19.750000   output external delay
                                             19.750000   data required time
---------------------------------------------------------------------------------------------
                                             19.750000   data required time
                                             -5.282642   data arrival time
---------------------------------------------------------------------------------------------
                                             14.467358   slack (MET)


Startpoint: intr_uart_rx_break_err_i (input port clocked by wb_clk_i)
Endpoint: intr_vec_o[7] (output port clocked by wb_clk_i)
Path Group: wb_clk_i
Path Type: max

Fanout         Cap        Slew       Delay        Time   Description
---------------------------------------------------------------------------------------------
                                  0.000000    0.000000   clock wb_clk_i (rise edge)
                                  0.000000    0.000000   clock network delay (propagated)
                                  5.000000    5.000000 ^ input external delay
     1    0.003665    0.023484    0.013332    5.013332 ^ intr_uart_rx_break_err_i (in)
                                                         intr_uart_rx_break_err_i (net)
                      0.023484    0.000000    5.013332 ^ _260_/A (sky130_fd_sc_hd__clkbuf_1)
     1    0.002386    0.039583    0.069704    5.083036 ^ _260_/X (sky130_fd_sc_hd__clkbuf_1)
                                                         net14 (net)
                      0.039583    0.000023    5.083058 ^ output14/A (sky130_fd_sc_hd__buf_2)
     1    0.033952    0.168631    0.195189    5.278248 ^ output14/X (sky130_fd_sc_hd__buf_2)
                                                         intr_vec_o[7] (net)
                      0.168631    0.000168    5.278416 ^ intr_vec_o[7] (out)
                                              5.278416   data arrival time

                                 25.000000   25.000000   clock wb_clk_i (rise edge)
                                  0.000000   25.000000   clock network delay (propagated)
                                 -0.250000   24.750000   clock uncertainty
                                  0.000000   24.750000   clock reconvergence pessimism
                                 -5.000000   19.750000   output external delay
                                             19.750000   data required time
---------------------------------------------------------------------------------------------
                                             19.750000   data required time
                                             -5.278416   data arrival time
---------------------------------------------------------------------------------------------
                                             14.471583   slack (MET)


Startpoint: spi_mosi_i (input port clocked by wb_clk_i)
Endpoint: io_out[4] (output port clocked by wb_clk_i)
Path Group: wb_clk_i
Path Type: max

Fanout         Cap        Slew       Delay        Time   Description
---------------------------------------------------------------------------------------------
                                  0.000000    0.000000   clock wb_clk_i (rise edge)
                                  0.000000    0.000000   clock network delay (propagated)
                                  5.000000    5.000000 ^ input external delay
     1    0.003505    0.022785    0.012771    5.012771 ^ spi_mosi_i (in)
                                                         spi_mosi_i (net)
                      0.022785    0.000000    5.012771 ^ _271_/A (sky130_fd_sc_hd__clkbuf_1)
     1    0.002233    0.039295    0.068205    5.080976 ^ _271_/X (sky130_fd_sc_hd__clkbuf_1)
                                                         net20 (net)
                      0.039295    0.000012    5.080988 ^ output20/A (sky130_fd_sc_hd__buf_2)
     1    0.034004    0.168875    0.195253    5.276241 ^ output20/X (sky130_fd_sc_hd__buf_2)
                                                         io_out[4] (net)
                      0.168875    0.000168    5.276409 ^ io_out[4] (out)
                                              5.276409   data arrival time

                                 25.000000   25.000000   clock wb_clk_i (rise edge)
                                  0.000000   25.000000   clock network delay (propagated)
                                 -0.250000   24.750000   clock uncertainty
                                  0.000000   24.750000   clock reconvergence pessimism
                                 -5.000000   19.750000   output external delay
                                             19.750000   data required time
---------------------------------------------------------------------------------------------
                                             19.750000   data required time
                                             -5.276409   data arrival time
---------------------------------------------------------------------------------------------
                                             14.473591   slack (MET)


Startpoint: plic_irq_i (input port clocked by wb_clk_i)
Endpoint: user_irq[0] (output port clocked by wb_clk_i)
Path Group: wb_clk_i
Path Type: max

Fanout         Cap        Slew       Delay        Time   Description
---------------------------------------------------------------------------------------------
                                  0.000000    0.000000   clock wb_clk_i (rise edge)
                                  0.000000    0.000000   clock network delay (propagated)
                                  5.000000    5.000000 ^ input external delay
     1    0.003289    0.021845    0.012009    5.012009 ^ plic_irq_i (in)
                                                         plic_irq_i (net)
                      0.021845    0.000000    5.012009 ^ _275_/A (sky130_fd_sc_hd__clkbuf_1)
     1    0.002231    0.037925    0.067857    5.079866 ^ _275_/X (sky130_fd_sc_hd__clkbuf_1)
                                                         net25 (net)
                      0.037925    0.000021    5.079887 ^ output25/A (sky130_fd_sc_hd__buf_2)
     1    0.034053    0.169109    0.194887    5.274775 ^ output25/X (sky130_fd_sc_hd__buf_2)
                                                         user_irq[0] (net)
                      0.169109    0.000173    5.274948 ^ user_irq[0] (out)
                                              5.274948   data arrival time

                                 25.000000   25.000000   clock wb_clk_i (rise edge)
                                  0.000000   25.000000   clock network delay (propagated)
                                 -0.250000   24.750000   clock uncertainty
                                  0.000000   24.750000   clock reconvergence pessimism
                                 -5.000000   19.750000   output external delay
                                             19.750000   data required time
---------------------------------------------------------------------------------------------
                                             19.750000   data required time
                                             -5.274948   data arrival time
---------------------------------------------------------------------------------------------
                                             14.475052   slack (MET)



