
===========================================================================
report_checks -path_delay min (Hold)
============================================================================
======================= min_tt_025C_1v80 Corner ===================================

Startpoint: wb_clk_i (clock source 'wb_clk_i')
Endpoint: clk_o (output port clocked by wb_clk_i)
Path Group: wb_clk_i
Path Type: min

Fanout         Cap        Slew       Delay        Time   Description
---------------------------------------------------------------------------------------------
                                  0.000000    0.000000   clock wb_clk_i (rise edge)
                                  0.000000    0.000000   clock source latency
     1    0.004288    0.026188    0.015527    0.015527 ^ wb_clk_i (in)
                                                         wb_clk_i (net)
                      0.026196    0.000000    0.015527 ^ _253_/A (sky130_fd_sc_hd__buf_2)
     1    0.015979    0.085089    0.130243    0.145770 ^ _253_/X (sky130_fd_sc_hd__buf_2)
                                                         net2 (net)
                      0.085111    0.001113    0.146883 ^ output2/A (sky130_fd_sc_hd__buf_1)
     1    0.034014    0.404060    0.339909    0.486792 ^ output2/X (sky130_fd_sc_hd__buf_1)
                                                         clk_o (net)
                      0.404060    0.000180    0.486972 ^ clk_o (out)
                                              0.486972   data arrival time

                                  0.000000    0.000000   clock wb_clk_i (rise edge)
                                  0.000000    0.000000   clock network delay (propagated)
                                  0.250000    0.250000   clock uncertainty
                                  0.000000    0.250000   clock reconvergence pessimism
                                 -5.000000   -4.750000   output external delay
                                             -4.750000   data required time
---------------------------------------------------------------------------------------------
                                             -4.750000   data required time
                                             -0.486972   data arrival time
---------------------------------------------------------------------------------------------
                                              5.236972   slack (MET)


Startpoint: plic_irq_i (input port clocked by wb_clk_i)
Endpoint: user_irq[0] (output port clocked by wb_clk_i)
Path Group: wb_clk_i
Path Type: min

Fanout         Cap        Slew       Delay        Time   Description
---------------------------------------------------------------------------------------------
                                  0.000000    0.000000   clock wb_clk_i (rise edge)
                                  0.000000    0.000000   clock network delay (propagated)
                                  5.000000    5.000000 v input external delay
     1    0.003113    0.009357    0.004944    5.004944 v plic_irq_i (in)
                                                         plic_irq_i (net)
                      0.009357    0.000000    5.004944 v _275_/A (sky130_fd_sc_hd__clkbuf_1)
     1    0.002071    0.022759    0.068460    5.073404 v _275_/X (sky130_fd_sc_hd__clkbuf_1)
                                                         net25 (net)
                      0.022759    0.000020    5.073423 v output25/A (sky130_fd_sc_hd__buf_2)
     1    0.034053    0.088985    0.170513    5.243937 v output25/X (sky130_fd_sc_hd__buf_2)
                                                         user_irq[0] (net)
                      0.088985    0.000173    5.244110 v user_irq[0] (out)
                                              5.244110   data arrival time

                                  0.000000    0.000000   clock wb_clk_i (rise edge)
                                  0.000000    0.000000   clock network delay (propagated)
                                  0.250000    0.250000   clock uncertainty
                                  0.000000    0.250000   clock reconvergence pessimism
                                 -5.000000   -4.750000   output external delay
                                             -4.750000   data required time
---------------------------------------------------------------------------------------------
                                             -4.750000   data required time
                                             -5.244110   data arrival time
---------------------------------------------------------------------------------------------
                                              9.994110   slack (MET)


Startpoint: spi_mosi_i (input port clocked by wb_clk_i)
Endpoint: io_out[4] (output port clocked by wb_clk_i)
Path Group: wb_clk_i
Path Type: min

Fanout         Cap        Slew       Delay        Time   Description
---------------------------------------------------------------------------------------------
                                  0.000000    0.000000   clock wb_clk_i (rise edge)
                                  0.000000    0.000000   clock network delay (propagated)
                                  5.000000    5.000000 v input external delay
     1    0.003329    0.009860    0.005314    5.005314 v spi_mosi_i (in)
                                                         spi_mosi_i (net)
                      0.009860    0.000000    5.005314 v _271_/A (sky130_fd_sc_hd__clkbuf_1)
     1    0.002073    0.022771    0.068662    5.073976 v _271_/X (sky130_fd_sc_hd__clkbuf_1)
                                                         net20 (net)
                      0.022771    0.000011    5.073987 v output20/A (sky130_fd_sc_hd__buf_2)
     1    0.034004    0.088876    0.170430    5.244417 v output20/X (sky130_fd_sc_hd__buf_2)
                                                         io_out[4] (net)
                      0.088876    0.000168    5.244585 v io_out[4] (out)
                                              5.244585   data arrival time

                                  0.000000    0.000000   clock wb_clk_i (rise edge)
                                  0.000000    0.000000   clock network delay (propagated)
                                  0.250000    0.250000   clock uncertainty
                                  0.000000    0.250000   clock reconvergence pessimism
                                 -5.000000   -4.750000   output external delay
                                             -4.750000   data required time
---------------------------------------------------------------------------------------------
                                             -4.750000   data required time
                                             -5.244585   data arrival time
---------------------------------------------------------------------------------------------
                                              9.994585   slack (MET)


Startpoint: intr_uart_rx_break_err_i (input port clocked by wb_clk_i)
Endpoint: intr_vec_o[7] (output port clocked by wb_clk_i)
Path Group: wb_clk_i
Path Type: min

Fanout         Cap        Slew       Delay        Time   Description
---------------------------------------------------------------------------------------------
                                  0.000000    0.000000   clock wb_clk_i (rise edge)
                                  0.000000    0.000000   clock network delay (propagated)
                                  5.000000    5.000000 v input external delay
     1    0.003489    0.010232    0.005583    5.005583 v intr_uart_rx_break_err_i (in)
                                                         intr_uart_rx_break_err_i (net)
                      0.010232    0.000000    5.005583 v _260_/A (sky130_fd_sc_hd__clkbuf_1)
     1    0.002226    0.023550    0.069645    5.075227 v _260_/X (sky130_fd_sc_hd__clkbuf_1)
                                                         net14 (net)
                      0.023550    0.000021    5.075248 v output14/A (sky130_fd_sc_hd__buf_2)
     1    0.033952    0.088763    0.170660    5.245909 v output14/X (sky130_fd_sc_hd__buf_2)
                                                         intr_vec_o[7] (net)
                      0.088763    0.000168    5.246077 v intr_vec_o[7] (out)
                                              5.246077   data arrival time

                                  0.000000    0.000000   clock wb_clk_i (rise edge)
                                  0.000000    0.000000   clock network delay (propagated)
                                  0.250000    0.250000   clock uncertainty
                                  0.000000    0.250000   clock reconvergence pessimism
                                 -5.000000   -4.750000   output external delay
                                             -4.750000   data required time
---------------------------------------------------------------------------------------------
                                             -4.750000   data required time
                                             -5.246077   data arrival time
---------------------------------------------------------------------------------------------
                                              9.996078   slack (MET)


Startpoint: intr_uart_rx_timeout_i (input port clocked by wb_clk_i)
Endpoint: intr_vec_o[8] (output port clocked by wb_clk_i)
Path Group: wb_clk_i
Path Type: min

Fanout         Cap        Slew       Delay        Time   Description
---------------------------------------------------------------------------------------------
                                  0.000000    0.000000   clock wb_clk_i (rise edge)
                                  0.000000    0.000000   clock network delay (propagated)
                                  5.000000    5.000000 v input external delay
     1    0.003648    0.010600    0.005860    5.005860 v intr_uart_rx_timeout_i (in)
                                                         intr_uart_rx_timeout_i (net)
                      0.010600    0.000000    5.005860 v _261_/A (sky130_fd_sc_hd__clkbuf_1)
     1    0.002355    0.024214    0.070493    5.076354 v _261_/X (sky130_fd_sc_hd__clkbuf_1)
                                                         net15 (net)
                      0.024214    0.000025    5.076379 v output15/A (sky130_fd_sc_hd__buf_2)
     1    0.034476    0.090009    0.171716    5.248095 v output15/X (sky130_fd_sc_hd__buf_2)
                                                         intr_vec_o[8] (net)
                      0.090010    0.000433    5.248528 v intr_vec_o[8] (out)
                                              5.248528   data arrival time

                                  0.000000    0.000000   clock wb_clk_i (rise edge)
                                  0.000000    0.000000   clock network delay (propagated)
                                  0.250000    0.250000   clock uncertainty
                                  0.000000    0.250000   clock reconvergence pessimism
                                 -5.000000   -4.750000   output external delay
                                             -4.750000   data required time
---------------------------------------------------------------------------------------------
                                             -4.750000   data required time
                                             -5.248528   data arrival time
---------------------------------------------------------------------------------------------
                                              9.998528   slack (MET)


Startpoint: intr_uart_rx_overflow_i (input port clocked by wb_clk_i)
Endpoint: intr_vec_o[5] (output port clocked by wb_clk_i)
Path Group: wb_clk_i
Path Type: min

Fanout         Cap        Slew       Delay        Time   Description
---------------------------------------------------------------------------------------------
                                  0.000000    0.000000   clock wb_clk_i (rise edge)
                                  0.000000    0.000000   clock network delay (propagated)
                                  5.000000    5.000000 v input external delay
     1    0.003900    0.011181    0.006287    5.006287 v intr_uart_rx_overflow_i (in)
                                                         intr_uart_rx_overflow_i (net)
                      0.011181    0.000000    5.006287 v _258_/A (sky130_fd_sc_hd__clkbuf_1)
     1    0.002304    0.023953    0.070431    5.076717 v _258_/X (sky130_fd_sc_hd__clkbuf_1)
                                                         net12 (net)
                      0.023953    0.000024    5.076741 v output12/A (sky130_fd_sc_hd__buf_2)
     1    0.034476    0.090011    0.171604    5.248344 v output12/X (sky130_fd_sc_hd__buf_2)
                                                         intr_vec_o[5] (net)
                      0.090012    0.000433    5.248777 v intr_vec_o[5] (out)
                                              5.248777   data arrival time

                                  0.000000    0.000000   clock wb_clk_i (rise edge)
                                  0.000000    0.000000   clock network delay (propagated)
                                  0.250000    0.250000   clock uncertainty
                                  0.000000    0.250000   clock reconvergence pessimism
                                 -5.000000   -4.750000   output external delay
                                             -4.750000   data required time
---------------------------------------------------------------------------------------------
                                             -4.750000   data required time
                                             -5.248777   data arrival time
---------------------------------------------------------------------------------------------
                                              9.998777   slack (MET)


Startpoint: spi_sclk_i (input port clocked by wb_clk_i)
Endpoint: io_out[2] (output port clocked by wb_clk_i)
Path Group: wb_clk_i
Path Type: min

Fanout         Cap        Slew       Delay        Time   Description
---------------------------------------------------------------------------------------------
                                  0.000000    0.000000   clock wb_clk_i (rise edge)
                                  0.000000    0.000000   clock network delay (propagated)
                                  5.000000    5.000000 v input external delay
     1    0.003675    0.010662    0.005907    5.005907 v spi_sclk_i (in)
                                                         spi_sclk_i (net)
                      0.010662    0.000000    5.005907 v _269_/A (sky130_fd_sc_hd__clkbuf_1)
     1    0.002565    0.025287    0.071672    5.077579 v _269_/X (sky130_fd_sc_hd__clkbuf_1)
                                                         net18 (net)
                      0.025287    0.000028    5.077608 v output18/A (sky130_fd_sc_hd__buf_2)
     1    0.034514    0.090088    0.172240    5.249848 v output18/X (sky130_fd_sc_hd__buf_2)
                                                         io_out[2] (net)
                      0.090090    0.000445    5.250292 v io_out[2] (out)
                                              5.250292   data arrival time

                                  0.000000    0.000000   clock wb_clk_i (rise edge)
                                  0.000000    0.000000   clock network delay (propagated)
                                  0.250000    0.250000   clock uncertainty
                                  0.000000    0.250000   clock reconvergence pessimism
                                 -5.000000   -4.750000   output external delay
                                             -4.750000   data required time
---------------------------------------------------------------------------------------------
                                             -4.750000   data required time
                                             -5.250292   data arrival time
---------------------------------------------------------------------------------------------
                                             10.000293   slack (MET)


Startpoint: fft_error_i (input port clocked by wb_clk_i)
Endpoint: intr_vec_o[14] (output port clocked by wb_clk_i)
Path Group: wb_clk_i
Path Type: min

Fanout         Cap        Slew       Delay        Time   Description
---------------------------------------------------------------------------------------------
                                  0.000000    0.000000   clock wb_clk_i (rise edge)
                                  0.000000    0.000000   clock network delay (propagated)
                                  5.000000    5.000000 v input external delay
     1    0.004364    0.012256    0.007082    5.007082 v fft_error_i (in)
                                                         fft_error_i (net)
                      0.012257    0.000000    5.007082 v _267_/A (sky130_fd_sc_hd__clkbuf_1)
     1    0.002631    0.025635    0.072637    5.079720 v _267_/X (sky130_fd_sc_hd__clkbuf_1)
                                                         net7 (net)
                      0.025635    0.000030    5.079750 v output7/A (sky130_fd_sc_hd__buf_2)
     1    0.034386    0.089772    0.172218    5.251967 v output7/X (sky130_fd_sc_hd__buf_2)
                                                         intr_vec_o[14] (net)
                      0.089772    0.000358    5.252326 v intr_vec_o[14] (out)
                                              5.252326   data arrival time

                                  0.000000    0.000000   clock wb_clk_i (rise edge)
                                  0.000000    0.000000   clock network delay (propagated)
                                  0.250000    0.250000   clock uncertainty
                                  0.000000    0.250000   clock reconvergence pessimism
                                 -5.000000   -4.750000   output external delay
                                             -4.750000   data required time
---------------------------------------------------------------------------------------------
                                             -4.750000   data required time
                                             -5.252326   data arrival time
---------------------------------------------------------------------------------------------
                                             10.002326   slack (MET)


Startpoint: intr_spi_host_idle_i (input port clocked by wb_clk_i)
Endpoint: intr_vec_o[12] (output port clocked by wb_clk_i)
Path Group: wb_clk_i
Path Type: min

Fanout         Cap        Slew       Delay        Time   Description
---------------------------------------------------------------------------------------------
                                  0.000000    0.000000   clock wb_clk_i (rise edge)
                                  0.000000    0.000000   clock network delay (propagated)
                                  5.000000    5.000000 v input external delay
     1    0.003997    0.011406    0.006462    5.006462 v intr_spi_host_idle_i (in)
                                                         intr_spi_host_idle_i (net)
                      0.011412    0.000000    5.006462 v _265_/A (sky130_fd_sc_hd__clkbuf_1)
     1    0.002803    0.026513    0.073267    5.079729 v _265_/X (sky130_fd_sc_hd__clkbuf_1)
                                                         net5 (net)
                      0.026513    0.000033    5.079762 v output5/A (sky130_fd_sc_hd__buf_2)
     1    0.034331    0.089645    0.172494    5.252256 v output5/X (sky130_fd_sc_hd__buf_2)
                                                         intr_vec_o[12] (net)
                      0.089645    0.000357    5.252614 v intr_vec_o[12] (out)
                                              5.252614   data arrival time

                                  0.000000    0.000000   clock wb_clk_i (rise edge)
                                  0.000000    0.000000   clock network delay (propagated)
                                  0.250000    0.250000   clock uncertainty
                                  0.000000    0.250000   clock reconvergence pessimism
                                 -5.000000   -4.750000   output external delay
                                             -4.750000   data required time
---------------------------------------------------------------------------------------------
                                             -4.750000   data required time
                                             -5.252614   data arrival time
---------------------------------------------------------------------------------------------
                                             10.002614   slack (MET)


Startpoint: intr_spi_host_tx_empty_i (input port clocked by wb_clk_i)
Endpoint: intr_vec_o[10] (output port clocked by wb_clk_i)
Path Group: wb_clk_i
Path Type: min

Fanout         Cap        Slew       Delay        Time   Description
---------------------------------------------------------------------------------------------
                                  0.000000    0.000000   clock wb_clk_i (rise edge)
                                  0.000000    0.000000   clock network delay (propagated)
                                  5.000000    5.000000 v input external delay
     1    0.003337    0.009880    0.005333    5.005333 v intr_spi_host_tx_empty_i (in)
                                                         intr_spi_host_tx_empty_i (net)
                      0.009880    0.000000    5.005333 v _263_/A (sky130_fd_sc_hd__clkbuf_1)
     1    0.002956    0.027288    0.073534    5.078866 v _263_/X (sky130_fd_sc_hd__clkbuf_1)
                                                         net3 (net)
                      0.027288    0.000039    5.078906 v output3/A (sky130_fd_sc_hd__buf_2)
     1    0.034752    0.090578    0.173559    5.252464 v output3/X (sky130_fd_sc_hd__buf_2)
                                                         intr_vec_o[10] (net)
                      0.090579    0.000430    5.252894 v intr_vec_o[10] (out)
                                              5.252894   data arrival time

                                  0.000000    0.000000   clock wb_clk_i (rise edge)
                                  0.000000    0.000000   clock network delay (propagated)
                                  0.250000    0.250000   clock uncertainty
                                  0.000000    0.250000   clock reconvergence pessimism
                                 -5.000000   -4.750000   output external delay
                                             -4.750000   data required time
---------------------------------------------------------------------------------------------
                                             -4.750000   data required time
                                             -5.252894   data arrival time
---------------------------------------------------------------------------------------------
                                             10.002894   slack (MET)


Startpoint: intr_uart_tx_watermark_i (input port clocked by wb_clk_i)
Endpoint: intr_vec_o[1] (output port clocked by wb_clk_i)
Path Group: wb_clk_i
Path Type: min

Fanout         Cap        Slew       Delay        Time   Description
---------------------------------------------------------------------------------------------
                                  0.000000    0.000000   clock wb_clk_i (rise edge)
                                  0.000000    0.000000   clock network delay (propagated)
                                  5.000000    5.000000 v input external delay
     1    0.008881    0.022083    0.014498    5.014498 v intr_uart_tx_watermark_i (in)
                                                         intr_uart_tx_watermark_i (net)
                      0.022089    0.000000    5.014498 v _254_/A (sky130_fd_sc_hd__clkbuf_1)
     1    0.002236    0.023647    0.074179    5.088677 v _254_/X (sky130_fd_sc_hd__clkbuf_1)
                                                         net8 (net)
                      0.023647    0.000021    5.088698 v output8/A (sky130_fd_sc_hd__buf_2)
     1    0.034067    0.089026    0.170890    5.259588 v output8/X (sky130_fd_sc_hd__buf_2)
                                                         intr_vec_o[1] (net)
                      0.089026    0.000203    5.259790 v intr_vec_o[1] (out)
                                              5.259790   data arrival time

                                  0.000000    0.000000   clock wb_clk_i (rise edge)
                                  0.000000    0.000000   clock network delay (propagated)
                                  0.250000    0.250000   clock uncertainty
                                  0.000000    0.250000   clock reconvergence pessimism
                                 -5.000000   -4.750000   output external delay
                                             -4.750000   data required time
---------------------------------------------------------------------------------------------
                                             -4.750000   data required time
                                             -5.259790   data arrival time
---------------------------------------------------------------------------------------------
                                             10.009790   slack (MET)


Startpoint: intr_uart_tx_empty_i (input port clocked by wb_clk_i)
Endpoint: intr_vec_o[2] (output port clocked by wb_clk_i)
Path Group: wb_clk_i
Path Type: min

Fanout         Cap        Slew       Delay        Time   Description
---------------------------------------------------------------------------------------------
                                  0.000000    0.000000   clock wb_clk_i (rise edge)
                                  0.000000    0.000000   clock network delay (propagated)
                                  5.000000    5.000000 v input external delay
     1    0.003338    0.009882    0.005325    5.005325 v intr_uart_tx_empty_i (in)
                                                         intr_uart_tx_empty_i (net)
                      0.009882    0.000000    5.005325 v _255_/A (sky130_fd_sc_hd__clkbuf_1)
     1    0.004268    0.034034    0.079758    5.085083 v _255_/X (sky130_fd_sc_hd__clkbuf_1)
                                                         net9 (net)
                      0.034034    0.000090    5.085173 v output9/A (sky130_fd_sc_hd__buf_2)
     1    0.033956    0.088699    0.175187    5.260359 v output9/X (sky130_fd_sc_hd__buf_2)
                                                         intr_vec_o[2] (net)
                      0.088699    0.000168    5.260527 v intr_vec_o[2] (out)
                                              5.260527   data arrival time

                                  0.000000    0.000000   clock wb_clk_i (rise edge)
                                  0.000000    0.000000   clock network delay (propagated)
                                  0.250000    0.250000   clock uncertainty
                                  0.000000    0.250000   clock reconvergence pessimism
                                 -5.000000   -4.750000   output external delay
                                             -4.750000   data required time
---------------------------------------------------------------------------------------------
                                             -4.750000   data required time
                                             -5.260527   data arrival time
---------------------------------------------------------------------------------------------
                                             10.010528   slack (MET)


Startpoint: fft_done_i (input port clocked by wb_clk_i)
Endpoint: io_out[6] (output port clocked by wb_clk_i)
Path Group: wb_clk_i
Path Type: min

Fanout         Cap        Slew       Delay        Time   Description
---------------------------------------------------------------------------------------------
                                  0.000000    0.000000   clock wb_clk_i (rise edge)
                                  0.000000    0.000000   clock network delay (propagated)
                                  5.000000    5.000000 v input external delay
     2    0.009398    0.023209    0.015319    5.015319 v fft_done_i (in)
                                                         fft_done_i (net)
                      0.023214    0.000000    5.015319 v _272_/A (sky130_fd_sc_hd__clkbuf_1)
     1    0.002197    0.023452    0.074402    5.089722 v _272_/X (sky130_fd_sc_hd__clkbuf_1)
                                                         net21 (net)
                      0.023452    0.000022    5.089744 v output21/A (sky130_fd_sc_hd__buf_2)
     1    0.034874    0.090910    0.172063    5.261806 v output21/X (sky130_fd_sc_hd__buf_2)
                                                         io_out[6] (net)
                      0.090912    0.000521    5.262328 v io_out[6] (out)
                                              5.262328   data arrival time

                                  0.000000    0.000000   clock wb_clk_i (rise edge)
                                  0.000000    0.000000   clock network delay (propagated)
                                  0.250000    0.250000   clock uncertainty
                                  0.000000    0.250000   clock reconvergence pessimism
                                 -5.000000   -4.750000   output external delay
                                             -4.750000   data required time
---------------------------------------------------------------------------------------------
                                             -4.750000   data required time
                                             -5.262328   data arrival time
---------------------------------------------------------------------------------------------
                                             10.012328   slack (MET)


Startpoint: fft_done_i (input port clocked by wb_clk_i)
Endpoint: intr_vec_o[13] (output port clocked by wb_clk_i)
Path Group: wb_clk_i
Path Type: min

Fanout         Cap        Slew       Delay        Time   Description
---------------------------------------------------------------------------------------------
                                  0.000000    0.000000   clock wb_clk_i (rise edge)
                                  0.000000    0.000000   clock network delay (propagated)
                                  5.000000    5.000000 v input external delay
     2    0.009398    0.023209    0.015315    5.015316 v fft_done_i (in)
                                                         fft_done_i (net)
                      0.023213    0.000000    5.015316 v _266_/A (sky130_fd_sc_hd__clkbuf_1)
     1    0.002225    0.023598    0.074557    5.089873 v _266_/X (sky130_fd_sc_hd__clkbuf_1)
                                                         net6 (net)
                      0.023598    0.000023    5.089896 v output6/A (sky130_fd_sc_hd__buf_2)
     1    0.034996    0.091171    0.172355    5.262251 v output6/X (sky130_fd_sc_hd__buf_2)
                                                         intr_vec_o[13] (net)
                      0.091173    0.000520    5.262771 v intr_vec_o[13] (out)
                                              5.262771   data arrival time

                                  0.000000    0.000000   clock wb_clk_i (rise edge)
                                  0.000000    0.000000   clock network delay (propagated)
                                  0.250000    0.250000   clock uncertainty
                                  0.000000    0.250000   clock reconvergence pessimism
                                 -5.000000   -4.750000   output external delay
                                             -4.750000   data required time
---------------------------------------------------------------------------------------------
                                             -4.750000   data required time
                                             -5.262771   data arrival time
---------------------------------------------------------------------------------------------
                                             10.012772   slack (MET)


Startpoint: intr_uart_rx_parity_err_i (input port clocked by wb_clk_i)
Endpoint: intr_vec_o[9] (output port clocked by wb_clk_i)
Path Group: wb_clk_i
Path Type: min

Fanout         Cap        Slew       Delay        Time   Description
---------------------------------------------------------------------------------------------
                                  0.000000    0.000000   clock wb_clk_i (rise edge)
                                  0.000000    0.000000   clock network delay (propagated)
                                  5.000000    5.000000 v input external delay
     1    0.012325    0.029593    0.020206    5.020205 v intr_uart_rx_parity_err_i (in)
                                                         intr_uart_rx_parity_err_i (net)
                      0.029609    0.000000    5.020205 v _262_/A (sky130_fd_sc_hd__clkbuf_1)
     1    0.002458    0.024802    0.078668    5.098874 v _262_/X (sky130_fd_sc_hd__clkbuf_1)
                                                         net16 (net)
                      0.024802    0.000027    5.098900 v output16/A (sky130_fd_sc_hd__buf_2)
     1    0.034060    0.088989    0.171398    5.270298 v output16/X (sky130_fd_sc_hd__buf_2)
                                                         intr_vec_o[9] (net)
                      0.088989    0.000173    5.270471 v intr_vec_o[9] (out)
                                              5.270471   data arrival time

                                  0.000000    0.000000   clock wb_clk_i (rise edge)
                                  0.000000    0.000000   clock network delay (propagated)
                                  0.250000    0.250000   clock uncertainty
                                  0.000000    0.250000   clock reconvergence pessimism
                                 -5.000000   -4.750000   output external delay
                                             -4.750000   data required time
---------------------------------------------------------------------------------------------
                                             -4.750000   data required time
                                             -5.270471   data arrival time
---------------------------------------------------------------------------------------------
                                             10.020471   slack (MET)


Startpoint: intr_uart_rx_watermark_i (input port clocked by wb_clk_i)
Endpoint: intr_vec_o[3] (output port clocked by wb_clk_i)
Path Group: wb_clk_i
Path Type: min

Fanout         Cap        Slew       Delay        Time   Description
---------------------------------------------------------------------------------------------
                                  0.000000    0.000000   clock wb_clk_i (rise edge)
                                  0.000000    0.000000   clock network delay (propagated)
                                  5.000000    5.000000 v input external delay
     1    0.010810    0.026308    0.017700    5.017700 v intr_uart_rx_watermark_i (in)
                                                         intr_uart_rx_watermark_i (net)
                      0.026317    0.000000    5.017700 v _256_/A (sky130_fd_sc_hd__clkbuf_1)
     1    0.002988    0.027548    0.080124    5.097825 v _256_/X (sky130_fd_sc_hd__clkbuf_1)
                                                         net10 (net)
                      0.027548    0.000040    5.097865 v output10/A (sky130_fd_sc_hd__buf_2)
     1    0.034071    0.089007    0.172578    5.270442 v output10/X (sky130_fd_sc_hd__buf_2)
                                                         intr_vec_o[3] (net)
                      0.089007    0.000203    5.270645 v intr_vec_o[3] (out)
                                              5.270645   data arrival time

                                  0.000000    0.000000   clock wb_clk_i (rise edge)
                                  0.000000    0.000000   clock network delay (propagated)
                                  0.250000    0.250000   clock uncertainty
                                  0.000000    0.250000   clock reconvergence pessimism
                                 -5.000000   -4.750000   output external delay
                                             -4.750000   data required time
---------------------------------------------------------------------------------------------
                                             -4.750000   data required time
                                             -5.270645   data arrival time
---------------------------------------------------------------------------------------------
                                             10.020645   slack (MET)


Startpoint: io_in[5] (input port clocked by wb_clk_i)
Endpoint: spi_miso_o (output port clocked by wb_clk_i)
Path Group: wb_clk_i
Path Type: min

Fanout         Cap        Slew       Delay        Time   Description
---------------------------------------------------------------------------------------------
                                  0.000000    0.000000   clock wb_clk_i (rise edge)
                                  0.000000    0.000000   clock network delay (propagated)
                                  5.000000    5.000000 v input external delay
     2    0.015676    0.036779    0.025775    5.025775 v io_in[5] (in)
                                                         io_in[5] (net)
                      0.036811    0.000000    5.025775 v _273_/A (sky130_fd_sc_hd__clkbuf_1)
     1    0.002192    0.023428    0.080394    5.106169 v _273_/X (sky130_fd_sc_hd__clkbuf_1)
                                                         net23 (net)
                      0.023428    0.000020    5.106189 v output23/A (sky130_fd_sc_hd__buf_2)
     1    0.033987    0.088840    0.170674    5.276863 v output23/X (sky130_fd_sc_hd__buf_2)
                                                         spi_miso_o (net)
                      0.088840    0.000168    5.277031 v spi_miso_o (out)
                                              5.277031   data arrival time

                                  0.000000    0.000000   clock wb_clk_i (rise edge)
                                  0.000000    0.000000   clock network delay (propagated)
                                  0.250000    0.250000   clock uncertainty
                                  0.000000    0.250000   clock reconvergence pessimism
                                 -5.000000   -4.750000   output external delay
                                             -4.750000   data required time
---------------------------------------------------------------------------------------------
                                             -4.750000   data required time
                                             -5.277031   data arrival time
---------------------------------------------------------------------------------------------
                                             10.027031   slack (MET)


Startpoint: intr_uart_rx_frame_err_i (input port clocked by wb_clk_i)
Endpoint: intr_vec_o[6] (output port clocked by wb_clk_i)
Path Group: wb_clk_i
Path Type: min

Fanout         Cap        Slew       Delay        Time   Description
---------------------------------------------------------------------------------------------
                                  0.000000    0.000000   clock wb_clk_i (rise edge)
                                  0.000000    0.000000   clock network delay (propagated)
                                  5.000000    5.000000 v input external delay
     2    0.013621    0.032226    0.022438    5.022438 v intr_uart_rx_frame_err_i (in)
                                                         intr_uart_rx_frame_err_i (net)
                      0.032255    0.000000    5.022438 v _259_/A (sky130_fd_sc_hd__clkbuf_1)
     1    0.003742    0.031405    0.086423    5.108861 v _259_/X (sky130_fd_sc_hd__clkbuf_1)
                                                         net13 (net)
                      0.031405    0.000065    5.108926 v output13/A (sky130_fd_sc_hd__buf_2)
     1    0.034080    0.089000    0.174257    5.283184 v output13/X (sky130_fd_sc_hd__buf_2)
                                                         intr_vec_o[6] (net)
                      0.089000    0.000203    5.283386 v intr_vec_o[6] (out)
                                              5.283386   data arrival time

                                  0.000000    0.000000   clock wb_clk_i (rise edge)
                                  0.000000    0.000000   clock network delay (propagated)
                                  0.250000    0.250000   clock uncertainty
                                  0.000000    0.250000   clock reconvergence pessimism
                                 -5.000000   -4.750000   output external delay
                                             -4.750000   data required time
---------------------------------------------------------------------------------------------
                                             -4.750000   data required time
                                             -5.283386   data arrival time
---------------------------------------------------------------------------------------------
                                             10.033386   slack (MET)


Startpoint: intr_uart_tx_done_i (input port clocked by wb_clk_i)
Endpoint: intr_vec_o[4] (output port clocked by wb_clk_i)
Path Group: wb_clk_i
Path Type: min

Fanout         Cap        Slew       Delay        Time   Description
---------------------------------------------------------------------------------------------
                                  0.000000    0.000000   clock wb_clk_i (rise edge)
                                  0.000000    0.000000   clock network delay (propagated)
                                  5.000000    5.000000 v input external delay
     1    0.008705    0.021694    0.014249    5.014249 v intr_uart_tx_done_i (in)
                                                         intr_uart_tx_done_i (net)
                      0.021702    0.000000    5.014249 v _257_/A (sky130_fd_sc_hd__clkbuf_1)
     1    0.005715    0.041811    0.090940    5.105189 v _257_/X (sky130_fd_sc_hd__clkbuf_1)
                                                         net11 (net)
                      0.041811    0.000124    5.105313 v output11/A (sky130_fd_sc_hd__buf_2)
     1    0.034514    0.089970    0.179358    5.284671 v output11/X (sky130_fd_sc_hd__buf_2)
                                                         intr_vec_o[4] (net)
                      0.089971    0.000445    5.285116 v intr_vec_o[4] (out)
                                              5.285116   data arrival time

                                  0.000000    0.000000   clock wb_clk_i (rise edge)
                                  0.000000    0.000000   clock network delay (propagated)
                                  0.250000    0.250000   clock uncertainty
                                  0.000000    0.250000   clock reconvergence pessimism
                                 -5.000000   -4.750000   output external delay
                                             -4.750000   data required time
---------------------------------------------------------------------------------------------
                                             -4.750000   data required time
                                             -5.285116   data arrival time
---------------------------------------------------------------------------------------------
                                             10.035116   slack (MET)


Startpoint: io_in[0] (input port clocked by wb_clk_i)
Endpoint: uart_rx_o (output port clocked by wb_clk_i)
Path Group: wb_clk_i
Path Type: min

Fanout         Cap        Slew       Delay        Time   Description
---------------------------------------------------------------------------------------------
                                  0.000000    0.000000   clock wb_clk_i (rise edge)
                                  0.000000    0.000000   clock network delay (propagated)
                                  5.000000    5.000000 v input external delay
     1    0.013433    0.031822    0.022073    5.022073 v io_in[0] (in)
                                                         io_in[0] (net)
                      0.031844    0.000000    5.022073 v _274_/A (sky130_fd_sc_hd__clkbuf_1)
     1    0.004009    0.032782    0.087476    5.109549 v _274_/X (sky130_fd_sc_hd__clkbuf_1)
                                                         net24 (net)
                      0.032782    0.000064    5.109612 v output24/A (sky130_fd_sc_hd__buf_2)
     1    0.034509    0.090024    0.175460    5.285072 v output24/X (sky130_fd_sc_hd__buf_2)
                                                         uart_rx_o (net)
                      0.090025    0.000444    5.285516 v uart_rx_o (out)
                                              5.285516   data arrival time

                                  0.000000    0.000000   clock wb_clk_i (rise edge)
                                  0.000000    0.000000   clock network delay (propagated)
                                  0.250000    0.250000   clock uncertainty
                                  0.000000    0.250000   clock reconvergence pessimism
                                 -5.000000   -4.750000   output external delay
                                             -4.750000   data required time
---------------------------------------------------------------------------------------------
                                             -4.750000   data required time
                                             -5.285516   data arrival time
---------------------------------------------------------------------------------------------
                                             10.035516   slack (MET)


Startpoint: intr_spi_host_rx_full_i (input port clocked by wb_clk_i)
Endpoint: intr_vec_o[11] (output port clocked by wb_clk_i)
Path Group: wb_clk_i
Path Type: min

Fanout         Cap        Slew       Delay        Time   Description
---------------------------------------------------------------------------------------------
                                  0.000000    0.000000   clock wb_clk_i (rise edge)
                                  0.000000    0.000000   clock network delay (propagated)
                                  5.000000    5.000000 v input external delay
     2    0.016969    0.039421    0.027897    5.027897 v intr_spi_host_rx_full_i (in)
                                                         intr_spi_host_rx_full_i (net)
                      0.039472    0.000000    5.027897 v _264_/A (sky130_fd_sc_hd__clkbuf_1)
     1    0.003416    0.029732    0.088115    5.116013 v _264_/X (sky130_fd_sc_hd__clkbuf_1)
                                                         net4 (net)
                      0.029732    0.000054    5.116066 v output4/A (sky130_fd_sc_hd__buf_2)
     1    0.034052    0.088938    0.173508    5.289575 v output4/X (sky130_fd_sc_hd__buf_2)
                                                         intr_vec_o[11] (net)
                      0.088938    0.000173    5.289748 v intr_vec_o[11] (out)
                                              5.289748   data arrival time

                                  0.000000    0.000000   clock wb_clk_i (rise edge)
                                  0.000000    0.000000   clock network delay (propagated)
                                  0.250000    0.250000   clock uncertainty
                                  0.000000    0.250000   clock reconvergence pessimism
                                 -5.000000   -4.750000   output external delay
                                             -4.750000   data required time
---------------------------------------------------------------------------------------------
                                             -4.750000   data required time
                                             -5.289748   data arrival time
---------------------------------------------------------------------------------------------
                                             10.039748   slack (MET)


Startpoint: wb_rst_i (input port clocked by wb_clk_i)
Endpoint: rst_no (output port clocked by wb_clk_i)
Path Group: wb_clk_i
Path Type: min

Fanout         Cap        Slew       Delay        Time   Description
---------------------------------------------------------------------------------------------
                                  0.000000    0.000000   clock wb_clk_i (rise edge)
                                  0.000000    0.000000   clock network delay (propagated)
                                  5.000000    5.000000 ^ input external delay
     1    0.002784    0.019666    0.010245    5.010245 ^ wb_rst_i (in)
                                                         wb_rst_i (net)
                      0.019666    0.000000    5.010245 ^ input1/A (sky130_fd_sc_hd__clkbuf_1)
     1    0.005539    0.074406    0.093662    5.103907 ^ input1/X (sky130_fd_sc_hd__clkbuf_1)
                                                         net1 (net)
                      0.074406    0.000067    5.103974 ^ _000_/A (sky130_fd_sc_hd__inv_2)
     1    0.002056    0.018060    0.028101    5.132074 v _000_/Y (sky130_fd_sc_hd__inv_2)
                                                         net22 (net)
                      0.018060    0.000011    5.132086 v output22/A (sky130_fd_sc_hd__buf_2)
     1    0.034124    0.089100    0.168734    5.300820 v output22/X (sky130_fd_sc_hd__buf_2)
                                                         rst_no (net)
                      0.089100    0.000191    5.301011 v rst_no (out)
                                              5.301011   data arrival time

                                  0.000000    0.000000   clock wb_clk_i (rise edge)
                                  0.000000    0.000000   clock network delay (propagated)
                                  0.250000    0.250000   clock uncertainty
                                  0.000000    0.250000   clock reconvergence pessimism
                                 -5.000000   -4.750000   output external delay
                                             -4.750000   data required time
---------------------------------------------------------------------------------------------
                                             -4.750000   data required time
                                             -5.301011   data arrival time
---------------------------------------------------------------------------------------------
                                             10.051011   slack (MET)


Startpoint: spi_cs_n_i (input port clocked by wb_clk_i)
Endpoint: io_out[3] (output port clocked by wb_clk_i)
Path Group: wb_clk_i
Path Type: min

Fanout         Cap        Slew       Delay        Time   Description
---------------------------------------------------------------------------------------------
                                  0.000000    0.000000   clock wb_clk_i (rise edge)
                                  0.000000    0.000000   clock network delay (propagated)
                                  5.000000    5.000000 v input external delay
     2    0.038913    0.088008    0.064882    5.064882 v spi_cs_n_i (in)
                                                         spi_cs_n_i (net)
                      0.088522    0.000000    5.064882 v _270_/A (sky130_fd_sc_hd__clkbuf_2)
     1    0.019144    0.078989    0.165826    5.230708 v _270_/X (sky130_fd_sc_hd__clkbuf_2)
                                                         net19 (net)
                      0.079083    0.001605    5.232313 v output19/A (sky130_fd_sc_hd__buf_2)
     1    0.034323    0.089465    0.195754    5.428067 v output19/X (sky130_fd_sc_hd__buf_2)
                                                         io_out[3] (net)
                      0.089465    0.000357    5.428423 v io_out[3] (out)
                                              5.428423   data arrival time

                                  0.000000    0.000000   clock wb_clk_i (rise edge)
                                  0.000000    0.000000   clock network delay (propagated)
                                  0.250000    0.250000   clock uncertainty
                                  0.000000    0.250000   clock reconvergence pessimism
                                 -5.000000   -4.750000   output external delay
                                             -4.750000   data required time
---------------------------------------------------------------------------------------------
                                             -4.750000   data required time
                                             -5.428423   data arrival time
---------------------------------------------------------------------------------------------
                                             10.178424   slack (MET)


Startpoint: uart_tx_i (input port clocked by wb_clk_i)
Endpoint: io_out[1] (output port clocked by wb_clk_i)
Path Group: wb_clk_i
Path Type: min

Fanout         Cap        Slew       Delay        Time   Description
---------------------------------------------------------------------------------------------
                                  0.000000    0.000000   clock wb_clk_i (rise edge)
                                  0.000000    0.000000   clock network delay (propagated)
                                  5.000000    5.000000 v input external delay
     2    0.036725    0.082565    0.061225    5.061225 v uart_tx_i (in)
                                                         uart_tx_i (net)
                      0.082974    0.000000    5.061225 v _268_/A (sky130_fd_sc_hd__clkbuf_2)
     1    0.023777    0.095544    0.175675    5.236900 v _268_/X (sky130_fd_sc_hd__clkbuf_2)
                                                         net17 (net)
                      0.095636    0.002445    5.239345 v output17/A (sky130_fd_sc_hd__buf_2)
     1    0.034759    0.090454    0.204042    5.443387 v output17/X (sky130_fd_sc_hd__buf_2)
                                                         io_out[1] (net)
                      0.090455    0.000430    5.443818 v io_out[1] (out)
                                              5.443818   data arrival time

                                  0.000000    0.000000   clock wb_clk_i (rise edge)
                                  0.000000    0.000000   clock network delay (propagated)
                                  0.250000    0.250000   clock uncertainty
                                  0.000000    0.250000   clock reconvergence pessimism
                                 -5.000000   -4.750000   output external delay
                                             -4.750000   data required time
---------------------------------------------------------------------------------------------
                                             -4.750000   data required time
                                             -5.443818   data arrival time
---------------------------------------------------------------------------------------------
                                             10.193818   slack (MET)



