Clock: clk_i
Sources: clk_i 
Generated: no
Virtual: yes
Propagated: no
Period: 25.000000

===========================================================================
report_clock_properties
============================================================================
Clock                   Period          Waveform
----------------------------------------------------
clk_i                25.000000    0.000000 12.500000

===========================================================================
report_clock_latency
============================================================================
Clock clk_i
rise -> rise
    min     max
0.000000 0.000000 source latency
2.232102         network latency _12961_/CLK
        3.055838 network latency _12673_/CLK
---------------
2.232102 3.055838 latency
        0.823736 skew

fall -> fall
    min     max
0.000000 0.000000 source latency
1.980713         network latency _12961_/CLK
        2.646605 network latency _12673_/CLK
---------------
1.980713 2.646605 latency
        0.665892 skew



===========================================================================
report_clock_min_period
============================================================================
clk_i period_min = 25.12 fmax = 39.81
