Clock: clk
Sources: wb_clk_i 
Generated: no
Virtual: yes
Propagated: no
Period: 35.000000

===========================================================================
report_clock_properties
============================================================================
Clock                   Period          Waveform
----------------------------------------------------
clk                  35.000000    0.000000 17.500000

===========================================================================
report_clock_latency
============================================================================
Clock clk
rise -> rise
    min     max
4.650000 5.570000 source latency
7.388680         network latency u_spi_host/_4560_/CLK
        10.486396 network latency u_ibex/_562_/CLK
---------------
12.038680 16.056396 latency
        4.017716 skew

fall -> rise
    min     max
4.650000 5.570000 source latency
12.696283         network latency u_ibex/_576_/CLK
        13.650873 network latency u_ibex/_562_/CLK
---------------
17.346283 19.220873 latency
        1.874589 skew

fall -> fall
    min     max
4.650000 5.570000 source latency
6.919496         network latency u_spi_host/_4560_/CLK
        13.525789 network latency u_ibex/_562_/CLK
---------------
11.569496 19.095789 latency
        7.526293 skew



===========================================================================
report_clock_min_period
============================================================================
clk period_min = 20.01 fmax = 49.97
