
===========================================================================
Violator List
============================================================================
[hold reg-reg] u_fft/_12914_/Q -> u_fft_bank1/DI[1] : -2.727481
[hold reg-reg] u_fft/_12914_/Q -> u_fft_bank0/DI[1] : -2.715687
[hold reg-reg] u_fft/_12937_/Q -> u_fft_bank1/DI[24] : -2.665646
[hold reg-reg] u_fft/_12939_/Q -> u_fft_bank1/DI[26] : -2.660222
[hold reg-reg] u_fft/_12919_/Q -> u_fft_bank1/DI[6] : -2.657714
[hold reg-reg] u_fft/_12937_/Q -> u_fft_bank0/DI[24] : -2.652897
[hold reg-reg] u_fft/_12920_/Q -> u_fft_bank1/DI[7] : -2.651245
[hold reg-reg] u_fft/_12918_/Q -> u_fft_bank1/DI[5] : -2.648209
[hold reg-reg] u_fft/_12939_/Q -> u_fft_bank0/DI[26] : -2.647369
[hold reg-reg] u_fft/_12919_/Q -> u_fft_bank0/DI[6] : -2.645660
[hold reg-reg] u_fft/_12921_/Q -> u_fft_bank1/DI[8] : -2.644011
[hold reg-reg] u_fft/_12940_/Q -> u_fft_bank1/DI[27] : -2.641126
[hold reg-reg] u_fft/_12920_/Q -> u_fft_bank0/DI[7] : -2.640000
[hold reg-reg] u_fft/_12918_/Q -> u_fft_bank0/DI[5] : -2.635526
[hold reg-reg] u_fft/_12934_/Q -> u_fft_bank1/DI[21] : -2.634240
[hold reg-reg] u_fft/_12936_/Q -> u_fft_bank1/DI[23] : -2.633721
[hold reg-reg] u_fft/_12921_/Q -> u_fft_bank0/DI[8] : -2.632767
[hold reg-reg] u_fft/_12917_/Q -> u_fft_bank1/DI[4] : -2.631953
[hold reg-reg] u_fft/_12940_/Q -> u_fft_bank0/DI[27] : -2.628410
[hold reg-reg] u_fft/_12935_/Q -> u_fft_bank1/DI[22] : -2.622668
[hold reg-reg] u_fft/_12934_/Q -> u_fft_bank0/DI[21] : -2.622496
[hold reg-reg] u_fft/_12923_/Q -> u_fft_bank1/DI[10] : -2.622214
[hold reg-reg] u_fft/_12936_/Q -> u_fft_bank0/DI[23] : -2.621301
[hold reg-reg] u_fft/_12917_/Q -> u_fft_bank0/DI[4] : -2.619299
[hold reg-reg] u_fft/_12923_/Q -> u_fft_bank0/DI[10] : -2.611225
[hold reg-reg] u_fft/_12935_/Q -> u_fft_bank0/DI[22] : -2.610744
[hold reg-reg] u_fft/_12932_/Q -> u_fft_bank1/DI[19] : -2.607463
[hold reg-reg] u_fft/_12924_/Q -> u_fft_bank1/DI[11] : -2.605795
[hold reg-reg] u_fft/_12916_/Q -> u_fft_bank1/DI[3] : -2.596684
[hold reg-reg] u_fft/_12924_/Q -> u_fft_bank0/DI[11] : -2.594892
[hold reg-reg] u_fft/_12932_/Q -> u_fft_bank0/DI[19] : -2.594623
[hold reg-reg] u_fft/_12915_/Q -> u_fft_bank1/DI[2] : -2.593403
[hold reg-reg] u_fft/_12925_/Q -> u_fft_bank1/DI[12] : -2.589294
[hold reg-reg] u_fft/_12926_/Q -> u_fft_bank1/DI[13] : -2.584177
[hold reg-reg] u_fft/_12916_/Q -> u_fft_bank0/DI[3] : -2.584040
[hold reg-reg] u_fft/_12933_/Q -> u_fft_bank1/DI[20] : -2.582240
[hold reg-reg] u_fft/_12941_/Q -> u_fft_bank1/DI[28] : -2.582155
[hold reg-reg] u_fft/_12915_/Q -> u_fft_bank0/DI[2] : -2.580697
[hold reg-reg] u_fft/_12938_/Q -> u_fft_bank1/DI[25] : -2.579187
[hold reg-reg] u_fft/_12925_/Q -> u_fft_bank0/DI[12] : -2.578469
[hold reg-reg] u_fft/_12922_/Q -> u_fft_bank1/DI[9] : -2.578087
[hold reg-reg] u_fft/_12930_/Q -> u_fft_bank1/DI[17] : -2.575128
[hold reg-reg] u_fft/_12931_/Q -> u_fft_bank1/DI[18] : -2.573559
[hold reg-reg] u_fft/_12926_/Q -> u_fft_bank0/DI[13] : -2.572673
[hold reg-reg] u_fft/_12933_/Q -> u_fft_bank0/DI[20] : -2.570790
[hold reg-reg] u_fft/_12922_/Q -> u_fft_bank0/DI[9] : -2.569870
[hold reg-reg] u_fft/_12941_/Q -> u_fft_bank0/DI[28] : -2.569653
[hold reg-reg] u_fft/_12938_/Q -> u_fft_bank0/DI[25] : -2.568856
[hold reg-reg] u_fft/_12930_/Q -> u_fft_bank0/DI[17] : -2.563189
[hold reg-reg] u_fft/_12931_/Q -> u_fft_bank0/DI[18] : -2.561368
[hold reg-reg] u_fft/_12929_/Q -> u_fft_bank1/DI[16] : -2.556806
[hold reg-reg] u_fft/_12942_/Q -> u_fft_bank1/DI[29] : -2.552239
[hold reg-reg] u_fft/_12928_/Q -> u_fft_bank1/DI[15] : -2.551641
[hold reg-reg] u_fft/_12944_/Q -> u_fft_bank1/DI[31] : -2.546850
[hold reg-reg] u_fft/_12929_/Q -> u_fft_bank0/DI[16] : -2.544065
[hold reg-reg] u_fft/_12928_/Q -> u_fft_bank0/DI[15] : -2.541041
[hold reg-reg] u_fft/_12942_/Q -> u_fft_bank0/DI[29] : -2.539521
[hold reg-reg] u_fft/_12943_/Q -> u_fft_bank1/DI[30] : -2.539061
[hold reg-reg] u_fft/_12944_/Q -> u_fft_bank0/DI[31] : -2.534172
[hold reg-reg] u_fft/_12943_/Q -> u_fft_bank0/DI[30] : -2.526342
[hold reg-reg] u_fft/_12927_/Q -> u_fft_bank1/DI[14] : -2.523075
[hold reg-reg] u_fft/_12927_/Q -> u_fft_bank0/DI[14] : -2.513966
[hold reg-reg] u_fft/_13300_/Q -> u_fft_bank1/R_WB : -2.466374
[hold reg-reg] u_fft/_13300_/Q -> u_fft_bank0/R_WB : -2.455190
[hold reg-reg] u_fft/_12913_/Q -> u_fft_bank1/DI[0] : -2.451738
[hold reg-reg] u_fft/_13306_/Q -> u_fft_bank1/AD[5] : -2.450959
[hold reg-reg] u_fft/_13306_/Q -> u_fft_bank0/AD[5] : -2.441844
[hold reg-reg] u_fft/_12913_/Q -> u_fft_bank0/DI[0] : -2.440231
[hold reg-reg] u_fft/_13309_/Q -> u_fft_bank1/AD[8] : -2.387253
[hold reg-reg] u_fft/_13309_/Q -> u_fft_bank0/AD[8] : -2.376499
[hold reg-reg] u_fft/_13310_/Q -> u_fft_bank1/AD[9] : -2.334291
[hold reg-reg] u_fft/_13310_/Q -> u_fft_bank0/AD[9] : -2.323290
[hold reg-reg] u_fft/_13304_/Q -> u_fft_bank1/AD[3] : -2.297114
[hold reg-reg] u_fft/_13304_/Q -> u_fft_bank0/AD[3] : -2.286148
[hold reg-reg] u_fft/_13307_/Q -> u_fft_bank1/AD[6] : -2.283993
[hold reg-reg] u_fft/_13307_/Q -> u_fft_bank0/AD[6] : -2.274060
[hold reg-reg] u_fft/_13314_/Q -> u_fft_bank0/EN : -2.272460
[hold reg-reg] u_fft/_13303_/Q -> u_fft_bank1/AD[2] : -2.250738
[hold reg-reg] u_fft/_13302_/Q -> u_fft_bank1/AD[1] : -2.246408
[hold reg-reg] u_fft/_13305_/Q -> u_fft_bank1/AD[4] : -2.245743
[hold reg-reg] u_fft/_13303_/Q -> u_fft_bank0/AD[2] : -2.238330
[hold reg-reg] u_fft/_13302_/Q -> u_fft_bank0/AD[1] : -2.238206
[hold reg-reg] u_fft/_13305_/Q -> u_fft_bank0/AD[4] : -2.235785
[hold reg-reg] u_fft/_13301_/Q -> u_fft_bank1/AD[0] : -2.198052
[hold reg-reg] u_fft/_13301_/Q -> u_fft_bank0/AD[0] : -2.191060
[hold reg-reg] u_fft/_13308_/Q -> u_fft_bank1/AD[7] : -2.190385
[hold reg-reg] u_fft/_13308_/Q -> u_fft_bank0/AD[7] : -2.181123
[hold reg-reg] u_fft/_13314_/Q -> u_fft_bank1/EN : -1.981798
[setup reg-out] u_uart/_7555_/Q -> user_irq[0] : -1.298798
