
===========================================================================
report_checks -unconstrained
===========================================================================
======================= nom_ff_n40C_1v95 Corner ===================================

Startpoint: rst_ni (input port clocked by clk_i)
Endpoint: _3246_ (recovery check against rising-edge clock clk_i)
Path Group: asynchronous
Path Type: max

Fanout         Cap        Slew       Delay        Time   Description
---------------------------------------------------------------------------------------------
                                  0.000000    0.000000   clock clk_i (rise edge)
                                  0.000000    0.000000   clock network delay (propagated)
                                 10.000000   10.000000 ^ input external delay
     2    0.004353    0.019464    0.011306   10.011306 ^ rst_ni (in)
                                                         rst_ni (net)
                      0.019465    0.000000   10.011306 ^ input33/A (sky130_fd_sc_hd__clkbuf_2)
     5    0.043492    0.182071    0.166324   10.177629 ^ input33/X (sky130_fd_sc_hd__clkbuf_2)
                                                         net33 (net)
                      0.182115    0.002338   10.179967 ^ fanout531/A (sky130_fd_sc_hd__clkbuf_2)
     8    0.053223    0.222206    0.224754   10.404722 ^ fanout531/X (sky130_fd_sc_hd__clkbuf_2)
                                                         net531 (net)
                      0.222227    0.001764   10.406486 ^ fanout504/A (sky130_fd_sc_hd__clkbuf_2)
     7    0.055096    0.228995    0.232418   10.638904 ^ fanout504/X (sky130_fd_sc_hd__clkbuf_2)
                                                         net504 (net)
                      0.229002    0.001014   10.639917 ^ fanout503/A (sky130_fd_sc_hd__clkbuf_2)
     9    0.036832    0.156043    0.183715   10.823633 ^ fanout503/X (sky130_fd_sc_hd__clkbuf_2)
                                                         net503 (net)
                      0.156045    0.000443   10.824076 ^ fanout502/A (sky130_fd_sc_hd__buf_1)
     3    0.026298    0.230975    0.198460   11.022536 ^ fanout502/X (sky130_fd_sc_hd__buf_1)
                                                         net502 (net)
                      0.230977    0.000584   11.023120 ^ fanout501/A (sky130_fd_sc_hd__dlymetal6s2s_1)
     7    0.042348    0.322656    0.282712   11.305831 ^ fanout501/X (sky130_fd_sc_hd__dlymetal6s2s_1)
                                                         net501 (net)
                      0.322658    0.000711   11.306542 ^ fanout500/A (sky130_fd_sc_hd__dlymetal6s2s_1)
     4    0.026650    0.212366    0.207366   11.513908 ^ fanout500/X (sky130_fd_sc_hd__dlymetal6s2s_1)
                                                         net500 (net)
                      0.212369    0.000621   11.514529 ^ fanout499/A (sky130_fd_sc_hd__clkbuf_2)
     6    0.035592    0.150577    0.179058   11.693587 ^ fanout499/X (sky130_fd_sc_hd__clkbuf_2)
                                                         net499 (net)
                      0.150636    0.002442   11.696030 ^ _3246_/RESET_B (sky130_fd_sc_hd__dfrtp_2)
                                             11.696030   data arrival time

                                 50.000000   50.000000   clock clk_i (rise edge)
                                  0.000000   50.000000   clock source latency
     2    0.055166    0.187624    0.133891   50.133888 ^ clk_i (in)
                                                         clk_i (net)
                      0.187940    0.000000   50.133888 ^ clkbuf_0_clk_i/A (sky130_fd_sc_hd__clkbuf_16)
     9    0.109801    0.097669    0.165681   50.299572 ^ clkbuf_0_clk_i/X (sky130_fd_sc_hd__clkbuf_16)
                                                         clknet_0_clk_i (net)
                      0.099191    0.009660   50.309231 ^ clkbuf_2_3__f_clk_i/A (sky130_fd_sc_hd__clkbuf_16)
    25    0.126086    0.107448    0.159766   50.468994 ^ clkbuf_2_3__f_clk_i/X (sky130_fd_sc_hd__clkbuf_16)
                                                         clknet_2_3__leaf_clk_i (net)
                      0.108209    0.007205   50.476200 ^ clkbuf_leaf_25_clk_i/A (sky130_fd_sc_hd__clkbuf_8)
     5    0.019325    0.037717    0.108439   50.584641 ^ clkbuf_leaf_25_clk_i/X (sky130_fd_sc_hd__clkbuf_8)
                                                         clknet_leaf_25_clk_i (net)
                      0.037720    0.000359   50.584999 ^ _3246_/CLK (sky130_fd_sc_hd__dfrtp_2)
                                 -0.250000   50.334999   clock uncertainty
                                  0.000000   50.334999   clock reconvergence pessimism
                                  0.104056   50.439053   library recovery time
                                             50.439053   data required time
---------------------------------------------------------------------------------------------
                                             50.439053   data required time
                                            -11.696030   data arrival time
---------------------------------------------------------------------------------------------
                                             38.743027   slack (MET)


Startpoint: intr_src_i[0] (input port clocked by clk_i)
Endpoint: irq_o (output port clocked by clk_i)
Path Group: clk_i
Path Type: max

Fanout         Cap        Slew       Delay        Time   Description
---------------------------------------------------------------------------------------------
                                  0.000000    0.000000   clock clk_i (rise edge)
                                  0.000000    0.000000   clock network delay (propagated)
                                 10.000000   10.000000 v input external delay
     2    0.004392    0.007161    0.003673   10.003673 v intr_src_i[0] (in)
                                                         intr_src_i[0] (net)
                      0.007161    0.000000   10.003673 v input1/A (sky130_fd_sc_hd__buf_4)
     3    0.026009    0.036769    0.095189   10.098862 v input1/X (sky130_fd_sc_hd__buf_4)
                                                         net1 (net)
                      0.037074    0.002603   10.101465 v _1571_/B (sky130_fd_sc_hd__and2b_1)
     4    0.015002    0.059222    0.133213   10.234677 v _1571_/X (sky130_fd_sc_hd__and2b_1)
                                                         _1060_ (net)
                      0.059224    0.000452   10.235129 v _1572_/C1 (sky130_fd_sc_hd__o211a_1)
     3    0.013072    0.057542    0.103421   10.338551 v _1572_/X (sky130_fd_sc_hd__o211a_1)
                                                         _1061_ (net)
                      0.057545    0.000458   10.339009 v fanout251/A (sky130_fd_sc_hd__buf_6)
     6    0.040361    0.035553    0.104582   10.443591 v fanout251/X (sky130_fd_sc_hd__buf_6)
                                                         net251 (net)
                      0.035664    0.001712   10.445303 v _1601_/B (sky130_fd_sc_hd__nand3_4)
     3    0.018972    0.073190    0.071182   10.516485 ^ _1601_/Y (sky130_fd_sc_hd__nand3_4)
                                                         _1090_ (net)
                      0.073191    0.000308   10.516793 ^ _1602_/A (sky130_fd_sc_hd__nand3_4)
     4    0.024921    0.082604    0.067947   10.584741 v _1602_/Y (sky130_fd_sc_hd__nand3_4)
                                                         _1091_ (net)
                      0.082638    0.000671   10.585412 v _1606_/A3 (sky130_fd_sc_hd__a31oi_4)
     6    0.034363    0.232892    0.243315   10.828727 ^ _1606_/Y (sky130_fd_sc_hd__a31oi_4)
                                                         _1095_ (net)
                      0.232977    0.001299   10.830025 ^ _1623_/A1 (sky130_fd_sc_hd__o21ai_4)
     3    0.019881    0.066000    0.062974   10.892999 v _1623_/Y (sky130_fd_sc_hd__o21ai_4)
                                                         _1112_ (net)
                      0.066050    0.000653   10.893652 v _1625_/B (sky130_fd_sc_hd__nand3_1)
     1    0.005433    0.065733    0.081023   10.974675 ^ _1625_/Y (sky130_fd_sc_hd__nand3_1)
                                                         _1114_ (net)
                      0.065733    0.000169   10.974844 ^ _1629_/A1 (sky130_fd_sc_hd__a21oi_2)
     1    0.004397    0.033250    0.032126   11.006969 v _1629_/Y (sky130_fd_sc_hd__a21oi_2)
                                                         _1118_ (net)
                      0.033250    0.000155   11.007124 v fanout210/A (sky130_fd_sc_hd__buf_4)
     3    0.020260    0.032516    0.101554   11.108679 v fanout210/X (sky130_fd_sc_hd__buf_4)
                                                         net210 (net)
                      0.032522    0.000349   11.109028 v fanout209/A (sky130_fd_sc_hd__buf_6)
     6    0.033881    0.031922    0.090860   11.199887 v fanout209/X (sky130_fd_sc_hd__buf_6)
                                                         net209 (net)
                      0.031979    0.001158   11.201046 v _1637_/A2 (sky130_fd_sc_hd__o211ai_4)
     1    0.010569    0.127633    0.122871   11.323917 ^ _1637_/Y (sky130_fd_sc_hd__o211ai_4)
                                                         _1126_ (net)
                      0.127633    0.000374   11.324291 ^ _1644_/A (sky130_fd_sc_hd__nand3_4)
     2    0.015763    0.063839    0.063525   11.387816 v _1644_/Y (sky130_fd_sc_hd__nand3_4)
                                                         _1133_ (net)
                      0.063848    0.000607   11.388423 v _1667_/B2 (sky130_fd_sc_hd__a2bb2oi_4)
     5    0.042856    0.230002    0.219453   11.607876 ^ _1667_/Y (sky130_fd_sc_hd__a2bb2oi_4)
                                                         _1156_ (net)
                      0.230009    0.001006   11.608882 ^ _1685_/B2 (sky130_fd_sc_hd__o2bb2ai_4)
     3    0.021232    0.067900    0.061638   11.670520 v _1685_/Y (sky130_fd_sc_hd__o2bb2ai_4)
                                                         _1174_ (net)
                      0.067906    0.000502   11.671021 v _1687_/C (sky130_fd_sc_hd__nand3_2)
     2    0.005931    0.048297    0.068085   11.739107 ^ _1687_/Y (sky130_fd_sc_hd__nand3_2)
                                                         _1176_ (net)
                      0.048297    0.000139   11.739245 ^ rebuffer2/A (sky130_fd_sc_hd__clkbuf_2)
     2    0.015799    0.070542    0.100597   11.839843 ^ rebuffer2/X (sky130_fd_sc_hd__clkbuf_2)
                                                         net541 (net)
                      0.070544    0.000448   11.840290 ^ _1694_/B1 (sky130_fd_sc_hd__a2bb2oi_4)
     4    0.035473    0.071221    0.066829   11.907119 v _1694_/Y (sky130_fd_sc_hd__a2bb2oi_4)
                                                         _1183_ (net)
                      0.071251    0.001153   11.908272 v _1702_/B1 (sky130_fd_sc_hd__o22ai_4)
     4    0.022104    0.155028    0.150582   12.058854 ^ _1702_/Y (sky130_fd_sc_hd__o22ai_4)
                                                         _1191_ (net)
                      0.155029    0.000654   12.059507 ^ _1704_/B (sky130_fd_sc_hd__nand2_1)
     1    0.009281    0.063397    0.069780   12.129288 v _1704_/Y (sky130_fd_sc_hd__nand2_1)
                                                         _1193_ (net)
                      0.063397    0.000222   12.129509 v _1716_/A1 (sky130_fd_sc_hd__a21oi_4)
     5    0.025329    0.161929    0.160737   12.290247 ^ _1716_/Y (sky130_fd_sc_hd__a21oi_4)
                                                         _1205_ (net)
                      0.161982    0.000613   12.290859 ^ _1725_/A2 (sky130_fd_sc_hd__o21ai_1)
     1    0.010089    0.081720    0.075454   12.366314 v _1725_/Y (sky130_fd_sc_hd__o21ai_1)
                                                         _1214_ (net)
                      0.081723    0.000356   12.366670 v _1744_/B1 (sky130_fd_sc_hd__a2bb2oi_4)
     3    0.024387    0.143327    0.168144   12.534814 ^ _1744_/Y (sky130_fd_sc_hd__a2bb2oi_4)
                                                         _1233_ (net)
                      0.143330    0.000851   12.535665 ^ _1772_/A1 (sky130_fd_sc_hd__a21oi_4)
     3    0.013884    0.053249    0.048270   12.583934 v _1772_/Y (sky130_fd_sc_hd__a21oi_4)
                                                         _1261_ (net)
                      0.053250    0.000488   12.584422 v fanout207/A (sky130_fd_sc_hd__buf_4)
     6    0.021322    0.033423    0.110546   12.694968 v fanout207/X (sky130_fd_sc_hd__buf_4)
                                                         net207 (net)
                      0.033440    0.000645   12.695613 v _1779_/A2 (sky130_fd_sc_hd__o211a_1)
     1    0.008946    0.047043    0.148432   12.844046 v _1779_/X (sky130_fd_sc_hd__o211a_1)
                                                         _1268_ (net)
                      0.047043    0.000259   12.844305 v _1790_/A1 (sky130_fd_sc_hd__o21ai_4)
     6    0.023554    0.156446    0.161092   13.005397 ^ _1790_/Y (sky130_fd_sc_hd__o21ai_4)
                                                         _1279_ (net)
                      0.156447    0.000663   13.006061 ^ _1796_/A (sky130_fd_sc_hd__nand3_1)
     1    0.008683    0.078414    0.079615   13.085676 v _1796_/Y (sky130_fd_sc_hd__nand3_1)
                                                         _1285_ (net)
                      0.078415    0.000262   13.085938 v _1810_/A2 (sky130_fd_sc_hd__a31oi_4)
     3    0.029364    0.209081    0.208980   13.294917 ^ _1810_/Y (sky130_fd_sc_hd__a31oi_4)
                                                         _1299_ (net)
                      0.209162    0.001458   13.296375 ^ _1811_/B1 (sky130_fd_sc_hd__o21ai_4)
     3    0.015111    0.056890    0.038235   13.334610 v _1811_/Y (sky130_fd_sc_hd__o21ai_4)
                                                         _1300_ (net)
                      0.056897    0.000458   13.335069 v fanout201/A (sky130_fd_sc_hd__buf_6)
     6    0.036185    0.033105    0.102404   13.437473 v fanout201/X (sky130_fd_sc_hd__buf_6)
                                                         net201 (net)
                      0.033129    0.000807   13.438280 v _1823_/D1 (sky130_fd_sc_hd__o2111ai_1)
     1    0.008339    0.184632    0.078776   13.517056 ^ _1823_/Y (sky130_fd_sc_hd__o2111ai_1)
                                                         _1312_ (net)
                      0.184633    0.000340   13.517397 ^ _1826_/C1 (sky130_fd_sc_hd__o211ai_2)
     1    0.009027    0.065451    0.057616   13.575012 v _1826_/Y (sky130_fd_sc_hd__o211ai_2)
                                                         _1315_ (net)
                      0.065453    0.000267   13.575280 v _1832_/A1 (sky130_fd_sc_hd__o21ai_4)
     5    0.031776    0.193891    0.194468   13.769749 ^ _1832_/Y (sky130_fd_sc_hd__o21ai_4)
                                                         _1321_ (net)
                      0.193902    0.001131   13.770879 ^ _1846_/B (sky130_fd_sc_hd__nand3_4)
     3    0.008948    0.056875    0.050012   13.820891 v _1846_/Y (sky130_fd_sc_hd__nand3_4)
                                                         _1335_ (net)
                      0.056876    0.000163   13.821054 v _1849_/B1 (sky130_fd_sc_hd__o211a_1)
     1    0.010079    0.050641    0.106043   13.927097 v _1849_/X (sky130_fd_sc_hd__o211a_1)
                                                         _1338_ (net)
                      0.050643    0.000344   13.927441 v _1859_/A1 (sky130_fd_sc_hd__o21ai_4)
     2    0.014561    0.117190    0.132626   14.060067 ^ _1859_/Y (sky130_fd_sc_hd__o21ai_4)
                                                         _1348_ (net)
                      0.117191    0.000407   14.060474 ^ fanout195/A (sky130_fd_sc_hd__buf_6)
     6    0.035657    0.059992    0.101968   14.162442 ^ fanout195/X (sky130_fd_sc_hd__buf_6)
                                                         net195 (net)
                      0.060002    0.000784   14.163226 ^ _1878_/C1 (sky130_fd_sc_hd__o211ai_4)
     5    0.025989    0.075569    0.055585   14.218811 v _1878_/Y (sky130_fd_sc_hd__o211ai_4)
                                                         _1367_ (net)
                      0.075623    0.001082   14.219893 v _1881_/B1 (sky130_fd_sc_hd__o211ai_2)
     1    0.009305    0.129675    0.079308   14.299201 ^ _1881_/Y (sky130_fd_sc_hd__o211ai_2)
                                                         _1370_ (net)
                      0.129675    0.000280   14.299481 ^ _1888_/A (sky130_fd_sc_hd__nand3_4)
     2    0.018803    0.073638    0.069761   14.369243 v _1888_/Y (sky130_fd_sc_hd__nand3_4)
                                                         _1377_ (net)
                      0.073639    0.000474   14.369717 v _1906_/B2 (sky130_fd_sc_hd__a2bb2oi_4)
     2    0.014165    0.101816    0.124419   14.494135 ^ _1906_/Y (sky130_fd_sc_hd__a2bb2oi_4)
                                                         _1395_ (net)
                      0.101816    0.000301   14.494436 ^ fanout191/A (sky130_fd_sc_hd__buf_6)
     6    0.022955    0.042243    0.086914   14.581350 ^ fanout191/X (sky130_fd_sc_hd__buf_6)
                                                         net191 (net)
                      0.042247    0.000404   14.581755 ^ _1919_/A2 (sky130_fd_sc_hd__o211ai_2)
     1    0.010723    0.063180    0.059919   14.641674 v _1919_/Y (sky130_fd_sc_hd__o211ai_2)
                                                         _1408_ (net)
                      0.063181    0.000416   14.642090 v _1923_/A1 (sky130_fd_sc_hd__o21ai_4)
     2    0.017891    0.131296    0.147917   14.790007 ^ _1923_/Y (sky130_fd_sc_hd__o21ai_4)
                                                         _1412_ (net)
                      0.131296    0.000565   14.790572 ^ fanout190/A (sky130_fd_sc_hd__buf_8)
     6    0.043780    0.060864    0.100511   14.891083 ^ fanout190/X (sky130_fd_sc_hd__buf_8)
                                                         net190 (net)
                      0.060933    0.001277   14.892360 ^ _1942_/C1 (sky130_fd_sc_hd__o211ai_4)
     3    0.013202    0.053015    0.040890   14.933249 v _1942_/Y (sky130_fd_sc_hd__o211ai_4)
                                                         _1431_ (net)
                      0.053016    0.000504   14.933754 v _1945_/B1 (sky130_fd_sc_hd__o211ai_2)
     1    0.009542    0.131445    0.070429   15.004183 ^ _1945_/Y (sky130_fd_sc_hd__o211ai_2)
                                                         _1434_ (net)
                      0.131445    0.000306   15.004489 ^ _1952_/A (sky130_fd_sc_hd__nand3_4)
     2    0.017738    0.068698    0.068081   15.072570 v _1952_/Y (sky130_fd_sc_hd__nand3_4)
                                                         _1441_ (net)
                      0.068700    0.000568   15.073138 v _1972_/A1 (sky130_fd_sc_hd__a21oi_4)
     2    0.012414    0.104097    0.117023   15.190161 ^ _1972_/Y (sky130_fd_sc_hd__a21oi_4)
                                                         _1461_ (net)
                      0.104098    0.000396   15.190557 ^ fanout187/A (sky130_fd_sc_hd__buf_8)
     6    0.041073    0.057547    0.096431   15.286988 ^ fanout187/X (sky130_fd_sc_hd__buf_8)
                                                         net187 (net)
                      0.057606    0.001112   15.288100 ^ _1986_/A1 (sky130_fd_sc_hd__o21ai_4)
     3    0.019611    0.043124    0.051804   15.339904 v _1986_/Y (sky130_fd_sc_hd__o21ai_4)
                                                         _1475_ (net)
                      0.043147    0.000773   15.340676 v _1989_/B (sky130_fd_sc_hd__nand3_4)
     3    0.025112    0.088177    0.083620   15.424297 ^ _1989_/Y (sky130_fd_sc_hd__nand3_4)
                                                         _1478_ (net)
                      0.088178    0.000718   15.425014 ^ _2000_/B1 (sky130_fd_sc_hd__a22oi_4)
     2    0.011296    0.046467    0.038058   15.463073 v _2000_/Y (sky130_fd_sc_hd__a22oi_4)
                                                         _1489_ (net)
                      0.046468    0.000412   15.463485 v fanout186/A (sky130_fd_sc_hd__buf_6)
     6    0.032445    0.031087    0.096181   15.559666 v fanout186/X (sky130_fd_sc_hd__buf_6)
                                                         net186 (net)
                      0.031103    0.000645   15.560310 v _2014_/A2 (sky130_fd_sc_hd__o211a_1)
     1    0.009385    0.048514    0.149132   15.709443 v _2014_/X (sky130_fd_sc_hd__o211a_1)
                                                         _1503_ (net)
                      0.048515    0.000291   15.709734 v _2023_/A2 (sky130_fd_sc_hd__a21oi_4)
     4    0.020603    0.140403    0.153555   15.863290 ^ _2023_/Y (sky130_fd_sc_hd__a21oi_4)
                                                         _0164_ (net)
                      0.140403    0.000599   15.863889 ^ _2057_/B2 (sky130_fd_sc_hd__o22ai_4)
     2    0.012515    0.055488    0.043544   15.907433 v _2057_/Y (sky130_fd_sc_hd__o22ai_4)
                                                         _0198_ (net)
                      0.055489    0.000409   15.907841 v _2067_/A2 (sky130_fd_sc_hd__a31oi_4)
     3    0.025146    0.188968    0.185587   16.093428 ^ _2067_/Y (sky130_fd_sc_hd__a31oi_4)
                                                         _0208_ (net)
                      0.188972    0.000941   16.094370 ^ _2068_/A (sky130_fd_sc_hd__nand2_4)
     6    0.043241    0.092538    0.084722   16.179090 v _2068_/Y (sky130_fd_sc_hd__nand2_4)
                                                         _0209_ (net)
                      0.092613    0.002164   16.181253 v _2075_/A2_N (sky130_fd_sc_hd__o2bb2ai_4)
     2    0.012298    0.047755    0.094349   16.275604 v _2075_/Y (sky130_fd_sc_hd__o2bb2ai_4)
                                                         _0216_ (net)
                      0.047756    0.000396   16.275999 v _2087_/A3 (sky130_fd_sc_hd__a31oi_4)
     3    0.026548    0.195780    0.203075   16.479074 ^ _2087_/Y (sky130_fd_sc_hd__a31oi_4)
                                                         _0228_ (net)
                      0.195780    0.000696   16.479771 ^ _2091_/A2 (sky130_fd_sc_hd__a21boi_4)
     2    0.013325    0.053931    0.050154   16.529924 v _2091_/Y (sky130_fd_sc_hd__a21boi_4)
                                                         _0232_ (net)
                      0.053932    0.000464   16.530388 v fanout184/A (sky130_fd_sc_hd__buf_6)
     4    0.015827    0.022254    0.088844   16.619232 v fanout184/X (sky130_fd_sc_hd__buf_6)
                                                         net184 (net)
                      0.022261    0.000384   16.619616 v _2099_/A2 (sky130_fd_sc_hd__o211a_1)
     1    0.009064    0.047441    0.144992   16.764608 v _2099_/X (sky130_fd_sc_hd__o211a_1)
                                                         _0240_ (net)
                      0.047442    0.000266   16.764874 v _2113_/A1 (sky130_fd_sc_hd__o21ai_4)
     2    0.012356    0.107343    0.124205   16.889078 ^ _2113_/Y (sky130_fd_sc_hd__o21ai_4)
                                                         _0254_ (net)
                      0.107343    0.000327   16.889406 ^ fanout182/A (sky130_fd_sc_hd__buf_6)
     6    0.038667    0.064045    0.103077   16.992483 ^ fanout182/X (sky130_fd_sc_hd__buf_6)
                                                         net182 (net)
                      0.064131    0.001517   16.993999 ^ _2133_/A1 (sky130_fd_sc_hd__a31oi_4)
     2    0.019291    0.079306    0.069660   17.063660 v _2133_/Y (sky130_fd_sc_hd__a31oi_4)
                                                         _0274_ (net)
                      0.079307    0.000615   17.064274 v _2138_/A1 (sky130_fd_sc_hd__a21oi_4)
     3    0.033416    0.199468    0.194646   17.258921 ^ _2138_/Y (sky130_fd_sc_hd__a21oi_4)
                                                         _0279_ (net)
                      0.199478    0.001126   17.260046 ^ _2141_/B (sky130_fd_sc_hd__nand2_8)
     4    0.025136    0.053777    0.043983   17.304029 v _2141_/Y (sky130_fd_sc_hd__nand2_8)
                                                         _0282_ (net)
                      0.053779    0.000650   17.304680 v _2149_/A1 (sky130_fd_sc_hd__a31oi_4)
     5    0.029546    0.209910    0.181384   17.486063 ^ _2149_/Y (sky130_fd_sc_hd__a31oi_4)
                                                         _0290_ (net)
                      0.209912    0.001005   17.487068 ^ _2172_/B1 (sky130_fd_sc_hd__a32oi_4)
     3    0.022636    0.090495    0.060673   17.547741 v _2172_/Y (sky130_fd_sc_hd__a32oi_4)
                                                         _0313_ (net)
                      0.090496    0.000348   17.548090 v _2173_/B1 (sky130_fd_sc_hd__o21ai_4)
     2    0.013167    0.110557    0.073213   17.621302 ^ _2173_/Y (sky130_fd_sc_hd__o21ai_4)
                                                         _0314_ (net)
                      0.110557    0.000364   17.621666 ^ fanout179/A (sky130_fd_sc_hd__buf_6)
     6    0.026694    0.047497    0.091980   17.713646 ^ fanout179/X (sky130_fd_sc_hd__buf_6)
                                                         net179 (net)
                      0.047516    0.000865   17.714512 ^ _2180_/B (sky130_fd_sc_hd__nand3_2)
     2    0.006872    0.043632    0.048784   17.763296 v _2180_/Y (sky130_fd_sc_hd__nand3_2)
                                                         _0321_ (net)
                      0.043632    0.000178   17.763474 v _2182_/C1 (sky130_fd_sc_hd__o211a_1)
     1    0.008750    0.046382    0.086132   17.849606 v _2182_/X (sky130_fd_sc_hd__o211a_1)
                                                         _0323_ (net)
                      0.046383    0.000270   17.849874 v _2192_/A2 (sky130_fd_sc_hd__o21ai_4)
     2    0.013198    0.111092    0.111278   17.961153 ^ _2192_/Y (sky130_fd_sc_hd__o21ai_4)
                                                         _0333_ (net)
                      0.111092    0.000382   17.961535 ^ fanout175/A (sky130_fd_sc_hd__buf_6)
     6    0.026162    0.046743    0.091342   18.052877 ^ fanout175/X (sky130_fd_sc_hd__buf_6)
                                                         net175 (net)
                      0.046766    0.000952   18.053829 ^ _2204_/B (sky130_fd_sc_hd__nand3_2)
     2    0.008189    0.051149    0.051960   18.105789 v _2204_/Y (sky130_fd_sc_hd__nand3_2)
                                                         _0345_ (net)
                      0.051149    0.000211   18.106001 v _2207_/B1 (sky130_fd_sc_hd__o211ai_2)
     1    0.009208    0.128971    0.068765   18.174765 ^ _2207_/Y (sky130_fd_sc_hd__o211ai_2)
                                                         _0348_ (net)
                      0.128971    0.000270   18.175035 ^ _2213_/A (sky130_fd_sc_hd__nand3_4)
     1    0.009105    0.051853    0.049345   18.224380 v _2213_/Y (sky130_fd_sc_hd__nand3_4)
                                                         _0354_ (net)
                      0.051853    0.000204   18.224585 v _2227_/A1 (sky130_fd_sc_hd__a21oi_4)
     3    0.016591    0.122551    0.125684   18.350269 ^ _2227_/Y (sky130_fd_sc_hd__a21oi_4)
                                                         _0368_ (net)
                      0.122551    0.000437   18.350706 ^ fanout171/A (sky130_fd_sc_hd__buf_6)
     6    0.032613    0.055828    0.099726   18.450434 ^ fanout171/X (sky130_fd_sc_hd__buf_6)
                                                         net171 (net)
                      0.055837    0.000707   18.451139 ^ _2229_/B1 (sky130_fd_sc_hd__o22ai_4)
     4    0.030643    0.072675    0.056884   18.508024 v _2229_/Y (sky130_fd_sc_hd__o22ai_4)
                                                         _0370_ (net)
                      0.072716    0.001416   18.509439 v _2254_/B1 (sky130_fd_sc_hd__a221oi_4)
     3    0.025933    0.222125    0.218002   18.727442 ^ _2254_/Y (sky130_fd_sc_hd__a221oi_4)
                                                         _0395_ (net)
                      0.222125    0.000728   18.728170 ^ _2268_/A2 (sky130_fd_sc_hd__o21ai_4)
     2    0.012320    0.058007    0.040076   18.768246 v _2268_/Y (sky130_fd_sc_hd__o21ai_4)
                                                         _0409_ (net)
                      0.058007    0.000353   18.768600 v _2270_/B1 (sky130_fd_sc_hd__o22ai_4)
     5    0.043735    0.247295    0.219996   18.988596 ^ _2270_/Y (sky130_fd_sc_hd__o22ai_4)
                                                         _0411_ (net)
                      0.247310    0.001537   18.990133 ^ _2271_/B1 (sky130_fd_sc_hd__a21oi_4)
     2    0.010529    0.048193    0.014420   19.004553 v _2271_/Y (sky130_fd_sc_hd__a21oi_4)
                                                         _0412_ (net)
                      0.048195    0.000272   19.004826 v fanout170/A (sky130_fd_sc_hd__buf_6)
     6    0.029525    0.029581    0.095341   19.100166 v fanout170/X (sky130_fd_sc_hd__buf_6)
                                                         net170 (net)
                      0.029626    0.000981   19.101147 v _2307_/B2 (sky130_fd_sc_hd__o22ai_4)
     4    0.030476    0.189637    0.149434   19.250580 ^ _2307_/Y (sky130_fd_sc_hd__o22ai_4)
                                                         _0448_ (net)
                      0.189702    0.000920   19.251501 ^ _2323_/A1 (sky130_fd_sc_hd__a31oi_4)
     2    0.012695    0.079157    0.077126   19.328627 v _2323_/Y (sky130_fd_sc_hd__a31oi_4)
                                                         _0464_ (net)
                      0.079157    0.000362   19.328989 v _2329_/A2 (sky130_fd_sc_hd__a21oi_4)
     5    0.036283    0.212535    0.217542   19.546530 ^ _2329_/Y (sky130_fd_sc_hd__a21oi_4)
                                                         _0470_ (net)
                      0.212537    0.000608   19.547138 ^ _2339_/A2 (sky130_fd_sc_hd__o211ai_2)
     1    0.010552    0.066603    0.069967   19.617105 v _2339_/Y (sky130_fd_sc_hd__o211ai_2)
                                                         _0480_ (net)
                      0.066605    0.000421   19.617525 v _2340_/A (sky130_fd_sc_hd__nand3_4)
     2    0.014970    0.067913    0.064903   19.682428 ^ _2340_/Y (sky130_fd_sc_hd__nand3_4)
                                                         _0481_ (net)
                      0.067914    0.000314   19.682743 ^ _2348_/B2 (sky130_fd_sc_hd__a22oi_4)
     2    0.012641    0.046149    0.040810   19.723553 v _2348_/Y (sky130_fd_sc_hd__a22oi_4)
                                                         _0489_ (net)
                      0.046149    0.000238   19.723791 v fanout169/A (sky130_fd_sc_hd__buf_6)
     4    0.019292    0.024617    0.088122   19.811913 v fanout169/X (sky130_fd_sc_hd__buf_6)
                                                         net169 (net)
                      0.024638    0.000645   19.812557 v _2354_/B2 (sky130_fd_sc_hd__o22ai_4)
     3    0.033079    0.200875    0.156914   19.969473 ^ _2354_/Y (sky130_fd_sc_hd__o22ai_4)
                                                         _0495_ (net)
                      0.200884    0.001032   19.970505 ^ _2361_/A1 (sky130_fd_sc_hd__o21ai_4)
     4    0.021943    0.064124    0.065207   20.035711 v _2361_/Y (sky130_fd_sc_hd__o21ai_4)
                                                         _0502_ (net)
                      0.064133    0.000558   20.036268 v _2365_/B1 (sky130_fd_sc_hd__o22ai_4)
     5    0.039618    0.228868    0.208466   20.244734 ^ _2365_/Y (sky130_fd_sc_hd__o22ai_4)
                                                         _0506_ (net)
                      0.228873    0.000831   20.245565 ^ _2371_/B1 (sky130_fd_sc_hd__a22oi_4)
     4    0.026559    0.081430    0.066663   20.312229 v _2371_/Y (sky130_fd_sc_hd__a22oi_4)
                                                         _0512_ (net)
                      0.081444    0.000853   20.313082 v _2377_/A2 (sky130_fd_sc_hd__o211ai_2)
     2    0.013391    0.159060    0.163508   20.476589 ^ _2377_/Y (sky130_fd_sc_hd__o211ai_2)
                                                         _0518_ (net)
                      0.159061    0.000391   20.476980 ^ _2388_/B1 (sky130_fd_sc_hd__a22oi_4)
     5    0.025676    0.067698    0.062748   20.539728 v _2388_/Y (sky130_fd_sc_hd__a22oi_4)
                                                         _0529_ (net)
                      0.067714    0.000815   20.540545 v _2396_/A2 (sky130_fd_sc_hd__o21ai_4)
     5    0.044338    0.251323    0.222018   20.762562 ^ _2396_/Y (sky130_fd_sc_hd__o21ai_4)
                                                         _0537_ (net)
                      0.251335    0.001370   20.763931 ^ _2402_/A2 (sky130_fd_sc_hd__o21ai_4)
     3    0.021208    0.067627    0.055147   20.819078 v _2402_/Y (sky130_fd_sc_hd__o21ai_4)
                                                         _0543_ (net)
                      0.067632    0.000465   20.819544 v _2413_/B1 (sky130_fd_sc_hd__o22ai_4)
     2    0.012946    0.116900    0.117851   20.937395 ^ _2413_/Y (sky130_fd_sc_hd__o22ai_4)
                                                         _0554_ (net)
                      0.116901    0.000250   20.937645 ^ fanout166/A (sky130_fd_sc_hd__buf_6)
     6    0.041548    0.068187    0.107841   21.045486 ^ fanout166/X (sky130_fd_sc_hd__buf_6)
                                                         net166 (net)
                      0.068199    0.000895   21.046381 ^ _2416_/B (sky130_fd_sc_hd__nand2_4)
     3    0.017148    0.069572    0.043142   21.089523 v _2416_/Y (sky130_fd_sc_hd__nand2_4)
                                                         _0557_ (net)
                      0.069576    0.000416   21.089939 v _2444_/A3 (sky130_fd_sc_hd__a32oi_2)
     1    0.006273    0.099388    0.131708   21.221647 ^ _2444_/Y (sky130_fd_sc_hd__a32oi_2)
                                                         _0585_ (net)
                      0.099389    0.000217   21.221865 ^ _2451_/B2 (sky130_fd_sc_hd__o22ai_2)
     2    0.014428    0.052941    0.050088   21.271952 v _2451_/Y (sky130_fd_sc_hd__o22ai_2)
                                                         _0592_ (net)
                      0.052947    0.000497   21.272449 v _2459_/A1 (sky130_fd_sc_hd__a211oi_4)
     5    0.030453    0.289485    0.274309   21.546759 ^ _2459_/Y (sky130_fd_sc_hd__a211oi_4)
                                                         _0600_ (net)
                      0.289579    0.001144   21.547901 ^ _2477_/A (sky130_fd_sc_hd__nand3_4)
     2    0.022880    0.103761    0.088495   21.636396 v _2477_/Y (sky130_fd_sc_hd__nand3_4)
                                                         net91 (net)
                      0.103795    0.001409   21.637806 v fanout160/A (sky130_fd_sc_hd__buf_8)
     7    0.053679    0.038465    0.128640   21.766445 v fanout160/X (sky130_fd_sc_hd__buf_8)
                                                         net160 (net)
                      0.038619    0.002034   21.768478 v output91/A (sky130_fd_sc_hd__buf_6)
     1    0.034078    0.031971    0.093703   21.862183 v output91/X (sky130_fd_sc_hd__buf_6)
                                                         irq_o (net)
                      0.031986    0.000631   21.862812 v irq_o (out)
                                             21.862812   data arrival time

                                 50.000000   50.000000   clock clk_i (rise edge)
                                  0.000000   50.000000   clock network delay (propagated)
                                 -0.250000   49.749996   clock uncertainty
                                  0.000000   49.749996   clock reconvergence pessimism
                                -10.000000   39.749996   output external delay
                                             39.749996   data required time
---------------------------------------------------------------------------------------------
                                             39.749996   data required time
                                            -21.862812   data arrival time
---------------------------------------------------------------------------------------------
                                             17.887184   slack (MET)




===========================================================================
report_checks --slack_max -0.01
============================================================================
======================= nom_ff_n40C_1v95 Corner ===================================

No paths found.


===========================================================================
 report_check_types -max_slew -max_cap -max_fanout -violators
============================================================================
======================= nom_ff_n40C_1v95 Corner ===================================

max fanout

Pin                                   Limit Fanout  Slack
---------------------------------------------------------
clkbuf_2_1__f_clk_i/X                     6     25    -19 (VIOLATED)
clkbuf_2_3__f_clk_i/X                     6     25    -19 (VIOLATED)
clkbuf_2_2__f_clk_i/X                     6     21    -15 (VIOLATED)
clkbuf_2_0__f_clk_i/X                     6     19    -13 (VIOLATED)
fanout444/X                               6     15     -9 (VIOLATED)
_2483_/X                                  6     13     -7 (VIOLATED)
_2866_/Y                                  6     13     -7 (VIOLATED)
_3149_/Q                                  6     13     -7 (VIOLATED)
_3206_/Q                                  6     13     -7 (VIOLATED)
_3218_/Q                                  6     13     -7 (VIOLATED)
_3239_/Q                                  6     13     -7 (VIOLATED)
_3244_/Q                                  6     13     -7 (VIOLATED)
_3249_/Q                                  6     13     -7 (VIOLATED)
fanout156/X                               6     13     -7 (VIOLATED)
fanout219/X                               6     13     -7 (VIOLATED)
fanout221/X                               6     13     -7 (VIOLATED)
fanout222/X                               6     13     -7 (VIOLATED)
fanout223/X                               6     13     -7 (VIOLATED)
fanout244/X                               6     13     -7 (VIOLATED)
fanout246/X                               6     13     -7 (VIOLATED)
fanout259/X                               6     13     -7 (VIOLATED)
fanout263/X                               6     13     -7 (VIOLATED)
fanout272/X                               6     13     -7 (VIOLATED)
fanout273/X                               6     13     -7 (VIOLATED)
fanout279/X                               6     13     -7 (VIOLATED)
fanout280/X                               6     13     -7 (VIOLATED)
fanout281/X                               6     13     -7 (VIOLATED)
fanout288/X                               6     13     -7 (VIOLATED)
fanout293/X                               6     13     -7 (VIOLATED)
fanout297/X                               6     13     -7 (VIOLATED)
fanout304/X                               6     13     -7 (VIOLATED)
fanout310/X                               6     13     -7 (VIOLATED)
fanout319/X                               6     13     -7 (VIOLATED)
fanout341/X                               6     13     -7 (VIOLATED)
fanout356/X                               6     13     -7 (VIOLATED)
fanout359/X                               6     13     -7 (VIOLATED)
fanout370/X                               6     13     -7 (VIOLATED)
fanout388/X                               6     13     -7 (VIOLATED)
fanout391/X                               6     13     -7 (VIOLATED)
fanout393/X                               6     13     -7 (VIOLATED)
fanout395/X                               6     13     -7 (VIOLATED)
fanout397/X                               6     13     -7 (VIOLATED)
fanout399/X                               6     13     -7 (VIOLATED)
fanout400/X                               6     13     -7 (VIOLATED)
fanout443/X                               6     13     -7 (VIOLATED)
fanout452/X                               6     13     -7 (VIOLATED)
fanout453/X                               6     13     -7 (VIOLATED)
fanout455/X                               6     13     -7 (VIOLATED)
fanout457/X                               6     13     -7 (VIOLATED)
fanout461/X                               6     13     -7 (VIOLATED)
fanout462/X                               6     13     -7 (VIOLATED)
fanout464/X                               6     13     -7 (VIOLATED)
fanout480/X                               6     13     -7 (VIOLATED)
fanout483/X                               6     13     -7 (VIOLATED)
fanout491/X                               6     13     -7 (VIOLATED)
fanout493/X                               6     13     -7 (VIOLATED)
fanout494/X                               6     13     -7 (VIOLATED)
fanout515/X                               6     13     -7 (VIOLATED)
hold176/X                                 6     13     -7 (VIOLATED)
hold182/X                                 6     13     -7 (VIOLATED)
hold186/X                                 6     13     -7 (VIOLATED)
hold192/X                                 6     13     -7 (VIOLATED)
hold214/X                                 6     13     -7 (VIOLATED)
hold216/X                                 6     13     -7 (VIOLATED)
hold220/X                                 6     13     -7 (VIOLATED)
hold398/X                                 6     13     -7 (VIOLATED)
hold421/X                                 6     13     -7 (VIOLATED)
hold424/X                                 6     13     -7 (VIOLATED)
hold436/X                                 6     13     -7 (VIOLATED)
hold457/X                                 6     13     -7 (VIOLATED)
hold460/X                                 6     13     -7 (VIOLATED)
hold466/X                                 6     13     -7 (VIOLATED)
hold516/X                                 6     13     -7 (VIOLATED)
input37/X                                 6     13     -7 (VIOLATED)
clkbuf_leaf_35_clk_i/X                    6     11     -5 (VIOLATED)
fanout220/X                               6     11     -5 (VIOLATED)
fanout242/X                               6     11     -5 (VIOLATED)
fanout245/X                               6     11     -5 (VIOLATED)
fanout258/X                               6     11     -5 (VIOLATED)
fanout262/X                               6     11     -5 (VIOLATED)
fanout396/X                               6     11     -5 (VIOLATED)
fanout401/X                               6     11     -5 (VIOLATED)
fanout406/X                               6     11     -5 (VIOLATED)
fanout420/X                               6     11     -5 (VIOLATED)
fanout447/X                               6     11     -5 (VIOLATED)
hold162/X                                 6     11     -5 (VIOLATED)
hold166/X                                 6     11     -5 (VIOLATED)
hold174/X                                 6     11     -5 (VIOLATED)
hold472/X                                 6     11     -5 (VIOLATED)
hold478/X                                 6     11     -5 (VIOLATED)
hold503/X                                 6     11     -5 (VIOLATED)
hold512/X                                 6     11     -5 (VIOLATED)
input79/X                                 6     11     -5 (VIOLATED)
clkbuf_leaf_12_clk_i/X                    6     10     -4 (VIOLATED)
clkbuf_leaf_34_clk_i/X                    6     10     -4 (VIOLATED)
clkbuf_leaf_7_clk_i/X                     6     10     -4 (VIOLATED)
clkbuf_leaf_9_clk_i/X                     6     10     -4 (VIOLATED)
_1927_/X                                  6      9     -3 (VIOLATED)
_2465_/X                                  6      9     -3 (VIOLATED)
_2845_/Y                                  6      9     -3 (VIOLATED)
_2852_/X                                  6      9     -3 (VIOLATED)
_3150_/Q                                  6      9     -3 (VIOLATED)
clkbuf_0_clk_i/X                          6      9     -3 (VIOLATED)
clkbuf_leaf_10_clk_i/X                    6      9     -3 (VIOLATED)
clkbuf_leaf_15_clk_i/X                    6      9     -3 (VIOLATED)
clkbuf_leaf_1_clk_i/X                     6      9     -3 (VIOLATED)
fanout232/X                               6      9     -3 (VIOLATED)
fanout260/X                               6      9     -3 (VIOLATED)
fanout276/X                               6      9     -3 (VIOLATED)
fanout372/X                               6      9     -3 (VIOLATED)
fanout384/X                               6      9     -3 (VIOLATED)
fanout449/X                               6      9     -3 (VIOLATED)
fanout459/X                               6      9     -3 (VIOLATED)
fanout468/X                               6      9     -3 (VIOLATED)
fanout484/X                               6      9     -3 (VIOLATED)
fanout503/X                               6      9     -3 (VIOLATED)
hold202/X                                 6      9     -3 (VIOLATED)
hold205/X                                 6      9     -3 (VIOLATED)
hold236/X                                 6      9     -3 (VIOLATED)
hold243/X                                 6      9     -3 (VIOLATED)
hold290/X                                 6      9     -3 (VIOLATED)
hold293/X                                 6      9     -3 (VIOLATED)
hold337/X                                 6      9     -3 (VIOLATED)
hold357/X                                 6      9     -3 (VIOLATED)
hold365/X                                 6      9     -3 (VIOLATED)
hold547/X                                 6      9     -3 (VIOLATED)
input80/X                                 6      9     -3 (VIOLATED)
input82/X                                 6      9     -3 (VIOLATED)
input83/X                                 6      9     -3 (VIOLATED)
clkbuf_leaf_0_clk_i/X                     6      8     -2 (VIOLATED)
fanout531/X                               6      8     -2 (VIOLATED)
_1863_/X                                  6      7        (VIOLATED)
_1968_/X                                  6      7        (VIOLATED)
_2468_/X                                  6      7        (VIOLATED)
_2472_/X                                  6      7        (VIOLATED)
_2486_/X                                  6      7        (VIOLATED)
_2638_/X                                  6      7        (VIOLATED)
_2867_/X                                  6      7        (VIOLATED)
_3100_/Q                                  6      7        (VIOLATED)
_3243_/Q                                  6      7        (VIOLATED)
_3247_/Q                                  6      7        (VIOLATED)
clkbuf_leaf_11_clk_i/X                    6      7        (VIOLATED)
clkbuf_leaf_13_clk_i/X                    6      7        (VIOLATED)
clkbuf_leaf_27_clk_i/X                    6      7        (VIOLATED)
clkbuf_leaf_29_clk_i/X                    6      7        (VIOLATED)
clkbuf_leaf_2_clk_i/X                     6      7        (VIOLATED)
clkbuf_leaf_3_clk_i/X                     6      7        (VIOLATED)
clkbuf_leaf_4_clk_i/X                     6      7        (VIOLATED)
clkbuf_leaf_5_clk_i/X                     6      7        (VIOLATED)
clkbuf_leaf_6_clk_i/X                     6      7        (VIOLATED)
fanout160/X                               6      7        (VIOLATED)
fanout224/X                               6      7        (VIOLATED)
fanout236/X                               6      7        (VIOLATED)
fanout247/X                               6      7        (VIOLATED)
fanout250/X                               6      7        (VIOLATED)
fanout264/X                               6      7        (VIOLATED)
fanout270/X                               6      7        (VIOLATED)
fanout277/X                               6      7        (VIOLATED)
fanout390/X                               6      7        (VIOLATED)
fanout450/X                               6      7        (VIOLATED)
fanout451/X                               6      7        (VIOLATED)
fanout460/X                               6      7        (VIOLATED)
fanout467/X                               6      7        (VIOLATED)
fanout501/X                               6      7        (VIOLATED)
fanout504/X                               6      7        (VIOLATED)
fanout516/X                               6      7        (VIOLATED)
hold239/X                                 6      7        (VIOLATED)
hold266/X                                 6      7        (VIOLATED)
hold282/X                                 6      7        (VIOLATED)
hold286/X                                 6      7        (VIOLATED)
hold309/X                                 6      7        (VIOLATED)
hold315/X                                 6      7        (VIOLATED)
hold324/X                                 6      7        (VIOLATED)
hold327/X                                 6      7        (VIOLATED)
hold344/X                                 6      7        (VIOLATED)
hold508/X                                 6      7        (VIOLATED)
hold515/X                                 6      7        (VIOLATED)
hold519/X                                 6      7        (VIOLATED)
hold542/X                                 6      7        (VIOLATED)
hold60/X                                  6      7        (VIOLATED)
input74/X                                 6      7        (VIOLATED)
input75/X                                 6      7        (VIOLATED)



===========================================================================
report_parasitic_annotation -report_unannotated
============================================================================
Found 95 unannotated drivers.
 tl_i[0]
 tl_i[103]
 tl_i[104]
 tl_i[105]
 tl_i[106]
 tl_i[10]
 tl_i[11]
 tl_i[12]
 tl_i[13]
 tl_i[14]
 tl_i[15]
 tl_i[16]
 tl_i[17]
 tl_i[18]
 tl_i[19]
 tl_i[1]
 tl_i[20]
 tl_i[21]
 tl_i[22]
 tl_i[23]
 tl_i[24]
 tl_i[2]
 tl_i[3]
 tl_i[4]
 tl_i[57]
 tl_i[58]
 tl_i[59]
 tl_i[5]
 tl_i[60]
 tl_i[6]
 tl_i[73]
 tl_i[74]
 tl_i[75]
 tl_i[76]
 tl_i[77]
 tl_i[78]
 tl_i[79]
 tl_i[7]
 tl_i[80]
 tl_i[81]
 tl_i[82]
 tl_i[83]
 tl_i[84]
 tl_i[85]
 tl_i[86]
 tl_i[87]
 tl_i[88]
 tl_i[89]
 tl_i[8]
 tl_i[90]
 tl_i[91]
 tl_i[92]
 tl_i[9]
 clkload0/Y
 clkload1/Y
 clkload10/Y
 clkload11/Y
 clkload12/Y
 clkload13/Y
 clkload14/Y
 clkload15/X
 clkload16/Y
 clkload17/Y
 clkload18/Y
 clkload19/Y
 clkload2/Y
 clkload20/Y
 clkload21/X
 clkload22/Y
 clkload23/Y
 clkload24/Y
 clkload25/X
 clkload26/Y
 clkload27/X
 clkload28/X
 clkload29/Y
 clkload3/X
 clkload30/X
 clkload31/X
 clkload32/Y
 clkload33/Y
 clkload4/Y
 clkload5/X
 clkload6/Y
 clkload7/Y
 clkload8/Y
 clkload9/X
 rv_plic_lite_532/HI
 rv_plic_lite_533/HI
 rv_plic_lite_534/HI
 rv_plic_lite_535/HI
 rv_plic_lite_536/HI
 rv_plic_lite_537/HI
 rv_plic_lite_538/HI
 rv_plic_lite_539/LO
Found 0 partially unannotated drivers.

===========================================================================
max slew violation count 0
max fanout violation count 182
max cap violation count 0
============================================================================

===========================================================================
check_setup -verbose -unconstrained_endpoints -multiple_clock -no_clock -no_input_delay -loops -generated_clocks
===========================================================================
Warning: There are 8 unconstrained endpoints.
  tl_o[0]
  tl_o[15]
  tl_o[48]
  tl_o[59]
  tl_o[60]
  tl_o[61]
  tl_o[63]
  tl_o[64]
