Clock: clk_i
Sources: clk_i 
Generated: no
Virtual: yes
Propagated: no
Period: 50.000000

===========================================================================
report_clock_properties
============================================================================
Clock                   Period          Waveform
----------------------------------------------------
clk_i                50.000000    0.000000 25.000000

===========================================================================
report_clock_latency
============================================================================
Clock clk_i
rise -> rise
    min     max
0.000000 0.000000 source latency
0.381328         network latency _2949_/CLK
        0.504936 network latency _3044_/CLK
---------------
0.381328 0.504936 latency
        0.123607 skew

fall -> fall
    min     max
0.000000 0.000000 source latency
0.318401         network latency _2949_/CLK
        0.441375 network latency _3044_/CLK
---------------
0.318401 0.441375 latency
        0.122974 skew



===========================================================================
report_clock_min_period
============================================================================
clk_i period_min = 16.12 fmax = 62.03
