Clock: clk
Sources: wb_clk_i 
Generated: no
Virtual: yes
Propagated: no
Period: 35.000000

===========================================================================
report_clock_properties
============================================================================
Clock                   Period          Waveform
----------------------------------------------------
clk                  35.000000    0.000000 17.500000

===========================================================================
report_clock_latency
============================================================================
Clock clk
rise -> rise
    min     max
4.650000 5.570000 source latency
15.804022         network latency u_fft/_12961_/CLK
        19.749481 network latency u_fft_bank1/CLKin
---------------
20.454021 25.319481 latency
        4.865459 skew

fall -> rise
    min     max
4.650000 5.570000 source latency
17.712069         network latency u_ibex/_576_/CLK
        18.654924 network latency u_ibex/_562_/CLK
---------------
22.362068 24.224924 latency
        1.862855 skew

fall -> fall
    min     max
4.650000 5.570000 source latency
11.980609         network latency u_spi_host/_4560_/CLK
        18.549994 network latency u_ibex/_562_/CLK
---------------
16.630608 24.119993 latency
        7.489385 skew



===========================================================================
report_clock_min_period
============================================================================
clk period_min = 19.04 fmax = 52.52
