
===========================================================================
Violator List
============================================================================
[hold reg-reg] u_fft/_12914_/Q -> u_fft_bank1/DI[1] : -2.631722
[hold reg-reg] u_fft/_12914_/Q -> u_fft_bank0/DI[1] : -2.623939
[hold reg-reg] u_fft/_12937_/Q -> u_fft_bank1/DI[24] : -2.571054
[hold reg-reg] u_fft/_12939_/Q -> u_fft_bank1/DI[26] : -2.565674
[hold reg-reg] u_fft/_12937_/Q -> u_fft_bank0/DI[24] : -2.562603
[hold reg-reg] u_fft/_12939_/Q -> u_fft_bank0/DI[26] : -2.557135
[hold reg-reg] u_fft/_12919_/Q -> u_fft_bank1/DI[6] : -2.554961
[hold reg-reg] u_fft/_12940_/Q -> u_fft_bank1/DI[27] : -2.551138
[hold reg-reg] u_fft/_12920_/Q -> u_fft_bank1/DI[7] : -2.550793
[hold reg-reg] u_fft/_12919_/Q -> u_fft_bank0/DI[6] : -2.546495
[hold reg-reg] u_fft/_12934_/Q -> u_fft_bank1/DI[21] : -2.545671
[hold reg-reg] u_fft/_12918_/Q -> u_fft_bank1/DI[5] : -2.545411
[hold reg-reg] u_fft/_12936_/Q -> u_fft_bank1/DI[23] : -2.543803
[hold reg-reg] u_fft/_12940_/Q -> u_fft_bank0/DI[27] : -2.542704
[hold reg-reg] u_fft/_12921_/Q -> u_fft_bank1/DI[8] : -2.542588
[hold reg-reg] u_fft/_12920_/Q -> u_fft_bank0/DI[7] : -2.542393
[hold reg-reg] u_fft/_12934_/Q -> u_fft_bank0/DI[21] : -2.537851
[hold reg-reg] u_fft/_12935_/Q -> u_fft_bank1/DI[22] : -2.537348
[hold reg-reg] u_fft/_12918_/Q -> u_fft_bank0/DI[5] : -2.537009
[hold reg-reg] u_fft/_12936_/Q -> u_fft_bank0/DI[23] : -2.535561
[hold reg-reg] u_fft/_12921_/Q -> u_fft_bank0/DI[8] : -2.534190
[hold reg-reg] u_fft/_12917_/Q -> u_fft_bank1/DI[4] : -2.531246
[hold reg-reg] u_fft/_12935_/Q -> u_fft_bank0/DI[22] : -2.528978
[hold reg-reg] u_fft/_12923_/Q -> u_fft_bank1/DI[10] : -2.523835
[hold reg-reg] u_fft/_12917_/Q -> u_fft_bank0/DI[4] : -2.522862
[hold reg-reg] u_fft/_12923_/Q -> u_fft_bank0/DI[10] : -2.515630
[hold reg-reg] u_fft/_12932_/Q -> u_fft_bank1/DI[19] : -2.515551
[hold reg-reg] u_fft/_12924_/Q -> u_fft_bank1/DI[11] : -2.513428
[hold reg-reg] u_fft/_12932_/Q -> u_fft_bank0/DI[19] : -2.507019
[hold reg-reg] u_fft/_12924_/Q -> u_fft_bank0/DI[11] : -2.505264
[hold reg-reg] u_fft/_12941_/Q -> u_fft_bank1/DI[28] : -2.502761
[hold reg-reg] u_fft/_12938_/Q -> u_fft_bank1/DI[25] : -2.502589
[hold reg-reg] u_fft/_12916_/Q -> u_fft_bank1/DI[3] : -2.501979
[hold reg-reg] u_fft/_12925_/Q -> u_fft_bank1/DI[12] : -2.499483
[hold reg-reg] u_fft/_12933_/Q -> u_fft_bank1/DI[20] : -2.497563
[hold reg-reg] u_fft/_12926_/Q -> u_fft_bank1/DI[13] : -2.496252
[hold reg-reg] u_fft/_12915_/Q -> u_fft_bank1/DI[2] : -2.495604
[hold reg-reg] u_fft/_12938_/Q -> u_fft_bank0/DI[25] : -2.495065
[hold reg-reg] u_fft/_12941_/Q -> u_fft_bank0/DI[28] : -2.494485
[hold reg-reg] u_fft/_12916_/Q -> u_fft_bank0/DI[3] : -2.493613
[hold reg-reg] u_fft/_12925_/Q -> u_fft_bank0/DI[12] : -2.491499
[hold reg-reg] u_fft/_12933_/Q -> u_fft_bank0/DI[20] : -2.489461
[hold reg-reg] u_fft/_12926_/Q -> u_fft_bank0/DI[13] : -2.487889
[hold reg-reg] u_fft/_12931_/Q -> u_fft_bank1/DI[18] : -2.487580
[hold reg-reg] u_fft/_12930_/Q -> u_fft_bank1/DI[17] : -2.487513
[hold reg-reg] u_fft/_12915_/Q -> u_fft_bank0/DI[2] : -2.487189
[hold reg-reg] u_fft/_12922_/Q -> u_fft_bank1/DI[9] : -2.487179
[hold reg-reg] u_fft/_12922_/Q -> u_fft_bank0/DI[9] : -2.480576
[hold reg-reg] u_fft/_12930_/Q -> u_fft_bank0/DI[17] : -2.479537
[hold reg-reg] u_fft/_12931_/Q -> u_fft_bank0/DI[18] : -2.479410
[hold reg-reg] u_fft/_12942_/Q -> u_fft_bank1/DI[29] : -2.477691
[hold reg-reg] u_fft/_12929_/Q -> u_fft_bank1/DI[16] : -2.471776
[hold reg-reg] u_fft/_12944_/Q -> u_fft_bank1/DI[31] : -2.470520
[hold reg-reg] u_fft/_12942_/Q -> u_fft_bank0/DI[29] : -2.469266
[hold reg-reg] u_fft/_12928_/Q -> u_fft_bank1/DI[15] : -2.467681
[hold reg-reg] u_fft/_12943_/Q -> u_fft_bank1/DI[30] : -2.465612
[hold reg-reg] u_fft/_12929_/Q -> u_fft_bank0/DI[16] : -2.463338
[hold reg-reg] u_fft/_12944_/Q -> u_fft_bank0/DI[31] : -2.462128
[hold reg-reg] u_fft/_12928_/Q -> u_fft_bank0/DI[15] : -2.459890
[hold reg-reg] u_fft/_12943_/Q -> u_fft_bank0/DI[30] : -2.457192
[hold reg-reg] u_fft/_12927_/Q -> u_fft_bank1/DI[14] : -2.442338
[hold reg-reg] u_fft/_12927_/Q -> u_fft_bank0/DI[14] : -2.434636
[hold reg-reg] u_fft/_13300_/Q -> u_fft_bank1/R_WB : -2.376057
[hold reg-reg] u_fft/_12913_/Q -> u_fft_bank1/DI[0] : -2.375456
[hold reg-reg] u_fft/_13300_/Q -> u_fft_bank0/R_WB : -2.368649
[hold reg-reg] u_fft/_12913_/Q -> u_fft_bank0/DI[0] : -2.367809
[hold reg-reg] u_fft/_13306_/Q -> u_fft_bank1/AD[5] : -2.360851
[hold reg-reg] u_fft/_13306_/Q -> u_fft_bank0/AD[5] : -2.354682
[hold reg-reg] u_fft/_13309_/Q -> u_fft_bank1/AD[8] : -2.296401
[hold reg-reg] u_fft/_13309_/Q -> u_fft_bank0/AD[8] : -2.288939
[hold reg-reg] u_fft/_13310_/Q -> u_fft_bank1/AD[9] : -2.248804
[hold reg-reg] u_fft/_13310_/Q -> u_fft_bank0/AD[9] : -2.241542
[hold reg-reg] u_fft/_13304_/Q -> u_fft_bank1/AD[3] : -2.205109
[hold reg-reg] u_fft/_13307_/Q -> u_fft_bank1/AD[6] : -2.197869
[hold reg-reg] u_fft/_13304_/Q -> u_fft_bank0/AD[3] : -2.197853
[hold reg-reg] u_fft/_13307_/Q -> u_fft_bank0/AD[6] : -2.191197
[hold reg-reg] u_fft/_13314_/Q -> u_fft_bank0/EN : -2.185310
[hold reg-reg] u_fft/_13303_/Q -> u_fft_bank1/AD[2] : -2.165246
[hold reg-reg] u_fft/_13302_/Q -> u_fft_bank1/AD[1] : -2.161025
[hold reg-reg] u_fft/_13305_/Q -> u_fft_bank1/AD[4] : -2.159745
[hold reg-reg] u_fft/_13303_/Q -> u_fft_bank0/AD[2] : -2.157099
[hold reg-reg] u_fft/_13302_/Q -> u_fft_bank0/AD[1] : -2.154483
[hold reg-reg] u_fft/_13305_/Q -> u_fft_bank0/AD[4] : -2.153048
[hold reg-reg] u_fft/_13301_/Q -> u_fft_bank1/AD[0] : -2.115099
[hold reg-reg] u_fft/_13308_/Q -> u_fft_bank1/AD[7] : -2.110934
[hold reg-reg] u_fft/_13301_/Q -> u_fft_bank0/AD[0] : -2.109729
[hold reg-reg] u_fft/_13308_/Q -> u_fft_bank0/AD[7] : -2.104677
[hold reg-reg] u_fft/_13314_/Q -> u_fft_bank1/EN : -1.917490
