
===========================================================================
report_checks -unconstrained
===========================================================================
======================= min_ss_100C_1v60 Corner ===================================

Startpoint: tl_u_spi_host_i[65] (input port clocked by clk_i)
Endpoint: tl_host_o[1] (output port clocked by clk_i)
Path Group: clk_i
Path Type: max

Fanout         Cap        Slew       Delay        Time   Description
---------------------------------------------------------------------------------------------
                                  0.000000    0.000000   clock clk_i (rise edge)
                                  0.000000    0.000000   clock network delay (propagated)
                                  5.000000    5.000000 ^ input external delay
     2    0.004075    0.040835    0.022488    5.022488 ^ tl_u_spi_host_i[65] (in)
                                                         tl_u_spi_host_i[65] (net)
                      0.040835    0.000000    5.022488 ^ input293/A (sky130_fd_sc_hd__clkbuf_4)
     3    0.059616    0.289713    0.393711    5.416199 ^ input293/X (sky130_fd_sc_hd__clkbuf_4)
                                                         net293 (net)
                      0.290186    0.009590    5.425789 ^ fanout1295/A (sky130_fd_sc_hd__clkbuf_4)
     7    0.069010    0.331146    0.537945    5.963734 ^ fanout1295/X (sky130_fd_sc_hd__clkbuf_4)
                                                         net1295 (net)
                      0.331146    0.000147    5.963881 ^ fanout1294/A (sky130_fd_sc_hd__buf_6)
    13    0.120912    0.382020    0.497745    6.461627 ^ fanout1294/X (sky130_fd_sc_hd__buf_6)
                                                         net1294 (net)
                      0.385116    0.027962    6.489589 ^ fanout1293/A (sky130_fd_sc_hd__buf_4)
     9    0.085515    0.379728    0.563542    7.053131 ^ fanout1293/X (sky130_fd_sc_hd__buf_4)
                                                         net1293 (net)
                      0.380690    0.015723    7.068854 ^ fanout1292/A (sky130_fd_sc_hd__clkbuf_4)
    13    0.070645    0.338504    0.581541    7.650394 ^ fanout1292/X (sky130_fd_sc_hd__clkbuf_4)
                                                         net1292 (net)
                      0.338504    0.000196    7.650590 ^ fanout1291/A (sky130_fd_sc_hd__buf_2)
     9    0.044341    0.348037    0.511808    8.162398 ^ fanout1291/X (sky130_fd_sc_hd__buf_2)
                                                         net1291 (net)
                      0.348258    0.004959    8.167356 ^ _0324_/A_N (sky130_fd_sc_hd__and2b_1)
     3    0.019818    0.201324    0.588536    8.755893 v _0324_/X (sky130_fd_sc_hd__and2b_1)
                                                         _0060_ (net)
                      0.201331    0.001477    8.757370 v fanout1229/A (sky130_fd_sc_hd__clkbuf_8)
     7    0.103333    0.200891    0.435819    9.193190 v fanout1229/X (sky130_fd_sc_hd__clkbuf_8)
                                                         net1229 (net)
                      0.201685    0.010332    9.203522 v fanout1221/A (sky130_fd_sc_hd__buf_4)
     7    0.072710    0.182318    0.425390    9.628912 v fanout1221/X (sky130_fd_sc_hd__buf_4)
                                                         net1221 (net)
                      0.182318    0.000158    9.629070 v fanout1219/A (sky130_fd_sc_hd__buf_4)
    13    0.094015    0.216954    0.455877   10.084948 v fanout1219/X (sky130_fd_sc_hd__buf_4)
                                                         net1219 (net)
                      0.217933    0.011740   10.096687 v fanout1218/A (sky130_fd_sc_hd__buf_2)
    11    0.056232    0.254439    0.484126   10.580813 v fanout1218/X (sky130_fd_sc_hd__buf_2)
                                                         net1218 (net)
                      0.254551    0.004960   10.585773 v _0326_/B1 (sky130_fd_sc_hd__a221o_1)
     3    0.025426    0.284193    0.815589   11.401361 v _0326_/X (sky130_fd_sc_hd__a221o_1)
                                                         _0062_ (net)
                      0.284204    0.002052   11.403413 v _0330_/A2 (sky130_fd_sc_hd__o21a_1)
     1    0.004461    0.080818    0.415755   11.819168 v _0330_/X (sky130_fd_sc_hd__o21a_1)
                                                         _0066_ (net)
                      0.080818    0.000041   11.819209 v _0332_/C1 (sky130_fd_sc_hd__a221o_4)
     3    0.047392    0.199189    0.747640   12.566850 v _0332_/X (sky130_fd_sc_hd__a221o_4)
                                                         net441 (net)
                      0.199625    0.008231   12.575080 v output441/A (sky130_fd_sc_hd__buf_2)
     1    0.034784    0.168009    0.408643   12.983723 v output441/X (sky130_fd_sc_hd__buf_2)
                                                         tl_host_o[1] (net)
                      0.168009    0.000465   12.984188 v tl_host_o[1] (out)
                                             12.984188   data arrival time

                                 25.000000   25.000000   clock clk_i (rise edge)
                                  0.000000   25.000000   clock network delay (propagated)
                                 -0.250000   24.750000   clock uncertainty
                                  0.000000   24.750000   clock reconvergence pessimism
                                 -5.000000   19.750000   output external delay
                                             19.750000   data required time
---------------------------------------------------------------------------------------------
                                             19.750000   data required time
                                            -12.984188   data arrival time
---------------------------------------------------------------------------------------------
                                              6.765811   slack (MET)




===========================================================================
report_checks --slack_max -0.01
============================================================================
======================= min_ss_100C_1v60 Corner ===================================

No paths found.


===========================================================================
 report_check_types -max_slew -max_cap -max_fanout -violators
============================================================================
======================= min_ss_100C_1v60 Corner ===================================

max slew

Pin                                        Limit        Slew       Slack
------------------------------------------------------------------------
ANTENNA__0856__A/DIODE                  1.000000    1.714149   -0.714149 (VIOLATED)
_0856_/A                                1.000000    1.714149   -0.714149 (VIOLATED)
ANTENNA__1183__A/DIODE                  1.000000    1.713534   -0.713534 (VIOLATED)
_1183_/A                                1.000000    1.713533   -0.713533 (VIOLATED)
ANTENNA__0638__A/DIODE                  1.000000    1.712559   -0.712559 (VIOLATED)
_0638_/A                                1.000000    1.712559   -0.712559 (VIOLATED)
ANTENNA__0747__A/DIODE                  1.000000    1.712347   -0.712347 (VIOLATED)
_0747_/A                                1.000000    1.712345   -0.712345 (VIOLATED)
ANTENNA__0965__A/DIODE                  1.000000    1.712290   -0.712290 (VIOLATED)
_0965_/A                                1.000000    1.712290   -0.712290 (VIOLATED)
ANTENNA__1074__A/DIODE                  1.000000    1.712288   -0.712288 (VIOLATED)
_1074_/A                                1.000000    1.712287   -0.712287 (VIOLATED)
tl_host_i[52]                           1.000000    1.712278   -0.712278 (VIOLATED)
_1151_/A                                1.000000    1.255934   -0.255934 (VIOLATED)
ANTENNA__1151__A/DIODE                  1.000000    1.255932   -0.255933 (VIOLATED)
ANTENNA__0933__A/DIODE                  1.000000    1.255139   -0.255139 (VIOLATED)
_0933_/A                                1.000000    1.255131   -0.255131 (VIOLATED)
ANTENNA__0824__A/DIODE                  1.000000    1.255080   -0.255080 (VIOLATED)
_0824_/A                                1.000000    1.255080   -0.255080 (VIOLATED)
ANTENNA__1042__A/DIODE                  1.000000    1.252762   -0.252762 (VIOLATED)
_1042_/A                                1.000000    1.252762   -0.252762 (VIOLATED)
ANTENNA__0715__A/DIODE                  1.000000    1.251762   -0.251762 (VIOLATED)
_0715_/A                                1.000000    1.251761   -0.251761 (VIOLATED)
tl_host_i[20]                           1.000000    1.251753   -0.251753 (VIOLATED)
ANTENNA__0606__A/DIODE                  1.000000    1.251753   -0.251753 (VIOLATED)
_0606_/A                                1.000000    1.251753   -0.251753 (VIOLATED)
_1174_/A                                1.000000    1.200042   -0.200042 (VIOLATED)
ANTENNA__1174__A/DIODE                  1.000000    1.200041   -0.200041 (VIOLATED)
ANTENNA__0847__A/DIODE                  1.000000    1.199080   -0.199080 (VIOLATED)
_0847_/A                                1.000000    1.199070   -0.199070 (VIOLATED)
ANTENNA__0956__A/DIODE                  1.000000    1.199001   -0.199001 (VIOLATED)
_0956_/A                                1.000000    1.198990   -0.198990 (VIOLATED)
_1065_/A                                1.000000    1.196172   -0.196172 (VIOLATED)
ANTENNA__1065__A/DIODE                  1.000000    1.196148   -0.196148 (VIOLATED)
ANTENNA__0738__A/DIODE                  1.000000    1.194510   -0.194510 (VIOLATED)
_0738_/A                                1.000000    1.194502   -0.194502 (VIOLATED)
ANTENNA__0629__A/DIODE                  1.000000    1.193932   -0.193932 (VIOLATED)
_0629_/A                                1.000000    1.193932   -0.193932 (VIOLATED)
tl_host_i[43]                           1.000000    1.193834   -0.193834 (VIOLATED)
_1162_/A                                1.000000    1.169811   -0.169811 (VIOLATED)
ANTENNA__1162__A/DIODE                  1.000000    1.169810   -0.169810 (VIOLATED)
_0835_/A                                1.000000    1.169171   -0.169171 (VIOLATED)
ANTENNA__0835__A/DIODE                  1.000000    1.169169   -0.169169 (VIOLATED)
ANTENNA__0944__A/DIODE                  1.000000    1.169122   -0.169122 (VIOLATED)
_0944_/A                                1.000000    1.169103   -0.169103 (VIOLATED)
ANTENNA__1053__A/DIODE                  1.000000    1.166685   -0.166685 (VIOLATED)
_1053_/A                                1.000000    1.166661   -0.166661 (VIOLATED)
ANTENNA__0726__A/DIODE                  1.000000    1.164700   -0.164700 (VIOLATED)
_0726_/A                                1.000000    1.164692   -0.164692 (VIOLATED)
_0617_/A                                1.000000    1.164608   -0.164608 (VIOLATED)
ANTENNA__0617__A/DIODE                  1.000000    1.164578   -0.164578 (VIOLATED)
tl_host_i[31]                           1.000000    1.164199   -0.164199 (VIOLATED)
_1186_/A                                1.000000    1.156526   -0.156526 (VIOLATED)
ANTENNA__1186__A/DIODE                  1.000000    1.156525   -0.156525 (VIOLATED)
ANTENNA__0968__A/DIODE                  1.000000    1.155392   -0.155392 (VIOLATED)
_0968_/A                                1.000000    1.155375   -0.155375 (VIOLATED)
ANTENNA__0859__A/DIODE                  1.000000    1.155326   -0.155326 (VIOLATED)
_0859_/A                                1.000000    1.155291   -0.155291 (VIOLATED)
ANTENNA__1077__A/DIODE                  1.000000    1.153339   -0.153339 (VIOLATED)
_1077_/A                                1.000000    1.153320   -0.153320 (VIOLATED)
_0641_/A                                1.000000    1.149484   -0.149484 (VIOLATED)
ANTENNA__0641__A/DIODE                  1.000000    1.149484   -0.149484 (VIOLATED)
tl_host_i[55]                           1.000000    1.149482   -0.149482 (VIOLATED)
ANTENNA__0750__A/DIODE                  1.000000    1.149482   -0.149482 (VIOLATED)
_0750_/A                                1.000000    1.149482   -0.149482 (VIOLATED)
ANTENNA__0926__A/DIODE                  1.000000    1.119167   -0.119167 (VIOLATED)
_0926_/A                                1.000000    1.119167   -0.119167 (VIOLATED)
_0817_/A                                1.000000    1.119165   -0.119165 (VIOLATED)
ANTENNA__0817__A/DIODE                  1.000000    1.119160   -0.119160 (VIOLATED)
_1144_/A                                1.000000    1.118198   -0.118198 (VIOLATED)
ANTENNA__1144__A/DIODE                  1.000000    1.118170   -0.118170 (VIOLATED)
ANTENNA__1035__A/DIODE                  1.000000    1.115849   -0.115849 (VIOLATED)
_1035_/A                                1.000000    1.115821   -0.115821 (VIOLATED)
ANTENNA__0599__A/DIODE                  1.000000    1.114280   -0.114280 (VIOLATED)
_0599_/A                                1.000000    1.114272   -0.114272 (VIOLATED)
ANTENNA__0708__A/DIODE                  1.000000    1.113826   -0.113826 (VIOLATED)
_0708_/A                                1.000000    1.113826   -0.113826 (VIOLATED)
tl_host_i[13]                           1.000000    1.113608   -0.113608 (VIOLATED)
_0829_/A                                1.000000    1.081926   -0.081926 (VIOLATED)
ANTENNA__0829__A/DIODE                  1.000000    1.081925   -0.081925 (VIOLATED)
ANTENNA__1156__A/DIODE                  1.000000    1.081896   -0.081896 (VIOLATED)
_1156_/A                                1.000000    1.081894   -0.081894 (VIOLATED)
ANTENNA__1047__A/DIODE                  1.000000    1.081811   -0.081811 (VIOLATED)
_1047_/A                                1.000000    1.081811   -0.081811 (VIOLATED)
_0938_/A                                1.000000    1.081810   -0.081810 (VIOLATED)
ANTENNA__0938__A/DIODE                  1.000000    1.081810   -0.081810 (VIOLATED)
_0720_/A                                1.000000    1.081799   -0.081799 (VIOLATED)
ANTENNA__0720__A/DIODE                  1.000000    1.081799   -0.081799 (VIOLATED)
ANTENNA__0611__A/DIODE                  1.000000    1.081734   -0.081734 (VIOLATED)
_0611_/A                                1.000000    1.081733   -0.081733 (VIOLATED)
tl_host_i[25]                           1.000000    1.081712   -0.081712 (VIOLATED)
ANTENNA__0820__A/DIODE                  1.000000    1.059783   -0.059783 (VIOLATED)
_0820_/A                                1.000000    1.059782   -0.059782 (VIOLATED)
ANTENNA__0929__A/DIODE                  1.000000    1.059775   -0.059775 (VIOLATED)
_0929_/A                                1.000000    1.059772   -0.059772 (VIOLATED)
ANTENNA__1038__A/DIODE                  1.000000    1.058680   -0.058680 (VIOLATED)
_1038_/A                                1.000000    1.058677   -0.058677 (VIOLATED)
_1147_/A                                1.000000    1.057602   -0.057602 (VIOLATED)
ANTENNA__1147__A/DIODE                  1.000000    1.057601   -0.057601 (VIOLATED)
_0711_/A                                1.000000    1.055710   -0.055710 (VIOLATED)
ANTENNA__0711__A/DIODE                  1.000000    1.055705   -0.055705 (VIOLATED)
ANTENNA__0602__A/DIODE                  1.000000    1.055567   -0.055567 (VIOLATED)
_0602_/A                                1.000000    1.055566   -0.055566 (VIOLATED)
tl_host_i[16]                           1.000000    1.055552   -0.055552 (VIOLATED)
ANTENNA__1075__A/DIODE                  1.000000    1.001286   -0.001286 (VIOLATED)
_1075_/A                                1.000000    1.001286   -0.001286 (VIOLATED)
_0857_/A                                1.000000    1.001236   -0.001236 (VIOLATED)
ANTENNA__0857__A/DIODE                  1.000000    1.001236   -0.001236 (VIOLATED)
ANTENNA__0966__A/DIODE                  1.000000    1.001077   -0.001077 (VIOLATED)
_0966_/A                                1.000000    1.001073   -0.001073 (VIOLATED)
ANTENNA__0639__A/DIODE                  1.000000    1.000767   -0.000766 (VIOLATED)
_0639_/A                                1.000000    1.000762   -0.000762 (VIOLATED)
_1184_/A                                1.000000    1.000698   -0.000698 (VIOLATED)
ANTENNA__1184__A/DIODE                  1.000000    1.000698   -0.000698 (VIOLATED)
ANTENNA__0748__A/DIODE                  1.000000    1.000634   -0.000634 (VIOLATED)
_0748_/A                                1.000000    1.000633   -0.000633 (VIOLATED)
tl_host_i[53]                           1.000000    1.000610   -0.000610 (VIOLATED)

max fanout

Pin                                   Limit Fanout  Slack
---------------------------------------------------------
fanout1274/X                              6     16    -10 (VIOLATED)
fanout1228/X                              6     14     -8 (VIOLATED)
fanout1157/X                              6     13     -7 (VIOLATED)
fanout1160/X                              6     13     -7 (VIOLATED)
fanout1161/X                              6     13     -7 (VIOLATED)
fanout1163/X                              6     13     -7 (VIOLATED)
fanout1166/X                              6     13     -7 (VIOLATED)
fanout1167/X                              6     13     -7 (VIOLATED)
fanout1168/X                              6     13     -7 (VIOLATED)
fanout1169/X                              6     13     -7 (VIOLATED)
fanout1172/X                              6     13     -7 (VIOLATED)
fanout1173/X                              6     13     -7 (VIOLATED)
fanout1177/X                              6     13     -7 (VIOLATED)
fanout1180/X                              6     13     -7 (VIOLATED)
fanout1182/X                              6     13     -7 (VIOLATED)
fanout1183/X                              6     13     -7 (VIOLATED)
fanout1184/X                              6     13     -7 (VIOLATED)
fanout1186/X                              6     13     -7 (VIOLATED)
fanout1189/X                              6     13     -7 (VIOLATED)
fanout1192/X                              6     13     -7 (VIOLATED)
fanout1193/X                              6     13     -7 (VIOLATED)
fanout1195/X                              6     13     -7 (VIOLATED)
fanout1198/X                              6     13     -7 (VIOLATED)
fanout1199/X                              6     13     -7 (VIOLATED)
fanout1200/X                              6     13     -7 (VIOLATED)
fanout1201/X                              6     13     -7 (VIOLATED)
fanout1205/X                              6     13     -7 (VIOLATED)
fanout1206/X                              6     13     -7 (VIOLATED)
fanout1208/X                              6     13     -7 (VIOLATED)
fanout1209/X                              6     13     -7 (VIOLATED)
fanout1210/X                              6     13     -7 (VIOLATED)
fanout1212/X                              6     13     -7 (VIOLATED)
fanout1215/X                              6     13     -7 (VIOLATED)
fanout1217/X                              6     13     -7 (VIOLATED)
fanout1219/X                              6     13     -7 (VIOLATED)
fanout1220/X                              6     13     -7 (VIOLATED)
fanout1222/X                              6     13     -7 (VIOLATED)
fanout1223/X                              6     13     -7 (VIOLATED)
fanout1225/X                              6     13     -7 (VIOLATED)
fanout1226/X                              6     13     -7 (VIOLATED)
fanout1230/X                              6     13     -7 (VIOLATED)
fanout1233/X                              6     13     -7 (VIOLATED)
fanout1234/X                              6     13     -7 (VIOLATED)
fanout1237/X                              6     13     -7 (VIOLATED)
fanout1240/X                              6     13     -7 (VIOLATED)
fanout1241/X                              6     13     -7 (VIOLATED)
fanout1242/X                              6     13     -7 (VIOLATED)
fanout1243/X                              6     13     -7 (VIOLATED)
fanout1246/X                              6     13     -7 (VIOLATED)
fanout1247/X                              6     13     -7 (VIOLATED)
fanout1248/X                              6     13     -7 (VIOLATED)
fanout1251/X                              6     13     -7 (VIOLATED)
fanout1252/X                              6     13     -7 (VIOLATED)
fanout1253/X                              6     13     -7 (VIOLATED)
fanout1254/X                              6     13     -7 (VIOLATED)
fanout1255/X                              6     13     -7 (VIOLATED)
fanout1256/X                              6     13     -7 (VIOLATED)
fanout1257/X                              6     13     -7 (VIOLATED)
fanout1261/X                              6     13     -7 (VIOLATED)
fanout1264/X                              6     13     -7 (VIOLATED)
fanout1266/X                              6     13     -7 (VIOLATED)
fanout1267/X                              6     13     -7 (VIOLATED)
fanout1268/X                              6     13     -7 (VIOLATED)
fanout1270/X                              6     13     -7 (VIOLATED)
fanout1273/X                              6     13     -7 (VIOLATED)
fanout1275/X                              6     13     -7 (VIOLATED)
fanout1276/X                              6     13     -7 (VIOLATED)
fanout1277/X                              6     13     -7 (VIOLATED)
fanout1279/X                              6     13     -7 (VIOLATED)
fanout1280/X                              6     13     -7 (VIOLATED)
fanout1282/X                              6     13     -7 (VIOLATED)
fanout1284/X                              6     13     -7 (VIOLATED)
fanout1285/X                              6     13     -7 (VIOLATED)
fanout1287/X                              6     13     -7 (VIOLATED)
fanout1288/X                              6     13     -7 (VIOLATED)
fanout1290/X                              6     13     -7 (VIOLATED)
fanout1292/X                              6     13     -7 (VIOLATED)
fanout1294/X                              6     13     -7 (VIOLATED)
fanout1296/X                              6     13     -7 (VIOLATED)
fanout1297/X                              6     13     -7 (VIOLATED)
fanout1298/X                              6     13     -7 (VIOLATED)
fanout1299/X                              6     13     -7 (VIOLATED)
fanout1300/X                              6     13     -7 (VIOLATED)
fanout1301/X                              6     13     -7 (VIOLATED)
fanout1306/X                              6     13     -7 (VIOLATED)
fanout1307/X                              6     13     -7 (VIOLATED)
fanout1309/X                              6     13     -7 (VIOLATED)
fanout1312/X                              6     13     -7 (VIOLATED)
fanout1314/X                              6     13     -7 (VIOLATED)
fanout1315/X                              6     13     -7 (VIOLATED)
fanout1316/X                              6     13     -7 (VIOLATED)
fanout1317/X                              6     13     -7 (VIOLATED)
fanout1318/X                              6     13     -7 (VIOLATED)
fanout1319/X                              6     13     -7 (VIOLATED)
fanout1321/X                              6     13     -7 (VIOLATED)
fanout1322/X                              6     13     -7 (VIOLATED)
fanout1323/X                              6     13     -7 (VIOLATED)
fanout1324/X                              6     13     -7 (VIOLATED)
fanout1325/X                              6     13     -7 (VIOLATED)
fanout1326/X                              6     13     -7 (VIOLATED)
fanout1327/X                              6     13     -7 (VIOLATED)
wire1328/X                                6     13     -7 (VIOLATED)
wire1330/X                                6     13     -7 (VIOLATED)
tl_host_i[0]                              6     12     -6 (VIOLATED)
tl_host_i[100]                            6     12     -6 (VIOLATED)
tl_host_i[101]                            6     12     -6 (VIOLATED)
tl_host_i[102]                            6     12     -6 (VIOLATED)
tl_host_i[103]                            6     12     -6 (VIOLATED)
tl_host_i[104]                            6     12     -6 (VIOLATED)
tl_host_i[105]                            6     12     -6 (VIOLATED)
tl_host_i[106]                            6     12     -6 (VIOLATED)
tl_host_i[107]                            6     12     -6 (VIOLATED)
tl_host_i[108]                            6     12     -6 (VIOLATED)
tl_host_i[10]                             6     12     -6 (VIOLATED)
tl_host_i[11]                             6     12     -6 (VIOLATED)
tl_host_i[12]                             6     12     -6 (VIOLATED)
tl_host_i[13]                             6     12     -6 (VIOLATED)
tl_host_i[14]                             6     12     -6 (VIOLATED)
tl_host_i[15]                             6     12     -6 (VIOLATED)
tl_host_i[16]                             6     12     -6 (VIOLATED)
tl_host_i[17]                             6     12     -6 (VIOLATED)
tl_host_i[18]                             6     12     -6 (VIOLATED)
tl_host_i[19]                             6     12     -6 (VIOLATED)
tl_host_i[1]                              6     12     -6 (VIOLATED)
tl_host_i[20]                             6     12     -6 (VIOLATED)
tl_host_i[21]                             6     12     -6 (VIOLATED)
tl_host_i[22]                             6     12     -6 (VIOLATED)
tl_host_i[23]                             6     12     -6 (VIOLATED)
tl_host_i[24]                             6     12     -6 (VIOLATED)
tl_host_i[25]                             6     12     -6 (VIOLATED)
tl_host_i[26]                             6     12     -6 (VIOLATED)
tl_host_i[27]                             6     12     -6 (VIOLATED)
tl_host_i[28]                             6     12     -6 (VIOLATED)
tl_host_i[29]                             6     12     -6 (VIOLATED)
tl_host_i[2]                              6     12     -6 (VIOLATED)
tl_host_i[30]                             6     12     -6 (VIOLATED)
tl_host_i[31]                             6     12     -6 (VIOLATED)
tl_host_i[32]                             6     12     -6 (VIOLATED)
tl_host_i[33]                             6     12     -6 (VIOLATED)
tl_host_i[34]                             6     12     -6 (VIOLATED)
tl_host_i[35]                             6     12     -6 (VIOLATED)
tl_host_i[36]                             6     12     -6 (VIOLATED)
tl_host_i[37]                             6     12     -6 (VIOLATED)
tl_host_i[38]                             6     12     -6 (VIOLATED)
tl_host_i[39]                             6     12     -6 (VIOLATED)
tl_host_i[3]                              6     12     -6 (VIOLATED)
tl_host_i[40]                             6     12     -6 (VIOLATED)
tl_host_i[41]                             6     12     -6 (VIOLATED)
tl_host_i[42]                             6     12     -6 (VIOLATED)
tl_host_i[43]                             6     12     -6 (VIOLATED)
tl_host_i[44]                             6     12     -6 (VIOLATED)
tl_host_i[46]                             6     12     -6 (VIOLATED)
tl_host_i[47]                             6     12     -6 (VIOLATED)
tl_host_i[48]                             6     12     -6 (VIOLATED)
tl_host_i[49]                             6     12     -6 (VIOLATED)
tl_host_i[4]                              6     12     -6 (VIOLATED)
tl_host_i[50]                             6     12     -6 (VIOLATED)
tl_host_i[51]                             6     12     -6 (VIOLATED)
tl_host_i[52]                             6     12     -6 (VIOLATED)
tl_host_i[53]                             6     12     -6 (VIOLATED)
tl_host_i[54]                             6     12     -6 (VIOLATED)
tl_host_i[55]                             6     12     -6 (VIOLATED)
tl_host_i[56]                             6     12     -6 (VIOLATED)
tl_host_i[57]                             6     12     -6 (VIOLATED)
tl_host_i[58]                             6     12     -6 (VIOLATED)
tl_host_i[5]                              6     12     -6 (VIOLATED)
tl_host_i[60]                             6     12     -6 (VIOLATED)
tl_host_i[6]                              6     12     -6 (VIOLATED)
tl_host_i[8]                              6     12     -6 (VIOLATED)
tl_host_i[93]                             6     12     -6 (VIOLATED)
tl_host_i[94]                             6     12     -6 (VIOLATED)
tl_host_i[95]                             6     12     -6 (VIOLATED)
tl_host_i[96]                             6     12     -6 (VIOLATED)
tl_host_i[97]                             6     12     -6 (VIOLATED)
tl_host_i[98]                             6     12     -6 (VIOLATED)
tl_host_i[9]                              6     12     -6 (VIOLATED)
fanout1159/X                              6     11     -5 (VIOLATED)
fanout1162/X                              6     11     -5 (VIOLATED)
fanout1170/X                              6     11     -5 (VIOLATED)
fanout1174/X                              6     11     -5 (VIOLATED)
fanout1191/X                              6     11     -5 (VIOLATED)
fanout1194/X                              6     11     -5 (VIOLATED)
fanout1216/X                              6     11     -5 (VIOLATED)
fanout1218/X                              6     11     -5 (VIOLATED)
fanout1227/X                              6     11     -5 (VIOLATED)
fanout1232/X                              6     11     -5 (VIOLATED)
fanout1244/X                              6     11     -5 (VIOLATED)
fanout1249/X                              6     11     -5 (VIOLATED)
fanout1250/X                              6     11     -5 (VIOLATED)
fanout1258/X                              6     11     -5 (VIOLATED)
fanout1269/X                              6     11     -5 (VIOLATED)
fanout1281/X                              6     11     -5 (VIOLATED)
fanout1283/X                              6     11     -5 (VIOLATED)
fanout1308/X                              6     11     -5 (VIOLATED)
fanout1165/X                              6     10     -4 (VIOLATED)
_0257_/Y                                  6      9     -3 (VIOLATED)
_0309_/Y                                  6      9     -3 (VIOLATED)
fanout1164/X                              6      9     -3 (VIOLATED)
fanout1171/X                              6      9     -3 (VIOLATED)
fanout1175/X                              6      9     -3 (VIOLATED)
fanout1181/X                              6      9     -3 (VIOLATED)
fanout1196/X                              6      9     -3 (VIOLATED)
fanout1197/X                              6      9     -3 (VIOLATED)
fanout1202/X                              6      9     -3 (VIOLATED)
fanout1204/X                              6      9     -3 (VIOLATED)
fanout1207/X                              6      9     -3 (VIOLATED)
fanout1211/X                              6      9     -3 (VIOLATED)
fanout1214/X                              6      9     -3 (VIOLATED)
fanout1236/X                              6      9     -3 (VIOLATED)
fanout1238/X                              6      9     -3 (VIOLATED)
fanout1239/X                              6      9     -3 (VIOLATED)
fanout1245/X                              6      9     -3 (VIOLATED)
fanout1259/X                              6      9     -3 (VIOLATED)
fanout1265/X                              6      9     -3 (VIOLATED)
fanout1278/X                              6      9     -3 (VIOLATED)
fanout1291/X                              6      9     -3 (VIOLATED)
fanout1293/X                              6      9     -3 (VIOLATED)
fanout1303/X                              6      9     -3 (VIOLATED)
fanout1313/X                              6      9     -3 (VIOLATED)
input1/X                                  6      9     -3 (VIOLATED)
load_slew1329/X                           6      9     -3 (VIOLATED)
load_slew1331/X                           6      9     -3 (VIOLATED)
_0275_/Y                                  6      7        (VIOLATED)
fanout1176/X                              6      7        (VIOLATED)
fanout1178/X                              6      7        (VIOLATED)
fanout1179/X                              6      7        (VIOLATED)
fanout1185/X                              6      7        (VIOLATED)
fanout1187/X                              6      7        (VIOLATED)
fanout1188/X                              6      7        (VIOLATED)
fanout1203/X                              6      7        (VIOLATED)
fanout1213/X                              6      7        (VIOLATED)
fanout1221/X                              6      7        (VIOLATED)
fanout1224/X                              6      7        (VIOLATED)
fanout1229/X                              6      7        (VIOLATED)
fanout1235/X                              6      7        (VIOLATED)
fanout1260/X                              6      7        (VIOLATED)
fanout1262/X                              6      7        (VIOLATED)
fanout1263/X                              6      7        (VIOLATED)
fanout1271/X                              6      7        (VIOLATED)
fanout1272/X                              6      7        (VIOLATED)
fanout1286/X                              6      7        (VIOLATED)
fanout1289/X                              6      7        (VIOLATED)
fanout1295/X                              6      7        (VIOLATED)
fanout1304/X                              6      7        (VIOLATED)
fanout1305/X                              6      7        (VIOLATED)
fanout1310/X                              6      7        (VIOLATED)
fanout1311/X                              6      7        (VIOLATED)
fanout1320/X                              6      7        (VIOLATED)
input14/X                                 6      7        (VIOLATED)
input15/X                                 6      7        (VIOLATED)
input16/X                                 6      7        (VIOLATED)
input19/X                                 6      7        (VIOLATED)
input20/X                                 6      7        (VIOLATED)
input21/X                                 6      7        (VIOLATED)
input26/X                                 6      7        (VIOLATED)
input27/X                                 6      7        (VIOLATED)
input28/X                                 6      7        (VIOLATED)
input31/X                                 6      7        (VIOLATED)
input32/X                                 6      7        (VIOLATED)
input33/X                                 6      7        (VIOLATED)

max capacitance

Pin                                        Limit         Cap       Slack
------------------------------------------------------------------------
tl_host_i[52]                           0.200000    0.239838   -0.039838 (VIOLATED)
wire1330/X                              0.200000    0.220533   -0.020533 (VIOLATED)
wire1328/X                              0.200000    0.207641   -0.007641 (VIOLATED)
fanout1250/X                            0.200000    0.205154   -0.005154 (VIOLATED)



===========================================================================
report_parasitic_annotation -report_unannotated
============================================================================
Found 2 unannotated drivers.
 clk_i
 rst_ni
Found 0 partially unannotated drivers.

===========================================================================
max slew violation count 117
max fanout violation count 260
max cap violation count 4
============================================================================

===========================================================================
check_setup -verbose -unconstrained_endpoints -multiple_clock -no_clock -no_input_delay -loops -generated_clocks
===========================================================================
