
===========================================================================
report_checks -unconstrained
===========================================================================
======================= max_tt_025C_1v80 Corner ===================================

Startpoint: rst_ni (input port clocked by clk_i)
Endpoint: _556_ (recovery check against rising-edge clock clk_i)
Path Group: asynchronous
Path Type: max

Fanout         Cap        Slew       Delay        Time   Description
---------------------------------------------------------------------------------------------
                                  0.000000    0.000000   clock clk_i (rise edge)
                                  0.000000    0.000000   clock network delay (propagated)
                                  5.000000    5.000000 ^ input external delay
     2    0.009537    0.049386    0.032645    5.032645 ^ rst_ni (in)
                                                         rst_ni (net)
                      0.049391    0.000000    5.032645 ^ input1/A (sky130_fd_sc_hd__buf_8)
     5    0.150542    0.233902    0.191212    5.223857 ^ input1/X (sky130_fd_sc_hd__buf_8)
                                                         net1 (net)
                      0.284999    0.081464    5.305321 ^ fanout99/A (sky130_fd_sc_hd__clkbuf_2)
     7    0.035809    0.196884    0.281034    5.586356 ^ fanout99/X (sky130_fd_sc_hd__clkbuf_2)
                                                         net99 (net)
                      0.196901    0.001529    5.587884 ^ fanout98/A (sky130_fd_sc_hd__buf_1)
     4    0.021261    0.253236    0.258439    5.846323 ^ fanout98/X (sky130_fd_sc_hd__buf_1)
                                                         net98 (net)
                      0.253241    0.000953    5.847275 ^ fanout97/A (sky130_fd_sc_hd__buf_2)
     6    0.036297    0.180252    0.267773    6.115048 ^ fanout97/X (sky130_fd_sc_hd__buf_2)
                                                         net97 (net)
                      0.180289    0.002526    6.117574 ^ fanout96/A (sky130_fd_sc_hd__clkbuf_2)
     6    0.031170    0.172823    0.237788    6.355362 ^ fanout96/X (sky130_fd_sc_hd__clkbuf_2)
                                                         net96 (net)
                      0.172950    0.002788    6.358150 ^ _556_/RESET_B (sky130_fd_sc_hd__dfrtp_2)
                                              6.358150   data arrival time

                                 25.000000   25.000000   clock clk_i (rise edge)
                                  0.000000   25.000000   clock source latency
     2    0.083141    0.377847    0.279778   25.279778 ^ clk_i (in)
                                                         clk_i (net)
                      0.382483    0.000000   25.279778 ^ clkbuf_0_clk_i/A (sky130_fd_sc_hd__clkbuf_16)
     2    0.018889    0.047857    0.218240   25.498016 ^ clkbuf_0_clk_i/X (sky130_fd_sc_hd__clkbuf_16)
                                                         clknet_0_clk_i (net)
                      0.047857    0.000961   25.498978 ^ clkbuf_1_0__f_clk_i/A (sky130_fd_sc_hd__clkbuf_16)
     3    0.008434    0.031988    0.115357   25.614334 ^ clkbuf_1_0__f_clk_i/X (sky130_fd_sc_hd__clkbuf_16)
                                                         clknet_1_0__leaf_clk_i (net)
                      0.031989    0.000416   25.614750 ^ _556_/CLK (sky130_fd_sc_hd__dfrtp_2)
                                 -0.250000   25.364752   clock uncertainty
                                  0.000000   25.364752   clock reconvergence pessimism
                                  0.176926   25.541676   library recovery time
                                             25.541676   data required time
---------------------------------------------------------------------------------------------
                                             25.541676   data required time
                                             -6.358150   data arrival time
---------------------------------------------------------------------------------------------
                                             19.183525   slack (MET)


Startpoint: _610_ (negative level-sensitive latch clocked by clk_i)
Endpoint: _498_ (rising clock gating-check end-point clocked by clk_i)
Path Group: gated clock
Path Type: max

Fanout         Cap        Slew       Delay        Time   Description
---------------------------------------------------------------------------------------------
                                 12.500000   12.500000   clock clk_i (fall edge)
                                  0.000000   12.500000   clock source latency
     2    0.082104    0.182832    0.148551   12.648550 v clk_i (in)
                                                         clk_i (net)
                      0.192083    0.000000   12.648550 v clkbuf_0_clk_i/A (sky130_fd_sc_hd__clkbuf_16)
     2    0.016901    0.034237    0.212258   12.860807 v clkbuf_0_clk_i/X (sky130_fd_sc_hd__clkbuf_16)
                                                         clknet_0_clk_i (net)
                      0.034237    0.000915   12.861723 v clkbuf_1_1__f_clk_i/A (sky130_fd_sc_hd__clkbuf_16)
     2    0.006508    0.027526    0.131019   12.992742 v clkbuf_1_1__f_clk_i/X (sky130_fd_sc_hd__clkbuf_16)
                                                         clknet_1_1__leaf_clk_i (net)
                      0.027528    0.000416   12.993157 v _610_/GATE_N (sky130_fd_sc_hd__dlxtn_1)
     1    0.002814    0.040758    0.380332   13.373489 ^ _610_/Q (sky130_fd_sc_hd__dlxtn_1)
                                                         u_ibex.core_clock_gate_i.en_latch (net)
                      0.040758    0.000197   13.373687 ^ hold365/A (sky130_fd_sc_hd__dlygate4sd3_1)
     1    0.002998    0.054581    0.535287   13.908974 ^ hold365/X (sky130_fd_sc_hd__dlygate4sd3_1)
                                                         net536 (net)
                      0.054581    0.000186   13.909160 ^ hold363/A (sky130_fd_sc_hd__dlygate4sd3_1)
     1    0.002248    0.048401    0.532688   14.441847 ^ hold363/X (sky130_fd_sc_hd__dlygate4sd3_1)
                                                         net534 (net)
                      0.048401    0.000094   14.441941 ^ hold366/A (sky130_fd_sc_hd__dlygate4sd3_1)
     1    0.002373    0.049288    0.531895   14.973836 ^ hold366/X (sky130_fd_sc_hd__dlygate4sd3_1)
                                                         net537 (net)
                      0.049288    0.000155   14.973990 ^ hold362/A (sky130_fd_sc_hd__dlygate4sd3_1)
     1    0.002983    0.054464    0.537941   15.511931 ^ hold362/X (sky130_fd_sc_hd__dlygate4sd3_1)
                                                         net533 (net)
                      0.054464    0.000181   15.512113 ^ hold367/A (sky130_fd_sc_hd__dlygate4sd3_1)
     1    0.002299    0.048756    0.533120   16.045233 ^ hold367/X (sky130_fd_sc_hd__dlygate4sd3_1)
                                                         net538 (net)
                      0.048756    0.000156   16.045389 ^ hold364/A (sky130_fd_sc_hd__dlygate4sd3_1)
     1    0.002768    0.052608    0.535731   16.581121 ^ hold364/X (sky130_fd_sc_hd__dlygate4sd3_1)
                                                         net535 (net)
                      0.052608    0.000183   16.581305 ^ _498_/B (sky130_fd_sc_hd__and2_2)
                                             16.581305   data arrival time

                                 25.000000   25.000000   clock clk_i (rise edge)
                                  0.000000   25.000000   clock source latency
     2    0.083141    0.377847    0.279778   25.279778 ^ clk_i (in)
                                                         clk_i (net)
                      0.382483    0.000000   25.279778 ^ clkbuf_0_clk_i/A (sky130_fd_sc_hd__clkbuf_16)
     2    0.018889    0.047857    0.218240   25.498016 ^ clkbuf_0_clk_i/X (sky130_fd_sc_hd__clkbuf_16)
                                                         clknet_0_clk_i (net)
                      0.047857    0.000961   25.498978 ^ clkbuf_1_0__f_clk_i/A (sky130_fd_sc_hd__clkbuf_16)
     3    0.008434    0.031988    0.115357   25.614334 ^ clkbuf_1_0__f_clk_i/X (sky130_fd_sc_hd__clkbuf_16)
                                                         clknet_1_0__leaf_clk_i (net)
                      0.031989    0.000407   25.614740 ^ _498_/A (sky130_fd_sc_hd__and2_2)
                                 -0.250000   25.364742   clock uncertainty
                                  0.000000   25.364742   clock reconvergence pessimism
                                  0.000000   25.364742   clock gating setup time
                                             25.364742   data required time
---------------------------------------------------------------------------------------------
                                             25.364742   data required time
                                            -16.581305   data arrival time
---------------------------------------------------------------------------------------------
                                              8.783439   slack (MET)


Startpoint: _611_ (rising edge-triggered flip-flop clocked by clk_i)
Endpoint: _610_ (negative level-sensitive latch clocked by clk_i)
Path Group: clk_i
Path Type: max

Fanout         Cap        Slew       Delay        Time   Description
---------------------------------------------------------------------------------------------
                                  0.000000    0.000000   clock clk_i (rise edge)
                                  0.000000    0.000000   clock source latency
     2    0.083141    0.377847    0.279778    0.279778 ^ clk_i (in)
                                                         clk_i (net)
                      0.382483    0.000000    0.279778 ^ clkbuf_0_clk_i/A (sky130_fd_sc_hd__clkbuf_16)
     2    0.018889    0.047857    0.218239    0.498018 ^ clkbuf_0_clk_i/X (sky130_fd_sc_hd__clkbuf_16)
                                                         clknet_0_clk_i (net)
                      0.047857    0.001030    0.499048 ^ clkbuf_1_1__f_clk_i/A (sky130_fd_sc_hd__clkbuf_16)
     2    0.006832    0.030511    0.113686    0.612734 ^ clkbuf_1_1__f_clk_i/X (sky130_fd_sc_hd__clkbuf_16)
                                                         clknet_1_1__leaf_clk_i (net)
                      0.030514    0.000532    0.613266 ^ _611_/CLK (sky130_fd_sc_hd__dfrtp_1)
     2    0.012502    0.081792    0.396051    1.009316 v _611_/Q (sky130_fd_sc_hd__dfrtp_1)
                                                         u_ibex.clock_en (net)
                      0.081795    0.000611    1.009928 v hold355/A (sky130_fd_sc_hd__dlygate4sd3_1)
     1    0.002144    0.049652    0.558406    1.568334 v hold355/X (sky130_fd_sc_hd__dlygate4sd3_1)
                                                         net526 (net)
                      0.049652    0.000089    1.568422 v hold142/A (sky130_fd_sc_hd__dlygate4sd3_1)
     1    0.002684    0.052258    0.548923    2.117346 v hold142/X (sky130_fd_sc_hd__dlygate4sd3_1)
                                                         net313 (net)
                      0.052258    0.000106    2.117452 v hold356/A (sky130_fd_sc_hd__dlygate4sd3_1)
     1    0.003603    0.057507    0.557694    2.675146 v hold356/X (sky130_fd_sc_hd__dlygate4sd3_1)
                                                         net527 (net)
                      0.057507    0.000252    2.675399 v hold64/A (sky130_fd_sc_hd__dlygate4sd3_1)
     1    0.003849    0.058333    0.561617    3.237016 v hold64/X (sky130_fd_sc_hd__dlygate4sd3_1)
                                                         net235 (net)
                      0.058333    0.000273    3.237288 v hold357/A (sky130_fd_sc_hd__dlygate4sd3_1)
     1    0.002367    0.050422    0.549744    3.787032 v hold357/X (sky130_fd_sc_hd__dlygate4sd3_1)
                                                         net528 (net)
                      0.050422    0.000160    3.787192 v hold143/A (sky130_fd_sc_hd__dlygate4sd3_1)
     1    0.002680    0.052211    0.549168    4.336360 v hold143/X (sky130_fd_sc_hd__dlygate4sd3_1)
                                                         net314 (net)
                      0.052211    0.000166    4.336526 v _610_/D (sky130_fd_sc_hd__dlxtn_1)
                                              4.336526   data arrival time

                                 12.500000   12.500000   clock clk_i (fall edge)
                                  0.000000   12.500000   clock source latency
     2    0.082104    0.182832    0.148551   12.648550 v clk_i (in)
                                                         clk_i (net)
                      0.192083    0.000000   12.648550 v clkbuf_0_clk_i/A (sky130_fd_sc_hd__clkbuf_16)
     2    0.016901    0.034237    0.212258   12.860807 v clkbuf_0_clk_i/X (sky130_fd_sc_hd__clkbuf_16)
                                                         clknet_0_clk_i (net)
                      0.034237    0.000915   12.861723 v clkbuf_1_1__f_clk_i/A (sky130_fd_sc_hd__clkbuf_16)
     2    0.006508    0.027526    0.131019   12.992742 v clkbuf_1_1__f_clk_i/X (sky130_fd_sc_hd__clkbuf_16)
                                                         clknet_1_1__leaf_clk_i (net)
                      0.027528    0.000416   12.993157 v _610_/GATE_N (sky130_fd_sc_hd__dlxtn_1)
                                 -0.250000   12.743157   clock uncertainty
                                  0.000000   12.743157   clock reconvergence pessimism
                                  0.000000   12.743157   time borrowed from endpoint
                                             12.743157   data required time
---------------------------------------------------------------------------------------------
                                             12.743157   data required time
                                             -4.336526   data arrival time
---------------------------------------------------------------------------------------------
                                              8.406631   slack (MET)

Time Borrowing Information
------------------------------------------------
clk_i nominal pulse width              12.500000
clock latency difference                0.120015
library setup time                     -0.121785
------------------------------------------------
max time borrow                        12.498229
actual time borrow                      0.000000
------------------------------------------------




===========================================================================
report_checks --slack_max -0.01
============================================================================
======================= max_tt_025C_1v80 Corner ===================================

No paths found.


===========================================================================
 report_check_types -max_slew -max_cap -max_fanout -violators
============================================================================
======================= max_tt_025C_1v80 Corner ===================================

max fanout

Pin                                   Limit Fanout  Slack
---------------------------------------------------------
clkbuf_2_1__f_u_ibex.clk/X                6     33    -27 (VIOLATED)
clkbuf_2_0__f_u_ibex.clk/X                6     31    -25 (VIOLATED)
clkbuf_2_2__f_u_ibex.clk/X                6     31    -25 (VIOLATED)
clkbuf_2_3__f_u_ibex.clk/X                6     23    -17 (VIOLATED)
fanout64/X                                6     13     -7 (VIOLATED)
input15/X                                 6     13     -7 (VIOLATED)
input2/X                                  6     11     -5 (VIOLATED)
clkbuf_0_u_ibex.clk/X                     6      9     -3 (VIOLATED)
fanout90/X                                6      9     -3 (VIOLATED)
hold118/X                                 6      9     -3 (VIOLATED)
_256_/Y                                   6      7        (VIOLATED)
_261_/X                                   6      7        (VIOLATED)
fanout65/X                                6      7        (VIOLATED)
fanout99/X                                6      7        (VIOLATED)
wire76/X                                  6      7        (VIOLATED)
wire77/X                                  6      7        (VIOLATED)



===========================================================================
report_parasitic_annotation -report_unannotated
============================================================================
Found 194 unannotated drivers.
 boot_addr_i[0]
 boot_addr_i[10]
 boot_addr_i[11]
 boot_addr_i[12]
 boot_addr_i[13]
 boot_addr_i[14]
 boot_addr_i[15]
 boot_addr_i[16]
 boot_addr_i[17]
 boot_addr_i[18]
 boot_addr_i[19]
 boot_addr_i[1]
 boot_addr_i[20]
 boot_addr_i[21]
 boot_addr_i[22]
 boot_addr_i[23]
 boot_addr_i[24]
 boot_addr_i[25]
 boot_addr_i[26]
 boot_addr_i[27]
 boot_addr_i[28]
 boot_addr_i[29]
 boot_addr_i[2]
 boot_addr_i[30]
 boot_addr_i[31]
 boot_addr_i[3]
 boot_addr_i[4]
 boot_addr_i[5]
 boot_addr_i[6]
 boot_addr_i[7]
 boot_addr_i[8]
 boot_addr_i[9]
 hart_id_i[0]
 hart_id_i[10]
 hart_id_i[11]
 hart_id_i[12]
 hart_id_i[13]
 hart_id_i[14]
 hart_id_i[15]
 hart_id_i[16]
 hart_id_i[17]
 hart_id_i[18]
 hart_id_i[19]
 hart_id_i[1]
 hart_id_i[20]
 hart_id_i[21]
 hart_id_i[22]
 hart_id_i[23]
 hart_id_i[24]
 hart_id_i[25]
 hart_id_i[26]
 hart_id_i[27]
 hart_id_i[28]
 hart_id_i[29]
 hart_id_i[2]
 hart_id_i[30]
 hart_id_i[31]
 hart_id_i[3]
 hart_id_i[4]
 hart_id_i[5]
 hart_id_i[6]
 hart_id_i[7]
 hart_id_i[8]
 hart_id_i[9]
 irq_external_i
 irq_software_i
 irq_timer_i
 tl_i[16]
 tl_i[17]
 tl_i[18]
 tl_i[19]
 tl_i[20]
 tl_i[21]
 tl_i[22]
 tl_i[23]
 tl_i[24]
 tl_i[25]
 tl_i[26]
 tl_i[27]
 tl_i[28]
 tl_i[29]
 tl_i[2]
 tl_i[30]
 tl_i[31]
 tl_i[32]
 tl_i[33]
 tl_i[34]
 tl_i[35]
 tl_i[36]
 tl_i[37]
 tl_i[38]
 tl_i[39]
 tl_i[3]
 tl_i[40]
 tl_i[41]
 tl_i[42]
 tl_i[43]
 tl_i[44]
 tl_i[45]
 tl_i[46]
 tl_i[47]
 tl_i[48]
 tl_i[49]
 tl_i[4]
 tl_i[50]
 tl_i[51]
 tl_i[52]
 tl_i[53]
 tl_i[54]
 tl_i[55]
 tl_i[56]
 tl_i[59]
 tl_i[5]
 tl_i[60]
 tl_i[61]
 tl_i[6]
 tl_i[7]
 tl_i[8]
 clkload0/X
 clkload1/X
 clkload2/X
 clkload3/Y
 rv_core_ibex_tlul_100/HI
 rv_core_ibex_tlul_101/HI
 rv_core_ibex_tlul_102/HI
 rv_core_ibex_tlul_103/HI
 rv_core_ibex_tlul_104/HI
 rv_core_ibex_tlul_105/HI
 rv_core_ibex_tlul_106/HI
 rv_core_ibex_tlul_107/HI
 rv_core_ibex_tlul_108/HI
 rv_core_ibex_tlul_109/HI
 rv_core_ibex_tlul_110/HI
 rv_core_ibex_tlul_111/HI
 rv_core_ibex_tlul_112/HI
 rv_core_ibex_tlul_113/HI
 rv_core_ibex_tlul_114/HI
 rv_core_ibex_tlul_115/HI
 rv_core_ibex_tlul_116/HI
 rv_core_ibex_tlul_117/HI
 rv_core_ibex_tlul_118/HI
 rv_core_ibex_tlul_119/HI
 rv_core_ibex_tlul_120/HI
 rv_core_ibex_tlul_121/HI
 rv_core_ibex_tlul_122/HI
 rv_core_ibex_tlul_123/HI
 rv_core_ibex_tlul_124/HI
 rv_core_ibex_tlul_125/HI
 rv_core_ibex_tlul_126/HI
 rv_core_ibex_tlul_127/HI
 rv_core_ibex_tlul_128/HI
 rv_core_ibex_tlul_129/HI
 rv_core_ibex_tlul_130/HI
 rv_core_ibex_tlul_131/HI
 rv_core_ibex_tlul_132/HI
 rv_core_ibex_tlul_133/HI
 rv_core_ibex_tlul_134/HI
 rv_core_ibex_tlul_135/HI
 rv_core_ibex_tlul_136/HI
 rv_core_ibex_tlul_137/HI
 rv_core_ibex_tlul_138/HI
 rv_core_ibex_tlul_139/HI
 rv_core_ibex_tlul_140/HI
 rv_core_ibex_tlul_141/HI
 rv_core_ibex_tlul_142/HI
 rv_core_ibex_tlul_143/HI
 rv_core_ibex_tlul_144/HI
 rv_core_ibex_tlul_145/HI
 rv_core_ibex_tlul_146/HI
 rv_core_ibex_tlul_147/HI
 rv_core_ibex_tlul_148/HI
 rv_core_ibex_tlul_149/HI
 rv_core_ibex_tlul_150/HI
 rv_core_ibex_tlul_151/HI
 rv_core_ibex_tlul_152/HI
 rv_core_ibex_tlul_153/HI
 rv_core_ibex_tlul_154/HI
 rv_core_ibex_tlul_155/HI
 rv_core_ibex_tlul_156/HI
 rv_core_ibex_tlul_157/HI
 rv_core_ibex_tlul_158/HI
 rv_core_ibex_tlul_159/HI
 rv_core_ibex_tlul_160/LO
 rv_core_ibex_tlul_161/LO
 rv_core_ibex_tlul_162/LO
 rv_core_ibex_tlul_163/LO
 rv_core_ibex_tlul_164/LO
 rv_core_ibex_tlul_165/LO
 rv_core_ibex_tlul_166/LO
 rv_core_ibex_tlul_167/LO
 rv_core_ibex_tlul_168/LO
 rv_core_ibex_tlul_169/LO
 rv_core_ibex_tlul_170/LO
 rv_core_ibex_tlul_171/LO
Found 0 partially unannotated drivers.

===========================================================================
max slew violation count 0
max fanout violation count 16
max cap violation count 0
============================================================================

===========================================================================
check_setup -verbose -unconstrained_endpoints -multiple_clock -no_clock -no_input_delay -loops -generated_clocks
===========================================================================
Warning: There are 72 unconstrained endpoints.
  tl_o[0]
  tl_o[100]
  tl_o[101]
  tl_o[102]
  tl_o[103]
  tl_o[104]
  tl_o[105]
  tl_o[106]
  tl_o[107]
  tl_o[108]
  tl_o[15]
  tl_o[16]
  tl_o[17]
  tl_o[18]
  tl_o[19]
  tl_o[1]
  tl_o[20]
  tl_o[21]
  tl_o[22]
  tl_o[23]
  tl_o[24]
  tl_o[25]
  tl_o[26]
  tl_o[27]
  tl_o[28]
  tl_o[29]
  tl_o[2]
  tl_o[30]
  tl_o[31]
  tl_o[32]
  tl_o[33]
  tl_o[34]
  tl_o[35]
  tl_o[36]
  tl_o[37]
  tl_o[38]
  tl_o[39]
  tl_o[3]
  tl_o[40]
  tl_o[41]
  tl_o[42]
  tl_o[43]
  tl_o[44]
  tl_o[45]
  tl_o[46]
  tl_o[47]
  tl_o[48]
  tl_o[49]
  tl_o[4]
  tl_o[50]
  tl_o[51]
  tl_o[52]
  tl_o[53]
  tl_o[54]
  tl_o[55]
  tl_o[56]
  tl_o[57]
  tl_o[58]
  tl_o[59]
  tl_o[5]
  tl_o[60]
  tl_o[61]
  tl_o[62]
  tl_o[6]
  tl_o[7]
  tl_o[93]
  tl_o[94]
  tl_o[95]
  tl_o[96]
  tl_o[97]
  tl_o[98]
  tl_o[99]
