Clock: clk_i
Sources: clk_i 
Generated: no
Virtual: yes
Propagated: no
Period: 25.000000

===========================================================================
report_clock_properties
============================================================================
Clock                   Period          Waveform
----------------------------------------------------
clk_i                25.000000    0.000000 12.500000

===========================================================================
report_clock_latency
============================================================================
Clock clk_i
rise -> rise
    min     max
0.000000 0.000000 source latency
0.582498         network latency _1197_/CLK
        1.206120 network latency _1194_/CLK
---------------
0.582498 1.206120 latency
        0.623622 skew

fall -> rise
    min     max
0.000000 0.000000 source latency
4.626166         network latency _1186_/CLK
        4.653394 network latency _1194_/CLK
---------------
4.626166 4.653394 latency
        0.027228 skew

fall -> fall
    min     max
0.000000 0.000000 source latency
0.470542         network latency _1197_/CLK
        4.601479 network latency _1194_/CLK
---------------
0.470542 4.601479 latency
        4.130937 skew



===========================================================================
report_clock_min_period
============================================================================
clk_i period_min = 10.33 fmax = 96.81
