
===========================================================================
report_checks -path_delay max (Setup)
============================================================================
======================= max_tt_025C_1v80 Corner ===================================

Startpoint: wb_clk_i (clock source 'wb_clk_i')
Endpoint: clk_o (output port clocked by wb_clk_i)
Path Group: wb_clk_i
Path Type: max

Fanout         Cap        Slew       Delay        Time   Description
---------------------------------------------------------------------------------------------
                                 12.500000   12.500000   clock wb_clk_i (fall edge)
                                  0.000000   12.500000   clock source latency
     1    0.004543    0.012626    0.007444   12.507443 v wb_clk_i (in)
                                                         wb_clk_i (net)
                      0.012630    0.000000   12.507443 v _253_/A (sky130_fd_sc_hd__buf_2)
     1    0.018367    0.055823    0.136196   12.643640 v _253_/X (sky130_fd_sc_hd__buf_2)
                                                         net2 (net)
                      0.056023    0.002374   12.646013 v output2/A (sky130_fd_sc_hd__buf_1)
     1    0.034080    0.198994    0.224871   12.870884 v output2/X (sky130_fd_sc_hd__buf_1)
                                                         clk_o (net)
                      0.199006    0.001615   12.872499 v clk_o (out)
                                             12.872499   data arrival time

                                 25.000000   25.000000   clock wb_clk_i (rise edge)
                                  0.000000   25.000000   clock network delay (propagated)
                                 -0.250000   24.750000   clock uncertainty
                                  0.000000   24.750000   clock reconvergence pessimism
                                 -5.000000   19.750000   output external delay
                                             19.750000   data required time
---------------------------------------------------------------------------------------------
                                             19.750000   data required time
                                            -12.872499   data arrival time
---------------------------------------------------------------------------------------------
                                              6.877501   slack (MET)


Startpoint: uart_tx_i (input port clocked by wb_clk_i)
Endpoint: io_out[1] (output port clocked by wb_clk_i)
Path Group: wb_clk_i
Path Type: max

Fanout         Cap        Slew       Delay        Time   Description
---------------------------------------------------------------------------------------------
                                  0.000000    0.000000   clock wb_clk_i (rise edge)
                                  0.000000    0.000000   clock network delay (propagated)
                                  5.000000    5.000000 ^ input external delay
     2    0.041322    0.190582    0.136771    5.136772 ^ uart_tx_i (in)
                                                         uart_tx_i (net)
                      0.191188    0.000000    5.136772 ^ _268_/A (sky130_fd_sc_hd__clkbuf_2)
     1    0.027776    0.155327    0.227864    5.364636 ^ _268_/X (sky130_fd_sc_hd__clkbuf_2)
                                                         net17 (net)
                      0.155560    0.004907    5.369543 ^ output17/A (sky130_fd_sc_hd__buf_2)
     1    0.034951    0.174003    0.237092    5.606635 ^ output17/X (sky130_fd_sc_hd__buf_2)
                                                         io_out[1] (net)
                      0.174018    0.001739    5.608374 ^ io_out[1] (out)
                                              5.608374   data arrival time

                                 25.000000   25.000000   clock wb_clk_i (rise edge)
                                  0.000000   25.000000   clock network delay (propagated)
                                 -0.250000   24.750000   clock uncertainty
                                  0.000000   24.750000   clock reconvergence pessimism
                                 -5.000000   19.750000   output external delay
                                             19.750000   data required time
---------------------------------------------------------------------------------------------
                                             19.750000   data required time
                                             -5.608374   data arrival time
---------------------------------------------------------------------------------------------
                                             14.141625   slack (MET)


Startpoint: spi_cs_n_i (input port clocked by wb_clk_i)
Endpoint: io_out[3] (output port clocked by wb_clk_i)
Path Group: wb_clk_i
Path Type: max

Fanout         Cap        Slew       Delay        Time   Description
---------------------------------------------------------------------------------------------
                                  0.000000    0.000000   clock wb_clk_i (rise edge)
                                  0.000000    0.000000   clock network delay (propagated)
                                  5.000000    5.000000 ^ input external delay
     2    0.043517    0.200375    0.144061    5.144061 ^ spi_cs_n_i (in)
                                                         spi_cs_n_i (net)
                      0.201191    0.000000    5.144061 ^ _270_/A (sky130_fd_sc_hd__clkbuf_2)
     1    0.022435    0.127876    0.211789    5.355850 ^ _270_/X (sky130_fd_sc_hd__clkbuf_2)
                                                         net19 (net)
                      0.128012    0.003391    5.359241 ^ output19/A (sky130_fd_sc_hd__buf_2)
     1    0.034454    0.171633    0.228085    5.587326 ^ output19/X (sky130_fd_sc_hd__buf_2)
                                                         io_out[3] (net)
                      0.171647    0.001614    5.588939 ^ io_out[3] (out)
                                              5.588939   data arrival time

                                 25.000000   25.000000   clock wb_clk_i (rise edge)
                                  0.000000   25.000000   clock network delay (propagated)
                                 -0.250000   24.750000   clock uncertainty
                                  0.000000   24.750000   clock reconvergence pessimism
                                 -5.000000   19.750000   output external delay
                                             19.750000   data required time
---------------------------------------------------------------------------------------------
                                             19.750000   data required time
                                             -5.588939   data arrival time
---------------------------------------------------------------------------------------------
                                             14.161060   slack (MET)


Startpoint: intr_spi_host_rx_full_i (input port clocked by wb_clk_i)
Endpoint: intr_vec_o[11] (output port clocked by wb_clk_i)
Path Group: wb_clk_i
Path Type: max

Fanout         Cap        Slew       Delay        Time   Description
---------------------------------------------------------------------------------------------
                                  0.000000    0.000000   clock wb_clk_i (rise edge)
                                  0.000000    0.000000   clock network delay (propagated)
                                  5.000000    5.000000 ^ input external delay
     2    0.019110    0.091502    0.063834    5.063834 ^ intr_spi_host_rx_full_i (in)
                                                         intr_spi_host_rx_full_i (net)
                      0.091572    0.000000    5.063834 ^ _264_/A (sky130_fd_sc_hd__clkbuf_1)
     1    0.003893    0.056347    0.102237    5.166071 ^ _264_/X (sky130_fd_sc_hd__clkbuf_1)
                                                         net4 (net)
                      0.056347    0.000274    5.166346 ^ output4/A (sky130_fd_sc_hd__buf_2)
     1    0.034134    0.169663    0.201155    5.367500 ^ output4/X (sky130_fd_sc_hd__buf_2)
                                                         intr_vec_o[11] (net)
                      0.169734    0.001605    5.369106 ^ intr_vec_o[11] (out)
                                              5.369106   data arrival time

                                 25.000000   25.000000   clock wb_clk_i (rise edge)
                                  0.000000   25.000000   clock network delay (propagated)
                                 -0.250000   24.750000   clock uncertainty
                                  0.000000   24.750000   clock reconvergence pessimism
                                 -5.000000   19.750000   output external delay
                                             19.750000   data required time
---------------------------------------------------------------------------------------------
                                             19.750000   data required time
                                             -5.369106   data arrival time
---------------------------------------------------------------------------------------------
                                             14.380894   slack (MET)


Startpoint: intr_uart_tx_done_i (input port clocked by wb_clk_i)
Endpoint: intr_vec_o[4] (output port clocked by wb_clk_i)
Path Group: wb_clk_i
Path Type: max

Fanout         Cap        Slew       Delay        Time   Description
---------------------------------------------------------------------------------------------
                                  0.000000    0.000000   clock wb_clk_i (rise edge)
                                  0.000000    0.000000   clock network delay (propagated)
                                  5.000000    5.000000 ^ input external delay
     1    0.010039    0.051642    0.034533    5.034533 ^ intr_uart_tx_done_i (in)
                                                         intr_uart_tx_done_i (net)
                      0.051659    0.000000    5.034533 ^ _257_/A (sky130_fd_sc_hd__clkbuf_1)
     1    0.006464    0.084773    0.112051    5.146584 ^ _257_/X (sky130_fd_sc_hd__clkbuf_1)
                                                         net11 (net)
                      0.084773    0.000358    5.146943 ^ output11/A (sky130_fd_sc_hd__buf_2)
     1    0.034641    0.172304    0.213225    5.360168 ^ output11/X (sky130_fd_sc_hd__buf_2)
                                                         intr_vec_o[4] (net)
                      0.172381    0.001741    5.361909 ^ intr_vec_o[4] (out)
                                              5.361909   data arrival time

                                 25.000000   25.000000   clock wb_clk_i (rise edge)
                                  0.000000   25.000000   clock network delay (propagated)
                                 -0.250000   24.750000   clock uncertainty
                                  0.000000   24.750000   clock reconvergence pessimism
                                 -5.000000   19.750000   output external delay
                                             19.750000   data required time
---------------------------------------------------------------------------------------------
                                             19.750000   data required time
                                             -5.361909   data arrival time
---------------------------------------------------------------------------------------------
                                             14.388091   slack (MET)


Startpoint: io_in[0] (input port clocked by wb_clk_i)
Endpoint: uart_rx_o (output port clocked by wb_clk_i)
Path Group: wb_clk_i
Path Type: max

Fanout         Cap        Slew       Delay        Time   Description
---------------------------------------------------------------------------------------------
                                  0.000000    0.000000   clock wb_clk_i (rise edge)
                                  0.000000    0.000000   clock network delay (propagated)
                                  5.000000    5.000000 ^ input external delay
     1    0.015138    0.073878    0.051029    5.051029 ^ io_in[0] (in)
                                                         io_in[0] (net)
                      0.073910    0.000000    5.051029 ^ _274_/A (sky130_fd_sc_hd__clkbuf_1)
     1    0.004543    0.063397    0.102742    5.153771 ^ _274_/X (sky130_fd_sc_hd__clkbuf_1)
                                                         net24 (net)
                      0.063397    0.000303    5.154074 ^ output24/A (sky130_fd_sc_hd__buf_2)
     1    0.034639    0.172078    0.205345    5.359419 ^ output24/X (sky130_fd_sc_hd__buf_2)
                                                         uart_rx_o (net)
                      0.172154    0.001740    5.361159 ^ uart_rx_o (out)
                                              5.361159   data arrival time

                                 25.000000   25.000000   clock wb_clk_i (rise edge)
                                  0.000000   25.000000   clock network delay (propagated)
                                 -0.250000   24.750000   clock uncertainty
                                  0.000000   24.750000   clock reconvergence pessimism
                                 -5.000000   19.750000   output external delay
                                             19.750000   data required time
---------------------------------------------------------------------------------------------
                                             19.750000   data required time
                                             -5.361159   data arrival time
---------------------------------------------------------------------------------------------
                                             14.388841   slack (MET)


Startpoint: intr_uart_rx_frame_err_i (input port clocked by wb_clk_i)
Endpoint: intr_vec_o[6] (output port clocked by wb_clk_i)
Path Group: wb_clk_i
Path Type: max

Fanout         Cap        Slew       Delay        Time   Description
---------------------------------------------------------------------------------------------
                                  0.000000    0.000000   clock wb_clk_i (rise edge)
                                  0.000000    0.000000   clock network delay (propagated)
                                  5.000000    5.000000 ^ input external delay
     2    0.015080    0.073618    0.051018    5.051018 ^ intr_uart_rx_frame_err_i (in)
                                                         intr_uart_rx_frame_err_i (net)
                      0.073661    0.000000    5.051018 ^ _259_/A (sky130_fd_sc_hd__clkbuf_1)
     1    0.004274    0.060414    0.100519    5.151537 ^ _259_/X (sky130_fd_sc_hd__clkbuf_1)
                                                         net13 (net)
                      0.060415    0.000307    5.151845 ^ output13/A (sky130_fd_sc_hd__buf_2)
     1    0.034167    0.169846    0.202730    5.354575 ^ output13/X (sky130_fd_sc_hd__buf_2)
                                                         intr_vec_o[6] (net)
                      0.169919    0.001649    5.356224 ^ intr_vec_o[6] (out)
                                              5.356224   data arrival time

                                 25.000000   25.000000   clock wb_clk_i (rise edge)
                                  0.000000   25.000000   clock network delay (propagated)
                                 -0.250000   24.750000   clock uncertainty
                                  0.000000   24.750000   clock reconvergence pessimism
                                 -5.000000   19.750000   output external delay
                                             19.750000   data required time
---------------------------------------------------------------------------------------------
                                             19.750000   data required time
                                             -5.356224   data arrival time
---------------------------------------------------------------------------------------------
                                             14.393776   slack (MET)


Startpoint: io_in[5] (input port clocked by wb_clk_i)
Endpoint: spi_miso_o (output port clocked by wb_clk_i)
Path Group: wb_clk_i
Path Type: max

Fanout         Cap        Slew       Delay        Time   Description
---------------------------------------------------------------------------------------------
                                  0.000000    0.000000   clock wb_clk_i (rise edge)
                                  0.000000    0.000000   clock network delay (propagated)
                                  5.000000    5.000000 ^ input external delay
     2    0.018253    0.087982    0.061017    5.061018 ^ io_in[5] (in)
                                                         io_in[5] (net)
                      0.088028    0.000000    5.061018 ^ _273_/A (sky130_fd_sc_hd__clkbuf_1)
     1    0.002452    0.040742    0.089621    5.150639 ^ _273_/X (sky130_fd_sc_hd__clkbuf_1)
                                                         net23 (net)
                      0.040742    0.000160    5.150799 ^ output23/A (sky130_fd_sc_hd__buf_2)
     1    0.034063    0.169385    0.194991    5.345790 ^ output23/X (sky130_fd_sc_hd__buf_2)
                                                         spi_miso_o (net)
                      0.169407    0.001599    5.347388 ^ spi_miso_o (out)
                                              5.347388   data arrival time

                                 25.000000   25.000000   clock wb_clk_i (rise edge)
                                  0.000000   25.000000   clock network delay (propagated)
                                 -0.250000   24.750000   clock uncertainty
                                  0.000000   24.750000   clock reconvergence pessimism
                                 -5.000000   19.750000   output external delay
                                             19.750000   data required time
---------------------------------------------------------------------------------------------
                                             19.750000   data required time
                                             -5.347388   data arrival time
---------------------------------------------------------------------------------------------
                                             14.402611   slack (MET)


Startpoint: intr_uart_rx_watermark_i (input port clocked by wb_clk_i)
Endpoint: intr_vec_o[3] (output port clocked by wb_clk_i)
Path Group: wb_clk_i
Path Type: max

Fanout         Cap        Slew       Delay        Time   Description
---------------------------------------------------------------------------------------------
                                  0.000000    0.000000   clock wb_clk_i (rise edge)
                                  0.000000    0.000000   clock network delay (propagated)
                                  5.000000    5.000000 ^ input external delay
     1    0.012679    0.063182    0.043096    5.043097 ^ intr_uart_rx_watermark_i (in)
                                                         intr_uart_rx_watermark_i (net)
                      0.063198    0.000000    5.043097 ^ _256_/A (sky130_fd_sc_hd__clkbuf_1)
     1    0.003393    0.050544    0.090741    5.133838 ^ _256_/X (sky130_fd_sc_hd__clkbuf_1)
                                                         net10 (net)
                      0.050544    0.000246    5.134084 ^ output10/A (sky130_fd_sc_hd__buf_2)
     1    0.034159    0.169772    0.199031    5.333114 ^ output10/X (sky130_fd_sc_hd__buf_2)
                                                         intr_vec_o[3] (net)
                      0.169844    0.001648    5.334762 ^ intr_vec_o[3] (out)
                                              5.334762   data arrival time

                                 25.000000   25.000000   clock wb_clk_i (rise edge)
                                  0.000000   25.000000   clock network delay (propagated)
                                 -0.250000   24.750000   clock uncertainty
                                  0.000000   24.750000   clock reconvergence pessimism
                                 -5.000000   19.750000   output external delay
                                             19.750000   data required time
---------------------------------------------------------------------------------------------
                                             19.750000   data required time
                                             -5.334762   data arrival time
---------------------------------------------------------------------------------------------
                                             14.415237   slack (MET)


Startpoint: intr_uart_rx_parity_err_i (input port clocked by wb_clk_i)
Endpoint: intr_vec_o[9] (output port clocked by wb_clk_i)
Path Group: wb_clk_i
Path Type: max

Fanout         Cap        Slew       Delay        Time   Description
---------------------------------------------------------------------------------------------
                                  0.000000    0.000000   clock wb_clk_i (rise edge)
                                  0.000000    0.000000   clock network delay (propagated)
                                  5.000000    5.000000 ^ input external delay
     1    0.014067    0.069114    0.047657    5.047657 ^ intr_uart_rx_parity_err_i (in)
                                                         intr_uart_rx_parity_err_i (net)
                      0.069149    0.000000    5.047657 ^ _262_/A (sky130_fd_sc_hd__clkbuf_1)
     1    0.002769    0.043881    0.087272    5.134928 ^ _262_/X (sky130_fd_sc_hd__clkbuf_1)
                                                         net16 (net)
                      0.043881    0.000175    5.135103 ^ output16/A (sky130_fd_sc_hd__buf_2)
     1    0.034145    0.169711    0.196462    5.331565 ^ output16/X (sky130_fd_sc_hd__buf_2)
                                                         intr_vec_o[9] (net)
                      0.169783    0.001607    5.333171 ^ intr_vec_o[9] (out)
                                              5.333171   data arrival time

                                 25.000000   25.000000   clock wb_clk_i (rise edge)
                                  0.000000   25.000000   clock network delay (propagated)
                                 -0.250000   24.750000   clock uncertainty
                                  0.000000   24.750000   clock reconvergence pessimism
                                 -5.000000   19.750000   output external delay
                                             19.750000   data required time
---------------------------------------------------------------------------------------------
                                             19.750000   data required time
                                             -5.333171   data arrival time
---------------------------------------------------------------------------------------------
                                             14.416828   slack (MET)


Startpoint: fft_done_i (input port clocked by wb_clk_i)
Endpoint: intr_vec_o[13] (output port clocked by wb_clk_i)
Path Group: wb_clk_i
Path Type: max

Fanout         Cap        Slew       Delay        Time   Description
---------------------------------------------------------------------------------------------
                                  0.000000    0.000000   clock wb_clk_i (rise edge)
                                  0.000000    0.000000   clock network delay (propagated)
                                  5.000000    5.000000 ^ input external delay
     2    0.010461    0.053521    0.035736    5.035736 ^ fft_done_i (in)
                                                         fft_done_i (net)
                      0.053530    0.000000    5.035736 ^ _266_/A (sky130_fd_sc_hd__clkbuf_1)
     1    0.002513    0.040955    0.081060    5.116796 ^ _266_/X (sky130_fd_sc_hd__clkbuf_1)
                                                         net6 (net)
                      0.040955    0.000171    5.116967 ^ output6/A (sky130_fd_sc_hd__buf_2)
     1    0.035223    0.174833    0.198733    5.315699 ^ output6/X (sky130_fd_sc_hd__buf_2)
                                                         intr_vec_o[13] (net)
                      0.174862    0.001874    5.317573 ^ intr_vec_o[13] (out)
                                              5.317573   data arrival time

                                 25.000000   25.000000   clock wb_clk_i (rise edge)
                                  0.000000   25.000000   clock network delay (propagated)
                                 -0.250000   24.750000   clock uncertainty
                                  0.000000   24.750000   clock reconvergence pessimism
                                 -5.000000   19.750000   output external delay
                                             19.750000   data required time
---------------------------------------------------------------------------------------------
                                             19.750000   data required time
                                             -5.317573   data arrival time
---------------------------------------------------------------------------------------------
                                             14.432426   slack (MET)


Startpoint: fft_done_i (input port clocked by wb_clk_i)
Endpoint: io_out[6] (output port clocked by wb_clk_i)
Path Group: wb_clk_i
Path Type: max

Fanout         Cap        Slew       Delay        Time   Description
---------------------------------------------------------------------------------------------
                                  0.000000    0.000000   clock wb_clk_i (rise edge)
                                  0.000000    0.000000   clock network delay (propagated)
                                  5.000000    5.000000 ^ input external delay
     2    0.010461    0.053521    0.035745    5.035745 ^ fft_done_i (in)
                                                         fft_done_i (net)
                      0.053531    0.000000    5.035745 ^ _272_/A (sky130_fd_sc_hd__clkbuf_1)
     1    0.002478    0.040585    0.080777    5.116521 ^ _272_/X (sky130_fd_sc_hd__clkbuf_1)
                                                         net21 (net)
                      0.040585    0.000168    5.116690 ^ output21/A (sky130_fd_sc_hd__buf_2)
     1    0.035079    0.174165    0.198110    5.314799 ^ output21/X (sky130_fd_sc_hd__buf_2)
                                                         io_out[6] (net)
                      0.174194    0.001876    5.316675 ^ io_out[6] (out)
                                              5.316675   data arrival time

                                 25.000000   25.000000   clock wb_clk_i (rise edge)
                                  0.000000   25.000000   clock network delay (propagated)
                                 -0.250000   24.750000   clock uncertainty
                                  0.000000   24.750000   clock reconvergence pessimism
                                 -5.000000   19.750000   output external delay
                                             19.750000   data required time
---------------------------------------------------------------------------------------------
                                             19.750000   data required time
                                             -5.316675   data arrival time
---------------------------------------------------------------------------------------------
                                             14.433324   slack (MET)


Startpoint: wb_rst_i (input port clocked by wb_clk_i)
Endpoint: rst_no (output port clocked by wb_clk_i)
Path Group: wb_clk_i
Path Type: max

Fanout         Cap        Slew       Delay        Time   Description
---------------------------------------------------------------------------------------------
                                  0.000000    0.000000   clock wb_clk_i (rise edge)
                                  0.000000    0.000000   clock network delay (propagated)
                                  5.000000    5.000000 v input external delay
     1    0.002691    0.008364    0.004289    5.004289 v wb_rst_i (in)
                                                         wb_rst_i (net)
                      0.008370    0.000000    5.004289 v input1/A (sky130_fd_sc_hd__clkbuf_1)
     1    0.005346    0.039804    0.083965    5.088254 v input1/X (sky130_fd_sc_hd__clkbuf_1)
                                                         net1 (net)
                      0.039807    0.000385    5.088638 v _000_/A (sky130_fd_sc_hd__inv_2)
     1    0.002271    0.020460    0.036103    5.124741 ^ _000_/Y (sky130_fd_sc_hd__inv_2)
                                                         net22 (net)
                      0.020460    0.000102    5.124843 ^ output22/A (sky130_fd_sc_hd__buf_2)
     1    0.034229    0.170155    0.187776    5.312619 ^ output22/X (sky130_fd_sc_hd__buf_2)
                                                         rst_no (net)
                      0.170178    0.001632    5.314251 ^ rst_no (out)
                                              5.314251   data arrival time

                                 25.000000   25.000000   clock wb_clk_i (rise edge)
                                  0.000000   25.000000   clock network delay (propagated)
                                 -0.250000   24.750000   clock uncertainty
                                  0.000000   24.750000   clock reconvergence pessimism
                                 -5.000000   19.750000   output external delay
                                             19.750000   data required time
---------------------------------------------------------------------------------------------
                                             19.750000   data required time
                                             -5.314251   data arrival time
---------------------------------------------------------------------------------------------
                                             14.435749   slack (MET)


Startpoint: intr_uart_tx_watermark_i (input port clocked by wb_clk_i)
Endpoint: intr_vec_o[1] (output port clocked by wb_clk_i)
Path Group: wb_clk_i
Path Type: max

Fanout         Cap        Slew       Delay        Time   Description
---------------------------------------------------------------------------------------------
                                  0.000000    0.000000   clock wb_clk_i (rise edge)
                                  0.000000    0.000000   clock network delay (propagated)
                                  5.000000    5.000000 ^ input external delay
     1    0.010345    0.052992    0.035405    5.035405 ^ intr_uart_tx_watermark_i (in)
                                                         intr_uart_tx_watermark_i (net)
                      0.053002    0.000000    5.035405 ^ _254_/A (sky130_fd_sc_hd__clkbuf_1)
     1    0.002512    0.040946    0.080911    5.116316 ^ _254_/X (sky130_fd_sc_hd__clkbuf_1)
                                                         net8 (net)
                      0.040946    0.000162    5.116477 ^ output8/A (sky130_fd_sc_hd__buf_2)
     1    0.034151    0.169804    0.195330    5.311808 ^ output8/X (sky130_fd_sc_hd__buf_2)
                                                         intr_vec_o[1] (net)
                      0.169827    0.001647    5.313455 ^ intr_vec_o[1] (out)
                                              5.313455   data arrival time

                                 25.000000   25.000000   clock wb_clk_i (rise edge)
                                  0.000000   25.000000   clock network delay (propagated)
                                 -0.250000   24.750000   clock uncertainty
                                  0.000000   24.750000   clock reconvergence pessimism
                                 -5.000000   19.750000   output external delay
                                             19.750000   data required time
---------------------------------------------------------------------------------------------
                                             19.750000   data required time
                                             -5.313455   data arrival time
---------------------------------------------------------------------------------------------
                                             14.436544   slack (MET)


Startpoint: intr_uart_tx_empty_i (input port clocked by wb_clk_i)
Endpoint: intr_vec_o[2] (output port clocked by wb_clk_i)
Path Group: wb_clk_i
Path Type: max

Fanout         Cap        Slew       Delay        Time   Description
---------------------------------------------------------------------------------------------
                                  0.000000    0.000000   clock wb_clk_i (rise edge)
                                  0.000000    0.000000   clock network delay (propagated)
                                  5.000000    5.000000 ^ input external delay
     1    0.003698    0.023636    0.013515    5.013515 ^ intr_uart_tx_empty_i (in)
                                                         intr_uart_tx_empty_i (net)
                      0.023638    0.000000    5.013515 ^ _255_/A (sky130_fd_sc_hd__clkbuf_1)
     1    0.004899    0.067266    0.089819    5.103333 ^ _255_/X (sky130_fd_sc_hd__clkbuf_1)
                                                         net9 (net)
                      0.067267    0.000385    5.103719 ^ output9/A (sky130_fd_sc_hd__buf_2)
     1    0.034016    0.169270    0.204791    5.308510 ^ output9/X (sky130_fd_sc_hd__buf_2)
                                                         intr_vec_o[2] (net)
                      0.169342    0.001597    5.310106 ^ intr_vec_o[2] (out)
                                              5.310106   data arrival time

                                 25.000000   25.000000   clock wb_clk_i (rise edge)
                                  0.000000   25.000000   clock network delay (propagated)
                                 -0.250000   24.750000   clock uncertainty
                                  0.000000   24.750000   clock reconvergence pessimism
                                 -5.000000   19.750000   output external delay
                                             19.750000   data required time
---------------------------------------------------------------------------------------------
                                             19.750000   data required time
                                             -5.310106   data arrival time
---------------------------------------------------------------------------------------------
                                             14.439893   slack (MET)


Startpoint: intr_spi_host_idle_i (input port clocked by wb_clk_i)
Endpoint: intr_vec_o[12] (output port clocked by wb_clk_i)
Path Group: wb_clk_i
Path Type: max

Fanout         Cap        Slew       Delay        Time   Description
---------------------------------------------------------------------------------------------
                                  0.000000    0.000000   clock wb_clk_i (rise edge)
                                  0.000000    0.000000   clock network delay (propagated)
                                  5.000000    5.000000 ^ input external delay
     1    0.004517    0.027191    0.016436    5.016436 ^ intr_spi_host_idle_i (in)
                                                         intr_spi_host_idle_i (net)
                      0.027196    0.000000    5.016436 ^ _265_/A (sky130_fd_sc_hd__clkbuf_1)
     1    0.003191    0.048246    0.077570    5.094006 ^ _265_/X (sky130_fd_sc_hd__clkbuf_1)
                                                         net5 (net)
                      0.048246    0.000192    5.094198 ^ output5/A (sky130_fd_sc_hd__buf_2)
     1    0.034463    0.171187    0.199190    5.293388 ^ output5/X (sky130_fd_sc_hd__buf_2)
                                                         intr_vec_o[12] (net)
                      0.171259    0.001615    5.295002 ^ intr_vec_o[12] (out)
                                              5.295002   data arrival time

                                 25.000000   25.000000   clock wb_clk_i (rise edge)
                                  0.000000   25.000000   clock network delay (propagated)
                                 -0.250000   24.750000   clock uncertainty
                                  0.000000   24.750000   clock reconvergence pessimism
                                 -5.000000   19.750000   output external delay
                                             19.750000   data required time
---------------------------------------------------------------------------------------------
                                             19.750000   data required time
                                             -5.295002   data arrival time
---------------------------------------------------------------------------------------------
                                             14.454998   slack (MET)


Startpoint: intr_spi_host_tx_empty_i (input port clocked by wb_clk_i)
Endpoint: intr_vec_o[10] (output port clocked by wb_clk_i)
Path Group: wb_clk_i
Path Type: max

Fanout         Cap        Slew       Delay        Time   Description
---------------------------------------------------------------------------------------------
                                  0.000000    0.000000   clock wb_clk_i (rise edge)
                                  0.000000    0.000000   clock network delay (propagated)
                                  5.000000    5.000000 ^ input external delay
     1    0.003734    0.023790    0.013640    5.013640 ^ intr_spi_host_tx_empty_i (in)
                                                         intr_spi_host_tx_empty_i (net)
                      0.023791    0.000000    5.013640 ^ _263_/A (sky130_fd_sc_hd__clkbuf_1)
     1    0.003366    0.050201    0.077784    5.091424 ^ _263_/X (sky130_fd_sc_hd__clkbuf_1)
                                                         net3 (net)
                      0.050201    0.000209    5.091632 ^ output3/A (sky130_fd_sc_hd__buf_2)
     1    0.034968    0.173555    0.201525    5.293158 ^ output3/X (sky130_fd_sc_hd__buf_2)
                                                         intr_vec_o[10] (net)
                      0.173631    0.001738    5.294896 ^ intr_vec_o[10] (out)
                                              5.294896   data arrival time

                                 25.000000   25.000000   clock wb_clk_i (rise edge)
                                  0.000000   25.000000   clock network delay (propagated)
                                 -0.250000   24.750000   clock uncertainty
                                  0.000000   24.750000   clock reconvergence pessimism
                                 -5.000000   19.750000   output external delay
                                             19.750000   data required time
---------------------------------------------------------------------------------------------
                                             19.750000   data required time
                                             -5.294896   data arrival time
---------------------------------------------------------------------------------------------
                                             14.455103   slack (MET)


Startpoint: fft_error_i (input port clocked by wb_clk_i)
Endpoint: intr_vec_o[14] (output port clocked by wb_clk_i)
Path Group: wb_clk_i
Path Type: max

Fanout         Cap        Slew       Delay        Time   Description
---------------------------------------------------------------------------------------------
                                  0.000000    0.000000   clock wb_clk_i (rise edge)
                                  0.000000    0.000000   clock network delay (propagated)
                                  5.000000    5.000000 ^ input external delay
     1    0.004969    0.029166    0.017907    5.017907 ^ fft_error_i (in)
                                                         fft_error_i (net)
                      0.029172    0.000000    5.017907 ^ _267_/A (sky130_fd_sc_hd__clkbuf_1)
     1    0.002981    0.045978    0.076522    5.094429 ^ _267_/X (sky130_fd_sc_hd__clkbuf_1)
                                                         net7 (net)
                      0.045978    0.000186    5.094615 ^ output7/A (sky130_fd_sc_hd__buf_2)
     1    0.034527    0.171491    0.198524    5.293139 ^ output7/X (sky130_fd_sc_hd__buf_2)
                                                         intr_vec_o[14] (net)
                      0.171563    0.001622    5.294761 ^ intr_vec_o[14] (out)
                                              5.294761   data arrival time

                                 25.000000   25.000000   clock wb_clk_i (rise edge)
                                  0.000000   25.000000   clock network delay (propagated)
                                 -0.250000   24.750000   clock uncertainty
                                  0.000000   24.750000   clock reconvergence pessimism
                                 -5.000000   19.750000   output external delay
                                             19.750000   data required time
---------------------------------------------------------------------------------------------
                                             19.750000   data required time
                                             -5.294761   data arrival time
---------------------------------------------------------------------------------------------
                                             14.455238   slack (MET)


Startpoint: spi_sclk_i (input port clocked by wb_clk_i)
Endpoint: io_out[2] (output port clocked by wb_clk_i)
Path Group: wb_clk_i
Path Type: max

Fanout         Cap        Slew       Delay        Time   Description
---------------------------------------------------------------------------------------------
                                  0.000000    0.000000   clock wb_clk_i (rise edge)
                                  0.000000    0.000000   clock network delay (propagated)
                                  5.000000    5.000000 ^ input external delay
     1    0.004103    0.025393    0.014943    5.014943 ^ spi_sclk_i (in)
                                                         spi_sclk_i (net)
                      0.025395    0.000000    5.014943 ^ _269_/A (sky130_fd_sc_hd__clkbuf_1)
     1    0.002884    0.044932    0.074425    5.089369 ^ _269_/X (sky130_fd_sc_hd__clkbuf_1)
                                                         net18 (net)
                      0.044932    0.000179    5.089547 ^ output18/A (sky130_fd_sc_hd__buf_2)
     1    0.034641    0.172091    0.198422    5.287969 ^ output18/X (sky130_fd_sc_hd__buf_2)
                                                         io_out[2] (net)
                      0.172116    0.001741    5.289710 ^ io_out[2] (out)
                                              5.289710   data arrival time

                                 25.000000   25.000000   clock wb_clk_i (rise edge)
                                  0.000000   25.000000   clock network delay (propagated)
                                 -0.250000   24.750000   clock uncertainty
                                  0.000000   24.750000   clock reconvergence pessimism
                                 -5.000000   19.750000   output external delay
                                             19.750000   data required time
---------------------------------------------------------------------------------------------
                                             19.750000   data required time
                                             -5.289710   data arrival time
---------------------------------------------------------------------------------------------
                                             14.460289   slack (MET)


Startpoint: intr_uart_rx_overflow_i (input port clocked by wb_clk_i)
Endpoint: intr_vec_o[5] (output port clocked by wb_clk_i)
Path Group: wb_clk_i
Path Type: max

Fanout         Cap        Slew       Delay        Time   Description
---------------------------------------------------------------------------------------------
                                  0.000000    0.000000   clock wb_clk_i (rise edge)
                                  0.000000    0.000000   clock network delay (propagated)
                                  5.000000    5.000000 ^ input external delay
     1    0.004371    0.026556    0.015885    5.015885 ^ intr_uart_rx_overflow_i (in)
                                                         intr_uart_rx_overflow_i (net)
                      0.026558    0.000000    5.015885 ^ _258_/A (sky130_fd_sc_hd__clkbuf_1)
     1    0.002589    0.041745    0.072390    5.088275 ^ _258_/X (sky130_fd_sc_hd__clkbuf_1)
                                                         net12 (net)
                      0.041745    0.000169    5.088444 ^ output12/A (sky130_fd_sc_hd__buf_2)
     1    0.034599    0.171899    0.197075    5.285519 ^ output12/X (sky130_fd_sc_hd__buf_2)
                                                         intr_vec_o[5] (net)
                      0.171924    0.001723    5.287241 ^ intr_vec_o[5] (out)
                                              5.287241   data arrival time

                                 25.000000   25.000000   clock wb_clk_i (rise edge)
                                  0.000000   25.000000   clock network delay (propagated)
                                 -0.250000   24.750000   clock uncertainty
                                  0.000000   24.750000   clock reconvergence pessimism
                                 -5.000000   19.750000   output external delay
                                             19.750000   data required time
---------------------------------------------------------------------------------------------
                                             19.750000   data required time
                                             -5.287241   data arrival time
---------------------------------------------------------------------------------------------
                                             14.462758   slack (MET)


Startpoint: intr_uart_rx_timeout_i (input port clocked by wb_clk_i)
Endpoint: intr_vec_o[8] (output port clocked by wb_clk_i)
Path Group: wb_clk_i
Path Type: max

Fanout         Cap        Slew       Delay        Time   Description
---------------------------------------------------------------------------------------------
                                  0.000000    0.000000   clock wb_clk_i (rise edge)
                                  0.000000    0.000000   clock network delay (propagated)
                                  5.000000    5.000000 ^ input external delay
     1    0.004079    0.025292    0.014860    5.014860 ^ intr_uart_rx_timeout_i (in)
                                                         intr_uart_rx_timeout_i (net)
                      0.025294    0.000000    5.014860 ^ _261_/A (sky130_fd_sc_hd__clkbuf_1)
     1    0.002650    0.042399    0.072451    5.087311 ^ _261_/X (sky130_fd_sc_hd__clkbuf_1)
                                                         net15 (net)
                      0.042399    0.000175    5.087486 ^ output15/A (sky130_fd_sc_hd__buf_2)
     1    0.034599    0.171898    0.197326    5.284811 ^ output15/X (sky130_fd_sc_hd__buf_2)
                                                         intr_vec_o[8] (net)
                      0.171923    0.001723    5.286534 ^ intr_vec_o[8] (out)
                                              5.286534   data arrival time

                                 25.000000   25.000000   clock wb_clk_i (rise edge)
                                  0.000000   25.000000   clock network delay (propagated)
                                 -0.250000   24.750000   clock uncertainty
                                  0.000000   24.750000   clock reconvergence pessimism
                                 -5.000000   19.750000   output external delay
                                             19.750000   data required time
---------------------------------------------------------------------------------------------
                                             19.750000   data required time
                                             -5.286534   data arrival time
---------------------------------------------------------------------------------------------
                                             14.463466   slack (MET)


Startpoint: intr_uart_rx_break_err_i (input port clocked by wb_clk_i)
Endpoint: intr_vec_o[7] (output port clocked by wb_clk_i)
Path Group: wb_clk_i
Path Type: max

Fanout         Cap        Slew       Delay        Time   Description
---------------------------------------------------------------------------------------------
                                  0.000000    0.000000   clock wb_clk_i (rise edge)
                                  0.000000    0.000000   clock network delay (propagated)
                                  5.000000    5.000000 ^ input external delay
     1    0.003871    0.024387    0.014125    5.014125 ^ intr_uart_rx_break_err_i (in)
                                                         intr_uart_rx_break_err_i (net)
                      0.024388    0.000000    5.014125 ^ _260_/A (sky130_fd_sc_hd__clkbuf_1)
     1    0.002494    0.040720    0.070857    5.084982 ^ _260_/X (sky130_fd_sc_hd__clkbuf_1)
                                                         net14 (net)
                      0.040720    0.000161    5.085143 ^ output14/A (sky130_fd_sc_hd__buf_2)
     1    0.034010    0.169137    0.194808    5.279951 ^ output14/X (sky130_fd_sc_hd__buf_2)
                                                         intr_vec_o[7] (net)
                      0.169158    0.001596    5.281547 ^ intr_vec_o[7] (out)
                                              5.281547   data arrival time

                                 25.000000   25.000000   clock wb_clk_i (rise edge)
                                  0.000000   25.000000   clock network delay (propagated)
                                 -0.250000   24.750000   clock uncertainty
                                  0.000000   24.750000   clock reconvergence pessimism
                                 -5.000000   19.750000   output external delay
                                             19.750000   data required time
---------------------------------------------------------------------------------------------
                                             19.750000   data required time
                                             -5.281547   data arrival time
---------------------------------------------------------------------------------------------
                                             14.468452   slack (MET)


Startpoint: spi_mosi_i (input port clocked by wb_clk_i)
Endpoint: io_out[4] (output port clocked by wb_clk_i)
Path Group: wb_clk_i
Path Type: max

Fanout         Cap        Slew       Delay        Time   Description
---------------------------------------------------------------------------------------------
                                  0.000000    0.000000   clock wb_clk_i (rise edge)
                                  0.000000    0.000000   clock network delay (propagated)
                                  5.000000    5.000000 ^ input external delay
     1    0.003699    0.023640    0.013525    5.013525 ^ spi_mosi_i (in)
                                                         spi_mosi_i (net)
                      0.023642    0.000000    5.013525 ^ _271_/A (sky130_fd_sc_hd__clkbuf_1)
     1    0.002291    0.038549    0.068937    5.082462 ^ _271_/X (sky130_fd_sc_hd__clkbuf_1)
                                                         net20 (net)
                      0.038549    0.000107    5.082569 ^ output20/A (sky130_fd_sc_hd__buf_2)
     1    0.034081    0.169474    0.194214    5.276783 ^ output20/X (sky130_fd_sc_hd__buf_2)
                                                         io_out[4] (net)
                      0.169495    0.001597    5.278381 ^ io_out[4] (out)
                                              5.278381   data arrival time

                                 25.000000   25.000000   clock wb_clk_i (rise edge)
                                  0.000000   25.000000   clock network delay (propagated)
                                 -0.250000   24.750000   clock uncertainty
                                  0.000000   24.750000   clock reconvergence pessimism
                                 -5.000000   19.750000   output external delay
                                             19.750000   data required time
---------------------------------------------------------------------------------------------
                                             19.750000   data required time
                                             -5.278381   data arrival time
---------------------------------------------------------------------------------------------
                                             14.471619   slack (MET)


Startpoint: plic_irq_i (input port clocked by wb_clk_i)
Endpoint: user_irq[0] (output port clocked by wb_clk_i)
Path Group: wb_clk_i
Path Type: max

Fanout         Cap        Slew       Delay        Time   Description
---------------------------------------------------------------------------------------------
                                  0.000000    0.000000   clock wb_clk_i (rise edge)
                                  0.000000    0.000000   clock network delay (propagated)
                                  5.000000    5.000000 ^ input external delay
     1    0.003445    0.022535    0.012624    5.012624 ^ plic_irq_i (in)
                                                         plic_irq_i (net)
                      0.022537    0.000000    5.012624 ^ _275_/A (sky130_fd_sc_hd__clkbuf_1)
     1    0.002312    0.038762    0.068704    5.081327 ^ _275_/X (sky130_fd_sc_hd__clkbuf_1)
                                                         net25 (net)
                      0.038763    0.000167    5.081494 ^ output25/A (sky130_fd_sc_hd__buf_2)
     1    0.034132    0.169711    0.194457    5.275952 ^ output25/X (sky130_fd_sc_hd__buf_2)
                                                         user_irq[0] (net)
                      0.169732    0.001607    5.277558 ^ user_irq[0] (out)
                                              5.277558   data arrival time

                                 25.000000   25.000000   clock wb_clk_i (rise edge)
                                  0.000000   25.000000   clock network delay (propagated)
                                 -0.250000   24.750000   clock uncertainty
                                  0.000000   24.750000   clock reconvergence pessimism
                                 -5.000000   19.750000   output external delay
                                             19.750000   data required time
---------------------------------------------------------------------------------------------
                                             19.750000   data required time
                                             -5.277558   data arrival time
---------------------------------------------------------------------------------------------
                                             14.472442   slack (MET)



