
===========================================================================
report_checks -path_delay min (Hold)
============================================================================
======================= max_tt_025C_1v80 Corner ===================================

Startpoint: wb_clk_i (clock source 'wb_clk_i')
Endpoint: clk_o (output port clocked by wb_clk_i)
Path Group: wb_clk_i
Path Type: min

Fanout         Cap        Slew       Delay        Time   Description
---------------------------------------------------------------------------------------------
                                  0.000000    0.000000   clock wb_clk_i (rise edge)
                                  0.000000    0.000000   clock source latency
     1    0.007646    0.040966    0.026554    0.026554 ^ wb_clk_i (in)
                                                         wb_clk_i (net)
                      0.040970    0.000000    0.026554 ^ _252_/A (sky130_fd_sc_hd__buf_2)
     1    0.012166    0.067554    0.122872    0.149427 ^ _252_/X (sky130_fd_sc_hd__buf_2)
                                                         net2 (net)
                      0.067579    0.001235    0.150662 ^ output2/A (sky130_fd_sc_hd__buf_1)
     1    0.034129    0.400527    0.334922    0.485584 ^ output2/X (sky130_fd_sc_hd__buf_1)
                                                         clk_o (net)
                      0.400537    0.001703    0.487287 ^ clk_o (out)
                                              0.487287   data arrival time

                                  0.000000    0.000000   clock wb_clk_i (rise edge)
                                  0.000000    0.000000   clock network delay (propagated)
                                  0.250000    0.250000   clock uncertainty
                                  0.000000    0.250000   clock reconvergence pessimism
                                 -5.000000   -4.750000   output external delay
                                             -4.750000   data required time
---------------------------------------------------------------------------------------------
                                             -4.750000   data required time
                                             -0.487287   data arrival time
---------------------------------------------------------------------------------------------
                                              5.237287   slack (MET)


Startpoint: io_in[0] (input port clocked by wb_clk_i)
Endpoint: uart_rx_o (output port clocked by wb_clk_i)
Path Group: wb_clk_i
Path Type: min

Fanout         Cap        Slew       Delay        Time   Description
---------------------------------------------------------------------------------------------
                                  0.000000    0.000000   clock wb_clk_i (rise edge)
                                  0.000000    0.000000   clock network delay (propagated)
                                  5.000000    5.000000 v input external delay
     1    0.003424    0.010068    0.005538    5.005538 v io_in[0] (in)
                                                         io_in[0] (net)
                      0.010071    0.000000    5.005538 v _278_/A (sky130_fd_sc_hd__clkbuf_1)
     1    0.002131    0.023066    0.069024    5.074563 v _278_/X (sky130_fd_sc_hd__clkbuf_1)
                                                         net29 (net)
                      0.023066    0.000099    5.074662 v output29/A (sky130_fd_sc_hd__buf_2)
     1    0.034386    0.090369    0.170011    5.244672 v output29/X (sky130_fd_sc_hd__buf_2)
                                                         uart_rx_o (net)
                      0.090409    0.001746    5.246418 v uart_rx_o (out)
                                              5.246418   data arrival time

                                  0.000000    0.000000   clock wb_clk_i (rise edge)
                                  0.000000    0.000000   clock network delay (propagated)
                                  0.250000    0.250000   clock uncertainty
                                  0.000000    0.250000   clock reconvergence pessimism
                                 -5.000000   -4.750000   output external delay
                                             -4.750000   data required time
---------------------------------------------------------------------------------------------
                                             -4.750000   data required time
                                             -5.246418   data arrival time
---------------------------------------------------------------------------------------------
                                              9.996418   slack (MET)


Startpoint: intr_uart_rx_parity_err_i (input port clocked by wb_clk_i)
Endpoint: intr_vec_o[9] (output port clocked by wb_clk_i)
Path Group: wb_clk_i
Path Type: min

Fanout         Cap        Slew       Delay        Time   Description
---------------------------------------------------------------------------------------------
                                  0.000000    0.000000   clock wb_clk_i (rise edge)
                                  0.000000    0.000000   clock network delay (propagated)
                                  5.000000    5.000000 v input external delay
     1    0.004125    0.011707    0.006731    5.006731 v intr_uart_rx_parity_err_i (in)
                                                         intr_uart_rx_parity_err_i (net)
                      0.011711    0.000000    5.006731 v _261_/A (sky130_fd_sc_hd__clkbuf_1)
     1    0.002317    0.024025    0.070653    5.077384 v _261_/X (sky130_fd_sc_hd__clkbuf_1)
                                                         net16 (net)
                      0.024026    0.000155    5.077539 v output16/A (sky130_fd_sc_hd__buf_2)
     1    0.034588    0.090784    0.170826    5.248365 v output16/X (sky130_fd_sc_hd__buf_2)
                                                         intr_vec_o[9] (net)
                      0.090822    0.001720    5.250085 v intr_vec_o[9] (out)
                                              5.250085   data arrival time

                                  0.000000    0.000000   clock wb_clk_i (rise edge)
                                  0.000000    0.000000   clock network delay (propagated)
                                  0.250000    0.250000   clock uncertainty
                                  0.000000    0.250000   clock reconvergence pessimism
                                 -5.000000   -4.750000   output external delay
                                             -4.750000   data required time
---------------------------------------------------------------------------------------------
                                             -4.750000   data required time
                                             -5.250085   data arrival time
---------------------------------------------------------------------------------------------
                                             10.000085   slack (MET)


Startpoint: io_in[11] (input port clocked by wb_clk_i)
Endpoint: jtag_trst_n_o (output port clocked by wb_clk_i)
Path Group: wb_clk_i
Path Type: min

Fanout         Cap        Slew       Delay        Time   Description
---------------------------------------------------------------------------------------------
                                  0.000000    0.000000   clock wb_clk_i (rise edge)
                                  0.000000    0.000000   clock network delay (propagated)
                                  5.000000    5.000000 v input external delay
     1    0.003578    0.010425    0.005796    5.005796 v io_in[11] (in)
                                                         io_in[11] (net)
                      0.010428    0.000000    5.005796 v _276_/A (sky130_fd_sc_hd__clkbuf_1)
     1    0.002522    0.025068    0.071303    5.077099 v _276_/X (sky130_fd_sc_hd__clkbuf_1)
                                                         net26 (net)
                      0.025069    0.000157    5.077256 v output26/A (sky130_fd_sc_hd__buf_2)
     1    0.034525    0.090603    0.171236    5.248492 v output26/X (sky130_fd_sc_hd__buf_2)
                                                         jtag_trst_n_o (net)
                      0.090637    0.001616    5.250109 v jtag_trst_n_o (out)
                                              5.250109   data arrival time

                                  0.000000    0.000000   clock wb_clk_i (rise edge)
                                  0.000000    0.000000   clock network delay (propagated)
                                  0.250000    0.250000   clock uncertainty
                                  0.000000    0.250000   clock reconvergence pessimism
                                 -5.000000   -4.750000   output external delay
                                             -4.750000   data required time
---------------------------------------------------------------------------------------------
                                             -4.750000   data required time
                                             -5.250109   data arrival time
---------------------------------------------------------------------------------------------
                                             10.000109   slack (MET)


Startpoint: intr_uart_tx_empty_i (input port clocked by wb_clk_i)
Endpoint: intr_vec_o[2] (output port clocked by wb_clk_i)
Path Group: wb_clk_i
Path Type: min

Fanout         Cap        Slew       Delay        Time   Description
---------------------------------------------------------------------------------------------
                                  0.000000    0.000000   clock wb_clk_i (rise edge)
                                  0.000000    0.000000   clock network delay (propagated)
                                  5.000000    5.000000 v input external delay
     1    0.004433    0.012390    0.007254    5.007254 v intr_uart_tx_empty_i (in)
                                                         intr_uart_tx_empty_i (net)
                      0.012394    0.000000    5.007254 v _254_/A (sky130_fd_sc_hd__clkbuf_1)
     1    0.002358    0.024237    0.071142    5.078396 v _254_/X (sky130_fd_sc_hd__clkbuf_1)
                                                         net9 (net)
                      0.024237    0.000149    5.078545 v output9/A (sky130_fd_sc_hd__buf_2)
     1    0.034108    0.089716    0.170091    5.248636 v output9/X (sky130_fd_sc_hd__buf_2)
                                                         intr_vec_o[2] (net)
                      0.089751    0.001620    5.250257 v intr_vec_o[2] (out)
                                              5.250257   data arrival time

                                  0.000000    0.000000   clock wb_clk_i (rise edge)
                                  0.000000    0.000000   clock network delay (propagated)
                                  0.250000    0.250000   clock uncertainty
                                  0.000000    0.250000   clock reconvergence pessimism
                                 -5.000000   -4.750000   output external delay
                                             -4.750000   data required time
---------------------------------------------------------------------------------------------
                                             -4.750000   data required time
                                             -5.250257   data arrival time
---------------------------------------------------------------------------------------------
                                             10.000257   slack (MET)


Startpoint: intr_spi_host_tx_empty_i (input port clocked by wb_clk_i)
Endpoint: intr_vec_o[10] (output port clocked by wb_clk_i)
Path Group: wb_clk_i
Path Type: min

Fanout         Cap        Slew       Delay        Time   Description
---------------------------------------------------------------------------------------------
                                  0.000000    0.000000   clock wb_clk_i (rise edge)
                                  0.000000    0.000000   clock network delay (propagated)
                                  5.000000    5.000000 v input external delay
     1    0.004234    0.011956    0.006921    5.006921 v intr_spi_host_tx_empty_i (in)
                                                         intr_spi_host_tx_empty_i (net)
                      0.011960    0.000000    5.006921 v _262_/A (sky130_fd_sc_hd__clkbuf_1)
     1    0.002455    0.024729    0.071529    5.078449 v _262_/X (sky130_fd_sc_hd__clkbuf_1)
                                                         net3 (net)
                      0.024730    0.000103    5.078552 v output3/A (sky130_fd_sc_hd__buf_2)
     1    0.034186    0.089875    0.170463    5.249015 v output3/X (sky130_fd_sc_hd__buf_2)
                                                         intr_vec_o[10] (net)
                      0.089908    0.001605    5.250620 v intr_vec_o[10] (out)
                                              5.250620   data arrival time

                                  0.000000    0.000000   clock wb_clk_i (rise edge)
                                  0.000000    0.000000   clock network delay (propagated)
                                  0.250000    0.250000   clock uncertainty
                                  0.000000    0.250000   clock reconvergence pessimism
                                 -5.000000   -4.750000   output external delay
                                             -4.750000   data required time
---------------------------------------------------------------------------------------------
                                             -4.750000   data required time
                                             -5.250620   data arrival time
---------------------------------------------------------------------------------------------
                                             10.000620   slack (MET)


Startpoint: intr_spi_host_idle_i (input port clocked by wb_clk_i)
Endpoint: intr_vec_o[12] (output port clocked by wb_clk_i)
Path Group: wb_clk_i
Path Type: min

Fanout         Cap        Slew       Delay        Time   Description
---------------------------------------------------------------------------------------------
                                  0.000000    0.000000   clock wb_clk_i (rise edge)
                                  0.000000    0.000000   clock network delay (propagated)
                                  5.000000    5.000000 v input external delay
     1    0.003905    0.011198    0.006364    5.006364 v intr_spi_host_idle_i (in)
                                                         intr_spi_host_idle_i (net)
                      0.011202    0.000000    5.006364 v _264_/A (sky130_fd_sc_hd__clkbuf_1)
     1    0.002592    0.025428    0.071976    5.078340 v _264_/X (sky130_fd_sc_hd__clkbuf_1)
                                                         net5 (net)
                      0.025429    0.000162    5.078502 v output5/A (sky130_fd_sc_hd__buf_2)
     1    0.034155    0.089809    0.170692    5.249194 v output5/X (sky130_fd_sc_hd__buf_2)
                                                         intr_vec_o[12] (net)
                      0.089843    0.001619    5.250813 v intr_vec_o[12] (out)
                                              5.250813   data arrival time

                                  0.000000    0.000000   clock wb_clk_i (rise edge)
                                  0.000000    0.000000   clock network delay (propagated)
                                  0.250000    0.250000   clock uncertainty
                                  0.000000    0.250000   clock reconvergence pessimism
                                 -5.000000   -4.750000   output external delay
                                             -4.750000   data required time
---------------------------------------------------------------------------------------------
                                             -4.750000   data required time
                                             -5.250813   data arrival time
---------------------------------------------------------------------------------------------
                                             10.000813   slack (MET)


Startpoint: spi_cs_n_i (input port clocked by wb_clk_i)
Endpoint: io_out[3] (output port clocked by wb_clk_i)
Path Group: wb_clk_i
Path Type: min

Fanout         Cap        Slew       Delay        Time   Description
---------------------------------------------------------------------------------------------
                                  0.000000    0.000000   clock wb_clk_i (rise edge)
                                  0.000000    0.000000   clock network delay (propagated)
                                  5.000000    5.000000 v input external delay
     1    0.003777    0.010884    0.006138    5.006138 v spi_cs_n_i (in)
                                                         spi_cs_n_i (net)
                      0.010887    0.000000    5.006138 v _269_/A (sky130_fd_sc_hd__clkbuf_1)
     1    0.002753    0.026251    0.072729    5.078867 v _269_/X (sky130_fd_sc_hd__clkbuf_1)
                                                         net20 (net)
                      0.026252    0.000187    5.079054 v output20/A (sky130_fd_sc_hd__buf_2)
     1    0.034657    0.090923    0.171899    5.250953 v output20/X (sky130_fd_sc_hd__buf_2)
                                                         io_out[3] (net)
                      0.090962    0.001738    5.252691 v io_out[3] (out)
                                              5.252691   data arrival time

                                  0.000000    0.000000   clock wb_clk_i (rise edge)
                                  0.000000    0.000000   clock network delay (propagated)
                                  0.250000    0.250000   clock uncertainty
                                  0.000000    0.250000   clock reconvergence pessimism
                                 -5.000000   -4.750000   output external delay
                                             -4.750000   data required time
---------------------------------------------------------------------------------------------
                                             -4.750000   data required time
                                             -5.252691   data arrival time
---------------------------------------------------------------------------------------------
                                             10.002691   slack (MET)


Startpoint: io_in[8] (input port clocked by wb_clk_i)
Endpoint: jtag_tms_o (output port clocked by wb_clk_i)
Path Group: wb_clk_i
Path Type: min

Fanout         Cap        Slew       Delay        Time   Description
---------------------------------------------------------------------------------------------
                                  0.000000    0.000000   clock wb_clk_i (rise edge)
                                  0.000000    0.000000   clock network delay (propagated)
                                  5.000000    5.000000 v input external delay
     1    0.004001    0.011400    0.006517    5.006517 v io_in[8] (in)
                                                         io_in[8] (net)
                      0.011403    0.000000    5.006517 v _275_/A (sky130_fd_sc_hd__clkbuf_1)
     1    0.002717    0.026070    0.072736    5.079253 v _275_/X (sky130_fd_sc_hd__clkbuf_1)
                                                         net25 (net)
                      0.026070    0.000170    5.079423 v output25/A (sky130_fd_sc_hd__buf_2)
     1    0.035136    0.091964    0.172701    5.252123 v output25/X (sky130_fd_sc_hd__buf_2)
                                                         jtag_tms_o (net)
                      0.092003    0.001746    5.253869 v jtag_tms_o (out)
                                              5.253869   data arrival time

                                  0.000000    0.000000   clock wb_clk_i (rise edge)
                                  0.000000    0.000000   clock network delay (propagated)
                                  0.250000    0.250000   clock uncertainty
                                  0.000000    0.250000   clock reconvergence pessimism
                                 -5.000000   -4.750000   output external delay
                                             -4.750000   data required time
---------------------------------------------------------------------------------------------
                                             -4.750000   data required time
                                             -5.253869   data arrival time
---------------------------------------------------------------------------------------------
                                             10.003869   slack (MET)


Startpoint: intr_uart_rx_watermark_i (input port clocked by wb_clk_i)
Endpoint: intr_vec_o[3] (output port clocked by wb_clk_i)
Path Group: wb_clk_i
Path Type: min

Fanout         Cap        Slew       Delay        Time   Description
---------------------------------------------------------------------------------------------
                                  0.000000    0.000000   clock wb_clk_i (rise edge)
                                  0.000000    0.000000   clock network delay (propagated)
                                  5.000000    5.000000 v input external delay
     1    0.007565    0.019207    0.012423    5.012423 v intr_uart_rx_watermark_i (in)
                                                         intr_uart_rx_watermark_i (net)
                      0.019216    0.000000    5.012423 v _255_/A (sky130_fd_sc_hd__clkbuf_1)
     1    0.002334    0.024142    0.073586    5.086009 v _255_/X (sky130_fd_sc_hd__clkbuf_1)
                                                         net10 (net)
                      0.024142    0.000148    5.086157 v output10/A (sky130_fd_sc_hd__buf_2)
     1    0.034021    0.089519    0.169907    5.256064 v output10/X (sky130_fd_sc_hd__buf_2)
                                                         intr_vec_o[3] (net)
                      0.089552    0.001594    5.257658 v intr_vec_o[3] (out)
                                              5.257658   data arrival time

                                  0.000000    0.000000   clock wb_clk_i (rise edge)
                                  0.000000    0.000000   clock network delay (propagated)
                                  0.250000    0.250000   clock uncertainty
                                  0.000000    0.250000   clock reconvergence pessimism
                                 -5.000000   -4.750000   output external delay
                                             -4.750000   data required time
---------------------------------------------------------------------------------------------
                                             -4.750000   data required time
                                             -5.257658   data arrival time
---------------------------------------------------------------------------------------------
                                             10.007658   slack (MET)


Startpoint: io_in[9] (input port clocked by wb_clk_i)
Endpoint: jtag_tdi_o (output port clocked by wb_clk_i)
Path Group: wb_clk_i
Path Type: min

Fanout         Cap        Slew       Delay        Time   Description
---------------------------------------------------------------------------------------------
                                  0.000000    0.000000   clock wb_clk_i (rise edge)
                                  0.000000    0.000000   clock network delay (propagated)
                                  5.000000    5.000000 v input external delay
     1    0.003981    0.011353    0.006486    5.006486 v io_in[9] (in)
                                                         io_in[9] (net)
                      0.011357    0.000000    5.006486 v _274_/A (sky130_fd_sc_hd__clkbuf_1)
     1    0.003282    0.028950    0.075735    5.082221 v _274_/X (sky130_fd_sc_hd__clkbuf_1)
                                                         net24 (net)
                      0.028952    0.000228    5.082449 v output24/A (sky130_fd_sc_hd__buf_2)
     1    0.035194    0.092122    0.173941    5.256390 v output24/X (sky130_fd_sc_hd__buf_2)
                                                         jtag_tdi_o (net)
                      0.092168    0.001881    5.258271 v jtag_tdi_o (out)
                                              5.258271   data arrival time

                                  0.000000    0.000000   clock wb_clk_i (rise edge)
                                  0.000000    0.000000   clock network delay (propagated)
                                  0.250000    0.250000   clock uncertainty
                                  0.000000    0.250000   clock reconvergence pessimism
                                 -5.000000   -4.750000   output external delay
                                             -4.750000   data required time
---------------------------------------------------------------------------------------------
                                             -4.750000   data required time
                                             -5.258271   data arrival time
---------------------------------------------------------------------------------------------
                                             10.008271   slack (MET)


Startpoint: intr_uart_rx_break_err_i (input port clocked by wb_clk_i)
Endpoint: intr_vec_o[7] (output port clocked by wb_clk_i)
Path Group: wb_clk_i
Path Type: min

Fanout         Cap        Slew       Delay        Time   Description
---------------------------------------------------------------------------------------------
                                  0.000000    0.000000   clock wb_clk_i (rise edge)
                                  0.000000    0.000000   clock network delay (propagated)
                                  5.000000    5.000000 v input external delay
     1    0.004061    0.011538    0.006622    5.006622 v intr_uart_rx_break_err_i (in)
                                                         intr_uart_rx_break_err_i (net)
                      0.011541    0.000000    5.006622 v _259_/A (sky130_fd_sc_hd__clkbuf_1)
     1    0.003545    0.030294    0.077009    5.083631 v _259_/X (sky130_fd_sc_hd__clkbuf_1)
                                                         net14 (net)
                      0.030296    0.000244    5.083875 v output14/A (sky130_fd_sc_hd__buf_2)
     1    0.034335    0.090202    0.173042    5.256917 v output14/X (sky130_fd_sc_hd__buf_2)
                                                         intr_vec_o[7] (net)
                      0.090241    0.001720    5.258636 v intr_vec_o[7] (out)
                                              5.258636   data arrival time

                                  0.000000    0.000000   clock wb_clk_i (rise edge)
                                  0.000000    0.000000   clock network delay (propagated)
                                  0.250000    0.250000   clock uncertainty
                                  0.000000    0.250000   clock reconvergence pessimism
                                 -5.000000   -4.750000   output external delay
                                             -4.750000   data required time
---------------------------------------------------------------------------------------------
                                             -4.750000   data required time
                                             -5.258636   data arrival time
---------------------------------------------------------------------------------------------
                                             10.008636   slack (MET)


Startpoint: intr_spi_host_rx_full_i (input port clocked by wb_clk_i)
Endpoint: intr_vec_o[11] (output port clocked by wb_clk_i)
Path Group: wb_clk_i
Path Type: min

Fanout         Cap        Slew       Delay        Time   Description
---------------------------------------------------------------------------------------------
                                  0.000000    0.000000   clock wb_clk_i (rise edge)
                                  0.000000    0.000000   clock network delay (propagated)
                                  5.000000    5.000000 v input external delay
     1    0.006551    0.016998    0.010817    5.010817 v intr_spi_host_rx_full_i (in)
                                                         intr_spi_host_rx_full_i (net)
                      0.017011    0.000000    5.010817 v _263_/A (sky130_fd_sc_hd__clkbuf_1)
     1    0.003096    0.028050    0.076943    5.087760 v _263_/X (sky130_fd_sc_hd__clkbuf_1)
                                                         net4 (net)
                      0.028050    0.000179    5.087939 v output4/A (sky130_fd_sc_hd__buf_2)
     1    0.034449    0.090415    0.172384    5.260323 v output4/X (sky130_fd_sc_hd__buf_2)
                                                         intr_vec_o[11] (net)
                      0.090448    0.001611    5.261934 v intr_vec_o[11] (out)
                                              5.261934   data arrival time

                                  0.000000    0.000000   clock wb_clk_i (rise edge)
                                  0.000000    0.000000   clock network delay (propagated)
                                  0.250000    0.250000   clock uncertainty
                                  0.000000    0.250000   clock reconvergence pessimism
                                 -5.000000   -4.750000   output external delay
                                             -4.750000   data required time
---------------------------------------------------------------------------------------------
                                             -4.750000   data required time
                                             -5.261934   data arrival time
---------------------------------------------------------------------------------------------
                                             10.011934   slack (MET)


Startpoint: intr_uart_rx_timeout_i (input port clocked by wb_clk_i)
Endpoint: intr_vec_o[8] (output port clocked by wb_clk_i)
Path Group: wb_clk_i
Path Type: min

Fanout         Cap        Slew       Delay        Time   Description
---------------------------------------------------------------------------------------------
                                  0.000000    0.000000   clock wb_clk_i (rise edge)
                                  0.000000    0.000000   clock network delay (propagated)
                                  5.000000    5.000000 v input external delay
     1    0.007523    0.019115    0.012348    5.012349 v intr_uart_rx_timeout_i (in)
                                                         intr_uart_rx_timeout_i (net)
                      0.019123    0.000000    5.012349 v _260_/A (sky130_fd_sc_hd__clkbuf_1)
     1    0.003809    0.031710    0.081084    5.093432 v _260_/X (sky130_fd_sc_hd__clkbuf_1)
                                                         net15 (net)
                      0.031711    0.000265    5.093697 v output15/A (sky130_fd_sc_hd__buf_2)
     1    0.034153    0.089769    0.173377    5.267075 v output15/X (sky130_fd_sc_hd__buf_2)
                                                         intr_vec_o[8] (net)
                      0.089805    0.001645    5.268720 v intr_vec_o[8] (out)
                                              5.268720   data arrival time

                                  0.000000    0.000000   clock wb_clk_i (rise edge)
                                  0.000000    0.000000   clock network delay (propagated)
                                  0.250000    0.250000   clock uncertainty
                                  0.000000    0.250000   clock reconvergence pessimism
                                 -5.000000   -4.750000   output external delay
                                             -4.750000   data required time
---------------------------------------------------------------------------------------------
                                             -4.750000   data required time
                                             -5.268720   data arrival time
---------------------------------------------------------------------------------------------
                                             10.018721   slack (MET)


Startpoint: intr_uart_tx_done_i (input port clocked by wb_clk_i)
Endpoint: intr_vec_o[4] (output port clocked by wb_clk_i)
Path Group: wb_clk_i
Path Type: min

Fanout         Cap        Slew       Delay        Time   Description
---------------------------------------------------------------------------------------------
                                  0.000000    0.000000   clock wb_clk_i (rise edge)
                                  0.000000    0.000000   clock network delay (propagated)
                                  5.000000    5.000000 v input external delay
     1    0.009927    0.024381    0.016343    5.016344 v intr_uart_tx_done_i (in)
                                                         intr_uart_tx_done_i (net)
                      0.024398    0.000000    5.016344 v _256_/A (sky130_fd_sc_hd__clkbuf_1)
     1    0.003727    0.031321    0.082779    5.099122 v _256_/X (sky130_fd_sc_hd__clkbuf_1)
                                                         net11 (net)
                      0.031323    0.000276    5.099398 v output11/A (sky130_fd_sc_hd__buf_2)
     1    0.034190    0.089850    0.173279    5.272676 v output11/X (sky130_fd_sc_hd__buf_2)
                                                         intr_vec_o[4] (net)
                      0.089885    0.001645    5.274322 v intr_vec_o[4] (out)
                                              5.274322   data arrival time

                                  0.000000    0.000000   clock wb_clk_i (rise edge)
                                  0.000000    0.000000   clock network delay (propagated)
                                  0.250000    0.250000   clock uncertainty
                                  0.000000    0.250000   clock reconvergence pessimism
                                 -5.000000   -4.750000   output external delay
                                             -4.750000   data required time
---------------------------------------------------------------------------------------------
                                             -4.750000   data required time
                                             -5.274322   data arrival time
---------------------------------------------------------------------------------------------
                                             10.024323   slack (MET)


Startpoint: fft_error_i (input port clocked by wb_clk_i)
Endpoint: intr_vec_o[14] (output port clocked by wb_clk_i)
Path Group: wb_clk_i
Path Type: min

Fanout         Cap        Slew       Delay        Time   Description
---------------------------------------------------------------------------------------------
                                  0.000000    0.000000   clock wb_clk_i (rise edge)
                                  0.000000    0.000000   clock network delay (propagated)
                                  5.000000    5.000000 v input external delay
     1    0.007628    0.019292    0.012541    5.012541 v fft_error_i (in)
                                                         fft_error_i (net)
                      0.019305    0.000000    5.012541 v _266_/A (sky130_fd_sc_hd__clkbuf_1)
     1    0.004772    0.036778    0.085620    5.098161 v _266_/X (sky130_fd_sc_hd__clkbuf_1)
                                                         net7 (net)
                      0.036779    0.000253    5.098414 v output7/A (sky130_fd_sc_hd__buf_2)
     1    0.034753    0.091076    0.176567    5.274981 v output7/X (sky130_fd_sc_hd__buf_2)
                                                         intr_vec_o[14] (net)
                      0.091117    0.001780    5.276762 v intr_vec_o[14] (out)
                                              5.276762   data arrival time

                                  0.000000    0.000000   clock wb_clk_i (rise edge)
                                  0.000000    0.000000   clock network delay (propagated)
                                  0.250000    0.250000   clock uncertainty
                                  0.000000    0.250000   clock reconvergence pessimism
                                 -5.000000   -4.750000   output external delay
                                             -4.750000   data required time
---------------------------------------------------------------------------------------------
                                             -4.750000   data required time
                                             -5.276762   data arrival time
---------------------------------------------------------------------------------------------
                                             10.026762   slack (MET)


Startpoint: intr_uart_rx_overflow_i (input port clocked by wb_clk_i)
Endpoint: intr_vec_o[5] (output port clocked by wb_clk_i)
Path Group: wb_clk_i
Path Type: min

Fanout         Cap        Slew       Delay        Time   Description
---------------------------------------------------------------------------------------------
                                  0.000000    0.000000   clock wb_clk_i (rise edge)
                                  0.000000    0.000000   clock network delay (propagated)
                                  5.000000    5.000000 v input external delay
     1    0.017685    0.041240    0.029134    5.029135 v intr_uart_rx_overflow_i (in)
                                                         intr_uart_rx_overflow_i (net)
                      0.041339    0.000000    5.029135 v _257_/A (sky130_fd_sc_hd__clkbuf_1)
     1    0.004401    0.034875    0.093384    5.122519 v _257_/X (sky130_fd_sc_hd__clkbuf_1)
                                                         net12 (net)
                      0.034878    0.000310    5.122828 v output12/A (sky130_fd_sc_hd__buf_2)
     1    0.034629    0.090802    0.175564    5.298393 v output12/X (sky130_fd_sc_hd__buf_2)
                                                         intr_vec_o[5] (net)
                      0.090841    0.001737    5.300130 v intr_vec_o[5] (out)
                                              5.300130   data arrival time

                                  0.000000    0.000000   clock wb_clk_i (rise edge)
                                  0.000000    0.000000   clock network delay (propagated)
                                  0.250000    0.250000   clock uncertainty
                                  0.000000    0.250000   clock reconvergence pessimism
                                 -5.000000   -4.750000   output external delay
                                             -4.750000   data required time
---------------------------------------------------------------------------------------------
                                             -4.750000   data required time
                                             -5.300130   data arrival time
---------------------------------------------------------------------------------------------
                                             10.050130   slack (MET)


Startpoint: wb_rst_i (input port clocked by wb_clk_i)
Endpoint: rst_no (output port clocked by wb_clk_i)
Path Group: wb_clk_i
Path Type: min

Fanout         Cap        Slew       Delay        Time   Description
---------------------------------------------------------------------------------------------
                                  0.000000    0.000000   clock wb_clk_i (rise edge)
                                  0.000000    0.000000   clock network delay (propagated)
                                  5.000000    5.000000 ^ input external delay
     1    0.002911    0.020207    0.010750    5.010750 ^ wb_rst_i (in)
                                                         wb_rst_i (net)
                      0.020207    0.000000    5.010750 ^ input1/A (sky130_fd_sc_hd__clkbuf_1)
     1    0.005494    0.073925    0.093323    5.104073 ^ input1/X (sky130_fd_sc_hd__clkbuf_1)
                                                         net1 (net)
                      0.073954    0.000399    5.104472 ^ _000_/A (sky130_fd_sc_hd__inv_2)
     1    0.002129    0.018137    0.028273    5.132745 v _000_/Y (sky130_fd_sc_hd__inv_2)
                                                         net27 (net)
                      0.018137    0.000094    5.132839 v output27/A (sky130_fd_sc_hd__buf_2)
     1    0.034187    0.089882    0.167673    5.300512 v output27/X (sky130_fd_sc_hd__buf_2)
                                                         rst_no (net)
                      0.089921    0.001716    5.302227 v rst_no (out)
                                              5.302227   data arrival time

                                  0.000000    0.000000   clock wb_clk_i (rise edge)
                                  0.000000    0.000000   clock network delay (propagated)
                                  0.250000    0.250000   clock uncertainty
                                  0.000000    0.250000   clock reconvergence pessimism
                                 -5.000000   -4.750000   output external delay
                                             -4.750000   data required time
---------------------------------------------------------------------------------------------
                                             -4.750000   data required time
                                             -5.302227   data arrival time
---------------------------------------------------------------------------------------------
                                             10.052228   slack (MET)


Startpoint: plic_irq_i (input port clocked by wb_clk_i)
Endpoint: user_irq[0] (output port clocked by wb_clk_i)
Path Group: wb_clk_i
Path Type: min

Fanout         Cap        Slew       Delay        Time   Description
---------------------------------------------------------------------------------------------
                                  0.000000    0.000000   clock wb_clk_i (rise edge)
                                  0.000000    0.000000   clock network delay (propagated)
                                  5.000000    5.000000 v input external delay
     2    0.024578    0.056278    0.040985    5.040985 v plic_irq_i (in)
                                                         plic_irq_i (net)
                      0.056576    0.000000    5.040985 v _279_/A (sky130_fd_sc_hd__clkbuf_1)
     1    0.002910    0.027167    0.093045    5.134029 v _279_/X (sky130_fd_sc_hd__clkbuf_1)
                                                         net30 (net)
                      0.027167    0.000176    5.134206 v output30/A (sky130_fd_sc_hd__buf_2)
     1    0.034066    0.089600    0.171288    5.305493 v output30/X (sky130_fd_sc_hd__buf_2)
                                                         user_irq[0] (net)
                      0.089634    0.001606    5.307100 v user_irq[0] (out)
                                              5.307100   data arrival time

                                  0.000000    0.000000   clock wb_clk_i (rise edge)
                                  0.000000    0.000000   clock network delay (propagated)
                                  0.250000    0.250000   clock uncertainty
                                  0.000000    0.250000   clock reconvergence pessimism
                                 -5.000000   -4.750000   output external delay
                                             -4.750000   data required time
---------------------------------------------------------------------------------------------
                                             -4.750000   data required time
                                             -5.307100   data arrival time
---------------------------------------------------------------------------------------------
                                             10.057100   slack (MET)


Startpoint: intr_uart_tx_watermark_i (input port clocked by wb_clk_i)
Endpoint: intr_vec_o[1] (output port clocked by wb_clk_i)
Path Group: wb_clk_i
Path Type: min

Fanout         Cap        Slew       Delay        Time   Description
---------------------------------------------------------------------------------------------
                                  0.000000    0.000000   clock wb_clk_i (rise edge)
                                  0.000000    0.000000   clock network delay (propagated)
                                  5.000000    5.000000 v input external delay
     2    0.021602    0.049751    0.035583    5.035583 v intr_uart_tx_watermark_i (in)
                                                         intr_uart_tx_watermark_i (net)
                      0.049895    0.000000    5.035583 v _253_/A (sky130_fd_sc_hd__clkbuf_1)
     1    0.004480    0.035307    0.097508    5.133091 v _253_/X (sky130_fd_sc_hd__clkbuf_1)
                                                         net8 (net)
                      0.035309    0.000342    5.133433 v output8/A (sky130_fd_sc_hd__buf_2)
     1    0.034260    0.089969    0.175133    5.308567 v output8/X (sky130_fd_sc_hd__buf_2)
                                                         intr_vec_o[1] (net)
                      0.090004    0.001635    5.310201 v intr_vec_o[1] (out)
                                              5.310201   data arrival time

                                  0.000000    0.000000   clock wb_clk_i (rise edge)
                                  0.000000    0.000000   clock network delay (propagated)
                                  0.250000    0.250000   clock uncertainty
                                  0.000000    0.250000   clock reconvergence pessimism
                                 -5.000000   -4.750000   output external delay
                                             -4.750000   data required time
---------------------------------------------------------------------------------------------
                                             -4.750000   data required time
                                             -5.310201   data arrival time
---------------------------------------------------------------------------------------------
                                             10.060202   slack (MET)


Startpoint: fft_done_i (input port clocked by wb_clk_i)
Endpoint: intr_vec_o[13] (output port clocked by wb_clk_i)
Path Group: wb_clk_i
Path Type: min

Fanout         Cap        Slew       Delay        Time   Description
---------------------------------------------------------------------------------------------
                                  0.000000    0.000000   clock wb_clk_i (rise edge)
                                  0.000000    0.000000   clock network delay (propagated)
                                  5.000000    5.000000 v input external delay
     2    0.027658    0.063023    0.045775    5.045775 v fft_done_i (in)
                                                         fft_done_i (net)
                      0.063339    0.000000    5.045775 v _265_/A (sky130_fd_sc_hd__clkbuf_1)
     1    0.002308    0.024150    0.092694    5.138470 v _265_/X (sky130_fd_sc_hd__clkbuf_1)
                                                         net6 (net)
                      0.024151    0.000147    5.138617 v output6/A (sky130_fd_sc_hd__buf_2)
     1    0.034141    0.089781    0.170126    5.308743 v output6/X (sky130_fd_sc_hd__buf_2)
                                                         intr_vec_o[13] (net)
                      0.089815    0.001606    5.310349 v intr_vec_o[13] (out)
                                              5.310349   data arrival time

                                  0.000000    0.000000   clock wb_clk_i (rise edge)
                                  0.000000    0.000000   clock network delay (propagated)
                                  0.250000    0.250000   clock uncertainty
                                  0.000000    0.250000   clock reconvergence pessimism
                                 -5.000000   -4.750000   output external delay
                                             -4.750000   data required time
---------------------------------------------------------------------------------------------
                                             -4.750000   data required time
                                             -5.310349   data arrival time
---------------------------------------------------------------------------------------------
                                             10.060349   slack (MET)


Startpoint: fft_done_i (input port clocked by wb_clk_i)
Endpoint: io_out[6] (output port clocked by wb_clk_i)
Path Group: wb_clk_i
Path Type: min

Fanout         Cap        Slew       Delay        Time   Description
---------------------------------------------------------------------------------------------
                                  0.000000    0.000000   clock wb_clk_i (rise edge)
                                  0.000000    0.000000   clock network delay (propagated)
                                  5.000000    5.000000 v input external delay
     2    0.027658    0.063023    0.045792    5.045793 v fft_done_i (in)
                                                         fft_done_i (net)
                      0.063342    0.000000    5.045793 v _271_/A (sky130_fd_sc_hd__clkbuf_1)
     1    0.002638    0.025846    0.094523    5.140316 v _271_/X (sky130_fd_sc_hd__clkbuf_1)
                                                         net22 (net)
                      0.025846    0.000161    5.140477 v output22/A (sky130_fd_sc_hd__buf_2)
     1    0.034152    0.089794    0.170881    5.311357 v output22/X (sky130_fd_sc_hd__buf_2)
                                                         io_out[6] (net)
                      0.089827    0.001604    5.312962 v io_out[6] (out)
                                              5.312962   data arrival time

                                  0.000000    0.000000   clock wb_clk_i (rise edge)
                                  0.000000    0.000000   clock network delay (propagated)
                                  0.250000    0.250000   clock uncertainty
                                  0.000000    0.250000   clock reconvergence pessimism
                                 -5.000000   -4.750000   output external delay
                                             -4.750000   data required time
---------------------------------------------------------------------------------------------
                                             -4.750000   data required time
                                             -5.312962   data arrival time
---------------------------------------------------------------------------------------------
                                             10.062963   slack (MET)


Startpoint: io_in[7] (input port clocked by wb_clk_i)
Endpoint: jtag_tck_o (output port clocked by wb_clk_i)
Path Group: wb_clk_i
Path Type: min

Fanout         Cap        Slew       Delay        Time   Description
---------------------------------------------------------------------------------------------
                                  0.000000    0.000000   clock wb_clk_i (rise edge)
                                  0.000000    0.000000   clock network delay (propagated)
                                  5.000000    5.000000 v input external delay
     1    0.003633    0.010551    0.005896    5.005896 v io_in[7] (in)
                                                         io_in[7] (net)
                      0.010554    0.000000    5.005896 v _273_/A (sky130_fd_sc_hd__clkbuf_2)
     1    0.019737    0.080883    0.132606    5.138503 v _273_/X (sky130_fd_sc_hd__clkbuf_2)
                                                         net23 (net)
                      0.081058    0.002743    5.141245 v output23/A (sky130_fd_sc_hd__buf_2)
     1    0.034134    0.089595    0.195293    5.336538 v output23/X (sky130_fd_sc_hd__buf_2)
                                                         jtag_tck_o (net)
                      0.089629    0.001617    5.338156 v jtag_tck_o (out)
                                              5.338156   data arrival time

                                  0.000000    0.000000   clock wb_clk_i (rise edge)
                                  0.000000    0.000000   clock network delay (propagated)
                                  0.250000    0.250000   clock uncertainty
                                  0.000000    0.250000   clock reconvergence pessimism
                                 -5.000000   -4.750000   output external delay
                                             -4.750000   data required time
---------------------------------------------------------------------------------------------
                                             -4.750000   data required time
                                             -5.338156   data arrival time
---------------------------------------------------------------------------------------------
                                             10.088157   slack (MET)


Startpoint: jtag_tdo_i (input port clocked by wb_clk_i)
Endpoint: io_out[10] (output port clocked by wb_clk_i)
Path Group: wb_clk_i
Path Type: min

Fanout         Cap        Slew       Delay        Time   Description
---------------------------------------------------------------------------------------------
                                  0.000000    0.000000   clock wb_clk_i (rise edge)
                                  0.000000    0.000000   clock network delay (propagated)
                                  5.000000    5.000000 v input external delay
     2    0.025612    0.058489    0.042752    5.042753 v jtag_tdo_i (in)
                                                         jtag_tdo_i (net)
                      0.058785    0.000000    5.042753 v _272_/A (sky130_fd_sc_hd__clkbuf_2)
     2    0.021547    0.087327    0.158023    5.200776 v _272_/X (sky130_fd_sc_hd__clkbuf_2)
                                                         net17 (net)
                      0.087539    0.003237    5.204012 v output17/A (sky130_fd_sc_hd__buf_2)
     1    0.034016    0.089341    0.198039    5.402051 v output17/X (sky130_fd_sc_hd__buf_2)
                                                         io_out[10] (net)
                      0.089374    0.001594    5.403646 v io_out[10] (out)
                                              5.403646   data arrival time

                                  0.000000    0.000000   clock wb_clk_i (rise edge)
                                  0.000000    0.000000   clock network delay (propagated)
                                  0.250000    0.250000   clock uncertainty
                                  0.000000    0.250000   clock reconvergence pessimism
                                 -5.000000   -4.750000   output external delay
                                             -4.750000   data required time
---------------------------------------------------------------------------------------------
                                             -4.750000   data required time
                                             -5.403646   data arrival time
---------------------------------------------------------------------------------------------
                                             10.153646   slack (MET)


Startpoint: intr_uart_rx_frame_err_i (input port clocked by wb_clk_i)
Endpoint: intr_vec_o[6] (output port clocked by wb_clk_i)
Path Group: wb_clk_i
Path Type: min

Fanout         Cap        Slew       Delay        Time   Description
---------------------------------------------------------------------------------------------
                                  0.000000    0.000000   clock wb_clk_i (rise edge)
                                  0.000000    0.000000   clock network delay (propagated)
                                  5.000000    5.000000 v input external delay
     2    0.030809    0.069847    0.050898    5.050899 v intr_uart_rx_frame_err_i (in)
                                                         intr_uart_rx_frame_err_i (net)
                      0.070165    0.000000    5.050899 v _258_/A (sky130_fd_sc_hd__clkbuf_2)
     1    0.020027    0.081885    0.159716    5.210614 v _258_/X (sky130_fd_sc_hd__clkbuf_2)
                                                         net13 (net)
                      0.081952    0.002148    5.212762 v output13/A (sky130_fd_sc_hd__buf_2)
     1    0.035166    0.091878    0.197498    5.410260 v output13/X (sky130_fd_sc_hd__buf_2)
                                                         intr_vec_o[6] (net)
                      0.091919    0.001774    5.412034 v intr_vec_o[6] (out)
                                              5.412034   data arrival time

                                  0.000000    0.000000   clock wb_clk_i (rise edge)
                                  0.000000    0.000000   clock network delay (propagated)
                                  0.250000    0.250000   clock uncertainty
                                  0.000000    0.250000   clock reconvergence pessimism
                                 -5.000000   -4.750000   output external delay
                                             -4.750000   data required time
---------------------------------------------------------------------------------------------
                                             -4.750000   data required time
                                             -5.412034   data arrival time
---------------------------------------------------------------------------------------------
                                             10.162034   slack (MET)


Startpoint: io_in[5] (input port clocked by wb_clk_i)
Endpoint: spi_miso_o (output port clocked by wb_clk_i)
Path Group: wb_clk_i
Path Type: min

Fanout         Cap        Slew       Delay        Time   Description
---------------------------------------------------------------------------------------------
                                  0.000000    0.000000   clock wb_clk_i (rise edge)
                                  0.000000    0.000000   clock network delay (propagated)
                                  5.000000    5.000000 v input external delay
     2    0.021661    0.049649    0.035199    5.035199 v io_in[5] (in)
                                                         io_in[5] (net)
                      0.049665    0.000000    5.035199 v _277_/A (sky130_fd_sc_hd__clkbuf_2)
     1    0.032828    0.128344    0.183471    5.218670 v _277_/X (sky130_fd_sc_hd__clkbuf_2)
                                                         net28 (net)
                      0.128822    0.006446    5.225116 v output28/A (sky130_fd_sc_hd__buf_2)
     1    0.034599    0.090733    0.217737    5.442853 v output28/X (sky130_fd_sc_hd__buf_2)
                                                         spi_miso_o (net)
                      0.090772    0.001720    5.444573 v spi_miso_o (out)
                                              5.444573   data arrival time

                                  0.000000    0.000000   clock wb_clk_i (rise edge)
                                  0.000000    0.000000   clock network delay (propagated)
                                  0.250000    0.250000   clock uncertainty
                                  0.000000    0.250000   clock reconvergence pessimism
                                 -5.000000   -4.750000   output external delay
                                             -4.750000   data required time
---------------------------------------------------------------------------------------------
                                             -4.750000   data required time
                                             -5.444573   data arrival time
---------------------------------------------------------------------------------------------
                                             10.194573   slack (MET)


Startpoint: spi_mosi_i (input port clocked by wb_clk_i)
Endpoint: io_out[4] (output port clocked by wb_clk_i)
Path Group: wb_clk_i
Path Type: min

Fanout         Cap        Slew       Delay        Time   Description
---------------------------------------------------------------------------------------------
                                  0.000000    0.000000   clock wb_clk_i (rise edge)
                                  0.000000    0.000000   clock network delay (propagated)
                                  5.000000    5.000000 v input external delay
     2    0.036370    0.082086    0.061518    5.061519 v spi_mosi_i (in)
                                                         spi_mosi_i (net)
                      0.082944    0.000000    5.061519 v _270_/A (sky130_fd_sc_hd__clkbuf_2)
     1    0.026794    0.105963    0.182817    5.244336 v _270_/X (sky130_fd_sc_hd__clkbuf_2)
                                                         net21 (net)
                      0.106254    0.004579    5.248915 v output21/A (sky130_fd_sc_hd__buf_2)
     1    0.035189    0.091946    0.208620    5.457535 v output21/X (sky130_fd_sc_hd__buf_2)
                                                         io_out[4] (net)
                      0.091986    0.001748    5.459283 v io_out[4] (out)
                                              5.459283   data arrival time

                                  0.000000    0.000000   clock wb_clk_i (rise edge)
                                  0.000000    0.000000   clock network delay (propagated)
                                  0.250000    0.250000   clock uncertainty
                                  0.000000    0.250000   clock reconvergence pessimism
                                 -5.000000   -4.750000   output external delay
                                             -4.750000   data required time
---------------------------------------------------------------------------------------------
                                             -4.750000   data required time
                                             -5.459283   data arrival time
---------------------------------------------------------------------------------------------
                                             10.209283   slack (MET)


Startpoint: uart_tx_i (input port clocked by wb_clk_i)
Endpoint: io_out[1] (output port clocked by wb_clk_i)
Path Group: wb_clk_i
Path Type: min

Fanout         Cap        Slew       Delay        Time   Description
---------------------------------------------------------------------------------------------
                                  0.000000    0.000000   clock wb_clk_i (rise edge)
                                  0.000000    0.000000   clock network delay (propagated)
                                  5.000000    5.000000 v input external delay
     2    0.044291    0.100053    0.075268    5.075268 v uart_tx_i (in)
                                                         uart_tx_i (net)
                      0.101328    0.000000    5.075268 v _267_/A (sky130_fd_sc_hd__clkbuf_2)
     1    0.022903    0.092685    0.180558    5.255826 v _267_/X (sky130_fd_sc_hd__clkbuf_2)
                                                         net18 (net)
                      0.092903    0.003376    5.259202 v output18/A (sky130_fd_sc_hd__buf_2)
     1    0.034525    0.090446    0.201416    5.460619 v output18/X (sky130_fd_sc_hd__buf_2)
                                                         io_out[1] (net)
                      0.090479    0.001616    5.462235 v io_out[1] (out)
                                              5.462235   data arrival time

                                  0.000000    0.000000   clock wb_clk_i (rise edge)
                                  0.000000    0.000000   clock network delay (propagated)
                                  0.250000    0.250000   clock uncertainty
                                  0.000000    0.250000   clock reconvergence pessimism
                                 -5.000000   -4.750000   output external delay
                                             -4.750000   data required time
---------------------------------------------------------------------------------------------
                                             -4.750000   data required time
                                             -5.462235   data arrival time
---------------------------------------------------------------------------------------------
                                             10.212234   slack (MET)


Startpoint: spi_sclk_i (input port clocked by wb_clk_i)
Endpoint: io_out[2] (output port clocked by wb_clk_i)
Path Group: wb_clk_i
Path Type: min

Fanout         Cap        Slew       Delay        Time   Description
---------------------------------------------------------------------------------------------
                                  0.000000    0.000000   clock wb_clk_i (rise edge)
                                  0.000000    0.000000   clock network delay (propagated)
                                  5.000000    5.000000 v input external delay
     2    0.042065    0.095223    0.071408    5.071408 v spi_sclk_i (in)
                                                         spi_sclk_i (net)
                      0.096452    0.000000    5.071408 v _268_/A (sky130_fd_sc_hd__clkbuf_2)
     1    0.033450    0.130394    0.205374    5.276782 v _268_/X (sky130_fd_sc_hd__clkbuf_2)
                                                         net19 (net)
                      0.130916    0.006791    5.283574 v output19/A (sky130_fd_sc_hd__buf_2)
     1    0.034982    0.091586    0.219360    5.502934 v output19/X (sky130_fd_sc_hd__buf_2)
                                                         io_out[2] (net)
                      0.091625    0.001738    5.504672 v io_out[2] (out)
                                              5.504672   data arrival time

                                  0.000000    0.000000   clock wb_clk_i (rise edge)
                                  0.000000    0.000000   clock network delay (propagated)
                                  0.250000    0.250000   clock uncertainty
                                  0.000000    0.250000   clock reconvergence pessimism
                                 -5.000000   -4.750000   output external delay
                                             -4.750000   data required time
---------------------------------------------------------------------------------------------
                                             -4.750000   data required time
                                             -5.504672   data arrival time
---------------------------------------------------------------------------------------------
                                             10.254672   slack (MET)



