
===========================================================================
report_checks -unconstrained
===========================================================================
======================= max_tt_025C_1v80 Corner ===================================

Startpoint: rst_ni (input port clocked by clk_i)
Endpoint: _3902_ (recovery check against rising-edge clock clk_i)
Path Group: asynchronous
Path Type: max

Fanout         Cap        Slew       Delay        Time   Description
---------------------------------------------------------------------------------------------
                                  0.000000    0.000000   clock clk_i (rise edge)
                                  0.000000    0.000000   clock network delay (propagated)
                                  5.000000    5.000000 ^ input external delay
     1    0.002799    0.019724    0.010355    5.010355 ^ rst_ni (in)
                                                         rst_ni (net)
                      0.019725    0.000000    5.010355 ^ input1/A (sky130_fd_sc_hd__buf_1)
     1    0.014175    0.172173    0.161089    5.171444 ^ input1/X (sky130_fd_sc_hd__buf_1)
                                                         net1 (net)
                      0.172194    0.001548    5.172992 ^ fanout887/A (sky130_fd_sc_hd__clkbuf_4)
     3    0.075190    0.227940    0.310222    5.483214 ^ fanout887/X (sky130_fd_sc_hd__clkbuf_4)
                                                         net887 (net)
                      0.228238    0.006767    5.489982 ^ fanout859/A (sky130_fd_sc_hd__clkbuf_2)
     3    0.032505    0.179957    0.255328    5.745310 ^ fanout859/X (sky130_fd_sc_hd__clkbuf_2)
                                                         net859 (net)
                      0.180122    0.003540    5.748849 ^ fanout849/A (sky130_fd_sc_hd__buf_1)
     3    0.026797    0.316697    0.298388    6.047237 ^ fanout849/X (sky130_fd_sc_hd__buf_1)
                                                         net849 (net)
                      0.316798    0.004691    6.051929 ^ fanout848/A (sky130_fd_sc_hd__buf_1)
     3    0.026651    0.313785    0.315810    6.367738 ^ fanout848/X (sky130_fd_sc_hd__buf_1)
                                                         net848 (net)
                      0.313789    0.001036    6.368774 ^ fanout845/A (sky130_fd_sc_hd__buf_1)
     4    0.029880    0.350520    0.340722    6.709496 ^ fanout845/X (sky130_fd_sc_hd__buf_1)
                                                         net845 (net)
                      0.350536    0.001971    6.711468 ^ fanout844/A (sky130_fd_sc_hd__clkbuf_1)
     3    0.021503    0.255005    0.277343    6.988811 ^ fanout844/X (sky130_fd_sc_hd__clkbuf_1)
                                                         net844 (net)
                      0.255017    0.001461    6.990271 ^ _3902_/RESET_B (sky130_fd_sc_hd__dfrtp_1)
                                              6.990271   data arrival time

                                 25.000000   25.000000   clock clk_i (rise edge)
                                  0.000000   25.000000   clock source latency
     2    0.063811    0.290868    0.203052   25.203051 ^ clk_i (in)
                                                         clk_i (net)
                      0.290957    0.000000   25.203051 ^ clkbuf_0_clk_i/A (sky130_fd_sc_hd__clkbuf_16)
     8    0.214807    0.227440    0.332220   25.535271 ^ clkbuf_0_clk_i/X (sky130_fd_sc_hd__clkbuf_16)
                                                         clknet_0_clk_i (net)
                      0.229624    0.017982   25.553253 ^ clkbuf_3_3__f_clk_i/A (sky130_fd_sc_hd__clkbuf_16)
    12    0.122426    0.136539    0.258661   25.811913 ^ clkbuf_3_3__f_clk_i/X (sky130_fd_sc_hd__clkbuf_16)
                                                         clknet_3_3__leaf_clk_i (net)
                      0.137272    0.008020   25.819933 ^ clkbuf_leaf_13_clk_i/A (sky130_fd_sc_hd__clkbuf_8)
     7    0.031144    0.068504    0.178451   25.998384 ^ clkbuf_leaf_13_clk_i/X (sky130_fd_sc_hd__clkbuf_8)
                                                         clknet_leaf_13_clk_i (net)
                      0.068608    0.002300   26.000685 ^ _3902_/CLK (sky130_fd_sc_hd__dfrtp_1)
                                 -0.250000   25.750687   clock uncertainty
                                  0.000000   25.750687   clock reconvergence pessimism
                                  0.183400   25.934086   library recovery time
                                             25.934086   data required time
---------------------------------------------------------------------------------------------
                                             25.934086   data required time
                                             -6.990271   data arrival time
---------------------------------------------------------------------------------------------
                                             18.943813   slack (MET)


Startpoint: tl_i[63] (input port clocked by clk_i)
Endpoint: _4243_ (rising edge-triggered flip-flop clocked by clk_i)
Path Group: clk_i
Path Type: max

Fanout         Cap        Slew       Delay        Time   Description
---------------------------------------------------------------------------------------------
                                  0.000000    0.000000   clock clk_i (rise edge)
                                  0.000000    0.000000   clock network delay (propagated)
                                  5.000000    5.000000 ^ input external delay
     1    0.003346    0.022104    0.012276    5.012276 ^ tl_i[63] (in)
                                                         tl_i[63] (net)
                      0.022105    0.000000    5.012276 ^ input43/A (sky130_fd_sc_hd__buf_1)
     1    0.011997    0.147421    0.144879    5.157155 ^ input43/X (sky130_fd_sc_hd__buf_1)
                                                         net43 (net)
                      0.147440    0.001357    5.158512 ^ fanout788/A (sky130_fd_sc_hd__dlymetal6s2s_1)
     6    0.024759    0.259347    0.270314    5.428825 ^ fanout788/X (sky130_fd_sc_hd__dlymetal6s2s_1)
                                                         net788 (net)
                      0.259385    0.002551    5.431376 ^ fanout786/A (sky130_fd_sc_hd__clkbuf_2)
     6    0.022999    0.131277    0.229162    5.660538 ^ fanout786/X (sky130_fd_sc_hd__clkbuf_2)
                                                         net786 (net)
                      0.131291    0.001470    5.662009 ^ fanout785/A (sky130_fd_sc_hd__buf_1)
     6    0.016294    0.197059    0.210406    5.872415 ^ fanout785/X (sky130_fd_sc_hd__buf_1)
                                                         net785 (net)
                      0.197063    0.000751    5.873166 ^ _3472_/C (sky130_fd_sc_hd__and4bb_1)
     2    0.007150    0.095083    0.248605    6.121771 ^ _3472_/X (sky130_fd_sc_hd__and4bb_1)
                                                         _1821_ (net)
                      0.095084    0.000435    6.122206 ^ _3473_/B (sky130_fd_sc_hd__nand4_1)
     1    0.004114    0.095868    0.103441    6.225646 v _3473_/Y (sky130_fd_sc_hd__nand4_1)
                                                         _1822_ (net)
                      0.095868    0.000308    6.225955 v hold1591/A (sky130_fd_sc_hd__dlygate4sd3_1)
     1    0.005253    0.065187    0.588058    6.814012 v hold1591/X (sky130_fd_sc_hd__dlygate4sd3_1)
                                                         net2486 (net)
                      0.065187    0.000392    6.814404 v fanout210/A (sky130_fd_sc_hd__clkbuf_2)
     5    0.055028    0.209499    0.244374    7.058778 v fanout210/X (sky130_fd_sc_hd__clkbuf_2)
                                                         net210 (net)
                      0.209573    0.003379    7.062157 v hold1592/A (sky130_fd_sc_hd__dlygate4sd3_1)
     1    0.004729    0.062107    0.635961    7.698118 v hold1592/X (sky130_fd_sc_hd__dlygate4sd3_1)
                                                         net2487 (net)
                      0.062929    0.000304    7.698421 v fanout209/A (sky130_fd_sc_hd__buf_2)
     5    0.064044    0.151381    0.233700    7.932122 v fanout209/X (sky130_fd_sc_hd__buf_2)
                                                         net209 (net)
                      0.151512    0.002966    7.935088 v fanout208/A (sky130_fd_sc_hd__clkbuf_2)
     4    0.036455    0.139367    0.238907    8.173994 v fanout208/X (sky130_fd_sc_hd__clkbuf_2)
                                                         net208 (net)
                      0.139383    0.001540    8.175534 v fanout207/A (sky130_fd_sc_hd__clkbuf_2)
     6    0.030614    0.120102    0.218499    8.394033 v fanout207/X (sky130_fd_sc_hd__clkbuf_2)
                                                         net207 (net)
                      0.120183    0.002833    8.396867 v fanout206/A (sky130_fd_sc_hd__clkbuf_2)
     6    0.029002    0.113678    0.206295    8.603162 v fanout206/X (sky130_fd_sc_hd__clkbuf_2)
                                                         net206 (net)
                      0.113718    0.001997    8.605159 v _3474_/D (sky130_fd_sc_hd__nor4_2)
     1    0.003601    0.200192    0.158801    8.763960 ^ _3474_/Y (sky130_fd_sc_hd__nor4_2)
                                                         _1823_ (net)
                      0.200192    0.000257    8.764216 ^ hold1226/A (sky130_fd_sc_hd__dlygate4sd3_1)
     2    0.020198    0.210381    0.698281    9.462497 ^ hold1226/X (sky130_fd_sc_hd__dlygate4sd3_1)
                                                         net2121 (net)
                      0.210386    0.001308    9.463805 ^ fanout179/A (sky130_fd_sc_hd__buf_2)
     1    0.002478    0.028980    0.140703    9.604507 ^ fanout179/X (sky130_fd_sc_hd__buf_2)
                                                         net179 (net)
                      0.028980    0.000160    9.604668 ^ hold1227/A (sky130_fd_sc_hd__dlygate4sd3_1)
     6    0.044881    0.441430    0.817882   10.422549 ^ hold1227/X (sky130_fd_sc_hd__dlygate4sd3_1)
                                                         net2122 (net)
                      0.441444    0.003007   10.425557 ^ fanout178/A (sky130_fd_sc_hd__clkbuf_2)
     4    0.040020    0.219191    0.319811   10.745368 ^ fanout178/X (sky130_fd_sc_hd__clkbuf_2)
                                                         net178 (net)
                      0.219469    0.005334   10.750701 ^ _3494_/S (sky130_fd_sc_hd__mux2_1)
     1    0.005603    0.068733    0.364224   11.114925 v _3494_/X (sky130_fd_sc_hd__mux2_1)
                                                         _0426_ (net)
                      0.068784    0.000425   11.115350 v hold3607/A (sky130_fd_sc_hd__dlygate4sd3_1)
     1    0.005585    0.066658    0.577983   11.693333 v hold3607/X (sky130_fd_sc_hd__dlygate4sd3_1)
                                                         net4502 (net)
                      0.066658    0.000377   11.693709 v hold1124/A (sky130_fd_sc_hd__dlygate4sd3_1)
     1    0.006022    0.068791    0.579893   12.273602 v hold1124/X (sky130_fd_sc_hd__dlygate4sd3_1)
                                                         net2019 (net)
                      0.068791    0.000343   12.273946 v hold3608/A (sky130_fd_sc_hd__dlygate4sd3_1)
     1    0.005857    0.068038    0.579701   12.853646 v hold3608/X (sky130_fd_sc_hd__dlygate4sd3_1)
                                                         net4503 (net)
                      0.068038    0.000448   12.854095 v _4243_/D (sky130_fd_sc_hd__dfxtp_1)
                                             12.854095   data arrival time

                                 25.000000   25.000000   clock clk_i (rise edge)
                                  0.000000   25.000000   clock source latency
     2    0.063811    0.290868    0.203052   25.203051 ^ clk_i (in)
                                                         clk_i (net)
                      0.290957    0.000000   25.203051 ^ clkbuf_0_clk_i/A (sky130_fd_sc_hd__clkbuf_16)
     8    0.214807    0.227440    0.332220   25.535271 ^ clkbuf_0_clk_i/X (sky130_fd_sc_hd__clkbuf_16)
                                                         clknet_0_clk_i (net)
                      0.230093    0.019734   25.555004 ^ clkbuf_3_2__f_clk_i/A (sky130_fd_sc_hd__clkbuf_16)
    12    0.128916    0.142936    0.264929   25.819933 ^ clkbuf_3_2__f_clk_i/X (sky130_fd_sc_hd__clkbuf_16)
                                                         clknet_3_2__leaf_clk_i (net)
                      0.143572    0.007624   25.827559 ^ clkbuf_leaf_24_clk_i/A (sky130_fd_sc_hd__clkbuf_8)
    12    0.048520    0.095596    0.201112   26.028669 ^ clkbuf_leaf_24_clk_i/X (sky130_fd_sc_hd__clkbuf_8)
                                                         clknet_leaf_24_clk_i (net)
                      0.095632    0.001794   26.030464 ^ _4243_/CLK (sky130_fd_sc_hd__dfxtp_1)
                                 -0.250000   25.780464   clock uncertainty
                                  0.000000   25.780464   clock reconvergence pessimism
                                 -0.108791   25.671673   library setup time
                                             25.671673   data required time
---------------------------------------------------------------------------------------------
                                             25.671673   data required time
                                            -12.854095   data arrival time
---------------------------------------------------------------------------------------------
                                             12.817579   slack (MET)




===========================================================================
report_checks --slack_max -0.01
============================================================================
======================= max_tt_025C_1v80 Corner ===================================

No paths found.


===========================================================================
 report_check_types -max_slew -max_cap -max_fanout -violators
============================================================================
======================= max_tt_025C_1v80 Corner ===================================

max fanout

Pin                                   Limit Fanout  Slack
---------------------------------------------------------
clkbuf_leaf_65_clk_i/X                    6     16    -10 (VIOLATED)
clkbuf_leaf_62_clk_i/X                    6     15     -9 (VIOLATED)
clkbuf_3_0__f_clk_i/X                     6     14     -8 (VIOLATED)
clkbuf_3_1__f_clk_i/X                     6     14     -8 (VIOLATED)
clkbuf_leaf_59_clk_i/X                    6     13     -7 (VIOLATED)
clkbuf_leaf_67_clk_i/X                    6     13     -7 (VIOLATED)
clkbuf_3_2__f_clk_i/X                     6     12     -6 (VIOLATED)
clkbuf_3_3__f_clk_i/X                     6     12     -6 (VIOLATED)
clkbuf_3_4__f_clk_i/X                     6     12     -6 (VIOLATED)
clkbuf_3_5__f_clk_i/X                     6     12     -6 (VIOLATED)
clkbuf_3_6__f_clk_i/X                     6     12     -6 (VIOLATED)
clkbuf_leaf_24_clk_i/X                    6     12     -6 (VIOLATED)
clkbuf_leaf_2_clk_i/X                     6     12     -6 (VIOLATED)
clkbuf_leaf_51_clk_i/X                    6     12     -6 (VIOLATED)
clkbuf_leaf_53_clk_i/X                    6     12     -6 (VIOLATED)
clkbuf_leaf_55_clk_i/X                    6     12     -6 (VIOLATED)
clkbuf_leaf_69_clk_i/X                    6     12     -6 (VIOLATED)
clkbuf_leaf_70_clk_i/X                    6     12     -6 (VIOLATED)
clkbuf_leaf_88_clk_i/X                    6     12     -6 (VIOLATED)
clkbuf_leaf_34_clk_i/X                    6     11     -5 (VIOLATED)
clkbuf_leaf_3_clk_i/X                     6     11     -5 (VIOLATED)
clkbuf_leaf_50_clk_i/X                    6     11     -5 (VIOLATED)
clkbuf_leaf_58_clk_i/X                    6     11     -5 (VIOLATED)
clkbuf_3_7__f_clk_i/X                     6     10     -4 (VIOLATED)
clkbuf_leaf_22_clk_i/X                    6     10     -4 (VIOLATED)
clkbuf_leaf_47_clk_i/X                    6     10     -4 (VIOLATED)
clkbuf_leaf_48_clk_i/X                    6     10     -4 (VIOLATED)
clkbuf_leaf_56_clk_i/X                    6     10     -4 (VIOLATED)
clkbuf_leaf_5_clk_i/X                     6     10     -4 (VIOLATED)
clkbuf_leaf_63_clk_i/X                    6     10     -4 (VIOLATED)
clkbuf_leaf_66_clk_i/X                    6     10     -4 (VIOLATED)
clkbuf_leaf_78_clk_i/X                    6     10     -4 (VIOLATED)
clkbuf_leaf_7_clk_i/X                     6     10     -4 (VIOLATED)
clkbuf_leaf_81_clk_i/X                    6     10     -4 (VIOLATED)
clkbuf_leaf_84_clk_i/X                    6     10     -4 (VIOLATED)
clkbuf_leaf_86_clk_i/X                    6     10     -4 (VIOLATED)
clkbuf_leaf_8_clk_i/X                     6     10     -4 (VIOLATED)
clkbuf_leaf_9_clk_i/X                     6     10     -4 (VIOLATED)
clkbuf_leaf_0_clk_i/X                     6      9     -3 (VIOLATED)
clkbuf_leaf_17_clk_i/X                    6      9     -3 (VIOLATED)
clkbuf_leaf_1_clk_i/X                     6      9     -3 (VIOLATED)
clkbuf_leaf_25_clk_i/X                    6      9     -3 (VIOLATED)
clkbuf_leaf_26_clk_i/X                    6      9     -3 (VIOLATED)
clkbuf_leaf_35_clk_i/X                    6      9     -3 (VIOLATED)
clkbuf_leaf_49_clk_i/X                    6      9     -3 (VIOLATED)
clkbuf_leaf_52_clk_i/X                    6      9     -3 (VIOLATED)
clkbuf_leaf_54_clk_i/X                    6      9     -3 (VIOLATED)
clkbuf_leaf_57_clk_i/X                    6      9     -3 (VIOLATED)
clkbuf_leaf_6_clk_i/X                     6      9     -3 (VIOLATED)
clkbuf_leaf_71_clk_i/X                    6      9     -3 (VIOLATED)
clkbuf_leaf_72_clk_i/X                    6      9     -3 (VIOLATED)
clkbuf_leaf_73_clk_i/X                    6      9     -3 (VIOLATED)
clkbuf_leaf_74_clk_i/X                    6      9     -3 (VIOLATED)
clkbuf_leaf_80_clk_i/X                    6      9     -3 (VIOLATED)
clkbuf_0_clk_i/X                          6      8     -2 (VIOLATED)
clkbuf_leaf_11_clk_i/X                    6      8     -2 (VIOLATED)
clkbuf_leaf_12_clk_i/X                    6      8     -2 (VIOLATED)
clkbuf_leaf_16_clk_i/X                    6      8     -2 (VIOLATED)
clkbuf_leaf_18_clk_i/X                    6      8     -2 (VIOLATED)
clkbuf_leaf_19_clk_i/X                    6      8     -2 (VIOLATED)
clkbuf_leaf_20_clk_i/X                    6      8     -2 (VIOLATED)
clkbuf_leaf_21_clk_i/X                    6      8     -2 (VIOLATED)
clkbuf_leaf_33_clk_i/X                    6      8     -2 (VIOLATED)
clkbuf_leaf_36_clk_i/X                    6      8     -2 (VIOLATED)
clkbuf_leaf_46_clk_i/X                    6      8     -2 (VIOLATED)
clkbuf_leaf_60_clk_i/X                    6      8     -2 (VIOLATED)
clkbuf_leaf_83_clk_i/X                    6      8     -2 (VIOLATED)
clkbuf_leaf_85_clk_i/X                    6      8     -2 (VIOLATED)
clkbuf_leaf_89_clk_i/X                    6      8     -2 (VIOLATED)
fanout170/X                               6      8     -2 (VIOLATED)
fanout331/X                               6      8     -2 (VIOLATED)
clkbuf_leaf_10_clk_i/X                    6      7        (VIOLATED)
clkbuf_leaf_13_clk_i/X                    6      7        (VIOLATED)
clkbuf_leaf_14_clk_i/X                    6      7        (VIOLATED)
clkbuf_leaf_23_clk_i/X                    6      7        (VIOLATED)
clkbuf_leaf_29_clk_i/X                    6      7        (VIOLATED)
clkbuf_leaf_37_clk_i/X                    6      7        (VIOLATED)
clkbuf_leaf_42_clk_i/X                    6      7        (VIOLATED)
clkbuf_leaf_44_clk_i/X                    6      7        (VIOLATED)
clkbuf_leaf_4_clk_i/X                     6      7        (VIOLATED)
clkbuf_leaf_64_clk_i/X                    6      7        (VIOLATED)
clkbuf_leaf_75_clk_i/X                    6      7        (VIOLATED)
clkbuf_leaf_76_clk_i/X                    6      7        (VIOLATED)
clkbuf_leaf_77_clk_i/X                    6      7        (VIOLATED)
clkbuf_leaf_79_clk_i/X                    6      7        (VIOLATED)
clkbuf_leaf_82_clk_i/X                    6      7        (VIOLATED)
clkbuf_leaf_87_clk_i/X                    6      7        (VIOLATED)
clkbuf_leaf_90_clk_i/X                    6      7        (VIOLATED)
fanout123/X                               6      7        (VIOLATED)
fanout140/X                               6      7        (VIOLATED)
fanout148/X                               6      7        (VIOLATED)
fanout165/X                               6      7        (VIOLATED)
fanout370/X                               6      7        (VIOLATED)
fanout426/X                               6      7        (VIOLATED)

max capacitance

Pin                                        Limit         Cap       Slack
------------------------------------------------------------------------
clkbuf_0_clk_i/X                        0.200000    0.214807   -0.014808 (VIOLATED)



===========================================================================
report_parasitic_annotation -report_unannotated
============================================================================
Found 153 unannotated drivers.
 tl_i[0]
 tl_i[103]
 tl_i[104]
 tl_i[105]
 tl_i[106]
 tl_i[10]
 tl_i[11]
 tl_i[12]
 tl_i[13]
 tl_i[14]
 tl_i[15]
 tl_i[16]
 tl_i[17]
 tl_i[18]
 tl_i[19]
 tl_i[1]
 tl_i[20]
 tl_i[21]
 tl_i[22]
 tl_i[23]
 tl_i[24]
 tl_i[2]
 tl_i[3]
 tl_i[4]
 tl_i[57]
 tl_i[58]
 tl_i[59]
 tl_i[5]
 tl_i[60]
 tl_i[69]
 tl_i[6]
 tl_i[70]
 tl_i[71]
 tl_i[72]
 tl_i[73]
 tl_i[74]
 tl_i[75]
 tl_i[76]
 tl_i[77]
 tl_i[78]
 tl_i[79]
 tl_i[7]
 tl_i[80]
 tl_i[81]
 tl_i[82]
 tl_i[83]
 tl_i[84]
 tl_i[85]
 tl_i[86]
 tl_i[87]
 tl_i[88]
 tl_i[89]
 tl_i[8]
 tl_i[90]
 tl_i[91]
 tl_i[92]
 tl_i[9]
 clkload0/X
 clkload1/Y
 clkload10/X
 clkload11/Y
 clkload12/Y
 clkload13/Y
 clkload14/Y
 clkload15/Y
 clkload16/Y
 clkload17/Y
 clkload18/Y
 clkload19/Y
 clkload2/Y
 clkload20/Y
 clkload21/Y
 clkload22/Y
 clkload23/Y
 clkload24/Y
 clkload25/Y
 clkload26/X
 clkload27/X
 clkload28/Y
 clkload29/Y
 clkload3/Y
 clkload30/X
 clkload31/Y
 clkload32/Y
 clkload33/Y
 clkload34/Y
 clkload35/Y
 clkload36/Y
 clkload37/Y
 clkload38/Y
 clkload39/Y
 clkload4/Y
 clkload40/Y
 clkload41/Y
 clkload42/Y
 clkload43/Y
 clkload44/X
 clkload45/X
 clkload46/Y
 clkload47/Y
 clkload48/Y
 clkload49/Y
 clkload5/Y
 clkload50/X
 clkload51/Y
 clkload52/Y
 clkload53/Y
 clkload54/X
 clkload55/X
 clkload56/Y
 clkload57/Y
 clkload58/Y
 clkload59/Y
 clkload6/Y
 clkload60/Y
 clkload61/Y
 clkload62/Y
 clkload63/Y
 clkload64/Y
 clkload65/Y
 clkload66/Y
 clkload67/X
 clkload68/Y
 clkload69/Y
 clkload7/Y
 clkload70/Y
 clkload71/X
 clkload72/Y
 clkload73/Y
 clkload74/Y
 clkload75/Y
 clkload76/Y
 clkload77/Y
 clkload78/X
 clkload79/Y
 clkload8/Y
 clkload80/X
 clkload81/Y
 clkload82/Y
 clkload83/Y
 clkload84/Y
 clkload85/Y
 clkload86/X
 clkload87/X
 clkload9/X
 spi_host_lite_888/HI
 spi_host_lite_889/HI
 spi_host_lite_890/HI
 spi_host_lite_891/HI
 spi_host_lite_892/HI
 spi_host_lite_893/HI
 spi_host_lite_894/HI
 spi_host_lite_895/LO
Found 0 partially unannotated drivers.

===========================================================================
max slew violation count 0
max fanout violation count 94
max cap violation count 1
============================================================================

===========================================================================
check_setup -verbose -unconstrained_endpoints -multiple_clock -no_clock -no_input_delay -loops -generated_clocks
===========================================================================
Warning: There are 8 unconstrained endpoints.
  tl_o[0]
  tl_o[15]
  tl_o[48]
  tl_o[59]
  tl_o[60]
  tl_o[61]
  tl_o[63]
  tl_o[64]
