Clock: clk_i
Sources: clk_i 
Generated: no
Virtual: yes
Propagated: no
Period: 25.000000

===========================================================================
report_clock_properties
============================================================================
Clock                   Period          Waveform
----------------------------------------------------
clk_i                25.000000    0.000000 12.500000

===========================================================================
report_clock_latency
============================================================================
Clock clk_i
rise -> rise
    min     max
0.000000 0.000000 source latency
0.814159         network latency _4560_/CLK
        1.059687 network latency _4153_/CLK
---------------
0.814159 1.059687 latency
        0.245528 skew

fall -> fall
    min     max
0.000000 0.000000 source latency
0.637049         network latency _4560_/CLK
        0.858952 network latency _4153_/CLK
---------------
0.637049 0.858952 latency
        0.221903 skew



===========================================================================
report_clock_min_period
============================================================================
clk_i period_min = 11.33 fmax = 88.27
