
===========================================================================
 report_power
============================================================================
======================= max_tt_025C_1v80 Corner ===================================

Group                    Internal    Switching      Leakage        Total
                            Power        Power        Power        Power (Watts)
------------------------------------------------------------------------
Sequential           1.117941e-03 1.041945e-06 6.611561e-09 1.118990e-03  43.9%
Combinational        4.494686e-05 1.499337e-04 4.006577e-08 1.949206e-04   7.6%
Clock                5.396686e-04 6.968064e-04 2.286658e-09 1.236477e-03  48.5%
Macro                0.000000e+00 0.000000e+00 0.000000e+00 0.000000e+00   0.0%
Pad                  0.000000e+00 0.000000e+00 0.000000e+00 0.000000e+00   0.0%
------------------------------------------------------------------------
Total                1.702560e-03 8.477819e-04 4.896452e-08 2.550391e-03 100.0%
                            66.8%        33.2%         0.0%

