┏━━━━━━━┳━━━━━━━━━━┳━━━━━━━━━━┳━━━━━━━━━━━━━━━━━━━━━━━━━┳━━━━━━━━━━━━━━━━━━━━━━━━━━━━━━━━━━┳━━━━━━━┓
┃ P / R ┃ Partial  ┃ Required ┃ Net                     ┃ Pin                              ┃ Layer ┃
┡━━━━━━━╇━━━━━━━━━━╇━━━━━━━━━━╇━━━━━━━━━━━━━━━━━━━━━━━━━╇━━━━━━━━━━━━━━━━━━━━━━━━━━━━━━━━━━╇━━━━━━━┩
│ 41.79 │ 16715.27 │ 400.00   │ intr_vec[20\]           │ u_plic/intr_src_i[20]            │ met5  │
│ 36.54 │ 14615.05 │ 400.00   │ tl_spi_h2d[108\]        │ u_spi_host/tl_i[108]             │ met3  │
│ 36.44 │ 14576.20 │ 400.00   │ tl_spi_h2d[45\]         │ u_spi_host/tl_i[45]              │ met3  │
│ 34.86 │ 13942.10 │ 400.00   │ intr_vec[1\]            │ u_plic/intr_src_i[1]             │ met3  │
│ 33.46 │ 13385.12 │ 400.00   │ tl_spi_h2d[42\]         │ u_spi_host/tl_i[42]              │ met3  │
│ 30.61 │ 12245.29 │ 400.00   │ intr_vec[19\]           │ u_plic/intr_src_i[19]            │ met3  │
│ 30.44 │ 12175.31 │ 400.00   │ intr_uart_rx_break_err  │ u_glue/intr_uart_rx_break_err_i  │ met3  │
│ 30.01 │ 12003.83 │ 400.00   │ tl_spi_h2d[54\]         │ u_spi_host/tl_i[54]              │ met3  │
│ 28.56 │ 11423.66 │ 400.00   │ tl_spi_h2d[61\]         │ u_spi_host/tl_i[61]              │ met3  │
│ 27.63 │ 11051.03 │ 400.00   │ tl_uart_h2d[107\]       │ u_uart/tl_i[107]                 │ met4  │
│ 27.13 │ 10851.70 │ 400.00   │ tl_uart_h2d[59\]        │ u_uart/tl_i[59]                  │ met4  │
│ 27.09 │ 10836.48 │ 400.00   │ tl_spi_h2d[64\]         │ u_spi_host/tl_i[64]              │ met3  │
│ 26.50 │ 10601.12 │ 400.00   │ tl_spi_h2d[27\]         │ u_spi_host/tl_i[27]              │ met3  │
│ 25.59 │ 10237.11 │ 400.00   │ tl_uart_h2d[99\]        │ u_uart/tl_i[99]                  │ met4  │
│ 25.09 │ 10036.62 │ 400.00   │ tl_uart_h2d[3\]         │ u_uart/tl_i[3]                   │ met4  │
│ 24.44 │ 9777.55  │ 400.00   │ tl_spi_h2d[45\]         │ u_spi_host/tl_i[45]              │ met4  │
│ 24.16 │ 9665.34  │ 400.00   │ tl_uart_h2d[13\]        │ u_uart/tl_i[13]                  │ met3  │
│ 24.16 │ 9663.63  │ 400.00   │ tl_uart_h2d[39\]        │ u_uart/tl_i[39]                  │ met3  │
│ 23.52 │ 9406.94  │ 400.00   │ intr_vec[28\]           │ u_plic/intr_src_i[28]            │ met3  │
│ 23.18 │ 9270.42  │ 400.00   │ tl_spi_h2d[61\]         │ u_spi_host/tl_i[61]              │ met4  │
│ 23.10 │ 9240.75  │ 400.00   │ tl_uart_h2d[44\]        │ u_uart/tl_i[44]                  │ met3  │
│ 22.86 │ 9143.10  │ 400.00   │ tl_spi_h2d[62\]         │ u_spi_host/tl_i[62]              │ met3  │
│ 22.27 │ 8908.34  │ 400.00   │ tl_plic_h2d[37\]        │ u_plic/tl_i[37]                  │ met4  │
│ 22.20 │ 8879.23  │ 400.00   │ tl_spi_h2d[100\]        │ u_spi_host/tl_i[100]             │ met3  │
│ 22.12 │ 8848.98  │ 400.00   │ intr_vec[24\]           │ u_plic/intr_src_i[24]            │ met3  │
│ 22.00 │ 8801.30  │ 400.00   │ tl_uart_h2d[56\]        │ u_uart/tl_i[56]                  │ met3  │
│ 21.72 │ 8686.05  │ 400.00   │ tl_spi_h2d[30\]         │ u_spi_host/tl_i[30]              │ met3  │
│ 20.73 │ 8293.74  │ 400.00   │ tl_spi_h2d[49\]         │ u_spi_host/tl_i[49]              │ met4  │
│ 19.36 │ 7742.17  │ 400.00   │ tl_uart_h2d[93\]        │ u_uart/tl_i[93]                  │ met3  │
│ 18.67 │ 7468.47  │ 400.00   │ tl_uart_h2d[4\]         │ u_uart/tl_i[4]                   │ met2  │
│ 18.48 │ 7393.83  │ 400.00   │ tl_uart_h2d[10\]        │ u_uart/tl_i[10]                  │ met3  │
│ 18.40 │ 7358.42  │ 400.00   │ tl_uart_h2d[52\]        │ u_uart/tl_i[52]                  │ met2  │
│ 17.37 │ 6948.11  │ 400.00   │ tl_plic_h2d[37\]        │ u_plic/tl_i[37]                  │ met3  │
│ 15.89 │ 6356.32  │ 400.00   │ tl_uart_h2d[102\]       │ u_uart/tl_i[102]                 │ met3  │
│ 15.24 │ 6094.24  │ 400.00   │ zero_                   │ u_uart/alert_rx_i[3]             │ met4  │
│ 14.83 │ 5930.34  │ 400.00   │ tl_uart_h2d[65\]        │ u_uart/tl_i[65]                  │ met3  │
│ 14.22 │ 5689.59  │ 400.00   │ tl_uart_h2d[2\]         │ u_uart/tl_i[2]                   │ met3  │
│ 13.29 │ 5314.53  │ 400.00   │ tl_uart_h2d[7\]         │ u_uart/tl_i[7]                   │ met2  │
│ 12.72 │ 5086.86  │ 400.00   │ tl_spi_h2d[51\]         │ u_spi_host/tl_i[51]              │ met3  │
│ 12.46 │ 4982.60  │ 400.00   │ intr_spi_host_idle      │ u_glue/intr_spi_host_idle_i      │ met4  │
│ 12.32 │ 34214.86 │ 2778.20  │ tl_spi_h2d[28\]         │ u_spi_host/tl_i[28]              │ met5  │
│ 12.24 │ 4897.55  │ 400.00   │ intr_vec[0\]            │ u_plic/intr_src_i[0]             │ met3  │
│ 11.96 │ 4785.17  │ 400.00   │ tl_uart_h2d[101\]       │ u_uart/tl_i[101]                 │ met2  │
│ 11.77 │ 4706.29  │ 400.00   │ intr_vec[16\]           │ u_plic/intr_src_i[16]            │ met4  │
│ 11.76 │ 4704.13  │ 400.00   │ tl_spi_h2d[55\]         │ u_spi_host/tl_i[55]              │ met3  │
│ 11.73 │ 4690.73  │ 400.00   │ tl_plic_h2d[107\]       │ u_plic/tl_i[107]                 │ met3  │
│ 11.69 │ 4674.77  │ 400.00   │ tl_uart_h2d[25\]        │ u_uart/tl_i[25]                  │ met2  │
│ 11.62 │ 4649.84  │ 400.00   │ tl_uart_h2d[42\]        │ u_uart/tl_i[42]                  │ met3  │
│ 11.42 │ 4568.06  │ 400.00   │ tl_uart_h2d[40\]        │ u_uart/tl_i[40]                  │ met3  │
│ 11.37 │ 31586.29 │ 2778.20  │ intr_vec[4\]            │ u_plic/intr_src_i[4]             │ met5  │
│ 11.33 │ 4533.25  │ 400.00   │ tl_plic_h2d[28\]        │ u_plic/tl_i[28]                  │ met3  │
│ 11.32 │ 4528.77  │ 400.00   │ tl_spi_h2d[49\]         │ u_spi_host/tl_i[49]              │ met3  │
│ 11.27 │ 4506.48  │ 400.00   │ tl_spi_h2d[28\]         │ u_spi_host/tl_i[28]              │ met4  │
│ 11.12 │ 4448.89  │ 400.00   │ tl_uart_h2d[53\]        │ u_uart/tl_i[53]                  │ met2  │
│ 11.07 │ 4428.55  │ 400.00   │ tl_uart_h2d[32\]        │ u_uart/tl_i[32]                  │ met2  │
│ 10.99 │ 4395.38  │ 400.00   │ tl_uart_h2d[58\]        │ u_uart/tl_i[58]                  │ met3  │
│ 10.81 │ 4324.24  │ 400.00   │ tl_uart_h2d[57\]        │ u_uart/tl_i[57]                  │ met2  │
│ 10.69 │ 4274.81  │ 400.00   │ tl_uart_h2d[66\]        │ u_uart/tl_i[66]                  │ met3  │
│ 10.43 │ 4172.38  │ 400.00   │ intr_vec[21\]           │ u_plic/intr_src_i[21]            │ met3  │
│ 10.40 │ 4161.42  │ 400.00   │ tl_uart_h2d[35\]        │ u_uart/tl_i[35]                  │ met3  │
│ 10.32 │ 4126.12  │ 400.00   │ tl_spi_h2d[37\]         │ u_spi_host/tl_i[37]              │ met3  │
│ 10.01 │ 4003.27  │ 400.00   │ tl_plic_h2d[25\]        │ u_plic/tl_i[25]                  │ met3  │
│ 9.84  │ 3935.81  │ 400.00   │ tl_uart_h2d[69\]        │ u_uart/tl_i[69]                  │ met3  │
│ 9.74  │ 3897.36  │ 400.00   │ tl_plic_h2d[96\]        │ u_plic/tl_i[96]                  │ met4  │
│ 9.50  │ 3799.77  │ 400.00   │ tl_uart_h2d[29\]        │ u_uart/tl_i[29]                  │ met4  │
│ 9.26  │ 3703.32  │ 400.00   │ tl_uart_h2d[82\]        │ u_uart/tl_i[82]                  │ met2  │
│ 9.11  │ 3643.44  │ 400.00   │ intr_vec[18\]           │ u_plic/intr_src_i[18]            │ met4  │
│ 9.03  │ 3610.83  │ 400.00   │ tl_uart_h2d[84\]        │ u_uart/tl_i[84]                  │ met3  │
│ 8.95  │ 3580.88  │ 400.00   │ tl_plic_h2d[100\]       │ u_plic/tl_i[100]                 │ met2  │
│ 8.91  │ 3562.14  │ 400.00   │ tl_uart_h2d[27\]        │ u_uart/tl_i[27]                  │ met3  │
│ 8.79  │ 3516.09  │ 400.00   │ intr_vec[15\]           │ u_plic/intr_src_i[15]            │ met4  │
│ 8.52  │ 3407.04  │ 400.00   │ tl_uart_h2d[67\]        │ u_uart/tl_i[67]                  │ met3  │
│ 8.35  │ 3340.09  │ 400.00   │ tl_spi_h2d[96\]         │ u_spi_host/tl_i[96]              │ met4  │
│ 8.32  │ 3326.17  │ 400.00   │ tl_uart_h2d[108\]       │ u_uart/tl_i[108]                 │ met3  │
│ 8.31  │ 3322.42  │ 400.00   │ tl_uart_h2d[11\]        │ u_uart/tl_i[11]                  │ met3  │
│ 8.29  │ 3315.95  │ 400.00   │ intr_vec[3\]            │ u_plic/intr_src_i[3]             │ met3  │
│ 8.15  │ 3258.75  │ 400.00   │ tl_uart_h2d[75\]        │ u_uart/tl_i[75]                  │ met3  │
│ 8.05  │ 3218.03  │ 400.00   │ tl_uart_h2d[34\]        │ u_uart/tl_i[34]                  │ met3  │
│ 7.94  │ 3177.66  │ 400.00   │ tl_uart_h2d[28\]        │ u_uart/tl_i[28]                  │ met2  │
│ 7.82  │ 21720.38 │ 2778.20  │ tl_spi_h2d[35\]         │ u_spi_host/tl_i[35]              │ met5  │
│ 7.79  │ 3116.74  │ 400.00   │ intr_vec[9\]            │ u_plic/intr_src_i[9]             │ met4  │
│ 7.75  │ 3101.72  │ 400.00   │ tl_spi_h2d[52\]         │ u_spi_host/tl_i[52]              │ met3  │
│ 7.71  │ 3085.68  │ 400.00   │ tl_plic_h2d[44\]        │ u_plic/tl_i[44]                  │ met3  │
│ 7.66  │ 3065.59  │ 400.00   │ tl_uart_h2d[37\]        │ u_uart/tl_i[37]                  │ met2  │
│ 7.57  │ 3027.04  │ 400.00   │ tl_uart_h2d[74\]        │ u_uart/tl_i[74]                  │ met3  │
│ 7.54  │ 3015.29  │ 400.00   │ tl_uart_h2d[70\]        │ u_uart/tl_i[70]                  │ met3  │
│ 7.38  │ 2950.03  │ 400.00   │ tl_uart_h2d[9\]         │ u_uart/tl_i[9]                   │ met3  │
│ 7.14  │ 2854.23  │ 400.00   │ tl_uart_h2d[54\]        │ u_uart/tl_i[54]                  │ met3  │
│ 7.14  │ 2854.23  │ 400.00   │ tl_uart_h2d[71\]        │ u_uart/tl_i[71]                  │ met3  │
│ 6.74  │ 2696.92  │ 400.00   │ tl_uart_h2d[62\]        │ u_uart/tl_i[62]                  │ met3  │
│ 6.72  │ 2689.42  │ 400.00   │ tl_uart_h2d[76\]        │ u_uart/tl_i[76]                  │ met3  │
│ 6.51  │ 2605.07  │ 400.00   │ tl_uart_h2d[100\]       │ u_uart/tl_i[100]                 │ met3  │
│ 6.44  │ 2576.28  │ 400.00   │ tl_plic_h2d[31\]        │ u_plic/tl_i[31]                  │ met3  │
│ 6.38  │ 2550.71  │ 400.00   │ tl_spi_h2d[40\]         │ u_spi_host/tl_i[40]              │ met2  │
│ 6.11  │ 2443.08  │ 400.00   │ tl_spi_h2d[34\]         │ u_spi_host/tl_i[34]              │ met3  │
│ 6.04  │ 2414.35  │ 400.00   │ tl_plic_h2d[69\]        │ u_plic/tl_i[69]                  │ met3  │
│ 5.98  │ 16601.24 │ 2778.20  │ tl_uart_h2d[29\]        │ u_uart/tl_i[29]                  │ met5  │
│ 5.83  │ 2331.71  │ 400.00   │ tl_spi_h2d[34\]         │ u_spi_host/tl_i[34]              │ met2  │
│ 5.83  │ 2331.50  │ 400.00   │ io_in[0]                │ u_glue/io_in[0]                  │ met2  │
│ 5.83  │ 16186.14 │ 2778.20  │ intr_uart_rx_parity_err │ u_glue/intr_uart_rx_parity_err_i │ met5  │
│ 5.80  │ 16101.25 │ 2778.20  │ intr_uart_tx_done       │ u_glue/intr_uart_tx_done_i       │ met3  │
│ 5.78  │ 2311.57  │ 400.00   │ intr_uart_tx_watermark  │ u_glue/intr_uart_tx_watermark_i  │ met4  │
│ 5.76  │ 2303.63  │ 400.00   │ tl_uart_h2d[15\]        │ u_uart/tl_i[15]                  │ met3  │
│ 5.71  │ 15859.83 │ 2778.20  │ tl_spi_h2d[68\]         │ u_spi_host/tl_i[68]              │ met5  │
│ 5.69  │ 15819.60 │ 2778.20  │ tl_spi_h2d[41\]         │ u_spi_host/tl_i[41]              │ met3  │
│ 5.55  │ 2220.38  │ 400.00   │ intr_vec[29\]           │ u_plic/intr_src_i[29]            │ met4  │
│ 5.54  │ 2214.84  │ 400.00   │ intr_vec[25\]           │ u_plic/intr_src_i[25]            │ met4  │
│ 5.51  │ 15321.45 │ 2778.20  │ tl_spi_h2d[46\]         │ u_spi_host/tl_i[46]              │ met3  │
│ 5.50  │ 2198.23  │ 400.00   │ intr_vec[22\]           │ u_plic/intr_src_i[22]            │ met4  │
│ 5.39  │ 14972.58 │ 2778.20  │ tl_uart_h2d[107\]       │ u_uart/tl_i[107]                 │ met5  │
│ 5.36  │ 2145.65  │ 400.00   │ tl_plic_h2d[108\]       │ u_plic/tl_i[108]                 │ met3  │
│ 5.36  │ 14895.37 │ 2778.20  │ tl_uart_h2d[41\]        │ u_uart/tl_i[41]                  │ met4  │
│ 5.26  │ 14625.51 │ 2778.20  │ intr_uart_rx_timeout    │ u_glue/intr_uart_rx_timeout_i    │ met3  │
│ 5.02  │ 2009.28  │ 400.00   │ tl_plic_h2d[31\]        │ u_plic/tl_i[31]                  │ met4  │
│ 5.02  │ 13951.31 │ 2778.20  │ intr_uart_rx_overflow   │ u_glue/intr_uart_rx_overflow_i   │ met3  │
│ 5.02  │ 2007.57  │ 400.00   │ tl_plic_h2d[50\]        │ u_plic/tl_i[50]                  │ met3  │
│ 5.00  │ 13879.04 │ 2778.20  │ tl_spi_h2d[63\]         │ u_spi_host/tl_i[63]              │ met3  │
│ 4.90  │ 1959.32  │ 400.00   │ tl_uart_h2d[68\]        │ u_uart/tl_i[68]                  │ met3  │
│ 4.89  │ 1955.30  │ 400.00   │ tl_uart_h2d[81\]        │ u_uart/tl_i[81]                  │ met3  │
│ 4.89  │ 1954.24  │ 400.00   │ tl_uart_h2d[93\]        │ u_uart/tl_i[93]                  │ met4  │
│ 4.88  │ 1953.91  │ 400.00   │ tl_uart_h2d[10\]        │ u_uart/tl_i[10]                  │ met4  │
│ 4.84  │ 1934.62  │ 400.00   │ tl_uart_h2d[61\]        │ u_uart/tl_i[61]                  │ met3  │
│ 4.81  │ 13353.46 │ 2778.20  │ tl_uart_h2d[3\]         │ u_uart/tl_i[3]                   │ met5  │
│ 4.77  │ 1907.37  │ 400.00   │ intr_vec[4\]            │ u_plic/intr_src_i[4]             │ met4  │
│ 4.71  │ 1885.92  │ 400.00   │ tl_uart_h2d[63\]        │ u_uart/tl_i[63]                  │ met3  │
│ 4.71  │ 1885.23  │ 400.00   │ intr_uart_tx_empty      │ u_glue/intr_uart_tx_empty_i      │ met4  │
│ 4.53  │ 1811.26  │ 400.00   │ zero_                   │ u_uart/alert_rx_i[0]             │ met4  │
│ 4.49  │ 12466.81 │ 2778.20  │ tl_uart_h2d[59\]        │ u_uart/tl_i[59]                  │ met5  │
│ 4.48  │ 1792.37  │ 400.00   │ tl_spi_h2d[101\]        │ u_spi_host/tl_i[101]             │ met3  │
│ 4.48  │ 1790.49  │ 400.00   │ tl_uart_h2d[91\]        │ u_uart/tl_i[91]                  │ met3  │
│ 4.46  │ 12402.61 │ 2778.20  │ intr_vec[13\]           │ u_plic/intr_src_i[13]            │ met3  │
│ 4.44  │ 12339.79 │ 2778.20  │ tl_uart_h2d[99\]        │ u_uart/tl_i[99]                  │ met5  │
│ 4.41  │ 12259.76 │ 2778.20  │ tl_spi_h2d[66\]         │ u_spi_host/tl_i[66]              │ met3  │
│ 4.39  │ 1757.96  │ 400.00   │ intr_uart_rx_parity_err │ u_glue/intr_uart_rx_parity_err_i │ met4  │
│ 4.38  │ 12156.09 │ 2778.20  │ tl_spi_h2d[67\]         │ u_spi_host/tl_i[67]              │ met3  │
│ 4.37  │ 12132.93 │ 2778.20  │ intr_vec[8\]            │ u_plic/intr_src_i[8]             │ met3  │
│ 4.32  │ 12013.07 │ 2778.20  │ intr_vec[5\]            │ u_plic/intr_src_i[5]             │ met3  │
│ 4.32  │ 1726.82  │ 400.00   │ tl_uart_h2d[64\]        │ u_uart/tl_i[64]                  │ met3  │
│ 4.28  │ 11881.90 │ 2778.20  │ tl_plic_h2d[69\]        │ u_plic/tl_i[69]                  │ met4  │
│ 4.18  │ 11613.60 │ 2778.20  │ tl_spi_h2d[65\]         │ u_spi_host/tl_i[65]              │ met3  │
│ 4.11  │ 1644.68  │ 400.00   │ tl_uart_h2d[5\]         │ u_uart/tl_i[5]                   │ met3  │
│ 4.09  │ 11361.71 │ 2778.20  │ tl_plic_h2d[66\]        │ u_plic/tl_i[66]                  │ met3  │
│ 4.02  │ 1608.06  │ 400.00   │ tl_plic_h2d[62\]        │ u_plic/tl_i[62]                  │ met3  │
│ 3.98  │ 11062.23 │ 2778.20  │ tl_plic_h2d[38\]        │ u_plic/tl_i[38]                  │ met5  │
│ 3.96  │ 1585.59  │ 400.00   │ tl_plic_h2d[45\]        │ u_plic/tl_i[45]                  │ met3  │
│ 3.92  │ 1569.79  │ 400.00   │ intr_uart_tx_watermark  │ u_glue/intr_uart_tx_watermark_i  │ met3  │
│ 3.91  │ 1563.11  │ 400.00   │ tl_plic_h2d[71\]        │ u_plic/tl_i[71]                  │ met3  │
│ 3.90  │ 10841.84 │ 2778.20  │ tl_plic_h2d[64\]        │ u_plic/tl_i[64]                  │ met3  │
│ 3.89  │ 1555.62  │ 400.00   │ tl_plic_h2d[72\]        │ u_plic/tl_i[72]                  │ met3  │
│ 3.86  │ 1544.18  │ 400.00   │ tl_uart_h2d[46\]        │ u_uart/tl_i[46]                  │ met4  │
│ 3.83  │ 1531.83  │ 400.00   │ tl_uart_h2d[30\]        │ u_uart/tl_i[30]                  │ met4  │
│ 3.79  │ 1517.35  │ 400.00   │ intr_uart_tx_empty      │ u_glue/intr_uart_tx_empty_i      │ met3  │
│ 3.74  │ 10386.69 │ 2778.20  │ tl_uart_h2d[8\]         │ u_uart/tl_i[8]                   │ met3  │
│ 3.73  │ 1492.72  │ 400.00   │ tl_plic_h2d[36\]        │ u_plic/tl_i[36]                  │ met4  │
│ 3.70  │ 10275.13 │ 2778.20  │ tl_spi_h2d[38\]         │ u_spi_host/tl_i[38]              │ met3  │
│ 3.68  │ 1470.54  │ 400.00   │ tl_spi_h2d[68\]         │ u_spi_host/tl_i[68]              │ met4  │
│ 3.67  │ 10206.73 │ 2778.20  │ tl_plic_h2d[108\]       │ u_plic/tl_i[108]                 │ met4  │
│ 3.65  │ 10136.75 │ 2778.20  │ tl_plic_h2d[43\]        │ u_plic/tl_i[43]                  │ met4  │
│ 3.65  │ 1458.24  │ 400.00   │ tl_plic_h2d[61\]        │ u_plic/tl_i[61]                  │ met3  │
│ 3.64  │ 1454.84  │ 400.00   │ tl_spi_h2d[40\]         │ u_spi_host/tl_i[40]              │ met3  │
│ 3.63  │ 1450.75  │ 400.00   │ tl_plic_h2d[30\]        │ u_plic/tl_i[30]                  │ met3  │
│ 3.62  │ 10053.27 │ 2778.20  │ tl_plic_h2d[63\]        │ u_plic/tl_i[63]                  │ met3  │
│ 3.57  │ 9912.59  │ 2778.20  │ tl_plic_h2d[41\]        │ u_plic/tl_i[41]                  │ met3  │
│ 3.55  │ 1421.30  │ 400.00   │ tl_plic_h2d[27\]        │ u_plic/tl_i[27]                  │ met3  │
│ 3.52  │ 9790.86  │ 2778.20  │ tl_uart_h2d[0\]         │ u_uart/tl_i[0]                   │ met3  │
│ 3.50  │ 1400.22  │ 400.00   │ tl_spi_h2d[25\]         │ u_spi_host/tl_i[25]              │ met4  │
│ 3.49  │ 1395.38  │ 400.00   │ intr_vec[27\]           │ u_plic/intr_src_i[27]            │ met4  │
│ 3.47  │ 1389.84  │ 400.00   │ intr_vec[31\]           │ u_plic/intr_src_i[31]            │ met4  │
│ 3.47  │ 9646.41  │ 2778.20  │ intr_vec[9\]            │ u_plic/intr_src_i[9]             │ met5  │
│ 3.45  │ 1378.77  │ 400.00   │ intr_vec[26\]           │ u_plic/intr_src_i[26]            │ met4  │
│ 3.43  │ 9533.37  │ 2778.20  │ tl_uart_h2d[38\]        │ u_uart/tl_i[38]                  │ met4  │
│ 3.42  │ 9512.79  │ 2778.20  │ tl_plic_h2d[45\]        │ u_plic/tl_i[45]                  │ met4  │
│ 3.35  │ 1339.32  │ 400.00   │ tl_plic_h2d[38\]        │ u_plic/tl_i[38]                  │ met4  │
│ 3.34  │ 9275.60  │ 2778.20  │ tl_plic_h2d[36\]        │ u_plic/tl_i[36]                  │ met5  │
│ 3.31  │ 1322.30  │ 400.00   │ tl_uart_h2d[83\]        │ u_uart/tl_i[83]                  │ met3  │
│ 3.30  │ 9156.02  │ 2778.20  │ uart_rx                 │ u_uart/cio_rx_i                  │ met3  │
│ 3.29  │ 9152.98  │ 2778.20  │ intr_spi_host_idle      │ u_glue/intr_spi_host_idle_i      │ met5  │
│ 3.28  │ 1312.33  │ 400.00   │ intr_vec[30\]           │ u_plic/intr_src_i[30]            │ met4  │
│ 3.28  │ 9113.89  │ 2778.20  │ tl_uart_h2d[47\]        │ u_uart/tl_i[47]                  │ met4  │
│ 3.27  │ 9084.58  │ 2778.20  │ intr_uart_tx_empty      │ u_glue/intr_uart_tx_empty_i      │ met5  │
│ 3.27  │ 1306.79  │ 400.00   │ intr_vec[23\]           │ u_plic/intr_src_i[23]            │ met4  │
│ 3.23  │ 8981.09  │ 2778.20  │ tl_plic_h2d[101\]       │ u_plic/tl_i[101]                 │ met4  │
│ 3.17  │ 8809.04  │ 2778.20  │ tl_spi_h2d[25\]         │ u_spi_host/tl_i[25]              │ met5  │
│ 3.16  │ 1263.47  │ 400.00   │ tl_plic_h2d[68\]        │ u_plic/tl_i[68]                  │ met3  │
│ 3.14  │ 1254.88  │ 400.00   │ tl_uart_h2d[60\]        │ u_uart/tl_i[60]                  │ met3  │
│ 3.12  │ 8668.82  │ 2778.20  │ intr_uart_rx_break_err  │ u_glue/intr_uart_rx_break_err_i  │ met5  │
│ 3.10  │ 8600.06  │ 2778.20  │ spi_miso                │ u_spi_host/spi_miso_i            │ met3  │
│ 3.09  │ 8590.17  │ 2778.20  │ intr_uart_tx_watermark  │ u_glue/intr_uart_tx_watermark_i  │ met5  │
│ 3.06  │ 8508.61  │ 2778.20  │ tl_spi_h2d[31\]         │ u_spi_host/tl_i[31]              │ met2  │
│ 3.05  │ 8476.17  │ 2778.20  │ tl_uart_h2d[16\]        │ u_uart/tl_i[16]                  │ met3  │
│ 2.93  │ 8143.10  │ 2778.20  │ tl_spi_h2d[99\]         │ u_spi_host/tl_i[99]              │ met3  │
│ 2.88  │ 1151.10  │ 400.00   │ tl_plic_h2d[70\]        │ u_plic/tl_i[70]                  │ met3  │
│ 2.80  │ 1121.19  │ 400.00   │ tl_uart_h2d[85\]        │ u_uart/tl_i[85]                  │ met2  │
│ 2.74  │ 7618.93  │ 2778.20  │ tl_plic_h2d[71\]        │ u_plic/tl_i[71]                  │ met4  │
│ 2.73  │ 1092.14  │ 400.00   │ zero_                   │ u_uart/alert_rx_i[0]             │ met2  │
│ 2.72  │ 1086.33  │ 400.00   │ tl_uart_h2d[14\]        │ u_uart/tl_i[14]                  │ met3  │
│ 2.71  │ 7522.69  │ 2778.20  │ spi_mosi                │ u_glue/spi_mosi_i                │ met5  │
│ 2.68  │ 7453.92  │ 2778.20  │ intr_uart_rx_watermark  │ u_glue/intr_uart_rx_watermark_i  │ met3  │
│ 2.63  │ 7303.33  │ 2778.20  │ tl_spi_h2d[56\]         │ u_spi_host/tl_i[56]              │ met4  │
│ 2.62  │ 7732.47  │ 2952.08  │ intr_uart_rx_frame_err  │ u_glue/intr_uart_rx_frame_err_i  │ met5  │
│ 2.61  │ 7254.68  │ 2778.20  │ tl_plic_h2d[51\]        │ u_plic/tl_i[51]                  │ met3  │
│ 2.59  │ 1037.31  │ 400.00   │ tl_spi_h2d[48\]         │ u_spi_host/tl_i[48]              │ met2  │
│ 2.58  │ 7169.73  │ 2778.20  │ tl_uart_h2d[53\]        │ u_uart/tl_i[53]                  │ met3  │
│ 2.56  │ 1022.19  │ 400.00   │ tl_spi_h2d[107\]        │ u_spi_host/tl_i[107]             │ met2  │
│ 2.52  │ 7004.46  │ 2778.20  │ tl_plic_h2d[40\]        │ u_plic/tl_i[40]                  │ met3  │
│ 2.51  │ 6982.11  │ 2778.20  │ tl_plic_h2d[53\]        │ u_plic/tl_i[53]                  │ met4  │
│ 2.43  │ 6746.85  │ 2778.20  │ tl_plic_h2d[65\]        │ u_plic/tl_i[65]                  │ met3  │
│ 2.38  │ 950.42   │ 400.00   │ tl_spi_h2d[108\]        │ u_spi_host/tl_i[108]             │ met2  │
│ 2.33  │ 6461.80  │ 2778.20  │ tl_spi_h2d[26\]         │ u_spi_host/tl_i[26]              │ met4  │
│ 2.31  │ 6427.64  │ 2778.20  │ tl_plic_h2d[109\]       │ u_plic/tl_i[109]                 │ met2  │
│ 2.31  │ 6423.04  │ 2778.20  │ tl_spi_h2d[44\]         │ u_spi_host/tl_i[44]              │ met4  │
│ 2.27  │ 6317.33  │ 2778.20  │ tl_uart_h2d[52\]        │ u_uart/tl_i[52]                  │ met3  │
│ 2.27  │ 6314.43  │ 2778.20  │ tl_spi_h2d[32\]         │ u_spi_host/tl_i[32]              │ met2  │
│ 2.25  │ 6246.11  │ 2778.20  │ tl_spi_h2d[29\]         │ u_spi_host/tl_i[29]              │ met4  │
│ 2.22  │ 6176.69  │ 2778.20  │ tl_plic_h2d[35\]        │ u_plic/tl_i[35]                  │ met3  │
│ 2.19  │ 876.58   │ 400.00   │ tl_plic_h2d[53\]        │ u_plic/tl_i[53]                  │ met3  │
│ 2.19  │ 6081.77  │ 2778.20  │ tl_plic_h2d[67\]        │ u_plic/tl_i[67]                  │ met3  │
│ 2.16  │ 865.63   │ 400.00   │ tl_spi_h2d[96\]         │ u_spi_host/tl_i[96]              │ met3  │
│ 2.13  │ 850.36   │ 400.00   │ tl_plic_h2d[93\]        │ u_plic/tl_i[93]                  │ met3  │
│ 2.12  │ 846.67   │ 400.00   │ tl_uart_h2d[18\]        │ u_uart/tl_i[18]                  │ met2  │
│ 2.12  │ 846.58   │ 400.00   │ tl_uart_h2d[87\]        │ u_uart/tl_i[87]                  │ met2  │
│ 2.08  │ 5780.66  │ 2778.20  │ tl_uart_h2d[32\]        │ u_uart/tl_i[32]                  │ met3  │
│ 2.08  │ 830.86   │ 400.00   │ tl_plic_h2d[29\]        │ u_plic/tl_i[29]                  │ met3  │
│ 2.08  │ 6129.21  │ 2952.08  │ uart_tx                 │ u_glue/uart_tx_i                 │ met5  │
│ 2.05  │ 5702.35  │ 2778.20  │ tl_uart_h2d[46\]        │ u_uart/tl_i[46]                  │ met5  │
│ 2.04  │ 816.65   │ 400.00   │ tl_uart_h2d[59\]        │ u_uart/tl_i[59]                  │ met3  │
│ 2.02  │ 5625.65  │ 2778.20  │ tl_plic_h2d[61\]        │ u_plic/tl_i[61]                  │ met4  │
│ 2.00  │ 801.65   │ 400.00   │ tl_uart_h2d[49\]        │ u_uart/tl_i[49]                  │ met2  │
│ 2.00  │ 5552.85  │ 2778.20  │ fft_error               │ u_glue/fft_error_i               │ met5  │
│ 1.97  │ 5827.22  │ 2952.08  │ tl_cpu_h2d[74\]         │ u_xbar/tl_host_i[74]             │ met4  │
│ 1.97  │ 5467.49  │ 2778.20  │ tl_spi_h2d[33\]         │ u_spi_host/tl_i[33]              │ met4  │
│ 1.94  │ 5391.81  │ 2778.20  │ tl_spi_h2d[48\]         │ u_spi_host/tl_i[48]              │ met3  │
│ 1.92  │ 769.47   │ 400.00   │ tl_plic_h2d[64\]        │ u_plic/tl_i[64]                  │ met2  │
│ 1.91  │ 764.96   │ 400.00   │ tl_uart_h2d[36\]        │ u_uart/tl_i[36]                  │ met2  │
│ 1.89  │ 5573.99  │ 2952.08  │ tl_cpu_h2d[71\]         │ u_xbar/tl_host_i[71]             │ met4  │
│ 1.86  │ 745.58   │ 400.00   │ tl_uart_h2d[78\]        │ u_uart/tl_i[78]                  │ met2  │
│ 1.85  │ 5132.87  │ 2778.20  │ intr_vec[3\]            │ u_plic/intr_src_i[3]             │ met4  │
│ 1.84  │ 5122.79  │ 2778.20  │ tl_spi_h2d[109\]        │ u_spi_host/tl_i[109]             │ met2  │
│ 1.84  │ 735.86   │ 400.00   │ tl_uart_h2d[90\]        │ u_uart/tl_i[90]                  │ met2  │
│ 1.84  │ 5103.02  │ 2778.20  │ tl_plic_h2d[25\]        │ u_plic/tl_i[25]                  │ met4  │
│ 1.83  │ 733.47   │ 400.00   │ tl_uart_h2d[1\]         │ u_uart/tl_i[1]                   │ met2  │
│ 1.81  │ 5039.39  │ 2778.20  │ tl_uart_h2d[72\]        │ u_uart/tl_i[72]                  │ met5  │
│ 1.81  │ 5038.82  │ 2778.20  │ intr_vec[7\]            │ u_plic/intr_src_i[7]             │ met4  │
│ 1.80  │ 5005.44  │ 2778.20  │ intr_spi_host_tx_empty  │ u_glue/intr_spi_host_tx_empty_i  │ met4  │
│ 1.80  │ 5002.20  │ 2778.20  │ tl_uart_h2d[12\]        │ u_uart/tl_i[12]                  │ met2  │
│ 1.80  │ 719.01   │ 400.00   │ tl_uart_h2d[106\]       │ u_uart/tl_i[106]                 │ met2  │
│ 1.78  │ 4934.38  │ 2778.20  │ tl_uart_h2d[94\]        │ u_uart/tl_i[94]                  │ met2  │
│ 1.77  │ 4922.38  │ 2778.20  │ tl_plic_h2d[93\]        │ u_plic/tl_i[93]                  │ met4  │
│ 1.77  │ 4913.34  │ 2778.20  │ tl_plic_h2d[42\]        │ u_plic/tl_i[42]                  │ met4  │
│ 1.76  │ 703.22   │ 400.00   │ tl_uart_h2d[33\]        │ u_uart/tl_i[33]                  │ met2  │
│ 1.76  │ 4883.70  │ 2778.20  │ tl_plic_h2d[50\]        │ u_plic/tl_i[50]                  │ met4  │
│ 1.75  │ 4867.09  │ 2778.20  │ tl_plic_h2d[48\]        │ u_plic/tl_i[48]                  │ met4  │
│ 1.75  │ 4867.09  │ 2778.20  │ tl_spi_h2d[93\]         │ u_spi_host/tl_i[93]              │ met4  │
│ 1.75  │ 4855.97  │ 2778.20  │ tl_uart_h2d[98\]        │ u_uart/tl_i[98]                  │ met2  │
│ 1.74  │ 4845.33  │ 2778.20  │ tl_uart_h2d[4\]         │ u_uart/tl_i[4]                   │ met3  │
│ 1.73  │ 690.91   │ 400.00   │ tl_uart_h2d[109\]       │ u_uart/tl_i[109]                 │ met2  │
│ 1.73  │ 690.14   │ 400.00   │ tl_plic_h2d[66\]        │ u_plic/tl_i[66]                  │ met2  │
│ 1.72  │ 687.44   │ 400.00   │ tl_uart_h2d[17\]        │ u_uart/tl_i[17]                  │ met2  │
│ 1.72  │ 687.19   │ 400.00   │ tl_plic_h2d[39\]        │ u_plic/tl_i[39]                  │ met2  │
│ 1.71  │ 682.60   │ 400.00   │ tl_uart_h2d[77\]        │ u_uart/tl_i[77]                  │ met2  │
│ 1.70  │ 680.43   │ 400.00   │ tl_plic_h2d[28\]        │ u_plic/tl_i[28]                  │ met4  │
│ 1.70  │ 5020.92  │ 2952.08  │ tl_cpu_h2d[70\]         │ u_xbar/tl_host_i[70]             │ met4  │
│ 1.69  │ 677.75   │ 400.00   │ tl_uart_h2d[86\]        │ u_uart/tl_i[86]                  │ met2  │
│ 1.69  │ 4694.27  │ 2778.20  │ tl_spi_h2d[50\]         │ u_spi_host/tl_i[50]              │ met3  │
│ 1.65  │ 4573.64  │ 2778.20  │ tl_plic_h2d[68\]        │ u_plic/tl_i[68]                  │ met4  │
│ 1.65  │ 658.12   │ 400.00   │ tl_plic_h2d[37\]        │ u_plic/tl_i[37]                  │ met2  │
│ 1.62  │ 648.19   │ 400.00   │ tl_spi_h2d[102\]        │ u_spi_host/tl_i[102]             │ met2  │
│ 1.62  │ 4500.64  │ 2778.20  │ tl_plic_h2d[32\]        │ u_plic/tl_i[32]                  │ met3  │
│ 1.60  │ 4457.36  │ 2778.20  │ intr_vec[6\]            │ u_plic/intr_src_i[6]             │ met4  │
│ 1.59  │ 4416.00  │ 2778.20  │ tl_spi_h2d[107\]        │ u_spi_host/tl_i[107]             │ met3  │
│ 1.59  │ 4410.14  │ 2778.20  │ intr_vec[2\]            │ u_plic/intr_src_i[2]             │ met5  │
│ 1.55  │ 619.12   │ 400.00   │ tl_spi_h2d[101\]        │ u_spi_host/tl_i[101]             │ met2  │
│ 1.54  │ 617.24   │ 400.00   │ intr_vec[17\]           │ u_plic/intr_src_i[17]            │ met3  │
│ 1.53  │ 4259.79  │ 2778.20  │ spi_sclk                │ u_glue/spi_sclk_i                │ met3  │
│ 1.52  │ 607.50   │ 400.00   │ tl_uart_h2d[8\]         │ u_uart/tl_i[8]                   │ met2  │
│ 1.52  │ 4213.74  │ 2778.20  │ tl_plic_h2d[46\]        │ u_plic/tl_i[46]                  │ met4  │
│ 1.50  │ 4172.65  │ 2773.88  │ tl_cpu_h2d[61\]         │ u_xbar/tl_host_i[61]             │ met4  │
│ 1.46  │ 584.80   │ 400.00   │ tl_plic_h2d[67\]        │ u_plic/tl_i[67]                  │ met2  │
│ 1.45  │ 4024.67  │ 2778.20  │ intr_vec[11\]           │ u_plic/intr_src_i[11]            │ met5  │
│ 1.45  │ 4266.26  │ 2952.08  │ tl_spi_d2h[30\]         │ u_xbar/tl_u_spi_host_i[30]       │ met4  │
│ 1.41  │ 3924.19  │ 2778.20  │ tl_plic_h2d[34\]        │ u_plic/tl_i[34]                  │ met4  │
│ 1.41  │ 3909.21  │ 2778.20  │ tl_plic_h2d[70\]        │ u_plic/tl_i[70]                  │ met4  │
│ 1.40  │ 560.98   │ 400.00   │ tl_spi_h2d[63\]         │ u_spi_host/tl_i[63]              │ met2  │
│ 1.38  │ 550.99   │ 400.00   │ tl_uart_h2d[109\]       │ u_uart/tl_i[109]                 │ met3  │
│ 1.37  │ 546.58   │ 400.00   │ tl_plic_h2d[63\]        │ u_plic/tl_i[63]                  │ met2  │
│ 1.36  │ 3788.91  │ 2778.20  │ tl_uart_h2d[26\]        │ u_uart/tl_i[26]                  │ met3  │
│ 1.36  │ 4013.04  │ 2952.08  │ tl_spi_d2h[50\]         │ u_xbar/tl_u_spi_host_i[50]       │ met4  │
│ 1.36  │ 3773.59  │ 2778.20  │ intr_vec[1\]            │ u_plic/intr_src_i[1]             │ met4  │
│ 1.35  │ 539.43   │ 400.00   │ tl_plic_h2d[35\]        │ u_plic/tl_i[35]                  │ met2  │
│ 1.34  │ 537.65   │ 400.00   │ zero_                   │ u_uart/alert_rx_i[0]             │ met3  │
│ 1.34  │ 537.01   │ 400.00   │ tl_plic_h2d[41\]        │ u_plic/tl_i[41]                  │ met2  │
│ 1.31  │ 524.50   │ 400.00   │ tl_uart_h2d[99\]        │ u_uart/tl_i[99]                  │ met3  │
│ 1.31  │ 3642.83  │ 2778.20  │ tl_spi_h2d[39\]         │ u_spi_host/tl_i[39]              │ met3  │
│ 1.30  │ 3610.14  │ 2778.20  │ tl_plic_h2d[30\]        │ u_plic/tl_i[30]                  │ met4  │
│ 1.30  │ 519.76   │ 400.00   │ tl_spi_h2d[62\]         │ u_spi_host/tl_i[62]              │ met2  │
│ 1.30  │ 3606.38  │ 2778.20  │ tl_plic_h2d[27\]        │ u_plic/tl_i[27]                  │ met4  │
│ 1.29  │ 3808.12  │ 2952.08  │ tl_cpu_h2d[109\]        │ u_xbar/tl_host_i[109]            │ met4  │
│ 1.28  │ 3548.91  │ 2778.20  │ tl_uart_h2d[25\]        │ u_uart/tl_i[25]                  │ met3  │
│ 1.27  │ 3760.47  │ 2952.08  │ tl_cpu_h2d[76\]         │ u_xbar/tl_host_i[76]             │ met4  │
│ 1.26  │ 503.12   │ 400.00   │ tl_plic_h2d[26\]        │ u_plic/tl_i[26]                  │ met3  │
│ 1.21  │ 3581.34  │ 2952.08  │ tl_cpu_h2d[78\]         │ u_xbar/tl_host_i[78]             │ met4  │
│ 1.21  │ 3569.88  │ 2952.08  │ tl_cpu_h2d[83\]         │ u_xbar/tl_host_i[83]             │ met4  │
│ 1.19  │ 477.30   │ 400.00   │ tl_spi_h2d[61\]         │ u_spi_host/tl_i[61]              │ met2  │
│ 1.19  │ 3300.15  │ 2778.20  │ tl_plic_h2d[72\]        │ u_plic/tl_i[72]                  │ met4  │
│ 1.19  │ 3500.71  │ 2952.08  │ tl_cpu_h2d[72\]         │ u_xbar/tl_host_i[72]             │ met4  │
│ 1.17  │ 3449.34  │ 2952.08  │ tl_uart_d2h[51\]        │ u_xbar/tl_u_uart_i[51]           │ met5  │
│ 1.16  │ 3431.94  │ 2952.08  │ tl_spi_d2h[2\]          │ u_xbar/tl_u_spi_host_i[2]        │ met3  │
│ 1.14  │ 3369.55  │ 2952.08  │ tl_uart_d2h[21\]        │ u_xbar/tl_u_uart_i[21]           │ met3  │
│ 1.13  │ 452.95   │ 400.00   │ tl_plic_h2d[65\]        │ u_plic/tl_i[65]                  │ met2  │
│ 1.12  │ 3120.40  │ 2778.20  │ tl_uart_h2d[44\]        │ u_uart/tl_i[44]                  │ met4  │
│ 1.12  │ 3295.14  │ 2952.08  │ tl_uart_d2h[2\]         │ u_xbar/tl_u_uart_i[2]            │ met5  │
│ 1.12  │ 3094.91  │ 2773.88  │ tl_spi_d2h[13\]         │ u_xbar/tl_u_spi_host_i[13]       │ met3  │
│ 1.11  │ 3089.67  │ 2778.20  │ tl_plic_h2d[62\]        │ u_plic/tl_i[62]                  │ met4  │
│ 1.11  │ 3262.18  │ 2952.08  │ tl_uart_d2h[52\]        │ u_xbar/tl_u_uart_i[52]           │ met4  │
│ 1.09  │ 3219.51  │ 2952.08  │ tl_uart_d2h[17\]        │ u_xbar/tl_u_uart_i[17]           │ met3  │
│ 1.08  │ 430.31   │ 400.00   │ tl_uart_h2d[92\]        │ u_uart/tl_i[92]                  │ met3  │
│ 1.07  │ 428.59   │ 400.00   │ tl_uart_h2d[58\]        │ u_uart/tl_i[58]                  │ met2  │
│ 1.07  │ 428.13   │ 400.00   │ tl_spi_h2d[65\]         │ u_spi_host/tl_i[65]              │ met2  │
│ 1.07  │ 2967.65  │ 2773.88  │ tl_spi_d2h[6\]          │ u_xbar/tl_u_spi_host_i[6]        │ met3  │
│ 1.06  │ 425.90   │ 400.00   │ tl_spi_h2d[67\]         │ u_spi_host/tl_i[67]              │ met2  │
│ 1.06  │ 3128.40  │ 2952.08  │ tl_uart_d2h[19\]        │ u_xbar/tl_u_uart_i[19]           │ met3  │
│ 1.06  │ 423.66   │ 400.00   │ tl_spi_h2d[66\]         │ u_spi_host/tl_i[66]              │ met2  │
│ 1.06  │ 3124.10  │ 2952.08  │ tl_uart_d2h[58\]        │ u_xbar/tl_u_uart_i[58]           │ met3  │
│ 1.06  │ 3118.83  │ 2952.08  │ tl_spi_d2h[32\]         │ u_xbar/tl_u_spi_host_i[32]       │ met3  │
│ 1.06  │ 2933.05  │ 2778.20  │ tl_spi_h2d[43\]         │ u_spi_host/tl_i[43]              │ met3  │
│ 1.05  │ 420.73   │ 400.00   │ tl_plic_h2d[40\]        │ u_plic/tl_i[40]                  │ met2  │
│ 1.05  │ 2918.07  │ 2778.20  │ tl_plic_h2d[55\]        │ u_plic/tl_i[55]                  │ met3  │
│ 1.04  │ 417.86   │ 400.00   │ tl_spi_h2d[64\]         │ u_spi_host/tl_i[64]              │ met2  │
│ 1.04  │ 2890.39  │ 2773.88  │ tl_spi_d2h[36\]         │ u_xbar/tl_u_spi_host_i[36]       │ met3  │
│ 1.04  │ 2886.76  │ 2778.20  │ tl_uart_h2d[6\]         │ u_uart/tl_i[6]                   │ met5  │
│ 1.03  │ 2873.12  │ 2778.20  │ tl_spi_h2d[94\]         │ u_spi_host/tl_i[94]              │ met3  │
│ 1.03  │ 2870.72  │ 2778.20  │ tl_plic_h2d[96\]        │ u_plic/tl_i[96]                  │ met5  │
│ 1.03  │ 2863.12  │ 2773.88  │ tl_plic_d2h[60\]        │ u_xbar/tl_u_plic_i[60]           │ met4  │
│ 1.01  │ 2819.37  │ 2778.20  │ tl_uart_h2d[87\]        │ u_uart/tl_i[87]                  │ met3  │
│ 1.01  │ 2809.45  │ 2778.20  │ tl_spi_h2d[98\]         │ u_spi_host/tl_i[98]              │ met3  │
│ 1.01  │ 2805.62  │ 2778.20  │ tl_spi_h2d[102\]        │ u_spi_host/tl_i[102]             │ met3  │
│ 1.00  │ 2965.01  │ 2952.08  │ tl_cpu_d2h[11\]         │ u_ibex/tl_i[11]                  │ met4  │
└───────┴──────────┴──────────┴─────────────────────────┴──────────────────────────────────┴───────┘
