user_project_wrapper
----------------------------------------
All nwells must contain metal-connected N+ taps (nwell.4)
----------------------------------------
 30.330um 92.760um 314.560um 314.560um
 30.330um 314.560um 314.560um 629.120um
 8.330um 892.760um 314.560um 943.680um
 30.330um 629.120um 314.560um 669.640um
 8.330um 943.680um 314.560um 1258.240um
 8.330um 1258.240um 314.560um 1572.800um
 8.330um 1572.800um 314.560um 1887.360um
 8.330um 1887.360um 314.560um 2201.920um
 8.330um 2201.920um 314.560um 2370.030um
 314.560um 92.760um 619.510um 314.560um
 314.560um 314.560um 619.510um 629.120um
 314.560um 892.760um 629.120um 943.680um
 314.560um 629.120um 619.510um 669.640um
 314.560um 943.680um 629.120um 1247.290um
 314.560um 1348.610um 629.120um 1546.010um
 314.560um 1614.670um 629.120um 1887.360um
 314.560um 1887.360um 629.120um 2201.920um
 314.560um 2201.920um 629.120um 2370.030um
 830.330um 192.760um 943.680um 314.560um
 830.330um 314.560um 943.680um 629.120um
 629.120um 892.760um 943.680um 943.680um
 830.330um 629.120um 943.680um 669.070um
 629.120um 943.680um 943.680um 1247.290um
 629.120um 1348.610um 943.680um 1546.010um
 629.120um 1614.670um 943.680um 1887.360um
 629.120um 1887.360um 943.680um 2201.920um
 629.120um 2201.920um 943.680um 2370.030um
 943.680um 192.760um 1258.240um 314.560um
 943.680um 314.560um 1258.240um 629.120um
 943.680um 892.760um 1258.240um 943.680um
 943.680um 629.120um 1258.240um 669.070um
 943.680um 943.680um 1258.240um 1247.290um
 943.680um 1348.610um 1258.240um 1546.010um
 943.680um 1614.670um 1258.240um 1887.360um
 943.680um 1887.360um 1258.240um 2201.920um
 943.680um 2201.920um 1258.240um 2370.030um
 1258.240um 192.760um 1319.230um 314.560um
 1258.240um 314.560um 1319.230um 629.120um
 1530.330um 354.760um 1572.800um 629.120um
 1258.240um 892.760um 1297.630um 943.680um
 1258.240um 629.120um 1319.230um 669.070um
 1530.330um 629.120um 1572.800um 733.150um
 1258.240um 943.680um 1297.630um 1258.240um
 1423.330um 955.760um 1572.800um 1258.240um
 1258.240um 1258.240um 1297.630um 1572.800um
 1423.330um 1258.240um 1572.800um 1572.800um
 1258.240um 1572.800um 1297.630um 1887.360um
 1406.030um 1758.425um 1407.790um 1760.030um
 1423.330um 1572.800um 1572.800um 1887.360um
 1258.240um 1887.360um 1297.630um 2201.920um
 1358.330um 2106.760um 1572.800um 2201.920um
 1371.990um 2080.610um 1373.750um 2082.215um
 1423.330um 1887.360um 1572.800um 2033.120um
 1258.240um 2201.920um 1297.630um 2370.030um
 1358.330um 2201.920um 1572.800um 2516.480um
 1358.330um 2516.480um 1572.800um 2831.040um
 1358.330um 2831.040um 1572.800um 3145.600um
 1358.330um 3145.600um 1572.800um 3460.160um
 1358.330um 3460.160um 1572.800um 3483.320um
 1572.800um 354.760um 1887.360um 629.120um
 1572.800um 629.120um 1887.360um 733.150um
 1572.800um 955.760um 1887.360um 1247.290um
 1572.800um 1258.430um 1887.360um 1572.800um
 1572.800um 1572.800um 1887.360um 1887.360um
 1572.800um 2106.760um 1887.360um 2201.920um
 1572.800um 1887.360um 1887.360um 2033.120um
 1572.800um 2201.920um 1887.360um 2516.480um
 1572.800um 2516.480um 1887.360um 2831.040um
 1572.800um 2831.040um 1887.360um 3145.600um
 1572.800um 3145.600um 1887.360um 3460.160um
 1572.800um 3460.160um 1887.360um 3483.320um
 2130.330um 55.760um 2201.920um 314.560um
 1887.360um 354.760um 1919.410um 629.120um
 2130.330um 314.560um 2201.920um 629.120um
 1887.360um 629.120um 1919.410um 733.150um
 2130.330um 629.120um 2201.920um 733.350um
 1887.360um 955.760um 2201.920um 1247.290um
 1887.360um 1258.430um 2201.920um 1572.800um
 1887.360um 1572.800um 2201.920um 1887.360um
 1887.360um 2106.760um 2201.920um 2201.920um
 1887.360um 1887.360um 2201.920um 2033.120um
 1887.360um 2201.920um 2201.920um 2516.480um
 1887.360um 2516.480um 2201.920um 2831.040um
 1887.360um 2831.040um 2201.920um 3145.600um
 1887.360um 3145.600um 2201.920um 3460.160um
 1887.360um 3460.160um 2201.920um 3483.320um
 2201.920um 55.760um 2516.480um 314.560um
 2201.920um 314.560um 2516.480um 629.120um
 2201.920um 629.120um 2516.480um 733.350um
 2201.920um 955.760um 2512.530um 1258.240um
 2201.920um 1258.240um 2512.530um 1572.800um
 2201.920um 1572.800um 2512.530um 1887.360um
 2201.920um 2106.760um 2516.480um 2201.920um
 2201.920um 1887.360um 2512.530um 2033.120um
 2201.920um 2201.920um 2516.480um 2516.480um
 2201.920um 2516.480um 2516.480um 2831.040um
 2201.920um 2831.040um 2516.480um 3145.600um
 2201.920um 3145.600um 2516.480um 3460.160um
 2201.920um 3460.160um 2516.480um 3483.320um
 2516.480um 55.760um 2819.330um 314.560um
 2516.480um 314.560um 2819.330um 629.120um
 2516.480um 629.120um 2819.330um 733.350um
 2516.480um 2106.760um 2747.450um 2201.920um
 2516.480um 2201.920um 2747.450um 2516.480um
 2516.480um 2516.480um 2747.450um 2831.040um
 2516.480um 2831.040um 2747.450um 3145.600um
 2516.480um 3145.600um 2747.450um 3460.160um
 2516.480um 3460.160um 2747.450um 3483.320um
----------------------------------------
[INFO] COUNT: 108
[INFO] Should be divided by 3 or 4

