
Magic 8.3 revision 489 - Compiled on Thu Aug 22 13:45:15 UTC 2024.
Starting magic under Tcl interpreter
Using the terminal as the console.
Using NULL graphics device.
Processing system .magicrc file
Sourcing design .magicrc for technology sky130A ...
2 Magic internal units = 1 Lambda
Input style sky130(): scaleFactor=2, multiplier=2
The following types are not handled by extraction and will be treated as non-electrical types:
    ubm 
Scaled tech values by 2 / 1 to match internal grid scaling
Loading sky130A Device Generator Menu ...
Loading "/nix/store/iah2c26wzpgdvqc1jv2xxg55xq5km74d-python3-3.11.9-env/lib/python3.11/site-packages/librelane/scripts/magic/wrapper.tcl" from command line.
> lef read /home/runner/work/vyges-edge-sensor-soc/vyges-edge-sensor-soc/dependencies/pdks/sky130A/libs.ref/sky130_fd_sc_hd/techlef/sky130_fd_sc_hd__nom.tlef
Reading LEF data from file /home/runner/work/vyges-edge-sensor-soc/vyges-edge-sensor-soc/dependencies/pdks/sky130A/libs.ref/sky130_fd_sc_hd/techlef/sky130_fd_sc_hd__nom.tlef.
This action cannot be undone.
LEF read, Line 82 (Message): Unknown keyword "ANTENNAMODEL" in LEF file; ignoring.
LEF read, Line 83 (Message): Unknown keyword "ANTENNADIFFSIDEAREARATIO" in LEF file; ignoring.
LEF read, Line 116 (Message): Unknown keyword "MINENCLOSEDAREA" in LEF file; ignoring.
LEF read, Line 118 (Message): Unknown keyword "ANTENNAMODEL" in LEF file; ignoring.
LEF read, Line 119 (Message): Unknown keyword "ANTENNADIFFSIDEAREARATIO" in LEF file; ignoring.
LEF read, Line 125 (Message): Unknown keyword "MAXIMUMDENSITY" in LEF file; ignoring.
LEF read, Line 126 (Message): Unknown keyword "DENSITYCHECKWINDOW" in LEF file; ignoring.
LEF read, Line 127 (Message): Unknown keyword "DENSITYCHECKSTEP" in LEF file; ignoring.
LEF read, Line 160 (Message): Unknown keyword "MINENCLOSEDAREA" in LEF file; ignoring.
LEF read, Line 168 (Message): Unknown keyword "ANTENNAMODEL" in LEF file; ignoring.
LEF read, Line 169 (Message): Unknown keyword "ANTENNADIFFSIDEAREARATIO" in LEF file; ignoring.
LEF read, Line 171 (Message): Unknown keyword "MAXIMUMDENSITY" in LEF file; ignoring.
LEF read, Line 172 (Message): Unknown keyword "DENSITYCHECKWINDOW" in LEF file; ignoring.
LEF read, Line 173 (Message): Unknown keyword "DENSITYCHECKSTEP" in LEF file; ignoring.
LEF read, Line 210 (Message): Unknown keyword "ANTENNAMODEL" in LEF file; ignoring.
LEF read, Line 211 (Message): Unknown keyword "ANTENNADIFFSIDEAREARATIO" in LEF file; ignoring.
LEF read, Line 213 (Message): Unknown keyword "MAXIMUMDENSITY" in LEF file; ignoring.
LEF read, Line 214 (Message): Unknown keyword "DENSITYCHECKWINDOW" in LEF file; ignoring.
LEF read, Line 215 (Message): Unknown keyword "DENSITYCHECKSTEP" in LEF file; ignoring.
LEF read, Line 252 (Message): Unknown keyword "ANTENNAMODEL" in LEF file; ignoring.
LEF read, Line 253 (Message): Unknown keyword "ANTENNADIFFSIDEAREARATIO" in LEF file; ignoring.
LEF read, Line 255 (Message): Unknown keyword "MAXIMUMDENSITY" in LEF file; ignoring.
LEF read, Line 256 (Message): Unknown keyword "DENSITYCHECKWINDOW" in LEF file; ignoring.
LEF read, Line 257 (Message): Unknown keyword "DENSITYCHECKSTEP" in LEF file; ignoring.
LEF read, Line 294 (Message): Unknown keyword "ANTENNAMODEL" in LEF file; ignoring.
LEF read, Line 295 (Message): Unknown keyword "ANTENNADIFFSIDEAREARATIO" in LEF file; ignoring.
LEF read: Processed 801 lines.
> lef read /home/runner/work/vyges-edge-sensor-soc/vyges-edge-sensor-soc/dependencies/pdks/sky130A/libs.ref/sky130_fd_sc_hd/lef/sky130_fd_sc_hd.lef
Reading LEF data from file /home/runner/work/vyges-edge-sensor-soc/vyges-edge-sensor-soc/dependencies/pdks/sky130A/libs.ref/sky130_fd_sc_hd/lef/sky130_fd_sc_hd.lef.
This action cannot be undone.
LEF read: Processed 56536 lines.
> lef read /home/runner/work/vyges-edge-sensor-soc/vyges-edge-sensor-soc/dependencies/pdks/sky130A/libs.ref/sky130_fd_sc_hd/lef/sky130_ef_sc_hd.lef
Reading LEF data from file /home/runner/work/vyges-edge-sensor-soc/vyges-edge-sensor-soc/dependencies/pdks/sky130A/libs.ref/sky130_fd_sc_hd/lef/sky130_ef_sc_hd.lef.
This action cannot be undone.
LEF read: Processed 582 lines.
> lef read /home/runner/work/vyges-edge-sensor-soc/vyges-edge-sensor-soc/lef/rv_core_ibex_tlul.lef
Reading LEF data from file /home/runner/work/vyges-edge-sensor-soc/vyges-edge-sensor-soc/lef/rv_core_ibex_tlul.lef.
This action cannot be undone.
LEF read: Processed 2504 lines.
> lef read /home/runner/work/vyges-edge-sensor-soc/vyges-edge-sensor-soc/lef/uart.lef
Reading LEF data from file /home/runner/work/vyges-edge-sensor-soc/vyges-edge-sensor-soc/lef/uart.lef.
This action cannot be undone.
LEF read: Processed 2698 lines.
> lef read /home/runner/work/vyges-edge-sensor-soc/vyges-edge-sensor-soc/lef/spi_host_lite.lef
Reading LEF data from file /home/runner/work/vyges-edge-sensor-soc/vyges-edge-sensor-soc/lef/spi_host_lite.lef.
This action cannot be undone.
LEF read: Processed 1928 lines.
> lef read /home/runner/work/vyges-edge-sensor-soc/vyges-edge-sensor-soc/lef/rv_plic_lite.lef
Reading LEF data from file /home/runner/work/vyges-edge-sensor-soc/vyges-edge-sensor-soc/lef/rv_plic_lite.lef.
This action cannot be undone.
LEF read: Processed 2179 lines.
> lef read /home/runner/work/vyges-edge-sensor-soc/vyges-edge-sensor-soc/lef/fft_ctrl_tlul.lef
Reading LEF data from file /home/runner/work/vyges-edge-sensor-soc/vyges-edge-sensor-soc/lef/fft_ctrl_tlul.lef.
This action cannot be undone.
LEF read: Processed 2086 lines.
> lef read /home/runner/work/vyges-edge-sensor-soc/vyges-edge-sensor-soc/lef/xbar_main.lef
Reading LEF data from file /home/runner/work/vyges-edge-sensor-soc/vyges-edge-sensor-soc/lef/xbar_main.lef.
This action cannot be undone.
LEF read: Processed 13066 lines.
> lef read /home/runner/work/vyges-edge-sensor-soc/vyges-edge-sensor-soc/lef/edge_sensor_glue.lef
Reading LEF data from file /home/runner/work/vyges-edge-sensor-soc/vyges-edge-sensor-soc/lef/edge_sensor_glue.lef.
This action cannot be undone.
LEF read: Processed 6156 lines.
> def read /home/runner/work/vyges-edge-sensor-soc/vyges-edge-sensor-soc/openlane/user_project_wrapper/runs/26_04_23_05_14/48-odb-cellfrequencytables/user_project_wrapper.def -noblockage
Reading DEF data from file /home/runner/work/vyges-edge-sensor-soc/vyges-edge-sensor-soc/openlane/user_project_wrapper/runs/26_04_23_05_14/48-odb-cellfrequencytables/user_project_wrapper.def.
This action cannot be undone.
  Processed 6 vias total.
  Processed 1064 subcell instances total.
  Processed 645 pins total.
  Processed 8 special nets total.
  Processed 2849 nets total.
DEF read: Processed 48245 lines.
[INFO] Loading user_project_wrapper

DRC style is now "drc(full)"
Loading DRC CIF style.
[INFO] COUNT: 9057
[INFO] Should be divided by 3 or 4
[INFO] DRC Checking DONE (/home/runner/work/vyges-edge-sensor-soc/vyges-edge-sensor-soc/openlane/user_project_wrapper/runs/26_04_23_05_14/57-magic-drc/reports/drc_violations.magic.rpt)
[INFO] Saving mag view with DRC errors (/home/runner/work/vyges-edge-sensor-soc/vyges-edge-sensor-soc/openlane/user_project_wrapper/runs/26_04_23_05_14/57-magic-drc/views/user_project_wrapper.drc.mag)
[INFO] Saved
