
===========================================================================
report_checks -path_delay max (Setup)
============================================================================
======================= max_ff_n40C_1v95 Corner ===================================

Startpoint: wb_clk_i (clock source 'wb_clk_i')
Endpoint: clk_o (output port clocked by wb_clk_i)
Path Group: wb_clk_i
Path Type: max

Fanout         Cap        Slew       Delay        Time   Description
---------------------------------------------------------------------------------------------
                                 12.500000   12.500000   clock wb_clk_i (fall edge)
                                  0.000000   12.500000   clock source latency
     1    0.004615    0.007539    0.003954   12.503954 v wb_clk_i (in)
                                                         wb_clk_i (net)
                      0.007545    0.000000   12.503954 v _253_/A (sky130_fd_sc_hd__buf_2)
     1    0.018422    0.039749    0.088280   12.592235 v _253_/X (sky130_fd_sc_hd__buf_2)
                                                         net2 (net)
                      0.039978    0.002382   12.594616 v output2/A (sky130_fd_sc_hd__buf_1)
     1    0.034080    0.135114    0.151140   12.745756 v output2/X (sky130_fd_sc_hd__buf_1)
                                                         clk_o (net)
                      0.135134    0.001614   12.747370 v clk_o (out)
                                             12.747370   data arrival time

                                 25.000000   25.000000   clock wb_clk_i (rise edge)
                                  0.000000   25.000000   clock network delay (propagated)
                                 -0.250000   24.750000   clock uncertainty
                                  0.000000   24.750000   clock reconvergence pessimism
                                 -5.000000   19.750000   output external delay
                                             19.750000   data required time
---------------------------------------------------------------------------------------------
                                             19.750000   data required time
                                            -12.747370   data arrival time
---------------------------------------------------------------------------------------------
                                              7.002630   slack (MET)


Startpoint: uart_tx_i (input port clocked by wb_clk_i)
Endpoint: io_out[1] (output port clocked by wb_clk_i)
Path Group: wb_clk_i
Path Type: max

Fanout         Cap        Slew       Delay        Time   Description
---------------------------------------------------------------------------------------------
                                  0.000000    0.000000   clock wb_clk_i (rise edge)
                                  0.000000    0.000000   clock network delay (propagated)
                                  5.000000    5.000000 ^ input external delay
     2    0.041264    0.142796    0.102887    5.102887 ^ uart_tx_i (in)
                                                         uart_tx_i (net)
                      0.143605    0.000000    5.102887 ^ _268_/A (sky130_fd_sc_hd__clkbuf_2)
     1    0.027847    0.119807    0.150277    5.253164 ^ _268_/X (sky130_fd_sc_hd__clkbuf_2)
                                                         net17 (net)
                      0.120118    0.004925    5.258089 ^ output17/A (sky130_fd_sc_hd__buf_2)
     1    0.034951    0.130216    0.160294    5.418383 ^ output17/X (sky130_fd_sc_hd__buf_2)
                                                         io_out[1] (net)
                      0.130291    0.001739    5.420122 ^ io_out[1] (out)
                                              5.420122   data arrival time

                                 25.000000   25.000000   clock wb_clk_i (rise edge)
                                  0.000000   25.000000   clock network delay (propagated)
                                 -0.250000   24.750000   clock uncertainty
                                  0.000000   24.750000   clock reconvergence pessimism
                                 -5.000000   19.750000   output external delay
                                             19.750000   data required time
---------------------------------------------------------------------------------------------
                                             19.750000   data required time
                                             -5.420122   data arrival time
---------------------------------------------------------------------------------------------
                                             14.329878   slack (MET)


Startpoint: spi_cs_n_i (input port clocked by wb_clk_i)
Endpoint: io_out[3] (output port clocked by wb_clk_i)
Path Group: wb_clk_i
Path Type: max

Fanout         Cap        Slew       Delay        Time   Description
---------------------------------------------------------------------------------------------
                                  0.000000    0.000000   clock wb_clk_i (rise edge)
                                  0.000000    0.000000   clock network delay (propagated)
                                  5.000000    5.000000 ^ input external delay
     2    0.043459    0.150292    0.108491    5.108491 ^ spi_cs_n_i (in)
                                                         spi_cs_n_i (net)
                      0.151379    0.000000    5.108491 ^ _270_/A (sky130_fd_sc_hd__clkbuf_2)
     1    0.022506    0.098434    0.137138    5.245629 ^ _270_/X (sky130_fd_sc_hd__clkbuf_2)
                                                         net19 (net)
                      0.098616    0.003407    5.249037 ^ output19/A (sky130_fd_sc_hd__buf_2)
     1    0.034454    0.128896    0.154168    5.403205 ^ output19/X (sky130_fd_sc_hd__buf_2)
                                                         io_out[3] (net)
                      0.128925    0.001613    5.404819 ^ io_out[3] (out)
                                              5.404819   data arrival time

                                 25.000000   25.000000   clock wb_clk_i (rise edge)
                                  0.000000   25.000000   clock network delay (propagated)
                                 -0.250000   24.750000   clock uncertainty
                                  0.000000   24.750000   clock reconvergence pessimism
                                 -5.000000   19.750000   output external delay
                                             19.750000   data required time
---------------------------------------------------------------------------------------------
                                             19.750000   data required time
                                             -5.404819   data arrival time
---------------------------------------------------------------------------------------------
                                             14.345181   slack (MET)


Startpoint: intr_spi_host_rx_full_i (input port clocked by wb_clk_i)
Endpoint: intr_vec_o[11] (output port clocked by wb_clk_i)
Path Group: wb_clk_i
Path Type: max

Fanout         Cap        Slew       Delay        Time   Description
---------------------------------------------------------------------------------------------
                                  0.000000    0.000000   clock wb_clk_i (rise edge)
                                  0.000000    0.000000   clock network delay (propagated)
                                  5.000000    5.000000 ^ input external delay
     2    0.019080    0.068441    0.047703    5.047703 ^ intr_spi_host_rx_full_i (in)
                                                         intr_spi_host_rx_full_i (net)
                      0.068536    0.000000    5.047703 ^ _264_/A (sky130_fd_sc_hd__clkbuf_1)
     1    0.003964    0.041897    0.064017    5.111720 ^ _264_/X (sky130_fd_sc_hd__clkbuf_1)
                                                         net4 (net)
                      0.041899    0.000281    5.112001 ^ output4/A (sky130_fd_sc_hd__buf_2)
     1    0.034134    0.127430    0.139600    5.251601 ^ output4/X (sky130_fd_sc_hd__buf_2)
                                                         intr_vec_o[11] (net)
                      0.127460    0.001605    5.253206 ^ intr_vec_o[11] (out)
                                              5.253206   data arrival time

                                 25.000000   25.000000   clock wb_clk_i (rise edge)
                                  0.000000   25.000000   clock network delay (propagated)
                                 -0.250000   24.750000   clock uncertainty
                                  0.000000   24.750000   clock reconvergence pessimism
                                 -5.000000   19.750000   output external delay
                                             19.750000   data required time
---------------------------------------------------------------------------------------------
                                             19.750000   data required time
                                             -5.253206   data arrival time
---------------------------------------------------------------------------------------------
                                             14.496794   slack (MET)


Startpoint: io_in[0] (input port clocked by wb_clk_i)
Endpoint: uart_rx_o (output port clocked by wb_clk_i)
Path Group: wb_clk_i
Path Type: max

Fanout         Cap        Slew       Delay        Time   Description
---------------------------------------------------------------------------------------------
                                  0.000000    0.000000   clock wb_clk_i (rise edge)
                                  0.000000    0.000000   clock network delay (propagated)
                                  5.000000    5.000000 ^ input external delay
     1    0.015203    0.055664    0.038301    5.038301 ^ io_in[0] (in)
                                                         io_in[0] (net)
                      0.055709    0.000000    5.038301 ^ _274_/A (sky130_fd_sc_hd__clkbuf_1)
     1    0.004614    0.047241    0.066970    5.105271 ^ _274_/X (sky130_fd_sc_hd__clkbuf_1)
                                                         net24 (net)
                      0.047242    0.000310    5.105581 ^ output24/A (sky130_fd_sc_hd__buf_2)
     1    0.034639    0.129205    0.142380    5.247962 ^ output24/X (sky130_fd_sc_hd__buf_2)
                                                         uart_rx_o (net)
                      0.129239    0.001739    5.249701 ^ uart_rx_o (out)
                                              5.249701   data arrival time

                                 25.000000   25.000000   clock wb_clk_i (rise edge)
                                  0.000000   25.000000   clock network delay (propagated)
                                 -0.250000   24.750000   clock uncertainty
                                  0.000000   24.750000   clock reconvergence pessimism
                                 -5.000000   19.750000   output external delay
                                             19.750000   data required time
---------------------------------------------------------------------------------------------
                                             19.750000   data required time
                                             -5.249701   data arrival time
---------------------------------------------------------------------------------------------
                                             14.500299   slack (MET)


Startpoint: intr_uart_tx_done_i (input port clocked by wb_clk_i)
Endpoint: intr_vec_o[4] (output port clocked by wb_clk_i)
Path Group: wb_clk_i
Path Type: max

Fanout         Cap        Slew       Delay        Time   Description
---------------------------------------------------------------------------------------------
                                  0.000000    0.000000   clock wb_clk_i (rise edge)
                                  0.000000    0.000000   clock network delay (propagated)
                                  5.000000    5.000000 ^ input external delay
     1    0.010104    0.038794    0.025743    5.025743 ^ intr_uart_tx_done_i (in)
                                                         intr_uart_tx_done_i (net)
                      0.038817    0.000000    5.025743 ^ _257_/A (sky130_fd_sc_hd__clkbuf_1)
     1    0.006535    0.063370    0.075250    5.100993 ^ _257_/X (sky130_fd_sc_hd__clkbuf_1)
                                                         net11 (net)
                      0.063373    0.000366    5.101359 ^ output11/A (sky130_fd_sc_hd__buf_2)
     1    0.034641    0.129192    0.146517    5.247876 ^ output11/X (sky130_fd_sc_hd__buf_2)
                                                         intr_vec_o[4] (net)
                      0.129226    0.001740    5.249616 ^ intr_vec_o[4] (out)
                                              5.249616   data arrival time

                                 25.000000   25.000000   clock wb_clk_i (rise edge)
                                  0.000000   25.000000   clock network delay (propagated)
                                 -0.250000   24.750000   clock uncertainty
                                  0.000000   24.750000   clock reconvergence pessimism
                                 -5.000000   19.750000   output external delay
                                             19.750000   data required time
---------------------------------------------------------------------------------------------
                                             19.750000   data required time
                                             -5.249616   data arrival time
---------------------------------------------------------------------------------------------
                                             14.500383   slack (MET)


Startpoint: intr_uart_rx_frame_err_i (input port clocked by wb_clk_i)
Endpoint: intr_vec_o[6] (output port clocked by wb_clk_i)
Path Group: wb_clk_i
Path Type: max

Fanout         Cap        Slew       Delay        Time   Description
---------------------------------------------------------------------------------------------
                                  0.000000    0.000000   clock wb_clk_i (rise edge)
                                  0.000000    0.000000   clock network delay (propagated)
                                  5.000000    5.000000 ^ input external delay
     2    0.015050    0.055156    0.038112    5.038112 ^ intr_uart_rx_frame_err_i (in)
                                                         intr_uart_rx_frame_err_i (net)
                      0.055215    0.000000    5.038112 ^ _259_/A (sky130_fd_sc_hd__clkbuf_1)
     1    0.004345    0.044995    0.065345    5.103457 ^ _259_/X (sky130_fd_sc_hd__clkbuf_1)
                                                         net13 (net)
                      0.044996    0.000314    5.103770 ^ output13/A (sky130_fd_sc_hd__buf_2)
     1    0.034167    0.127538    0.140588    5.244358 ^ output13/X (sky130_fd_sc_hd__buf_2)
                                                         intr_vec_o[6] (net)
                      0.127569    0.001648    5.246006 ^ intr_vec_o[6] (out)
                                              5.246006   data arrival time

                                 25.000000   25.000000   clock wb_clk_i (rise edge)
                                  0.000000   25.000000   clock network delay (propagated)
                                 -0.250000   24.750000   clock uncertainty
                                  0.000000   24.750000   clock reconvergence pessimism
                                 -5.000000   19.750000   output external delay
                                             19.750000   data required time
---------------------------------------------------------------------------------------------
                                             19.750000   data required time
                                             -5.246006   data arrival time
---------------------------------------------------------------------------------------------
                                             14.503993   slack (MET)


Startpoint: io_in[5] (input port clocked by wb_clk_i)
Endpoint: spi_miso_o (output port clocked by wb_clk_i)
Path Group: wb_clk_i
Path Type: max

Fanout         Cap        Slew       Delay        Time   Description
---------------------------------------------------------------------------------------------
                                  0.000000    0.000000   clock wb_clk_i (rise edge)
                                  0.000000    0.000000   clock network delay (propagated)
                                  5.000000    5.000000 ^ input external delay
     2    0.018223    0.065637    0.045613    5.045613 ^ io_in[5] (in)
                                                         io_in[5] (net)
                      0.065698    0.000000    5.045613 ^ _273_/A (sky130_fd_sc_hd__clkbuf_1)
     1    0.002523    0.030304    0.055271    5.100885 ^ _273_/X (sky130_fd_sc_hd__clkbuf_1)
                                                         net23 (net)
                      0.030305    0.000166    5.101050 ^ output23/A (sky130_fd_sc_hd__buf_2)
     1    0.034063    0.127205    0.135915    5.236966 ^ output23/X (sky130_fd_sc_hd__buf_2)
                                                         spi_miso_o (net)
                      0.127234    0.001598    5.238564 ^ spi_miso_o (out)
                                              5.238564   data arrival time

                                 25.000000   25.000000   clock wb_clk_i (rise edge)
                                  0.000000   25.000000   clock network delay (propagated)
                                 -0.250000   24.750000   clock uncertainty
                                  0.000000   24.750000   clock reconvergence pessimism
                                 -5.000000   19.750000   output external delay
                                             19.750000   data required time
---------------------------------------------------------------------------------------------
                                             19.750000   data required time
                                             -5.238564   data arrival time
---------------------------------------------------------------------------------------------
                                             14.511436   slack (MET)


Startpoint: intr_uart_rx_watermark_i (input port clocked by wb_clk_i)
Endpoint: intr_vec_o[3] (output port clocked by wb_clk_i)
Path Group: wb_clk_i
Path Type: max

Fanout         Cap        Slew       Delay        Time   Description
---------------------------------------------------------------------------------------------
                                  0.000000    0.000000   clock wb_clk_i (rise edge)
                                  0.000000    0.000000   clock network delay (propagated)
                                  5.000000    5.000000 ^ input external delay
     1    0.012744    0.047859    0.032155    5.032155 ^ intr_uart_rx_watermark_i (in)
                                                         intr_uart_rx_watermark_i (net)
                      0.047881    0.000000    5.032155 ^ _256_/A (sky130_fd_sc_hd__clkbuf_1)
     1    0.003464    0.037613    0.059003    5.091157 ^ _256_/X (sky130_fd_sc_hd__clkbuf_1)
                                                         net10 (net)
                      0.037614    0.000253    5.091410 ^ output10/A (sky130_fd_sc_hd__buf_2)
     1    0.034159    0.127525    0.138334    5.229744 ^ output10/X (sky130_fd_sc_hd__buf_2)
                                                         intr_vec_o[3] (net)
                      0.127556    0.001647    5.231390 ^ intr_vec_o[3] (out)
                                              5.231390   data arrival time

                                 25.000000   25.000000   clock wb_clk_i (rise edge)
                                  0.000000   25.000000   clock network delay (propagated)
                                 -0.250000   24.750000   clock uncertainty
                                  0.000000   24.750000   clock reconvergence pessimism
                                 -5.000000   19.750000   output external delay
                                             19.750000   data required time
---------------------------------------------------------------------------------------------
                                             19.750000   data required time
                                             -5.231390   data arrival time
---------------------------------------------------------------------------------------------
                                             14.518609   slack (MET)


Startpoint: intr_uart_rx_parity_err_i (input port clocked by wb_clk_i)
Endpoint: intr_vec_o[9] (output port clocked by wb_clk_i)
Path Group: wb_clk_i
Path Type: max

Fanout         Cap        Slew       Delay        Time   Description
---------------------------------------------------------------------------------------------
                                  0.000000    0.000000   clock wb_clk_i (rise edge)
                                  0.000000    0.000000   clock network delay (propagated)
                                  5.000000    5.000000 ^ input external delay
     1    0.014132    0.052263    0.035694    5.035694 ^ intr_uart_rx_parity_err_i (in)
                                                         intr_uart_rx_parity_err_i (net)
                      0.052311    0.000000    5.035694 ^ _262_/A (sky130_fd_sc_hd__clkbuf_1)
     1    0.002840    0.032649    0.056172    5.091866 ^ _262_/X (sky130_fd_sc_hd__clkbuf_1)
                                                         net16 (net)
                      0.032649    0.000181    5.092047 ^ output16/A (sky130_fd_sc_hd__buf_2)
     1    0.034145    0.127489    0.136824    5.228871 ^ output16/X (sky130_fd_sc_hd__buf_2)
                                                         intr_vec_o[9] (net)
                      0.127519    0.001606    5.230477 ^ intr_vec_o[9] (out)
                                              5.230477   data arrival time

                                 25.000000   25.000000   clock wb_clk_i (rise edge)
                                  0.000000   25.000000   clock network delay (propagated)
                                 -0.250000   24.750000   clock uncertainty
                                  0.000000   24.750000   clock reconvergence pessimism
                                 -5.000000   19.750000   output external delay
                                             19.750000   data required time
---------------------------------------------------------------------------------------------
                                             19.750000   data required time
                                             -5.230477   data arrival time
---------------------------------------------------------------------------------------------
                                             14.519523   slack (MET)


Startpoint: fft_done_i (input port clocked by wb_clk_i)
Endpoint: intr_vec_o[13] (output port clocked by wb_clk_i)
Path Group: wb_clk_i
Path Type: max

Fanout         Cap        Slew       Delay        Time   Description
---------------------------------------------------------------------------------------------
                                  0.000000    0.000000   clock wb_clk_i (rise edge)
                                  0.000000    0.000000   clock network delay (propagated)
                                  5.000000    5.000000 ^ input external delay
     2    0.010591    0.040441    0.026763    5.026762 ^ fft_done_i (in)
                                                         fft_done_i (net)
                      0.040454    0.000000    5.026762 ^ _266_/A (sky130_fd_sc_hd__clkbuf_1)
     1    0.002584    0.030498    0.052272    5.079035 ^ _266_/X (sky130_fd_sc_hd__clkbuf_1)
                                                         net6 (net)
                      0.030498    0.000177    5.079212 ^ output6/A (sky130_fd_sc_hd__buf_2)
     1    0.035223    0.131311    0.138648    5.217860 ^ output6/X (sky130_fd_sc_hd__buf_2)
                                                         intr_vec_o[13] (net)
                      0.131350    0.001874    5.219734 ^ intr_vec_o[13] (out)
                                              5.219734   data arrival time

                                 25.000000   25.000000   clock wb_clk_i (rise edge)
                                  0.000000   25.000000   clock network delay (propagated)
                                 -0.250000   24.750000   clock uncertainty
                                  0.000000   24.750000   clock reconvergence pessimism
                                 -5.000000   19.750000   output external delay
                                             19.750000   data required time
---------------------------------------------------------------------------------------------
                                             19.750000   data required time
                                             -5.219734   data arrival time
---------------------------------------------------------------------------------------------
                                             14.530266   slack (MET)


Startpoint: fft_done_i (input port clocked by wb_clk_i)
Endpoint: io_out[6] (output port clocked by wb_clk_i)
Path Group: wb_clk_i
Path Type: max

Fanout         Cap        Slew       Delay        Time   Description
---------------------------------------------------------------------------------------------
                                  0.000000    0.000000   clock wb_clk_i (rise edge)
                                  0.000000    0.000000   clock network delay (propagated)
                                  5.000000    5.000000 ^ input external delay
     2    0.010591    0.040441    0.026771    5.026772 ^ fft_done_i (in)
                                                         fft_done_i (net)
                      0.040454    0.000000    5.026772 ^ _272_/A (sky130_fd_sc_hd__clkbuf_1)
     1    0.002549    0.030219    0.052065    5.078836 ^ _272_/X (sky130_fd_sc_hd__clkbuf_1)
                                                         net21 (net)
                      0.030220    0.000174    5.079010 ^ output21/A (sky130_fd_sc_hd__buf_2)
     1    0.035079    0.130800    0.138205    5.217215 ^ output21/X (sky130_fd_sc_hd__buf_2)
                                                         io_out[6] (net)
                      0.130840    0.001875    5.219090 ^ io_out[6] (out)
                                              5.219090   data arrival time

                                 25.000000   25.000000   clock wb_clk_i (rise edge)
                                  0.000000   25.000000   clock network delay (propagated)
                                 -0.250000   24.750000   clock uncertainty
                                  0.000000   24.750000   clock reconvergence pessimism
                                 -5.000000   19.750000   output external delay
                                             19.750000   data required time
---------------------------------------------------------------------------------------------
                                             19.750000   data required time
                                             -5.219090   data arrival time
---------------------------------------------------------------------------------------------
                                             14.530909   slack (MET)


Startpoint: intr_uart_tx_watermark_i (input port clocked by wb_clk_i)
Endpoint: intr_vec_o[1] (output port clocked by wb_clk_i)
Path Group: wb_clk_i
Path Type: max

Fanout         Cap        Slew       Delay        Time   Description
---------------------------------------------------------------------------------------------
                                  0.000000    0.000000   clock wb_clk_i (rise edge)
                                  0.000000    0.000000   clock network delay (propagated)
                                  5.000000    5.000000 ^ input external delay
     1    0.010410    0.039933    0.026354    5.026354 ^ intr_uart_tx_watermark_i (in)
                                                         intr_uart_tx_watermark_i (net)
                      0.039946    0.000000    5.026354 ^ _254_/A (sky130_fd_sc_hd__clkbuf_1)
     1    0.002583    0.030491    0.052174    5.078528 ^ _254_/X (sky130_fd_sc_hd__clkbuf_1)
                                                         net8 (net)
                      0.030491    0.000167    5.078696 ^ output8/A (sky130_fd_sc_hd__buf_2)
     1    0.034151    0.127515    0.136158    5.214854 ^ output8/X (sky130_fd_sc_hd__buf_2)
                                                         intr_vec_o[1] (net)
                      0.127546    0.001647    5.216500 ^ intr_vec_o[1] (out)
                                              5.216500   data arrival time

                                 25.000000   25.000000   clock wb_clk_i (rise edge)
                                  0.000000   25.000000   clock network delay (propagated)
                                 -0.250000   24.750000   clock uncertainty
                                  0.000000   24.750000   clock reconvergence pessimism
                                 -5.000000   19.750000   output external delay
                                             19.750000   data required time
---------------------------------------------------------------------------------------------
                                             19.750000   data required time
                                             -5.216500   data arrival time
---------------------------------------------------------------------------------------------
                                             14.533500   slack (MET)


Startpoint: wb_rst_i (input port clocked by wb_clk_i)
Endpoint: rst_no (output port clocked by wb_clk_i)
Path Group: wb_clk_i
Path Type: max

Fanout         Cap        Slew       Delay        Time   Description
---------------------------------------------------------------------------------------------
                                  0.000000    0.000000   clock wb_clk_i (rise edge)
                                  0.000000    0.000000   clock network delay (propagated)
                                  5.000000    5.000000 v input external delay
     1    0.002746    0.004635    0.002270    5.002270 v wb_rst_i (in)
                                                         wb_rst_i (net)
                      0.004638    0.000000    5.002270 v input1/A (sky130_fd_sc_hd__clkbuf_1)
     1    0.005355    0.027273    0.054734    5.057004 v input1/X (sky130_fd_sc_hd__clkbuf_1)
                                                         net1 (net)
                      0.027279    0.000385    5.057389 v _000_/A (sky130_fd_sc_hd__inv_2)
     1    0.002342    0.015111    0.024727    5.082116 ^ _000_/Y (sky130_fd_sc_hd__inv_2)
                                                         net22 (net)
                      0.015111    0.000105    5.082221 ^ output22/A (sky130_fd_sc_hd__buf_2)
     1    0.034229    0.127789    0.131820    5.214041 ^ output22/X (sky130_fd_sc_hd__buf_2)
                                                         rst_no (net)
                      0.127819    0.001631    5.215672 ^ rst_no (out)
                                              5.215672   data arrival time

                                 25.000000   25.000000   clock wb_clk_i (rise edge)
                                  0.000000   25.000000   clock network delay (propagated)
                                 -0.250000   24.750000   clock uncertainty
                                  0.000000   24.750000   clock reconvergence pessimism
                                 -5.000000   19.750000   output external delay
                                             19.750000   data required time
---------------------------------------------------------------------------------------------
                                             19.750000   data required time
                                             -5.215672   data arrival time
---------------------------------------------------------------------------------------------
                                             14.534328   slack (MET)


Startpoint: intr_uart_tx_empty_i (input port clocked by wb_clk_i)
Endpoint: intr_vec_o[2] (output port clocked by wb_clk_i)
Path Group: wb_clk_i
Path Type: max

Fanout         Cap        Slew       Delay        Time   Description
---------------------------------------------------------------------------------------------
                                  0.000000    0.000000   clock wb_clk_i (rise edge)
                                  0.000000    0.000000   clock network delay (propagated)
                                  5.000000    5.000000 ^ input external delay
     1    0.003763    0.017360    0.009818    5.009818 ^ intr_uart_tx_empty_i (in)
                                                         intr_uart_tx_empty_i (net)
                      0.017362    0.000000    5.009818 ^ _255_/A (sky130_fd_sc_hd__clkbuf_1)
     1    0.004970    0.050152    0.061313    5.071131 ^ _255_/X (sky130_fd_sc_hd__clkbuf_1)
                                                         net9 (net)
                      0.050175    0.000393    5.071523 ^ output9/A (sky130_fd_sc_hd__buf_2)
     1    0.034016    0.127362    0.141761    5.213284 ^ output9/X (sky130_fd_sc_hd__buf_2)
                                                         intr_vec_o[2] (net)
                      0.127391    0.001596    5.214880 ^ intr_vec_o[2] (out)
                                              5.214880   data arrival time

                                 25.000000   25.000000   clock wb_clk_i (rise edge)
                                  0.000000   25.000000   clock network delay (propagated)
                                 -0.250000   24.750000   clock uncertainty
                                  0.000000   24.750000   clock reconvergence pessimism
                                 -5.000000   19.750000   output external delay
                                             19.750000   data required time
---------------------------------------------------------------------------------------------
                                             19.750000   data required time
                                             -5.214880   data arrival time
---------------------------------------------------------------------------------------------
                                             14.535118   slack (MET)


Startpoint: intr_spi_host_idle_i (input port clocked by wb_clk_i)
Endpoint: intr_vec_o[12] (output port clocked by wb_clk_i)
Path Group: wb_clk_i
Path Type: max

Fanout         Cap        Slew       Delay        Time   Description
---------------------------------------------------------------------------------------------
                                  0.000000    0.000000   clock wb_clk_i (rise edge)
                                  0.000000    0.000000   clock network delay (propagated)
                                  5.000000    5.000000 ^ input external delay
     1    0.004582    0.020268    0.012050    5.012050 ^ intr_spi_host_idle_i (in)
                                                         intr_spi_host_idle_i (net)
                      0.020275    0.000000    5.012050 ^ _265_/A (sky130_fd_sc_hd__clkbuf_1)
     1    0.003262    0.035878    0.052145    5.064195 ^ _265_/X (sky130_fd_sc_hd__clkbuf_1)
                                                         net5 (net)
                      0.035879    0.000199    5.064394 ^ output5/A (sky130_fd_sc_hd__buf_2)
     1    0.034463    0.128988    0.138525    5.202919 ^ output5/X (sky130_fd_sc_hd__buf_2)
                                                         intr_vec_o[12] (net)
                      0.129017    0.001614    5.204533 ^ intr_vec_o[12] (out)
                                              5.204533   data arrival time

                                 25.000000   25.000000   clock wb_clk_i (rise edge)
                                  0.000000   25.000000   clock network delay (propagated)
                                 -0.250000   24.750000   clock uncertainty
                                  0.000000   24.750000   clock reconvergence pessimism
                                 -5.000000   19.750000   output external delay
                                             19.750000   data required time
---------------------------------------------------------------------------------------------
                                             19.750000   data required time
                                             -5.204533   data arrival time
---------------------------------------------------------------------------------------------
                                             14.545466   slack (MET)


Startpoint: intr_spi_host_tx_empty_i (input port clocked by wb_clk_i)
Endpoint: intr_vec_o[10] (output port clocked by wb_clk_i)
Path Group: wb_clk_i
Path Type: max

Fanout         Cap        Slew       Delay        Time   Description
---------------------------------------------------------------------------------------------
                                  0.000000    0.000000   clock wb_clk_i (rise edge)
                                  0.000000    0.000000   clock network delay (propagated)
                                  5.000000    5.000000 ^ input external delay
     1    0.003799    0.017507    0.009911    5.009911 ^ intr_spi_host_tx_empty_i (in)
                                                         intr_spi_host_tx_empty_i (net)
                      0.017508    0.000000    5.009911 ^ _263_/A (sky130_fd_sc_hd__clkbuf_1)
     1    0.003437    0.037306    0.052445    5.062356 ^ _263_/X (sky130_fd_sc_hd__clkbuf_1)
                                                         net3 (net)
                      0.037306    0.000215    5.062572 ^ output3/A (sky130_fd_sc_hd__buf_2)
     1    0.034968    0.130395    0.140177    5.202748 ^ output3/X (sky130_fd_sc_hd__buf_2)
                                                         intr_vec_o[10] (net)
                      0.130429    0.001737    5.204485 ^ intr_vec_o[10] (out)
                                              5.204485   data arrival time

                                 25.000000   25.000000   clock wb_clk_i (rise edge)
                                  0.000000   25.000000   clock network delay (propagated)
                                 -0.250000   24.750000   clock uncertainty
                                  0.000000   24.750000   clock reconvergence pessimism
                                 -5.000000   19.750000   output external delay
                                             19.750000   data required time
---------------------------------------------------------------------------------------------
                                             19.750000   data required time
                                             -5.204485   data arrival time
---------------------------------------------------------------------------------------------
                                             14.545514   slack (MET)


Startpoint: fft_error_i (input port clocked by wb_clk_i)
Endpoint: intr_vec_o[14] (output port clocked by wb_clk_i)
Path Group: wb_clk_i
Path Type: max

Fanout         Cap        Slew       Delay        Time   Description
---------------------------------------------------------------------------------------------
                                  0.000000    0.000000   clock wb_clk_i (rise edge)
                                  0.000000    0.000000   clock network delay (propagated)
                                  5.000000    5.000000 ^ input external delay
     1    0.005034    0.021823    0.013203    5.013203 ^ fft_error_i (in)
                                                         fft_error_i (net)
                      0.021831    0.000000    5.013203 ^ _267_/A (sky130_fd_sc_hd__clkbuf_1)
     1    0.003052    0.034163    0.051303    5.064506 ^ _267_/X (sky130_fd_sc_hd__clkbuf_1)
                                                         net7 (net)
                      0.034163    0.000191    5.064698 ^ output7/A (sky130_fd_sc_hd__buf_2)
     1    0.034527    0.129221    0.138155    5.202853 ^ output7/X (sky130_fd_sc_hd__buf_2)
                                                         intr_vec_o[14] (net)
                      0.129251    0.001621    5.204474 ^ intr_vec_o[14] (out)
                                              5.204474   data arrival time

                                 25.000000   25.000000   clock wb_clk_i (rise edge)
                                  0.000000   25.000000   clock network delay (propagated)
                                 -0.250000   24.750000   clock uncertainty
                                  0.000000   24.750000   clock reconvergence pessimism
                                 -5.000000   19.750000   output external delay
                                             19.750000   data required time
---------------------------------------------------------------------------------------------
                                             19.750000   data required time
                                             -5.204474   data arrival time
---------------------------------------------------------------------------------------------
                                             14.545526   slack (MET)


Startpoint: spi_sclk_i (input port clocked by wb_clk_i)
Endpoint: io_out[2] (output port clocked by wb_clk_i)
Path Group: wb_clk_i
Path Type: max

Fanout         Cap        Slew       Delay        Time   Description
---------------------------------------------------------------------------------------------
                                  0.000000    0.000000   clock wb_clk_i (rise edge)
                                  0.000000    0.000000   clock network delay (propagated)
                                  5.000000    5.000000 ^ input external delay
     1    0.004168    0.018789    0.010892    5.010892 ^ spi_sclk_i (in)
                                                         spi_sclk_i (net)
                      0.018792    0.000000    5.010892 ^ _269_/A (sky130_fd_sc_hd__clkbuf_1)
     1    0.002955    0.033366    0.049915    5.060807 ^ _269_/X (sky130_fd_sc_hd__clkbuf_1)
                                                         net18 (net)
                      0.033366    0.000185    5.060992 ^ output18/A (sky130_fd_sc_hd__buf_2)
     1    0.034641    0.129243    0.138178    5.199170 ^ output18/X (sky130_fd_sc_hd__buf_2)
                                                         io_out[2] (net)
                      0.129277    0.001740    5.200910 ^ io_out[2] (out)
                                              5.200910   data arrival time

                                 25.000000   25.000000   clock wb_clk_i (rise edge)
                                  0.000000   25.000000   clock network delay (propagated)
                                 -0.250000   24.750000   clock uncertainty
                                  0.000000   24.750000   clock reconvergence pessimism
                                 -5.000000   19.750000   output external delay
                                             19.750000   data required time
---------------------------------------------------------------------------------------------
                                             19.750000   data required time
                                             -5.200910   data arrival time
---------------------------------------------------------------------------------------------
                                             14.549089   slack (MET)


Startpoint: intr_uart_rx_overflow_i (input port clocked by wb_clk_i)
Endpoint: intr_vec_o[5] (output port clocked by wb_clk_i)
Path Group: wb_clk_i
Path Type: max

Fanout         Cap        Slew       Delay        Time   Description
---------------------------------------------------------------------------------------------
                                  0.000000    0.000000   clock wb_clk_i (rise edge)
                                  0.000000    0.000000   clock network delay (propagated)
                                  5.000000    5.000000 ^ input external delay
     1    0.004436    0.019757    0.011596    5.011596 ^ intr_uart_rx_overflow_i (in)
                                                         intr_uart_rx_overflow_i (net)
                      0.019760    0.000000    5.011596 ^ _258_/A (sky130_fd_sc_hd__clkbuf_1)
     1    0.002660    0.030953    0.048400    5.059997 ^ _258_/X (sky130_fd_sc_hd__clkbuf_1)
                                                         net12 (net)
                      0.030954    0.000175    5.060171 ^ output12/A (sky130_fd_sc_hd__buf_2)
     1    0.034599    0.129101    0.137357    5.197528 ^ output12/X (sky130_fd_sc_hd__buf_2)
                                                         intr_vec_o[5] (net)
                      0.129135    0.001722    5.199251 ^ intr_vec_o[5] (out)
                                              5.199251   data arrival time

                                 25.000000   25.000000   clock wb_clk_i (rise edge)
                                  0.000000   25.000000   clock network delay (propagated)
                                 -0.250000   24.750000   clock uncertainty
                                  0.000000   24.750000   clock reconvergence pessimism
                                 -5.000000   19.750000   output external delay
                                             19.750000   data required time
---------------------------------------------------------------------------------------------
                                             19.750000   data required time
                                             -5.199251   data arrival time
---------------------------------------------------------------------------------------------
                                             14.550749   slack (MET)


Startpoint: intr_uart_rx_timeout_i (input port clocked by wb_clk_i)
Endpoint: intr_vec_o[8] (output port clocked by wb_clk_i)
Path Group: wb_clk_i
Path Type: max

Fanout         Cap        Slew       Delay        Time   Description
---------------------------------------------------------------------------------------------
                                  0.000000    0.000000   clock wb_clk_i (rise edge)
                                  0.000000    0.000000   clock network delay (propagated)
                                  5.000000    5.000000 ^ input external delay
     1    0.004144    0.018707    0.010829    5.010829 ^ intr_uart_rx_timeout_i (in)
                                                         intr_uart_rx_timeout_i (net)
                      0.018709    0.000000    5.010829 ^ _261_/A (sky130_fd_sc_hd__clkbuf_1)
     1    0.002721    0.031448    0.048483    5.059312 ^ _261_/X (sky130_fd_sc_hd__clkbuf_1)
                                                         net15 (net)
                      0.031449    0.000180    5.059492 ^ output15/A (sky130_fd_sc_hd__buf_2)
     1    0.034599    0.129100    0.137507    5.196999 ^ output15/X (sky130_fd_sc_hd__buf_2)
                                                         intr_vec_o[8] (net)
                      0.129133    0.001722    5.198721 ^ intr_vec_o[8] (out)
                                              5.198721   data arrival time

                                 25.000000   25.000000   clock wb_clk_i (rise edge)
                                  0.000000   25.000000   clock network delay (propagated)
                                 -0.250000   24.750000   clock uncertainty
                                  0.000000   24.750000   clock reconvergence pessimism
                                 -5.000000   19.750000   output external delay
                                             19.750000   data required time
---------------------------------------------------------------------------------------------
                                             19.750000   data required time
                                             -5.198721   data arrival time
---------------------------------------------------------------------------------------------
                                             14.551278   slack (MET)


Startpoint: intr_uart_rx_break_err_i (input port clocked by wb_clk_i)
Endpoint: intr_vec_o[7] (output port clocked by wb_clk_i)
Path Group: wb_clk_i
Path Type: max

Fanout         Cap        Slew       Delay        Time   Description
---------------------------------------------------------------------------------------------
                                  0.000000    0.000000   clock wb_clk_i (rise edge)
                                  0.000000    0.000000   clock network delay (propagated)
                                  5.000000    5.000000 ^ input external delay
     1    0.003936    0.017971    0.010277    5.010277 ^ intr_uart_rx_break_err_i (in)
                                                         intr_uart_rx_break_err_i (net)
                      0.017973    0.000000    5.010277 ^ _260_/A (sky130_fd_sc_hd__clkbuf_1)
     1    0.002565    0.030178    0.047359    5.057636 ^ _260_/X (sky130_fd_sc_hd__clkbuf_1)
                                                         net14 (net)
                      0.030178    0.000167    5.057803 ^ output14/A (sky130_fd_sc_hd__buf_2)
     1    0.034010    0.127016    0.135747    5.193550 ^ output14/X (sky130_fd_sc_hd__buf_2)
                                                         intr_vec_o[7] (net)
                      0.127045    0.001596    5.195146 ^ intr_vec_o[7] (out)
                                              5.195146   data arrival time

                                 25.000000   25.000000   clock wb_clk_i (rise edge)
                                  0.000000   25.000000   clock network delay (propagated)
                                 -0.250000   24.750000   clock uncertainty
                                  0.000000   24.750000   clock reconvergence pessimism
                                 -5.000000   19.750000   output external delay
                                             19.750000   data required time
---------------------------------------------------------------------------------------------
                                             19.750000   data required time
                                             -5.195146   data arrival time
---------------------------------------------------------------------------------------------
                                             14.554853   slack (MET)


Startpoint: spi_mosi_i (input port clocked by wb_clk_i)
Endpoint: io_out[4] (output port clocked by wb_clk_i)
Path Group: wb_clk_i
Path Type: max

Fanout         Cap        Slew       Delay        Time   Description
---------------------------------------------------------------------------------------------
                                  0.000000    0.000000   clock wb_clk_i (rise edge)
                                  0.000000    0.000000   clock network delay (propagated)
                                  5.000000    5.000000 ^ input external delay
     1    0.003764    0.017384    0.009825    5.009825 ^ spi_mosi_i (in)
                                                         spi_mosi_i (net)
                      0.017387    0.000000    5.009825 ^ _271_/A (sky130_fd_sc_hd__clkbuf_1)
     1    0.002362    0.028540    0.046004    5.055829 ^ _271_/X (sky130_fd_sc_hd__clkbuf_1)
                                                         net20 (net)
                      0.028540    0.000111    5.055940 ^ output20/A (sky130_fd_sc_hd__buf_2)
     1    0.034081    0.127273    0.135428    5.191368 ^ output20/X (sky130_fd_sc_hd__buf_2)
                                                         io_out[4] (net)
                      0.127303    0.001597    5.192965 ^ io_out[4] (out)
                                              5.192965   data arrival time

                                 25.000000   25.000000   clock wb_clk_i (rise edge)
                                  0.000000   25.000000   clock network delay (propagated)
                                 -0.250000   24.750000   clock uncertainty
                                  0.000000   24.750000   clock reconvergence pessimism
                                 -5.000000   19.750000   output external delay
                                             19.750000   data required time
---------------------------------------------------------------------------------------------
                                             19.750000   data required time
                                             -5.192965   data arrival time
---------------------------------------------------------------------------------------------
                                             14.557035   slack (MET)


Startpoint: plic_irq_i (input port clocked by wb_clk_i)
Endpoint: user_irq[0] (output port clocked by wb_clk_i)
Path Group: wb_clk_i
Path Type: max

Fanout         Cap        Slew       Delay        Time   Description
---------------------------------------------------------------------------------------------
                                  0.000000    0.000000   clock wb_clk_i (rise edge)
                                  0.000000    0.000000   clock network delay (propagated)
                                  5.000000    5.000000 ^ input external delay
     1    0.003510    0.016467    0.009147    5.009148 ^ plic_irq_i (in)
                                                         plic_irq_i (net)
                      0.016469    0.000000    5.009148 ^ _275_/A (sky130_fd_sc_hd__clkbuf_1)
     1    0.002383    0.028698    0.045862    5.055010 ^ _275_/X (sky130_fd_sc_hd__clkbuf_1)
                                                         net25 (net)
                      0.028699    0.000173    5.055182 ^ output25/A (sky130_fd_sc_hd__buf_2)
     1    0.034132    0.127452    0.135595    5.190778 ^ output25/X (sky130_fd_sc_hd__buf_2)
                                                         user_irq[0] (net)
                      0.127482    0.001606    5.192384 ^ user_irq[0] (out)
                                              5.192384   data arrival time

                                 25.000000   25.000000   clock wb_clk_i (rise edge)
                                  0.000000   25.000000   clock network delay (propagated)
                                 -0.250000   24.750000   clock uncertainty
                                  0.000000   24.750000   clock reconvergence pessimism
                                 -5.000000   19.750000   output external delay
                                             19.750000   data required time
---------------------------------------------------------------------------------------------
                                             19.750000   data required time
                                             -5.192384   data arrival time
---------------------------------------------------------------------------------------------
                                             14.557616   slack (MET)



