
===========================================================================
report_checks -path_delay min (Hold)
============================================================================
======================= max_ff_n40C_1v95 Corner ===================================

Startpoint: wb_clk_i (clock source 'wb_clk_i')
Endpoint: clk_o (output port clocked by wb_clk_i)
Path Group: wb_clk_i
Path Type: min

Fanout         Cap        Slew       Delay        Time   Description
---------------------------------------------------------------------------------------------
                                  0.000000    0.000000   clock wb_clk_i (rise edge)
                                  0.000000    0.000000   clock source latency
     1    0.007717    0.030820    0.019701    0.019701 ^ wb_clk_i (in)
                                                         wb_clk_i (net)
                      0.030825    0.000000    0.019701 ^ _252_/A (sky130_fd_sc_hd__buf_2)
     1    0.012233    0.050298    0.082540    0.102242 ^ _252_/X (sky130_fd_sc_hd__buf_2)
                                                         net2 (net)
                      0.050369    0.001245    0.103486 ^ output2/A (sky130_fd_sc_hd__buf_1)
     1    0.034129    0.298573    0.238732    0.342218 ^ output2/X (sky130_fd_sc_hd__buf_1)
                                                         clk_o (net)
                      0.298586    0.001703    0.343920 ^ clk_o (out)
                                              0.343920   data arrival time

                                  0.000000    0.000000   clock wb_clk_i (rise edge)
                                  0.000000    0.000000   clock network delay (propagated)
                                  0.250000    0.250000   clock uncertainty
                                  0.000000    0.250000   clock reconvergence pessimism
                                 -5.000000   -4.750000   output external delay
                                             -4.750000   data required time
---------------------------------------------------------------------------------------------
                                             -4.750000   data required time
                                             -0.343920   data arrival time
---------------------------------------------------------------------------------------------
                                              5.093921   slack (MET)


Startpoint: io_in[0] (input port clocked by wb_clk_i)
Endpoint: uart_rx_o (output port clocked by wb_clk_i)
Path Group: wb_clk_i
Path Type: min

Fanout         Cap        Slew       Delay        Time   Description
---------------------------------------------------------------------------------------------
                                  0.000000    0.000000   clock wb_clk_i (rise edge)
                                  0.000000    0.000000   clock network delay (propagated)
                                  5.000000    5.000000 v input external delay
     1    0.003479    0.005710    0.002929    5.002929 v io_in[0] (in)
                                                         io_in[0] (net)
                      0.005719    0.000000    5.002929 v _278_/A (sky130_fd_sc_hd__clkbuf_1)
     1    0.002203    0.016272    0.044609    5.047539 v _278_/X (sky130_fd_sc_hd__clkbuf_1)
                                                         net29 (net)
                      0.016272    0.000103    5.047641 v output29/A (sky130_fd_sc_hd__buf_2)
     1    0.034386    0.062938    0.111395    5.159036 v output29/X (sky130_fd_sc_hd__buf_2)
                                                         uart_rx_o (net)
                      0.062998    0.001744    5.160780 v uart_rx_o (out)
                                              5.160780   data arrival time

                                  0.000000    0.000000   clock wb_clk_i (rise edge)
                                  0.000000    0.000000   clock network delay (propagated)
                                  0.250000    0.250000   clock uncertainty
                                  0.000000    0.250000   clock reconvergence pessimism
                                 -5.000000   -4.750000   output external delay
                                             -4.750000   data required time
---------------------------------------------------------------------------------------------
                                             -4.750000   data required time
                                             -5.160780   data arrival time
---------------------------------------------------------------------------------------------
                                              9.910780   slack (MET)


Startpoint: intr_uart_rx_parity_err_i (input port clocked by wb_clk_i)
Endpoint: intr_vec_o[9] (output port clocked by wb_clk_i)
Path Group: wb_clk_i
Path Type: min

Fanout         Cap        Slew       Delay        Time   Description
---------------------------------------------------------------------------------------------
                                  0.000000    0.000000   clock wb_clk_i (rise edge)
                                  0.000000    0.000000   clock network delay (propagated)
                                  5.000000    5.000000 v input external delay
     1    0.004180    0.006801    0.003556    5.003556 v intr_uart_rx_parity_err_i (in)
                                                         intr_uart_rx_parity_err_i (net)
                      0.006808    0.000000    5.003556 v _261_/A (sky130_fd_sc_hd__clkbuf_1)
     1    0.002389    0.016920    0.045687    5.049243 v _261_/X (sky130_fd_sc_hd__clkbuf_1)
                                                         net16 (net)
                      0.016921    0.000161    5.049404 v output16/A (sky130_fd_sc_hd__buf_2)
     1    0.034588    0.063232    0.111909    5.161313 v output16/X (sky130_fd_sc_hd__buf_2)
                                                         intr_vec_o[9] (net)
                      0.063290    0.001718    5.163031 v intr_vec_o[9] (out)
                                              5.163031   data arrival time

                                  0.000000    0.000000   clock wb_clk_i (rise edge)
                                  0.000000    0.000000   clock network delay (propagated)
                                  0.250000    0.250000   clock uncertainty
                                  0.000000    0.250000   clock reconvergence pessimism
                                 -5.000000   -4.750000   output external delay
                                             -4.750000   data required time
---------------------------------------------------------------------------------------------
                                             -4.750000   data required time
                                             -5.163031   data arrival time
---------------------------------------------------------------------------------------------
                                              9.913031   slack (MET)


Startpoint: intr_uart_tx_empty_i (input port clocked by wb_clk_i)
Endpoint: intr_vec_o[2] (output port clocked by wb_clk_i)
Path Group: wb_clk_i
Path Type: min

Fanout         Cap        Slew       Delay        Time   Description
---------------------------------------------------------------------------------------------
                                  0.000000    0.000000   clock wb_clk_i (rise edge)
                                  0.000000    0.000000   clock network delay (propagated)
                                  5.000000    5.000000 v input external delay
     1    0.004488    0.007338    0.003828    5.003829 v intr_uart_tx_empty_i (in)
                                                         intr_uart_tx_empty_i (net)
                      0.007345    0.000000    5.003829 v _254_/A (sky130_fd_sc_hd__clkbuf_1)
     1    0.002430    0.017064    0.046042    5.049870 v _254_/X (sky130_fd_sc_hd__clkbuf_1)
                                                         net9 (net)
                      0.017065    0.000155    5.050025 v output9/A (sky130_fd_sc_hd__buf_2)
     1    0.034108    0.062506    0.111419    5.161445 v output9/X (sky130_fd_sc_hd__buf_2)
                                                         intr_vec_o[2] (net)
                      0.062558    0.001619    5.163064 v intr_vec_o[2] (out)
                                              5.163064   data arrival time

                                  0.000000    0.000000   clock wb_clk_i (rise edge)
                                  0.000000    0.000000   clock network delay (propagated)
                                  0.250000    0.250000   clock uncertainty
                                  0.000000    0.250000   clock reconvergence pessimism
                                 -5.000000   -4.750000   output external delay
                                             -4.750000   data required time
---------------------------------------------------------------------------------------------
                                             -4.750000   data required time
                                             -5.163064   data arrival time
---------------------------------------------------------------------------------------------
                                              9.913064   slack (MET)


Startpoint: io_in[11] (input port clocked by wb_clk_i)
Endpoint: jtag_trst_n_o (output port clocked by wb_clk_i)
Path Group: wb_clk_i
Path Type: min

Fanout         Cap        Slew       Delay        Time   Description
---------------------------------------------------------------------------------------------
                                  0.000000    0.000000   clock wb_clk_i (rise edge)
                                  0.000000    0.000000   clock network delay (propagated)
                                  5.000000    5.000000 v input external delay
     1    0.003633    0.005939    0.003062    5.003063 v io_in[11] (in)
                                                         io_in[11] (net)
                      0.005948    0.000000    5.003063 v _276_/A (sky130_fd_sc_hd__clkbuf_1)
     1    0.002594    0.017630    0.046145    5.049207 v _276_/X (sky130_fd_sc_hd__clkbuf_1)
                                                         net26 (net)
                      0.017631    0.000163    5.049370 v output26/A (sky130_fd_sc_hd__buf_2)
     1    0.034525    0.063122    0.112161    5.161531 v output26/X (sky130_fd_sc_hd__buf_2)
                                                         jtag_trst_n_o (net)
                      0.063173    0.001615    5.163146 v jtag_trst_n_o (out)
                                              5.163146   data arrival time

                                  0.000000    0.000000   clock wb_clk_i (rise edge)
                                  0.000000    0.000000   clock network delay (propagated)
                                  0.250000    0.250000   clock uncertainty
                                  0.000000    0.250000   clock reconvergence pessimism
                                 -5.000000   -4.750000   output external delay
                                             -4.750000   data required time
---------------------------------------------------------------------------------------------
                                             -4.750000   data required time
                                             -5.163146   data arrival time
---------------------------------------------------------------------------------------------
                                              9.913146   slack (MET)


Startpoint: intr_spi_host_tx_empty_i (input port clocked by wb_clk_i)
Endpoint: intr_vec_o[10] (output port clocked by wb_clk_i)
Path Group: wb_clk_i
Path Type: min

Fanout         Cap        Slew       Delay        Time   Description
---------------------------------------------------------------------------------------------
                                  0.000000    0.000000   clock wb_clk_i (rise edge)
                                  0.000000    0.000000   clock network delay (propagated)
                                  5.000000    5.000000 v input external delay
     1    0.004289    0.006986    0.003658    5.003658 v intr_spi_host_tx_empty_i (in)
                                                         intr_spi_host_tx_empty_i (net)
                      0.006992    0.000000    5.003658 v _262_/A (sky130_fd_sc_hd__clkbuf_1)
     1    0.002527    0.017411    0.046292    5.049951 v _262_/X (sky130_fd_sc_hd__clkbuf_1)
                                                         net3 (net)
                      0.017411    0.000106    5.050056 v output3/A (sky130_fd_sc_hd__buf_2)
     1    0.034186    0.062621    0.111656    5.161712 v output3/X (sky130_fd_sc_hd__buf_2)
                                                         intr_vec_o[10] (net)
                      0.062671    0.001604    5.163316 v intr_vec_o[10] (out)
                                              5.163316   data arrival time

                                  0.000000    0.000000   clock wb_clk_i (rise edge)
                                  0.000000    0.000000   clock network delay (propagated)
                                  0.250000    0.250000   clock uncertainty
                                  0.000000    0.250000   clock reconvergence pessimism
                                 -5.000000   -4.750000   output external delay
                                             -4.750000   data required time
---------------------------------------------------------------------------------------------
                                             -4.750000   data required time
                                             -5.163316   data arrival time
---------------------------------------------------------------------------------------------
                                              9.913317   slack (MET)


Startpoint: intr_spi_host_idle_i (input port clocked by wb_clk_i)
Endpoint: intr_vec_o[12] (output port clocked by wb_clk_i)
Path Group: wb_clk_i
Path Type: min

Fanout         Cap        Slew       Delay        Time   Description
---------------------------------------------------------------------------------------------
                                  0.000000    0.000000   clock wb_clk_i (rise edge)
                                  0.000000    0.000000   clock network delay (propagated)
                                  5.000000    5.000000 v input external delay
     1    0.003960    0.006438    0.003368    5.003368 v intr_spi_host_idle_i (in)
                                                         intr_spi_host_idle_i (net)
                      0.006445    0.000000    5.003368 v _264_/A (sky130_fd_sc_hd__clkbuf_1)
     1    0.002664    0.017872    0.046585    5.049953 v _264_/X (sky130_fd_sc_hd__clkbuf_1)
                                                         net5 (net)
                      0.017873    0.000168    5.050120 v output5/A (sky130_fd_sc_hd__buf_2)
     1    0.034155    0.062581    0.111766    5.161886 v output5/X (sky130_fd_sc_hd__buf_2)
                                                         intr_vec_o[12] (net)
                      0.062633    0.001618    5.163504 v intr_vec_o[12] (out)
                                              5.163504   data arrival time

                                  0.000000    0.000000   clock wb_clk_i (rise edge)
                                  0.000000    0.000000   clock network delay (propagated)
                                  0.250000    0.250000   clock uncertainty
                                  0.000000    0.250000   clock reconvergence pessimism
                                 -5.000000   -4.750000   output external delay
                                             -4.750000   data required time
---------------------------------------------------------------------------------------------
                                             -4.750000   data required time
                                             -5.163504   data arrival time
---------------------------------------------------------------------------------------------
                                              9.913504   slack (MET)


Startpoint: spi_cs_n_i (input port clocked by wb_clk_i)
Endpoint: io_out[3] (output port clocked by wb_clk_i)
Path Group: wb_clk_i
Path Type: min

Fanout         Cap        Slew       Delay        Time   Description
---------------------------------------------------------------------------------------------
                                  0.000000    0.000000   clock wb_clk_i (rise edge)
                                  0.000000    0.000000   clock network delay (propagated)
                                  5.000000    5.000000 v input external delay
     1    0.003832    0.006239    0.003243    5.003243 v spi_cs_n_i (in)
                                                         spi_cs_n_i (net)
                      0.006244    0.000000    5.003243 v _269_/A (sky130_fd_sc_hd__clkbuf_1)
     1    0.002825    0.018426    0.047099    5.050342 v _269_/X (sky130_fd_sc_hd__clkbuf_1)
                                                         net20 (net)
                      0.018428    0.000193    5.050535 v output20/A (sky130_fd_sc_hd__buf_2)
     1    0.034657    0.063348    0.112516    5.163051 v output20/X (sky130_fd_sc_hd__buf_2)
                                                         io_out[3] (net)
                      0.063408    0.001736    5.164787 v io_out[3] (out)
                                              5.164787   data arrival time

                                  0.000000    0.000000   clock wb_clk_i (rise edge)
                                  0.000000    0.000000   clock network delay (propagated)
                                  0.250000    0.250000   clock uncertainty
                                  0.000000    0.250000   clock reconvergence pessimism
                                 -5.000000   -4.750000   output external delay
                                             -4.750000   data required time
---------------------------------------------------------------------------------------------
                                             -4.750000   data required time
                                             -5.164787   data arrival time
---------------------------------------------------------------------------------------------
                                              9.914787   slack (MET)


Startpoint: io_in[8] (input port clocked by wb_clk_i)
Endpoint: jtag_tms_o (output port clocked by wb_clk_i)
Path Group: wb_clk_i
Path Type: min

Fanout         Cap        Slew       Delay        Time   Description
---------------------------------------------------------------------------------------------
                                  0.000000    0.000000   clock wb_clk_i (rise edge)
                                  0.000000    0.000000   clock network delay (propagated)
                                  5.000000    5.000000 v input external delay
     1    0.004056    0.006596    0.003441    5.003441 v io_in[8] (in)
                                                         io_in[8] (net)
                      0.006601    0.000000    5.003441 v _275_/A (sky130_fd_sc_hd__clkbuf_1)
     1    0.002789    0.018303    0.047106    5.050547 v _275_/X (sky130_fd_sc_hd__clkbuf_1)
                                                         net25 (net)
                      0.018305    0.000175    5.050722 v output25/A (sky130_fd_sc_hd__buf_2)
     1    0.035136    0.064403    0.113033    5.163755 v output25/X (sky130_fd_sc_hd__buf_2)
                                                         jtag_tms_o (net)
                      0.064462    0.001744    5.165499 v jtag_tms_o (out)
                                              5.165499   data arrival time

                                  0.000000    0.000000   clock wb_clk_i (rise edge)
                                  0.000000    0.000000   clock network delay (propagated)
                                  0.250000    0.250000   clock uncertainty
                                  0.000000    0.250000   clock reconvergence pessimism
                                 -5.000000   -4.750000   output external delay
                                             -4.750000   data required time
---------------------------------------------------------------------------------------------
                                             -4.750000   data required time
                                             -5.165499   data arrival time
---------------------------------------------------------------------------------------------
                                              9.915499   slack (MET)


Startpoint: intr_uart_rx_watermark_i (input port clocked by wb_clk_i)
Endpoint: intr_vec_o[3] (output port clocked by wb_clk_i)
Path Group: wb_clk_i
Path Type: min

Fanout         Cap        Slew       Delay        Time   Description
---------------------------------------------------------------------------------------------
                                  0.000000    0.000000   clock wb_clk_i (rise edge)
                                  0.000000    0.000000   clock network delay (propagated)
                                  5.000000    5.000000 v input external delay
     1    0.007620    0.012430    0.007363    5.007363 v intr_uart_rx_watermark_i (in)
                                                         intr_uart_rx_watermark_i (net)
                      0.012444    0.000000    5.007363 v _255_/A (sky130_fd_sc_hd__clkbuf_1)
     1    0.002406    0.016997    0.047818    5.055181 v _255_/X (sky130_fd_sc_hd__clkbuf_1)
                                                         net10 (net)
                      0.016998    0.000154    5.055335 v output10/A (sky130_fd_sc_hd__buf_2)
     1    0.034021    0.062372    0.111304    5.166639 v output10/X (sky130_fd_sc_hd__buf_2)
                                                         intr_vec_o[3] (net)
                      0.062422    0.001593    5.168232 v intr_vec_o[3] (out)
                                              5.168232   data arrival time

                                  0.000000    0.000000   clock wb_clk_i (rise edge)
                                  0.000000    0.000000   clock network delay (propagated)
                                  0.250000    0.250000   clock uncertainty
                                  0.000000    0.250000   clock reconvergence pessimism
                                 -5.000000   -4.750000   output external delay
                                             -4.750000   data required time
---------------------------------------------------------------------------------------------
                                             -4.750000   data required time
                                             -5.168232   data arrival time
---------------------------------------------------------------------------------------------
                                              9.918232   slack (MET)


Startpoint: io_in[9] (input port clocked by wb_clk_i)
Endpoint: jtag_tdi_o (output port clocked by wb_clk_i)
Path Group: wb_clk_i
Path Type: min

Fanout         Cap        Slew       Delay        Time   Description
---------------------------------------------------------------------------------------------
                                  0.000000    0.000000   clock wb_clk_i (rise edge)
                                  0.000000    0.000000   clock network delay (propagated)
                                  5.000000    5.000000 v input external delay
     1    0.004036    0.006563    0.003427    5.003427 v io_in[9] (in)
                                                         io_in[9] (net)
                      0.006569    0.000000    5.003427 v _274_/A (sky130_fd_sc_hd__clkbuf_1)
     1    0.003354    0.020230    0.049179    5.052606 v _274_/X (sky130_fd_sc_hd__clkbuf_1)
                                                         net24 (net)
                      0.020233    0.000234    5.052841 v output24/A (sky130_fd_sc_hd__buf_2)
     1    0.035194    0.064534    0.113664    5.166505 v output24/X (sky130_fd_sc_hd__buf_2)
                                                         jtag_tdi_o (net)
                      0.064602    0.001878    5.168383 v jtag_tdi_o (out)
                                              5.168383   data arrival time

                                  0.000000    0.000000   clock wb_clk_i (rise edge)
                                  0.000000    0.000000   clock network delay (propagated)
                                  0.250000    0.250000   clock uncertainty
                                  0.000000    0.250000   clock reconvergence pessimism
                                 -5.000000   -4.750000   output external delay
                                             -4.750000   data required time
---------------------------------------------------------------------------------------------
                                             -4.750000   data required time
                                             -5.168383   data arrival time
---------------------------------------------------------------------------------------------
                                              9.918383   slack (MET)


Startpoint: intr_uart_rx_break_err_i (input port clocked by wb_clk_i)
Endpoint: intr_vec_o[7] (output port clocked by wb_clk_i)
Path Group: wb_clk_i
Path Type: min

Fanout         Cap        Slew       Delay        Time   Description
---------------------------------------------------------------------------------------------
                                  0.000000    0.000000   clock wb_clk_i (rise edge)
                                  0.000000    0.000000   clock network delay (propagated)
                                  5.000000    5.000000 v input external delay
     1    0.004116    0.006694    0.003497    5.003497 v intr_uart_rx_break_err_i (in)
                                                         intr_uart_rx_break_err_i (net)
                      0.006700    0.000000    5.003497 v _259_/A (sky130_fd_sc_hd__clkbuf_1)
     1    0.003617    0.021133    0.050165    5.053662 v _259_/X (sky130_fd_sc_hd__clkbuf_1)
                                                         net14 (net)
                      0.021136    0.000250    5.053912 v output14/A (sky130_fd_sc_hd__buf_2)
     1    0.034335    0.062893    0.113065    5.166977 v output14/X (sky130_fd_sc_hd__buf_2)
                                                         intr_vec_o[7] (net)
                      0.062951    0.001718    5.168694 v intr_vec_o[7] (out)
                                              5.168694   data arrival time

                                  0.000000    0.000000   clock wb_clk_i (rise edge)
                                  0.000000    0.000000   clock network delay (propagated)
                                  0.250000    0.250000   clock uncertainty
                                  0.000000    0.250000   clock reconvergence pessimism
                                 -5.000000   -4.750000   output external delay
                                             -4.750000   data required time
---------------------------------------------------------------------------------------------
                                             -4.750000   data required time
                                             -5.168694   data arrival time
---------------------------------------------------------------------------------------------
                                              9.918694   slack (MET)


Startpoint: intr_spi_host_rx_full_i (input port clocked by wb_clk_i)
Endpoint: intr_vec_o[11] (output port clocked by wb_clk_i)
Path Group: wb_clk_i
Path Type: min

Fanout         Cap        Slew       Delay        Time   Description
---------------------------------------------------------------------------------------------
                                  0.000000    0.000000   clock wb_clk_i (rise edge)
                                  0.000000    0.000000   clock network delay (propagated)
                                  5.000000    5.000000 v input external delay
     1    0.006606    0.010841    0.006245    5.006245 v intr_spi_host_rx_full_i (in)
                                                         intr_spi_host_rx_full_i (net)
                      0.010863    0.000000    5.006245 v _263_/A (sky130_fd_sc_hd__clkbuf_1)
     1    0.003168    0.019626    0.050090    5.056335 v _263_/X (sky130_fd_sc_hd__clkbuf_1)
                                                         net4 (net)
                      0.019627    0.000185    5.056520 v output4/A (sky130_fd_sc_hd__buf_2)
     1    0.034449    0.063022    0.112777    5.169297 v output4/X (sky130_fd_sc_hd__buf_2)
                                                         intr_vec_o[11] (net)
                      0.063073    0.001610    5.170907 v intr_vec_o[11] (out)
                                              5.170907   data arrival time

                                  0.000000    0.000000   clock wb_clk_i (rise edge)
                                  0.000000    0.000000   clock network delay (propagated)
                                  0.250000    0.250000   clock uncertainty
                                  0.000000    0.250000   clock reconvergence pessimism
                                 -5.000000   -4.750000   output external delay
                                             -4.750000   data required time
---------------------------------------------------------------------------------------------
                                             -4.750000   data required time
                                             -5.170907   data arrival time
---------------------------------------------------------------------------------------------
                                              9.920907   slack (MET)


Startpoint: intr_uart_rx_timeout_i (input port clocked by wb_clk_i)
Endpoint: intr_vec_o[8] (output port clocked by wb_clk_i)
Path Group: wb_clk_i
Path Type: min

Fanout         Cap        Slew       Delay        Time   Description
---------------------------------------------------------------------------------------------
                                  0.000000    0.000000   clock wb_clk_i (rise edge)
                                  0.000000    0.000000   clock network delay (propagated)
                                  5.000000    5.000000 v input external delay
     1    0.007578    0.012362    0.007309    5.007309 v intr_uart_rx_timeout_i (in)
                                                         intr_uart_rx_timeout_i (net)
                      0.012376    0.000000    5.007309 v _260_/A (sky130_fd_sc_hd__clkbuf_1)
     1    0.003881    0.022097    0.053057    5.060366 v _260_/X (sky130_fd_sc_hd__clkbuf_1)
                                                         net15 (net)
                      0.022101    0.000271    5.060637 v output15/A (sky130_fd_sc_hd__buf_2)
     1    0.034153    0.062613    0.113241    5.173878 v output15/X (sky130_fd_sc_hd__buf_2)
                                                         intr_vec_o[8] (net)
                      0.062666    0.001644    5.175522 v intr_vec_o[8] (out)
                                              5.175522   data arrival time

                                  0.000000    0.000000   clock wb_clk_i (rise edge)
                                  0.000000    0.000000   clock network delay (propagated)
                                  0.250000    0.250000   clock uncertainty
                                  0.000000    0.250000   clock reconvergence pessimism
                                 -5.000000   -4.750000   output external delay
                                             -4.750000   data required time
---------------------------------------------------------------------------------------------
                                             -4.750000   data required time
                                             -5.175522   data arrival time
---------------------------------------------------------------------------------------------
                                              9.925522   slack (MET)


Startpoint: intr_uart_tx_done_i (input port clocked by wb_clk_i)
Endpoint: intr_vec_o[4] (output port clocked by wb_clk_i)
Path Group: wb_clk_i
Path Type: min

Fanout         Cap        Slew       Delay        Time   Description
---------------------------------------------------------------------------------------------
                                  0.000000    0.000000   clock wb_clk_i (rise edge)
                                  0.000000    0.000000   clock network delay (propagated)
                                  5.000000    5.000000 v input external delay
     1    0.009982    0.016327    0.010104    5.010105 v intr_uart_tx_done_i (in)
                                                         intr_uart_tx_done_i (net)
                      0.016352    0.000000    5.010105 v _256_/A (sky130_fd_sc_hd__clkbuf_1)
     1    0.003799    0.021850    0.054246    5.064351 v _256_/X (sky130_fd_sc_hd__clkbuf_1)
                                                         net11 (net)
                      0.021853    0.000282    5.064633 v output11/A (sky130_fd_sc_hd__buf_2)
     1    0.034190    0.062664    0.113201    5.177835 v output11/X (sky130_fd_sc_hd__buf_2)
                                                         intr_vec_o[4] (net)
                      0.062717    0.001644    5.179478 v intr_vec_o[4] (out)
                                              5.179478   data arrival time

                                  0.000000    0.000000   clock wb_clk_i (rise edge)
                                  0.000000    0.000000   clock network delay (propagated)
                                  0.250000    0.250000   clock uncertainty
                                  0.000000    0.250000   clock reconvergence pessimism
                                 -5.000000   -4.750000   output external delay
                                             -4.750000   data required time
---------------------------------------------------------------------------------------------
                                             -4.750000   data required time
                                             -5.179478   data arrival time
---------------------------------------------------------------------------------------------
                                              9.929478   slack (MET)


Startpoint: fft_error_i (input port clocked by wb_clk_i)
Endpoint: intr_vec_o[14] (output port clocked by wb_clk_i)
Path Group: wb_clk_i
Path Type: min

Fanout         Cap        Slew       Delay        Time   Description
---------------------------------------------------------------------------------------------
                                  0.000000    0.000000   clock wb_clk_i (rise edge)
                                  0.000000    0.000000   clock network delay (propagated)
                                  5.000000    5.000000 v input external delay
     1    0.007683    0.012596    0.007426    5.007426 v fft_error_i (in)
                                                         fft_error_i (net)
                      0.012615    0.000000    5.007426 v _266_/A (sky130_fd_sc_hd__clkbuf_1)
     1    0.004844    0.025522    0.056170    5.063596 v _266_/X (sky130_fd_sc_hd__clkbuf_1)
                                                         net7 (net)
                      0.025524    0.000260    5.063857 v output7/A (sky130_fd_sc_hd__buf_2)
     1    0.034753    0.063536    0.115219    5.179076 v output7/X (sky130_fd_sc_hd__buf_2)
                                                         intr_vec_o[14] (net)
                      0.063598    0.001778    5.180854 v intr_vec_o[14] (out)
                                              5.180854   data arrival time

                                  0.000000    0.000000   clock wb_clk_i (rise edge)
                                  0.000000    0.000000   clock network delay (propagated)
                                  0.250000    0.250000   clock uncertainty
                                  0.000000    0.250000   clock reconvergence pessimism
                                 -5.000000   -4.750000   output external delay
                                             -4.750000   data required time
---------------------------------------------------------------------------------------------
                                             -4.750000   data required time
                                             -5.180854   data arrival time
---------------------------------------------------------------------------------------------
                                              9.930854   slack (MET)


Startpoint: intr_uart_rx_overflow_i (input port clocked by wb_clk_i)
Endpoint: intr_vec_o[5] (output port clocked by wb_clk_i)
Path Group: wb_clk_i
Path Type: min

Fanout         Cap        Slew       Delay        Time   Description
---------------------------------------------------------------------------------------------
                                  0.000000    0.000000   clock wb_clk_i (rise edge)
                                  0.000000    0.000000   clock network delay (propagated)
                                  5.000000    5.000000 v input external delay
     1    0.017740    0.028720    0.019161    5.019161 v intr_uart_rx_overflow_i (in)
                                                         intr_uart_rx_overflow_i (net)
                      0.028865    0.000000    5.019161 v _257_/A (sky130_fd_sc_hd__clkbuf_1)
     1    0.004473    0.024302    0.061177    5.080338 v _257_/X (sky130_fd_sc_hd__clkbuf_1)
                                                         net12 (net)
                      0.024306    0.000317    5.080655 v output12/A (sky130_fd_sc_hd__buf_2)
     1    0.034629    0.063340    0.114622    5.195276 v output12/X (sky130_fd_sc_hd__buf_2)
                                                         intr_vec_o[5] (net)
                      0.063399    0.001736    5.197012 v intr_vec_o[5] (out)
                                              5.197012   data arrival time

                                  0.000000    0.000000   clock wb_clk_i (rise edge)
                                  0.000000    0.000000   clock network delay (propagated)
                                  0.250000    0.250000   clock uncertainty
                                  0.000000    0.250000   clock reconvergence pessimism
                                 -5.000000   -4.750000   output external delay
                                             -4.750000   data required time
---------------------------------------------------------------------------------------------
                                             -4.750000   data required time
                                             -5.197012   data arrival time
---------------------------------------------------------------------------------------------
                                              9.947012   slack (MET)


Startpoint: wb_rst_i (input port clocked by wb_clk_i)
Endpoint: rst_no (output port clocked by wb_clk_i)
Path Group: wb_clk_i
Path Type: min

Fanout         Cap        Slew       Delay        Time   Description
---------------------------------------------------------------------------------------------
                                  0.000000    0.000000   clock wb_clk_i (rise edge)
                                  0.000000    0.000000   clock network delay (propagated)
                                  5.000000    5.000000 ^ input external delay
     1    0.002976    0.014547    0.007743    5.007743 ^ wb_rst_i (in)
                                                         wb_rst_i (net)
                      0.014548    0.000000    5.007743 ^ input1/A (sky130_fd_sc_hd__clkbuf_1)
     1    0.005504    0.054635    0.063648    5.071391 ^ input1/X (sky130_fd_sc_hd__clkbuf_1)
                                                         net1 (net)
                      0.054640    0.000400    5.071790 ^ _000_/A (sky130_fd_sc_hd__inv_2)
     1    0.002201    0.014104    0.013668    5.085458 v _000_/Y (sky130_fd_sc_hd__inv_2)
                                                         net27 (net)
                      0.014105    0.000098    5.085557 v output27/A (sky130_fd_sc_hd__buf_2)
     1    0.034187    0.062624    0.110397    5.195953 v output27/X (sky130_fd_sc_hd__buf_2)
                                                         rst_no (net)
                      0.062682    0.001714    5.197667 v rst_no (out)
                                              5.197667   data arrival time

                                  0.000000    0.000000   clock wb_clk_i (rise edge)
                                  0.000000    0.000000   clock network delay (propagated)
                                  0.250000    0.250000   clock uncertainty
                                  0.000000    0.250000   clock reconvergence pessimism
                                 -5.000000   -4.750000   output external delay
                                             -4.750000   data required time
---------------------------------------------------------------------------------------------
                                             -4.750000   data required time
                                             -5.197667   data arrival time
---------------------------------------------------------------------------------------------
                                              9.947668   slack (MET)


Startpoint: plic_irq_i (input port clocked by wb_clk_i)
Endpoint: user_irq[0] (output port clocked by wb_clk_i)
Path Group: wb_clk_i
Path Type: min

Fanout         Cap        Slew       Delay        Time   Description
---------------------------------------------------------------------------------------------
                                  0.000000    0.000000   clock wb_clk_i (rise edge)
                                  0.000000    0.000000   clock network delay (propagated)
                                  5.000000    5.000000 v input external delay
     2    0.024548    0.039157    0.027589    5.027590 v plic_irq_i (in)
                                                         plic_irq_i (net)
                      0.039590    0.000000    5.027590 v _279_/A (sky130_fd_sc_hd__clkbuf_1)
     1    0.002982    0.019176    0.060613    5.088202 v _279_/X (sky130_fd_sc_hd__clkbuf_1)
                                                         net30 (net)
                      0.019178    0.000183    5.088385 v output30/A (sky130_fd_sc_hd__buf_2)
     1    0.034066    0.062456    0.112126    5.200511 v output30/X (sky130_fd_sc_hd__buf_2)
                                                         user_irq[0] (net)
                      0.062507    0.001604    5.202116 v user_irq[0] (out)
                                              5.202116   data arrival time

                                  0.000000    0.000000   clock wb_clk_i (rise edge)
                                  0.000000    0.000000   clock network delay (propagated)
                                  0.250000    0.250000   clock uncertainty
                                  0.000000    0.250000   clock reconvergence pessimism
                                 -5.000000   -4.750000   output external delay
                                             -4.750000   data required time
---------------------------------------------------------------------------------------------
                                             -4.750000   data required time
                                             -5.202116   data arrival time
---------------------------------------------------------------------------------------------
                                              9.952116   slack (MET)


Startpoint: intr_uart_tx_watermark_i (input port clocked by wb_clk_i)
Endpoint: intr_vec_o[1] (output port clocked by wb_clk_i)
Path Group: wb_clk_i
Path Type: min

Fanout         Cap        Slew       Delay        Time   Description
---------------------------------------------------------------------------------------------
                                  0.000000    0.000000   clock wb_clk_i (rise edge)
                                  0.000000    0.000000   clock network delay (propagated)
                                  5.000000    5.000000 v input external delay
     2    0.021572    0.034577    0.023642    5.023642 v intr_uart_tx_watermark_i (in)
                                                         intr_uart_tx_watermark_i (net)
                      0.034786    0.000000    5.023642 v _253_/A (sky130_fd_sc_hd__clkbuf_1)
     1    0.004552    0.024620    0.063815    5.087457 v _253_/X (sky130_fd_sc_hd__clkbuf_1)
                                                         net8 (net)
                      0.024625    0.000349    5.087807 v output8/A (sky130_fd_sc_hd__buf_2)
     1    0.034260    0.062775    0.114352    5.202158 v output8/X (sky130_fd_sc_hd__buf_2)
                                                         intr_vec_o[1] (net)
                      0.062827    0.001633    5.203792 v intr_vec_o[1] (out)
                                              5.203792   data arrival time

                                  0.000000    0.000000   clock wb_clk_i (rise edge)
                                  0.000000    0.000000   clock network delay (propagated)
                                  0.250000    0.250000   clock uncertainty
                                  0.000000    0.250000   clock reconvergence pessimism
                                 -5.000000   -4.750000   output external delay
                                             -4.750000   data required time
---------------------------------------------------------------------------------------------
                                             -4.750000   data required time
                                             -5.203792   data arrival time
---------------------------------------------------------------------------------------------
                                              9.953792   slack (MET)


Startpoint: fft_done_i (input port clocked by wb_clk_i)
Endpoint: intr_vec_o[13] (output port clocked by wb_clk_i)
Path Group: wb_clk_i
Path Type: min

Fanout         Cap        Slew       Delay        Time   Description
---------------------------------------------------------------------------------------------
                                  0.000000    0.000000   clock wb_clk_i (rise edge)
                                  0.000000    0.000000   clock network delay (propagated)
                                  5.000000    5.000000 v input external delay
     2    0.027768    0.044129    0.031058    5.031058 v fft_done_i (in)
                                                         fft_done_i (net)
                      0.044592    0.000000    5.031058 v _265_/A (sky130_fd_sc_hd__clkbuf_1)
     1    0.002380    0.017088    0.060416    5.091474 v _265_/X (sky130_fd_sc_hd__clkbuf_1)
                                                         net6 (net)
                      0.017089    0.000153    5.091627 v output6/A (sky130_fd_sc_hd__buf_2)
     1    0.034141    0.062551    0.111481    5.203109 v output6/X (sky130_fd_sc_hd__buf_2)
                                                         intr_vec_o[13] (net)
                      0.062602    0.001604    5.204713 v intr_vec_o[13] (out)
                                              5.204713   data arrival time

                                  0.000000    0.000000   clock wb_clk_i (rise edge)
                                  0.000000    0.000000   clock network delay (propagated)
                                  0.250000    0.250000   clock uncertainty
                                  0.000000    0.250000   clock reconvergence pessimism
                                 -5.000000   -4.750000   output external delay
                                             -4.750000   data required time
---------------------------------------------------------------------------------------------
                                             -4.750000   data required time
                                             -5.204713   data arrival time
---------------------------------------------------------------------------------------------
                                              9.954713   slack (MET)


Startpoint: fft_done_i (input port clocked by wb_clk_i)
Endpoint: io_out[6] (output port clocked by wb_clk_i)
Path Group: wb_clk_i
Path Type: min

Fanout         Cap        Slew       Delay        Time   Description
---------------------------------------------------------------------------------------------
                                  0.000000    0.000000   clock wb_clk_i (rise edge)
                                  0.000000    0.000000   clock network delay (propagated)
                                  5.000000    5.000000 v input external delay
     2    0.027768    0.044129    0.031074    5.031075 v fft_done_i (in)
                                                         fft_done_i (net)
                      0.044596    0.000000    5.031075 v _271_/A (sky130_fd_sc_hd__clkbuf_1)
     1    0.002710    0.018257    0.061650    5.092724 v _271_/X (sky130_fd_sc_hd__clkbuf_1)
                                                         net22 (net)
                      0.018258    0.000167    5.092891 v output22/A (sky130_fd_sc_hd__buf_2)
     1    0.034152    0.062576    0.111913    5.204804 v output22/X (sky130_fd_sc_hd__buf_2)
                                                         io_out[6] (net)
                      0.062627    0.001603    5.206407 v io_out[6] (out)
                                              5.206407   data arrival time

                                  0.000000    0.000000   clock wb_clk_i (rise edge)
                                  0.000000    0.000000   clock network delay (propagated)
                                  0.250000    0.250000   clock uncertainty
                                  0.000000    0.250000   clock reconvergence pessimism
                                 -5.000000   -4.750000   output external delay
                                             -4.750000   data required time
---------------------------------------------------------------------------------------------
                                             -4.750000   data required time
                                             -5.206407   data arrival time
---------------------------------------------------------------------------------------------
                                              9.956408   slack (MET)


Startpoint: io_in[7] (input port clocked by wb_clk_i)
Endpoint: jtag_tck_o (output port clocked by wb_clk_i)
Path Group: wb_clk_i
Path Type: min

Fanout         Cap        Slew       Delay        Time   Description
---------------------------------------------------------------------------------------------
                                  0.000000    0.000000   clock wb_clk_i (rise edge)
                                  0.000000    0.000000   clock network delay (propagated)
                                  5.000000    5.000000 v input external delay
     1    0.003671    0.005996    0.003104    5.003104 v io_in[7] (in)
                                                         io_in[7] (net)
                      0.006002    0.000000    5.003104 v _273_/A (sky130_fd_sc_hd__clkbuf_2)
     1    0.019809    0.056548    0.089098    5.092202 v _273_/X (sky130_fd_sc_hd__clkbuf_2)
                                                         net23 (net)
                      0.056751    0.002753    5.094955 v output23/A (sky130_fd_sc_hd__buf_2)
     1    0.034134    0.062599    0.127095    5.222051 v output23/X (sky130_fd_sc_hd__buf_2)
                                                         jtag_tck_o (net)
                      0.062651    0.001616    5.223666 v jtag_tck_o (out)
                                              5.223666   data arrival time

                                  0.000000    0.000000   clock wb_clk_i (rise edge)
                                  0.000000    0.000000   clock network delay (propagated)
                                  0.250000    0.250000   clock uncertainty
                                  0.000000    0.250000   clock reconvergence pessimism
                                 -5.000000   -4.750000   output external delay
                                             -4.750000   data required time
---------------------------------------------------------------------------------------------
                                             -4.750000   data required time
                                             -5.223666   data arrival time
---------------------------------------------------------------------------------------------
                                              9.973666   slack (MET)


Startpoint: jtag_tdo_i (input port clocked by wb_clk_i)
Endpoint: io_out[10] (output port clocked by wb_clk_i)
Path Group: wb_clk_i
Path Type: min

Fanout         Cap        Slew       Delay        Time   Description
---------------------------------------------------------------------------------------------
                                  0.000000    0.000000   clock wb_clk_i (rise edge)
                                  0.000000    0.000000   clock network delay (propagated)
                                  5.000000    5.000000 v input external delay
     2    0.025565    0.040697    0.028869    5.028869 v jtag_tdo_i (in)
                                                         jtag_tdo_i (net)
                      0.041125    0.000000    5.028869 v _272_/A (sky130_fd_sc_hd__clkbuf_2)
     2    0.021534    0.060870    0.106174    5.135043 v _272_/X (sky130_fd_sc_hd__clkbuf_2)
                                                         net17 (net)
                      0.061128    0.003228    5.138271 v output17/A (sky130_fd_sc_hd__buf_2)
     1    0.034016    0.062434    0.128741    5.267012 v output17/X (sky130_fd_sc_hd__buf_2)
                                                         io_out[10] (net)
                      0.062484    0.001593    5.268605 v io_out[10] (out)
                                              5.268605   data arrival time

                                  0.000000    0.000000   clock wb_clk_i (rise edge)
                                  0.000000    0.000000   clock network delay (propagated)
                                  0.250000    0.250000   clock uncertainty
                                  0.000000    0.250000   clock reconvergence pessimism
                                 -5.000000   -4.750000   output external delay
                                             -4.750000   data required time
---------------------------------------------------------------------------------------------
                                             -4.750000   data required time
                                             -5.268605   data arrival time
---------------------------------------------------------------------------------------------
                                             10.018605   slack (MET)


Startpoint: intr_uart_rx_frame_err_i (input port clocked by wb_clk_i)
Endpoint: intr_vec_o[6] (output port clocked by wb_clk_i)
Path Group: wb_clk_i
Path Type: min

Fanout         Cap        Slew       Delay        Time   Description
---------------------------------------------------------------------------------------------
                                  0.000000    0.000000   clock wb_clk_i (rise edge)
                                  0.000000    0.000000   clock network delay (propagated)
                                  5.000000    5.000000 v input external delay
     2    0.030762    0.048680    0.034500    5.034500 v intr_uart_rx_frame_err_i (in)
                                                         intr_uart_rx_frame_err_i (net)
                      0.049139    0.000000    5.034500 v _258_/A (sky130_fd_sc_hd__clkbuf_2)
     1    0.020099    0.056959    0.107521    5.142021 v _258_/X (sky130_fd_sc_hd__clkbuf_2)
                                                         net13 (net)
                      0.057112    0.002160    5.144181 v output13/A (sky130_fd_sc_hd__buf_2)
     1    0.035166    0.064162    0.128432    5.272614 v output13/X (sky130_fd_sc_hd__buf_2)
                                                         intr_vec_o[6] (net)
                      0.064223    0.001772    5.274385 v intr_vec_o[6] (out)
                                              5.274385   data arrival time

                                  0.000000    0.000000   clock wb_clk_i (rise edge)
                                  0.000000    0.000000   clock network delay (propagated)
                                  0.250000    0.250000   clock uncertainty
                                  0.000000    0.250000   clock reconvergence pessimism
                                 -5.000000   -4.750000   output external delay
                                             -4.750000   data required time
---------------------------------------------------------------------------------------------
                                             -4.750000   data required time
                                             -5.274385   data arrival time
---------------------------------------------------------------------------------------------
                                             10.024385   slack (MET)


Startpoint: io_in[5] (input port clocked by wb_clk_i)
Endpoint: spi_miso_o (output port clocked by wb_clk_i)
Path Group: wb_clk_i
Path Type: min

Fanout         Cap        Slew       Delay        Time   Description
---------------------------------------------------------------------------------------------
                                  0.000000    0.000000   clock wb_clk_i (rise edge)
                                  0.000000    0.000000   clock network delay (propagated)
                                  5.000000    5.000000 v input external delay
     2    0.021614    0.034415    0.023225    5.023225 v io_in[5] (in)
                                                         io_in[5] (net)
                      0.034437    0.000000    5.023225 v _277_/A (sky130_fd_sc_hd__clkbuf_2)
     1    0.032900    0.089171    0.123289    5.146514 v _277_/X (sky130_fd_sc_hd__clkbuf_2)
                                                         net28 (net)
                      0.089876    0.006449    5.152963 v output28/A (sky130_fd_sc_hd__buf_2)
     1    0.034599    0.063401    0.141075    5.294038 v output28/X (sky130_fd_sc_hd__buf_2)
                                                         spi_miso_o (net)
                      0.063458    0.001719    5.295756 v spi_miso_o (out)
                                              5.295756   data arrival time

                                  0.000000    0.000000   clock wb_clk_i (rise edge)
                                  0.000000    0.000000   clock network delay (propagated)
                                  0.250000    0.250000   clock uncertainty
                                  0.000000    0.250000   clock reconvergence pessimism
                                 -5.000000   -4.750000   output external delay
                                             -4.750000   data required time
---------------------------------------------------------------------------------------------
                                             -4.750000   data required time
                                             -5.295756   data arrival time
---------------------------------------------------------------------------------------------
                                             10.045756   slack (MET)


Startpoint: spi_mosi_i (input port clocked by wb_clk_i)
Endpoint: io_out[4] (output port clocked by wb_clk_i)
Path Group: wb_clk_i
Path Type: min

Fanout         Cap        Slew       Delay        Time   Description
---------------------------------------------------------------------------------------------
                                  0.000000    0.000000   clock wb_clk_i (rise edge)
                                  0.000000    0.000000   clock network delay (propagated)
                                  5.000000    5.000000 v input external delay
     2    0.036323    0.057302    0.042399    5.042399 v spi_mosi_i (in)
                                                         spi_mosi_i (net)
                      0.058542    0.000000    5.042399 v _270_/A (sky130_fd_sc_hd__clkbuf_2)
     1    0.026866    0.074211    0.122852    5.165251 v _270_/X (sky130_fd_sc_hd__clkbuf_2)
                                                         net21 (net)
                      0.074639    0.004589    5.169841 v output21/A (sky130_fd_sc_hd__buf_2)
     1    0.035189    0.064236    0.135607    5.305448 v output21/X (sky130_fd_sc_hd__buf_2)
                                                         io_out[4] (net)
                      0.064295    0.001747    5.307194 v io_out[4] (out)
                                              5.307194   data arrival time

                                  0.000000    0.000000   clock wb_clk_i (rise edge)
                                  0.000000    0.000000   clock network delay (propagated)
                                  0.250000    0.250000   clock uncertainty
                                  0.000000    0.250000   clock reconvergence pessimism
                                 -5.000000   -4.750000   output external delay
                                             -4.750000   data required time
---------------------------------------------------------------------------------------------
                                             -4.750000   data required time
                                             -5.307194   data arrival time
---------------------------------------------------------------------------------------------
                                             10.057195   slack (MET)


Startpoint: uart_tx_i (input port clocked by wb_clk_i)
Endpoint: io_out[1] (output port clocked by wb_clk_i)
Path Group: wb_clk_i
Path Type: min

Fanout         Cap        Slew       Delay        Time   Description
---------------------------------------------------------------------------------------------
                                  0.000000    0.000000   clock wb_clk_i (rise edge)
                                  0.000000    0.000000   clock network delay (propagated)
                                  5.000000    5.000000 v input external delay
     2    0.044244    0.069559    0.052305    5.052305 v uart_tx_i (in)
                                                         uart_tx_i (net)
                      0.071420    0.000000    5.052305 v _267_/A (sky130_fd_sc_hd__clkbuf_2)
     1    0.022975    0.064725    0.120822    5.173127 v _267_/X (sky130_fd_sc_hd__clkbuf_2)
                                                         net18 (net)
                      0.065024    0.003384    5.176511 v output18/A (sky130_fd_sc_hd__buf_2)
     1    0.034525    0.063198    0.130964    5.307475 v output18/X (sky130_fd_sc_hd__buf_2)
                                                         io_out[1] (net)
                      0.063249    0.001615    5.309090 v io_out[1] (out)
                                              5.309090   data arrival time

                                  0.000000    0.000000   clock wb_clk_i (rise edge)
                                  0.000000    0.000000   clock network delay (propagated)
                                  0.250000    0.250000   clock uncertainty
                                  0.000000    0.250000   clock reconvergence pessimism
                                 -5.000000   -4.750000   output external delay
                                             -4.750000   data required time
---------------------------------------------------------------------------------------------
                                             -4.750000   data required time
                                             -5.309090   data arrival time
---------------------------------------------------------------------------------------------
                                             10.059090   slack (MET)


Startpoint: spi_sclk_i (input port clocked by wb_clk_i)
Endpoint: io_out[2] (output port clocked by wb_clk_i)
Path Group: wb_clk_i
Path Type: min

Fanout         Cap        Slew       Delay        Time   Description
---------------------------------------------------------------------------------------------
                                  0.000000    0.000000   clock wb_clk_i (rise edge)
                                  0.000000    0.000000   clock network delay (propagated)
                                  5.000000    5.000000 v input external delay
     2    0.042018    0.066159    0.049583    5.049582 v spi_sclk_i (in)
                                                         spi_sclk_i (net)
                      0.067954    0.000000    5.049582 v _268_/A (sky130_fd_sc_hd__clkbuf_2)
     1    0.033522    0.091116    0.137383    5.186965 v _268_/X (sky130_fd_sc_hd__clkbuf_2)
                                                         net19 (net)
                      0.091877    0.006787    5.193753 v output19/A (sky130_fd_sc_hd__buf_2)
     1    0.034982    0.063976    0.142356    5.336109 v output19/X (sky130_fd_sc_hd__buf_2)
                                                         io_out[2] (net)
                      0.064034    0.001736    5.337845 v io_out[2] (out)
                                              5.337845   data arrival time

                                  0.000000    0.000000   clock wb_clk_i (rise edge)
                                  0.000000    0.000000   clock network delay (propagated)
                                  0.250000    0.250000   clock uncertainty
                                  0.000000    0.250000   clock reconvergence pessimism
                                 -5.000000   -4.750000   output external delay
                                             -4.750000   data required time
---------------------------------------------------------------------------------------------
                                             -4.750000   data required time
                                             -5.337845   data arrival time
---------------------------------------------------------------------------------------------
                                             10.087846   slack (MET)



