
===========================================================================
report_checks -unconstrained
===========================================================================
======================= min_ss_100C_1v60 Corner ===================================

Startpoint: wb_clk_i (clock source 'wb_clk_i')
Endpoint: clk_o (output port clocked by wb_clk_i)
Path Group: wb_clk_i
Path Type: max

Fanout         Cap        Slew       Delay        Time   Description
---------------------------------------------------------------------------------------------
                                 12.500000   12.500000   clock wb_clk_i (fall edge)
                                  0.000000   12.500000   clock source latency
     1    0.006472    0.032996    0.020713   12.520713 v wb_clk_i (in)
                                                         wb_clk_i (net)
                      0.032997    0.000000   12.520713 v _252_/A (sky130_fd_sc_hd__buf_2)
     1    0.010279    0.073540    0.243141   12.763853 v _252_/X (sky130_fd_sc_hd__buf_2)
                                                         net2 (net)
                      0.073541    0.000466   12.764319 v output2/A (sky130_fd_sc_hd__buf_1)
     1    0.034040    0.384406    0.414043   13.178363 v output2/X (sky130_fd_sc_hd__buf_1)
                                                         clk_o (net)
                      0.384406    0.000242   13.178605 v clk_o (out)
                                             13.178605   data arrival time

                                 25.000000   25.000000   clock wb_clk_i (rise edge)
                                  0.000000   25.000000   clock network delay (propagated)
                                 -0.250000   24.750000   clock uncertainty
                                  0.000000   24.750000   clock reconvergence pessimism
                                 -5.000000   19.750000   output external delay
                                             19.750000   data required time
---------------------------------------------------------------------------------------------
                                             19.750000   data required time
                                            -13.178605   data arrival time
---------------------------------------------------------------------------------------------
                                              6.571394   slack (MET)




===========================================================================
report_checks --slack_max -0.01
============================================================================
======================= min_ss_100C_1v60 Corner ===================================

No paths found.


===========================================================================
 report_check_types -max_slew -max_cap -max_fanout -violators
============================================================================
======================= min_ss_100C_1v60 Corner ===================================



===========================================================================
report_parasitic_annotation -report_unannotated
============================================================================
Found 610 unannotated drivers.
 io_in[10]
 io_in[12]
 io_in[13]
 io_in[14]
 io_in[15]
 io_in[16]
 io_in[17]
 io_in[18]
 io_in[19]
 io_in[1]
 io_in[20]
 io_in[21]
 io_in[22]
 io_in[23]
 io_in[24]
 io_in[25]
 io_in[26]
 io_in[27]
 io_in[28]
 io_in[29]
 io_in[2]
 io_in[30]
 io_in[31]
 io_in[32]
 io_in[33]
 io_in[34]
 io_in[35]
 io_in[36]
 io_in[37]
 io_in[3]
 io_in[4]
 io_in[6]
 la_data_in[0]
 la_data_in[100]
 la_data_in[101]
 la_data_in[102]
 la_data_in[103]
 la_data_in[104]
 la_data_in[105]
 la_data_in[106]
 la_data_in[107]
 la_data_in[108]
 la_data_in[109]
 la_data_in[10]
 la_data_in[110]
 la_data_in[111]
 la_data_in[112]
 la_data_in[113]
 la_data_in[114]
 la_data_in[115]
 la_data_in[116]
 la_data_in[117]
 la_data_in[118]
 la_data_in[119]
 la_data_in[11]
 la_data_in[120]
 la_data_in[121]
 la_data_in[122]
 la_data_in[123]
 la_data_in[124]
 la_data_in[125]
 la_data_in[126]
 la_data_in[127]
 la_data_in[12]
 la_data_in[13]
 la_data_in[14]
 la_data_in[15]
 la_data_in[16]
 la_data_in[17]
 la_data_in[18]
 la_data_in[19]
 la_data_in[1]
 la_data_in[20]
 la_data_in[21]
 la_data_in[22]
 la_data_in[23]
 la_data_in[24]
 la_data_in[25]
 la_data_in[26]
 la_data_in[27]
 la_data_in[28]
 la_data_in[29]
 la_data_in[2]
 la_data_in[30]
 la_data_in[31]
 la_data_in[32]
 la_data_in[33]
 la_data_in[34]
 la_data_in[35]
 la_data_in[36]
 la_data_in[37]
 la_data_in[38]
 la_data_in[39]
 la_data_in[3]
 la_data_in[40]
 la_data_in[41]
 la_data_in[42]
 la_data_in[43]
 la_data_in[44]
 la_data_in[45]
 la_data_in[46]
 la_data_in[47]
 la_data_in[48]
 la_data_in[49]
 la_data_in[4]
 la_data_in[50]
 la_data_in[51]
 la_data_in[52]
 la_data_in[53]
 la_data_in[54]
 la_data_in[55]
 la_data_in[56]
 la_data_in[57]
 la_data_in[58]
 la_data_in[59]
 la_data_in[5]
 la_data_in[60]
 la_data_in[61]
 la_data_in[62]
 la_data_in[63]
 la_data_in[64]
 la_data_in[65]
 la_data_in[66]
 la_data_in[67]
 la_data_in[68]
 la_data_in[69]
 la_data_in[6]
 la_data_in[70]
 la_data_in[71]
 la_data_in[72]
 la_data_in[73]
 la_data_in[74]
 la_data_in[75]
 la_data_in[76]
 la_data_in[77]
 la_data_in[78]
 la_data_in[79]
 la_data_in[7]
 la_data_in[80]
 la_data_in[81]
 la_data_in[82]
 la_data_in[83]
 la_data_in[84]
 la_data_in[85]
 la_data_in[86]
 la_data_in[87]
 la_data_in[88]
 la_data_in[89]
 la_data_in[8]
 la_data_in[90]
 la_data_in[91]
 la_data_in[92]
 la_data_in[93]
 la_data_in[94]
 la_data_in[95]
 la_data_in[96]
 la_data_in[97]
 la_data_in[98]
 la_data_in[99]
 la_data_in[9]
 la_oenb[0]
 la_oenb[100]
 la_oenb[101]
 la_oenb[102]
 la_oenb[103]
 la_oenb[104]
 la_oenb[105]
 la_oenb[106]
 la_oenb[107]
 la_oenb[108]
 la_oenb[109]
 la_oenb[10]
 la_oenb[110]
 la_oenb[111]
 la_oenb[112]
 la_oenb[113]
 la_oenb[114]
 la_oenb[115]
 la_oenb[116]
 la_oenb[117]
 la_oenb[118]
 la_oenb[119]
 la_oenb[11]
 la_oenb[120]
 la_oenb[121]
 la_oenb[122]
 la_oenb[123]
 la_oenb[124]
 la_oenb[125]
 la_oenb[126]
 la_oenb[127]
 la_oenb[12]
 la_oenb[13]
 la_oenb[14]
 la_oenb[15]
 la_oenb[16]
 la_oenb[17]
 la_oenb[18]
 la_oenb[19]
 la_oenb[1]
 la_oenb[20]
 la_oenb[21]
 la_oenb[22]
 la_oenb[23]
 la_oenb[24]
 la_oenb[25]
 la_oenb[26]
 la_oenb[27]
 la_oenb[28]
 la_oenb[29]
 la_oenb[2]
 la_oenb[30]
 la_oenb[31]
 la_oenb[32]
 la_oenb[33]
 la_oenb[34]
 la_oenb[35]
 la_oenb[36]
 la_oenb[37]
 la_oenb[38]
 la_oenb[39]
 la_oenb[3]
 la_oenb[40]
 la_oenb[41]
 la_oenb[42]
 la_oenb[43]
 la_oenb[44]
 la_oenb[45]
 la_oenb[46]
 la_oenb[47]
 la_oenb[48]
 la_oenb[49]
 la_oenb[4]
 la_oenb[50]
 la_oenb[51]
 la_oenb[52]
 la_oenb[53]
 la_oenb[54]
 la_oenb[55]
 la_oenb[56]
 la_oenb[57]
 la_oenb[58]
 la_oenb[59]
 la_oenb[5]
 la_oenb[60]
 la_oenb[61]
 la_oenb[62]
 la_oenb[63]
 la_oenb[64]
 la_oenb[65]
 la_oenb[66]
 la_oenb[67]
 la_oenb[68]
 la_oenb[69]
 la_oenb[6]
 la_oenb[70]
 la_oenb[71]
 la_oenb[72]
 la_oenb[73]
 la_oenb[74]
 la_oenb[75]
 la_oenb[76]
 la_oenb[77]
 la_oenb[78]
 la_oenb[79]
 la_oenb[7]
 la_oenb[80]
 la_oenb[81]
 la_oenb[82]
 la_oenb[83]
 la_oenb[84]
 la_oenb[85]
 la_oenb[86]
 la_oenb[87]
 la_oenb[88]
 la_oenb[89]
 la_oenb[8]
 la_oenb[90]
 la_oenb[91]
 la_oenb[92]
 la_oenb[93]
 la_oenb[94]
 la_oenb[95]
 la_oenb[96]
 la_oenb[97]
 la_oenb[98]
 la_oenb[99]
 la_oenb[9]
 wbs_adr_i[0]
 wbs_adr_i[10]
 wbs_adr_i[11]
 wbs_adr_i[12]
 wbs_adr_i[13]
 wbs_adr_i[14]
 wbs_adr_i[15]
 wbs_adr_i[16]
 wbs_adr_i[17]
 wbs_adr_i[18]
 wbs_adr_i[19]
 wbs_adr_i[1]
 wbs_adr_i[20]
 wbs_adr_i[21]
 wbs_adr_i[22]
 wbs_adr_i[23]
 wbs_adr_i[24]
 wbs_adr_i[25]
 wbs_adr_i[26]
 wbs_adr_i[27]
 wbs_adr_i[28]
 wbs_adr_i[29]
 wbs_adr_i[2]
 wbs_adr_i[30]
 wbs_adr_i[31]
 wbs_adr_i[3]
 wbs_adr_i[4]
 wbs_adr_i[5]
 wbs_adr_i[6]
 wbs_adr_i[7]
 wbs_adr_i[8]
 wbs_adr_i[9]
 wbs_cyc_i
 wbs_dat_i[0]
 wbs_dat_i[10]
 wbs_dat_i[11]
 wbs_dat_i[12]
 wbs_dat_i[13]
 wbs_dat_i[14]
 wbs_dat_i[15]
 wbs_dat_i[16]
 wbs_dat_i[17]
 wbs_dat_i[18]
 wbs_dat_i[19]
 wbs_dat_i[1]
 wbs_dat_i[20]
 wbs_dat_i[21]
 wbs_dat_i[22]
 wbs_dat_i[23]
 wbs_dat_i[24]
 wbs_dat_i[25]
 wbs_dat_i[26]
 wbs_dat_i[27]
 wbs_dat_i[28]
 wbs_dat_i[29]
 wbs_dat_i[2]
 wbs_dat_i[30]
 wbs_dat_i[31]
 wbs_dat_i[3]
 wbs_dat_i[4]
 wbs_dat_i[5]
 wbs_dat_i[6]
 wbs_dat_i[7]
 wbs_dat_i[8]
 wbs_dat_i[9]
 wbs_sel_i[0]
 wbs_sel_i[1]
 wbs_sel_i[2]
 wbs_sel_i[3]
 wbs_stb_i
 wbs_we_i
 edge_sensor_glue_100/HI
 edge_sensor_glue_101/HI
 edge_sensor_glue_102/HI
 edge_sensor_glue_103/HI
 edge_sensor_glue_104/HI
 edge_sensor_glue_105/HI
 edge_sensor_glue_106/HI
 edge_sensor_glue_107/HI
 edge_sensor_glue_108/HI
 edge_sensor_glue_109/HI
 edge_sensor_glue_110/HI
 edge_sensor_glue_111/HI
 edge_sensor_glue_112/HI
 edge_sensor_glue_113/HI
 edge_sensor_glue_114/HI
 edge_sensor_glue_115/HI
 edge_sensor_glue_116/HI
 edge_sensor_glue_117/HI
 edge_sensor_glue_118/HI
 edge_sensor_glue_119/HI
 edge_sensor_glue_120/HI
 edge_sensor_glue_121/HI
 edge_sensor_glue_122/HI
 edge_sensor_glue_123/HI
 edge_sensor_glue_124/HI
 edge_sensor_glue_125/HI
 edge_sensor_glue_126/HI
 edge_sensor_glue_127/HI
 edge_sensor_glue_128/HI
 edge_sensor_glue_129/HI
 edge_sensor_glue_130/HI
 edge_sensor_glue_131/HI
 edge_sensor_glue_132/HI
 edge_sensor_glue_133/HI
 edge_sensor_glue_134/HI
 edge_sensor_glue_135/HI
 edge_sensor_glue_136/HI
 edge_sensor_glue_137/HI
 edge_sensor_glue_138/HI
 edge_sensor_glue_139/HI
 edge_sensor_glue_140/HI
 edge_sensor_glue_141/HI
 edge_sensor_glue_142/HI
 edge_sensor_glue_143/HI
 edge_sensor_glue_144/HI
 edge_sensor_glue_145/HI
 edge_sensor_glue_146/HI
 edge_sensor_glue_147/HI
 edge_sensor_glue_148/HI
 edge_sensor_glue_149/HI
 edge_sensor_glue_150/HI
 edge_sensor_glue_151/HI
 edge_sensor_glue_152/HI
 edge_sensor_glue_153/HI
 edge_sensor_glue_154/HI
 edge_sensor_glue_155/HI
 edge_sensor_glue_156/HI
 edge_sensor_glue_157/HI
 edge_sensor_glue_158/HI
 edge_sensor_glue_159/HI
 edge_sensor_glue_160/HI
 edge_sensor_glue_161/HI
 edge_sensor_glue_162/HI
 edge_sensor_glue_163/HI
 edge_sensor_glue_164/HI
 edge_sensor_glue_165/HI
 edge_sensor_glue_166/HI
 edge_sensor_glue_167/HI
 edge_sensor_glue_168/HI
 edge_sensor_glue_169/HI
 edge_sensor_glue_170/HI
 edge_sensor_glue_171/HI
 edge_sensor_glue_172/HI
 edge_sensor_glue_173/HI
 edge_sensor_glue_174/HI
 edge_sensor_glue_175/HI
 edge_sensor_glue_176/HI
 edge_sensor_glue_177/HI
 edge_sensor_glue_178/HI
 edge_sensor_glue_179/HI
 edge_sensor_glue_180/HI
 edge_sensor_glue_181/HI
 edge_sensor_glue_182/HI
 edge_sensor_glue_183/HI
 edge_sensor_glue_184/HI
 edge_sensor_glue_185/HI
 edge_sensor_glue_186/HI
 edge_sensor_glue_187/HI
 edge_sensor_glue_188/HI
 edge_sensor_glue_189/HI
 edge_sensor_glue_190/HI
 edge_sensor_glue_191/HI
 edge_sensor_glue_192/HI
 edge_sensor_glue_193/HI
 edge_sensor_glue_194/HI
 edge_sensor_glue_195/HI
 edge_sensor_glue_196/HI
 edge_sensor_glue_197/HI
 edge_sensor_glue_198/HI
 edge_sensor_glue_199/HI
 edge_sensor_glue_200/HI
 edge_sensor_glue_201/HI
 edge_sensor_glue_202/HI
 edge_sensor_glue_203/HI
 edge_sensor_glue_204/HI
 edge_sensor_glue_205/HI
 edge_sensor_glue_206/HI
 edge_sensor_glue_207/HI
 edge_sensor_glue_208/HI
 edge_sensor_glue_209/HI
 edge_sensor_glue_210/HI
 edge_sensor_glue_211/HI
 edge_sensor_glue_212/HI
 edge_sensor_glue_213/HI
 edge_sensor_glue_214/HI
 edge_sensor_glue_215/HI
 edge_sensor_glue_216/HI
 edge_sensor_glue_217/HI
 edge_sensor_glue_218/HI
 edge_sensor_glue_219/HI
 edge_sensor_glue_220/HI
 edge_sensor_glue_221/HI
 edge_sensor_glue_222/HI
 edge_sensor_glue_223/HI
 edge_sensor_glue_224/HI
 edge_sensor_glue_225/HI
 edge_sensor_glue_226/HI
 edge_sensor_glue_227/HI
 edge_sensor_glue_228/HI
 edge_sensor_glue_229/HI
 edge_sensor_glue_230/HI
 edge_sensor_glue_231/HI
 edge_sensor_glue_232/HI
 edge_sensor_glue_233/HI
 edge_sensor_glue_234/HI
 edge_sensor_glue_235/HI
 edge_sensor_glue_236/HI
 edge_sensor_glue_237/HI
 edge_sensor_glue_238/HI
 edge_sensor_glue_239/HI
 edge_sensor_glue_240/HI
 edge_sensor_glue_241/HI
 edge_sensor_glue_242/HI
 edge_sensor_glue_243/HI
 edge_sensor_glue_244/HI
 edge_sensor_glue_245/HI
 edge_sensor_glue_246/HI
 edge_sensor_glue_247/HI
 edge_sensor_glue_248/HI
 edge_sensor_glue_249/HI
 edge_sensor_glue_250/LO
 edge_sensor_glue_251/LO
 edge_sensor_glue_252/LO
 edge_sensor_glue_253/LO
 edge_sensor_glue_254/LO
 edge_sensor_glue_255/LO
 edge_sensor_glue_256/LO
 edge_sensor_glue_257/LO
 edge_sensor_glue_258/LO
 edge_sensor_glue_259/LO
 edge_sensor_glue_260/LO
 edge_sensor_glue_261/LO
 edge_sensor_glue_262/LO
 edge_sensor_glue_263/LO
 edge_sensor_glue_264/LO
 edge_sensor_glue_265/LO
 edge_sensor_glue_266/LO
 edge_sensor_glue_267/LO
 edge_sensor_glue_268/LO
 edge_sensor_glue_269/LO
 edge_sensor_glue_270/LO
 edge_sensor_glue_271/LO
 edge_sensor_glue_272/LO
 edge_sensor_glue_273/LO
 edge_sensor_glue_274/LO
 edge_sensor_glue_275/LO
 edge_sensor_glue_276/LO
 edge_sensor_glue_277/LO
 edge_sensor_glue_278/LO
 edge_sensor_glue_279/LO
 edge_sensor_glue_280/LO
 edge_sensor_glue_281/LO
 edge_sensor_glue_31/HI
 edge_sensor_glue_32/HI
 edge_sensor_glue_33/HI
 edge_sensor_glue_34/HI
 edge_sensor_glue_35/HI
 edge_sensor_glue_36/HI
 edge_sensor_glue_37/HI
 edge_sensor_glue_38/HI
 edge_sensor_glue_39/HI
 edge_sensor_glue_40/HI
 edge_sensor_glue_41/HI
 edge_sensor_glue_42/HI
 edge_sensor_glue_43/HI
 edge_sensor_glue_44/HI
 edge_sensor_glue_45/HI
 edge_sensor_glue_46/HI
 edge_sensor_glue_47/HI
 edge_sensor_glue_48/HI
 edge_sensor_glue_49/HI
 edge_sensor_glue_50/HI
 edge_sensor_glue_51/HI
 edge_sensor_glue_52/HI
 edge_sensor_glue_53/HI
 edge_sensor_glue_54/HI
 edge_sensor_glue_55/HI
 edge_sensor_glue_56/HI
 edge_sensor_glue_57/HI
 edge_sensor_glue_58/HI
 edge_sensor_glue_59/HI
 edge_sensor_glue_60/HI
 edge_sensor_glue_61/HI
 edge_sensor_glue_62/HI
 edge_sensor_glue_63/HI
 edge_sensor_glue_64/HI
 edge_sensor_glue_65/HI
 edge_sensor_glue_66/HI
 edge_sensor_glue_67/HI
 edge_sensor_glue_68/HI
 edge_sensor_glue_69/HI
 edge_sensor_glue_70/HI
 edge_sensor_glue_71/HI
 edge_sensor_glue_72/HI
 edge_sensor_glue_73/HI
 edge_sensor_glue_74/HI
 edge_sensor_glue_75/HI
 edge_sensor_glue_76/HI
 edge_sensor_glue_77/HI
 edge_sensor_glue_78/HI
 edge_sensor_glue_79/HI
 edge_sensor_glue_80/HI
 edge_sensor_glue_81/HI
 edge_sensor_glue_82/HI
 edge_sensor_glue_83/HI
 edge_sensor_glue_84/HI
 edge_sensor_glue_85/HI
 edge_sensor_glue_86/HI
 edge_sensor_glue_87/HI
 edge_sensor_glue_88/HI
 edge_sensor_glue_89/HI
 edge_sensor_glue_90/HI
 edge_sensor_glue_91/HI
 edge_sensor_glue_92/HI
 edge_sensor_glue_93/HI
 edge_sensor_glue_94/HI
 edge_sensor_glue_95/HI
 edge_sensor_glue_96/HI
 edge_sensor_glue_97/HI
 edge_sensor_glue_98/HI
 edge_sensor_glue_99/HI
Found 0 partially unannotated drivers.

===========================================================================
max slew violation count 0
max fanout violation count 0
max cap violation count 0
============================================================================

===========================================================================
check_setup -verbose -unconstrained_endpoints -multiple_clock -no_clock -no_input_delay -loops -generated_clocks
===========================================================================
Warning: There are 251 unconstrained endpoints.
  intr_vec_o[0]
  intr_vec_o[15]
  intr_vec_o[16]
  intr_vec_o[17]
  intr_vec_o[18]
  intr_vec_o[19]
  intr_vec_o[20]
  intr_vec_o[21]
  intr_vec_o[22]
  intr_vec_o[23]
  intr_vec_o[24]
  intr_vec_o[25]
  intr_vec_o[26]
  intr_vec_o[27]
  intr_vec_o[28]
  intr_vec_o[29]
  intr_vec_o[30]
  intr_vec_o[31]
  io_oeb[0]
  io_oeb[10]
  io_oeb[11]
  io_oeb[12]
  io_oeb[13]
  io_oeb[14]
  io_oeb[15]
  io_oeb[16]
  io_oeb[17]
  io_oeb[18]
  io_oeb[19]
  io_oeb[1]
  io_oeb[20]
  io_oeb[21]
  io_oeb[22]
  io_oeb[23]
  io_oeb[24]
  io_oeb[25]
  io_oeb[26]
  io_oeb[27]
  io_oeb[28]
  io_oeb[29]
  io_oeb[2]
  io_oeb[30]
  io_oeb[31]
  io_oeb[32]
  io_oeb[33]
  io_oeb[34]
  io_oeb[35]
  io_oeb[36]
  io_oeb[37]
  io_oeb[3]
  io_oeb[4]
  io_oeb[5]
  io_oeb[6]
  io_oeb[7]
  io_oeb[8]
  io_oeb[9]
  io_out[0]
  io_out[11]
  io_out[12]
  io_out[13]
  io_out[14]
  io_out[15]
  io_out[16]
  io_out[17]
  io_out[18]
  io_out[19]
  io_out[20]
  io_out[21]
  io_out[22]
  io_out[23]
  io_out[24]
  io_out[25]
  io_out[26]
  io_out[27]
  io_out[28]
  io_out[29]
  io_out[30]
  io_out[31]
  io_out[32]
  io_out[33]
  io_out[34]
  io_out[35]
  io_out[36]
  io_out[37]
  io_out[5]
  io_out[7]
  io_out[8]
  io_out[9]
  la_data_out[0]
  la_data_out[100]
  la_data_out[101]
  la_data_out[102]
  la_data_out[103]
  la_data_out[104]
  la_data_out[105]
  la_data_out[106]
  la_data_out[107]
  la_data_out[108]
  la_data_out[109]
  la_data_out[10]
  la_data_out[110]
  la_data_out[111]
  la_data_out[112]
  la_data_out[113]
  la_data_out[114]
  la_data_out[115]
  la_data_out[116]
  la_data_out[117]
  la_data_out[118]
  la_data_out[119]
  la_data_out[11]
  la_data_out[120]
  la_data_out[121]
  la_data_out[122]
  la_data_out[123]
  la_data_out[124]
  la_data_out[125]
  la_data_out[126]
  la_data_out[127]
  la_data_out[12]
  la_data_out[13]
  la_data_out[14]
  la_data_out[15]
  la_data_out[16]
  la_data_out[17]
  la_data_out[18]
  la_data_out[19]
  la_data_out[1]
  la_data_out[20]
  la_data_out[21]
  la_data_out[22]
  la_data_out[23]
  la_data_out[24]
  la_data_out[25]
  la_data_out[26]
  la_data_out[27]
  la_data_out[28]
  la_data_out[29]
  la_data_out[2]
  la_data_out[30]
  la_data_out[31]
  la_data_out[32]
  la_data_out[33]
  la_data_out[34]
  la_data_out[35]
  la_data_out[36]
  la_data_out[37]
  la_data_out[38]
  la_data_out[39]
  la_data_out[3]
  la_data_out[40]
  la_data_out[41]
  la_data_out[42]
  la_data_out[43]
  la_data_out[44]
  la_data_out[45]
  la_data_out[46]
  la_data_out[47]
  la_data_out[48]
  la_data_out[49]
  la_data_out[4]
  la_data_out[50]
  la_data_out[51]
  la_data_out[52]
  la_data_out[53]
  la_data_out[54]
  la_data_out[55]
  la_data_out[56]
  la_data_out[57]
  la_data_out[58]
  la_data_out[59]
  la_data_out[5]
  la_data_out[60]
  la_data_out[61]
  la_data_out[62]
  la_data_out[63]
  la_data_out[64]
  la_data_out[65]
  la_data_out[66]
  la_data_out[67]
  la_data_out[68]
  la_data_out[69]
  la_data_out[6]
  la_data_out[70]
  la_data_out[71]
  la_data_out[72]
  la_data_out[73]
  la_data_out[74]
  la_data_out[75]
  la_data_out[76]
  la_data_out[77]
  la_data_out[78]
  la_data_out[79]
  la_data_out[7]
  la_data_out[80]
  la_data_out[81]
  la_data_out[82]
  la_data_out[83]
  la_data_out[84]
  la_data_out[85]
  la_data_out[86]
  la_data_out[87]
  la_data_out[88]
  la_data_out[89]
  la_data_out[8]
  la_data_out[90]
  la_data_out[91]
  la_data_out[92]
  la_data_out[93]
  la_data_out[94]
  la_data_out[95]
  la_data_out[96]
  la_data_out[97]
  la_data_out[98]
  la_data_out[99]
  la_data_out[9]
  user_irq[1]
  user_irq[2]
  wbs_ack_o
  wbs_dat_o[0]
  wbs_dat_o[10]
  wbs_dat_o[11]
  wbs_dat_o[12]
  wbs_dat_o[13]
  wbs_dat_o[14]
  wbs_dat_o[15]
  wbs_dat_o[16]
  wbs_dat_o[17]
  wbs_dat_o[18]
  wbs_dat_o[19]
  wbs_dat_o[1]
  wbs_dat_o[20]
  wbs_dat_o[21]
  wbs_dat_o[22]
  wbs_dat_o[23]
  wbs_dat_o[24]
  wbs_dat_o[25]
  wbs_dat_o[26]
  wbs_dat_o[27]
  wbs_dat_o[28]
  wbs_dat_o[29]
  wbs_dat_o[2]
  wbs_dat_o[30]
  wbs_dat_o[31]
  wbs_dat_o[3]
  wbs_dat_o[4]
  wbs_dat_o[5]
  wbs_dat_o[6]
  wbs_dat_o[7]
  wbs_dat_o[8]
  wbs_dat_o[9]
