
===========================================================================
report_checks -path_delay max (Setup)
============================================================================
======================= min_ss_100C_1v60 Corner ===================================

Startpoint: wb_clk_i (clock source 'wb_clk_i')
Endpoint: clk_o (output port clocked by wb_clk_i)
Path Group: wb_clk_i
Path Type: max

Fanout         Cap        Slew       Delay        Time   Description
---------------------------------------------------------------------------------------------
                                 12.500000   12.500000   clock wb_clk_i (fall edge)
                                  0.000000   12.500000   clock source latency
     1    0.004106    0.023555    0.013341   12.513341 v wb_clk_i (in)
                                                         wb_clk_i (net)
                      0.023555    0.000000   12.513341 v _253_/A (sky130_fd_sc_hd__buf_2)
     1    0.015784    0.096912    0.261782   12.775123 v _253_/X (sky130_fd_sc_hd__buf_2)
                                                         net2 (net)
                      0.096923    0.001090   12.776213 v output2/A (sky130_fd_sc_hd__buf_1)
     1    0.034014    0.385125    0.425148   13.201361 v output2/X (sky130_fd_sc_hd__buf_1)
                                                         clk_o (net)
                      0.385125    0.000180   13.201541 v clk_o (out)
                                             13.201541   data arrival time

                                 25.000000   25.000000   clock wb_clk_i (rise edge)
                                  0.000000   25.000000   clock network delay (propagated)
                                 -0.250000   24.750000   clock uncertainty
                                  0.000000   24.750000   clock reconvergence pessimism
                                 -5.000000   19.750000   output external delay
                                             19.750000   data required time
---------------------------------------------------------------------------------------------
                                             19.750000   data required time
                                            -13.201541   data arrival time
---------------------------------------------------------------------------------------------
                                              6.548459   slack (MET)


Startpoint: uart_tx_i (input port clocked by wb_clk_i)
Endpoint: io_out[1] (output port clocked by wb_clk_i)
Path Group: wb_clk_i
Path Type: max

Fanout         Cap        Slew       Delay        Time   Description
---------------------------------------------------------------------------------------------
                                  0.000000    0.000000   clock wb_clk_i (rise edge)
                                  0.000000    0.000000   clock network delay (propagated)
                                  5.000000    5.000000 ^ input external delay
     2    0.037083    0.269757    0.189138    5.189138 ^ uart_tx_i (in)
                                                         uart_tx_i (net)
                      0.269885    0.000000    5.189138 ^ _268_/A (sky130_fd_sc_hd__clkbuf_2)
     1    0.023883    0.211197    0.381753    5.570891 ^ _268_/X (sky130_fd_sc_hd__clkbuf_2)
                                                         net17 (net)
                      0.211221    0.002469    5.573360 ^ output17/A (sky130_fd_sc_hd__buf_2)
     1    0.034759    0.276007    0.412424    5.985784 ^ output17/X (sky130_fd_sc_hd__buf_2)
                                                         io_out[1] (net)
                      0.276007    0.000431    5.986215 ^ io_out[1] (out)
                                              5.986215   data arrival time

                                 25.000000   25.000000   clock wb_clk_i (rise edge)
                                  0.000000   25.000000   clock network delay (propagated)
                                 -0.250000   24.750000   clock uncertainty
                                  0.000000   24.750000   clock reconvergence pessimism
                                 -5.000000   19.750000   output external delay
                                             19.750000   data required time
---------------------------------------------------------------------------------------------
                                             19.750000   data required time
                                             -5.986215   data arrival time
---------------------------------------------------------------------------------------------
                                             13.763785   slack (MET)


Startpoint: spi_cs_n_i (input port clocked by wb_clk_i)
Endpoint: io_out[3] (output port clocked by wb_clk_i)
Path Group: wb_clk_i
Path Type: max

Fanout         Cap        Slew       Delay        Time   Description
---------------------------------------------------------------------------------------------
                                  0.000000    0.000000   clock wb_clk_i (rise edge)
                                  0.000000    0.000000   clock network delay (propagated)
                                  5.000000    5.000000 ^ input external delay
     2    0.039271    0.285176    0.200218    5.200218 ^ spi_cs_n_i (in)
                                                         spi_cs_n_i (net)
                      0.285339    0.000000    5.200218 ^ _270_/A (sky130_fd_sc_hd__clkbuf_2)
     1    0.019250    0.173931    0.361569    5.561787 ^ _270_/X (sky130_fd_sc_hd__clkbuf_2)
                                                         net19 (net)
                      0.173941    0.001623    5.563410 ^ output19/A (sky130_fd_sc_hd__buf_2)
     1    0.034323    0.272678    0.392668    5.956079 ^ output19/X (sky130_fd_sc_hd__buf_2)
                                                         io_out[3] (net)
                      0.272678    0.000357    5.956436 ^ io_out[3] (out)
                                              5.956436   data arrival time

                                 25.000000   25.000000   clock wb_clk_i (rise edge)
                                  0.000000   25.000000   clock network delay (propagated)
                                 -0.250000   24.750000   clock uncertainty
                                  0.000000   24.750000   clock reconvergence pessimism
                                 -5.000000   19.750000   output external delay
                                             19.750000   data required time
---------------------------------------------------------------------------------------------
                                             19.750000   data required time
                                             -5.956436   data arrival time
---------------------------------------------------------------------------------------------
                                             13.793564   slack (MET)


Startpoint: intr_spi_host_rx_full_i (input port clocked by wb_clk_i)
Endpoint: intr_vec_o[11] (output port clocked by wb_clk_i)
Path Group: wb_clk_i
Path Type: max

Fanout         Cap        Slew       Delay        Time   Description
---------------------------------------------------------------------------------------------
                                  0.000000    0.000000   clock wb_clk_i (rise edge)
                                  0.000000    0.000000   clock network delay (propagated)
                                  5.000000    5.000000 ^ input external delay
     2    0.017229    0.130872    0.088814    5.088814 ^ intr_spi_host_rx_full_i (in)
                                                         intr_spi_host_rx_full_i (net)
                      0.130888    0.000000    5.088814 ^ _264_/A (sky130_fd_sc_hd__clkbuf_1)
     1    0.003522    0.085191    0.185569    5.274383 ^ _264_/X (sky130_fd_sc_hd__clkbuf_1)
                                                         net4 (net)
                      0.085191    0.000056    5.274439 ^ output4/A (sky130_fd_sc_hd__buf_2)
     1    0.034052    0.270463    0.349732    5.624171 ^ output4/X (sky130_fd_sc_hd__buf_2)
                                                         intr_vec_o[11] (net)
                      0.270463    0.000173    5.624344 ^ intr_vec_o[11] (out)
                                              5.624344   data arrival time

                                 25.000000   25.000000   clock wb_clk_i (rise edge)
                                  0.000000   25.000000   clock network delay (propagated)
                                 -0.250000   24.750000   clock uncertainty
                                  0.000000   24.750000   clock reconvergence pessimism
                                 -5.000000   19.750000   output external delay
                                             19.750000   data required time
---------------------------------------------------------------------------------------------
                                             19.750000   data required time
                                             -5.624344   data arrival time
---------------------------------------------------------------------------------------------
                                             14.125656   slack (MET)


Startpoint: io_in[0] (input port clocked by wb_clk_i)
Endpoint: uart_rx_o (output port clocked by wb_clk_i)
Path Group: wb_clk_i
Path Type: max

Fanout         Cap        Slew       Delay        Time   Description
---------------------------------------------------------------------------------------------
                                  0.000000    0.000000   clock wb_clk_i (rise edge)
                                  0.000000    0.000000   clock network delay (propagated)
                                  5.000000    5.000000 ^ input external delay
     1    0.013543    0.105452    0.070290    5.070290 ^ io_in[0] (in)
                                                         io_in[0] (net)
                      0.105459    0.000000    5.070290 ^ _274_/A (sky130_fd_sc_hd__clkbuf_1)
     1    0.004115    0.095231    0.183084    5.253374 ^ _274_/X (sky130_fd_sc_hd__clkbuf_1)
                                                         net24 (net)
                      0.095231    0.000066    5.253440 ^ output24/A (sky130_fd_sc_hd__buf_2)
     1    0.034509    0.273932    0.356675    5.610115 ^ output24/X (sky130_fd_sc_hd__buf_2)
                                                         uart_rx_o (net)
                      0.273932    0.000445    5.610560 ^ uart_rx_o (out)
                                              5.610560   data arrival time

                                 25.000000   25.000000   clock wb_clk_i (rise edge)
                                  0.000000   25.000000   clock network delay (propagated)
                                 -0.250000   24.750000   clock uncertainty
                                  0.000000   24.750000   clock reconvergence pessimism
                                 -5.000000   19.750000   output external delay
                                             19.750000   data required time
---------------------------------------------------------------------------------------------
                                             19.750000   data required time
                                             -5.610560   data arrival time
---------------------------------------------------------------------------------------------
                                             14.139441   slack (MET)


Startpoint: intr_uart_tx_done_i (input port clocked by wb_clk_i)
Endpoint: intr_vec_o[4] (output port clocked by wb_clk_i)
Path Group: wb_clk_i
Path Type: max

Fanout         Cap        Slew       Delay        Time   Description
---------------------------------------------------------------------------------------------
                                  0.000000    0.000000   clock wb_clk_i (rise edge)
                                  0.000000    0.000000   clock network delay (propagated)
                                  5.000000    5.000000 ^ input external delay
     1    0.008815    0.073044    0.046664    5.046664 ^ intr_uart_tx_done_i (in)
                                                         intr_uart_tx_done_i (net)
                      0.073046    0.000000    5.046664 ^ _257_/A (sky130_fd_sc_hd__clkbuf_1)
     1    0.005821    0.125643    0.191579    5.238243 ^ _257_/X (sky130_fd_sc_hd__clkbuf_1)
                                                         net11 (net)
                      0.125643    0.000127    5.238369 ^ output11/A (sky130_fd_sc_hd__buf_2)
     1    0.034514    0.274027    0.370967    5.609336 ^ output11/X (sky130_fd_sc_hd__buf_2)
                                                         intr_vec_o[4] (net)
                      0.274027    0.000445    5.609781 ^ intr_vec_o[4] (out)
                                              5.609781   data arrival time

                                 25.000000   25.000000   clock wb_clk_i (rise edge)
                                  0.000000   25.000000   clock network delay (propagated)
                                 -0.250000   24.750000   clock uncertainty
                                  0.000000   24.750000   clock reconvergence pessimism
                                 -5.000000   19.750000   output external delay
                                             19.750000   data required time
---------------------------------------------------------------------------------------------
                                             19.750000   data required time
                                             -5.609781   data arrival time
---------------------------------------------------------------------------------------------
                                             14.140219   slack (MET)


Startpoint: intr_uart_rx_frame_err_i (input port clocked by wb_clk_i)
Endpoint: intr_vec_o[6] (output port clocked by wb_clk_i)
Path Group: wb_clk_i
Path Type: max

Fanout         Cap        Slew       Delay        Time   Description
---------------------------------------------------------------------------------------------
                                  0.000000    0.000000   clock wb_clk_i (rise edge)
                                  0.000000    0.000000   clock network delay (propagated)
                                  5.000000    5.000000 ^ input external delay
     2    0.013881    0.107786    0.072043    5.072043 ^ intr_uart_rx_frame_err_i (in)
                                                         intr_uart_rx_frame_err_i (net)
                      0.107795    0.000000    5.072043 ^ _259_/A (sky130_fd_sc_hd__clkbuf_1)
     1    0.003848    0.090662    0.180449    5.252492 ^ _259_/X (sky130_fd_sc_hd__clkbuf_1)
                                                         net13 (net)
                      0.090662    0.000068    5.252560 ^ output13/A (sky130_fd_sc_hd__buf_2)
     1    0.034080    0.270688    0.352426    5.604986 ^ output13/X (sky130_fd_sc_hd__buf_2)
                                                         intr_vec_o[6] (net)
                      0.270688    0.000203    5.605188 ^ intr_vec_o[6] (out)
                                              5.605188   data arrival time

                                 25.000000   25.000000   clock wb_clk_i (rise edge)
                                  0.000000   25.000000   clock network delay (propagated)
                                 -0.250000   24.750000   clock uncertainty
                                  0.000000   24.750000   clock reconvergence pessimism
                                 -5.000000   19.750000   output external delay
                                             19.750000   data required time
---------------------------------------------------------------------------------------------
                                             19.750000   data required time
                                             -5.605188   data arrival time
---------------------------------------------------------------------------------------------
                                             14.144811   slack (MET)


Startpoint: io_in[5] (input port clocked by wb_clk_i)
Endpoint: spi_miso_o (output port clocked by wb_clk_i)
Path Group: wb_clk_i
Path Type: max

Fanout         Cap        Slew       Delay        Time   Description
---------------------------------------------------------------------------------------------
                                  0.000000    0.000000   clock wb_clk_i (rise edge)
                                  0.000000    0.000000   clock network delay (propagated)
                                  5.000000    5.000000 ^ input external delay
     2    0.015936    0.121916    0.082329    5.082329 ^ io_in[5] (in)
                                                         io_in[5] (net)
                      0.121926    0.000000    5.082329 ^ _273_/A (sky130_fd_sc_hd__clkbuf_1)
     1    0.002298    0.064359    0.165279    5.247609 ^ _273_/X (sky130_fd_sc_hd__clkbuf_1)
                                                         net23 (net)
                      0.064359    0.000022    5.247631 ^ output23/A (sky130_fd_sc_hd__buf_2)
     1    0.033987    0.269944    0.339778    5.587409 ^ output23/X (sky130_fd_sc_hd__buf_2)
                                                         spi_miso_o (net)
                      0.269944    0.000168    5.587577 ^ spi_miso_o (out)
                                              5.587577   data arrival time

                                 25.000000   25.000000   clock wb_clk_i (rise edge)
                                  0.000000   25.000000   clock network delay (propagated)
                                 -0.250000   24.750000   clock uncertainty
                                  0.000000   24.750000   clock reconvergence pessimism
                                 -5.000000   19.750000   output external delay
                                             19.750000   data required time
---------------------------------------------------------------------------------------------
                                             19.750000   data required time
                                             -5.587577   data arrival time
---------------------------------------------------------------------------------------------
                                             14.162423   slack (MET)


Startpoint: wb_rst_i (input port clocked by wb_clk_i)
Endpoint: rst_no (output port clocked by wb_clk_i)
Path Group: wb_clk_i
Path Type: max

Fanout         Cap        Slew       Delay        Time   Description
---------------------------------------------------------------------------------------------
                                  0.000000    0.000000   clock wb_clk_i (rise edge)
                                  0.000000    0.000000   clock network delay (propagated)
                                  5.000000    5.000000 ^ input external delay
     1    0.002718    0.031717    0.015341    5.015341 ^ wb_rst_i (in)
                                                         wb_rst_i (net)
                      0.031717    0.000000    5.015341 ^ input1/A (sky130_fd_sc_hd__clkbuf_1)
     1    0.005506    0.119963    0.168810    5.184151 ^ input1/X (sky130_fd_sc_hd__clkbuf_1)
                                                         net1 (net)
                      0.119963    0.000067    5.184217 ^ _000_/A (sky130_fd_sc_hd__inv_2)
     1    0.002034    0.029027    0.065225    5.249442 v _000_/Y (sky130_fd_sc_hd__inv_2)
                                                         net22 (net)
                      0.029027    0.000011    5.249453 v output22/A (sky130_fd_sc_hd__buf_2)
     1    0.034124    0.165397    0.325659    5.575112 v output22/X (sky130_fd_sc_hd__buf_2)
                                                         rst_no (net)
                      0.165397    0.000191    5.575302 v rst_no (out)
                                              5.575302   data arrival time

                                 25.000000   25.000000   clock wb_clk_i (rise edge)
                                  0.000000   25.000000   clock network delay (propagated)
                                 -0.250000   24.750000   clock uncertainty
                                  0.000000   24.750000   clock reconvergence pessimism
                                 -5.000000   19.750000   output external delay
                                             19.750000   data required time
---------------------------------------------------------------------------------------------
                                             19.750000   data required time
                                             -5.575302   data arrival time
---------------------------------------------------------------------------------------------
                                             14.174697   slack (MET)


Startpoint: intr_uart_rx_parity_err_i (input port clocked by wb_clk_i)
Endpoint: intr_vec_o[9] (output port clocked by wb_clk_i)
Path Group: wb_clk_i
Path Type: max

Fanout         Cap        Slew       Delay        Time   Description
---------------------------------------------------------------------------------------------
                                  0.000000    0.000000   clock wb_clk_i (rise edge)
                                  0.000000    0.000000   clock network delay (propagated)
                                  5.000000    5.000000 ^ input external delay
     1    0.012435    0.097835    0.064723    5.064723 ^ intr_uart_rx_parity_err_i (in)
                                                         intr_uart_rx_parity_err_i (net)
                      0.097841    0.000000    5.064723 ^ _262_/A (sky130_fd_sc_hd__clkbuf_1)
     1    0.002564    0.068607    0.158947    5.223670 ^ _262_/X (sky130_fd_sc_hd__clkbuf_1)
                                                         net16 (net)
                      0.068607    0.000028    5.223698 ^ output16/A (sky130_fd_sc_hd__buf_2)
     1    0.034060    0.270489    0.342107    5.565805 ^ output16/X (sky130_fd_sc_hd__buf_2)
                                                         intr_vec_o[9] (net)
                      0.270489    0.000173    5.565978 ^ intr_vec_o[9] (out)
                                              5.565978   data arrival time

                                 25.000000   25.000000   clock wb_clk_i (rise edge)
                                  0.000000   25.000000   clock network delay (propagated)
                                 -0.250000   24.750000   clock uncertainty
                                  0.000000   24.750000   clock reconvergence pessimism
                                 -5.000000   19.750000   output external delay
                                             19.750000   data required time
---------------------------------------------------------------------------------------------
                                             19.750000   data required time
                                             -5.565978   data arrival time
---------------------------------------------------------------------------------------------
                                             14.184021   slack (MET)


Startpoint: intr_uart_rx_watermark_i (input port clocked by wb_clk_i)
Endpoint: intr_vec_o[3] (output port clocked by wb_clk_i)
Path Group: wb_clk_i
Path Type: max

Fanout         Cap        Slew       Delay        Time   Description
---------------------------------------------------------------------------------------------
                                  0.000000    0.000000   clock wb_clk_i (rise edge)
                                  0.000000    0.000000   clock network delay (propagated)
                                  5.000000    5.000000 ^ input external delay
     1    0.010920    0.087436    0.057151    5.057151 ^ intr_uart_rx_watermark_i (in)
                                                         intr_uart_rx_watermark_i (net)
                      0.087439    0.000000    5.057151 ^ _256_/A (sky130_fd_sc_hd__clkbuf_1)
     1    0.003094    0.077585    0.161829    5.218980 ^ _256_/X (sky130_fd_sc_hd__clkbuf_1)
                                                         net10 (net)
                      0.077585    0.000042    5.219022 ^ output10/A (sky130_fd_sc_hd__buf_2)
     1    0.034071    0.270594    0.346261    5.565283 ^ output10/X (sky130_fd_sc_hd__buf_2)
                                                         intr_vec_o[3] (net)
                      0.270594    0.000203    5.565485 ^ intr_vec_o[3] (out)
                                              5.565485   data arrival time

                                 25.000000   25.000000   clock wb_clk_i (rise edge)
                                  0.000000   25.000000   clock network delay (propagated)
                                 -0.250000   24.750000   clock uncertainty
                                  0.000000   24.750000   clock reconvergence pessimism
                                 -5.000000   19.750000   output external delay
                                             19.750000   data required time
---------------------------------------------------------------------------------------------
                                             19.750000   data required time
                                             -5.565485   data arrival time
---------------------------------------------------------------------------------------------
                                             14.184513   slack (MET)


Startpoint: fft_done_i (input port clocked by wb_clk_i)
Endpoint: intr_vec_o[13] (output port clocked by wb_clk_i)
Path Group: wb_clk_i
Path Type: max

Fanout         Cap        Slew       Delay        Time   Description
---------------------------------------------------------------------------------------------
                                  0.000000    0.000000   clock wb_clk_i (rise edge)
                                  0.000000    0.000000   clock network delay (propagated)
                                  5.000000    5.000000 ^ input external delay
     2    0.009618    0.078521    0.050589    5.050589 ^ fft_done_i (in)
                                                         fft_done_i (net)
                      0.078522    0.000000    5.050589 ^ _266_/A (sky130_fd_sc_hd__clkbuf_1)
     1    0.002331    0.064519    0.147805    5.198394 ^ _266_/X (sky130_fd_sc_hd__clkbuf_1)
                                                         net6 (net)
                      0.064519    0.000024    5.198418 ^ output6/A (sky130_fd_sc_hd__buf_2)
     1    0.034996    0.277510    0.344960    5.543378 ^ output6/X (sky130_fd_sc_hd__buf_2)
                                                         intr_vec_o[13] (net)
                      0.277510    0.000520    5.543899 ^ intr_vec_o[13] (out)
                                              5.543899   data arrival time

                                 25.000000   25.000000   clock wb_clk_i (rise edge)
                                  0.000000   25.000000   clock network delay (propagated)
                                 -0.250000   24.750000   clock uncertainty
                                  0.000000   24.750000   clock reconvergence pessimism
                                 -5.000000   19.750000   output external delay
                                             19.750000   data required time
---------------------------------------------------------------------------------------------
                                             19.750000   data required time
                                             -5.543899   data arrival time
---------------------------------------------------------------------------------------------
                                             14.206101   slack (MET)


Startpoint: fft_done_i (input port clocked by wb_clk_i)
Endpoint: io_out[6] (output port clocked by wb_clk_i)
Path Group: wb_clk_i
Path Type: max

Fanout         Cap        Slew       Delay        Time   Description
---------------------------------------------------------------------------------------------
                                  0.000000    0.000000   clock wb_clk_i (rise edge)
                                  0.000000    0.000000   clock network delay (propagated)
                                  5.000000    5.000000 ^ input external delay
     2    0.009618    0.078521    0.050593    5.050593 ^ fft_done_i (in)
                                                         fft_done_i (net)
                      0.078522    0.000000    5.050593 ^ _272_/A (sky130_fd_sc_hd__clkbuf_1)
     1    0.002303    0.064044    0.147423    5.198016 ^ _272_/X (sky130_fd_sc_hd__clkbuf_1)
                                                         net21 (net)
                      0.064044    0.000024    5.198040 ^ output21/A (sky130_fd_sc_hd__buf_2)
     1    0.034874    0.276604    0.344094    5.542133 ^ output21/X (sky130_fd_sc_hd__buf_2)
                                                         io_out[6] (net)
                      0.276604    0.000522    5.542655 ^ io_out[6] (out)
                                              5.542655   data arrival time

                                 25.000000   25.000000   clock wb_clk_i (rise edge)
                                  0.000000   25.000000   clock network delay (propagated)
                                 -0.250000   24.750000   clock uncertainty
                                  0.000000   24.750000   clock reconvergence pessimism
                                 -5.000000   19.750000   output external delay
                                             19.750000   data required time
---------------------------------------------------------------------------------------------
                                             19.750000   data required time
                                             -5.542655   data arrival time
---------------------------------------------------------------------------------------------
                                             14.207345   slack (MET)


Startpoint: intr_uart_tx_watermark_i (input port clocked by wb_clk_i)
Endpoint: intr_vec_o[1] (output port clocked by wb_clk_i)
Path Group: wb_clk_i
Path Type: max

Fanout         Cap        Slew       Delay        Time   Description
---------------------------------------------------------------------------------------------
                                  0.000000    0.000000   clock wb_clk_i (rise edge)
                                  0.000000    0.000000   clock network delay (propagated)
                                  5.000000    5.000000 ^ input external delay
     1    0.008991    0.074247    0.047502    5.047502 ^ intr_uart_tx_watermark_i (in)
                                                         intr_uart_tx_watermark_i (net)
                      0.074249    0.000000    5.047502 ^ _254_/A (sky130_fd_sc_hd__clkbuf_1)
     1    0.002342    0.064696    0.146026    5.193528 ^ _254_/X (sky130_fd_sc_hd__clkbuf_1)
                                                         net8 (net)
                      0.064696    0.000022    5.193550 ^ output8/A (sky130_fd_sc_hd__buf_2)
     1    0.034067    0.270544    0.340332    5.533882 ^ output8/X (sky130_fd_sc_hd__buf_2)
                                                         intr_vec_o[1] (net)
                      0.270544    0.000203    5.534084 ^ intr_vec_o[1] (out)
                                              5.534084   data arrival time

                                 25.000000   25.000000   clock wb_clk_i (rise edge)
                                  0.000000   25.000000   clock network delay (propagated)
                                 -0.250000   24.750000   clock uncertainty
                                  0.000000   24.750000   clock reconvergence pessimism
                                 -5.000000   19.750000   output external delay
                                             19.750000   data required time
---------------------------------------------------------------------------------------------
                                             19.750000   data required time
                                             -5.534084   data arrival time
---------------------------------------------------------------------------------------------
                                             14.215915   slack (MET)


Startpoint: intr_uart_tx_empty_i (input port clocked by wb_clk_i)
Endpoint: intr_vec_o[2] (output port clocked by wb_clk_i)
Path Group: wb_clk_i
Path Type: max

Fanout         Cap        Slew       Delay        Time   Description
---------------------------------------------------------------------------------------------
                                  0.000000    0.000000   clock wb_clk_i (rise edge)
                                  0.000000    0.000000   clock network delay (propagated)
                                  5.000000    5.000000 ^ input external delay
     1    0.003448    0.036575    0.019189    5.019189 ^ intr_uart_tx_empty_i (in)
                                                         intr_uart_tx_empty_i (net)
                      0.036575    0.000000    5.019189 ^ _255_/A (sky130_fd_sc_hd__clkbuf_1)
     1    0.004374    0.099745    0.156345    5.175534 ^ _255_/X (sky130_fd_sc_hd__clkbuf_1)
                                                         net9 (net)
                      0.099745    0.000093    5.175627 ^ output9/A (sky130_fd_sc_hd__buf_2)
     1    0.033956    0.269777    0.356053    5.531680 ^ output9/X (sky130_fd_sc_hd__buf_2)
                                                         intr_vec_o[2] (net)
                      0.269777    0.000168    5.531848 ^ intr_vec_o[2] (out)
                                              5.531848   data arrival time

                                 25.000000   25.000000   clock wb_clk_i (rise edge)
                                  0.000000   25.000000   clock network delay (propagated)
                                 -0.250000   24.750000   clock uncertainty
                                  0.000000   24.750000   clock reconvergence pessimism
                                 -5.000000   19.750000   output external delay
                                             19.750000   data required time
---------------------------------------------------------------------------------------------
                                             19.750000   data required time
                                             -5.531848   data arrival time
---------------------------------------------------------------------------------------------
                                             14.218151   slack (MET)


Startpoint: intr_spi_host_tx_empty_i (input port clocked by wb_clk_i)
Endpoint: intr_vec_o[10] (output port clocked by wb_clk_i)
Path Group: wb_clk_i
Path Type: max

Fanout         Cap        Slew       Delay        Time   Description
---------------------------------------------------------------------------------------------
                                  0.000000    0.000000   clock wb_clk_i (rise edge)
                                  0.000000    0.000000   clock network delay (propagated)
                                  5.000000    5.000000 ^ input external delay
     1    0.003447    0.036568    0.019195    5.019195 ^ intr_spi_host_tx_empty_i (in)
                                                         intr_spi_host_tx_empty_i (net)
                      0.036568    0.000000    5.019195 ^ _263_/A (sky130_fd_sc_hd__clkbuf_1)
     1    0.003062    0.077015    0.138822    5.158017 ^ _263_/X (sky130_fd_sc_hd__clkbuf_1)
                                                         net3 (net)
                      0.077015    0.000041    5.158058 ^ output3/A (sky130_fd_sc_hd__buf_2)
     1    0.034752    0.275698    0.349453    5.507512 ^ output3/X (sky130_fd_sc_hd__buf_2)
                                                         intr_vec_o[10] (net)
                      0.275698    0.000431    5.507942 ^ intr_vec_o[10] (out)
                                              5.507942   data arrival time

                                 25.000000   25.000000   clock wb_clk_i (rise edge)
                                  0.000000   25.000000   clock network delay (propagated)
                                 -0.250000   24.750000   clock uncertainty
                                  0.000000   24.750000   clock reconvergence pessimism
                                 -5.000000   19.750000   output external delay
                                             19.750000   data required time
---------------------------------------------------------------------------------------------
                                             19.750000   data required time
                                             -5.507942   data arrival time
---------------------------------------------------------------------------------------------
                                             14.242057   slack (MET)


Startpoint: intr_spi_host_idle_i (input port clocked by wb_clk_i)
Endpoint: intr_vec_o[12] (output port clocked by wb_clk_i)
Path Group: wb_clk_i
Path Type: max

Fanout         Cap        Slew       Delay        Time   Description
---------------------------------------------------------------------------------------------
                                  0.000000    0.000000   clock wb_clk_i (rise edge)
                                  0.000000    0.000000   clock network delay (propagated)
                                  5.000000    5.000000 ^ input external delay
     1    0.004107    0.041056    0.022696    5.022696 ^ intr_spi_host_idle_i (in)
                                                         intr_spi_host_idle_i (net)
                      0.041056    0.000000    5.022696 ^ _265_/A (sky130_fd_sc_hd__clkbuf_1)
     1    0.002909    0.074373    0.138772    5.161468 ^ _265_/X (sky130_fd_sc_hd__clkbuf_1)
                                                         net5 (net)
                      0.074373    0.000035    5.161502 ^ output5/A (sky130_fd_sc_hd__buf_2)
     1    0.034331    0.272550    0.346058    5.507560 ^ output5/X (sky130_fd_sc_hd__buf_2)
                                                         intr_vec_o[12] (net)
                      0.272550    0.000357    5.507917 ^ intr_vec_o[12] (out)
                                              5.507917   data arrival time

                                 25.000000   25.000000   clock wb_clk_i (rise edge)
                                  0.000000   25.000000   clock network delay (propagated)
                                 -0.250000   24.750000   clock uncertainty
                                  0.000000   24.750000   clock reconvergence pessimism
                                 -5.000000   19.750000   output external delay
                                             19.750000   data required time
---------------------------------------------------------------------------------------------
                                             19.750000   data required time
                                             -5.507917   data arrival time
---------------------------------------------------------------------------------------------
                                             14.242082   slack (MET)


Startpoint: fft_error_i (input port clocked by wb_clk_i)
Endpoint: intr_vec_o[14] (output port clocked by wb_clk_i)
Path Group: wb_clk_i
Path Type: max

Fanout         Cap        Slew       Delay        Time   Description
---------------------------------------------------------------------------------------------
                                  0.000000    0.000000   clock wb_clk_i (rise edge)
                                  0.000000    0.000000   clock network delay (propagated)
                                  5.000000    5.000000 ^ input external delay
     1    0.004474    0.043572    0.024631    5.024632 ^ fft_error_i (in)
                                                         fft_error_i (net)
                      0.043586    0.000000    5.024632 ^ _267_/A (sky130_fd_sc_hd__clkbuf_1)
     1    0.002737    0.071424    0.137586    5.162218 ^ _267_/X (sky130_fd_sc_hd__clkbuf_1)
                                                         net7 (net)
                      0.071424    0.000032    5.162249 ^ output7/A (sky130_fd_sc_hd__buf_2)
     1    0.034386    0.272958    0.344999    5.507248 ^ output7/X (sky130_fd_sc_hd__buf_2)
                                                         intr_vec_o[14] (net)
                      0.272958    0.000358    5.507607 ^ intr_vec_o[14] (out)
                                              5.507607   data arrival time

                                 25.000000   25.000000   clock wb_clk_i (rise edge)
                                  0.000000   25.000000   clock network delay (propagated)
                                 -0.250000   24.750000   clock uncertainty
                                  0.000000   24.750000   clock reconvergence pessimism
                                 -5.000000   19.750000   output external delay
                                             19.750000   data required time
---------------------------------------------------------------------------------------------
                                             19.750000   data required time
                                             -5.507607   data arrival time
---------------------------------------------------------------------------------------------
                                             14.242393   slack (MET)


Startpoint: spi_sclk_i (input port clocked by wb_clk_i)
Endpoint: io_out[2] (output port clocked by wb_clk_i)
Path Group: wb_clk_i
Path Type: max

Fanout         Cap        Slew       Delay        Time   Description
---------------------------------------------------------------------------------------------
                                  0.000000    0.000000   clock wb_clk_i (rise edge)
                                  0.000000    0.000000   clock network delay (propagated)
                                  5.000000    5.000000 ^ input external delay
     1    0.003785    0.038855    0.020981    5.020982 ^ spi_sclk_i (in)
                                                         spi_sclk_i (net)
                      0.038855    0.000000    5.020982 ^ _269_/A (sky130_fd_sc_hd__clkbuf_1)
     1    0.002671    0.070305    0.134571    5.155553 ^ _269_/X (sky130_fd_sc_hd__clkbuf_1)
                                                         net18 (net)
                      0.070305    0.000030    5.155583 ^ output18/A (sky130_fd_sc_hd__buf_2)
     1    0.034514    0.273925    0.345106    5.500689 ^ output18/X (sky130_fd_sc_hd__buf_2)
                                                         io_out[2] (net)
                      0.273925    0.000445    5.501133 ^ io_out[2] (out)
                                              5.501133   data arrival time

                                 25.000000   25.000000   clock wb_clk_i (rise edge)
                                  0.000000   25.000000   clock network delay (propagated)
                                 -0.250000   24.750000   clock uncertainty
                                  0.000000   24.750000   clock reconvergence pessimism
                                 -5.000000   19.750000   output external delay
                                             19.750000   data required time
---------------------------------------------------------------------------------------------
                                             19.750000   data required time
                                             -5.501133   data arrival time
---------------------------------------------------------------------------------------------
                                             14.248866   slack (MET)


Startpoint: intr_uart_rx_overflow_i (input port clocked by wb_clk_i)
Endpoint: intr_vec_o[5] (output port clocked by wb_clk_i)
Path Group: wb_clk_i
Path Type: max

Fanout         Cap        Slew       Delay        Time   Description
---------------------------------------------------------------------------------------------
                                  0.000000    0.000000   clock wb_clk_i (rise edge)
                                  0.000000    0.000000   clock network delay (propagated)
                                  5.000000    5.000000 ^ input external delay
     1    0.004010    0.040388    0.022168    5.022169 ^ intr_uart_rx_overflow_i (in)
                                                         intr_uart_rx_overflow_i (net)
                      0.040388    0.000000    5.022169 ^ _258_/A (sky130_fd_sc_hd__clkbuf_1)
     1    0.002410    0.065875    0.131742    5.153910 ^ _258_/X (sky130_fd_sc_hd__clkbuf_1)
                                                         net12 (net)
                      0.065875    0.000025    5.153935 ^ output12/A (sky130_fd_sc_hd__buf_2)
     1    0.034476    0.273634    0.342882    5.496818 ^ output12/X (sky130_fd_sc_hd__buf_2)
                                                         intr_vec_o[5] (net)
                      0.273634    0.000433    5.497250 ^ intr_vec_o[5] (out)
                                              5.497250   data arrival time

                                 25.000000   25.000000   clock wb_clk_i (rise edge)
                                  0.000000   25.000000   clock network delay (propagated)
                                 -0.250000   24.750000   clock uncertainty
                                  0.000000   24.750000   clock reconvergence pessimism
                                 -5.000000   19.750000   output external delay
                                             19.750000   data required time
---------------------------------------------------------------------------------------------
                                             19.750000   data required time
                                             -5.497250   data arrival time
---------------------------------------------------------------------------------------------
                                             14.252749   slack (MET)


Startpoint: intr_uart_rx_timeout_i (input port clocked by wb_clk_i)
Endpoint: intr_vec_o[8] (output port clocked by wb_clk_i)
Path Group: wb_clk_i
Path Type: max

Fanout         Cap        Slew       Delay        Time   Description
---------------------------------------------------------------------------------------------
                                  0.000000    0.000000   clock wb_clk_i (rise edge)
                                  0.000000    0.000000   clock network delay (propagated)
                                  5.000000    5.000000 ^ input external delay
     1    0.003758    0.038672    0.020839    5.020839 ^ intr_uart_rx_timeout_i (in)
                                                         intr_uart_rx_timeout_i (net)
                      0.038672    0.000000    5.020839 ^ _261_/A (sky130_fd_sc_hd__clkbuf_1)
     1    0.002461    0.066744    0.131664    5.152503 ^ _261_/X (sky130_fd_sc_hd__clkbuf_1)
                                                         net15 (net)
                      0.066744    0.000026    5.152530 ^ output15/A (sky130_fd_sc_hd__buf_2)
     1    0.034476    0.273635    0.343281    5.495810 ^ output15/X (sky130_fd_sc_hd__buf_2)
                                                         intr_vec_o[8] (net)
                      0.273635    0.000433    5.496243 ^ intr_vec_o[8] (out)
                                              5.496243   data arrival time

                                 25.000000   25.000000   clock wb_clk_i (rise edge)
                                  0.000000   25.000000   clock network delay (propagated)
                                 -0.250000   24.750000   clock uncertainty
                                  0.000000   24.750000   clock reconvergence pessimism
                                 -5.000000   19.750000   output external delay
                                             19.750000   data required time
---------------------------------------------------------------------------------------------
                                             19.750000   data required time
                                             -5.496243   data arrival time
---------------------------------------------------------------------------------------------
                                             14.253757   slack (MET)


Startpoint: intr_uart_rx_break_err_i (input port clocked by wb_clk_i)
Endpoint: intr_vec_o[7] (output port clocked by wb_clk_i)
Path Group: wb_clk_i
Path Type: max

Fanout         Cap        Slew       Delay        Time   Description
---------------------------------------------------------------------------------------------
                                  0.000000    0.000000   clock wb_clk_i (rise edge)
                                  0.000000    0.000000   clock network delay (propagated)
                                  5.000000    5.000000 ^ input external delay
     1    0.003599    0.037596    0.019990    5.019990 ^ intr_uart_rx_break_err_i (in)
                                                         intr_uart_rx_break_err_i (net)
                      0.037596    0.000000    5.019990 ^ _260_/A (sky130_fd_sc_hd__clkbuf_1)
     1    0.002332    0.064572    0.129441    5.149431 ^ _260_/X (sky130_fd_sc_hd__clkbuf_1)
                                                         net14 (net)
                      0.064572    0.000022    5.149453 ^ output14/A (sky130_fd_sc_hd__buf_2)
     1    0.033952    0.269682    0.339689    5.489142 ^ output14/X (sky130_fd_sc_hd__buf_2)
                                                         intr_vec_o[7] (net)
                      0.269682    0.000168    5.489310 ^ intr_vec_o[7] (out)
                                              5.489310   data arrival time

                                 25.000000   25.000000   clock wb_clk_i (rise edge)
                                  0.000000   25.000000   clock network delay (propagated)
                                 -0.250000   24.750000   clock uncertainty
                                  0.000000   24.750000   clock reconvergence pessimism
                                 -5.000000   19.750000   output external delay
                                             19.750000   data required time
---------------------------------------------------------------------------------------------
                                             19.750000   data required time
                                             -5.489310   data arrival time
---------------------------------------------------------------------------------------------
                                             14.260690   slack (MET)


Startpoint: spi_mosi_i (input port clocked by wb_clk_i)
Endpoint: io_out[4] (output port clocked by wb_clk_i)
Path Group: wb_clk_i
Path Type: max

Fanout         Cap        Slew       Delay        Time   Description
---------------------------------------------------------------------------------------------
                                  0.000000    0.000000   clock wb_clk_i (rise edge)
                                  0.000000    0.000000   clock network delay (propagated)
                                  5.000000    5.000000 ^ input external delay
     1    0.003439    0.036511    0.019145    5.019145 ^ spi_mosi_i (in)
                                                         spi_mosi_i (net)
                      0.036511    0.000000    5.019145 ^ _271_/A (sky130_fd_sc_hd__clkbuf_1)
     1    0.002179    0.064163    0.126895    5.146040 ^ _271_/X (sky130_fd_sc_hd__clkbuf_1)
                                                         net20 (net)
                      0.064163    0.000012    5.146051 ^ output20/A (sky130_fd_sc_hd__buf_2)
     1    0.034004    0.270069    0.339779    5.485830 ^ output20/X (sky130_fd_sc_hd__buf_2)
                                                         io_out[4] (net)
                      0.270069    0.000168    5.485998 ^ io_out[4] (out)
                                              5.485998   data arrival time

                                 25.000000   25.000000   clock wb_clk_i (rise edge)
                                  0.000000   25.000000   clock network delay (propagated)
                                 -0.250000   24.750000   clock uncertainty
                                  0.000000   24.750000   clock reconvergence pessimism
                                 -5.000000   19.750000   output external delay
                                             19.750000   data required time
---------------------------------------------------------------------------------------------
                                             19.750000   data required time
                                             -5.485998   data arrival time
---------------------------------------------------------------------------------------------
                                             14.264002   slack (MET)


Startpoint: plic_irq_i (input port clocked by wb_clk_i)
Endpoint: user_irq[0] (output port clocked by wb_clk_i)
Path Group: wb_clk_i
Path Type: max

Fanout         Cap        Slew       Delay        Time   Description
---------------------------------------------------------------------------------------------
                                  0.000000    0.000000   clock wb_clk_i (rise edge)
                                  0.000000    0.000000   clock network delay (propagated)
                                  5.000000    5.000000 ^ input external delay
     1    0.003223    0.035061    0.017999    5.017999 ^ plic_irq_i (in)
                                                         plic_irq_i (net)
                      0.035061    0.000000    5.017999 ^ _275_/A (sky130_fd_sc_hd__clkbuf_1)
     1    0.002177    0.061989    0.126215    5.144214 ^ _275_/X (sky130_fd_sc_hd__clkbuf_1)
                                                         net25 (net)
                      0.061989    0.000020    5.144234 ^ output25/A (sky130_fd_sc_hd__buf_2)
     1    0.034053    0.270432    0.339040    5.483274 ^ output25/X (sky130_fd_sc_hd__buf_2)
                                                         user_irq[0] (net)
                      0.270432    0.000173    5.483447 ^ user_irq[0] (out)
                                              5.483447   data arrival time

                                 25.000000   25.000000   clock wb_clk_i (rise edge)
                                  0.000000   25.000000   clock network delay (propagated)
                                 -0.250000   24.750000   clock uncertainty
                                  0.000000   24.750000   clock reconvergence pessimism
                                 -5.000000   19.750000   output external delay
                                             19.750000   data required time
---------------------------------------------------------------------------------------------
                                             19.750000   data required time
                                             -5.483447   data arrival time
---------------------------------------------------------------------------------------------
                                             14.266553   slack (MET)



