Clock: clk_i
Sources: clk_i 
Generated: no
Virtual: yes
Propagated: no
Period: 25.000000

===========================================================================
report_clock_properties
============================================================================
Clock                   Period          Waveform
----------------------------------------------------
clk_i                25.000000    0.000000 12.500000

===========================================================================
report_clock_latency
============================================================================
Clock clk_i
rise -> rise
    min     max
0.000000 0.000000 source latency
2.345043         network latency _12961_/CLK
        3.200409 network latency _12673_/CLK
---------------
2.345043 3.200409 latency
        0.855367 skew

fall -> fall
    min     max
0.000000 0.000000 source latency
2.063638         network latency _12961_/CLK
        2.746836 network latency _12673_/CLK
---------------
2.063638 2.746836 latency
        0.683197 skew



===========================================================================
report_clock_min_period
============================================================================
clk_i period_min = 25.35 fmax = 39.45
