
===========================================================================
 report_power
============================================================================
======================= nom_ss_100C_1v60 Corner ===================================

Group                    Internal    Switching      Leakage        Total
                            Power        Power        Power        Power (Watts)
------------------------------------------------------------------------
Sequential           9.609094e-04 1.386592e-06 1.245534e-05 9.747513e-04  40.9%
Combinational        5.120538e-05 7.904312e-05 6.951176e-05 1.997603e-04   8.4%
Clock                5.365490e-04 6.707213e-04 2.319450e-06 1.209590e-03  50.7%
Macro                0.000000e+00 0.000000e+00 0.000000e+00 0.000000e+00   0.0%
Pad                  0.000000e+00 0.000000e+00 0.000000e+00 0.000000e+00   0.0%
------------------------------------------------------------------------
Total                1.548662e-03 7.511506e-04 8.428627e-05 2.384098e-03 100.0%
                            65.0%        31.5%         3.5%

