
===========================================================================
report_checks -unconstrained
===========================================================================
======================= min_ss_100C_1v60 Corner ===================================

Startpoint: rst_ni (input port clocked by clk_i)
Endpoint: _3902_ (recovery check against rising-edge clock clk_i)
Path Group: asynchronous
Path Type: max

Fanout         Cap        Slew       Delay        Time   Description
---------------------------------------------------------------------------------------------
                                  0.000000    0.000000   clock clk_i (rise edge)
                                  0.000000    0.000000   clock network delay (propagated)
                                  5.000000    5.000000 ^ input external delay
     1    0.002657    0.031310    0.015012    5.015012 ^ rst_ni (in)
                                                         rst_ni (net)
                      0.031310    0.000000    5.015012 ^ input1/A (sky130_fd_sc_hd__buf_1)
     1    0.012193    0.240706    0.255017    5.270029 ^ input1/X (sky130_fd_sc_hd__buf_1)
                                                         net1 (net)
                      0.240708    0.000647    5.270676 ^ fanout887/A (sky130_fd_sc_hd__clkbuf_4)
     3    0.067352    0.324291    0.513609    5.784284 ^ fanout887/X (sky130_fd_sc_hd__clkbuf_4)
                                                         net887 (net)
                      0.324300    0.002170    5.786455 ^ fanout859/A (sky130_fd_sc_hd__clkbuf_2)
     3    0.027844    0.243505    0.425658    6.212112 ^ fanout859/X (sky130_fd_sc_hd__clkbuf_2)
                                                         net859 (net)
                      0.243506    0.001072    6.213184 ^ fanout849/A (sky130_fd_sc_hd__buf_1)
     3    0.022009    0.419067    0.469467    6.682651 ^ fanout849/X (sky130_fd_sc_hd__buf_1)
                                                         net849 (net)
                      0.419067    0.001344    6.683995 ^ fanout848/A (sky130_fd_sc_hd__buf_1)
     3    0.022284    0.424253    0.522367    7.206363 ^ fanout848/X (sky130_fd_sc_hd__buf_1)
                                                         net848 (net)
                      0.424253    0.000147    7.206510 ^ fanout845/A (sky130_fd_sc_hd__buf_1)
     4    0.025573    0.483928    0.566275    7.772784 ^ fanout845/X (sky130_fd_sc_hd__buf_1)
                                                         net845 (net)
                      0.483928    0.000544    7.773329 ^ fanout844/A (sky130_fd_sc_hd__clkbuf_1)
     3    0.018272    0.351830    0.488395    8.261724 ^ fanout844/X (sky130_fd_sc_hd__clkbuf_1)
                                                         net844 (net)
                      0.351830    0.000434    8.262158 ^ _3902_/RESET_B (sky130_fd_sc_hd__dfrtp_1)
                                              8.262158   data arrival time

                                 25.000000   25.000000   clock clk_i (rise edge)
                                  0.000000   25.000000   clock source latency
     2    0.055876    0.400952    0.280114   25.280113 ^ clk_i (in)
                                                         clk_i (net)
                      0.400964    0.000000   25.280113 ^ clkbuf_0_clk_i/A (sky130_fd_sc_hd__clkbuf_16)
     8    0.189068    0.299505    0.552525   25.832638 ^ clkbuf_0_clk_i/X (sky130_fd_sc_hd__clkbuf_16)
                                                         clknet_0_clk_i (net)
                      0.299654    0.006251   25.838888 ^ clkbuf_3_3__f_clk_i/A (sky130_fd_sc_hd__clkbuf_16)
    12    0.109959    0.191123    0.427370   26.266260 ^ clkbuf_3_3__f_clk_i/X (sky130_fd_sc_hd__clkbuf_16)
                                                         clknet_3_3__leaf_clk_i (net)
                      0.191131    0.001611   26.267870 ^ clkbuf_leaf_13_clk_i/A (sky130_fd_sc_hd__clkbuf_8)
     7    0.027668    0.101899    0.308944   26.576815 ^ clkbuf_leaf_13_clk_i/X (sky130_fd_sc_hd__clkbuf_8)
                                                         clknet_leaf_13_clk_i (net)
                      0.101899    0.000428   26.577242 ^ _3902_/CLK (sky130_fd_sc_hd__dfrtp_1)
                                 -0.250000   26.327244   clock uncertainty
                                  0.000000   26.327244   clock reconvergence pessimism
                                  0.369025   26.696270   library recovery time
                                             26.696270   data required time
---------------------------------------------------------------------------------------------
                                             26.696270   data required time
                                             -8.262158   data arrival time
---------------------------------------------------------------------------------------------
                                             18.434113   slack (MET)


Startpoint: _4257_ (rising edge-triggered flip-flop clocked by clk_i)
Endpoint: _4243_ (rising edge-triggered flip-flop clocked by clk_i)
Path Group: clk_i
Path Type: max

Fanout         Cap        Slew       Delay        Time   Description
---------------------------------------------------------------------------------------------
                                  0.000000    0.000000   clock clk_i (rise edge)
                                  0.000000    0.000000   clock source latency
     2    0.055876    0.400952    0.280113    0.280113 ^ clk_i (in)
                                                         clk_i (net)
                      0.400964    0.000000    0.280113 ^ clkbuf_0_clk_i/A (sky130_fd_sc_hd__clkbuf_16)
     8    0.189068    0.299505    0.552526    0.832639 ^ clkbuf_0_clk_i/X (sky130_fd_sc_hd__clkbuf_16)
                                                         clknet_0_clk_i (net)
                      0.299654    0.006251    0.838890 ^ clkbuf_3_3__f_clk_i/A (sky130_fd_sc_hd__clkbuf_16)
    12    0.109959    0.191123    0.427370    1.266260 ^ clkbuf_3_3__f_clk_i/X (sky130_fd_sc_hd__clkbuf_16)
                                                         clknet_3_3__leaf_clk_i (net)
                      0.191170    0.002961    1.269221 ^ clkbuf_leaf_32_clk_i/A (sky130_fd_sc_hd__clkbuf_8)
     6    0.027410    0.101239    0.308425    1.577646 ^ clkbuf_leaf_32_clk_i/X (sky130_fd_sc_hd__clkbuf_8)
                                                         clknet_leaf_32_clk_i (net)
                      0.101239    0.000298    1.577944 ^ _4257_/CLK (sky130_fd_sc_hd__dfrtp_1)
     1    0.003469    0.081772    0.753103    2.331047 v _4257_/Q (sky130_fd_sc_hd__dfrtp_1)
                                                         tx_count[1] (net)
                      0.081772    0.000052    2.331099 v hold4040/A (sky130_fd_sc_hd__dlygate4sd3_1)
     1    0.001929    0.099926    1.113832    3.444931 v hold4040/X (sky130_fd_sc_hd__dlygate4sd3_1)
                                                         net4935 (net)
                      0.099926    0.000018    3.444948 v hold1434/A (sky130_fd_sc_hd__dlygate4sd3_1)
     1    0.002374    0.105039    1.130210    4.575158 v hold1434/X (sky130_fd_sc_hd__dlygate4sd3_1)
                                                         net2329 (net)
                      0.105039    0.000016    4.575174 v hold4041/A (sky130_fd_sc_hd__dlygate4sd3_1)
     1    0.005863    0.136588    1.183676    5.758850 v hold4041/X (sky130_fd_sc_hd__dlygate4sd3_1)
                                                         net4936 (net)
                      0.136588    0.000106    5.758955 v fanout629/A (sky130_fd_sc_hd__clkbuf_2)
     1    0.006436    0.063194    0.228059    5.987015 v fanout629/X (sky130_fd_sc_hd__clkbuf_2)
                                                         net629 (net)
                      0.063194    0.000175    5.987190 v hold1435/A (sky130_fd_sc_hd__dlygate4sd3_1)
     6    0.021613    0.268433    1.313591    7.300782 v hold1435/X (sky130_fd_sc_hd__dlygate4sd3_1)
                                                         net2330 (net)
                      0.268433    0.000231    7.301013 v _2318_/B (sky130_fd_sc_hd__nor2_1)
     2    0.006732    0.243437    0.301350    7.602363 ^ _2318_/Y (sky130_fd_sc_hd__nor2_1)
                                                         _1052_ (net)
                      0.243437    0.000036    7.602399 ^ hold1589/A (sky130_fd_sc_hd__dlygate4sd3_1)
     3    0.012843    0.226123    1.234001    8.836400 ^ hold1589/X (sky130_fd_sc_hd__dlygate4sd3_1)
                                                         net2484 (net)
                      0.226123    0.000137    8.836537 ^ _2320_/A (sky130_fd_sc_hd__nand3_2)
     1    0.002067    0.094723    0.153229    8.989765 v _2320_/Y (sky130_fd_sc_hd__nand3_2)
                                                         _1054_ (net)
                      0.094723    0.000011    8.989777 v hold1590/A (sky130_fd_sc_hd__dlygate4sd3_1)
     4    0.016653    0.227509    1.289052   10.278829 v hold1590/X (sky130_fd_sc_hd__dlygate4sd3_1)
                                                         net2485 (net)
                      0.227509    0.000114   10.278942 v _3473_/C (sky130_fd_sc_hd__nand4_1)
     1    0.003689    0.128886    0.224501   10.503444 ^ _3473_/Y (sky130_fd_sc_hd__nand4_1)
                                                         _1822_ (net)
                      0.128886    0.000056   10.503500 ^ hold1591/A (sky130_fd_sc_hd__dlygate4sd3_1)
     1    0.004801    0.119251    1.093766   11.597265 ^ hold1591/X (sky130_fd_sc_hd__dlygate4sd3_1)
                                                         net2486 (net)
                      0.119251    0.000080   11.597345 ^ fanout210/A (sky130_fd_sc_hd__clkbuf_2)
     5    0.046087    0.390839    0.440362   12.037708 ^ fanout210/X (sky130_fd_sc_hd__clkbuf_2)
                                                         net210 (net)
                      0.390840    0.000536   12.038244 ^ hold1592/A (sky130_fd_sc_hd__dlygate4sd3_1)
     1    0.004276    0.111257    1.177815   13.216060 ^ hold1592/X (sky130_fd_sc_hd__dlygate4sd3_1)
                                                         net2487 (net)
                      0.111257    0.000068   13.216127 ^ fanout209/A (sky130_fd_sc_hd__buf_2)
     5    0.056116    0.434562    0.478073   13.694200 ^ fanout209/X (sky130_fd_sc_hd__buf_2)
                                                         net209 (net)
                      0.434562    0.000508   13.694708 ^ fanout208/A (sky130_fd_sc_hd__clkbuf_2)
     4    0.032642    0.282869    0.495024   14.189733 ^ fanout208/X (sky130_fd_sc_hd__clkbuf_2)
                                                         net208 (net)
                      0.282869    0.000153   14.189885 ^ fanout207/A (sky130_fd_sc_hd__clkbuf_2)
     6    0.028595    0.249220    0.414267   14.604152 ^ fanout207/X (sky130_fd_sc_hd__clkbuf_2)
                                                         net207 (net)
                      0.249220    0.000799   14.604952 ^ fanout206/A (sky130_fd_sc_hd__clkbuf_2)
     6    0.028119    0.245146    0.398642   15.003593 ^ fanout206/X (sky130_fd_sc_hd__clkbuf_2)
                                                         net206 (net)
                      0.245146    0.000519   15.004112 ^ _3474_/D (sky130_fd_sc_hd__nor4_2)
     1    0.003002    0.082832    0.125318   15.129431 v _3474_/Y (sky130_fd_sc_hd__nor4_2)
                                                         _1823_ (net)
                      0.082832    0.000039   15.129470 v hold1226/A (sky130_fd_sc_hd__dlygate4sd3_1)
     2    0.016503    0.226211    1.281872   16.411343 v hold1226/X (sky130_fd_sc_hd__dlygate4sd3_1)
                                                         net2121 (net)
                      0.226211    0.000314   16.411657 v fanout179/A (sky130_fd_sc_hd__buf_2)
     1    0.002103    0.040749    0.293854   16.705511 v fanout179/X (sky130_fd_sc_hd__buf_2)
                                                         net179 (net)
                      0.040749    0.000021   16.705532 v hold1227/A (sky130_fd_sc_hd__dlygate4sd3_1)
     6    0.037713    0.406394    1.431259   18.136791 v hold1227/X (sky130_fd_sc_hd__dlygate4sd3_1)
                                                         net2122 (net)
                      0.406394    0.000636   18.137426 v fanout178/A (sky130_fd_sc_hd__clkbuf_2)
     4    0.033672    0.239004    0.478659   18.616085 v fanout178/X (sky130_fd_sc_hd__clkbuf_2)
                                                         net178 (net)
                      0.239010    0.001519   18.617603 v _3494_/S (sky130_fd_sc_hd__mux2_1)
     1    0.004651    0.131122    0.786908   19.404512 v _3494_/X (sky130_fd_sc_hd__mux2_1)
                                                         _0426_ (net)
                      0.131122    0.000094   19.404606 v hold3607/A (sky130_fd_sc_hd__dlygate4sd3_1)
     1    0.004698    0.126940    1.183107   20.587713 v hold3607/X (sky130_fd_sc_hd__dlygate4sd3_1)
                                                         net4502 (net)
                      0.126940    0.000089   20.587803 v hold1124/A (sky130_fd_sc_hd__dlygate4sd3_1)
     1    0.005044    0.129197    1.185006   21.772808 v hold1124/X (sky130_fd_sc_hd__dlygate4sd3_1)
                                                         net2019 (net)
                      0.129197    0.000096   21.772903 v hold3608/A (sky130_fd_sc_hd__dlygate4sd3_1)
     1    0.004967    0.128703    1.185228   22.958132 v hold3608/X (sky130_fd_sc_hd__dlygate4sd3_1)
                                                         net4503 (net)
                      0.128703    0.000105   22.958237 v _4243_/D (sky130_fd_sc_hd__dfxtp_1)
                                             22.958237   data arrival time

                                 25.000000   25.000000   clock clk_i (rise edge)
                                  0.000000   25.000000   clock source latency
     2    0.055876    0.400952    0.280114   25.280113 ^ clk_i (in)
                                                         clk_i (net)
                      0.400964    0.000000   25.280113 ^ clkbuf_0_clk_i/A (sky130_fd_sc_hd__clkbuf_16)
     8    0.189068    0.299505    0.552525   25.832638 ^ clkbuf_0_clk_i/X (sky130_fd_sc_hd__clkbuf_16)
                                                         clknet_0_clk_i (net)
                      0.299687    0.006814   25.839453 ^ clkbuf_3_2__f_clk_i/A (sky130_fd_sc_hd__clkbuf_16)
    12    0.114163    0.196913    0.432394   26.271847 ^ clkbuf_3_2__f_clk_i/X (sky130_fd_sc_hd__clkbuf_16)
                                                         clknet_3_2__leaf_clk_i (net)
                      0.196939    0.002304   26.274149 ^ clkbuf_leaf_24_clk_i/A (sky130_fd_sc_hd__clkbuf_8)
    12    0.041216    0.132778    0.338428   26.612577 ^ clkbuf_leaf_24_clk_i/X (sky130_fd_sc_hd__clkbuf_8)
                                                         clknet_leaf_24_clk_i (net)
                      0.132778    0.000286   26.612864 ^ _4243_/CLK (sky130_fd_sc_hd__dfxtp_1)
                                 -0.250000   26.362865   clock uncertainty
                                  0.000000   26.362865   clock reconvergence pessimism
                                 -0.276446   26.086418   library setup time
                                             26.086418   data required time
---------------------------------------------------------------------------------------------
                                             26.086418   data required time
                                            -22.958237   data arrival time
---------------------------------------------------------------------------------------------
                                              3.128182   slack (MET)




===========================================================================
report_checks --slack_max -0.01
============================================================================
======================= min_ss_100C_1v60 Corner ===================================

No paths found.


===========================================================================
 report_check_types -max_slew -max_cap -max_fanout -violators
============================================================================
======================= min_ss_100C_1v60 Corner ===================================

max slew

Pin                                        Limit        Slew       Slack
------------------------------------------------------------------------
_2747_/Y                                1.000000    1.213300   -0.213300 (VIOLATED)
_2794_/B                                1.000000    1.213300   -0.213300 (VIOLATED)
fanout346/A                             1.000000    1.213300   -0.213300 (VIOLATED)
_2340_/Y                                1.000000    1.147932   -0.147932 (VIOLATED)
_2342_/A2                               1.000000    1.147932   -0.147932 (VIOLATED)
_3830_/A2                               1.000000    1.114633   -0.114633 (VIOLATED)
_3807_/A2                               1.000000    1.114632   -0.114632 (VIOLATED)
_3776_/A2                               1.000000    1.114630   -0.114630 (VIOLATED)
_3775_/Y                                1.000000    1.114628   -0.114628 (VIOLATED)
_3543_/Y                                1.000000    1.102731   -0.102731 (VIOLATED)
fanout162/A                             1.000000    1.102731   -0.102731 (VIOLATED)
fanout165/A                             1.000000    1.102731   -0.102731 (VIOLATED)

max fanout

Pin                                   Limit Fanout  Slack
---------------------------------------------------------
clkbuf_leaf_65_clk_i/X                    6     16    -10 (VIOLATED)
clkbuf_leaf_62_clk_i/X                    6     15     -9 (VIOLATED)
clkbuf_3_0__f_clk_i/X                     6     14     -8 (VIOLATED)
clkbuf_3_1__f_clk_i/X                     6     14     -8 (VIOLATED)
clkbuf_leaf_59_clk_i/X                    6     13     -7 (VIOLATED)
clkbuf_leaf_67_clk_i/X                    6     13     -7 (VIOLATED)
clkbuf_3_2__f_clk_i/X                     6     12     -6 (VIOLATED)
clkbuf_3_3__f_clk_i/X                     6     12     -6 (VIOLATED)
clkbuf_3_4__f_clk_i/X                     6     12     -6 (VIOLATED)
clkbuf_3_5__f_clk_i/X                     6     12     -6 (VIOLATED)
clkbuf_3_6__f_clk_i/X                     6     12     -6 (VIOLATED)
clkbuf_leaf_24_clk_i/X                    6     12     -6 (VIOLATED)
clkbuf_leaf_2_clk_i/X                     6     12     -6 (VIOLATED)
clkbuf_leaf_51_clk_i/X                    6     12     -6 (VIOLATED)
clkbuf_leaf_53_clk_i/X                    6     12     -6 (VIOLATED)
clkbuf_leaf_55_clk_i/X                    6     12     -6 (VIOLATED)
clkbuf_leaf_69_clk_i/X                    6     12     -6 (VIOLATED)
clkbuf_leaf_70_clk_i/X                    6     12     -6 (VIOLATED)
clkbuf_leaf_88_clk_i/X                    6     12     -6 (VIOLATED)
clkbuf_leaf_34_clk_i/X                    6     11     -5 (VIOLATED)
clkbuf_leaf_3_clk_i/X                     6     11     -5 (VIOLATED)
clkbuf_leaf_50_clk_i/X                    6     11     -5 (VIOLATED)
clkbuf_leaf_58_clk_i/X                    6     11     -5 (VIOLATED)
clkbuf_3_7__f_clk_i/X                     6     10     -4 (VIOLATED)
clkbuf_leaf_22_clk_i/X                    6     10     -4 (VIOLATED)
clkbuf_leaf_47_clk_i/X                    6     10     -4 (VIOLATED)
clkbuf_leaf_48_clk_i/X                    6     10     -4 (VIOLATED)
clkbuf_leaf_56_clk_i/X                    6     10     -4 (VIOLATED)
clkbuf_leaf_5_clk_i/X                     6     10     -4 (VIOLATED)
clkbuf_leaf_63_clk_i/X                    6     10     -4 (VIOLATED)
clkbuf_leaf_66_clk_i/X                    6     10     -4 (VIOLATED)
clkbuf_leaf_78_clk_i/X                    6     10     -4 (VIOLATED)
clkbuf_leaf_7_clk_i/X                     6     10     -4 (VIOLATED)
clkbuf_leaf_81_clk_i/X                    6     10     -4 (VIOLATED)
clkbuf_leaf_84_clk_i/X                    6     10     -4 (VIOLATED)
clkbuf_leaf_86_clk_i/X                    6     10     -4 (VIOLATED)
clkbuf_leaf_8_clk_i/X                     6     10     -4 (VIOLATED)
clkbuf_leaf_9_clk_i/X                     6     10     -4 (VIOLATED)
clkbuf_leaf_0_clk_i/X                     6      9     -3 (VIOLATED)
clkbuf_leaf_17_clk_i/X                    6      9     -3 (VIOLATED)
clkbuf_leaf_1_clk_i/X                     6      9     -3 (VIOLATED)
clkbuf_leaf_25_clk_i/X                    6      9     -3 (VIOLATED)
clkbuf_leaf_26_clk_i/X                    6      9     -3 (VIOLATED)
clkbuf_leaf_35_clk_i/X                    6      9     -3 (VIOLATED)
clkbuf_leaf_49_clk_i/X                    6      9     -3 (VIOLATED)
clkbuf_leaf_52_clk_i/X                    6      9     -3 (VIOLATED)
clkbuf_leaf_54_clk_i/X                    6      9     -3 (VIOLATED)
clkbuf_leaf_57_clk_i/X                    6      9     -3 (VIOLATED)
clkbuf_leaf_6_clk_i/X                     6      9     -3 (VIOLATED)
clkbuf_leaf_71_clk_i/X                    6      9     -3 (VIOLATED)
clkbuf_leaf_72_clk_i/X                    6      9     -3 (VIOLATED)
clkbuf_leaf_73_clk_i/X                    6      9     -3 (VIOLATED)
clkbuf_leaf_74_clk_i/X                    6      9     -3 (VIOLATED)
clkbuf_leaf_80_clk_i/X                    6      9     -3 (VIOLATED)
clkbuf_0_clk_i/X                          6      8     -2 (VIOLATED)
clkbuf_leaf_11_clk_i/X                    6      8     -2 (VIOLATED)
clkbuf_leaf_12_clk_i/X                    6      8     -2 (VIOLATED)
clkbuf_leaf_16_clk_i/X                    6      8     -2 (VIOLATED)
clkbuf_leaf_18_clk_i/X                    6      8     -2 (VIOLATED)
clkbuf_leaf_19_clk_i/X                    6      8     -2 (VIOLATED)
clkbuf_leaf_20_clk_i/X                    6      8     -2 (VIOLATED)
clkbuf_leaf_21_clk_i/X                    6      8     -2 (VIOLATED)
clkbuf_leaf_33_clk_i/X                    6      8     -2 (VIOLATED)
clkbuf_leaf_36_clk_i/X                    6      8     -2 (VIOLATED)
clkbuf_leaf_46_clk_i/X                    6      8     -2 (VIOLATED)
clkbuf_leaf_60_clk_i/X                    6      8     -2 (VIOLATED)
clkbuf_leaf_83_clk_i/X                    6      8     -2 (VIOLATED)
clkbuf_leaf_85_clk_i/X                    6      8     -2 (VIOLATED)
clkbuf_leaf_89_clk_i/X                    6      8     -2 (VIOLATED)
fanout170/X                               6      8     -2 (VIOLATED)
fanout331/X                               6      8     -2 (VIOLATED)
clkbuf_leaf_10_clk_i/X                    6      7        (VIOLATED)
clkbuf_leaf_13_clk_i/X                    6      7        (VIOLATED)
clkbuf_leaf_14_clk_i/X                    6      7        (VIOLATED)
clkbuf_leaf_23_clk_i/X                    6      7        (VIOLATED)
clkbuf_leaf_29_clk_i/X                    6      7        (VIOLATED)
clkbuf_leaf_37_clk_i/X                    6      7        (VIOLATED)
clkbuf_leaf_42_clk_i/X                    6      7        (VIOLATED)
clkbuf_leaf_44_clk_i/X                    6      7        (VIOLATED)
clkbuf_leaf_4_clk_i/X                     6      7        (VIOLATED)
clkbuf_leaf_64_clk_i/X                    6      7        (VIOLATED)
clkbuf_leaf_75_clk_i/X                    6      7        (VIOLATED)
clkbuf_leaf_76_clk_i/X                    6      7        (VIOLATED)
clkbuf_leaf_77_clk_i/X                    6      7        (VIOLATED)
clkbuf_leaf_79_clk_i/X                    6      7        (VIOLATED)
clkbuf_leaf_82_clk_i/X                    6      7        (VIOLATED)
clkbuf_leaf_87_clk_i/X                    6      7        (VIOLATED)
clkbuf_leaf_90_clk_i/X                    6      7        (VIOLATED)
fanout123/X                               6      7        (VIOLATED)
fanout140/X                               6      7        (VIOLATED)
fanout148/X                               6      7        (VIOLATED)
fanout165/X                               6      7        (VIOLATED)
fanout370/X                               6      7        (VIOLATED)
fanout426/X                               6      7        (VIOLATED)



===========================================================================
report_parasitic_annotation -report_unannotated
============================================================================
Found 153 unannotated drivers.
 tl_i[0]
 tl_i[103]
 tl_i[104]
 tl_i[105]
 tl_i[106]
 tl_i[10]
 tl_i[11]
 tl_i[12]
 tl_i[13]
 tl_i[14]
 tl_i[15]
 tl_i[16]
 tl_i[17]
 tl_i[18]
 tl_i[19]
 tl_i[1]
 tl_i[20]
 tl_i[21]
 tl_i[22]
 tl_i[23]
 tl_i[24]
 tl_i[2]
 tl_i[3]
 tl_i[4]
 tl_i[57]
 tl_i[58]
 tl_i[59]
 tl_i[5]
 tl_i[60]
 tl_i[69]
 tl_i[6]
 tl_i[70]
 tl_i[71]
 tl_i[72]
 tl_i[73]
 tl_i[74]
 tl_i[75]
 tl_i[76]
 tl_i[77]
 tl_i[78]
 tl_i[79]
 tl_i[7]
 tl_i[80]
 tl_i[81]
 tl_i[82]
 tl_i[83]
 tl_i[84]
 tl_i[85]
 tl_i[86]
 tl_i[87]
 tl_i[88]
 tl_i[89]
 tl_i[8]
 tl_i[90]
 tl_i[91]
 tl_i[92]
 tl_i[9]
 clkload0/X
 clkload1/Y
 clkload10/X
 clkload11/Y
 clkload12/Y
 clkload13/Y
 clkload14/Y
 clkload15/Y
 clkload16/Y
 clkload17/Y
 clkload18/Y
 clkload19/Y
 clkload2/Y
 clkload20/Y
 clkload21/Y
 clkload22/Y
 clkload23/Y
 clkload24/Y
 clkload25/Y
 clkload26/X
 clkload27/X
 clkload28/Y
 clkload29/Y
 clkload3/Y
 clkload30/X
 clkload31/Y
 clkload32/Y
 clkload33/Y
 clkload34/Y
 clkload35/Y
 clkload36/Y
 clkload37/Y
 clkload38/Y
 clkload39/Y
 clkload4/Y
 clkload40/Y
 clkload41/Y
 clkload42/Y
 clkload43/Y
 clkload44/X
 clkload45/X
 clkload46/Y
 clkload47/Y
 clkload48/Y
 clkload49/Y
 clkload5/Y
 clkload50/X
 clkload51/Y
 clkload52/Y
 clkload53/Y
 clkload54/X
 clkload55/X
 clkload56/Y
 clkload57/Y
 clkload58/Y
 clkload59/Y
 clkload6/Y
 clkload60/Y
 clkload61/Y
 clkload62/Y
 clkload63/Y
 clkload64/Y
 clkload65/Y
 clkload66/Y
 clkload67/X
 clkload68/Y
 clkload69/Y
 clkload7/Y
 clkload70/Y
 clkload71/X
 clkload72/Y
 clkload73/Y
 clkload74/Y
 clkload75/Y
 clkload76/Y
 clkload77/Y
 clkload78/X
 clkload79/Y
 clkload8/Y
 clkload80/X
 clkload81/Y
 clkload82/Y
 clkload83/Y
 clkload84/Y
 clkload85/Y
 clkload86/X
 clkload87/X
 clkload9/X
 spi_host_lite_888/HI
 spi_host_lite_889/HI
 spi_host_lite_890/HI
 spi_host_lite_891/HI
 spi_host_lite_892/HI
 spi_host_lite_893/HI
 spi_host_lite_894/HI
 spi_host_lite_895/LO
Found 0 partially unannotated drivers.

===========================================================================
max slew violation count 12
max fanout violation count 94
max cap violation count 0
============================================================================

===========================================================================
check_setup -verbose -unconstrained_endpoints -multiple_clock -no_clock -no_input_delay -loops -generated_clocks
===========================================================================
Warning: There are 8 unconstrained endpoints.
  tl_o[0]
  tl_o[15]
  tl_o[48]
  tl_o[59]
  tl_o[60]
  tl_o[61]
  tl_o[63]
  tl_o[64]
