Clock: clk_i
Sources: clk_i 
Generated: no
Virtual: yes
Propagated: no
Period: 25.000000

===========================================================================
report_clock_properties
============================================================================
Clock                   Period          Waveform
----------------------------------------------------
clk_i                25.000000    0.000000 12.500000

===========================================================================
report_clock_latency
============================================================================
Clock clk_i
rise -> rise
    min     max
0.000000 0.000000 source latency
1.525031         network latency _4278_/CLK
        1.990486 network latency _4066_/CLK
---------------
1.525031 1.990486 latency
        0.465454 skew

fall -> fall
    min     max
0.000000 0.000000 source latency
1.229941         network latency _4278_/CLK
        1.643556 network latency _4066_/CLK
---------------
1.229941 1.643556 latency
        0.413614 skew



===========================================================================
report_clock_min_period
============================================================================
clk_i period_min = 27.05 fmax = 36.96
