Clock: clk_i
Sources: clk_i 
Generated: no
Virtual: yes
Propagated: no
Period: 25.000000

===========================================================================
report_clock_properties
============================================================================
Clock                   Period          Waveform
----------------------------------------------------
clk_i                25.000000    0.000000 12.500000

===========================================================================
report_clock_latency
============================================================================
Clock clk_i
rise -> rise
    min     max
0.000000 0.000000 source latency
1.750967         network latency _4278_/CLK
        2.268636 network latency _4270_/CLK
---------------
1.750967 2.268636 latency
        0.517669 skew

fall -> fall
    min     max
0.000000 0.000000 source latency
1.390363         network latency _4278_/CLK
        1.843347 network latency _4270_/CLK
---------------
1.390363 1.843347 latency
        0.452983 skew



===========================================================================
report_clock_min_period
============================================================================
clk_i period_min = 28.85 fmax = 34.66
