
===========================================================================
report_checks -unconstrained
===========================================================================
======================= nom_ss_100C_1v60 Corner ===================================

Startpoint: tl_u_spi_host_i[65] (input port clocked by clk_i)
Endpoint: tl_host_o[1] (output port clocked by clk_i)
Path Group: clk_i
Path Type: max

Fanout         Cap        Slew       Delay        Time   Description
---------------------------------------------------------------------------------------------
                                  0.000000    0.000000   clock clk_i (rise edge)
                                  0.000000    0.000000   clock network delay (propagated)
                                  5.000000    5.000000 ^ input external delay
     2    0.004140    0.041281    0.022852    5.022852 ^ tl_u_spi_host_i[65] (in)
                                                         tl_u_spi_host_i[65] (net)
                      0.041281    0.000000    5.022852 ^ input293/A (sky130_fd_sc_hd__clkbuf_4)
     3    0.066208    0.318601    0.413356    5.436208 ^ input293/X (sky130_fd_sc_hd__clkbuf_4)
                                                         net293 (net)
                      0.319435    0.013330    5.449538 ^ fanout1295/A (sky130_fd_sc_hd__clkbuf_4)
     7    0.075086    0.357779    0.568753    6.018291 ^ fanout1295/X (sky130_fd_sc_hd__clkbuf_4)
                                                         net1295 (net)
                      0.357782    0.000801    6.019092 ^ fanout1294/A (sky130_fd_sc_hd__buf_6)
    13    0.129222    0.408119    0.517198    6.536290 ^ fanout1294/X (sky130_fd_sc_hd__buf_6)
                                                         net1294 (net)
                      0.413643    0.038296    6.574585 ^ fanout1293/A (sky130_fd_sc_hd__buf_4)
     9    0.092940    0.410684    0.593644    7.168229 ^ fanout1293/X (sky130_fd_sc_hd__buf_4)
                                                         net1293 (net)
                      0.412431    0.021913    7.190142 ^ fanout1292/A (sky130_fd_sc_hd__clkbuf_4)
    13    0.075519    0.361850    0.608800    7.798942 ^ fanout1292/X (sky130_fd_sc_hd__clkbuf_4)
                                                         net1292 (net)
                      0.361850    0.000820    7.799762 ^ fanout1291/A (sky130_fd_sc_hd__buf_2)
     9    0.047483    0.371620    0.536431    8.336193 ^ fanout1291/X (sky130_fd_sc_hd__buf_2)
                                                         net1291 (net)
                      0.371946    0.007070    8.343264 ^ _0324_/A_N (sky130_fd_sc_hd__and2b_1)
     3    0.021074    0.211846    0.603509    8.946773 v _0324_/X (sky130_fd_sc_hd__and2b_1)
                                                         _0060_ (net)
                      0.211865    0.002164    8.948937 v fanout1229/A (sky130_fd_sc_hd__clkbuf_8)
     7    0.111794    0.216707    0.450093    9.399031 v fanout1229/X (sky130_fd_sc_hd__clkbuf_8)
                                                         net1229 (net)
                      0.218129    0.014290    9.413321 v fanout1221/A (sky130_fd_sc_hd__buf_4)
     7    0.078295    0.194870    0.439357    9.852677 v fanout1221/X (sky130_fd_sc_hd__buf_4)
                                                         net1221 (net)
                      0.194874    0.000799    9.853477 v fanout1219/A (sky130_fd_sc_hd__buf_4)
    13    0.101260    0.231800    0.470437   10.323914 v fanout1219/X (sky130_fd_sc_hd__buf_4)
                                                         net1219 (net)
                      0.233661    0.016679   10.340592 v fanout1218/A (sky130_fd_sc_hd__buf_2)
    11    0.060555    0.267616    0.504332   10.844924 v fanout1218/X (sky130_fd_sc_hd__buf_2)
                                                         net1218 (net)
                      0.267867    0.007374   10.852298 v _0326_/B1 (sky130_fd_sc_hd__a221o_1)
     3    0.027870    0.304974    0.838196   11.690495 v _0326_/X (sky130_fd_sc_hd__a221o_1)
                                                         _0062_ (net)
                      0.305002    0.003029   11.693522 v _0330_/A2 (sky130_fd_sc_hd__o21a_1)
     1    0.004504    0.081227    0.425199   12.118721 v _0330_/X (sky130_fd_sc_hd__o21a_1)
                                                         _0066_ (net)
                      0.081227    0.000132   12.118854 v _0332_/C1 (sky130_fd_sc_hd__a221o_4)
     3    0.051651    0.211035    0.757144   12.875998 v _0332_/X (sky130_fd_sc_hd__a221o_4)
                                                         net441 (net)
                      0.211841    0.011317   12.887315 v output441/A (sky130_fd_sc_hd__buf_2)
     1    0.034886    0.168553    0.414573   13.301888 v output441/X (sky130_fd_sc_hd__buf_2)
                                                         tl_host_o[1] (net)
                      0.168555    0.000881   13.302769 v tl_host_o[1] (out)
                                             13.302769   data arrival time

                                 25.000000   25.000000   clock clk_i (rise edge)
                                  0.000000   25.000000   clock network delay (propagated)
                                 -0.250000   24.750000   clock uncertainty
                                  0.000000   24.750000   clock reconvergence pessimism
                                 -5.000000   19.750000   output external delay
                                             19.750000   data required time
---------------------------------------------------------------------------------------------
                                             19.750000   data required time
                                            -13.302769   data arrival time
---------------------------------------------------------------------------------------------
                                              6.447230   slack (MET)




===========================================================================
report_checks --slack_max -0.01
============================================================================
======================= nom_ss_100C_1v60 Corner ===================================

No paths found.


===========================================================================
 report_check_types -max_slew -max_cap -max_fanout -violators
============================================================================
======================= nom_ss_100C_1v60 Corner ===================================

max slew

Pin                                        Limit        Slew       Slack
------------------------------------------------------------------------
_0856_/A                                1.000000    1.822011   -0.822011 (VIOLATED)
ANTENNA__0856__A/DIODE                  1.000000    1.822010   -0.822010 (VIOLATED)
ANTENNA__1183__A/DIODE                  1.000000    1.820979   -0.820980 (VIOLATED)
_1183_/A                                1.000000    1.820978   -0.820978 (VIOLATED)
ANTENNA__0638__A/DIODE                  1.000000    1.819316   -0.819316 (VIOLATED)
_0638_/A                                1.000000    1.819317   -0.819317 (VIOLATED)
ANTENNA__0747__A/DIODE                  1.000000    1.818871   -0.818871 (VIOLATED)
_0747_/A                                1.000000    1.818866   -0.818866 (VIOLATED)
ANTENNA__0965__A/DIODE                  1.000000    1.818770   -0.818770 (VIOLATED)
_0965_/A                                1.000000    1.818770   -0.818770 (VIOLATED)
ANTENNA__1074__A/DIODE                  1.000000    1.818766   -0.818766 (VIOLATED)
_1074_/A                                1.000000    1.818766   -0.818766 (VIOLATED)
tl_host_i[52]                           1.000000    1.818744   -0.818744 (VIOLATED)
_1151_/A                                1.000000    1.374748   -0.374747 (VIOLATED)
ANTENNA__1151__A/DIODE                  1.000000    1.374743   -0.374742 (VIOLATED)
ANTENNA__0933__A/DIODE                  1.000000    1.373415   -0.373415 (VIOLATED)
_0933_/A                                1.000000    1.373403   -0.373403 (VIOLATED)
_0824_/A                                1.000000    1.373303   -0.373303 (VIOLATED)
ANTENNA__0824__A/DIODE                  1.000000    1.373302   -0.373302 (VIOLATED)
_1042_/A                                1.000000    1.369399   -0.369399 (VIOLATED)
ANTENNA__1042__A/DIODE                  1.000000    1.369398   -0.369398 (VIOLATED)
ANTENNA__0715__A/DIODE                  1.000000    1.367571   -0.367571 (VIOLATED)
_0715_/A                                1.000000    1.367568   -0.367568 (VIOLATED)
tl_host_i[20]                           1.000000    1.367539   -0.367539 (VIOLATED)
ANTENNA__0606__A/DIODE                  1.000000    1.367539   -0.367539 (VIOLATED)
_0606_/A                                1.000000    1.367539   -0.367539 (VIOLATED)
_1174_/A                                1.000000    1.316025   -0.316025 (VIOLATED)
ANTENNA__1174__A/DIODE                  1.000000    1.316021   -0.316021 (VIOLATED)
ANTENNA__0847__A/DIODE                  1.000000    1.314488   -0.314488 (VIOLATED)
_0847_/A                                1.000000    1.314477   -0.314477 (VIOLATED)
ANTENNA__0956__A/DIODE                  1.000000    1.314363   -0.314363 (VIOLATED)
_0956_/A                                1.000000    1.314349   -0.314349 (VIOLATED)
_1065_/A                                1.000000    1.309696   -0.309696 (VIOLATED)
ANTENNA__1065__A/DIODE                  1.000000    1.309623   -0.309623 (VIOLATED)
ANTENNA__0738__A/DIODE                  1.000000    1.306880   -0.306881 (VIOLATED)
_0738_/A                                1.000000    1.306867   -0.306867 (VIOLATED)
ANTENNA__0629__A/DIODE                  1.000000    1.305860   -0.305860 (VIOLATED)
_0629_/A                                1.000000    1.305860   -0.305860 (VIOLATED)
tl_host_i[43]                           1.000000    1.305659   -0.305659 (VIOLATED)
_1162_/A                                1.000000    1.269391   -0.269391 (VIOLATED)
ANTENNA__1162__A/DIODE                  1.000000    1.269387   -0.269387 (VIOLATED)
_0835_/A                                1.000000    1.268351   -0.268351 (VIOLATED)
ANTENNA__0835__A/DIODE                  1.000000    1.268346   -0.268346 (VIOLATED)
ANTENNA__0944__A/DIODE                  1.000000    1.268266   -0.268266 (VIOLATED)
_0944_/A                                1.000000    1.268237   -0.268237 (VIOLATED)
ANTENNA__1053__A/DIODE                  1.000000    1.264232   -0.264232 (VIOLATED)
_1053_/A                                1.000000    1.264193   -0.264193 (VIOLATED)
ANTENNA__0726__A/DIODE                  1.000000    1.260808   -0.260807 (VIOLATED)
_0726_/A                                1.000000    1.260794   -0.260794 (VIOLATED)
_0617_/A                                1.000000    1.260528   -0.260528 (VIOLATED)
ANTENNA__0617__A/DIODE                  1.000000    1.260463   -0.260463 (VIOLATED)
tl_host_i[31]                           1.000000    1.259841   -0.259841 (VIOLATED)
_1186_/A                                1.000000    1.255005   -0.255005 (VIOLATED)
ANTENNA__1186__A/DIODE                  1.000000    1.255001   -0.255001 (VIOLATED)
ANTENNA__0968__A/DIODE                  1.000000    1.253249   -0.253249 (VIOLATED)
_0968_/A                                1.000000    1.253224   -0.253224 (VIOLATED)
ANTENNA__0859__A/DIODE                  1.000000    1.253127   -0.253127 (VIOLATED)
_0859_/A                                1.000000    1.253053   -0.253053 (VIOLATED)
ANTENNA__1077__A/DIODE                  1.000000    1.249982   -0.249982 (VIOLATED)
_1077_/A                                1.000000    1.249953   -0.249953 (VIOLATED)
_0641_/A                                1.000000    1.243788   -0.243788 (VIOLATED)
ANTENNA__0641__A/DIODE                  1.000000    1.243788   -0.243788 (VIOLATED)
tl_host_i[55]                           1.000000    1.243779   -0.243779 (VIOLATED)
ANTENNA__0750__A/DIODE                  1.000000    1.243779   -0.243779 (VIOLATED)
_0750_/A                                1.000000    1.243779   -0.243779 (VIOLATED)
_0926_/A                                1.000000    1.234958   -0.234958 (VIOLATED)
ANTENNA__0926__A/DIODE                  1.000000    1.234957   -0.234957 (VIOLATED)
_0817_/A                                1.000000    1.234955   -0.234955 (VIOLATED)
ANTENNA__0817__A/DIODE                  1.000000    1.234943   -0.234943 (VIOLATED)
_1144_/A                                1.000000    1.233317   -0.233317 (VIOLATED)
ANTENNA__1144__A/DIODE                  1.000000    1.233244   -0.233244 (VIOLATED)
ANTENNA__1035__A/DIODE                  1.000000    1.229316   -0.229316 (VIOLATED)
_1035_/A                                1.000000    1.229268   -0.229268 (VIOLATED)
ANTENNA__0599__A/DIODE                  1.000000    1.226544   -0.226544 (VIOLATED)
_0599_/A                                1.000000    1.226531   -0.226531 (VIOLATED)
_0708_/A                                1.000000    1.225736   -0.225737 (VIOLATED)
ANTENNA__0708__A/DIODE                  1.000000    1.225736   -0.225736 (VIOLATED)
tl_host_i[13]                           1.000000    1.225325   -0.225325 (VIOLATED)
ANTENNA__0820__A/DIODE                  1.000000    1.158754   -0.158754 (VIOLATED)
_0820_/A                                1.000000    1.158752   -0.158752 (VIOLATED)
ANTENNA__0929__A/DIODE                  1.000000    1.158739   -0.158739 (VIOLATED)
_0929_/A                                1.000000    1.158737   -0.158737 (VIOLATED)
ANTENNA__1038__A/DIODE                  1.000000    1.156930   -0.156930 (VIOLATED)
_1038_/A                                1.000000    1.156928   -0.156928 (VIOLATED)
_1147_/A                                1.000000    1.155154   -0.155154 (VIOLATED)
ANTENNA__1147__A/DIODE                  1.000000    1.155149   -0.155149 (VIOLATED)
_0711_/A                                1.000000    1.152111   -0.152111 (VIOLATED)
ANTENNA__0711__A/DIODE                  1.000000    1.152102   -0.152102 (VIOLATED)
ANTENNA__0602__A/DIODE                  1.000000    1.151860   -0.151860 (VIOLATED)
_0602_/A                                1.000000    1.151858   -0.151858 (VIOLATED)
tl_host_i[16]                           1.000000    1.151827   -0.151827 (VIOLATED)
_0829_/A                                1.000000    1.151454   -0.151454 (VIOLATED)
ANTENNA__0829__A/DIODE                  1.000000    1.151453   -0.151453 (VIOLATED)
ANTENNA__1156__A/DIODE                  1.000000    1.151399   -0.151399 (VIOLATED)
_1156_/A                                1.000000    1.151395   -0.151395 (VIOLATED)
_1047_/A                                1.000000    1.151223   -0.151223 (VIOLATED)
ANTENNA__1047__A/DIODE                  1.000000    1.151223   -0.151223 (VIOLATED)
_0938_/A                                1.000000    1.151221   -0.151221 (VIOLATED)
ANTENNA__0938__A/DIODE                  1.000000    1.151219   -0.151219 (VIOLATED)
_0720_/A                                1.000000    1.151202   -0.151202 (VIOLATED)
ANTENNA__0720__A/DIODE                  1.000000    1.151202   -0.151202 (VIOLATED)
ANTENNA__0611__A/DIODE                  1.000000    1.151088   -0.151088 (VIOLATED)
_0611_/A                                1.000000    1.151088   -0.151088 (VIOLATED)
tl_host_i[25]                           1.000000    1.151042   -0.151042 (VIOLATED)
_1075_/A                                1.000000    1.085852   -0.085852 (VIOLATED)
ANTENNA__1075__A/DIODE                  1.000000    1.085851   -0.085851 (VIOLATED)
_0857_/A                                1.000000    1.085768   -0.085768 (VIOLATED)
ANTENNA__0857__A/DIODE                  1.000000    1.085766   -0.085766 (VIOLATED)
ANTENNA__0966__A/DIODE                  1.000000    1.085495   -0.085495 (VIOLATED)
_0966_/A                                1.000000    1.085488   -0.085488 (VIOLATED)
ANTENNA__0639__A/DIODE                  1.000000    1.084932   -0.084932 (VIOLATED)
_0639_/A                                1.000000    1.084924   -0.084924 (VIOLATED)
_1184_/A                                1.000000    1.084804   -0.084804 (VIOLATED)
ANTENNA__1184__A/DIODE                  1.000000    1.084803   -0.084803 (VIOLATED)
ANTENNA__0748__A/DIODE                  1.000000    1.084700   -0.084700 (VIOLATED)
_0748_/A                                1.000000    1.084698   -0.084698 (VIOLATED)
tl_host_i[53]                           1.000000    1.084647   -0.084647 (VIOLATED)
_0945_/A                                1.000000    1.055368   -0.055368 (VIOLATED)
ANTENNA__0945__A/DIODE                  1.000000    1.055367   -0.055367 (VIOLATED)
_1054_/A                                1.000000    1.055274   -0.055274 (VIOLATED)
ANTENNA__1054__A/DIODE                  1.000000    1.055274   -0.055274 (VIOLATED)
_0836_/A                                1.000000    1.055166   -0.055166 (VIOLATED)
ANTENNA__0836__A/DIODE                  1.000000    1.055166   -0.055166 (VIOLATED)
_1163_/A                                1.000000    1.055018   -0.055018 (VIOLATED)
ANTENNA__1163__A/DIODE                  1.000000    1.055017   -0.055017 (VIOLATED)
ANTENNA__0727__A/DIODE                  1.000000    1.054928   -0.054928 (VIOLATED)
_0727_/A                                1.000000    1.054928   -0.054928 (VIOLATED)
tl_host_i[32]                           1.000000    1.054923   -0.054923 (VIOLATED)
ANTENNA__0618__A/DIODE                  1.000000    1.054923   -0.054923 (VIOLATED)
_0618_/A                                1.000000    1.054923   -0.054923 (VIOLATED)
_0797_/A                                1.000000    1.052646   -0.052646 (VIOLATED)
_0906_/A                                1.000000    1.052645   -0.052645 (VIOLATED)
ANTENNA__0797__A/DIODE                  1.000000    1.052645   -0.052645 (VIOLATED)
_0688_/A                                1.000000    1.052644   -0.052644 (VIOLATED)
ANTENNA__0688__A/DIODE                  1.000000    1.052641   -0.052641 (VIOLATED)
ANTENNA__0906__A/DIODE                  1.000000    1.052629   -0.052628 (VIOLATED)
_1015_/A                                1.000000    1.051668   -0.051668 (VIOLATED)
ANTENNA__1015__A/DIODE                  1.000000    1.051668   -0.051668 (VIOLATED)
_1233_/A                                1.000000    1.051666   -0.051666 (VIOLATED)
ANTENNA__1233__A/DIODE                  1.000000    1.051665   -0.051665 (VIOLATED)
_1124_/A                                1.000000    1.051572   -0.051572 (VIOLATED)
ANTENNA__1124__A/DIODE                  1.000000    1.051571   -0.051571 (VIOLATED)
tl_host_i[102]                          1.000000    1.051440   -0.051441 (VIOLATED)
_1016_/A                                1.000000    1.039972   -0.039972 (VIOLATED)
ANTENNA__1016__A/DIODE                  1.000000    1.039965   -0.039965 (VIOLATED)
_0907_/A                                1.000000    1.039844   -0.039844 (VIOLATED)
ANTENNA__0907__A/DIODE                  1.000000    1.039843   -0.039843 (VIOLATED)
ANTENNA__1125__A/DIODE                  1.000000    1.037972   -0.037972 (VIOLATED)
_1125_/A                                1.000000    1.037953   -0.037953 (VIOLATED)
_1234_/A                                1.000000    1.037664   -0.037664 (VIOLATED)
ANTENNA__1234__A/DIODE                  1.000000    1.037653   -0.037653 (VIOLATED)
tl_host_i[103]                          1.000000    1.035969   -0.035969 (VIOLATED)
ANTENNA__0689__A/DIODE                  1.000000    1.035969   -0.035969 (VIOLATED)
ANTENNA__0798__A/DIODE                  1.000000    1.035969   -0.035969 (VIOLATED)
_0689_/A                                1.000000    1.035969   -0.035969 (VIOLATED)
_0798_/A                                1.000000    1.035969   -0.035969 (VIOLATED)
_1063_/A                                1.000000    1.024926   -0.024926 (VIOLATED)
ANTENNA__1063__A/DIODE                  1.000000    1.024925   -0.024926 (VIOLATED)
_1172_/A                                1.000000    1.024921   -0.024921 (VIOLATED)
ANTENNA__1172__A/DIODE                  1.000000    1.024920   -0.024920 (VIOLATED)
ANTENNA__0954__A/DIODE                  1.000000    1.024631   -0.024631 (VIOLATED)
_0954_/A                                1.000000    1.024628   -0.024628 (VIOLATED)
_0627_/A                                1.000000    1.024548   -0.024548 (VIOLATED)
ANTENNA__0627__A/DIODE                  1.000000    1.024548   -0.024548 (VIOLATED)
ANTENNA__0736__A/DIODE                  1.000000    1.024442   -0.024442 (VIOLATED)
_0736_/A                                1.000000    1.024432   -0.024432 (VIOLATED)
_0845_/A                                1.000000    1.024405   -0.024405 (VIOLATED)
ANTENNA__0845__A/DIODE                  1.000000    1.024403   -0.024403 (VIOLATED)
tl_host_i[41]                           1.000000    1.024393   -0.024393 (VIOLATED)
_0816_/A                                1.000000    1.002731   -0.002731 (VIOLATED)
ANTENNA__0816__A/DIODE                  1.000000    1.002730   -0.002730 (VIOLATED)
_0925_/A                                1.000000    1.002696   -0.002696 (VIOLATED)
ANTENNA__0925__A/DIODE                  1.000000    1.002692   -0.002692 (VIOLATED)
_1143_/A                                1.000000    1.001703   -0.001703 (VIOLATED)
ANTENNA__1143__A/DIODE                  1.000000    1.001698   -0.001698 (VIOLATED)

max fanout

Pin                                   Limit Fanout  Slack
---------------------------------------------------------
fanout1274/X                              6     16    -10 (VIOLATED)
fanout1228/X                              6     14     -8 (VIOLATED)
fanout1157/X                              6     13     -7 (VIOLATED)
fanout1160/X                              6     13     -7 (VIOLATED)
fanout1161/X                              6     13     -7 (VIOLATED)
fanout1163/X                              6     13     -7 (VIOLATED)
fanout1166/X                              6     13     -7 (VIOLATED)
fanout1167/X                              6     13     -7 (VIOLATED)
fanout1168/X                              6     13     -7 (VIOLATED)
fanout1169/X                              6     13     -7 (VIOLATED)
fanout1172/X                              6     13     -7 (VIOLATED)
fanout1173/X                              6     13     -7 (VIOLATED)
fanout1177/X                              6     13     -7 (VIOLATED)
fanout1180/X                              6     13     -7 (VIOLATED)
fanout1182/X                              6     13     -7 (VIOLATED)
fanout1183/X                              6     13     -7 (VIOLATED)
fanout1184/X                              6     13     -7 (VIOLATED)
fanout1186/X                              6     13     -7 (VIOLATED)
fanout1189/X                              6     13     -7 (VIOLATED)
fanout1192/X                              6     13     -7 (VIOLATED)
fanout1193/X                              6     13     -7 (VIOLATED)
fanout1195/X                              6     13     -7 (VIOLATED)
fanout1198/X                              6     13     -7 (VIOLATED)
fanout1199/X                              6     13     -7 (VIOLATED)
fanout1200/X                              6     13     -7 (VIOLATED)
fanout1201/X                              6     13     -7 (VIOLATED)
fanout1205/X                              6     13     -7 (VIOLATED)
fanout1206/X                              6     13     -7 (VIOLATED)
fanout1208/X                              6     13     -7 (VIOLATED)
fanout1209/X                              6     13     -7 (VIOLATED)
fanout1210/X                              6     13     -7 (VIOLATED)
fanout1212/X                              6     13     -7 (VIOLATED)
fanout1215/X                              6     13     -7 (VIOLATED)
fanout1217/X                              6     13     -7 (VIOLATED)
fanout1219/X                              6     13     -7 (VIOLATED)
fanout1220/X                              6     13     -7 (VIOLATED)
fanout1222/X                              6     13     -7 (VIOLATED)
fanout1223/X                              6     13     -7 (VIOLATED)
fanout1225/X                              6     13     -7 (VIOLATED)
fanout1226/X                              6     13     -7 (VIOLATED)
fanout1230/X                              6     13     -7 (VIOLATED)
fanout1233/X                              6     13     -7 (VIOLATED)
fanout1234/X                              6     13     -7 (VIOLATED)
fanout1237/X                              6     13     -7 (VIOLATED)
fanout1240/X                              6     13     -7 (VIOLATED)
fanout1241/X                              6     13     -7 (VIOLATED)
fanout1242/X                              6     13     -7 (VIOLATED)
fanout1243/X                              6     13     -7 (VIOLATED)
fanout1246/X                              6     13     -7 (VIOLATED)
fanout1247/X                              6     13     -7 (VIOLATED)
fanout1248/X                              6     13     -7 (VIOLATED)
fanout1251/X                              6     13     -7 (VIOLATED)
fanout1252/X                              6     13     -7 (VIOLATED)
fanout1253/X                              6     13     -7 (VIOLATED)
fanout1254/X                              6     13     -7 (VIOLATED)
fanout1255/X                              6     13     -7 (VIOLATED)
fanout1256/X                              6     13     -7 (VIOLATED)
fanout1257/X                              6     13     -7 (VIOLATED)
fanout1261/X                              6     13     -7 (VIOLATED)
fanout1264/X                              6     13     -7 (VIOLATED)
fanout1266/X                              6     13     -7 (VIOLATED)
fanout1267/X                              6     13     -7 (VIOLATED)
fanout1268/X                              6     13     -7 (VIOLATED)
fanout1270/X                              6     13     -7 (VIOLATED)
fanout1273/X                              6     13     -7 (VIOLATED)
fanout1275/X                              6     13     -7 (VIOLATED)
fanout1276/X                              6     13     -7 (VIOLATED)
fanout1277/X                              6     13     -7 (VIOLATED)
fanout1279/X                              6     13     -7 (VIOLATED)
fanout1280/X                              6     13     -7 (VIOLATED)
fanout1282/X                              6     13     -7 (VIOLATED)
fanout1284/X                              6     13     -7 (VIOLATED)
fanout1285/X                              6     13     -7 (VIOLATED)
fanout1287/X                              6     13     -7 (VIOLATED)
fanout1288/X                              6     13     -7 (VIOLATED)
fanout1290/X                              6     13     -7 (VIOLATED)
fanout1292/X                              6     13     -7 (VIOLATED)
fanout1294/X                              6     13     -7 (VIOLATED)
fanout1296/X                              6     13     -7 (VIOLATED)
fanout1297/X                              6     13     -7 (VIOLATED)
fanout1298/X                              6     13     -7 (VIOLATED)
fanout1299/X                              6     13     -7 (VIOLATED)
fanout1300/X                              6     13     -7 (VIOLATED)
fanout1301/X                              6     13     -7 (VIOLATED)
fanout1306/X                              6     13     -7 (VIOLATED)
fanout1307/X                              6     13     -7 (VIOLATED)
fanout1309/X                              6     13     -7 (VIOLATED)
fanout1312/X                              6     13     -7 (VIOLATED)
fanout1314/X                              6     13     -7 (VIOLATED)
fanout1315/X                              6     13     -7 (VIOLATED)
fanout1316/X                              6     13     -7 (VIOLATED)
fanout1317/X                              6     13     -7 (VIOLATED)
fanout1318/X                              6     13     -7 (VIOLATED)
fanout1319/X                              6     13     -7 (VIOLATED)
fanout1321/X                              6     13     -7 (VIOLATED)
fanout1322/X                              6     13     -7 (VIOLATED)
fanout1323/X                              6     13     -7 (VIOLATED)
fanout1324/X                              6     13     -7 (VIOLATED)
fanout1325/X                              6     13     -7 (VIOLATED)
fanout1326/X                              6     13     -7 (VIOLATED)
fanout1327/X                              6     13     -7 (VIOLATED)
wire1328/X                                6     13     -7 (VIOLATED)
wire1330/X                                6     13     -7 (VIOLATED)
tl_host_i[0]                              6     12     -6 (VIOLATED)
tl_host_i[100]                            6     12     -6 (VIOLATED)
tl_host_i[101]                            6     12     -6 (VIOLATED)
tl_host_i[102]                            6     12     -6 (VIOLATED)
tl_host_i[103]                            6     12     -6 (VIOLATED)
tl_host_i[104]                            6     12     -6 (VIOLATED)
tl_host_i[105]                            6     12     -6 (VIOLATED)
tl_host_i[106]                            6     12     -6 (VIOLATED)
tl_host_i[107]                            6     12     -6 (VIOLATED)
tl_host_i[108]                            6     12     -6 (VIOLATED)
tl_host_i[10]                             6     12     -6 (VIOLATED)
tl_host_i[11]                             6     12     -6 (VIOLATED)
tl_host_i[12]                             6     12     -6 (VIOLATED)
tl_host_i[13]                             6     12     -6 (VIOLATED)
tl_host_i[14]                             6     12     -6 (VIOLATED)
tl_host_i[15]                             6     12     -6 (VIOLATED)
tl_host_i[16]                             6     12     -6 (VIOLATED)
tl_host_i[17]                             6     12     -6 (VIOLATED)
tl_host_i[18]                             6     12     -6 (VIOLATED)
tl_host_i[19]                             6     12     -6 (VIOLATED)
tl_host_i[1]                              6     12     -6 (VIOLATED)
tl_host_i[20]                             6     12     -6 (VIOLATED)
tl_host_i[21]                             6     12     -6 (VIOLATED)
tl_host_i[22]                             6     12     -6 (VIOLATED)
tl_host_i[23]                             6     12     -6 (VIOLATED)
tl_host_i[24]                             6     12     -6 (VIOLATED)
tl_host_i[25]                             6     12     -6 (VIOLATED)
tl_host_i[26]                             6     12     -6 (VIOLATED)
tl_host_i[27]                             6     12     -6 (VIOLATED)
tl_host_i[28]                             6     12     -6 (VIOLATED)
tl_host_i[29]                             6     12     -6 (VIOLATED)
tl_host_i[2]                              6     12     -6 (VIOLATED)
tl_host_i[30]                             6     12     -6 (VIOLATED)
tl_host_i[31]                             6     12     -6 (VIOLATED)
tl_host_i[32]                             6     12     -6 (VIOLATED)
tl_host_i[33]                             6     12     -6 (VIOLATED)
tl_host_i[34]                             6     12     -6 (VIOLATED)
tl_host_i[35]                             6     12     -6 (VIOLATED)
tl_host_i[36]                             6     12     -6 (VIOLATED)
tl_host_i[37]                             6     12     -6 (VIOLATED)
tl_host_i[38]                             6     12     -6 (VIOLATED)
tl_host_i[39]                             6     12     -6 (VIOLATED)
tl_host_i[3]                              6     12     -6 (VIOLATED)
tl_host_i[40]                             6     12     -6 (VIOLATED)
tl_host_i[41]                             6     12     -6 (VIOLATED)
tl_host_i[42]                             6     12     -6 (VIOLATED)
tl_host_i[43]                             6     12     -6 (VIOLATED)
tl_host_i[44]                             6     12     -6 (VIOLATED)
tl_host_i[46]                             6     12     -6 (VIOLATED)
tl_host_i[47]                             6     12     -6 (VIOLATED)
tl_host_i[48]                             6     12     -6 (VIOLATED)
tl_host_i[49]                             6     12     -6 (VIOLATED)
tl_host_i[4]                              6     12     -6 (VIOLATED)
tl_host_i[50]                             6     12     -6 (VIOLATED)
tl_host_i[51]                             6     12     -6 (VIOLATED)
tl_host_i[52]                             6     12     -6 (VIOLATED)
tl_host_i[53]                             6     12     -6 (VIOLATED)
tl_host_i[54]                             6     12     -6 (VIOLATED)
tl_host_i[55]                             6     12     -6 (VIOLATED)
tl_host_i[56]                             6     12     -6 (VIOLATED)
tl_host_i[57]                             6     12     -6 (VIOLATED)
tl_host_i[58]                             6     12     -6 (VIOLATED)
tl_host_i[5]                              6     12     -6 (VIOLATED)
tl_host_i[60]                             6     12     -6 (VIOLATED)
tl_host_i[6]                              6     12     -6 (VIOLATED)
tl_host_i[8]                              6     12     -6 (VIOLATED)
tl_host_i[93]                             6     12     -6 (VIOLATED)
tl_host_i[94]                             6     12     -6 (VIOLATED)
tl_host_i[95]                             6     12     -6 (VIOLATED)
tl_host_i[96]                             6     12     -6 (VIOLATED)
tl_host_i[97]                             6     12     -6 (VIOLATED)
tl_host_i[98]                             6     12     -6 (VIOLATED)
tl_host_i[9]                              6     12     -6 (VIOLATED)
fanout1159/X                              6     11     -5 (VIOLATED)
fanout1162/X                              6     11     -5 (VIOLATED)
fanout1170/X                              6     11     -5 (VIOLATED)
fanout1174/X                              6     11     -5 (VIOLATED)
fanout1191/X                              6     11     -5 (VIOLATED)
fanout1194/X                              6     11     -5 (VIOLATED)
fanout1216/X                              6     11     -5 (VIOLATED)
fanout1218/X                              6     11     -5 (VIOLATED)
fanout1227/X                              6     11     -5 (VIOLATED)
fanout1232/X                              6     11     -5 (VIOLATED)
fanout1244/X                              6     11     -5 (VIOLATED)
fanout1249/X                              6     11     -5 (VIOLATED)
fanout1250/X                              6     11     -5 (VIOLATED)
fanout1258/X                              6     11     -5 (VIOLATED)
fanout1269/X                              6     11     -5 (VIOLATED)
fanout1281/X                              6     11     -5 (VIOLATED)
fanout1283/X                              6     11     -5 (VIOLATED)
fanout1308/X                              6     11     -5 (VIOLATED)
fanout1165/X                              6     10     -4 (VIOLATED)
_0257_/Y                                  6      9     -3 (VIOLATED)
_0309_/Y                                  6      9     -3 (VIOLATED)
fanout1164/X                              6      9     -3 (VIOLATED)
fanout1171/X                              6      9     -3 (VIOLATED)
fanout1175/X                              6      9     -3 (VIOLATED)
fanout1181/X                              6      9     -3 (VIOLATED)
fanout1196/X                              6      9     -3 (VIOLATED)
fanout1197/X                              6      9     -3 (VIOLATED)
fanout1202/X                              6      9     -3 (VIOLATED)
fanout1204/X                              6      9     -3 (VIOLATED)
fanout1207/X                              6      9     -3 (VIOLATED)
fanout1211/X                              6      9     -3 (VIOLATED)
fanout1214/X                              6      9     -3 (VIOLATED)
fanout1236/X                              6      9     -3 (VIOLATED)
fanout1238/X                              6      9     -3 (VIOLATED)
fanout1239/X                              6      9     -3 (VIOLATED)
fanout1245/X                              6      9     -3 (VIOLATED)
fanout1259/X                              6      9     -3 (VIOLATED)
fanout1265/X                              6      9     -3 (VIOLATED)
fanout1278/X                              6      9     -3 (VIOLATED)
fanout1291/X                              6      9     -3 (VIOLATED)
fanout1293/X                              6      9     -3 (VIOLATED)
fanout1303/X                              6      9     -3 (VIOLATED)
fanout1313/X                              6      9     -3 (VIOLATED)
input1/X                                  6      9     -3 (VIOLATED)
load_slew1329/X                           6      9     -3 (VIOLATED)
load_slew1331/X                           6      9     -3 (VIOLATED)
_0275_/Y                                  6      7        (VIOLATED)
fanout1176/X                              6      7        (VIOLATED)
fanout1178/X                              6      7        (VIOLATED)
fanout1179/X                              6      7        (VIOLATED)
fanout1185/X                              6      7        (VIOLATED)
fanout1187/X                              6      7        (VIOLATED)
fanout1188/X                              6      7        (VIOLATED)
fanout1203/X                              6      7        (VIOLATED)
fanout1213/X                              6      7        (VIOLATED)
fanout1221/X                              6      7        (VIOLATED)
fanout1224/X                              6      7        (VIOLATED)
fanout1229/X                              6      7        (VIOLATED)
fanout1235/X                              6      7        (VIOLATED)
fanout1260/X                              6      7        (VIOLATED)
fanout1262/X                              6      7        (VIOLATED)
fanout1263/X                              6      7        (VIOLATED)
fanout1271/X                              6      7        (VIOLATED)
fanout1272/X                              6      7        (VIOLATED)
fanout1286/X                              6      7        (VIOLATED)
fanout1289/X                              6      7        (VIOLATED)
fanout1295/X                              6      7        (VIOLATED)
fanout1304/X                              6      7        (VIOLATED)
fanout1305/X                              6      7        (VIOLATED)
fanout1310/X                              6      7        (VIOLATED)
fanout1311/X                              6      7        (VIOLATED)
fanout1320/X                              6      7        (VIOLATED)
input14/X                                 6      7        (VIOLATED)
input15/X                                 6      7        (VIOLATED)
input16/X                                 6      7        (VIOLATED)
input19/X                                 6      7        (VIOLATED)
input20/X                                 6      7        (VIOLATED)
input21/X                                 6      7        (VIOLATED)
input26/X                                 6      7        (VIOLATED)
input27/X                                 6      7        (VIOLATED)
input28/X                                 6      7        (VIOLATED)
input31/X                                 6      7        (VIOLATED)
input32/X                                 6      7        (VIOLATED)
input33/X                                 6      7        (VIOLATED)

max capacitance

Pin                                        Limit         Cap       Slack
------------------------------------------------------------------------
tl_host_i[52]                           0.200000    0.256170   -0.056170 (VIOLATED)
wire1330/X                              0.200000    0.237993   -0.037993 (VIOLATED)
wire1328/X                              0.200000    0.226350   -0.026350 (VIOLATED)
fanout1250/X                            0.200000    0.222856   -0.022856 (VIOLATED)
load_slew1331/X                         0.200000    0.208598   -0.008598 (VIOLATED)
load_slew1329/X                         0.200000    0.207420   -0.007420 (VIOLATED)



===========================================================================
report_parasitic_annotation -report_unannotated
============================================================================
Found 2 unannotated drivers.
 clk_i
 rst_ni
Found 0 partially unannotated drivers.

===========================================================================
max slew violation count 175
max fanout violation count 260
max cap violation count 6
============================================================================

===========================================================================
check_setup -verbose -unconstrained_endpoints -multiple_clock -no_clock -no_input_delay -loops -generated_clocks
===========================================================================
