Clock: clk
Sources: wb_clk_i 
Generated: no
Virtual: yes
Propagated: no
Period: 35.000000

===========================================================================
report_clock_properties
============================================================================
Clock                   Period          Waveform
----------------------------------------------------
clk                  35.000000    0.000000 17.500000

===========================================================================
report_clock_latency
============================================================================
Clock clk
rise -> rise
    min     max
4.650000 5.570000 source latency
7.541413         network latency u_plic/_3266_/CLK
        10.686788 network latency u_dm/_09354_/CLK
---------------
12.191413 16.256788 latency
        4.065376 skew

fall -> rise
    min     max
4.650000 5.570000 source latency
12.293121         network latency u_ibex/_1186_/CLK
        13.231578 network latency u_ibex/_1194_/CLK
---------------
16.943121 18.801579 latency
        1.858457 skew

fall -> fall
    min     max
4.650000 5.570000 source latency
8.163775         network latency u_plic/_3155_/CLK
        13.090649 network latency u_ibex/_1194_/CLK
---------------
12.813775 18.660648 latency
        5.846873 skew



===========================================================================
report_clock_min_period
============================================================================
clk period_min = 16.52 fmax = 60.54
