
===========================================================================
 report_power
============================================================================
======================= nom_ff_n40C_1v95 Corner ===================================

Group                    Internal    Switching      Leakage        Total
                            Power        Power        Power        Power (Watts)
------------------------------------------------------------------------
Sequential           5.171081e-03 8.617072e-05 6.871764e-08 5.257320e-03  32.4%
Combinational        8.576620e-04 2.792858e-03 9.224868e-07 3.651443e-03  22.5%
Clock                3.601530e-03 3.739295e-03 6.403924e-08 7.340889e-03  45.2%
Macro                0.000000e+00 0.000000e+00 0.000000e+00 0.000000e+00   0.0%
Pad                  0.000000e+00 0.000000e+00 0.000000e+00 0.000000e+00   0.0%
------------------------------------------------------------------------
Total                9.630199e-03 6.618330e-03 1.055079e-06 1.624958e-02 100.0%
                            59.3%        40.7%         0.0%

