
===========================================================================
Violator List
============================================================================
[hold reg-reg] u_fft/_12914_/Q -> u_fft_bank1/DI[1] : -2.325582
[hold reg-reg] u_fft/_12914_/Q -> u_fft_bank0/DI[1] : -2.316684
[hold reg-reg] u_fft/_12939_/Q -> u_fft_bank1/DI[26] : -2.278392
[hold reg-reg] u_fft/_12937_/Q -> u_fft_bank1/DI[24] : -2.276232
[hold reg-reg] u_fft/_12940_/Q -> u_fft_bank1/DI[27] : -2.268965
[hold reg-reg] u_fft/_12939_/Q -> u_fft_bank0/DI[26] : -2.268684
[hold reg-reg] u_fft/_12918_/Q -> u_fft_bank1/DI[5] : -2.268512
[hold reg-reg] u_fft/_12937_/Q -> u_fft_bank0/DI[24] : -2.266613
[hold reg-reg] u_fft/_12919_/Q -> u_fft_bank1/DI[6] : -2.266260
[hold reg-reg] u_fft/_12920_/Q -> u_fft_bank1/DI[7] : -2.263912
[hold reg-reg] u_fft/_12936_/Q -> u_fft_bank1/DI[23] : -2.259176
[hold reg-reg] u_fft/_12940_/Q -> u_fft_bank0/DI[27] : -2.258934
[hold reg-reg] u_fft/_12918_/Q -> u_fft_bank0/DI[5] : -2.258795
[hold reg-reg] u_fft/_12934_/Q -> u_fft_bank1/DI[21] : -2.257985
[hold reg-reg] u_fft/_12935_/Q -> u_fft_bank1/DI[22] : -2.257485
[hold reg-reg] u_fft/_12919_/Q -> u_fft_bank0/DI[6] : -2.257170
[hold reg-reg] u_fft/_12920_/Q -> u_fft_bank0/DI[7] : -2.255106
[hold reg-reg] u_fft/_12917_/Q -> u_fft_bank1/DI[4] : -2.254330
[hold reg-reg] u_fft/_12923_/Q -> u_fft_bank1/DI[10] : -2.250122
[hold reg-reg] u_fft/_12936_/Q -> u_fft_bank0/DI[23] : -2.249786
[hold reg-reg] u_fft/_12934_/Q -> u_fft_bank0/DI[21] : -2.249388
[hold reg-reg] u_fft/_12935_/Q -> u_fft_bank0/DI[22] : -2.248190
[hold reg-reg] u_fft/_12917_/Q -> u_fft_bank0/DI[4] : -2.244962
[hold reg-reg] u_fft/_12923_/Q -> u_fft_bank0/DI[10] : -2.241056
[hold reg-reg] u_fft/_12933_/Q -> u_fft_bank1/DI[20] : -2.236814
[hold reg-reg] u_fft/_12924_/Q -> u_fft_bank1/DI[11] : -2.232632
[hold reg-reg] u_fft/_12915_/Q -> u_fft_bank1/DI[2] : -2.231102
[hold reg-reg] u_fft/_12921_/Q -> u_fft_bank1/DI[8] : -2.230185
[hold reg-reg] u_fft/_12932_/Q -> u_fft_bank1/DI[19] : -2.229601
[hold reg-reg] u_fft/_12941_/Q -> u_fft_bank1/DI[28] : -2.229237
[hold reg-reg] u_fft/_12938_/Q -> u_fft_bank1/DI[25] : -2.228956
[hold reg-reg] u_fft/_12933_/Q -> u_fft_bank0/DI[20] : -2.227639
[hold reg-reg] u_fft/_12931_/Q -> u_fft_bank1/DI[18] : -2.226012
[hold reg-reg] u_fft/_12924_/Q -> u_fft_bank0/DI[11] : -2.224229
[hold reg-reg] u_fft/_12921_/Q -> u_fft_bank0/DI[8] : -2.223407
[hold reg-reg] u_fft/_12930_/Q -> u_fft_bank1/DI[17] : -2.222334
[hold reg-reg] u_fft/_12915_/Q -> u_fft_bank0/DI[2] : -2.221656
[hold reg-reg] u_fft/_12922_/Q -> u_fft_bank1/DI[9] : -2.220921
[hold reg-reg] u_fft/_12938_/Q -> u_fft_bank0/DI[25] : -2.220554
[hold reg-reg] u_fft/_12932_/Q -> u_fft_bank0/DI[19] : -2.220436
[hold reg-reg] u_fft/_12941_/Q -> u_fft_bank0/DI[28] : -2.219724
[hold reg-reg] u_fft/_12916_/Q -> u_fft_bank1/DI[3] : -2.219203
[hold reg-reg] u_fft/_12931_/Q -> u_fft_bank0/DI[18] : -2.216574
[hold reg-reg] u_fft/_12925_/Q -> u_fft_bank1/DI[12] : -2.216362
[hold reg-reg] u_fft/_12922_/Q -> u_fft_bank0/DI[9] : -2.214180
[hold reg-reg] u_fft/_12930_/Q -> u_fft_bank0/DI[17] : -2.212556
[hold reg-reg] u_fft/_12916_/Q -> u_fft_bank0/DI[3] : -2.211445
[hold reg-reg] u_fft/_12944_/Q -> u_fft_bank1/DI[31] : -2.209758
[hold reg-reg] u_fft/_12929_/Q -> u_fft_bank1/DI[16] : -2.207609
[hold reg-reg] u_fft/_12943_/Q -> u_fft_bank1/DI[30] : -2.207608
[hold reg-reg] u_fft/_12925_/Q -> u_fft_bank0/DI[12] : -2.207377
[hold reg-reg] u_fft/_12942_/Q -> u_fft_bank1/DI[29] : -2.206500
[hold reg-reg] u_fft/_12928_/Q -> u_fft_bank1/DI[15] : -2.201062
[hold reg-reg] u_fft/_12944_/Q -> u_fft_bank0/DI[31] : -2.200077
[hold reg-reg] u_fft/_12926_/Q -> u_fft_bank1/DI[13] : -2.199736
[hold reg-reg] u_fft/_12929_/Q -> u_fft_bank0/DI[16] : -2.197806
[hold reg-reg] u_fft/_12943_/Q -> u_fft_bank0/DI[30] : -2.197575
[hold reg-reg] u_fft/_12942_/Q -> u_fft_bank0/DI[29] : -2.197105
[hold reg-reg] u_fft/_12926_/Q -> u_fft_bank0/DI[13] : -2.193794
[hold reg-reg] u_fft/_12928_/Q -> u_fft_bank0/DI[15] : -2.192912
[hold reg-reg] u_fft/_12927_/Q -> u_fft_bank1/DI[14] : -2.172811
[hold reg-reg] u_fft/_12927_/Q -> u_fft_bank0/DI[14] : -2.164635
[hold reg-reg] u_fft/_12913_/Q -> u_fft_bank1/DI[0] : -2.152581
[hold reg-reg] u_fft/_12913_/Q -> u_fft_bank0/DI[0] : -2.142611
[hold reg-reg] u_fft/_13306_/Q -> u_fft_bank1/AD[5] : -2.020041
[hold reg-reg] u_fft/_13306_/Q -> u_fft_bank0/AD[5] : -2.013000
[hold reg-reg] u_fft/_13300_/Q -> u_fft_bank1/R_WB : -1.997813
[hold reg-reg] u_fft/_13309_/Q -> u_fft_bank1/AD[8] : -1.997244
[hold reg-reg] u_fft/_13300_/Q -> u_fft_bank0/R_WB : -1.989119
[hold reg-reg] u_fft/_13309_/Q -> u_fft_bank0/AD[8] : -1.988729
[hold reg-reg] u_fft/_13314_/Q -> u_fft_bank0/EN : -1.921430
[hold reg-reg] u_fft/_13310_/Q -> u_fft_bank1/AD[9] : -1.916596
[hold reg-reg] u_fft/_13307_/Q -> u_fft_bank1/AD[6] : -1.909863
[hold reg-reg] u_fft/_13310_/Q -> u_fft_bank0/AD[9] : -1.909068
[hold reg-reg] u_fft/_13307_/Q -> u_fft_bank0/AD[6] : -1.902205
[hold reg-reg] u_fft/_13304_/Q -> u_fft_bank1/AD[3] : -1.901993
[hold reg-reg] u_fft/_13304_/Q -> u_fft_bank0/AD[3] : -1.893772
[hold reg-reg] u_fft/_13305_/Q -> u_fft_bank1/AD[4] : -1.882659
[hold reg-reg] u_fft/_13303_/Q -> u_fft_bank1/AD[2] : -1.882102
[hold reg-reg] u_fft/_13302_/Q -> u_fft_bank1/AD[1] : -1.879722
[hold reg-reg] u_fft/_13305_/Q -> u_fft_bank0/AD[4] : -1.875002
[hold reg-reg] u_fft/_13302_/Q -> u_fft_bank0/AD[1] : -1.872818
[hold reg-reg] u_fft/_13303_/Q -> u_fft_bank0/AD[2] : -1.872433
[hold reg-reg] u_fft/_13308_/Q -> u_fft_bank1/AD[7] : -1.859160
[hold reg-reg] u_fft/_13308_/Q -> u_fft_bank0/AD[7] : -1.852126
[hold reg-reg] u_fft/_13301_/Q -> u_fft_bank1/AD[0] : -1.846871
[hold reg-reg] u_fft/_13301_/Q -> u_fft_bank0/AD[0] : -1.840876
[hold reg-reg] u_fft/_13314_/Q -> u_fft_bank1/EN : -1.691764
