
===========================================================================
report_checks -unconstrained
===========================================================================
======================= nom_ss_100C_1v60 Corner ===================================

Startpoint: rst_ni (input port clocked by clk_i)
Endpoint: _1142_ (recovery check against rising-edge clock clk_i)
Path Group: asynchronous
Path Type: max

Fanout         Cap        Slew       Delay        Time   Description
---------------------------------------------------------------------------------------------
                                  0.000000    0.000000   clock clk_i (rise edge)
                                  0.000000    0.000000   clock network delay (propagated)
                                  5.000000    5.000000 ^ input external delay
     2    0.004541    0.044032    0.024974    5.024974 ^ rst_ni (in)
                                                         rst_ni (net)
                      0.044045    0.000000    5.024974 ^ input1/A (sky130_fd_sc_hd__buf_4)
     5    0.083073    0.369582    0.401832    5.426806 ^ input1/X (sky130_fd_sc_hd__buf_4)
                                                         net1 (net)
                      0.373357    0.030078    5.456884 ^ fanout169/A (sky130_fd_sc_hd__clkbuf_2)
     9    0.036973    0.317564    0.495682    5.952566 ^ fanout169/X (sky130_fd_sc_hd__clkbuf_2)
                                                         net169 (net)
                      0.317574    0.002158    5.954724 ^ fanout168/A (sky130_fd_sc_hd__clkbuf_2)
     4    0.025950    0.228283    0.411872    6.366597 ^ fanout168/X (sky130_fd_sc_hd__clkbuf_2)
                                                         net168 (net)
                      0.228283    0.000306    6.366903 ^ fanout166/A (sky130_fd_sc_hd__dlymetal6s2s_1)
     4    0.018674    0.308896    0.405691    6.772594 ^ fanout166/X (sky130_fd_sc_hd__dlymetal6s2s_1)
                                                         net166 (net)
                      0.308896    0.000673    6.773267 ^ fanout165/A (sky130_fd_sc_hd__clkbuf_2)
     6    0.026743    0.234527    0.413463    7.186729 ^ fanout165/X (sky130_fd_sc_hd__clkbuf_2)
                                                         net165 (net)
                      0.234527    0.000529    7.187259 ^ _1142_/RESET_B (sky130_fd_sc_hd__dfrtp_1)
                                              7.187259   data arrival time

                                 25.000000   25.000000   clock clk_i (rise edge)
                                  0.000000   25.000000   clock source latency
     2    0.071292    0.510510    0.369157   25.369156 ^ clk_i (in)
                                                         clk_i (net)
                      0.512050    0.000000   25.369156 ^ clkbuf_0_clk_i/A (sky130_fd_sc_hd__clkbuf_16)
     2    0.018574    0.071503    0.407217   25.776373 ^ clkbuf_0_clk_i/X (sky130_fd_sc_hd__clkbuf_16)
                                                         clknet_0_clk_i (net)
                      0.071503    0.000412   25.776787 ^ clkbuf_1_0__f_clk_i/A (sky130_fd_sc_hd__clkbuf_16)
     2    0.004553    0.047179    0.197927   25.974712 ^ clkbuf_1_0__f_clk_i/X (sky130_fd_sc_hd__clkbuf_16)
                                                         clknet_1_0__leaf_clk_i (net)
                      0.047179    0.000091   25.974804 ^ _1142_/CLK (sky130_fd_sc_hd__dfrtp_1)
                                 -0.250000   25.724804   clock uncertainty
                                  0.000000   25.724804   clock reconvergence pessimism
                                  0.393943   26.118748   library recovery time
                                             26.118748   data required time
---------------------------------------------------------------------------------------------
                                             26.118748   data required time
                                             -7.187259   data arrival time
---------------------------------------------------------------------------------------------
                                             18.931488   slack (MET)


Startpoint: _1196_ (negative level-sensitive latch clocked by clk_i)
Endpoint: _1080_ (rising clock gating-check end-point clocked by clk_i)
Path Group: gated clock
Path Type: max

Fanout         Cap        Slew       Delay        Time   Description
---------------------------------------------------------------------------------------------
                                 12.500000   12.500000   clock clk_i (fall edge)
                                  0.000000   12.500000   clock source latency
     2    0.070354    0.303630    0.227647   12.727647 v clk_i (in)
                                                         clk_i (net)
                      0.306149    0.000000   12.727647 v clkbuf_0_clk_i/A (sky130_fd_sc_hd__clkbuf_16)
     2    0.016802    0.055510    0.368324   13.095971 v clkbuf_0_clk_i/X (sky130_fd_sc_hd__clkbuf_16)
                                                         clknet_0_clk_i (net)
                      0.055510    0.000445   13.096416 v clkbuf_1_1__f_clk_i/A (sky130_fd_sc_hd__clkbuf_16)
     3    0.008220    0.046325    0.235677   13.332093 v clkbuf_1_1__f_clk_i/X (sky130_fd_sc_hd__clkbuf_16)
                                                         clknet_1_1__leaf_clk_i (net)
                      0.046325    0.000203   13.332296 v _1196_/GATE_N (sky130_fd_sc_hd__dlxtn_1)
     1    0.002078    0.042903    0.482171   13.814467 v _1196_/Q (sky130_fd_sc_hd__dlxtn_1)
                                                         u_ibex.core_clock_gate_i.en_latch (net)
                      0.042903    0.000058   13.814525 v hold386/A (sky130_fd_sc_hd__dlygate4sd3_1)
     1    0.002048    0.099706    1.099082   14.913607 v hold386/X (sky130_fd_sc_hd__dlygate4sd3_1)
                                                         net630 (net)
                      0.099706    0.000055   14.913662 v hold384/A (sky130_fd_sc_hd__dlygate4sd3_1)
     1    0.001809    0.097014    1.120515   16.034178 v hold384/X (sky130_fd_sc_hd__dlygate4sd3_1)
                                                         net628 (net)
                      0.097014    0.000050   16.034227 v hold387/A (sky130_fd_sc_hd__dlygate4sd3_1)
     1    0.001964    0.098508    1.121830   17.156057 v hold387/X (sky130_fd_sc_hd__dlygate4sd3_1)
                                                         net631 (net)
                      0.098508    0.000055   17.156111 v hold383/A (sky130_fd_sc_hd__dlygate4sd3_1)
     1    0.001899    0.097885    1.121459   18.277571 v hold383/X (sky130_fd_sc_hd__dlygate4sd3_1)
                                                         net627 (net)
                      0.097885    0.000053   18.277624 v hold388/A (sky130_fd_sc_hd__dlygate4sd3_1)
     1    0.001763    0.096572    1.118863   19.396486 v hold388/X (sky130_fd_sc_hd__dlygate4sd3_1)
                                                         net632 (net)
                      0.096572    0.000034   19.396521 v hold385/A (sky130_fd_sc_hd__dlygate4sd3_1)
     1    0.001697    0.095929    1.117101   20.513622 v hold385/X (sky130_fd_sc_hd__dlygate4sd3_1)
                                                         net629 (net)
                      0.095929    0.000034   20.513655 v _1080_/B (sky130_fd_sc_hd__and2_2)
                                             20.513655   data arrival time

                                 25.000000   25.000000   clock clk_i (rise edge)
                                  0.000000   25.000000   clock source latency
     2    0.071292    0.510510    0.369157   25.369156 ^ clk_i (in)
                                                         clk_i (net)
                      0.512050    0.000000   25.369156 ^ clkbuf_0_clk_i/A (sky130_fd_sc_hd__clkbuf_16)
     2    0.018574    0.071503    0.407217   25.776373 ^ clkbuf_0_clk_i/X (sky130_fd_sc_hd__clkbuf_16)
                                                         clknet_0_clk_i (net)
                      0.071503    0.000494   25.776867 ^ clkbuf_1_1__f_clk_i/A (sky130_fd_sc_hd__clkbuf_16)
     3    0.008590    0.052627    0.205571   25.982439 ^ clkbuf_1_1__f_clk_i/X (sky130_fd_sc_hd__clkbuf_16)
                                                         clknet_1_1__leaf_clk_i (net)
                      0.052627    0.000181   25.982620 ^ _1080_/A (sky130_fd_sc_hd__and2_2)
                                 -0.250000   25.732620   clock uncertainty
                                  0.000000   25.732620   clock reconvergence pessimism
                                  0.000000   25.732620   clock gating setup time
                                             25.732620   data required time
---------------------------------------------------------------------------------------------
                                             25.732620   data required time
                                            -20.513655   data arrival time
---------------------------------------------------------------------------------------------
                                              5.218965   slack (MET)


Startpoint: _1165_ (rising edge-triggered flip-flop clocked by clk_i)
Endpoint: tl_o[12] (output port clocked by clk_i)
Path Group: clk_i
Path Type: max

Fanout         Cap        Slew       Delay        Time   Description
---------------------------------------------------------------------------------------------
                                  0.000000    0.000000   clock clk_i (rise edge)
                                  0.000000    0.000000   clock source latency
     2    0.071292    0.510510    0.369157    0.369157 ^ clk_i (in)
                                                         clk_i (net)
                      0.512050    0.000000    0.369157 ^ clkbuf_0_clk_i/A (sky130_fd_sc_hd__clkbuf_16)
     2    0.018574    0.071503    0.407217    0.776375 ^ clkbuf_0_clk_i/X (sky130_fd_sc_hd__clkbuf_16)
                                                         clknet_0_clk_i (net)
                      0.071503    0.000494    0.776869 ^ clkbuf_1_1__f_clk_i/A (sky130_fd_sc_hd__clkbuf_16)
     3    0.008590    0.052627    0.205570    0.982438 ^ clkbuf_1_1__f_clk_i/X (sky130_fd_sc_hd__clkbuf_16)
                                                         clknet_1_1__leaf_clk_i (net)
                      0.052627    0.000183    0.982621 ^ _1080_/A (sky130_fd_sc_hd__and2_2)
     3    0.024853    0.224994    0.383975    1.366596 ^ _1080_/X (sky130_fd_sc_hd__and2_2)
                                                         u_ibex.clk (net)
                      0.225006    0.001896    1.368492 ^ clkbuf_0_u_ibex.clk/A (sky130_fd_sc_hd__clkbuf_16)
     9    0.064748    0.127018    0.347610    1.716102 ^ clkbuf_0_u_ibex.clk/X (sky130_fd_sc_hd__clkbuf_16)
                                                         clknet_0_u_ibex.clk (net)
                      0.127084    0.002629    1.718731 ^ clkbuf_2_0__f_u_ibex.clk/A (sky130_fd_sc_hd__clkbuf_16)
    31    0.095508    0.169719    0.335796    2.054527 ^ clkbuf_2_0__f_u_ibex.clk/X (sky130_fd_sc_hd__clkbuf_16)
                                                         clknet_2_0__leaf_u_ibex.clk (net)
                      0.169851    0.004283    2.058810 ^ _1165_/CLK (sky130_fd_sc_hd__dfrtp_1)
     1    0.001915    0.068333    0.764026    2.822836 v _1165_/Q (sky130_fd_sc_hd__dfrtp_1)
                                                         u_ibex.u_ibex_core.load_store_unit_i.ls_fsm_cs[2] (net)
                      0.068333    0.000054    2.822889 v hold326/A (sky130_fd_sc_hd__dlygate4sd3_1)
     1    0.002822    0.105720    1.123034    3.945924 v hold326/X (sky130_fd_sc_hd__dlygate4sd3_1)
                                                         net570 (net)
                      0.105720    0.000090    3.946013 v hold106/A (sky130_fd_sc_hd__dlygate4sd3_1)
     1    0.002714    0.104916    1.138770    5.084784 v hold106/X (sky130_fd_sc_hd__dlygate4sd3_1)
                                                         net350 (net)
                      0.104916    0.000084    5.084867 v hold327/A (sky130_fd_sc_hd__dlygate4sd3_1)
     2    0.006897    0.145550    1.195322    6.280189 v hold327/X (sky130_fd_sc_hd__dlygate4sd3_1)
                                                         net571 (net)
                      0.145550    0.000162    6.280351 v fanout146/A (sky130_fd_sc_hd__dlymetal6s2s_1)
     5    0.018131    0.194559    0.425812    6.706163 v fanout146/X (sky130_fd_sc_hd__dlymetal6s2s_1)
                                                         net146 (net)
                      0.194559    0.000540    6.706703 v _0567_/B (sky130_fd_sc_hd__nor2_1)
     1    0.002533    0.130588    0.184742    6.891445 ^ _0567_/Y (sky130_fd_sc_hd__nor2_1)
                                                         _0064_ (net)
                      0.130588    0.000071    6.891516 ^ hold142/A (sky130_fd_sc_hd__dlygate4sd3_1)
     1    0.004973    0.121419    1.096483    7.987999 ^ hold142/X (sky130_fd_sc_hd__dlygate4sd3_1)
                                                         net386 (net)
                      0.121419    0.000100    7.988099 ^ _0568_/B (sky130_fd_sc_hd__nand2_2)
     1    0.002895    0.100845    0.108443    8.096542 v _0568_/Y (sky130_fd_sc_hd__nand2_2)
                                                         _0065_ (net)
                      0.100845    0.000090    8.096632 v hold143/A (sky130_fd_sc_hd__dlygate4sd3_1)
     6    0.021886    0.270540    1.333101    9.429733 v hold143/X (sky130_fd_sc_hd__dlygate4sd3_1)
                                                         net387 (net)
                      0.270540    0.000642    9.430375 v _0570_/C1 (sky130_fd_sc_hd__o211ai_1)
     1    0.007335    0.375167    0.276987    9.707362 ^ _0570_/Y (sky130_fd_sc_hd__o211ai_1)
                                                         _0067_ (net)
                      0.375167    0.000280    9.707642 ^ fanout118/A (sky130_fd_sc_hd__dlymetal6s2s_1)
     7    0.034849    0.541638    0.618194   10.325835 ^ fanout118/X (sky130_fd_sc_hd__dlymetal6s2s_1)
                                                         net118 (net)
                      0.541638    0.000372   10.326208 ^ fanout103/A (sky130_fd_sc_hd__buf_1)
     3    0.021011    0.401507    0.539663   10.865871 ^ fanout103/X (sky130_fd_sc_hd__buf_1)
                                                         net103 (net)
                      0.401507    0.000285   10.866157 ^ fanout99/A (sky130_fd_sc_hd__clkbuf_2)
     6    0.030449    0.265179    0.469354   11.335510 ^ fanout99/X (sky130_fd_sc_hd__clkbuf_2)
                                                         net99 (net)
                      0.265179    0.001022   11.336533 ^ fanout98/A (sky130_fd_sc_hd__buf_1)
     5    0.018040    0.346945    0.424427   11.760960 ^ fanout98/X (sky130_fd_sc_hd__buf_1)
                                                         net98 (net)
                      0.346945    0.000201   11.761161 ^ _0603_/A (sky130_fd_sc_hd__nand3_1)
     2    0.015339    0.404629    0.460123   12.221283 v _0603_/Y (sky130_fd_sc_hd__nand3_1)
                                                         _0100_ (net)
                      0.404752    0.000494   12.221777 v fanout87/A (sky130_fd_sc_hd__clkbuf_4)
     6    0.039846    0.157901    0.495667   12.717443 v fanout87/X (sky130_fd_sc_hd__clkbuf_4)
                                                         net87 (net)
                      0.157912    0.001463   12.718906 v _0614_/A (sky130_fd_sc_hd__nor2_1)
     1    0.006113    0.218976    0.269736   12.988643 ^ _0614_/Y (sky130_fd_sc_hd__nor2_1)
                                                         _0111_ (net)
                      0.218976    0.000235   12.988878 ^ fanout72/A (sky130_fd_sc_hd__buf_1)
     3    0.014806    0.288119    0.368904   13.357782 ^ fanout72/X (sky130_fd_sc_hd__buf_1)
                                                         net72 (net)
                      0.288119    0.000586   13.358368 ^ fanout71/A (sky130_fd_sc_hd__dlymetal6s2s_1)
     3    0.024521    0.393088    0.484600   13.842968 ^ fanout71/X (sky130_fd_sc_hd__dlymetal6s2s_1)
                                                         net71 (net)
                      0.393088    0.000518   13.843486 ^ fanout70/A (sky130_fd_sc_hd__buf_2)
     6    0.038617    0.305562    0.503660   14.347146 ^ fanout70/X (sky130_fd_sc_hd__buf_2)
                                                         net70 (net)
                      0.305566    0.001576   14.348722 ^ _0710_/D (sky130_fd_sc_hd__nand4_2)
     2    0.022089    0.432098    0.515954   14.864676 v _0710_/Y (sky130_fd_sc_hd__nand4_2)
                                                         _0194_ (net)
                      0.432239    0.000553   14.865230 v fanout61/A (sky130_fd_sc_hd__buf_2)
     6    0.034180    0.166855    0.516598   15.381827 v fanout61/X (sky130_fd_sc_hd__buf_2)
                                                         net61 (net)
                      0.166855    0.000384   15.382212 v _0799_/A2 (sky130_fd_sc_hd__a21boi_2)
     3    0.023389    0.477764    0.511388   15.893600 ^ _0799_/Y (sky130_fd_sc_hd__a21boi_2)
                                                         u_ibex.u_ibex_core.load_store_unit_i.addr_last_d[22] (net)
                      0.477896    0.000707   15.894307 ^ _0834_/B1 (sky130_fd_sc_hd__o21ai_2)
     2    0.017504    0.208054    0.339123   16.233429 v _0834_/Y (sky130_fd_sc_hd__o21ai_2)
                                                         _0302_ (net)
                      0.208055    0.001021   16.234451 v _0841_/B1 (sky130_fd_sc_hd__o2111ai_2)
     2    0.007946    0.302001    0.217590   16.452040 ^ _0841_/Y (sky130_fd_sc_hd__o2111ai_2)
                                                         _0309_ (net)
                      0.302001    0.000242   16.452282 ^ _0848_/A1_N (sky130_fd_sc_hd__o2bb2ai_1)
     1    0.004705    0.231345    0.316767   16.769049 ^ _0848_/Y (sky130_fd_sc_hd__o2bb2ai_1)
                                                         _0316_ (net)
                      0.231345    0.000171   16.769218 ^ _0857_/B (sky130_fd_sc_hd__nand2_1)
     1    0.021217    0.354052    0.383329   17.152548 v _0857_/Y (sky130_fd_sc_hd__nand2_1)
                                                         _0325_ (net)
                      0.354052    0.000908   17.153456 v _0863_/A1 (sky130_fd_sc_hd__o21ai_4)
     3    0.096517    1.065166    1.014682   18.168139 ^ _0863_/Y (sky130_fd_sc_hd__o21ai_4)
                                                         net21 (net)
                      1.066295    0.028539   18.196676 ^ output21/A (sky130_fd_sc_hd__buf_2)
     1    0.034015    0.276839    0.682563   18.879240 ^ output21/X (sky130_fd_sc_hd__buf_2)
                                                         tl_o[12] (net)
                      0.276839    0.000618   18.879858 ^ tl_o[12] (out)
                                             18.879858   data arrival time

                                 25.000000   25.000000   clock clk_i (rise edge)
                                  0.000000   25.000000   clock network delay (propagated)
                                 -0.250000   24.750000   clock uncertainty
                                  0.000000   24.750000   clock reconvergence pessimism
                                 -5.000000   19.750000   output external delay
                                             19.750000   data required time
---------------------------------------------------------------------------------------------
                                             19.750000   data required time
                                            -18.879858   data arrival time
---------------------------------------------------------------------------------------------
                                              0.870141   slack (MET)




===========================================================================
report_checks --slack_max -0.01
============================================================================
======================= nom_ss_100C_1v60 Corner ===================================

No paths found.


===========================================================================
 report_check_types -max_slew -max_cap -max_fanout -violators
============================================================================
======================= nom_ss_100C_1v60 Corner ===================================

max slew

Pin                                        Limit        Slew       Slack
------------------------------------------------------------------------
output21/A                              1.000000    1.066295   -0.066295 (VIOLATED)
ANTENNA_output21_A/DIODE                1.000000    1.066294   -0.066294 (VIOLATED)
ANTENNA__0863__Y/DIODE                  1.000000    1.065173   -0.065173 (VIOLATED)
_0863_/Y                                1.000000    1.065166   -0.065166 (VIOLATED)

max fanout

Pin                                   Limit Fanout  Slack
---------------------------------------------------------
clkbuf_2_1__f_u_ibex.clk/X                6     37    -31 (VIOLATED)
clkbuf_2_0__f_u_ibex.clk/X                6     31    -25 (VIOLATED)
clkbuf_2_3__f_u_ibex.clk/X                6     27    -21 (VIOLATED)
clkbuf_2_2__f_u_ibex.clk/X                6     23    -17 (VIOLATED)
fanout124/X                               6     13     -7 (VIOLATED)
fanout172/X                               6     13     -7 (VIOLATED)
fanout62/X                                6     13     -7 (VIOLATED)
fanout78/X                                6     13     -7 (VIOLATED)
fanout171/X                               6     11     -5 (VIOLATED)
fanout76/X                                6     11     -5 (VIOLATED)
_1037_/Y                                  6      9     -3 (VIOLATED)
clkbuf_0_u_ibex.clk/X                     6      9     -3 (VIOLATED)
fanout169/X                               6      9     -3 (VIOLATED)
fanout79/X                                6      9     -3 (VIOLATED)
input9/X                                  6      9     -3 (VIOLATED)
fanout117/X                               6      7        (VIOLATED)
fanout118/X                               6      7        (VIOLATED)



===========================================================================
report_parasitic_annotation -report_unannotated
============================================================================
Found 194 unannotated drivers.
 boot_addr_i[0]
 boot_addr_i[10]
 boot_addr_i[11]
 boot_addr_i[12]
 boot_addr_i[13]
 boot_addr_i[14]
 boot_addr_i[15]
 boot_addr_i[16]
 boot_addr_i[17]
 boot_addr_i[18]
 boot_addr_i[19]
 boot_addr_i[1]
 boot_addr_i[20]
 boot_addr_i[21]
 boot_addr_i[22]
 boot_addr_i[23]
 boot_addr_i[24]
 boot_addr_i[25]
 boot_addr_i[26]
 boot_addr_i[27]
 boot_addr_i[28]
 boot_addr_i[29]
 boot_addr_i[2]
 boot_addr_i[30]
 boot_addr_i[31]
 boot_addr_i[3]
 boot_addr_i[4]
 boot_addr_i[5]
 boot_addr_i[6]
 boot_addr_i[7]
 boot_addr_i[8]
 boot_addr_i[9]
 hart_id_i[0]
 hart_id_i[10]
 hart_id_i[11]
 hart_id_i[12]
 hart_id_i[13]
 hart_id_i[14]
 hart_id_i[15]
 hart_id_i[16]
 hart_id_i[17]
 hart_id_i[18]
 hart_id_i[19]
 hart_id_i[1]
 hart_id_i[20]
 hart_id_i[21]
 hart_id_i[22]
 hart_id_i[23]
 hart_id_i[24]
 hart_id_i[25]
 hart_id_i[26]
 hart_id_i[27]
 hart_id_i[28]
 hart_id_i[29]
 hart_id_i[2]
 hart_id_i[30]
 hart_id_i[31]
 hart_id_i[3]
 hart_id_i[4]
 hart_id_i[5]
 hart_id_i[6]
 hart_id_i[7]
 hart_id_i[8]
 hart_id_i[9]
 irq_external_i
 irq_software_i
 irq_timer_i
 tl_i[16]
 tl_i[17]
 tl_i[18]
 tl_i[19]
 tl_i[20]
 tl_i[21]
 tl_i[22]
 tl_i[23]
 tl_i[24]
 tl_i[25]
 tl_i[26]
 tl_i[27]
 tl_i[28]
 tl_i[29]
 tl_i[2]
 tl_i[30]
 tl_i[31]
 tl_i[32]
 tl_i[33]
 tl_i[34]
 tl_i[35]
 tl_i[36]
 tl_i[37]
 tl_i[38]
 tl_i[39]
 tl_i[3]
 tl_i[40]
 tl_i[41]
 tl_i[42]
 tl_i[43]
 tl_i[44]
 tl_i[45]
 tl_i[46]
 tl_i[47]
 tl_i[48]
 tl_i[49]
 tl_i[4]
 tl_i[50]
 tl_i[51]
 tl_i[52]
 tl_i[53]
 tl_i[54]
 tl_i[55]
 tl_i[56]
 tl_i[59]
 tl_i[5]
 tl_i[60]
 tl_i[61]
 tl_i[6]
 tl_i[7]
 tl_i[8]
 clkload0/X
 clkload1/Y
 clkload2/Y
 clkload3/Y
 rv_core_ibex_tlul_173/HI
 rv_core_ibex_tlul_174/HI
 rv_core_ibex_tlul_175/HI
 rv_core_ibex_tlul_176/HI
 rv_core_ibex_tlul_177/HI
 rv_core_ibex_tlul_178/HI
 rv_core_ibex_tlul_179/HI
 rv_core_ibex_tlul_180/HI
 rv_core_ibex_tlul_181/HI
 rv_core_ibex_tlul_182/HI
 rv_core_ibex_tlul_183/HI
 rv_core_ibex_tlul_184/HI
 rv_core_ibex_tlul_185/HI
 rv_core_ibex_tlul_186/HI
 rv_core_ibex_tlul_187/HI
 rv_core_ibex_tlul_188/HI
 rv_core_ibex_tlul_189/HI
 rv_core_ibex_tlul_190/HI
 rv_core_ibex_tlul_191/HI
 rv_core_ibex_tlul_192/HI
 rv_core_ibex_tlul_193/HI
 rv_core_ibex_tlul_194/HI
 rv_core_ibex_tlul_195/HI
 rv_core_ibex_tlul_196/HI
 rv_core_ibex_tlul_197/HI
 rv_core_ibex_tlul_198/HI
 rv_core_ibex_tlul_199/HI
 rv_core_ibex_tlul_200/HI
 rv_core_ibex_tlul_201/HI
 rv_core_ibex_tlul_202/HI
 rv_core_ibex_tlul_203/HI
 rv_core_ibex_tlul_204/HI
 rv_core_ibex_tlul_205/HI
 rv_core_ibex_tlul_206/HI
 rv_core_ibex_tlul_207/HI
 rv_core_ibex_tlul_208/HI
 rv_core_ibex_tlul_209/HI
 rv_core_ibex_tlul_210/HI
 rv_core_ibex_tlul_211/HI
 rv_core_ibex_tlul_212/HI
 rv_core_ibex_tlul_213/HI
 rv_core_ibex_tlul_214/HI
 rv_core_ibex_tlul_215/HI
 rv_core_ibex_tlul_216/HI
 rv_core_ibex_tlul_217/HI
 rv_core_ibex_tlul_218/HI
 rv_core_ibex_tlul_219/HI
 rv_core_ibex_tlul_220/HI
 rv_core_ibex_tlul_221/HI
 rv_core_ibex_tlul_222/HI
 rv_core_ibex_tlul_223/HI
 rv_core_ibex_tlul_224/HI
 rv_core_ibex_tlul_225/HI
 rv_core_ibex_tlul_226/HI
 rv_core_ibex_tlul_227/HI
 rv_core_ibex_tlul_228/HI
 rv_core_ibex_tlul_229/HI
 rv_core_ibex_tlul_230/HI
 rv_core_ibex_tlul_231/HI
 rv_core_ibex_tlul_232/HI
 rv_core_ibex_tlul_233/LO
 rv_core_ibex_tlul_234/LO
 rv_core_ibex_tlul_235/LO
 rv_core_ibex_tlul_236/LO
 rv_core_ibex_tlul_237/LO
 rv_core_ibex_tlul_238/LO
 rv_core_ibex_tlul_239/LO
 rv_core_ibex_tlul_240/LO
 rv_core_ibex_tlul_241/LO
 rv_core_ibex_tlul_242/LO
 rv_core_ibex_tlul_243/LO
 rv_core_ibex_tlul_244/LO
Found 0 partially unannotated drivers.

===========================================================================
max slew violation count 4
max fanout violation count 17
max cap violation count 0
============================================================================

===========================================================================
check_setup -verbose -unconstrained_endpoints -multiple_clock -no_clock -no_input_delay -loops -generated_clocks
===========================================================================
Warning: There are 72 unconstrained endpoints.
  tl_o[0]
  tl_o[100]
  tl_o[101]
  tl_o[102]
  tl_o[103]
  tl_o[104]
  tl_o[105]
  tl_o[106]
  tl_o[107]
  tl_o[108]
  tl_o[15]
  tl_o[16]
  tl_o[17]
  tl_o[18]
  tl_o[19]
  tl_o[1]
  tl_o[20]
  tl_o[21]
  tl_o[22]
  tl_o[23]
  tl_o[24]
  tl_o[25]
  tl_o[26]
  tl_o[27]
  tl_o[28]
  tl_o[29]
  tl_o[2]
  tl_o[30]
  tl_o[31]
  tl_o[32]
  tl_o[33]
  tl_o[34]
  tl_o[35]
  tl_o[36]
  tl_o[37]
  tl_o[38]
  tl_o[39]
  tl_o[3]
  tl_o[40]
  tl_o[41]
  tl_o[42]
  tl_o[43]
  tl_o[44]
  tl_o[45]
  tl_o[46]
  tl_o[47]
  tl_o[48]
  tl_o[49]
  tl_o[4]
  tl_o[50]
  tl_o[51]
  tl_o[52]
  tl_o[53]
  tl_o[54]
  tl_o[55]
  tl_o[56]
  tl_o[57]
  tl_o[58]
  tl_o[59]
  tl_o[5]
  tl_o[60]
  tl_o[61]
  tl_o[62]
  tl_o[6]
  tl_o[7]
  tl_o[93]
  tl_o[94]
  tl_o[95]
  tl_o[96]
  tl_o[97]
  tl_o[98]
  tl_o[99]
