Clock: clk_i
Sources: clk_i 
Generated: no
Virtual: yes
Propagated: no
Period: 25.000000

===========================================================================
report_clock_properties
============================================================================
Clock                   Period          Waveform
----------------------------------------------------
clk_i                25.000000    0.000000 12.500000

===========================================================================
report_clock_latency
============================================================================
Clock clk_i
rise -> rise
    min     max
0.000000 0.000000 source latency
1.030154         network latency _610_/GATE_N
        2.414220 network latency _562_/CLK
---------------
1.030154 2.414220 latency
        1.384067 skew

fall -> rise
    min     max
0.000000 0.000000 source latency
9.259971         network latency _576_/CLK
        9.295926 network latency _562_/CLK
---------------
9.259971 9.295926 latency
        0.035955 skew

fall -> fall
    min     max
0.000000 0.000000 source latency
0.861609         network latency _610_/GATE_N
        9.497269 network latency _562_/CLK
---------------
0.861609 9.497269 latency
        8.635659 skew



===========================================================================
report_clock_min_period
============================================================================
clk_i period_min = 23.29 fmax = 42.95
