
===========================================================================
 report_power
============================================================================
======================= nom_ss_100C_1v60 Corner ===================================

Group                    Internal    Switching      Leakage        Total
                            Power        Power        Power        Power (Watts)
------------------------------------------------------------------------
Sequential           8.133545e-05 1.792599e-06 1.033541e-06 8.416159e-05  21.4%
Combinational        1.242018e-04 6.760270e-05 4.598805e-06 1.964033e-04  50.0%
Clock                5.500375e-05 5.736396e-05 1.951647e-07 1.125629e-04  28.6%
Macro                0.000000e+00 0.000000e+00 0.000000e+00 0.000000e+00   0.0%
Pad                  0.000000e+00 0.000000e+00 0.000000e+00 0.000000e+00   0.0%
------------------------------------------------------------------------
Total                2.605410e-04 1.267592e-04 5.827479e-06 3.931277e-04 100.0%
                            66.3%        32.2%         1.5%

