┏━━━━━━━┳━━━━━━━━━┳━━━━━━━━━━┳━━━━━━━━━┳━━━━━━━━━━━━━━┳━━━━━━━┓
┃ P / R ┃ Partial ┃ Required ┃ Net     ┃ Pin          ┃ Layer ┃
┡━━━━━━━╇━━━━━━━━━╇━━━━━━━━━━╇━━━━━━━━━╇━━━━━━━━━━━━━━╇━━━━━━━┩
│ 3.75  │ 1498.38 │ 400.00   │ _01176_ │ fanout1018/A │ met3  │
│ 3.06  │ 1224.19 │ 400.00   │ net1730 │ hold1886/A   │ met3  │
│ 2.49  │ 996.13  │ 400.00   │ _02141_ │ _07567_/A0   │ met3  │
│ 2.41  │ 962.62  │ 400.00   │ net1346 │ fanout1341/A │ met3  │
│ 2.20  │ 879.37  │ 400.00   │ net4216 │ _06456_/C    │ met3  │
│ 2.12  │ 847.70  │ 400.00   │ net1297 │ fanout1295/A │ met3  │
│ 2.10  │ 841.33  │ 400.00   │ _02980_ │ _06762_/B    │ met3  │
│ 2.09  │ 837.04  │ 400.00   │ _02454_ │ _05986_/A2   │ met3  │
│ 1.97  │ 786.94  │ 400.00   │ _02313_ │ _05838_/A2   │ met3  │
│ 1.88  │ 751.13  │ 400.00   │ net35   │ _06066_/A1   │ met3  │
│ 1.87  │ 746.60  │ 400.00   │ _02333_ │ _05858_/C1   │ met3  │
│ 1.86  │ 743.76  │ 400.00   │ _02118_ │ _05561_/A2   │ met3  │
│ 1.77  │ 708.81  │ 400.00   │ net4273 │ fanout1765/A │ met3  │
│ 1.76  │ 703.16  │ 400.00   │ net1270 │ _05722_/B2   │ met3  │
│ 1.65  │ 660.44  │ 400.00   │ net1130 │ fanout1126/A │ met3  │
│ 1.56  │ 625.21  │ 400.00   │ net1731 │ _06521_/A1   │ met3  │
│ 1.52  │ 608.36  │ 400.00   │ net22   │ _05799_/A1   │ met3  │
│ 1.51  │ 605.21  │ 400.00   │ net1732 │ _06716_/B    │ met3  │
│ 1.50  │ 599.60  │ 400.00   │ _03548_ │ _07448_/B2   │ met3  │
│ 1.50  │ 599.18  │ 400.00   │ _03418_ │ _07292_/B2   │ met3  │
│ 1.46  │ 584.44  │ 400.00   │ _02451_ │ _05986_/B1   │ met3  │
│ 1.35  │ 541.74  │ 400.00   │ net2423 │ fanout2335/A │ met3  │
│ 1.33  │ 533.90  │ 400.00   │ net1657 │ fanout1656/A │ met3  │
│ 1.28  │ 513.07  │ 400.00   │ net27   │ _05726_/A1   │ met3  │
│ 1.25  │ 499.34  │ 400.00   │ net937  │ fanout935/A  │ met3  │
│ 1.22  │ 489.21  │ 400.00   │ net4470 │ _06167_/B1   │ met3  │
│ 1.19  │ 476.42  │ 400.00   │ net1702 │ fanout1700/A │ met3  │
│ 1.19  │ 476.42  │ 400.00   │ net1702 │ fanout1701/A │ met3  │
│ 1.13  │ 450.03  │ 400.00   │ net4279 │ _05620_/A    │ met3  │
│ 1.13  │ 450.03  │ 400.00   │ net4279 │ _07613_/B    │ met3  │
│ 1.12  │ 447.92  │ 400.00   │ net1725 │ fanout1724/A │ met3  │
│ 1.12  │ 446.16  │ 400.00   │ _03611_ │ _07527_/B1   │ met3  │
│ 1.10  │ 441.44  │ 400.00   │ _02445_ │ _05976_/A1   │ met3  │
│ 1.00  │ 400.45  │ 400.00   │ net746  │ fanout744/A  │ met3  │
└───────┴─────────┴──────────┴─────────┴──────────────┴───────┘
