
===========================================================================
report_checks -unconstrained
===========================================================================
======================= max_tt_025C_1v80 Corner ===================================

Startpoint: rst_ni (input port clocked by clk_i)
Endpoint: _7547_ (recovery check against rising-edge clock clk_i)
Path Group: asynchronous
Path Type: max

Fanout         Cap        Slew       Delay        Time   Description
---------------------------------------------------------------------------------------------
                                  0.000000    0.000000   clock clk_i (rise edge)
                                  0.000000    0.000000   clock network delay (propagated)
                                  5.000000    5.000000 ^ input external delay
     1    0.002759    0.019553    0.010214    5.010214 ^ rst_ni (in)
                                                         rst_ni (net)
                      0.019554    0.000000    5.010214 ^ input6/A (sky130_fd_sc_hd__buf_1)
     1    0.014960    0.181122    0.167053    5.177267 ^ input6/X (sky130_fd_sc_hd__buf_1)
                                                         net6 (net)
                      0.181144    0.001671    5.178938 ^ fanout1558/A (sky130_fd_sc_hd__buf_4)
     4    0.100492    0.279579    0.304915    5.483853 ^ fanout1558/X (sky130_fd_sc_hd__buf_4)
                                                         net1558 (net)
                      0.283217    0.025770    5.509624 ^ fanout1557/A (sky130_fd_sc_hd__clkbuf_2)
     4    0.060154    0.325194    0.367583    5.877206 ^ fanout1557/X (sky130_fd_sc_hd__clkbuf_2)
                                                         net1557 (net)
                      0.325447    0.007471    5.884678 ^ fanout1538/A (sky130_fd_sc_hd__dlymetal6s2s_1)
     3    0.032092    0.327117    0.349734    6.234412 ^ fanout1538/X (sky130_fd_sc_hd__dlymetal6s2s_1)
                                                         net1538 (net)
                      0.327142    0.002375    6.236787 ^ fanout1536/A (sky130_fd_sc_hd__buf_2)
     4    0.050945    0.249903    0.327955    6.564743 ^ fanout1536/X (sky130_fd_sc_hd__buf_2)
                                                         net1536 (net)
                      0.249979    0.003657    6.568400 ^ fanout1528/A (sky130_fd_sc_hd__buf_2)
     6    0.075907    0.366233    0.394522    6.962922 ^ fanout1528/X (sky130_fd_sc_hd__buf_2)
                                                         net1528 (net)
                      0.366318    0.004696    6.967618 ^ fanout1527/A (sky130_fd_sc_hd__buf_1)
     3    0.039622    0.461221    0.420168    7.387786 ^ fanout1527/X (sky130_fd_sc_hd__buf_1)
                                                         net1527 (net)
                      0.461246    0.002862    7.390648 ^ fanout1524/A (sky130_fd_sc_hd__clkbuf_2)
     6    0.043905    0.240350    0.338142    7.728790 ^ fanout1524/X (sky130_fd_sc_hd__clkbuf_2)
                                                         net1524 (net)
                      0.240360    0.001876    7.730666 ^ fanout1523/A (sky130_fd_sc_hd__clkbuf_2)
     6    0.048819    0.266122    0.313911    8.044577 ^ fanout1523/X (sky130_fd_sc_hd__clkbuf_2)
                                                         net1523 (net)
                      0.266553    0.008781    8.053357 ^ _7547_/RESET_B (sky130_fd_sc_hd__dfrtp_1)
                                              8.053357   data arrival time

                                 25.000000   25.000000   clock clk_i (rise edge)
                                  0.000000   25.000000   clock source latency
     2    0.093358    0.422882    0.295124   25.295124 ^ clk_i (in)
                                                         clk_i (net)
                      0.423045    0.000000   25.295124 ^ clkbuf_0_clk_i/A (sky130_fd_sc_hd__clkbuf_16)
     8    0.186021    0.199341    0.342993   25.638117 ^ clkbuf_0_clk_i/X (sky130_fd_sc_hd__clkbuf_16)
                                                         clknet_0_clk_i (net)
                      0.200189    0.010539   25.648655 ^ clkbuf_3_1_0_clk_i/A (sky130_fd_sc_hd__clkbuf_8)
     2    0.041754    0.086062    0.210589   25.859245 ^ clkbuf_3_1_0_clk_i/X (sky130_fd_sc_hd__clkbuf_8)
                                                         clknet_3_1_0_clk_i (net)
                      0.086203    0.003059   25.862303 ^ clkbuf_4_3__f_clk_i/A (sky130_fd_sc_hd__clkbuf_16)
     9    0.088686    0.105659    0.190244   26.052547 ^ clkbuf_4_3__f_clk_i/X (sky130_fd_sc_hd__clkbuf_16)
                                                         clknet_4_3__leaf_clk_i (net)
                      0.106410    0.007130   26.059677 ^ clkbuf_leaf_65_clk_i/A (sky130_fd_sc_hd__clkbuf_8)
     5    0.033813    0.072379    0.170976   26.230654 ^ clkbuf_leaf_65_clk_i/X (sky130_fd_sc_hd__clkbuf_8)
                                                         clknet_leaf_65_clk_i (net)
                      0.072393    0.001137   26.231791 ^ _7547_/CLK (sky130_fd_sc_hd__dfrtp_1)
                                 -0.250000   25.981792   clock uncertainty
                                  0.000000   25.981792   clock reconvergence pessimism
                                  0.181619   26.163410   library recovery time
                                             26.163410   data required time
---------------------------------------------------------------------------------------------
                                             26.163410   data required time
                                             -8.053357   data arrival time
---------------------------------------------------------------------------------------------
                                             18.110052   slack (MET)


Startpoint: _8093_ (rising edge-triggered flip-flop clocked by clk_i)
Endpoint: _7958_ (rising edge-triggered flip-flop clocked by clk_i)
Path Group: clk_i
Path Type: max

Fanout         Cap        Slew       Delay        Time   Description
---------------------------------------------------------------------------------------------
                                  0.000000    0.000000   clock clk_i (rise edge)
                                  0.000000    0.000000   clock source latency
     2    0.093358    0.422882    0.295124    0.295124 ^ clk_i (in)
                                                         clk_i (net)
                      0.423045    0.000000    0.295124 ^ clkbuf_0_clk_i/A (sky130_fd_sc_hd__clkbuf_16)
     8    0.186021    0.199341    0.342994    0.638118 ^ clkbuf_0_clk_i/X (sky130_fd_sc_hd__clkbuf_16)
                                                         clknet_0_clk_i (net)
                      0.200272    0.011021    0.649139 ^ clkbuf_3_4_0_clk_i/A (sky130_fd_sc_hd__clkbuf_8)
     2    0.038023    0.080242    0.205966    0.855105 ^ clkbuf_3_4_0_clk_i/X (sky130_fd_sc_hd__clkbuf_8)
                                                         clknet_3_4_0_clk_i (net)
                      0.080570    0.003720    0.858825 ^ clkbuf_4_9__f_clk_i/A (sky130_fd_sc_hd__clkbuf_16)
    11    0.111746    0.125420    0.203011    1.061836 ^ clkbuf_4_9__f_clk_i/X (sky130_fd_sc_hd__clkbuf_16)
                                                         clknet_4_9__leaf_clk_i (net)
                      0.126400    0.008819    1.070655 ^ clkbuf_leaf_97_clk_i/A (sky130_fd_sc_hd__clkbuf_8)
     9    0.048336    0.095499    0.195262    1.265917 ^ clkbuf_leaf_97_clk_i/X (sky130_fd_sc_hd__clkbuf_8)
                                                         clknet_leaf_97_clk_i (net)
                      0.095551    0.002115    1.268032 ^ _8093_/CLK (sky130_fd_sc_hd__dfrtp_1)
     1    0.002706    0.044428    0.331994    1.600026 ^ _8093_/Q (sky130_fd_sc_hd__dfrtp_1)
                                                         uart_core.uart_rx.sreg_q[6] (net)
                      0.044428    0.000109    1.600135 ^ hold5603/A (sky130_fd_sc_hd__dlygate4sd3_1)
     1    0.003941    0.063116    0.544378    2.144513 ^ hold5603/X (sky130_fd_sc_hd__dlygate4sd3_1)
                                                         net7310 (net)
                      0.063116    0.000287    2.144800 ^ hold1576/A (sky130_fd_sc_hd__dlygate4sd3_1)
     2    0.011616    0.130776    0.606513    2.751313 ^ hold1576/X (sky130_fd_sc_hd__dlygate4sd3_1)
                                                         net3283 (net)
                      0.130776    0.000530    2.751843 ^ hold5604/A (sky130_fd_sc_hd__dlygate4sd3_1)
     2    0.021183    0.219462    0.690412    3.442255 ^ hold5604/X (sky130_fd_sc_hd__dlygate4sd3_1)
                                                         net7311 (net)
                      0.219474    0.001824    3.444079 ^ fanout1128/A (sky130_fd_sc_hd__clkbuf_2)
     6    0.050943    0.277331    0.314540    3.758619 ^ fanout1128/X (sky130_fd_sc_hd__clkbuf_2)
                                                         net1128 (net)
                      0.278077    0.011750    3.770370 ^ _5477_/B (sky130_fd_sc_hd__nand2_1)
     1    0.003958    0.066988    0.100854    3.871224 v _5477_/Y (sky130_fd_sc_hd__nand2_1)
                                                         _2704_ (net)
                      0.066989    0.000290    3.871514 v hold2367/A (sky130_fd_sc_hd__dlygate4sd3_1)
     2    0.010529    0.088972    0.606091    4.477605 v hold2367/X (sky130_fd_sc_hd__dlygate4sd3_1)
                                                         net4074 (net)
                      0.088972    0.000653    4.478258 v _5479_/D (sky130_fd_sc_hd__nand4_1)
     1    0.006841    0.107464    0.129218    4.607476 ^ _5479_/Y (sky130_fd_sc_hd__nand4_1)
                                                         _2706_ (net)
                      0.107473    0.000612    4.608088 ^ hold2368/A (sky130_fd_sc_hd__dlygate4sd3_1)
     1    0.007782    0.096683    0.592314    5.200402 ^ hold2368/X (sky130_fd_sc_hd__dlygate4sd3_1)
                                                         net4075 (net)
                      0.096800    0.000518    5.200920 ^ _5480_/B (sky130_fd_sc_hd__nand2b_1)
     1    0.009599    0.084317    0.101583    5.302504 v _5480_/Y (sky130_fd_sc_hd__nand2b_1)
                                                         _2707_ (net)
                      0.084322    0.000775    5.303278 v hold2369/A (sky130_fd_sc_hd__dlygate4sd3_1)
     1    0.006728    0.072687    0.592315    5.895594 v hold2369/X (sky130_fd_sc_hd__dlygate4sd3_1)
                                                         net4076 (net)
                      0.072687    0.000510    5.896103 v _5492_/A (sky130_fd_sc_hd__xnor2_1)
     1    0.006411    0.069151    0.152366    6.048469 v _5492_/Y (sky130_fd_sc_hd__xnor2_1)
                                                         _2719_ (net)
                      0.069154    0.000491    6.048960 v hold2370/A (sky130_fd_sc_hd__dlygate4sd3_1)
     2    0.028939    0.166651    0.685592    6.734552 v hold2370/X (sky130_fd_sc_hd__dlygate4sd3_1)
                                                         net4077 (net)
                      0.166744    0.003629    6.738181 v _5493_/A (sky130_fd_sc_hd__nand3_1)
     1    0.014987    0.180381    0.196711    6.934892 ^ _5493_/Y (sky130_fd_sc_hd__nand3_1)
                                                         _2720_ (net)
                      0.180471    0.001615    6.936506 ^ hold2371/A (sky130_fd_sc_hd__dlygate4sd3_1)
     3    0.020219    0.210504    0.694471    7.630977 ^ hold2371/X (sky130_fd_sc_hd__dlygate4sd3_1)
                                                         net4078 (net)
                      0.210509    0.001332    7.632309 ^ _6071_/A (sky130_fd_sc_hd__and4_1)
     1    0.038810    0.371570    0.452796    8.085105 ^ _6071_/X (sky130_fd_sc_hd__and4_1)
                                                         _3238_ (net)
                      0.371598    0.003415    8.088520 ^ fanout485/A (sky130_fd_sc_hd__buf_2)
     6    0.070231    0.339505    0.399099    8.487618 ^ fanout485/X (sky130_fd_sc_hd__buf_2)
                                                         net485 (net)
                      0.339578    0.004171    8.491790 ^ fanout484/A (sky130_fd_sc_hd__buf_1)
     3    0.039106    0.455602    0.413507    8.905296 ^ fanout484/X (sky130_fd_sc_hd__buf_1)
                                                         net484 (net)
                      0.455700    0.005579    8.910875 ^ fanout483/A (sky130_fd_sc_hd__clkbuf_2)
     6    0.058863    0.317541    0.389049    9.299924 ^ fanout483/X (sky130_fd_sc_hd__clkbuf_2)
                                                         net483 (net)
                      0.317656    0.005026    9.304950 ^ fanout482/A (sky130_fd_sc_hd__clkbuf_2)
     6    0.045083    0.246565    0.317597    9.622546 ^ fanout482/X (sky130_fd_sc_hd__clkbuf_2)
                                                         net482 (net)
                      0.246880    0.007234    9.629781 ^ fanout481/A (sky130_fd_sc_hd__clkbuf_2)
     6    0.035860    0.197911    0.270804    9.900584 ^ fanout481/X (sky130_fd_sc_hd__clkbuf_2)
                                                         net481 (net)
                      0.198113    0.005187    9.905771 ^ _6487_/B1 (sky130_fd_sc_hd__o21a_1)
     1    0.022899    0.222446    0.280417   10.186189 ^ _6487_/X (sky130_fd_sc_hd__o21a_1)
                                                         _3390_ (net)
                      0.222460    0.001934   10.188124 ^ fanout373/A (sky130_fd_sc_hd__clkbuf_2)
     5    0.078684    0.421046    0.416916   10.605040 ^ fanout373/X (sky130_fd_sc_hd__clkbuf_2)
                                                         net373 (net)
                      0.421310    0.008742   10.613782 ^ fanout352/A (sky130_fd_sc_hd__buf_1)
     3    0.030947    0.362715    0.356041   10.969823 ^ fanout352/X (sky130_fd_sc_hd__buf_1)
                                                         net352 (net)
                      0.362746    0.002808   10.972631 ^ fanout337/A (sky130_fd_sc_hd__buf_1)
     3    0.022270    0.264207    0.283684   11.256315 ^ fanout337/X (sky130_fd_sc_hd__buf_1)
                                                         net337 (net)
                      0.264222    0.001676   11.257991 ^ fanout336/A (sky130_fd_sc_hd__clkbuf_2)
     6    0.039296    0.215809    0.289131   11.547123 ^ fanout336/X (sky130_fd_sc_hd__clkbuf_2)
                                                         net336 (net)
                      0.215951    0.003235   11.550358 ^ fanout335/A (sky130_fd_sc_hd__dlymetal6s2s_1)
     4    0.037260    0.374539    0.364958   11.915316 ^ fanout335/X (sky130_fd_sc_hd__dlymetal6s2s_1)
                                                         net335 (net)
                      0.374573    0.002976   11.918292 ^ _6642_/C (sky130_fd_sc_hd__and3_1)
     3    0.031931    0.316456    0.405487   12.323779 ^ _6642_/X (sky130_fd_sc_hd__and3_1)
                                                         _3409_ (net)
                      0.316533    0.004764   12.328543 ^ fanout250/A (sky130_fd_sc_hd__buf_2)
     6    0.050285    0.245467    0.325342   12.653885 ^ fanout250/X (sky130_fd_sc_hd__buf_2)
                                                         net250 (net)
                      0.245729    0.005467   12.659351 ^ _6643_/S (sky130_fd_sc_hd__mux2_1)
     1    0.013271    0.102785    0.410957   13.070308 v _6643_/X (sky130_fd_sc_hd__mux2_1)
                                                         _0604_ (net)
                      0.102795    0.001084   13.071391 v hold4871/A (sky130_fd_sc_hd__dlygate4sd3_1)
     1    0.010025    0.087345    0.619818   13.691210 v hold4871/X (sky130_fd_sc_hd__dlygate4sd3_1)
                                                         net6578 (net)
                      0.087345    0.000713   13.691922 v hold1167/A (sky130_fd_sc_hd__dlygate4sd3_1)
     1    0.004007    0.058995    0.576176   14.268099 v hold1167/X (sky130_fd_sc_hd__dlygate4sd3_1)
                                                         net2874 (net)
                      0.058995    0.000281   14.268380 v hold4872/A (sky130_fd_sc_hd__dlygate4sd3_1)
     1    0.008051    0.078905    0.589445   14.857824 v hold4872/X (sky130_fd_sc_hd__dlygate4sd3_1)
                                                         net6579 (net)
                      0.078905    0.000656   14.858481 v _7958_/D (sky130_fd_sc_hd__dfxtp_1)
                                             14.858481   data arrival time

                                 25.000000   25.000000   clock clk_i (rise edge)
                                  0.000000   25.000000   clock source latency
     2    0.093358    0.422882    0.295124   25.295124 ^ clk_i (in)
                                                         clk_i (net)
                      0.423045    0.000000   25.295124 ^ clkbuf_0_clk_i/A (sky130_fd_sc_hd__clkbuf_16)
     8    0.186021    0.199341    0.342993   25.638117 ^ clkbuf_0_clk_i/X (sky130_fd_sc_hd__clkbuf_16)
                                                         clknet_0_clk_i (net)
                      0.200280    0.011068   25.649185 ^ clkbuf_3_0_0_clk_i/A (sky130_fd_sc_hd__clkbuf_8)
     2    0.039815    0.083028    0.208255   25.857439 ^ clkbuf_3_0_0_clk_i/X (sky130_fd_sc_hd__clkbuf_8)
                                                         clknet_3_0_0_clk_i (net)
                      0.083241    0.003604   25.861044 ^ clkbuf_4_1__f_clk_i/A (sky130_fd_sc_hd__clkbuf_16)
     9    0.091368    0.108215    0.190910   26.051954 ^ clkbuf_4_1__f_clk_i/X (sky130_fd_sc_hd__clkbuf_16)
                                                         clknet_4_1__leaf_clk_i (net)
                      0.108410    0.003768   26.055721 ^ clkbuf_leaf_26_clk_i/A (sky130_fd_sc_hd__clkbuf_8)
     8    0.034307    0.072961    0.172586   26.228308 ^ clkbuf_leaf_26_clk_i/X (sky130_fd_sc_hd__clkbuf_8)
                                                         clknet_leaf_26_clk_i (net)
                      0.072973    0.000970   26.229277 ^ _7958_/CLK (sky130_fd_sc_hd__dfxtp_1)
                                 -0.250000   25.979279   clock uncertainty
                                  0.000000   25.979279   clock reconvergence pessimism
                                 -0.118859   25.860418   library setup time
                                             25.860418   data required time
---------------------------------------------------------------------------------------------
                                             25.860418   data required time
                                            -14.858481   data arrival time
---------------------------------------------------------------------------------------------
                                             11.001938   slack (MET)




===========================================================================
report_checks --slack_max -0.01
============================================================================
======================= max_tt_025C_1v80 Corner ===================================

No paths found.


===========================================================================
 report_check_types -max_slew -max_cap -max_fanout -violators
============================================================================
======================= max_tt_025C_1v80 Corner ===================================

max slew

Pin                                        Limit        Slew       Slack
------------------------------------------------------------------------
_6234_/A                                1.000000    1.051312   -0.051312 (VIOLATED)
_6090_/A                                1.000000    1.051296   -0.051296 (VIOLATED)
_6089_/A                                1.000000    1.051224   -0.051224 (VIOLATED)
_6487_/A1                               1.000000    1.051090   -0.051090 (VIOLATED)
_6902_/A1                               1.000000    1.050972   -0.050972 (VIOLATED)
_6488_/A1                               1.000000    1.050453   -0.050453 (VIOLATED)
_6070_/Y                                1.000000    1.050429   -0.050429 (VIOLATED)

max fanout

Pin                                   Limit Fanout  Slack
---------------------------------------------------------
clkbuf_leaf_19_clk_i/X                    6     14     -8 (VIOLATED)
clkbuf_leaf_21_clk_i/X                    6     14     -8 (VIOLATED)
clkbuf_leaf_28_clk_i/X                    6     14     -8 (VIOLATED)
clkbuf_leaf_59_clk_i/X                    6     14     -8 (VIOLATED)
clkbuf_4_10__f_clk_i/X                    6     13     -7 (VIOLATED)
clkbuf_leaf_107_clk_i/X                   6     13     -7 (VIOLATED)
clkbuf_leaf_127_clk_i/X                   6     13     -7 (VIOLATED)
clkbuf_leaf_133_clk_i/X                   6     13     -7 (VIOLATED)
clkbuf_leaf_30_clk_i/X                    6     13     -7 (VIOLATED)
clkbuf_4_4__f_clk_i/X                     6     12     -6 (VIOLATED)
clkbuf_4_5__f_clk_i/X                     6     12     -6 (VIOLATED)
clkbuf_leaf_118_clk_i/X                   6     12     -6 (VIOLATED)
clkbuf_leaf_121_clk_i/X                   6     12     -6 (VIOLATED)
clkbuf_leaf_130_clk_i/X                   6     12     -6 (VIOLATED)
clkbuf_leaf_147_clk_i/X                   6     12     -6 (VIOLATED)
clkbuf_leaf_27_clk_i/X                    6     12     -6 (VIOLATED)
clkbuf_leaf_29_clk_i/X                    6     12     -6 (VIOLATED)
clkbuf_leaf_2_clk_i/X                     6     12     -6 (VIOLATED)
fanout666/X                               6     12     -6 (VIOLATED)
clkbuf_4_15__f_clk_i/X                    6     11     -5 (VIOLATED)
clkbuf_4_9__f_clk_i/X                     6     11     -5 (VIOLATED)
clkbuf_leaf_104_clk_i/X                   6     11     -5 (VIOLATED)
clkbuf_leaf_110_clk_i/X                   6     11     -5 (VIOLATED)
clkbuf_leaf_122_clk_i/X                   6     11     -5 (VIOLATED)
clkbuf_leaf_129_clk_i/X                   6     11     -5 (VIOLATED)
clkbuf_leaf_142_clk_i/X                   6     11     -5 (VIOLATED)
clkbuf_leaf_1_clk_i/X                     6     11     -5 (VIOLATED)
clkbuf_leaf_38_clk_i/X                    6     11     -5 (VIOLATED)
clkbuf_leaf_45_clk_i/X                    6     11     -5 (VIOLATED)
clkbuf_leaf_5_clk_i/X                     6     11     -5 (VIOLATED)
clkbuf_leaf_66_clk_i/X                    6     11     -5 (VIOLATED)
clkbuf_leaf_6_clk_i/X                     6     11     -5 (VIOLATED)
clkbuf_leaf_86_clk_i/X                    6     11     -5 (VIOLATED)
clkbuf_4_14__f_clk_i/X                    6     10     -4 (VIOLATED)
clkbuf_4_6__f_clk_i/X                     6     10     -4 (VIOLATED)
clkbuf_leaf_109_clk_i/X                   6     10     -4 (VIOLATED)
clkbuf_leaf_10_clk_i/X                    6     10     -4 (VIOLATED)
clkbuf_leaf_111_clk_i/X                   6     10     -4 (VIOLATED)
clkbuf_leaf_114_clk_i/X                   6     10     -4 (VIOLATED)
clkbuf_leaf_11_clk_i/X                    6     10     -4 (VIOLATED)
clkbuf_leaf_128_clk_i/X                   6     10     -4 (VIOLATED)
clkbuf_leaf_12_clk_i/X                    6     10     -4 (VIOLATED)
clkbuf_leaf_135_clk_i/X                   6     10     -4 (VIOLATED)
clkbuf_leaf_136_clk_i/X                   6     10     -4 (VIOLATED)
clkbuf_leaf_138_clk_i/X                   6     10     -4 (VIOLATED)
clkbuf_leaf_139_clk_i/X                   6     10     -4 (VIOLATED)
clkbuf_leaf_13_clk_i/X                    6     10     -4 (VIOLATED)
clkbuf_leaf_14_clk_i/X                    6     10     -4 (VIOLATED)
clkbuf_leaf_35_clk_i/X                    6     10     -4 (VIOLATED)
clkbuf_leaf_37_clk_i/X                    6     10     -4 (VIOLATED)
clkbuf_leaf_41_clk_i/X                    6     10     -4 (VIOLATED)
clkbuf_leaf_43_clk_i/X                    6     10     -4 (VIOLATED)
clkbuf_leaf_48_clk_i/X                    6     10     -4 (VIOLATED)
clkbuf_leaf_56_clk_i/X                    6     10     -4 (VIOLATED)
clkbuf_leaf_57_clk_i/X                    6     10     -4 (VIOLATED)
clkbuf_leaf_62_clk_i/X                    6     10     -4 (VIOLATED)
clkbuf_leaf_63_clk_i/X                    6     10     -4 (VIOLATED)
clkbuf_leaf_8_clk_i/X                     6     10     -4 (VIOLATED)
clkbuf_leaf_98_clk_i/X                    6     10     -4 (VIOLATED)
hold2207/X                                6     10     -4 (VIOLATED)
clkbuf_4_0__f_clk_i/X                     6      9     -3 (VIOLATED)
clkbuf_4_11__f_clk_i/X                    6      9     -3 (VIOLATED)
clkbuf_4_13__f_clk_i/X                    6      9     -3 (VIOLATED)
clkbuf_4_1__f_clk_i/X                     6      9     -3 (VIOLATED)
clkbuf_4_3__f_clk_i/X                     6      9     -3 (VIOLATED)
clkbuf_4_8__f_clk_i/X                     6      9     -3 (VIOLATED)
clkbuf_leaf_102_clk_i/X                   6      9     -3 (VIOLATED)
clkbuf_leaf_115_clk_i/X                   6      9     -3 (VIOLATED)
clkbuf_leaf_116_clk_i/X                   6      9     -3 (VIOLATED)
clkbuf_leaf_120_clk_i/X                   6      9     -3 (VIOLATED)
clkbuf_leaf_123_clk_i/X                   6      9     -3 (VIOLATED)
clkbuf_leaf_140_clk_i/X                   6      9     -3 (VIOLATED)
clkbuf_leaf_15_clk_i/X                    6      9     -3 (VIOLATED)
clkbuf_leaf_24_clk_i/X                    6      9     -3 (VIOLATED)
clkbuf_leaf_34_clk_i/X                    6      9     -3 (VIOLATED)
clkbuf_leaf_36_clk_i/X                    6      9     -3 (VIOLATED)
clkbuf_leaf_3_clk_i/X                     6      9     -3 (VIOLATED)
clkbuf_leaf_40_clk_i/X                    6      9     -3 (VIOLATED)
clkbuf_leaf_46_clk_i/X                    6      9     -3 (VIOLATED)
clkbuf_leaf_47_clk_i/X                    6      9     -3 (VIOLATED)
clkbuf_leaf_58_clk_i/X                    6      9     -3 (VIOLATED)
clkbuf_leaf_61_clk_i/X                    6      9     -3 (VIOLATED)
clkbuf_leaf_69_clk_i/X                    6      9     -3 (VIOLATED)
clkbuf_leaf_75_clk_i/X                    6      9     -3 (VIOLATED)
clkbuf_leaf_76_clk_i/X                    6      9     -3 (VIOLATED)
clkbuf_leaf_78_clk_i/X                    6      9     -3 (VIOLATED)
clkbuf_leaf_87_clk_i/X                    6      9     -3 (VIOLATED)
clkbuf_leaf_91_clk_i/X                    6      9     -3 (VIOLATED)
clkbuf_leaf_94_clk_i/X                    6      9     -3 (VIOLATED)
clkbuf_leaf_97_clk_i/X                    6      9     -3 (VIOLATED)
clkbuf_leaf_9_clk_i/X                     6      9     -3 (VIOLATED)
fanout659/X                               6      9     -3 (VIOLATED)
fanout871/X                               6      9     -3 (VIOLATED)
fanout904/X                               6      9     -3 (VIOLATED)
_6094_/X                                  6      8     -2 (VIOLATED)
_6212_/X                                  6      8     -2 (VIOLATED)
clkbuf_0_clk_i/X                          6      8     -2 (VIOLATED)
clkbuf_4_12__f_clk_i/X                    6      8     -2 (VIOLATED)
clkbuf_4_7__f_clk_i/X                     6      8     -2 (VIOLATED)
clkbuf_leaf_105_clk_i/X                   6      8     -2 (VIOLATED)
clkbuf_leaf_117_clk_i/X                   6      8     -2 (VIOLATED)
clkbuf_leaf_137_clk_i/X                   6      8     -2 (VIOLATED)
clkbuf_leaf_143_clk_i/X                   6      8     -2 (VIOLATED)
clkbuf_leaf_16_clk_i/X                    6      8     -2 (VIOLATED)
clkbuf_leaf_26_clk_i/X                    6      8     -2 (VIOLATED)
clkbuf_leaf_53_clk_i/X                    6      8     -2 (VIOLATED)
clkbuf_leaf_54_clk_i/X                    6      8     -2 (VIOLATED)
clkbuf_leaf_55_clk_i/X                    6      8     -2 (VIOLATED)
clkbuf_leaf_60_clk_i/X                    6      8     -2 (VIOLATED)
clkbuf_leaf_64_clk_i/X                    6      8     -2 (VIOLATED)
clkbuf_leaf_68_clk_i/X                    6      8     -2 (VIOLATED)
clkbuf_leaf_73_clk_i/X                    6      8     -2 (VIOLATED)
clkbuf_leaf_7_clk_i/X                     6      8     -2 (VIOLATED)
clkbuf_leaf_84_clk_i/X                    6      8     -2 (VIOLATED)
clkbuf_leaf_88_clk_i/X                    6      8     -2 (VIOLATED)
clkbuf_leaf_92_clk_i/X                    6      8     -2 (VIOLATED)
clkbuf_leaf_93_clk_i/X                    6      8     -2 (VIOLATED)
clkbuf_leaf_95_clk_i/X                    6      8     -2 (VIOLATED)
clkbuf_leaf_96_clk_i/X                    6      8     -2 (VIOLATED)
fanout1149/X                              6      8     -2 (VIOLATED)
fanout1313/X                              6      8     -2 (VIOLATED)
fanout1367/X                              6      8     -2 (VIOLATED)
fanout654/X                               6      8     -2 (VIOLATED)
_3766_/X                                  6      7        (VIOLATED)
_6192_/X                                  6      7        (VIOLATED)
_6215_/Y                                  6      7        (VIOLATED)
clkbuf_4_2__f_clk_i/X                     6      7        (VIOLATED)
clkbuf_leaf_0_clk_i/X                     6      7        (VIOLATED)
clkbuf_leaf_106_clk_i/X                   6      7        (VIOLATED)
clkbuf_leaf_112_clk_i/X                   6      7        (VIOLATED)
clkbuf_leaf_113_clk_i/X                   6      7        (VIOLATED)
clkbuf_leaf_126_clk_i/X                   6      7        (VIOLATED)
clkbuf_leaf_132_clk_i/X                   6      7        (VIOLATED)
clkbuf_leaf_134_clk_i/X                   6      7        (VIOLATED)
clkbuf_leaf_141_clk_i/X                   6      7        (VIOLATED)
clkbuf_leaf_145_clk_i/X                   6      7        (VIOLATED)
clkbuf_leaf_42_clk_i/X                    6      7        (VIOLATED)
clkbuf_leaf_99_clk_i/X                    6      7        (VIOLATED)
fanout1056/X                              6      7        (VIOLATED)
fanout1108/X                              6      7        (VIOLATED)
fanout1148/X                              6      7        (VIOLATED)
fanout1161/X                              6      7        (VIOLATED)
fanout1176/X                              6      7        (VIOLATED)
fanout1185/X                              6      7        (VIOLATED)
fanout1300/X                              6      7        (VIOLATED)
fanout1347/X                              6      7        (VIOLATED)
fanout1352/X                              6      7        (VIOLATED)
fanout1614/X                              6      7        (VIOLATED)
fanout1635/X                              6      7        (VIOLATED)
fanout475/X                               6      7        (VIOLATED)
fanout656/X                               6      7        (VIOLATED)
fanout678/X                               6      7        (VIOLATED)
fanout695/X                               6      7        (VIOLATED)
fanout698/X                               6      7        (VIOLATED)
fanout789/X                               6      7        (VIOLATED)
fanout865/X                               6      7        (VIOLATED)
fanout884/X                               6      7        (VIOLATED)
fanout899/X                               6      7        (VIOLATED)
fanout902/X                               6      7        (VIOLATED)
fanout922/X                               6      7        (VIOLATED)
fanout927/X                               6      7        (VIOLATED)
fanout946/X                               6      7        (VIOLATED)
hold2327/X                                6      7        (VIOLATED)
input63/X                                 6      7        (VIOLATED)



===========================================================================
report_parasitic_annotation -report_unannotated
============================================================================
Found 210 unannotated drivers.
 racl_policies_i[0]
 racl_policies_i[1]
 racl_policies_i[2]
 racl_policies_i[3]
 racl_policies_i[4]
 racl_policies_i[5]
 racl_policies_i[6]
 racl_policies_i[7]
 tl_i[103]
 tl_i[104]
 tl_i[105]
 tl_i[19]
 tl_i[20]
 tl_i[21]
 tl_i[22]
 tl_i[23]
 tl_i[24]
 _7556__1651/HI
 clkload0/X
 clkload1/Y
 clkload10/Y
 clkload100/X
 clkload101/X
 clkload102/X
 clkload103/Y
 clkload104/Y
 clkload105/X
 clkload106/Y
 clkload107/X
 clkload108/Y
 clkload109/Y
 clkload11/X
 clkload110/Y
 clkload111/Y
 clkload112/Y
 clkload113/X
 clkload114/X
 clkload115/Y
 clkload116/Y
 clkload117/X
 clkload118/Y
 clkload119/X
 clkload12/Y
 clkload120/Y
 clkload121/Y
 clkload122/Y
 clkload123/Y
 clkload124/Y
 clkload125/Y
 clkload126/Y
 clkload127/Y
 clkload128/Y
 clkload129/Y
 clkload13/Y
 clkload130/X
 clkload131/X
 clkload132/Y
 clkload133/Y
 clkload134/Y
 clkload135/X
 clkload14/Y
 clkload15/Y
 clkload16/X
 clkload17/Y
 clkload18/Y
 clkload19/Y
 clkload2/X
 clkload20/Y
 clkload21/Y
 clkload22/X
 clkload23/X
 clkload24/X
 clkload25/Y
 clkload26/Y
 clkload27/Y
 clkload28/X
 clkload29/X
 clkload3/Y
 clkload30/Y
 clkload31/Y
 clkload32/Y
 clkload33/X
 clkload34/Y
 clkload35/Y
 clkload36/Y
 clkload37/X
 clkload38/Y
 clkload39/X
 clkload4/Y
 clkload40/Y
 clkload41/Y
 clkload42/Y
 clkload43/Y
 clkload44/Y
 clkload45/Y
 clkload46/Y
 clkload47/X
 clkload48/Y
 clkload49/Y
 clkload5/Y
 clkload50/X
 clkload51/Y
 clkload52/X
 clkload53/Y
 clkload54/Y
 clkload55/Y
 clkload56/Y
 clkload57/Y
 clkload58/Y
 clkload59/Y
 clkload6/Y
 clkload60/Y
 clkload61/Y
 clkload62/Y
 clkload63/Y
 clkload64/Y
 clkload65/X
 clkload66/Y
 clkload67/Y
 clkload68/Y
 clkload69/Y
 clkload7/Y
 clkload70/X
 clkload71/Y
 clkload72/X
 clkload73/Y
 clkload74/Y
 clkload75/Y
 clkload76/Y
 clkload77/Y
 clkload78/Y
 clkload79/Y
 clkload8/Y
 clkload80/Y
 clkload81/X
 clkload82/Y
 clkload83/X
 clkload84/X
 clkload85/Y
 clkload86/Y
 clkload87/Y
 clkload88/Y
 clkload89/Y
 clkload9/X
 clkload90/Y
 clkload91/Y
 clkload92/X
 clkload93/X
 clkload94/Y
 clkload95/Y
 clkload96/Y
 clkload97/Y
 clkload98/Y
 clkload99/Y
 uart_1652/HI
 uart_1653/HI
 uart_1654/HI
 uart_1655/HI
 uart_1656/HI
 uart_1657/HI
 uart_1658/HI
 uart_1659/HI
 uart_1660/HI
 uart_1661/HI
 uart_1662/HI
 uart_1663/HI
 uart_1664/HI
 uart_1665/HI
 uart_1666/HI
 uart_1667/HI
 uart_1668/HI
 uart_1669/HI
 uart_1670/HI
 uart_1671/HI
 uart_1672/HI
 uart_1673/HI
 uart_1674/HI
 uart_1675/HI
 uart_1676/HI
 uart_1677/HI
 uart_1678/HI
 uart_1679/HI
 uart_1680/HI
 uart_1681/HI
 uart_1682/HI
 uart_1683/HI
 uart_1684/HI
 uart_1685/HI
 uart_1686/HI
 uart_1687/HI
 uart_1688/HI
 uart_1689/HI
 uart_1690/HI
 uart_1691/HI
 uart_1692/HI
 uart_1693/HI
 uart_1694/HI
 uart_1695/HI
 uart_1696/HI
 uart_1697/HI
 uart_1698/HI
 uart_1699/HI
 uart_1700/HI
 uart_1701/HI
 uart_1702/HI
 uart_1703/HI
 uart_1704/HI
 uart_1705/HI
 uart_1706/HI
 uart_1707/LO
Found 0 partially unannotated drivers.

===========================================================================
max slew violation count 7
max fanout violation count 164
max cap violation count 0
============================================================================

===========================================================================
check_setup -verbose -unconstrained_endpoints -multiple_clock -no_clock -no_input_delay -loops -generated_clocks
===========================================================================
Warning: There are 57 unconstrained endpoints.
  cio_tx_en_o
  racl_error_o[0]
  racl_error_o[10]
  racl_error_o[11]
  racl_error_o[12]
  racl_error_o[13]
  racl_error_o[14]
  racl_error_o[15]
  racl_error_o[16]
  racl_error_o[17]
  racl_error_o[18]
  racl_error_o[19]
  racl_error_o[1]
  racl_error_o[20]
  racl_error_o[25]
  racl_error_o[26]
  racl_error_o[27]
  racl_error_o[28]
  racl_error_o[29]
  racl_error_o[2]
  racl_error_o[30]
  racl_error_o[31]
  racl_error_o[32]
  racl_error_o[33]
  racl_error_o[34]
  racl_error_o[35]
  racl_error_o[36]
  racl_error_o[37]
  racl_error_o[38]
  racl_error_o[39]
  racl_error_o[3]
  racl_error_o[40]
  racl_error_o[41]
  racl_error_o[42]
  racl_error_o[43]
  racl_error_o[44]
  racl_error_o[45]
  racl_error_o[46]
  racl_error_o[47]
  racl_error_o[48]
  racl_error_o[49]
  racl_error_o[4]
  racl_error_o[50]
  racl_error_o[51]
  racl_error_o[5]
  racl_error_o[6]
  racl_error_o[7]
  racl_error_o[8]
  racl_error_o[9]
  tl_o[15]
  tl_o[48]
  tl_o[59]
  tl_o[60]
  tl_o[61]
  tl_o[63]
  tl_o[64]
  _7556_/D
