Clock: clk_i
Sources: clk_i 
Generated: no
Virtual: yes
Propagated: no
Period: 25.000000

===========================================================================
report_clock_properties
============================================================================
Clock                   Period          Waveform
----------------------------------------------------
clk_i                25.000000    0.000000 12.500000

===========================================================================
report_clock_latency
============================================================================
Clock clk_i
rise -> rise
    min     max
0.000000 0.000000 source latency
1.562984         network latency _7059_/CLK
        2.308448 network latency _7194_/CLK
---------------
1.562984 2.308448 latency
        0.745465 skew

fall -> fall
    min     max
0.000000 0.000000 source latency
1.255986         network latency _7059_/CLK
        1.854566 network latency _7194_/CLK
---------------
1.255986 1.854566 latency
        0.598580 skew



===========================================================================
report_clock_min_period
============================================================================
clk_i period_min = 19.85 fmax = 50.38
