Clock: clk_i
Sources: clk_i 
Generated: no
Virtual: yes
Propagated: no
Period: 25.000000

===========================================================================
report_clock_properties
============================================================================
Clock                   Period          Waveform
----------------------------------------------------
clk_i                25.000000    0.000000 12.500000

===========================================================================
report_clock_latency
============================================================================
Clock clk_i
rise -> rise
    min     max
0.000000 0.000000 source latency
2.290323         network latency _09831_/CLK
        8.560583 network latency _10124_/CLK
---------------
2.290323 8.560583 latency
        6.270260 skew

rise -> fall
    min     max
0.000000 0.000000 source latency
5.483394         network latency _10078_/CLK
        8.272660 network latency _10124_/CLK
---------------
5.483394 8.272660 latency
        2.789266 skew

fall -> fall
    min     max
0.000000 0.000000 source latency
1.838983         network latency _09831_/CLK
        2.484887 network latency _09354_/CLK
---------------
1.838983 2.484887 latency
        0.645904 skew



===========================================================================
report_clock_min_period
============================================================================
clk_i period_min = 29.28 fmax = 34.15
