
===========================================================================
report_checks -unconstrained
===========================================================================
======================= nom_ff_n40C_1v95 Corner ===================================

Startpoint: rst_ni (input port clocked by clk_i)
Endpoint: _7547_ (recovery check against rising-edge clock clk_i)
Path Group: asynchronous
Path Type: max

Fanout         Cap        Slew       Delay        Time   Description
---------------------------------------------------------------------------------------------
                                  0.000000    0.000000   clock clk_i (rise edge)
                                  0.000000    0.000000   clock network delay (propagated)
                                  5.000000    5.000000 ^ input external delay
     1    0.002801    0.013918    0.007238    5.007238 ^ rst_ni (in)
                                                         rst_ni (net)
                      0.013918    0.000000    5.007238 ^ input6/A (sky130_fd_sc_hd__buf_1)
     1    0.013706    0.124153    0.111048    5.118286 ^ input6/X (sky130_fd_sc_hd__buf_1)
                                                         net6 (net)
                      0.124165    0.001028    5.119314 ^ fanout1558/A (sky130_fd_sc_hd__buf_4)
     4    0.092581    0.193820    0.195596    5.314910 ^ fanout1558/X (sky130_fd_sc_hd__buf_4)
                                                         net1558 (net)
                      0.196513    0.018419    5.333329 ^ fanout1557/A (sky130_fd_sc_hd__clkbuf_2)
     4    0.056444    0.235364    0.234141    5.567470 ^ fanout1557/X (sky130_fd_sc_hd__clkbuf_2)
                                                         net1557 (net)
                      0.235471    0.004128    5.571598 ^ fanout1538/A (sky130_fd_sc_hd__dlymetal6s2s_1)
     3    0.029304    0.230729    0.218190    5.789788 ^ fanout1538/X (sky130_fd_sc_hd__dlymetal6s2s_1)
                                                         net1538 (net)
                      0.230739    0.001290    5.791078 ^ fanout1536/A (sky130_fd_sc_hd__buf_2)
     4    0.047269    0.174409    0.201303    5.992381 ^ fanout1536/X (sky130_fd_sc_hd__buf_2)
                                                         net1536 (net)
                      0.174426    0.001482    5.993863 ^ fanout1528/A (sky130_fd_sc_hd__buf_2)
     6    0.071490    0.261158    0.255211    6.249074 ^ fanout1528/X (sky130_fd_sc_hd__buf_2)
                                                         net1528 (net)
                      0.261183    0.002145    6.251219 ^ fanout1527/A (sky130_fd_sc_hd__buf_1)
     3    0.036532    0.317683    0.256562    6.507781 ^ fanout1527/X (sky130_fd_sc_hd__buf_1)
                                                         net1527 (net)
                      0.317693    0.001518    6.509299 ^ fanout1524/A (sky130_fd_sc_hd__clkbuf_2)
     6    0.041740    0.175543    0.203794    6.713093 ^ fanout1524/X (sky130_fd_sc_hd__clkbuf_2)
                                                         net1524 (net)
                      0.175550    0.000975    6.714068 ^ fanout1523/A (sky130_fd_sc_hd__clkbuf_2)
     6    0.046311    0.194264    0.203280    6.917348 ^ fanout1523/X (sky130_fd_sc_hd__clkbuf_2)
                                                         net1523 (net)
                      0.194454    0.004987    6.922335 ^ _7547_/RESET_B (sky130_fd_sc_hd__dfrtp_1)
                                              6.922335   data arrival time

                                 25.000000   25.000000   clock clk_i (rise edge)
                                  0.000000   25.000000   clock source latency
     2    0.088041    0.297895    0.208592   25.208591 ^ clk_i (in)
                                                         clk_i (net)
                      0.298035    0.000000   25.208591 ^ clkbuf_0_clk_i/A (sky130_fd_sc_hd__clkbuf_16)
     8    0.175046    0.145913    0.215259   25.423851 ^ clkbuf_0_clk_i/X (sky130_fd_sc_hd__clkbuf_16)
                                                         clknet_0_clk_i (net)
                      0.146135    0.004611   25.428461 ^ clkbuf_3_1_0_clk_i/A (sky130_fd_sc_hd__clkbuf_8)
     2    0.039491    0.061761    0.134232   25.562695 ^ clkbuf_3_1_0_clk_i/X (sky130_fd_sc_hd__clkbuf_8)
                                                         clknet_3_1_0_clk_i (net)
                      0.061794    0.001318   25.564013 ^ clkbuf_4_3__f_clk_i/A (sky130_fd_sc_hd__clkbuf_16)
     9    0.083932    0.077197    0.128606   25.692619 ^ clkbuf_4_3__f_clk_i/X (sky130_fd_sc_hd__clkbuf_16)
                                                         clknet_4_3__leaf_clk_i (net)
                      0.077543    0.004109   25.696728 ^ clkbuf_leaf_65_clk_i/A (sky130_fd_sc_hd__clkbuf_8)
     5    0.032720    0.052630    0.112610   25.809338 ^ clkbuf_leaf_65_clk_i/X (sky130_fd_sc_hd__clkbuf_8)
                                                         clknet_leaf_65_clk_i (net)
                      0.052631    0.000497   25.809835 ^ _7547_/CLK (sky130_fd_sc_hd__dfrtp_1)
                                 -0.250000   25.559835   clock uncertainty
                                  0.000000   25.559835   clock reconvergence pessimism
                                  0.116472   25.676308   library recovery time
                                             25.676308   data required time
---------------------------------------------------------------------------------------------
                                             25.676308   data required time
                                             -6.922335   data arrival time
---------------------------------------------------------------------------------------------
                                             18.753973   slack (MET)


Startpoint: tl_i[66] (input port clocked by clk_i)
Endpoint: racl_error_o[24] (output port clocked by clk_i)
Path Group: clk_i
Path Type: max

Fanout         Cap        Slew       Delay        Time   Description
---------------------------------------------------------------------------------------------
                                  0.000000    0.000000   clock clk_i (rise edge)
                                  0.000000    0.000000   clock network delay (propagated)
                                  5.000000    5.000000 ^ input external delay
     1    0.003111    0.015027    0.008055    5.008055 ^ tl_i[66] (in)
                                                         tl_i[66] (net)
                      0.015032    0.000000    5.008055 ^ input70/A (sky130_fd_sc_hd__buf_1)
     1    0.022557    0.199696    0.162222    5.170278 ^ input70/X (sky130_fd_sc_hd__buf_1)
                                                         net70 (net)
                      0.199739    0.002423    5.172701 ^ fanout1440/A (sky130_fd_sc_hd__clkbuf_4)
     6    0.071887    0.165983    0.220388    5.393089 ^ fanout1440/X (sky130_fd_sc_hd__clkbuf_4)
                                                         net1440 (net)
                      0.166181    0.004687    5.397776 ^ fanout1437/A (sky130_fd_sc_hd__buf_1)
     4    0.017552    0.156866    0.147201    5.544977 ^ fanout1437/X (sky130_fd_sc_hd__buf_1)
                                                         net1437 (net)
                      0.156869    0.000543    5.545520 ^ fanout1436/A (sky130_fd_sc_hd__clkbuf_2)
     6    0.025961    0.112278    0.147783    5.693303 ^ fanout1436/X (sky130_fd_sc_hd__clkbuf_2)
                                                         net1436 (net)
                      0.112311    0.001561    5.694863 ^ _8476_/A (sky130_fd_sc_hd__clkbuf_1)
     1    0.006361    0.062237    0.081150    5.776013 ^ _8476_/X (sky130_fd_sc_hd__clkbuf_1)
                                                         net124 (net)
                      0.062237    0.000250    5.776263 ^ output124/A (sky130_fd_sc_hd__buf_2)
     1    0.034723    0.129786    0.147019    5.923282 ^ output124/X (sky130_fd_sc_hd__buf_2)
                                                         racl_error_o[24] (net)
                      0.129794    0.000840    5.924122 ^ racl_error_o[24] (out)
                                              5.924122   data arrival time

                                 25.000000   25.000000   clock clk_i (rise edge)
                                  0.000000   25.000000   clock network delay (propagated)
                                 -0.250000   24.750000   clock uncertainty
                                  0.000000   24.750000   clock reconvergence pessimism
                                 -5.000000   19.750000   output external delay
                                             19.750000   data required time
---------------------------------------------------------------------------------------------
                                             19.750000   data required time
                                             -5.924122   data arrival time
---------------------------------------------------------------------------------------------
                                             13.825878   slack (MET)




===========================================================================
report_checks --slack_max -0.01
============================================================================
======================= nom_ff_n40C_1v95 Corner ===================================

No paths found.


===========================================================================
 report_check_types -max_slew -max_cap -max_fanout -violators
============================================================================
======================= nom_ff_n40C_1v95 Corner ===================================

max fanout

Pin                                   Limit Fanout  Slack
---------------------------------------------------------
clkbuf_leaf_19_clk_i/X                    6     14     -8 (VIOLATED)
clkbuf_leaf_21_clk_i/X                    6     14     -8 (VIOLATED)
clkbuf_leaf_28_clk_i/X                    6     14     -8 (VIOLATED)
clkbuf_leaf_59_clk_i/X                    6     14     -8 (VIOLATED)
clkbuf_4_10__f_clk_i/X                    6     13     -7 (VIOLATED)
clkbuf_leaf_107_clk_i/X                   6     13     -7 (VIOLATED)
clkbuf_leaf_127_clk_i/X                   6     13     -7 (VIOLATED)
clkbuf_leaf_133_clk_i/X                   6     13     -7 (VIOLATED)
clkbuf_leaf_30_clk_i/X                    6     13     -7 (VIOLATED)
clkbuf_4_4__f_clk_i/X                     6     12     -6 (VIOLATED)
clkbuf_4_5__f_clk_i/X                     6     12     -6 (VIOLATED)
clkbuf_leaf_118_clk_i/X                   6     12     -6 (VIOLATED)
clkbuf_leaf_121_clk_i/X                   6     12     -6 (VIOLATED)
clkbuf_leaf_130_clk_i/X                   6     12     -6 (VIOLATED)
clkbuf_leaf_147_clk_i/X                   6     12     -6 (VIOLATED)
clkbuf_leaf_27_clk_i/X                    6     12     -6 (VIOLATED)
clkbuf_leaf_29_clk_i/X                    6     12     -6 (VIOLATED)
clkbuf_leaf_2_clk_i/X                     6     12     -6 (VIOLATED)
fanout666/X                               6     12     -6 (VIOLATED)
clkbuf_4_15__f_clk_i/X                    6     11     -5 (VIOLATED)
clkbuf_4_9__f_clk_i/X                     6     11     -5 (VIOLATED)
clkbuf_leaf_104_clk_i/X                   6     11     -5 (VIOLATED)
clkbuf_leaf_110_clk_i/X                   6     11     -5 (VIOLATED)
clkbuf_leaf_122_clk_i/X                   6     11     -5 (VIOLATED)
clkbuf_leaf_129_clk_i/X                   6     11     -5 (VIOLATED)
clkbuf_leaf_142_clk_i/X                   6     11     -5 (VIOLATED)
clkbuf_leaf_1_clk_i/X                     6     11     -5 (VIOLATED)
clkbuf_leaf_38_clk_i/X                    6     11     -5 (VIOLATED)
clkbuf_leaf_45_clk_i/X                    6     11     -5 (VIOLATED)
clkbuf_leaf_5_clk_i/X                     6     11     -5 (VIOLATED)
clkbuf_leaf_66_clk_i/X                    6     11     -5 (VIOLATED)
clkbuf_leaf_6_clk_i/X                     6     11     -5 (VIOLATED)
clkbuf_leaf_86_clk_i/X                    6     11     -5 (VIOLATED)
clkbuf_4_14__f_clk_i/X                    6     10     -4 (VIOLATED)
clkbuf_4_6__f_clk_i/X                     6     10     -4 (VIOLATED)
clkbuf_leaf_109_clk_i/X                   6     10     -4 (VIOLATED)
clkbuf_leaf_10_clk_i/X                    6     10     -4 (VIOLATED)
clkbuf_leaf_111_clk_i/X                   6     10     -4 (VIOLATED)
clkbuf_leaf_114_clk_i/X                   6     10     -4 (VIOLATED)
clkbuf_leaf_11_clk_i/X                    6     10     -4 (VIOLATED)
clkbuf_leaf_128_clk_i/X                   6     10     -4 (VIOLATED)
clkbuf_leaf_12_clk_i/X                    6     10     -4 (VIOLATED)
clkbuf_leaf_135_clk_i/X                   6     10     -4 (VIOLATED)
clkbuf_leaf_136_clk_i/X                   6     10     -4 (VIOLATED)
clkbuf_leaf_138_clk_i/X                   6     10     -4 (VIOLATED)
clkbuf_leaf_139_clk_i/X                   6     10     -4 (VIOLATED)
clkbuf_leaf_13_clk_i/X                    6     10     -4 (VIOLATED)
clkbuf_leaf_14_clk_i/X                    6     10     -4 (VIOLATED)
clkbuf_leaf_35_clk_i/X                    6     10     -4 (VIOLATED)
clkbuf_leaf_37_clk_i/X                    6     10     -4 (VIOLATED)
clkbuf_leaf_41_clk_i/X                    6     10     -4 (VIOLATED)
clkbuf_leaf_43_clk_i/X                    6     10     -4 (VIOLATED)
clkbuf_leaf_48_clk_i/X                    6     10     -4 (VIOLATED)
clkbuf_leaf_56_clk_i/X                    6     10     -4 (VIOLATED)
clkbuf_leaf_57_clk_i/X                    6     10     -4 (VIOLATED)
clkbuf_leaf_62_clk_i/X                    6     10     -4 (VIOLATED)
clkbuf_leaf_63_clk_i/X                    6     10     -4 (VIOLATED)
clkbuf_leaf_8_clk_i/X                     6     10     -4 (VIOLATED)
clkbuf_leaf_98_clk_i/X                    6     10     -4 (VIOLATED)
hold2207/X                                6     10     -4 (VIOLATED)
clkbuf_4_0__f_clk_i/X                     6      9     -3 (VIOLATED)
clkbuf_4_11__f_clk_i/X                    6      9     -3 (VIOLATED)
clkbuf_4_13__f_clk_i/X                    6      9     -3 (VIOLATED)
clkbuf_4_1__f_clk_i/X                     6      9     -3 (VIOLATED)
clkbuf_4_3__f_clk_i/X                     6      9     -3 (VIOLATED)
clkbuf_4_8__f_clk_i/X                     6      9     -3 (VIOLATED)
clkbuf_leaf_102_clk_i/X                   6      9     -3 (VIOLATED)
clkbuf_leaf_115_clk_i/X                   6      9     -3 (VIOLATED)
clkbuf_leaf_116_clk_i/X                   6      9     -3 (VIOLATED)
clkbuf_leaf_120_clk_i/X                   6      9     -3 (VIOLATED)
clkbuf_leaf_123_clk_i/X                   6      9     -3 (VIOLATED)
clkbuf_leaf_140_clk_i/X                   6      9     -3 (VIOLATED)
clkbuf_leaf_15_clk_i/X                    6      9     -3 (VIOLATED)
clkbuf_leaf_24_clk_i/X                    6      9     -3 (VIOLATED)
clkbuf_leaf_34_clk_i/X                    6      9     -3 (VIOLATED)
clkbuf_leaf_36_clk_i/X                    6      9     -3 (VIOLATED)
clkbuf_leaf_3_clk_i/X                     6      9     -3 (VIOLATED)
clkbuf_leaf_40_clk_i/X                    6      9     -3 (VIOLATED)
clkbuf_leaf_46_clk_i/X                    6      9     -3 (VIOLATED)
clkbuf_leaf_47_clk_i/X                    6      9     -3 (VIOLATED)
clkbuf_leaf_58_clk_i/X                    6      9     -3 (VIOLATED)
clkbuf_leaf_61_clk_i/X                    6      9     -3 (VIOLATED)
clkbuf_leaf_69_clk_i/X                    6      9     -3 (VIOLATED)
clkbuf_leaf_75_clk_i/X                    6      9     -3 (VIOLATED)
clkbuf_leaf_76_clk_i/X                    6      9     -3 (VIOLATED)
clkbuf_leaf_78_clk_i/X                    6      9     -3 (VIOLATED)
clkbuf_leaf_87_clk_i/X                    6      9     -3 (VIOLATED)
clkbuf_leaf_91_clk_i/X                    6      9     -3 (VIOLATED)
clkbuf_leaf_94_clk_i/X                    6      9     -3 (VIOLATED)
clkbuf_leaf_97_clk_i/X                    6      9     -3 (VIOLATED)
clkbuf_leaf_9_clk_i/X                     6      9     -3 (VIOLATED)
fanout659/X                               6      9     -3 (VIOLATED)
fanout871/X                               6      9     -3 (VIOLATED)
fanout904/X                               6      9     -3 (VIOLATED)
_6094_/X                                  6      8     -2 (VIOLATED)
_6212_/X                                  6      8     -2 (VIOLATED)
clkbuf_0_clk_i/X                          6      8     -2 (VIOLATED)
clkbuf_4_12__f_clk_i/X                    6      8     -2 (VIOLATED)
clkbuf_4_7__f_clk_i/X                     6      8     -2 (VIOLATED)
clkbuf_leaf_105_clk_i/X                   6      8     -2 (VIOLATED)
clkbuf_leaf_117_clk_i/X                   6      8     -2 (VIOLATED)
clkbuf_leaf_137_clk_i/X                   6      8     -2 (VIOLATED)
clkbuf_leaf_143_clk_i/X                   6      8     -2 (VIOLATED)
clkbuf_leaf_16_clk_i/X                    6      8     -2 (VIOLATED)
clkbuf_leaf_26_clk_i/X                    6      8     -2 (VIOLATED)
clkbuf_leaf_53_clk_i/X                    6      8     -2 (VIOLATED)
clkbuf_leaf_54_clk_i/X                    6      8     -2 (VIOLATED)
clkbuf_leaf_55_clk_i/X                    6      8     -2 (VIOLATED)
clkbuf_leaf_60_clk_i/X                    6      8     -2 (VIOLATED)
clkbuf_leaf_64_clk_i/X                    6      8     -2 (VIOLATED)
clkbuf_leaf_68_clk_i/X                    6      8     -2 (VIOLATED)
clkbuf_leaf_73_clk_i/X                    6      8     -2 (VIOLATED)
clkbuf_leaf_7_clk_i/X                     6      8     -2 (VIOLATED)
clkbuf_leaf_84_clk_i/X                    6      8     -2 (VIOLATED)
clkbuf_leaf_88_clk_i/X                    6      8     -2 (VIOLATED)
clkbuf_leaf_92_clk_i/X                    6      8     -2 (VIOLATED)
clkbuf_leaf_93_clk_i/X                    6      8     -2 (VIOLATED)
clkbuf_leaf_95_clk_i/X                    6      8     -2 (VIOLATED)
clkbuf_leaf_96_clk_i/X                    6      8     -2 (VIOLATED)
fanout1149/X                              6      8     -2 (VIOLATED)
fanout1313/X                              6      8     -2 (VIOLATED)
fanout1367/X                              6      8     -2 (VIOLATED)
fanout654/X                               6      8     -2 (VIOLATED)
_3766_/X                                  6      7        (VIOLATED)
_6192_/X                                  6      7        (VIOLATED)
_6215_/Y                                  6      7        (VIOLATED)
clkbuf_4_2__f_clk_i/X                     6      7        (VIOLATED)
clkbuf_leaf_0_clk_i/X                     6      7        (VIOLATED)
clkbuf_leaf_106_clk_i/X                   6      7        (VIOLATED)
clkbuf_leaf_112_clk_i/X                   6      7        (VIOLATED)
clkbuf_leaf_113_clk_i/X                   6      7        (VIOLATED)
clkbuf_leaf_126_clk_i/X                   6      7        (VIOLATED)
clkbuf_leaf_132_clk_i/X                   6      7        (VIOLATED)
clkbuf_leaf_134_clk_i/X                   6      7        (VIOLATED)
clkbuf_leaf_141_clk_i/X                   6      7        (VIOLATED)
clkbuf_leaf_145_clk_i/X                   6      7        (VIOLATED)
clkbuf_leaf_42_clk_i/X                    6      7        (VIOLATED)
clkbuf_leaf_99_clk_i/X                    6      7        (VIOLATED)
fanout1056/X                              6      7        (VIOLATED)
fanout1108/X                              6      7        (VIOLATED)
fanout1148/X                              6      7        (VIOLATED)
fanout1161/X                              6      7        (VIOLATED)
fanout1176/X                              6      7        (VIOLATED)
fanout1185/X                              6      7        (VIOLATED)
fanout1300/X                              6      7        (VIOLATED)
fanout1347/X                              6      7        (VIOLATED)
fanout1352/X                              6      7        (VIOLATED)
fanout1614/X                              6      7        (VIOLATED)
fanout1635/X                              6      7        (VIOLATED)
fanout475/X                               6      7        (VIOLATED)
fanout656/X                               6      7        (VIOLATED)
fanout678/X                               6      7        (VIOLATED)
fanout695/X                               6      7        (VIOLATED)
fanout698/X                               6      7        (VIOLATED)
fanout789/X                               6      7        (VIOLATED)
fanout865/X                               6      7        (VIOLATED)
fanout884/X                               6      7        (VIOLATED)
fanout899/X                               6      7        (VIOLATED)
fanout902/X                               6      7        (VIOLATED)
fanout922/X                               6      7        (VIOLATED)
fanout927/X                               6      7        (VIOLATED)
fanout946/X                               6      7        (VIOLATED)
hold2327/X                                6      7        (VIOLATED)
input63/X                                 6      7        (VIOLATED)



===========================================================================
report_parasitic_annotation -report_unannotated
============================================================================
Found 210 unannotated drivers.
 racl_policies_i[0]
 racl_policies_i[1]
 racl_policies_i[2]
 racl_policies_i[3]
 racl_policies_i[4]
 racl_policies_i[5]
 racl_policies_i[6]
 racl_policies_i[7]
 tl_i[103]
 tl_i[104]
 tl_i[105]
 tl_i[19]
 tl_i[20]
 tl_i[21]
 tl_i[22]
 tl_i[23]
 tl_i[24]
 _7556__1651/HI
 clkload0/X
 clkload1/Y
 clkload10/Y
 clkload100/X
 clkload101/X
 clkload102/X
 clkload103/Y
 clkload104/Y
 clkload105/X
 clkload106/Y
 clkload107/X
 clkload108/Y
 clkload109/Y
 clkload11/X
 clkload110/Y
 clkload111/Y
 clkload112/Y
 clkload113/X
 clkload114/X
 clkload115/Y
 clkload116/Y
 clkload117/X
 clkload118/Y
 clkload119/X
 clkload12/Y
 clkload120/Y
 clkload121/Y
 clkload122/Y
 clkload123/Y
 clkload124/Y
 clkload125/Y
 clkload126/Y
 clkload127/Y
 clkload128/Y
 clkload129/Y
 clkload13/Y
 clkload130/X
 clkload131/X
 clkload132/Y
 clkload133/Y
 clkload134/Y
 clkload135/X
 clkload14/Y
 clkload15/Y
 clkload16/X
 clkload17/Y
 clkload18/Y
 clkload19/Y
 clkload2/X
 clkload20/Y
 clkload21/Y
 clkload22/X
 clkload23/X
 clkload24/X
 clkload25/Y
 clkload26/Y
 clkload27/Y
 clkload28/X
 clkload29/X
 clkload3/Y
 clkload30/Y
 clkload31/Y
 clkload32/Y
 clkload33/X
 clkload34/Y
 clkload35/Y
 clkload36/Y
 clkload37/X
 clkload38/Y
 clkload39/X
 clkload4/Y
 clkload40/Y
 clkload41/Y
 clkload42/Y
 clkload43/Y
 clkload44/Y
 clkload45/Y
 clkload46/Y
 clkload47/X
 clkload48/Y
 clkload49/Y
 clkload5/Y
 clkload50/X
 clkload51/Y
 clkload52/X
 clkload53/Y
 clkload54/Y
 clkload55/Y
 clkload56/Y
 clkload57/Y
 clkload58/Y
 clkload59/Y
 clkload6/Y
 clkload60/Y
 clkload61/Y
 clkload62/Y
 clkload63/Y
 clkload64/Y
 clkload65/X
 clkload66/Y
 clkload67/Y
 clkload68/Y
 clkload69/Y
 clkload7/Y
 clkload70/X
 clkload71/Y
 clkload72/X
 clkload73/Y
 clkload74/Y
 clkload75/Y
 clkload76/Y
 clkload77/Y
 clkload78/Y
 clkload79/Y
 clkload8/Y
 clkload80/Y
 clkload81/X
 clkload82/Y
 clkload83/X
 clkload84/X
 clkload85/Y
 clkload86/Y
 clkload87/Y
 clkload88/Y
 clkload89/Y
 clkload9/X
 clkload90/Y
 clkload91/Y
 clkload92/X
 clkload93/X
 clkload94/Y
 clkload95/Y
 clkload96/Y
 clkload97/Y
 clkload98/Y
 clkload99/Y
 uart_1652/HI
 uart_1653/HI
 uart_1654/HI
 uart_1655/HI
 uart_1656/HI
 uart_1657/HI
 uart_1658/HI
 uart_1659/HI
 uart_1660/HI
 uart_1661/HI
 uart_1662/HI
 uart_1663/HI
 uart_1664/HI
 uart_1665/HI
 uart_1666/HI
 uart_1667/HI
 uart_1668/HI
 uart_1669/HI
 uart_1670/HI
 uart_1671/HI
 uart_1672/HI
 uart_1673/HI
 uart_1674/HI
 uart_1675/HI
 uart_1676/HI
 uart_1677/HI
 uart_1678/HI
 uart_1679/HI
 uart_1680/HI
 uart_1681/HI
 uart_1682/HI
 uart_1683/HI
 uart_1684/HI
 uart_1685/HI
 uart_1686/HI
 uart_1687/HI
 uart_1688/HI
 uart_1689/HI
 uart_1690/HI
 uart_1691/HI
 uart_1692/HI
 uart_1693/HI
 uart_1694/HI
 uart_1695/HI
 uart_1696/HI
 uart_1697/HI
 uart_1698/HI
 uart_1699/HI
 uart_1700/HI
 uart_1701/HI
 uart_1702/HI
 uart_1703/HI
 uart_1704/HI
 uart_1705/HI
 uart_1706/HI
 uart_1707/LO
Found 0 partially unannotated drivers.

===========================================================================
max slew violation count 0
max fanout violation count 164
max cap violation count 0
============================================================================

===========================================================================
check_setup -verbose -unconstrained_endpoints -multiple_clock -no_clock -no_input_delay -loops -generated_clocks
===========================================================================
Warning: There are 57 unconstrained endpoints.
  cio_tx_en_o
  racl_error_o[0]
  racl_error_o[10]
  racl_error_o[11]
  racl_error_o[12]
  racl_error_o[13]
  racl_error_o[14]
  racl_error_o[15]
  racl_error_o[16]
  racl_error_o[17]
  racl_error_o[18]
  racl_error_o[19]
  racl_error_o[1]
  racl_error_o[20]
  racl_error_o[25]
  racl_error_o[26]
  racl_error_o[27]
  racl_error_o[28]
  racl_error_o[29]
  racl_error_o[2]
  racl_error_o[30]
  racl_error_o[31]
  racl_error_o[32]
  racl_error_o[33]
  racl_error_o[34]
  racl_error_o[35]
  racl_error_o[36]
  racl_error_o[37]
  racl_error_o[38]
  racl_error_o[39]
  racl_error_o[3]
  racl_error_o[40]
  racl_error_o[41]
  racl_error_o[42]
  racl_error_o[43]
  racl_error_o[44]
  racl_error_o[45]
  racl_error_o[46]
  racl_error_o[47]
  racl_error_o[48]
  racl_error_o[49]
  racl_error_o[4]
  racl_error_o[50]
  racl_error_o[51]
  racl_error_o[5]
  racl_error_o[6]
  racl_error_o[7]
  racl_error_o[8]
  racl_error_o[9]
  tl_o[15]
  tl_o[48]
  tl_o[59]
  tl_o[60]
  tl_o[61]
  tl_o[63]
  tl_o[64]
  _7556_/D
