Clock: clk_i
Sources: clk_i 
Generated: no
Virtual: yes
Propagated: no
Period: 25.000000

===========================================================================
report_clock_properties
============================================================================
Clock                   Period          Waveform
----------------------------------------------------
clk_i                25.000000    0.000000 12.500000

===========================================================================
report_clock_latency
============================================================================
Clock clk_i
rise -> rise
    min     max
0.000000 0.000000 source latency
0.700525         network latency _7446_/CLK
        0.849065 network latency _8176_/CLK
---------------
0.700525 0.849065 latency
        0.148540 skew

fall -> fall
    min     max
0.000000 0.000000 source latency
0.568934         network latency _7446_/CLK
        0.709288 network latency _8176_/CLK
---------------
0.568934 0.709288 latency
        0.140354 skew



===========================================================================
report_clock_min_period
============================================================================
clk_i period_min = 9.10 fmax = 109.94
