
===========================================================================
report_checks -unconstrained
===========================================================================
======================= nom_tt_025C_1v80 Corner ===================================

Startpoint: rst_ni (input port clocked by clk_i)
Endpoint: _3246_ (recovery check against rising-edge clock clk_i)
Path Group: asynchronous
Path Type: max

Fanout         Cap        Slew       Delay        Time   Description
---------------------------------------------------------------------------------------------
                                  0.000000    0.000000   clock clk_i (rise edge)
                                  0.000000    0.000000   clock network delay (propagated)
                                 10.000000   10.000000 ^ input external delay
     2    0.004411    0.026721    0.015939   10.015940 ^ rst_ni (in)
                                                         rst_ni (net)
                      0.026721    0.000000   10.015940 ^ input33/A (sky130_fd_sc_hd__clkbuf_2)
     5    0.043709    0.238589    0.232665   10.248604 ^ input33/X (sky130_fd_sc_hd__clkbuf_2)
                                                         net33 (net)
                      0.238622    0.002345   10.250949 ^ fanout531/A (sky130_fd_sc_hd__clkbuf_2)
     8    0.053470    0.289778    0.334314   10.585262 ^ fanout531/X (sky130_fd_sc_hd__clkbuf_2)
                                                         net531 (net)
                      0.289878    0.001770   10.587033 ^ fanout504/A (sky130_fd_sc_hd__clkbuf_2)
     7    0.055301    0.299651    0.352190   10.939223 ^ fanout504/X (sky130_fd_sc_hd__clkbuf_2)
                                                         net504 (net)
                      0.299655    0.001015   10.940238 ^ fanout503/A (sky130_fd_sc_hd__clkbuf_2)
     9    0.037191    0.204846    0.289130   11.229368 ^ fanout503/X (sky130_fd_sc_hd__clkbuf_2)
                                                         net503 (net)
                      0.204846    0.000447   11.229815 ^ fanout502/A (sky130_fd_sc_hd__buf_1)
     3    0.026100    0.308109    0.298394   11.528209 ^ fanout502/X (sky130_fd_sc_hd__buf_1)
                                                         net502 (net)
                      0.308110    0.000577   11.528787 ^ fanout501/A (sky130_fd_sc_hd__dlymetal6s2s_1)
     7    0.042578    0.423365    0.417224   11.946010 ^ fanout501/X (sky130_fd_sc_hd__dlymetal6s2s_1)
                                                         net501 (net)
                      0.423367    0.000712   11.946722 ^ fanout500/A (sky130_fd_sc_hd__dlymetal6s2s_1)
     4    0.026639    0.277010    0.326569   12.273292 ^ fanout500/X (sky130_fd_sc_hd__dlymetal6s2s_1)
                                                         net500 (net)
                      0.277010    0.000619   12.273911 ^ fanout499/A (sky130_fd_sc_hd__clkbuf_2)
     6    0.035642    0.196640    0.279797   12.553707 ^ fanout499/X (sky130_fd_sc_hd__clkbuf_2)
                                                         net499 (net)
                      0.196751    0.002446   12.556153 ^ _3246_/RESET_B (sky130_fd_sc_hd__dfrtp_2)
                                             12.556153   data arrival time

                                 50.000000   50.000000   clock clk_i (rise edge)
                                  0.000000   50.000000   clock source latency
     2    0.055192    0.251473    0.178140   50.178139 ^ clk_i (in)
                                                         clk_i (net)
                      0.251709    0.000000   50.178139 ^ clkbuf_0_clk_i/A (sky130_fd_sc_hd__clkbuf_16)
     9    0.110000    0.124895    0.258240   50.436378 ^ clkbuf_0_clk_i/X (sky130_fd_sc_hd__clkbuf_16)
                                                         clknet_0_clk_i (net)
                      0.126105    0.009710   50.446087 ^ clkbuf_2_3__f_clk_i/A (sky130_fd_sc_hd__clkbuf_16)
    25    0.126878    0.140209    0.231410   50.677498 ^ clkbuf_2_3__f_clk_i/X (sky130_fd_sc_hd__clkbuf_16)
                                                         clknet_2_3__leaf_clk_i (net)
                      0.140795    0.007258   50.684757 ^ clkbuf_leaf_25_clk_i/A (sky130_fd_sc_hd__clkbuf_8)
     5    0.018969    0.050233    0.164786   50.849541 ^ clkbuf_leaf_25_clk_i/X (sky130_fd_sc_hd__clkbuf_8)
                                                         clknet_leaf_25_clk_i (net)
                      0.050234    0.000355   50.849895 ^ _3246_/CLK (sky130_fd_sc_hd__dfrtp_2)
                                 -0.250000   50.599895   clock uncertainty
                                  0.000000   50.599895   clock reconvergence pessimism
                                  0.175549   50.775444   library recovery time
                                             50.775444   data required time
---------------------------------------------------------------------------------------------
                                             50.775444   data required time
                                            -12.556153   data arrival time
---------------------------------------------------------------------------------------------
                                             38.219292   slack (MET)


Startpoint: intr_src_i[0] (input port clocked by clk_i)
Endpoint: irq_o (output port clocked by clk_i)
Path Group: clk_i
Path Type: max

Fanout         Cap        Slew       Delay        Time   Description
---------------------------------------------------------------------------------------------
                                  0.000000    0.000000   clock clk_i (rise edge)
                                  0.000000    0.000000   clock network delay (propagated)
                                 10.000000   10.000000 ^ input external delay
     2    0.004743    0.028174    0.017018   10.017018 ^ intr_src_i[0] (in)
                                                         intr_src_i[0] (net)
                      0.028175    0.000000   10.017018 ^ input1/A (sky130_fd_sc_hd__buf_4)
     3    0.026307    0.081622    0.133577   10.150596 ^ input1/X (sky130_fd_sc_hd__buf_4)
                                                         net1 (net)
                      0.081755    0.002641   10.153236 ^ _1571_/B (sky130_fd_sc_hd__and2b_1)
     4    0.015617    0.148480    0.204089   10.357326 ^ _1571_/X (sky130_fd_sc_hd__and2b_1)
                                                         _1060_ (net)
                      0.148480    0.000472   10.357798 ^ _1572_/C1 (sky130_fd_sc_hd__o211a_1)
     3    0.013885    0.126191    0.227546   10.585343 ^ _1572_/X (sky130_fd_sc_hd__o211a_1)
                                                         _1061_ (net)
                      0.126191    0.000489   10.585833 ^ fanout251/A (sky130_fd_sc_hd__buf_6)
     6    0.041797    0.090882    0.161785   10.747619 ^ fanout251/X (sky130_fd_sc_hd__buf_6)
                                                         net251 (net)
                      0.090920    0.001740   10.749358 ^ _1599_/D1 (sky130_fd_sc_hd__o2111ai_4)
     1    0.009604    0.128543    0.112785   10.862144 v _1599_/Y (sky130_fd_sc_hd__o2111ai_4)
                                                         _1088_ (net)
                      0.128543    0.000325   10.862469 v _1602_/C (sky130_fd_sc_hd__nand3_4)
     4    0.026448    0.114557    0.155653   11.018122 ^ _1602_/Y (sky130_fd_sc_hd__nand3_4)
                                                         _1091_ (net)
                      0.114557    0.000385   11.018506 ^ _1605_/A (sky130_fd_sc_hd__nand3_4)
     6    0.025105    0.106985    0.117547   11.136053 v _1605_/Y (sky130_fd_sc_hd__nand3_4)
                                                         _1094_ (net)
                      0.107034    0.000887   11.136941 v _1609_/A1 (sky130_fd_sc_hd__a21o_1)
     1    0.008817    0.058575    0.203408   11.340348 v _1609_/X (sky130_fd_sc_hd__a21o_1)
                                                         _1098_ (net)
                      0.058575    0.000283   11.340631 v _1627_/B1 (sky130_fd_sc_hd__a22oi_4)
     3    0.016469    0.194864    0.173819   11.514451 ^ _1627_/Y (sky130_fd_sc_hd__a22oi_4)
                                                         _1116_ (net)
                      0.194864    0.000552   11.515003 ^ _1629_/A2 (sky130_fd_sc_hd__a21oi_2)
     1    0.004372    0.051519    0.083350   11.598353 v _1629_/Y (sky130_fd_sc_hd__a21oi_2)
                                                         _1118_ (net)
                      0.051519    0.000154   11.598507 v fanout210/A (sky130_fd_sc_hd__buf_4)
     3    0.020131    0.043794    0.155429   11.753936 v fanout210/X (sky130_fd_sc_hd__buf_4)
                                                         net210 (net)
                      0.043795    0.000346   11.754282 v fanout209/A (sky130_fd_sc_hd__buf_6)
     6    0.033873    0.043379    0.135588   11.889870 v fanout209/X (sky130_fd_sc_hd__buf_6)
                                                         net209 (net)
                      0.043418    0.001159   11.891029 v _1637_/A2 (sky130_fd_sc_hd__o211ai_4)
     1    0.010592    0.168794    0.173087   12.064116 ^ _1637_/Y (sky130_fd_sc_hd__o211ai_4)
                                                         _1126_ (net)
                      0.168794    0.000375   12.064491 ^ _1644_/A (sky130_fd_sc_hd__nand3_4)
     2    0.015733    0.088732    0.109789   12.174280 v _1644_/Y (sky130_fd_sc_hd__nand3_4)
                                                         _1133_ (net)
                      0.088733    0.000606   12.174886 v _1667_/B2 (sky130_fd_sc_hd__a2bb2oi_4)
     5    0.042808    0.311129    0.310257   12.485142 ^ _1667_/Y (sky130_fd_sc_hd__a2bb2oi_4)
                                                         _1156_ (net)
                      0.311136    0.001280   12.486422 ^ _1677_/B (sky130_fd_sc_hd__nand2_4)
     2    0.014051    0.071552    0.098295   12.584717 v _1677_/Y (sky130_fd_sc_hd__nand2_4)
                                                         _1166_ (net)
                      0.071552    0.000377   12.585093 v _1698_/A1 (sky130_fd_sc_hd__a221oi_4)
     3    0.027399    0.387553    0.430020   13.015113 ^ _1698_/Y (sky130_fd_sc_hd__a221oi_4)
                                                         _1187_ (net)
                      0.387553    0.000765   13.015878 ^ rebuffer1/A (sky130_fd_sc_hd__buf_6)
     1    0.009978    0.040005    0.160350   13.176228 ^ rebuffer1/X (sky130_fd_sc_hd__buf_6)
                                                         net540 (net)
                      0.040005    0.000296   13.176523 ^ _1702_/A1 (sky130_fd_sc_hd__o22ai_4)
     4    0.020524    0.105018    0.091363   13.267887 v _1702_/Y (sky130_fd_sc_hd__o22ai_4)
                                                         _1191_ (net)
                      0.105019    0.000669   13.268556 v _1711_/A2 (sky130_fd_sc_hd__a21oi_4)
     4    0.023883    0.207315    0.247788   13.516343 ^ _1711_/Y (sky130_fd_sc_hd__a21oi_4)
                                                         _1200_ (net)
                      0.207315    0.000529   13.516872 ^ _1727_/A2 (sky130_fd_sc_hd__o211ai_4)
     3    0.020383    0.125392    0.128077   13.644950 v _1727_/Y (sky130_fd_sc_hd__o211ai_4)
                                                         _1216_ (net)
                      0.125393    0.000634   13.645584 v _1729_/B1 (sky130_fd_sc_hd__o211a_1)
     1    0.009126    0.066668    0.187088   13.832671 v _1729_/X (sky130_fd_sc_hd__o211a_1)
                                                         _1218_ (net)
                      0.066669    0.000308   13.832979 v _1747_/A2 (sky130_fd_sc_hd__o21ai_4)
     6    0.038609    0.302705    0.275461   14.108440 ^ _1747_/Y (sky130_fd_sc_hd__o21ai_4)
                                                         _1236_ (net)
                      0.302723    0.001857   14.110297 ^ _1774_/B (sky130_fd_sc_hd__nand3_4)
     1    0.008233    0.081118    0.109470   14.219768 v _1774_/Y (sky130_fd_sc_hd__nand3_4)
                                                         _1263_ (net)
                      0.081118    0.000246   14.220013 v _1789_/A2 (sky130_fd_sc_hd__a32oi_4)
     3    0.024017    0.287058    0.322321   14.542334 ^ _1789_/Y (sky130_fd_sc_hd__a32oi_4)
                                                         _1278_ (net)
                      0.287059    0.000936   14.543270 ^ _1793_/A2 (sky130_fd_sc_hd__a21oi_2)
     1    0.002887    0.057057    0.090681   14.633951 v _1793_/Y (sky130_fd_sc_hd__a21oi_2)
                                                         _1282_ (net)
                      0.057057    0.000060   14.634011 v fanout206/A (sky130_fd_sc_hd__clkbuf_2)
     3    0.012318    0.054884    0.133386   14.767397 v fanout206/X (sky130_fd_sc_hd__clkbuf_2)
                                                         net206 (net)
                      0.054885    0.000307   14.767704 v fanout205/A (sky130_fd_sc_hd__buf_4)
     6    0.022649    0.046345    0.159734   14.927438 v fanout205/X (sky130_fd_sc_hd__buf_4)
                                                         net205 (net)
                      0.046347    0.000375   14.927813 v _1801_/A2 (sky130_fd_sc_hd__o211a_1)
     1    0.008320    0.064331    0.229209   15.157021 v _1801_/X (sky130_fd_sc_hd__o211a_1)
                                                         _1290_ (net)
                      0.064332    0.000247   15.157268 v _1811_/A2 (sky130_fd_sc_hd__o21ai_4)
     3    0.015676    0.162866    0.170107   15.327375 ^ _1811_/Y (sky130_fd_sc_hd__o21ai_4)
                                                         _1300_ (net)
                      0.162867    0.000480   15.327855 ^ fanout201/A (sky130_fd_sc_hd__buf_6)
     6    0.037994    0.084287    0.164714   15.492569 ^ fanout201/X (sky130_fd_sc_hd__buf_6)
                                                         net201 (net)
                      0.084298    0.000979   15.493548 ^ _1828_/A1 (sky130_fd_sc_hd__a31oi_4)
     2    0.013517    0.090683    0.099089   15.592637 v _1828_/Y (sky130_fd_sc_hd__a31oi_4)
                                                         _1317_ (net)
                      0.090683    0.000323   15.592960 v _1830_/A2_N (sky130_fd_sc_hd__o2bb2ai_2)
     1    0.010412    0.058904    0.154412   15.747372 v _1830_/Y (sky130_fd_sc_hd__o2bb2ai_2)
                                                         _1319_ (net)
                      0.058906    0.000421   15.747793 v _1831_/B1 (sky130_fd_sc_hd__a31oi_4)
     5    0.027622    0.263371    0.251978   15.999771 ^ _1831_/Y (sky130_fd_sc_hd__a31oi_4)
                                                         _1320_ (net)
                      0.263399    0.001002   16.000772 ^ _1845_/B1 (sky130_fd_sc_hd__o22ai_4)
     2    0.012507    0.088555    0.129901   16.130674 v _1845_/Y (sky130_fd_sc_hd__o22ai_4)
                                                         _1334_ (net)
                      0.088555    0.000384   16.131058 v _1858_/B2 (sky130_fd_sc_hd__a22oi_4)
     3    0.027017    0.256671    0.259444   16.390501 ^ _1858_/Y (sky130_fd_sc_hd__a22oi_4)
                                                         _1347_ (net)
                      0.256671    0.000593   16.391096 ^ _1859_/B1 (sky130_fd_sc_hd__o21ai_4)
     2    0.013495    0.082366    0.110381   16.501476 v _1859_/Y (sky130_fd_sc_hd__o21ai_4)
                                                         _1348_ (net)
                      0.082367    0.000375   16.501850 v fanout195/A (sky130_fd_sc_hd__buf_6)
     6    0.033549    0.043107    0.153022   16.654873 v fanout195/X (sky130_fd_sc_hd__buf_6)
                                                         net195 (net)
                      0.043121    0.000735   16.655609 v _1878_/C1 (sky130_fd_sc_hd__o211ai_4)
     5    0.027604    0.270469    0.118025   16.773634 ^ _1878_/Y (sky130_fd_sc_hd__o211ai_4)
                                                         _1367_ (net)
                      0.270472    0.001153   16.774786 ^ _1881_/B1 (sky130_fd_sc_hd__o211ai_2)
     1    0.008967    0.105978    0.162176   16.936962 v _1881_/Y (sky130_fd_sc_hd__o211ai_2)
                                                         _1370_ (net)
                      0.105978    0.000270   16.937233 v _1888_/A (sky130_fd_sc_hd__nand3_4)
     2    0.020295    0.101652    0.108409   17.045641 ^ _1888_/Y (sky130_fd_sc_hd__nand3_4)
                                                         _1377_ (net)
                      0.101653    0.000513   17.046156 ^ _1906_/B2 (sky130_fd_sc_hd__a2bb2oi_4)
     2    0.013047    0.071655    0.073726   17.119881 v _1906_/Y (sky130_fd_sc_hd__a2bb2oi_4)
                                                         _1395_ (net)
                      0.071655    0.000275   17.120157 v fanout191/A (sky130_fd_sc_hd__buf_6)
     6    0.020411    0.033630    0.138392   17.258549 v fanout191/X (sky130_fd_sc_hd__buf_6)
                                                         net191 (net)
                      0.033642    0.000494   17.259043 v _1913_/A2 (sky130_fd_sc_hd__o211a_1)
     1    0.008125    0.063440    0.223570   17.482613 v _1913_/X (sky130_fd_sc_hd__o211a_1)
                                                         _1402_ (net)
                      0.063440    0.000238   17.482851 v _1923_/A2 (sky130_fd_sc_hd__o21ai_4)
     2    0.017810    0.175173    0.179558   17.662409 ^ _1923_/Y (sky130_fd_sc_hd__o21ai_4)
                                                         _1412_ (net)
                      0.175173    0.000561   17.662970 ^ fanout190/A (sky130_fd_sc_hd__buf_8)
     6    0.043347    0.080213    0.161688   17.824657 ^ fanout190/X (sky130_fd_sc_hd__buf_8)
                                                         net190 (net)
                      0.080260    0.001794   17.826452 ^ _1953_/A1 (sky130_fd_sc_hd__a31oi_4)
     2    0.011154    0.100530    0.092156   17.918608 v _1953_/Y (sky130_fd_sc_hd__a31oi_4)
                                                         _1442_ (net)
                      0.100530    0.000277   17.918884 v _1954_/B1 (sky130_fd_sc_hd__a22oi_4)
     2    0.021336    0.223438    0.212900   18.131784 ^ _1954_/Y (sky130_fd_sc_hd__a22oi_4)
                                                         _1443_ (net)
                      0.223439    0.000549   18.132334 ^ _1956_/A (sky130_fd_sc_hd__nand2_4)
     6    0.033889    0.106181    0.128578   18.260912 v _1956_/Y (sky130_fd_sc_hd__nand2_4)
                                                         _1445_ (net)
                      0.106226    0.000869   18.261780 v _1978_/A2_N (sky130_fd_sc_hd__o2bb2ai_4)
     1    0.011181    0.064093    0.150294   18.412075 v _1978_/Y (sky130_fd_sc_hd__o2bb2ai_4)
                                                         _1467_ (net)
                      0.064094    0.000473   18.412546 v _1993_/B2 (sky130_fd_sc_hd__a22oi_4)
     3    0.026022    0.250745    0.245477   18.658024 ^ _1993_/Y (sky130_fd_sc_hd__a22oi_4)
                                                         _1482_ (net)
                      0.250745    0.000750   18.658773 ^ _2000_/B2 (sky130_fd_sc_hd__a22oi_4)
     2    0.011178    0.074403    0.092031   18.750805 v _2000_/Y (sky130_fd_sc_hd__a22oi_4)
                                                         _1489_ (net)
                      0.074404    0.000409   18.751213 v fanout186/A (sky130_fd_sc_hd__buf_6)
     6    0.032380    0.042205    0.148511   18.899723 v fanout186/X (sky130_fd_sc_hd__buf_6)
                                                         net186 (net)
                      0.042219    0.000718   18.900440 v _2020_/A2 (sky130_fd_sc_hd__o211ai_4)
     3    0.021681    0.235631    0.225148   19.125589 ^ _2020_/Y (sky130_fd_sc_hd__o211ai_4)
                                                         _1509_ (net)
                      0.235632    0.000783   19.126371 ^ _2022_/B1 (sky130_fd_sc_hd__o21ai_4)
     2    0.017230    0.084929    0.114808   19.241180 v _2022_/Y (sky130_fd_sc_hd__o21ai_4)
                                                         _0163_ (net)
                      0.084931    0.000696   19.241877 v _2023_/B1 (sky130_fd_sc_hd__a21oi_4)
     4    0.020358    0.185563    0.191276   19.433153 ^ _2023_/Y (sky130_fd_sc_hd__a21oi_4)
                                                         _0164_ (net)
                      0.185563    0.000592   19.433744 ^ _2057_/B2 (sky130_fd_sc_hd__o22ai_4)
     2    0.012479    0.081119    0.103208   19.536953 v _2057_/Y (sky130_fd_sc_hd__o22ai_4)
                                                         _0198_ (net)
                      0.081119    0.000409   19.537361 v _2067_/A2 (sky130_fd_sc_hd__a31oi_4)
     3    0.025099    0.247360    0.263423   19.800783 ^ _2067_/Y (sky130_fd_sc_hd__a31oi_4)
                                                         _0208_ (net)
                      0.247360    0.000940   19.801723 ^ _2068_/A (sky130_fd_sc_hd__nand2_4)
     6    0.043018    0.128977    0.152561   19.954285 v _2068_/Y (sky130_fd_sc_hd__nand2_4)
                                                         _0209_ (net)
                      0.129064    0.002151   19.956436 v _2075_/A2_N (sky130_fd_sc_hd__o2bb2ai_4)
     2    0.012291    0.063723    0.161993   20.118429 v _2075_/Y (sky130_fd_sc_hd__o2bb2ai_4)
                                                         _0216_ (net)
                      0.063723    0.000396   20.118824 v _2087_/A3 (sky130_fd_sc_hd__a31oi_4)
     3    0.026495    0.256309    0.282560   20.401384 ^ _2087_/Y (sky130_fd_sc_hd__a31oi_4)
                                                         _0228_ (net)
                      0.256309    0.000695   20.402079 ^ _2091_/A2 (sky130_fd_sc_hd__a21boi_4)
     2    0.013235    0.070033    0.104366   20.506445 v _2091_/Y (sky130_fd_sc_hd__a21boi_4)
                                                         _0232_ (net)
                      0.070033    0.000460   20.506905 v fanout184/A (sky130_fd_sc_hd__buf_6)
     4    0.015682    0.029995    0.132546   20.639452 v fanout184/X (sky130_fd_sc_hd__buf_6)
                                                         net184 (net)
                      0.029999    0.000380   20.639832 v _2099_/A2 (sky130_fd_sc_hd__o211a_1)
     1    0.009061    0.066836    0.227111   20.866943 v _2099_/X (sky130_fd_sc_hd__o211a_1)
                                                         _0240_ (net)
                      0.066836    0.000266   20.867208 v _2113_/A1 (sky130_fd_sc_hd__o21ai_4)
     2    0.012315    0.142981    0.178140   21.045349 ^ _2113_/Y (sky130_fd_sc_hd__o21ai_4)
                                                         _0254_ (net)
                      0.142981    0.000325   21.045673 ^ fanout182/A (sky130_fd_sc_hd__buf_6)
     6    0.038382    0.084757    0.160698   21.206373 ^ fanout182/X (sky130_fd_sc_hd__buf_6)
                                                         net182 (net)
                      0.084787    0.001512   21.207884 ^ _2133_/A1 (sky130_fd_sc_hd__a31oi_4)
     2    0.019209    0.110111    0.112749   21.320633 v _2133_/Y (sky130_fd_sc_hd__a31oi_4)
                                                         _0274_ (net)
                      0.110112    0.000606   21.321239 v _2139_/A2_N (sky130_fd_sc_hd__o2bb2ai_4)
     2    0.014087    0.074439    0.157188   21.478426 v _2139_/Y (sky130_fd_sc_hd__o2bb2ai_4)
                                                         _0280_ (net)
                      0.074439    0.000414   21.478840 v _2140_/B1 (sky130_fd_sc_hd__a21oi_4)
     2    0.008837    0.117023    0.133506   21.612347 ^ _2140_/Y (sky130_fd_sc_hd__a21oi_4)
                                                         _0281_ (net)
                      0.117023    0.000281   21.612627 ^ _2161_/B1 (sky130_fd_sc_hd__o22ai_2)
     1    0.014138    0.092141    0.122112   21.734739 v _2161_/Y (sky130_fd_sc_hd__o22ai_2)
                                                         _0302_ (net)
                      0.092154    0.000746   21.735485 v _2172_/A2 (sky130_fd_sc_hd__a32oi_4)
     3    0.024377    0.289437    0.329205   22.064690 ^ _2172_/Y (sky130_fd_sc_hd__a32oi_4)
                                                         _0313_ (net)
                      0.289437    0.000373   22.065063 ^ _2173_/B1 (sky130_fd_sc_hd__o21ai_4)
     2    0.012421    0.085853    0.113028   22.178091 v _2173_/Y (sky130_fd_sc_hd__o21ai_4)
                                                         _0314_ (net)
                      0.085853    0.000339   22.178431 v fanout179/A (sky130_fd_sc_hd__buf_6)
     6    0.025277    0.037016    0.148518   22.326948 v fanout179/X (sky130_fd_sc_hd__buf_6)
                                                         net179 (net)
                      0.037019    0.000368   22.327316 v _2178_/A2_N (sky130_fd_sc_hd__o2bb2ai_2)
     2    0.017322    0.087633    0.149988   22.477304 v _2178_/Y (sky130_fd_sc_hd__o2bb2ai_2)
                                                         _0319_ (net)
                      0.087636    0.000668   22.477972 v _2191_/B1 (sky130_fd_sc_hd__a22oi_4)
     2    0.020549    0.218594    0.204329   22.682301 ^ _2191_/Y (sky130_fd_sc_hd__a22oi_4)
                                                         _0332_ (net)
                      0.218594    0.000394   22.682695 ^ _2192_/B1 (sky130_fd_sc_hd__o21ai_4)
     2    0.012132    0.073698    0.100298   22.782993 v _2192_/Y (sky130_fd_sc_hd__o21ai_4)
                                                         _0333_ (net)
                      0.073699    0.000430   22.783424 v fanout176/A (sky130_fd_sc_hd__buf_6)
     3    0.015829    0.030134    0.134394   22.917818 v fanout176/X (sky130_fd_sc_hd__buf_6)
                                                         net176 (net)
                      0.030140    0.000423   22.918240 v _2203_/A2_N (sky130_fd_sc_hd__o2bb2ai_2)
     2    0.013004    0.066638    0.135049   23.053289 v _2203_/Y (sky130_fd_sc_hd__o2bb2ai_2)
                                                         _0344_ (net)
                      0.066641    0.000520   23.053810 v _2217_/B1 (sky130_fd_sc_hd__a22oi_4)
     2    0.020659    0.219350    0.196657   23.250467 ^ _2217_/Y (sky130_fd_sc_hd__a22oi_4)
                                                         _0358_ (net)
                      0.219351    0.000552   23.251020 ^ _2227_/A2 (sky130_fd_sc_hd__a21oi_4)
     3    0.015037    0.066648    0.102313   23.353333 v _2227_/Y (sky130_fd_sc_hd__a21oi_4)
                                                         _0368_ (net)
                      0.066648    0.000396   23.353729 v fanout171/A (sky130_fd_sc_hd__buf_6)
     6    0.029365    0.039953    0.142686   23.496414 v fanout171/X (sky130_fd_sc_hd__buf_6)
                                                         net171 (net)
                      0.039965    0.000639   23.497053 v _2229_/B1 (sky130_fd_sc_hd__o22ai_4)
     4    0.032740    0.298807    0.244325   23.741379 ^ _2229_/Y (sky130_fd_sc_hd__o22ai_4)
                                                         _0370_ (net)
                      0.298818    0.001357   23.742737 ^ _2235_/A (sky130_fd_sc_hd__nand3_4)
     3    0.022699    0.154184    0.156454   23.899191 v _2235_/Y (sky130_fd_sc_hd__nand3_4)
                                                         _0376_ (net)
                      0.154185    0.000631   23.899822 v _2251_/B1 (sky130_fd_sc_hd__a22oi_4)
     6    0.036985    0.316740    0.306818   24.206638 ^ _2251_/Y (sky130_fd_sc_hd__a22oi_4)
                                                         _0392_ (net)
                      0.316752    0.001473   24.208111 ^ _2258_/B2 (sky130_fd_sc_hd__o22ai_4)
     3    0.028699    0.129815    0.168985   24.377096 v _2258_/Y (sky130_fd_sc_hd__o22ai_4)
                                                         _0399_ (net)
                      0.129816    0.000812   24.377909 v _2259_/B (sky130_fd_sc_hd__nand2_2)
     1    0.009468    0.072601    0.118412   24.496321 ^ _2259_/Y (sky130_fd_sc_hd__nand2_2)
                                                         _0400_ (net)
                      0.072602    0.000293   24.496613 ^ _2271_/A1 (sky130_fd_sc_hd__a21oi_4)
     2    0.010476    0.084498    0.060560   24.557173 v _2271_/Y (sky130_fd_sc_hd__a21oi_4)
                                                         _0412_ (net)
                      0.084498    0.000270   24.557444 v fanout170/A (sky130_fd_sc_hd__buf_6)
     6    0.029385    0.040006    0.150870   24.708313 v fanout170/X (sky130_fd_sc_hd__buf_6)
                                                         net170 (net)
                      0.040036    0.000977   24.709290 v _2307_/B2 (sky130_fd_sc_hd__o22ai_4)
     4    0.030233    0.283069    0.209127   24.918417 ^ _2307_/Y (sky130_fd_sc_hd__o22ai_4)
                                                         _0448_ (net)
                      0.283074    0.000915   24.919331 ^ _2323_/A1 (sky130_fd_sc_hd__a31oi_4)
     2    0.012688    0.111309    0.149596   25.068928 v _2323_/Y (sky130_fd_sc_hd__a31oi_4)
                                                         _0464_ (net)
                      0.111309    0.000362   25.069290 v _2329_/A2 (sky130_fd_sc_hd__a21oi_4)
     5    0.036195    0.283690    0.307022   25.376312 ^ _2329_/Y (sky130_fd_sc_hd__a21oi_4)
                                                         _0470_ (net)
                      0.283692    0.000606   25.376917 ^ _2339_/A2 (sky130_fd_sc_hd__o211ai_2)
     1    0.010527    0.102286    0.141302   25.518219 v _2339_/Y (sky130_fd_sc_hd__o211ai_2)
                                                         _0480_ (net)
                      0.102286    0.000421   25.518641 v _2340_/A (sky130_fd_sc_hd__nand3_4)
     2    0.014913    0.085288    0.096538   25.615179 ^ _2340_/Y (sky130_fd_sc_hd__nand3_4)
                                                         _0481_ (net)
                      0.085288    0.000313   25.615490 ^ _2348_/B2 (sky130_fd_sc_hd__a22oi_4)
     2    0.012602    0.078751    0.068482   25.683973 v _2348_/Y (sky130_fd_sc_hd__a22oi_4)
                                                         _0489_ (net)
                      0.078751    0.000236   25.684210 v fanout169/A (sky130_fd_sc_hd__buf_6)
     4    0.019109    0.032839    0.140197   25.824406 v fanout169/X (sky130_fd_sc_hd__buf_6)
                                                         net169 (net)
                      0.032853    0.000639   25.825047 v _2354_/B2 (sky130_fd_sc_hd__o22ai_4)
     3    0.033004    0.300382    0.219421   26.044466 ^ _2354_/Y (sky130_fd_sc_hd__o22ai_4)
                                                         _0495_ (net)
                      0.300388    0.001030   26.045498 ^ _2361_/A1 (sky130_fd_sc_hd__o21ai_4)
     4    0.021841    0.088876    0.132589   26.178085 v _2361_/Y (sky130_fd_sc_hd__o21ai_4)
                                                         _0502_ (net)
                      0.088878    0.000556   26.178642 v _2365_/B1 (sky130_fd_sc_hd__o22ai_4)
     5    0.039210    0.339873    0.293509   26.472151 ^ _2365_/Y (sky130_fd_sc_hd__o22ai_4)
                                                         _0506_ (net)
                      0.339876    0.000812   26.472963 ^ _2366_/B1 (sky130_fd_sc_hd__o21ai_4)
     2    0.014194    0.095940    0.121467   26.594431 v _2366_/Y (sky130_fd_sc_hd__o21ai_4)
                                                         _0507_ (net)
                      0.095941    0.000529   26.594959 v _2370_/A1 (sky130_fd_sc_hd__a32oi_4)
     3    0.026806    0.305208    0.295474   26.890434 ^ _2370_/Y (sky130_fd_sc_hd__a32oi_4)
                                                         _0511_ (net)
                      0.305208    0.000728   26.891163 ^ _2388_/B2 (sky130_fd_sc_hd__a22oi_4)
     5    0.025650    0.106211    0.131362   27.022524 v _2388_/Y (sky130_fd_sc_hd__a22oi_4)
                                                         _0529_ (net)
                      0.106259    0.000815   27.023338 v _2396_/A2 (sky130_fd_sc_hd__o21ai_4)
     5    0.044205    0.336939    0.316696   27.340034 ^ _2396_/Y (sky130_fd_sc_hd__o21ai_4)
                                                         _0537_ (net)
                      0.336948    0.001368   27.341402 ^ _2402_/A2 (sky130_fd_sc_hd__o21ai_4)
     3    0.021160    0.088957    0.118689   27.460093 v _2402_/Y (sky130_fd_sc_hd__o21ai_4)
                                                         _0543_ (net)
                      0.088958    0.000465   27.460558 v _2413_/B1 (sky130_fd_sc_hd__o22ai_4)
     2    0.012898    0.176524    0.168860   27.629417 ^ _2413_/Y (sky130_fd_sc_hd__o22ai_4)
                                                         _0554_ (net)
                      0.176524    0.000249   27.629667 ^ fanout166/A (sky130_fd_sc_hd__buf_6)
     6    0.041401    0.090908    0.172351   27.802017 ^ fanout166/X (sky130_fd_sc_hd__buf_6)
                                                         net166 (net)
                      0.090916    0.000892   27.802910 ^ _2416_/B (sky130_fd_sc_hd__nand2_4)
     3    0.017132    0.096090    0.072363   27.875273 v _2416_/Y (sky130_fd_sc_hd__nand2_4)
                                                         _0557_ (net)
                      0.096091    0.000416   27.875689 v _2444_/A3 (sky130_fd_sc_hd__a32oi_2)
     1    0.006159    0.172237    0.240629   28.116318 ^ _2444_/Y (sky130_fd_sc_hd__a32oi_2)
                                                         _0585_ (net)
                      0.172237    0.000213   28.116529 ^ _2451_/B2 (sky130_fd_sc_hd__o22ai_2)
     2    0.014423    0.092954    0.122643   28.239174 v _2451_/Y (sky130_fd_sc_hd__o22ai_2)
                                                         _0592_ (net)
                      0.092958    0.000497   28.239672 v _2459_/A1 (sky130_fd_sc_hd__a211oi_4)
     5    0.030341    0.393990    0.400421   28.640093 ^ _2459_/Y (sky130_fd_sc_hd__a211oi_4)
                                                         _0600_ (net)
                      0.393995    0.001140   28.641232 ^ _2477_/A (sky130_fd_sc_hd__nand3_4)
     2    0.022824    0.145482    0.168784   28.810017 v _2477_/Y (sky130_fd_sc_hd__nand3_4)
                                                         net91 (net)
                      0.145496    0.001405   28.811422 v fanout160/A (sky130_fd_sc_hd__buf_8)
     7    0.053851    0.051462    0.192582   29.004004 v fanout160/X (sky130_fd_sc_hd__buf_8)
                                                         net160 (net)
                      0.051574    0.002043   29.006046 v output91/A (sky130_fd_sc_hd__buf_6)
     1    0.034078    0.043466    0.139286   29.145332 v output91/X (sky130_fd_sc_hd__buf_6)
                                                         irq_o (net)
                      0.043476    0.000631   29.145964 v irq_o (out)
                                             29.145964   data arrival time

                                 50.000000   50.000000   clock clk_i (rise edge)
                                  0.000000   50.000000   clock network delay (propagated)
                                 -0.250000   49.749996   clock uncertainty
                                  0.000000   49.749996   clock reconvergence pessimism
                                -10.000000   39.749996   output external delay
                                             39.749996   data required time
---------------------------------------------------------------------------------------------
                                             39.749996   data required time
                                            -29.145964   data arrival time
---------------------------------------------------------------------------------------------
                                             10.604033   slack (MET)




===========================================================================
report_checks --slack_max -0.01
============================================================================
======================= nom_tt_025C_1v80 Corner ===================================

No paths found.


===========================================================================
 report_check_types -max_slew -max_cap -max_fanout -violators
============================================================================
======================= nom_tt_025C_1v80 Corner ===================================

max fanout

Pin                                   Limit Fanout  Slack
---------------------------------------------------------
clkbuf_2_1__f_clk_i/X                     6     25    -19 (VIOLATED)
clkbuf_2_3__f_clk_i/X                     6     25    -19 (VIOLATED)
clkbuf_2_2__f_clk_i/X                     6     21    -15 (VIOLATED)
clkbuf_2_0__f_clk_i/X                     6     19    -13 (VIOLATED)
fanout444/X                               6     15     -9 (VIOLATED)
_2483_/X                                  6     13     -7 (VIOLATED)
_2866_/Y                                  6     13     -7 (VIOLATED)
_3149_/Q                                  6     13     -7 (VIOLATED)
_3206_/Q                                  6     13     -7 (VIOLATED)
_3218_/Q                                  6     13     -7 (VIOLATED)
_3239_/Q                                  6     13     -7 (VIOLATED)
_3244_/Q                                  6     13     -7 (VIOLATED)
_3249_/Q                                  6     13     -7 (VIOLATED)
fanout156/X                               6     13     -7 (VIOLATED)
fanout219/X                               6     13     -7 (VIOLATED)
fanout221/X                               6     13     -7 (VIOLATED)
fanout222/X                               6     13     -7 (VIOLATED)
fanout223/X                               6     13     -7 (VIOLATED)
fanout244/X                               6     13     -7 (VIOLATED)
fanout246/X                               6     13     -7 (VIOLATED)
fanout259/X                               6     13     -7 (VIOLATED)
fanout263/X                               6     13     -7 (VIOLATED)
fanout272/X                               6     13     -7 (VIOLATED)
fanout273/X                               6     13     -7 (VIOLATED)
fanout279/X                               6     13     -7 (VIOLATED)
fanout280/X                               6     13     -7 (VIOLATED)
fanout281/X                               6     13     -7 (VIOLATED)
fanout288/X                               6     13     -7 (VIOLATED)
fanout293/X                               6     13     -7 (VIOLATED)
fanout297/X                               6     13     -7 (VIOLATED)
fanout304/X                               6     13     -7 (VIOLATED)
fanout310/X                               6     13     -7 (VIOLATED)
fanout319/X                               6     13     -7 (VIOLATED)
fanout341/X                               6     13     -7 (VIOLATED)
fanout356/X                               6     13     -7 (VIOLATED)
fanout359/X                               6     13     -7 (VIOLATED)
fanout370/X                               6     13     -7 (VIOLATED)
fanout388/X                               6     13     -7 (VIOLATED)
fanout391/X                               6     13     -7 (VIOLATED)
fanout393/X                               6     13     -7 (VIOLATED)
fanout395/X                               6     13     -7 (VIOLATED)
fanout397/X                               6     13     -7 (VIOLATED)
fanout399/X                               6     13     -7 (VIOLATED)
fanout400/X                               6     13     -7 (VIOLATED)
fanout443/X                               6     13     -7 (VIOLATED)
fanout452/X                               6     13     -7 (VIOLATED)
fanout453/X                               6     13     -7 (VIOLATED)
fanout455/X                               6     13     -7 (VIOLATED)
fanout457/X                               6     13     -7 (VIOLATED)
fanout461/X                               6     13     -7 (VIOLATED)
fanout462/X                               6     13     -7 (VIOLATED)
fanout464/X                               6     13     -7 (VIOLATED)
fanout480/X                               6     13     -7 (VIOLATED)
fanout483/X                               6     13     -7 (VIOLATED)
fanout491/X                               6     13     -7 (VIOLATED)
fanout493/X                               6     13     -7 (VIOLATED)
fanout494/X                               6     13     -7 (VIOLATED)
fanout515/X                               6     13     -7 (VIOLATED)
hold176/X                                 6     13     -7 (VIOLATED)
hold182/X                                 6     13     -7 (VIOLATED)
hold186/X                                 6     13     -7 (VIOLATED)
hold192/X                                 6     13     -7 (VIOLATED)
hold214/X                                 6     13     -7 (VIOLATED)
hold216/X                                 6     13     -7 (VIOLATED)
hold220/X                                 6     13     -7 (VIOLATED)
hold398/X                                 6     13     -7 (VIOLATED)
hold421/X                                 6     13     -7 (VIOLATED)
hold424/X                                 6     13     -7 (VIOLATED)
hold436/X                                 6     13     -7 (VIOLATED)
hold457/X                                 6     13     -7 (VIOLATED)
hold460/X                                 6     13     -7 (VIOLATED)
hold466/X                                 6     13     -7 (VIOLATED)
hold516/X                                 6     13     -7 (VIOLATED)
input37/X                                 6     13     -7 (VIOLATED)
clkbuf_leaf_35_clk_i/X                    6     11     -5 (VIOLATED)
fanout220/X                               6     11     -5 (VIOLATED)
fanout242/X                               6     11     -5 (VIOLATED)
fanout245/X                               6     11     -5 (VIOLATED)
fanout258/X                               6     11     -5 (VIOLATED)
fanout262/X                               6     11     -5 (VIOLATED)
fanout396/X                               6     11     -5 (VIOLATED)
fanout401/X                               6     11     -5 (VIOLATED)
fanout406/X                               6     11     -5 (VIOLATED)
fanout420/X                               6     11     -5 (VIOLATED)
fanout447/X                               6     11     -5 (VIOLATED)
hold162/X                                 6     11     -5 (VIOLATED)
hold166/X                                 6     11     -5 (VIOLATED)
hold174/X                                 6     11     -5 (VIOLATED)
hold472/X                                 6     11     -5 (VIOLATED)
hold478/X                                 6     11     -5 (VIOLATED)
hold503/X                                 6     11     -5 (VIOLATED)
hold512/X                                 6     11     -5 (VIOLATED)
input79/X                                 6     11     -5 (VIOLATED)
clkbuf_leaf_12_clk_i/X                    6     10     -4 (VIOLATED)
clkbuf_leaf_34_clk_i/X                    6     10     -4 (VIOLATED)
clkbuf_leaf_7_clk_i/X                     6     10     -4 (VIOLATED)
clkbuf_leaf_9_clk_i/X                     6     10     -4 (VIOLATED)
_1927_/X                                  6      9     -3 (VIOLATED)
_2465_/X                                  6      9     -3 (VIOLATED)
_2845_/Y                                  6      9     -3 (VIOLATED)
_2852_/X                                  6      9     -3 (VIOLATED)
_3150_/Q                                  6      9     -3 (VIOLATED)
clkbuf_0_clk_i/X                          6      9     -3 (VIOLATED)
clkbuf_leaf_10_clk_i/X                    6      9     -3 (VIOLATED)
clkbuf_leaf_15_clk_i/X                    6      9     -3 (VIOLATED)
clkbuf_leaf_1_clk_i/X                     6      9     -3 (VIOLATED)
fanout232/X                               6      9     -3 (VIOLATED)
fanout260/X                               6      9     -3 (VIOLATED)
fanout276/X                               6      9     -3 (VIOLATED)
fanout372/X                               6      9     -3 (VIOLATED)
fanout384/X                               6      9     -3 (VIOLATED)
fanout449/X                               6      9     -3 (VIOLATED)
fanout459/X                               6      9     -3 (VIOLATED)
fanout468/X                               6      9     -3 (VIOLATED)
fanout484/X                               6      9     -3 (VIOLATED)
fanout503/X                               6      9     -3 (VIOLATED)
hold202/X                                 6      9     -3 (VIOLATED)
hold205/X                                 6      9     -3 (VIOLATED)
hold236/X                                 6      9     -3 (VIOLATED)
hold243/X                                 6      9     -3 (VIOLATED)
hold290/X                                 6      9     -3 (VIOLATED)
hold293/X                                 6      9     -3 (VIOLATED)
hold337/X                                 6      9     -3 (VIOLATED)
hold357/X                                 6      9     -3 (VIOLATED)
hold365/X                                 6      9     -3 (VIOLATED)
hold547/X                                 6      9     -3 (VIOLATED)
input80/X                                 6      9     -3 (VIOLATED)
input82/X                                 6      9     -3 (VIOLATED)
input83/X                                 6      9     -3 (VIOLATED)
clkbuf_leaf_0_clk_i/X                     6      8     -2 (VIOLATED)
fanout531/X                               6      8     -2 (VIOLATED)
_1863_/X                                  6      7        (VIOLATED)
_1968_/X                                  6      7        (VIOLATED)
_2468_/X                                  6      7        (VIOLATED)
_2472_/X                                  6      7        (VIOLATED)
_2486_/X                                  6      7        (VIOLATED)
_2638_/X                                  6      7        (VIOLATED)
_2867_/X                                  6      7        (VIOLATED)
_3100_/Q                                  6      7        (VIOLATED)
_3243_/Q                                  6      7        (VIOLATED)
_3247_/Q                                  6      7        (VIOLATED)
clkbuf_leaf_11_clk_i/X                    6      7        (VIOLATED)
clkbuf_leaf_13_clk_i/X                    6      7        (VIOLATED)
clkbuf_leaf_27_clk_i/X                    6      7        (VIOLATED)
clkbuf_leaf_29_clk_i/X                    6      7        (VIOLATED)
clkbuf_leaf_2_clk_i/X                     6      7        (VIOLATED)
clkbuf_leaf_3_clk_i/X                     6      7        (VIOLATED)
clkbuf_leaf_4_clk_i/X                     6      7        (VIOLATED)
clkbuf_leaf_5_clk_i/X                     6      7        (VIOLATED)
clkbuf_leaf_6_clk_i/X                     6      7        (VIOLATED)
fanout160/X                               6      7        (VIOLATED)
fanout224/X                               6      7        (VIOLATED)
fanout236/X                               6      7        (VIOLATED)
fanout247/X                               6      7        (VIOLATED)
fanout250/X                               6      7        (VIOLATED)
fanout264/X                               6      7        (VIOLATED)
fanout270/X                               6      7        (VIOLATED)
fanout277/X                               6      7        (VIOLATED)
fanout390/X                               6      7        (VIOLATED)
fanout450/X                               6      7        (VIOLATED)
fanout451/X                               6      7        (VIOLATED)
fanout460/X                               6      7        (VIOLATED)
fanout467/X                               6      7        (VIOLATED)
fanout501/X                               6      7        (VIOLATED)
fanout504/X                               6      7        (VIOLATED)
fanout516/X                               6      7        (VIOLATED)
hold239/X                                 6      7        (VIOLATED)
hold266/X                                 6      7        (VIOLATED)
hold282/X                                 6      7        (VIOLATED)
hold286/X                                 6      7        (VIOLATED)
hold309/X                                 6      7        (VIOLATED)
hold315/X                                 6      7        (VIOLATED)
hold324/X                                 6      7        (VIOLATED)
hold327/X                                 6      7        (VIOLATED)
hold344/X                                 6      7        (VIOLATED)
hold508/X                                 6      7        (VIOLATED)
hold515/X                                 6      7        (VIOLATED)
hold519/X                                 6      7        (VIOLATED)
hold542/X                                 6      7        (VIOLATED)
hold60/X                                  6      7        (VIOLATED)
input74/X                                 6      7        (VIOLATED)
input75/X                                 6      7        (VIOLATED)



===========================================================================
report_parasitic_annotation -report_unannotated
============================================================================
Found 95 unannotated drivers.
 tl_i[0]
 tl_i[103]
 tl_i[104]
 tl_i[105]
 tl_i[106]
 tl_i[10]
 tl_i[11]
 tl_i[12]
 tl_i[13]
 tl_i[14]
 tl_i[15]
 tl_i[16]
 tl_i[17]
 tl_i[18]
 tl_i[19]
 tl_i[1]
 tl_i[20]
 tl_i[21]
 tl_i[22]
 tl_i[23]
 tl_i[24]
 tl_i[2]
 tl_i[3]
 tl_i[4]
 tl_i[57]
 tl_i[58]
 tl_i[59]
 tl_i[5]
 tl_i[60]
 tl_i[6]
 tl_i[73]
 tl_i[74]
 tl_i[75]
 tl_i[76]
 tl_i[77]
 tl_i[78]
 tl_i[79]
 tl_i[7]
 tl_i[80]
 tl_i[81]
 tl_i[82]
 tl_i[83]
 tl_i[84]
 tl_i[85]
 tl_i[86]
 tl_i[87]
 tl_i[88]
 tl_i[89]
 tl_i[8]
 tl_i[90]
 tl_i[91]
 tl_i[92]
 tl_i[9]
 clkload0/Y
 clkload1/Y
 clkload10/Y
 clkload11/Y
 clkload12/Y
 clkload13/Y
 clkload14/Y
 clkload15/X
 clkload16/Y
 clkload17/Y
 clkload18/Y
 clkload19/Y
 clkload2/Y
 clkload20/Y
 clkload21/X
 clkload22/Y
 clkload23/Y
 clkload24/Y
 clkload25/X
 clkload26/Y
 clkload27/X
 clkload28/X
 clkload29/Y
 clkload3/X
 clkload30/X
 clkload31/X
 clkload32/Y
 clkload33/Y
 clkload4/Y
 clkload5/X
 clkload6/Y
 clkload7/Y
 clkload8/Y
 clkload9/X
 rv_plic_lite_532/HI
 rv_plic_lite_533/HI
 rv_plic_lite_534/HI
 rv_plic_lite_535/HI
 rv_plic_lite_536/HI
 rv_plic_lite_537/HI
 rv_plic_lite_538/HI
 rv_plic_lite_539/LO
Found 0 partially unannotated drivers.

===========================================================================
max slew violation count 0
max fanout violation count 182
max cap violation count 0
============================================================================

===========================================================================
check_setup -verbose -unconstrained_endpoints -multiple_clock -no_clock -no_input_delay -loops -generated_clocks
===========================================================================
Warning: There are 8 unconstrained endpoints.
  tl_o[0]
  tl_o[15]
  tl_o[48]
  tl_o[59]
  tl_o[60]
  tl_o[61]
  tl_o[63]
  tl_o[64]
