Clock: clk_i
Sources: clk_i 
Generated: no
Virtual: yes
Propagated: no
Period: 50.000000

===========================================================================
report_clock_properties
============================================================================
Clock                   Period          Waveform
----------------------------------------------------
clk_i                50.000000    0.000000 25.000000

===========================================================================
report_clock_latency
============================================================================
Clock clk_i
rise -> rise
    min     max
0.000000 0.000000 source latency
0.683492         network latency _3266_/CLK
        0.899493 network latency _3132_/CLK
---------------
0.683492 0.899493 latency
        0.216001 skew

fall -> fall
    min     max
0.000000 0.000000 source latency
0.549662         network latency _3155_/CLK
        0.749910 network latency _3132_/CLK
---------------
0.549662 0.749910 latency
        0.200249 skew



===========================================================================
report_clock_min_period
============================================================================
clk_i period_min = 26.17 fmax = 38.21
