Clock: clk
Sources: wb_clk_i 
Generated: no
Virtual: yes
Propagated: no
Period: 35.000000

===========================================================================
report_clock_properties
============================================================================
Clock                   Period          Waveform
----------------------------------------------------
clk                  35.000000    0.000000 17.500000

===========================================================================
report_clock_latency
============================================================================
Clock clk
rise -> rise
    min     max
4.650000 5.570000 source latency
10.449067         network latency u_plic/_3266_/CLK
        17.009937 network latency u_dm/_09354_/CLK
---------------
15.099068 22.579937 latency
        7.480869 skew

fall -> rise
    min     max
4.650000 5.570000 source latency
20.700878         network latency u_ibex/_1186_/CLK
        21.655563 network latency u_ibex/_1194_/CLK
---------------
25.350878 27.225563 latency
        1.874685 skew

fall -> fall
    min     max
4.650000 5.570000 source latency
10.064195         network latency u_plic/_3266_/CLK
        21.955729 network latency u_ibex/_1194_/CLK
---------------
14.714194 27.525728 latency
        12.811534 skew



===========================================================================
report_clock_min_period
============================================================================
clk period_min = 45.78 fmax = 21.84
