
===========================================================================
Violator List
============================================================================
[hold reg-reg] u_fft/_12914_/Q -> u_fft_bank1/DI[1] : -3.497721
[hold reg-reg] u_fft/_12914_/Q -> u_fft_bank0/DI[1] : -3.487823
[hold reg-reg] u_fft/_12937_/Q -> u_fft_bank1/DI[24] : -3.453163
[hold reg-reg] u_fft/_12939_/Q -> u_fft_bank1/DI[26] : -3.443937
[hold reg-reg] u_fft/_12937_/Q -> u_fft_bank0/DI[24] : -3.442470
[hold reg-reg] u_fft/_12919_/Q -> u_fft_bank1/DI[6] : -3.433165
[hold reg-reg] u_fft/_12939_/Q -> u_fft_bank0/DI[26] : -3.433133
[hold reg-reg] u_fft/_12919_/Q -> u_fft_bank0/DI[6] : -3.422642
[hold reg-reg] u_fft/_12920_/Q -> u_fft_bank1/DI[7] : -3.421821
[hold reg-reg] u_fft/_12920_/Q -> u_fft_bank0/DI[7] : -3.411614
[hold reg-reg] u_fft/_12918_/Q -> u_fft_bank1/DI[5] : -3.411597
[hold reg-reg] u_fft/_12940_/Q -> u_fft_bank1/DI[27] : -3.405155
[hold reg-reg] u_fft/_12918_/Q -> u_fft_bank0/DI[5] : -3.400935
[hold reg-reg] u_fft/_12934_/Q -> u_fft_bank1/DI[21] : -3.397386
[hold reg-reg] u_fft/_12921_/Q -> u_fft_bank1/DI[8] : -3.395908
[hold reg-reg] u_fft/_12940_/Q -> u_fft_bank0/DI[27] : -3.394490
[hold reg-reg] u_fft/_12934_/Q -> u_fft_bank0/DI[21] : -3.387427
[hold reg-reg] u_fft/_12921_/Q -> u_fft_bank0/DI[8] : -3.385690
[hold reg-reg] u_fft/_12936_/Q -> u_fft_bank1/DI[23] : -3.384443
[hold reg-reg] u_fft/_12935_/Q -> u_fft_bank1/DI[22] : -3.375046
[hold reg-reg] u_fft/_12936_/Q -> u_fft_bank0/DI[23] : -3.373963
[hold reg-reg] u_fft/_12917_/Q -> u_fft_bank1/DI[4] : -3.369483
[hold reg-reg] u_fft/_12935_/Q -> u_fft_bank0/DI[22] : -3.364644
[hold reg-reg] u_fft/_12917_/Q -> u_fft_bank0/DI[4] : -3.358874
[hold reg-reg] u_fft/_12923_/Q -> u_fft_bank1/DI[10] : -3.349061
[hold reg-reg] u_fft/_12932_/Q -> u_fft_bank1/DI[19] : -3.341963
[hold reg-reg] u_fft/_12923_/Q -> u_fft_bank0/DI[10] : -3.339078
[hold reg-reg] u_fft/_12932_/Q -> u_fft_bank0/DI[19] : -3.331159
[hold reg-reg] u_fft/_12924_/Q -> u_fft_bank1/DI[11] : -3.313488
[hold reg-reg] u_fft/_12941_/Q -> u_fft_bank1/DI[28] : -3.310600
[hold reg-reg] u_fft/_12924_/Q -> u_fft_bank0/DI[11] : -3.303555
[hold reg-reg] u_fft/_12941_/Q -> u_fft_bank0/DI[28] : -3.300105
[hold reg-reg] u_fft/_12916_/Q -> u_fft_bank1/DI[3] : -3.299110
[hold reg-reg] u_fft/_12925_/Q -> u_fft_bank1/DI[12] : -3.293099
[hold reg-reg] u_fft/_12916_/Q -> u_fft_bank0/DI[3] : -3.288477
[hold reg-reg] u_fft/_13300_/Q -> u_fft_bank1/R_WB : -3.288321
[hold reg-reg] u_fft/_12925_/Q -> u_fft_bank0/DI[12] : -3.283376
[hold reg-reg] u_fft/_12926_/Q -> u_fft_bank1/DI[13] : -3.280398
[hold reg-reg] u_fft/_12930_/Q -> u_fft_bank1/DI[17] : -3.279588
[hold reg-reg] u_fft/_13300_/Q -> u_fft_bank0/R_WB : -3.278999
[hold reg-reg] u_fft/_12933_/Q -> u_fft_bank1/DI[20] : -3.278302
[hold reg-reg] u_fft/_12938_/Q -> u_fft_bank1/DI[25] : -3.277503
[hold reg-reg] u_fft/_12915_/Q -> u_fft_bank1/DI[2] : -3.273403
[hold reg-reg] u_fft/_12926_/Q -> u_fft_bank0/DI[13] : -3.270188
[hold reg-reg] u_fft/_12930_/Q -> u_fft_bank0/DI[17] : -3.269424
[hold reg-reg] u_fft/_12933_/Q -> u_fft_bank0/DI[20] : -3.268287
[hold reg-reg] u_fft/_12938_/Q -> u_fft_bank0/DI[25] : -3.268255
[hold reg-reg] u_fft/_12915_/Q -> u_fft_bank0/DI[2] : -3.262748
[hold reg-reg] u_fft/_12931_/Q -> u_fft_bank1/DI[18] : -3.257320
[hold reg-reg] u_fft/_12931_/Q -> u_fft_bank0/DI[18] : -3.247056
[hold reg-reg] u_fft/_12942_/Q -> u_fft_bank1/DI[29] : -3.242892
[hold reg-reg] u_fft/_12929_/Q -> u_fft_bank1/DI[16] : -3.238984
[hold reg-reg] u_fft/_12922_/Q -> u_fft_bank1/DI[9] : -3.235467
[hold reg-reg] u_fft/_12942_/Q -> u_fft_bank0/DI[29] : -3.232216
[hold reg-reg] u_fft/_12929_/Q -> u_fft_bank0/DI[16] : -3.228276
[hold reg-reg] u_fft/_12922_/Q -> u_fft_bank0/DI[9] : -3.227662
[hold reg-reg] u_fft/_12928_/Q -> u_fft_bank1/DI[15] : -3.220421
[hold reg-reg] u_fft/_12928_/Q -> u_fft_bank0/DI[15] : -3.210900
[hold reg-reg] u_fft/_12944_/Q -> u_fft_bank1/DI[31] : -3.206573
[hold reg-reg] u_fft/_12943_/Q -> u_fft_bank1/DI[30] : -3.200953
[hold reg-reg] u_fft/_12944_/Q -> u_fft_bank0/DI[31] : -3.195932
[hold reg-reg] u_fft/_13306_/Q -> u_fft_bank1/AD[5] : -3.193645
[hold reg-reg] u_fft/_12943_/Q -> u_fft_bank0/DI[30] : -3.190298
[hold reg-reg] u_fft/_13306_/Q -> u_fft_bank0/AD[5] : -3.186045
[hold reg-reg] u_fft/_12927_/Q -> u_fft_bank1/DI[14] : -3.146319
[hold reg-reg] u_fft/_12927_/Q -> u_fft_bank0/DI[14] : -3.137149
[hold reg-reg] u_fft/_13309_/Q -> u_fft_bank1/AD[8] : -3.108149
[hold reg-reg] u_fft/_13309_/Q -> u_fft_bank0/AD[8] : -3.099171
[hold reg-reg] u_fft/_13310_/Q -> u_fft_bank1/AD[9] : -3.007887
[hold reg-reg] u_fft/_13310_/Q -> u_fft_bank0/AD[9] : -2.998757
[hold reg-reg] u_fft/_12913_/Q -> u_fft_bank1/DI[0] : -2.988781
[hold reg-reg] u_fft/_12913_/Q -> u_fft_bank0/DI[0] : -2.979068
[hold reg-reg] u_fft/_13304_/Q -> u_fft_bank1/AD[3] : -2.925912
[hold reg-reg] u_fft/_13304_/Q -> u_fft_bank0/AD[3] : -2.916810
[hold reg-reg] u_fft/_13307_/Q -> u_fft_bank1/AD[6] : -2.895828
[hold reg-reg] u_fft/_13307_/Q -> u_fft_bank0/AD[6] : -2.887585
[hold reg-reg] u_fft/_13303_/Q -> u_fft_bank1/AD[2] : -2.843358
[hold reg-reg] u_fft/_13302_/Q -> u_fft_bank1/AD[1] : -2.833105
[hold reg-reg] u_fft/_13303_/Q -> u_fft_bank0/AD[2] : -2.833090
[hold reg-reg] u_fft/_13305_/Q -> u_fft_bank1/AD[4] : -2.832756
[hold reg-reg] u_fft/_13302_/Q -> u_fft_bank0/AD[1] : -2.825850
[hold reg-reg] u_fft/_13305_/Q -> u_fft_bank0/AD[4] : -2.824486
[hold reg-reg] u_fft/_13301_/Q -> u_fft_bank1/AD[0] : -2.747143
[hold reg-reg] u_fft/_13301_/Q -> u_fft_bank0/AD[0] : -2.740976
[hold reg-reg] u_fft/_13308_/Q -> u_fft_bank1/AD[7] : -2.730037
[hold reg-reg] u_fft/_13308_/Q -> u_fft_bank0/AD[7] : -2.722349
[hold reg-reg] u_fft/_13314_/Q -> u_fft_bank0/EN : -2.695273
[hold reg-reg] u_fft/_13314_/Q -> u_fft_bank1/EN : -2.287550
[hold in-reg] wb_rst_i -> u_ibex/_578_/RESET_B : -1.659703
[hold in-reg] wb_rst_i -> u_ibex/_576_/RESET_B : -1.621586
[hold in-reg] wb_rst_i -> u_ibex/_599_/RESET_B : -1.276366
[hold in-reg] wb_rst_i -> u_ibex/_597_/RESET_B : -1.275762
[hold in-reg] wb_rst_i -> u_ibex/_596_/RESET_B : -1.273950
[hold in-reg] wb_rst_i -> u_ibex/_595_/RESET_B : -1.272461
[hold in-reg] wb_rst_i -> u_ibex/_588_/RESET_B : -1.251518
[hold in-reg] wb_rst_i -> u_ibex/_591_/RESET_B : -1.249667
[hold in-reg] wb_rst_i -> u_ibex/_590_/RESET_B : -1.247869
[hold in-reg] wb_rst_i -> u_ibex/_593_/RESET_B : -1.247308
[hold in-reg] wb_rst_i -> u_ibex/_592_/RESET_B : -1.246566
[hold in-reg] wb_rst_i -> u_ibex/_594_/RESET_B : -1.246544
[hold in-reg] wb_rst_i -> u_ibex/_572_/RESET_B : -1.245155
[hold in-reg] wb_rst_i -> u_uart/_7535_/RESET_B : -1.224333
[hold in-reg] wb_rst_i -> u_uart/_7533_/RESET_B : -1.215390
[hold in-reg] wb_rst_i -> u_fft/_12667_/RESET_B : -0.951768
[hold in-reg] wb_rst_i -> u_fft/_12829_/RESET_B : -0.877805
[hold in-reg] wb_rst_i -> u_uart/_7406_/RESET_B : -0.846502
[hold in-reg] wb_rst_i -> u_uart/_7407_/RESET_B : -0.846416
[hold in-reg] wb_rst_i -> u_uart/_7497_/RESET_B : -0.822755
[hold in-reg] wb_rst_i -> u_ibex/_587_/RESET_B : -0.819416
[hold in-reg] wb_rst_i -> u_ibex/_586_/RESET_B : -0.819334
[hold in-reg] wb_rst_i -> u_ibex/_589_/RESET_B : -0.816925
[hold in-reg] wb_rst_i -> u_uart/_8071_/RESET_B : -0.790401
[hold in-reg] wb_rst_i -> u_uart/_8074_/RESET_B : -0.790102
[hold in-reg] wb_rst_i -> u_uart/_8073_/RESET_B : -0.788738
[hold in-reg] wb_rst_i -> u_ibex/_603_/RESET_B : -0.782315
[hold in-reg] wb_rst_i -> u_ibex/_601_/RESET_B : -0.782116
[hold in-reg] wb_rst_i -> u_ibex/_600_/RESET_B : -0.781828
[hold in-reg] wb_rst_i -> u_ibex/_583_/RESET_B : -0.781352
[hold in-reg] wb_rst_i -> u_ibex/_582_/RESET_B : -0.781235
[hold in-reg] wb_rst_i -> u_ibex/_585_/RESET_B : -0.781217
[hold in-reg] wb_rst_i -> u_ibex/_580_/RESET_B : -0.781107
[hold in-reg] wb_rst_i -> u_ibex/_602_/RESET_B : -0.781068
[hold in-reg] wb_rst_i -> u_ibex/_581_/RESET_B : -0.781007
[hold in-reg] wb_rst_i -> u_ibex/_584_/RESET_B : -0.780698
[hold in-reg] wb_rst_i -> u_ibex/_598_/RESET_B : -0.780265
[hold in-reg] wb_rst_i -> u_uart/_7344_/RESET_B : -0.772776
[hold in-reg] wb_rst_i -> u_uart/_7325_/RESET_B : -0.772197
[hold in-reg] wb_rst_i -> u_uart/_7324_/RESET_B : -0.772147
[hold in-reg] wb_rst_i -> u_ibex/_604_/RESET_B : -0.769806
[hold in-reg] wb_rst_i -> u_ibex/_607_/RESET_B : -0.769639
[hold in-reg] wb_rst_i -> u_ibex/_606_/RESET_B : -0.769546
[hold in-reg] wb_rst_i -> u_ibex/_605_/RESET_B : -0.768964
[hold in-reg] wb_rst_i -> u_ibex/_609_/RESET_B : -0.768647
[hold in-reg] wb_rst_i -> u_ibex/_608_/RESET_B : -0.768612
[hold in-reg] wb_rst_i -> u_ibex/_573_/RESET_B : -0.766516
[hold in-reg] wb_rst_i -> u_plic/_2962_/RESET_B : -0.760931
[hold in-reg] wb_rst_i -> u_plic/_2963_/RESET_B : -0.760753
[hold in-reg] wb_rst_i -> u_uart/_8376_/RESET_B : -0.752809
[hold in-reg] wb_rst_i -> u_plic/_2964_/RESET_B : -0.750184
[hold in-reg] wb_rst_i -> u_plic/_2965_/RESET_B : -0.749893
[hold in-reg] wb_rst_i -> u_uart/_7441_/RESET_B : -0.746599
[hold in-reg] wb_rst_i -> u_uart/_7440_/RESET_B : -0.746578
[hold in-reg] wb_rst_i -> u_ibex/_571_/RESET_B : -0.746514
[hold in-reg] wb_rst_i -> u_ibex/_568_/RESET_B : -0.746454
[hold in-reg] wb_rst_i -> u_ibex/_567_/RESET_B : -0.746368
[hold in-reg] wb_rst_i -> u_ibex/_563_/RESET_B : -0.743988
[hold in-reg] wb_rst_i -> u_ibex/_575_/RESET_B : -0.742595
[hold in-reg] wb_rst_i -> u_uart/_7341_/RESET_B : -0.741309
[hold in-reg] wb_rst_i -> u_uart/_7337_/RESET_B : -0.741302
[hold in-reg] wb_rst_i -> u_ibex/_579_/RESET_B : -0.740673
[hold in-reg] wb_rst_i -> u_uart/_7343_/RESET_B : -0.732779
[hold in-reg] wb_rst_i -> u_ibex/_566_/RESET_B : -0.727873
[hold in-reg] wb_rst_i -> u_ibex/_574_/RESET_B : -0.726342
[hold in-reg] wb_rst_i -> u_ibex/_577_/RESET_B : -0.723993
[hold in-reg] wb_rst_i -> u_ibex/_564_/RESET_B : -0.705018
[hold in-reg] wb_rst_i -> u_ibex/_561_/RESET_B : -0.701583
[hold in-reg] wb_rst_i -> u_ibex/_565_/RESET_B : -0.701530
[hold in-reg] wb_rst_i -> u_ibex/_570_/RESET_B : -0.701082
[hold in-reg] wb_rst_i -> u_uart/_7335_/RESET_B : -0.691131
[hold in-reg] wb_rst_i -> u_uart/_7413_/RESET_B : -0.691038
[hold in-reg] wb_rst_i -> u_uart/_7491_/RESET_B : -0.685308
[hold in-reg] wb_rst_i -> u_uart/_8407_/RESET_B : -0.682348
[hold in-reg] wb_rst_i -> u_plic/_2911_/RESET_B : -0.653962
[hold in-reg] wb_rst_i -> u_plic/_2910_/RESET_B : -0.653799
[hold in-reg] wb_rst_i -> u_fft/_12661_/RESET_B : -0.644729
[hold in-reg] wb_rst_i -> u_fft/_12662_/RESET_B : -0.644562
[hold in-reg] wb_rst_i -> u_plic/_3082_/RESET_B : -0.632415
[hold in-reg] wb_rst_i -> u_plic/_3079_/RESET_B : -0.632078
[hold in-reg] wb_rst_i -> u_fft/_12663_/RESET_B : -0.612236
[hold in-reg] wb_rst_i -> u_fft/_12657_/RESET_B : -0.599673
[hold in-reg] wb_rst_i -> u_fft/_12645_/RESET_B : -0.578773
[hold in-reg] wb_rst_i -> u_fft/_12649_/RESET_B : -0.578694
[hold in-reg] wb_rst_i -> u_fft/_12635_/RESET_B : -0.577135
[hold in-reg] wb_rst_i -> u_fft/_12633_/RESET_B : -0.576748
[hold in-reg] wb_rst_i -> u_fft/_12651_/RESET_B : -0.576563
[hold in-reg] wb_rst_i -> u_fft/_12655_/RESET_B : -0.566914
[hold in-reg] wb_rst_i -> u_fft/_12828_/RESET_B : -0.515701
[hold in-reg] wb_rst_i -> u_fft/_12698_/RESET_B : -0.515563
[hold in-reg] wb_rst_i -> u_fft/_12638_/RESET_B : -0.471118
[hold in-reg] wb_rst_i -> u_fft/_12654_/RESET_B : -0.470589
[hold in-reg] wb_rst_i -> u_fft/_12629_/RESET_B : -0.461323
[hold in-reg] wb_rst_i -> u_fft/_12647_/RESET_B : -0.460997
[hold in-reg] wb_rst_i -> u_fft/_13345_/RESET_B : -0.459643
[hold in-reg] wb_rst_i -> u_fft/_12642_/RESET_B : -0.441645
[hold in-reg] wb_rst_i -> u_fft/_12648_/RESET_B : -0.441375
[hold in-reg] wb_rst_i -> u_fft/_12641_/RESET_B : -0.441212
[hold in-reg] wb_rst_i -> u_fft/_12644_/RESET_B : -0.434085
[hold in-reg] wb_rst_i -> u_fft/_12684_/RESET_B : -0.432248
[hold in-reg] wb_rst_i -> u_fft/_12718_/RESET_B : -0.432177
[hold in-reg] wb_rst_i -> u_uart/_7494_/RESET_B : -0.430699
[hold in-reg] wb_rst_i -> u_uart/_7393_/RESET_B : -0.430429
[hold in-reg] wb_rst_i -> u_uart/_7389_/RESET_B : -0.430301
[hold in-reg] wb_rst_i -> u_fft/_12658_/RESET_B : -0.424397
[hold in-reg] wb_rst_i -> u_fft/_12631_/RESET_B : -0.424311
[hold in-reg] wb_rst_i -> u_fft/_12659_/RESET_B : -0.423974
[hold in-reg] wb_rst_i -> u_fft/_12664_/RESET_B : -0.418414
[hold in-reg] wb_rst_i -> u_fft/_12665_/RESET_B : -0.417284
[hold in-reg] wb_rst_i -> u_fft/_12666_/RESET_B : -0.416851
[hold in-reg] wb_rst_i -> u_fft/_12626_/RESET_B : -0.416769
[hold in-reg] wb_rst_i -> u_fft/_12627_/RESET_B : -0.416591
[hold in-reg] wb_rst_i -> u_uart/_7387_/RESET_B : -0.411369
[hold in-reg] wb_rst_i -> u_uart/_7534_/RESET_B : -0.409766
[hold in-reg] wb_rst_i -> u_uart/_7390_/RESET_B : -0.408569
[hold in-reg] wb_rst_i -> u_uart/_7388_/RESET_B : -0.408487
[hold in-reg] wb_rst_i -> u_uart/_8412_/RESET_B : -0.404427
[hold in-reg] wb_rst_i -> u_uart/_7395_/RESET_B : -0.401954
[hold in-reg] wb_rst_i -> u_uart/_7410_/RESET_B : -0.401940
[hold in-reg] wb_rst_i -> u_uart/_7411_/RESET_B : -0.401833
[hold in-reg] wb_rst_i -> u_fft/_12656_/RESET_B : -0.401752
[hold in-reg] wb_rst_i -> u_uart/_7391_/RESET_B : -0.396707
[hold in-reg] wb_rst_i -> u_uart/_7397_/RESET_B : -0.396554
[hold in-reg] wb_rst_i -> u_uart/_7551_/RESET_B : -0.396465
[hold in-reg] wb_rst_i -> u_uart/_7496_/RESET_B : -0.396337
[hold in-reg] wb_rst_i -> u_uart/_7495_/RESET_B : -0.396302
[hold in-reg] wb_rst_i -> u_uart/_7396_/RESET_B : -0.396252
[hold in-reg] wb_rst_i -> u_plic/_3011_/RESET_B : -0.392699
[hold in-reg] wb_rst_i -> u_plic/_3031_/RESET_B : -0.392578
[hold in-reg] wb_rst_i -> u_plic/_3010_/RESET_B : -0.392536
[hold in-reg] wb_rst_i -> u_uart/_7539_/RESET_B : -0.392074
[hold in-reg] wb_rst_i -> u_uart/_7455_/RESET_B : -0.388294
[hold in-reg] wb_rst_i -> u_uart/_7392_/RESET_B : -0.386425
[hold in-reg] wb_rst_i -> u_uart/_7384_/RESET_B : -0.386009
[hold in-reg] wb_rst_i -> u_uart/_7385_/RESET_B : -0.385818
[hold in-reg] wb_rst_i -> u_uart/_7412_/RESET_B : -0.383892
[hold in-reg] wb_rst_i -> u_uart/_7438_/RESET_B : -0.378925
[hold in-reg] wb_rst_i -> u_uart/_7437_/RESET_B : -0.378911
[hold in-reg] wb_rst_i -> u_uart/_8410_/RESET_B : -0.378851
[hold in-reg] wb_rst_i -> u_uart/_8411_/RESET_B : -0.377259
[hold in-reg] wb_rst_i -> u_uart/_8413_/RESET_B : -0.376481
[hold in-reg] wb_rst_i -> u_plic/_2925_/RESET_B : -0.358330
[hold in-reg] wb_rst_i -> u_plic/_3050_/RESET_B : -0.358117
[hold in-reg] wb_rst_i -> u_uart/_8399_/RESET_B : -0.355204
[hold in-reg] wb_rst_i -> u_fft/_12660_/RESET_B : -0.353666
[hold in-reg] wb_rst_i -> u_uart/_8396_/RESET_B : -0.352856
[hold in-reg] wb_rst_i -> u_plic/_3075_/RESET_B : -0.345896
[hold in-reg] wb_rst_i -> u_plic/_3039_/RESET_B : -0.342965
[hold in-reg] wb_rst_i -> u_plic/_3041_/RESET_B : -0.341483
[hold in-reg] wb_rst_i -> u_plic/_3104_/RESET_B : -0.335071
[hold in-reg] wb_rst_i -> u_plic/_3028_/RESET_B : -0.334129
[hold in-reg] wb_rst_i -> u_plic/_3032_/RESET_B : -0.333912
[hold in-reg] wb_rst_i -> u_plic/_2960_/RESET_B : -0.333863
[hold in-reg] wb_rst_i -> u_ibex/_562_/RESET_B : -0.333383
[hold in-reg] wb_rst_i -> u_plic/_3020_/RESET_B : -0.332509
[hold in-reg] wb_rst_i -> u_ibex/_557_/RESET_B : -0.332200
[hold in-reg] wb_rst_i -> u_plic/_3030_/RESET_B : -0.331987
[hold in-reg] wb_rst_i -> u_ibex/_558_/RESET_B : -0.331795
[hold in-reg] wb_rst_i -> u_ibex/_559_/RESET_B : -0.331472
[hold in-reg] wb_rst_i -> u_ibex/_560_/RESET_B : -0.331323
[hold in-reg] wb_rst_i -> u_plic/_2961_/RESET_B : -0.330228
[hold in-reg] wb_rst_i -> u_plic/_3009_/RESET_B : -0.325230
[hold in-reg] wb_rst_i -> u_plic/_2958_/RESET_B : -0.323663
[hold in-reg] wb_rst_i -> u_plic/_2959_/RESET_B : -0.323372
[hold in-reg] wb_rst_i -> u_plic/_3017_/RESET_B : -0.322007
[hold in-reg] wb_rst_i -> u_plic/_3023_/RESET_B : -0.321879
[hold in-reg] wb_rst_i -> u_plic/_3021_/RESET_B : -0.321645
[hold in-reg] wb_rst_i -> u_plic/_3022_/RESET_B : -0.318856
[hold in-reg] wb_rst_i -> u_uart/_7530_/RESET_B : -0.316604
[hold in-reg] wb_rst_i -> u_plic/_3059_/RESET_B : -0.315190
[hold in-reg] wb_rst_i -> u_plic/_3058_/RESET_B : -0.315008
[hold in-reg] wb_rst_i -> u_plic/_3015_/RESET_B : -0.301462
[hold in-reg] wb_rst_i -> u_plic/_3016_/RESET_B : -0.299703
[hold in-reg] wb_rst_i -> u_uart/_8377_/RESET_B : -0.296971
[hold in-reg] wb_rst_i -> u_plic/_2956_/RESET_B : -0.292683
[hold in-reg] wb_rst_i -> u_plic/_2955_/RESET_B : -0.291266
[hold in-reg] wb_rst_i -> u_plic/_2954_/RESET_B : -0.290921
[hold in-reg] wb_rst_i -> u_uart/_7555_/RESET_B : -0.283844
[hold in-reg] wb_rst_i -> u_uart/_7553_/RESET_B : -0.282924
[hold in-reg] wb_rst_i -> u_plic/_3038_/RESET_B : -0.271555
[hold in-reg] wb_rst_i -> u_plic/_3006_/RESET_B : -0.271434
[hold in-reg] wb_rst_i -> u_plic/_3033_/RESET_B : -0.271097
[hold in-reg] wb_rst_i -> u_plic/_3035_/RESET_B : -0.270415
[hold in-reg] wb_rst_i -> u_plic/_2966_/RESET_B : -0.264134
[hold in-reg] wb_rst_i -> u_plic/_2968_/RESET_B : -0.264055
[hold in-reg] wb_rst_i -> u_plic/_2967_/RESET_B : -0.263942
[hold in-reg] wb_rst_i -> u_uart/_8086_/RESET_B : -0.250960
[hold in-reg] wb_rst_i -> u_uart/_8083_/RESET_B : -0.250591
[hold in-reg] wb_rst_i -> u_plic/_2931_/RESET_B : -0.237293
[hold in-reg] wb_rst_i -> u_uart/_7450_/RESET_B : -0.232255
[hold in-reg] wb_rst_i -> u_uart/_8085_/RESET_B : -0.232230
[hold in-reg] wb_rst_i -> u_uart/_8082_/RESET_B : -0.232113
[hold in-reg] wb_rst_i -> u_plic/_2984_/RESET_B : -0.225473
[hold in-reg] wb_rst_i -> u_plic/_2983_/RESET_B : -0.223611
[hold in-reg] wb_rst_i -> u_plic/_2982_/RESET_B : -0.223359
[hold in-reg] wb_rst_i -> u_plic/_2950_/RESET_B : -0.223309
[hold in-reg] wb_rst_i -> u_uart/_8084_/RESET_B : -0.221981
[hold in-reg] wb_rst_i -> u_plic/_2953_/RESET_B : -0.215792
[hold in-reg] wb_rst_i -> u_plic/_2941_/RESET_B : -0.209408
[hold in-reg] wb_rst_i -> u_plic/_2942_/RESET_B : -0.208921
[hold in-reg] wb_rst_i -> u_plic/_2939_/RESET_B : -0.206221
[hold in-reg] wb_rst_i -> u_plic/_2948_/RESET_B : -0.205752
[hold in-reg] wb_rst_i -> u_plic/_2940_/RESET_B : -0.205688
[hold in-reg] wb_rst_i -> u_plic/_2927_/RESET_B : -0.205233
[hold in-reg] wb_rst_i -> u_plic/_2934_/RESET_B : -0.192891
[hold in-reg] wb_rst_i -> u_spi_host/_4265_/RESET_B : -0.145487
[hold in-reg] wb_rst_i -> u_uart/_8076_/RESET_B : -0.142176
[hold in-reg] wb_rst_i -> u_plic/_3073_/RESET_B : -0.128285
[hold in-reg] wb_rst_i -> u_uart/_7436_/RESET_B : -0.116682
[hold in-reg] wb_rst_i -> u_uart/_8406_/RESET_B : -0.116398
[hold in-reg] wb_rst_i -> u_plic/_3083_/RESET_B : -0.108216
[hold in-reg] wb_rst_i -> u_plic/_2918_/RESET_B : -0.094452
[hold in-reg] wb_rst_i -> u_uart/_7552_/RESET_B : -0.091973
[hold in-reg] wb_rst_i -> u_uart/_8400_/RESET_B : -0.091912
[hold in-reg] wb_rst_i -> u_uart/_8401_/RESET_B : -0.091887
[hold in-reg] wb_rst_i -> u_uart/_7537_/RESET_B : -0.091873
[hold in-reg] wb_rst_i -> u_plic/_3085_/RESET_B : -0.087258
[hold in-reg] wb_rst_i -> u_plic/_3105_/RESET_B : -0.086946
[hold in-reg] wb_rst_i -> u_plic/_3084_/RESET_B : -0.085535
[hold in-reg] wb_rst_i -> u_plic/_3086_/RESET_B : -0.085411
[hold in-reg] wb_rst_i -> u_plic/_3087_/RESET_B : -0.085393
[hold in-reg] wb_rst_i -> u_plic/_3081_/RESET_B : -0.079385
[hold in-reg] wb_rst_i -> u_plic/_3076_/RESET_B : -0.079243
[hold in-reg] wb_rst_i -> u_plic/_3080_/RESET_B : -0.078931
[hold in-reg] wb_rst_i -> u_plic/_2938_/RESET_B : -0.078913
[hold in-reg] wb_rst_i -> u_plic/_3042_/RESET_B : -0.077979
[hold in-reg] wb_rst_i -> u_uart/_7338_/RESET_B : -0.040565
[hold in-reg] wb_rst_i -> u_uart/_8078_/RESET_B : -0.040565
[hold in-reg] wb_rst_i -> u_uart/_8077_/RESET_B : -0.040476
[hold in-reg] wb_rst_i -> u_uart/_8079_/RESET_B : -0.040394
[hold in-reg] wb_rst_i -> u_uart/_7409_/SET_B : -0.021064
[setup reg-out] u_uart/_7555_/Q -> user_irq[0] : -25.660704
[setup reg-reg] u_ibex/_578_/Q -> u_uart/_7386_/D : -1.738556
[setup reg-reg] u_uart/_7555_/Q -> u_plic/_2925_/D : -1.361919
[setup reg-reg] u_uart/_7555_/Q -> u_plic/_2932_/D : -1.354422
[setup reg-reg] u_uart/_7555_/Q -> u_plic/_2916_/D : -1.315158
[setup reg-reg] u_ibex/_578_/Q -> u_uart/_7394_/D : -1.266343
[setup reg-reg] u_uart/_7555_/Q -> u_plic/_2910_/D : -1.241418
[setup reg-reg] u_uart/_7555_/Q -> u_plic/_2914_/D : -1.230973
[setup reg-reg] u_uart/_7555_/Q -> u_plic/_2938_/D : -1.197897
[setup reg-reg] u_uart/_7555_/Q -> u_plic/_2927_/D : -1.160664
[setup reg-reg] u_uart/_7555_/Q -> u_plic/_2941_/D : -1.156749
[setup reg-reg] u_uart/_7555_/Q -> u_plic/_2931_/D : -1.132598
[setup reg-reg] u_ibex/_578_/Q -> u_uart/_7393_/D : -1.130928
[setup reg-reg] u_uart/_7555_/Q -> u_plic/_2930_/D : -1.116995
[setup reg-reg] u_uart/_7555_/Q -> u_plic/_2922_/D : -1.108539
[setup reg-reg] u_uart/_7555_/Q -> u_plic/_2937_/D : -1.068827
[setup reg-reg] u_uart/_7555_/Q -> u_plic/_2926_/D : -1.063221
[setup reg-reg] u_uart/_7555_/Q -> u_plic/_2939_/D : -1.045642
[setup reg-reg] u_uart/_7555_/Q -> u_plic/_2935_/D : -1.043489
[setup reg-reg] u_uart/_7555_/Q -> u_plic/_2920_/D : -1.023423
[setup reg-reg] u_uart/_7555_/Q -> u_plic/_2940_/D : -1.020872
[setup reg-reg] u_uart/_7555_/Q -> u_plic/_2924_/D : -0.964306
[setup reg-reg] u_uart/_7555_/Q -> u_plic/_2928_/D : -0.962487
[setup reg-reg] u_uart/_7555_/Q -> u_plic/_2933_/D : -0.943714
[setup reg-reg] u_uart/_7555_/Q -> u_plic/_2936_/D : -0.933788
[setup reg-reg] u_uart/_7555_/Q -> u_plic/_2934_/D : -0.892911
[setup reg-reg] u_uart/_7555_/Q -> u_plic/_2929_/D : -0.753147
[setup reg-reg] u_uart/_7555_/Q -> u_plic/_2912_/D : -0.606136
