
===========================================================================
report_checks -unconstrained
===========================================================================
======================= min_tt_025C_1v80 Corner ===================================

Startpoint: tl_u_rom_i[65] (input port clocked by clk_i)
Endpoint: tl_host_o[58] (output port clocked by clk_i)
Path Group: clk_i
Path Type: max

Fanout         Cap        Slew       Delay        Time   Description
---------------------------------------------------------------------------------------------
                                  0.000000    0.000000   clock clk_i (rise edge)
                                  0.000000    0.000000   clock network delay (propagated)
                                  5.000000    5.000000 v input external delay
     2    0.006547    0.016965    0.010585    5.010585 v tl_u_rom_i[65] (in)
                                                         tl_u_rom_i[65] (net)
                      0.016965    0.000000    5.010585 v input293/A (sky130_fd_sc_hd__buf_6)
     5    0.117269    0.103241    0.167911    5.178495 v input293/X (sky130_fd_sc_hd__buf_6)
                                                         net293 (net)
                      0.103252    0.000929    5.179424 v fanout1512/A (sky130_fd_sc_hd__buf_8)
     7    0.134038    0.099063    0.190801    5.370225 v fanout1512/X (sky130_fd_sc_hd__buf_8)
                                                         net1512 (net)
                      0.099091    0.001642    5.371868 v fanout1511/A (sky130_fd_sc_hd__clkbuf_16)
     7    0.160863    0.113601    0.234395    5.606263 v fanout1511/X (sky130_fd_sc_hd__clkbuf_16)
                                                         net1511 (net)
                      0.121135    0.022588    5.628850 v _0385_/A (sky130_fd_sc_hd__clkinv_4)
     3    0.069532    0.138484    0.150218    5.779068 ^ _0385_/Y (sky130_fd_sc_hd__clkinv_4)
                                                         _0021_ (net)
                      0.141536    0.016290    5.795358 ^ fanout1424/A (sky130_fd_sc_hd__buf_12)
     7    0.196462    0.219529    0.212383    6.007741 ^ fanout1424/X (sky130_fd_sc_hd__buf_12)
                                                         net1424 (net)
                      0.219548    0.002148    6.009889 ^ fanout1423/A (sky130_fd_sc_hd__buf_6)
     7    0.126319    0.251511    0.272150    6.282039 ^ fanout1423/X (sky130_fd_sc_hd__buf_6)
                                                         net1423 (net)
                      0.251512    0.000253    6.282292 ^ fanout1422/A (sky130_fd_sc_hd__clkbuf_8)
     7    0.103700    0.185108    0.286567    6.568859 ^ fanout1422/X (sky130_fd_sc_hd__clkbuf_8)
                                                         net1422 (net)
                      0.185109    0.000400    6.569259 ^ fanout1421/A (sky130_fd_sc_hd__buf_4)
    13    0.086685    0.241063    0.293074    6.862334 ^ fanout1421/X (sky130_fd_sc_hd__buf_4)
                                                         net1421 (net)
                      0.242164    0.013243    6.875577 ^ fanout1418/A (sky130_fd_sc_hd__buf_2)
     7    0.054250    0.265147    0.321618    7.197195 ^ fanout1418/X (sky130_fd_sc_hd__buf_2)
                                                         net1418 (net)
                      0.265147    0.000119    7.197313 ^ fanout1416/A (sky130_fd_sc_hd__buf_2)
    13    0.051952    0.254286    0.321858    7.519171 ^ fanout1416/X (sky130_fd_sc_hd__buf_2)
                                                         net1416 (net)
                      0.254355    0.003489    7.522660 ^ _0444_/A (sky130_fd_sc_hd__nand2_2)
     7    0.042262    0.185012    0.217811    7.740471 v _0444_/Y (sky130_fd_sc_hd__nand2_2)
                                                         _0072_ (net)
                      0.185013    0.000192    7.740663 v fanout1333/A (sky130_fd_sc_hd__clkbuf_4)
    13    0.068388    0.138894    0.292858    8.033521 v fanout1333/X (sky130_fd_sc_hd__clkbuf_4)
                                                         net1333 (net)
                      0.138894    0.000158    8.033679 v fanout1332/A (sky130_fd_sc_hd__clkbuf_2)
     6    0.028942    0.113741    0.214848    8.248527 v fanout1332/X (sky130_fd_sc_hd__clkbuf_2)
                                                         net1332 (net)
                      0.113741    0.000210    8.248737 v _0635_/B1 (sky130_fd_sc_hd__o221a_1)
     1    0.003524    0.049513    0.249796    8.498533 v _0635_/X (sky130_fd_sc_hd__o221a_1)
                                                         _0230_ (net)
                      0.049513    0.000060    8.498593 v _0636_/B (sky130_fd_sc_hd__or2_1)
     1    0.014359    0.098422    0.263352    8.761945 v _0636_/X (sky130_fd_sc_hd__or2_1)
                                                         _0231_ (net)
                      0.098427    0.000834    8.762779 v _0638_/B1 (sky130_fd_sc_hd__a22o_2)
     3    0.044220    0.129088    0.326766    9.089545 v _0638_/X (sky130_fd_sc_hd__a22o_2)
                                                         net549 (net)
                      0.129544    0.005459    9.095004 v output549/A (sky130_fd_sc_hd__buf_2)
     1    0.034495    0.089966    0.218900    9.313904 v output549/X (sky130_fd_sc_hd__buf_2)
                                                         tl_host_o[58] (net)
                      0.089967    0.000415    9.314319 v tl_host_o[58] (out)
                                              9.314319   data arrival time

                                 25.000000   25.000000   clock clk_i (rise edge)
                                  0.000000   25.000000   clock network delay (propagated)
                                 -0.250000   24.750000   clock uncertainty
                                  0.000000   24.750000   clock reconvergence pessimism
                                 -5.000000   19.750000   output external delay
                                             19.750000   data required time
---------------------------------------------------------------------------------------------
                                             19.750000   data required time
                                             -9.314319   data arrival time
---------------------------------------------------------------------------------------------
                                             10.435681   slack (MET)




===========================================================================
report_checks --slack_max -0.01
============================================================================
======================= min_tt_025C_1v80 Corner ===================================

No paths found.


===========================================================================
 report_check_types -max_slew -max_cap -max_fanout -violators
============================================================================
======================= min_tt_025C_1v80 Corner ===================================

max fanout

Pin                                   Limit Fanout  Slack
---------------------------------------------------------
fanout1333/X                              6     13     -7 (VIOLATED)
fanout1334/X                              6     13     -7 (VIOLATED)
fanout1336/X                              6     13     -7 (VIOLATED)
fanout1337/X                              6     13     -7 (VIOLATED)
fanout1338/X                              6     13     -7 (VIOLATED)
fanout1339/X                              6     13     -7 (VIOLATED)
fanout1341/X                              6     13     -7 (VIOLATED)
fanout1344/X                              6     13     -7 (VIOLATED)
fanout1349/X                              6     13     -7 (VIOLATED)
fanout1352/X                              6     13     -7 (VIOLATED)
fanout1353/X                              6     13     -7 (VIOLATED)
fanout1354/X                              6     13     -7 (VIOLATED)
fanout1355/X                              6     13     -7 (VIOLATED)
fanout1357/X                              6     13     -7 (VIOLATED)
fanout1361/X                              6     13     -7 (VIOLATED)
fanout1362/X                              6     13     -7 (VIOLATED)
fanout1363/X                              6     13     -7 (VIOLATED)
fanout1364/X                              6     13     -7 (VIOLATED)
fanout1365/X                              6     13     -7 (VIOLATED)
fanout1366/X                              6     13     -7 (VIOLATED)
fanout1372/X                              6     13     -7 (VIOLATED)
fanout1373/X                              6     13     -7 (VIOLATED)
fanout1374/X                              6     13     -7 (VIOLATED)
fanout1375/X                              6     13     -7 (VIOLATED)
fanout1377/X                              6     13     -7 (VIOLATED)
fanout1380/X                              6     13     -7 (VIOLATED)
fanout1382/X                              6     13     -7 (VIOLATED)
fanout1383/X                              6     13     -7 (VIOLATED)
fanout1387/X                              6     13     -7 (VIOLATED)
fanout1388/X                              6     13     -7 (VIOLATED)
fanout1389/X                              6     13     -7 (VIOLATED)
fanout1391/X                              6     13     -7 (VIOLATED)
fanout1394/X                              6     13     -7 (VIOLATED)
fanout1395/X                              6     13     -7 (VIOLATED)
fanout1396/X                              6     13     -7 (VIOLATED)
fanout1398/X                              6     13     -7 (VIOLATED)
fanout1407/X                              6     13     -7 (VIOLATED)
fanout1408/X                              6     13     -7 (VIOLATED)
fanout1409/X                              6     13     -7 (VIOLATED)
fanout1410/X                              6     13     -7 (VIOLATED)
fanout1412/X                              6     13     -7 (VIOLATED)
fanout1415/X                              6     13     -7 (VIOLATED)
fanout1416/X                              6     13     -7 (VIOLATED)
fanout1417/X                              6     13     -7 (VIOLATED)
fanout1419/X                              6     13     -7 (VIOLATED)
fanout1421/X                              6     13     -7 (VIOLATED)
fanout1425/X                              6     13     -7 (VIOLATED)
fanout1426/X                              6     13     -7 (VIOLATED)
fanout1427/X                              6     13     -7 (VIOLATED)
fanout1429/X                              6     13     -7 (VIOLATED)
fanout1432/X                              6     13     -7 (VIOLATED)
fanout1435/X                              6     13     -7 (VIOLATED)
fanout1437/X                              6     13     -7 (VIOLATED)
fanout1440/X                              6     13     -7 (VIOLATED)
fanout1442/X                              6     13     -7 (VIOLATED)
fanout1444/X                              6     13     -7 (VIOLATED)
fanout1446/X                              6     13     -7 (VIOLATED)
fanout1448/X                              6     13     -7 (VIOLATED)
fanout1450/X                              6     13     -7 (VIOLATED)
fanout1451/X                              6     13     -7 (VIOLATED)
fanout1452/X                              6     13     -7 (VIOLATED)
fanout1454/X                              6     13     -7 (VIOLATED)
fanout1457/X                              6     13     -7 (VIOLATED)
fanout1458/X                              6     13     -7 (VIOLATED)
fanout1461/X                              6     13     -7 (VIOLATED)
fanout1465/X                              6     13     -7 (VIOLATED)
fanout1468/X                              6     13     -7 (VIOLATED)
fanout1470/X                              6     13     -7 (VIOLATED)
fanout1471/X                              6     13     -7 (VIOLATED)
fanout1473/X                              6     13     -7 (VIOLATED)
fanout1477/X                              6     13     -7 (VIOLATED)
fanout1478/X                              6     13     -7 (VIOLATED)
fanout1479/X                              6     13     -7 (VIOLATED)
fanout1481/X                              6     13     -7 (VIOLATED)
fanout1483/X                              6     13     -7 (VIOLATED)
fanout1487/X                              6     13     -7 (VIOLATED)
fanout1489/X                              6     13     -7 (VIOLATED)
fanout1491/X                              6     13     -7 (VIOLATED)
fanout1493/X                              6     13     -7 (VIOLATED)
fanout1497/X                              6     13     -7 (VIOLATED)
fanout1499/X                              6     13     -7 (VIOLATED)
fanout1500/X                              6     13     -7 (VIOLATED)
fanout1502/X                              6     13     -7 (VIOLATED)
fanout1505/X                              6     13     -7 (VIOLATED)
fanout1506/X                              6     13     -7 (VIOLATED)
fanout1508/X                              6     13     -7 (VIOLATED)
fanout1513/X                              6     13     -7 (VIOLATED)
fanout1515/X                              6     13     -7 (VIOLATED)
fanout1517/X                              6     13     -7 (VIOLATED)
fanout1519/X                              6     13     -7 (VIOLATED)
fanout1521/X                              6     13     -7 (VIOLATED)
fanout1523/X                              6     13     -7 (VIOLATED)
fanout1525/X                              6     13     -7 (VIOLATED)
fanout1528/X                              6     13     -7 (VIOLATED)
fanout1531/X                              6     13     -7 (VIOLATED)
fanout1533/X                              6     13     -7 (VIOLATED)
fanout1535/X                              6     13     -7 (VIOLATED)
fanout1537/X                              6     13     -7 (VIOLATED)
fanout1539/X                              6     13     -7 (VIOLATED)
fanout1545/X                              6     13     -7 (VIOLATED)
fanout1546/X                              6     13     -7 (VIOLATED)
fanout1547/X                              6     13     -7 (VIOLATED)
fanout1548/X                              6     13     -7 (VIOLATED)
fanout1551/X                              6     13     -7 (VIOLATED)
fanout1552/X                              6     13     -7 (VIOLATED)
fanout1553/X                              6     13     -7 (VIOLATED)
fanout1555/X                              6     13     -7 (VIOLATED)
fanout1556/X                              6     13     -7 (VIOLATED)
fanout1558/X                              6     13     -7 (VIOLATED)
fanout1560/X                              6     13     -7 (VIOLATED)
fanout1562/X                              6     13     -7 (VIOLATED)
fanout1564/X                              6     13     -7 (VIOLATED)
fanout1565/X                              6     13     -7 (VIOLATED)
fanout1567/X                              6     13     -7 (VIOLATED)
fanout1571/X                              6     13     -7 (VIOLATED)
fanout1574/X                              6     13     -7 (VIOLATED)
fanout1578/X                              6     13     -7 (VIOLATED)
fanout1581/X                              6     13     -7 (VIOLATED)
fanout1583/X                              6     13     -7 (VIOLATED)
fanout1585/X                              6     13     -7 (VIOLATED)
fanout1587/X                              6     13     -7 (VIOLATED)
fanout1590/X                              6     13     -7 (VIOLATED)
fanout1591/X                              6     13     -7 (VIOLATED)
fanout1592/X                              6     13     -7 (VIOLATED)
fanout1593/X                              6     13     -7 (VIOLATED)
fanout1594/X                              6     13     -7 (VIOLATED)
fanout1595/X                              6     13     -7 (VIOLATED)
fanout1596/X                              6     13     -7 (VIOLATED)
fanout1597/X                              6     13     -7 (VIOLATED)
fanout1598/X                              6     13     -7 (VIOLATED)
fanout1599/X                              6     13     -7 (VIOLATED)
fanout1600/X                              6     13     -7 (VIOLATED)
fanout1601/X                              6     13     -7 (VIOLATED)
fanout1602/X                              6     13     -7 (VIOLATED)
fanout1603/X                              6     13     -7 (VIOLATED)
fanout1604/X                              6     13     -7 (VIOLATED)
fanout1605/X                              6     13     -7 (VIOLATED)
fanout1606/X                              6     13     -7 (VIOLATED)
fanout1607/X                              6     13     -7 (VIOLATED)
fanout1608/X                              6     13     -7 (VIOLATED)
fanout1609/X                              6     13     -7 (VIOLATED)
fanout1610/X                              6     13     -7 (VIOLATED)
fanout1611/X                              6     13     -7 (VIOLATED)
fanout1612/X                              6     13     -7 (VIOLATED)
fanout1613/X                              6     13     -7 (VIOLATED)
fanout1614/X                              6     13     -7 (VIOLATED)
fanout1615/X                              6     13     -7 (VIOLATED)
fanout1616/X                              6     13     -7 (VIOLATED)
fanout1617/X                              6     13     -7 (VIOLATED)
fanout1618/X                              6     13     -7 (VIOLATED)
fanout1619/X                              6     13     -7 (VIOLATED)
fanout1620/X                              6     13     -7 (VIOLATED)
fanout1621/X                              6     13     -7 (VIOLATED)
fanout1622/X                              6     13     -7 (VIOLATED)
fanout1623/X                              6     13     -7 (VIOLATED)
fanout1624/X                              6     13     -7 (VIOLATED)
fanout1625/X                              6     13     -7 (VIOLATED)
fanout1626/X                              6     13     -7 (VIOLATED)
fanout1627/X                              6     13     -7 (VIOLATED)
fanout1628/X                              6     13     -7 (VIOLATED)
fanout1629/X                              6     13     -7 (VIOLATED)
fanout1630/X                              6     13     -7 (VIOLATED)
fanout1632/X                              6     13     -7 (VIOLATED)
fanout1633/X                              6     13     -7 (VIOLATED)
fanout1634/X                              6     13     -7 (VIOLATED)
fanout1635/X                              6     13     -7 (VIOLATED)
fanout1636/X                              6     13     -7 (VIOLATED)
fanout1637/X                              6     13     -7 (VIOLATED)
fanout1638/X                              6     13     -7 (VIOLATED)
fanout1639/X                              6     13     -7 (VIOLATED)
fanout1640/X                              6     13     -7 (VIOLATED)
fanout1641/X                              6     13     -7 (VIOLATED)
fanout1642/X                              6     13     -7 (VIOLATED)
fanout1643/X                              6     13     -7 (VIOLATED)
fanout1644/X                              6     13     -7 (VIOLATED)
fanout1645/X                              6     13     -7 (VIOLATED)
fanout1646/X                              6     13     -7 (VIOLATED)
fanout1647/X                              6     13     -7 (VIOLATED)
fanout1648/X                              6     13     -7 (VIOLATED)
fanout1649/X                              6     13     -7 (VIOLATED)
fanout1650/X                              6     13     -7 (VIOLATED)
fanout1651/X                              6     13     -7 (VIOLATED)
fanout1652/X                              6     13     -7 (VIOLATED)
fanout1653/X                              6     13     -7 (VIOLATED)
fanout1654/X                              6     13     -7 (VIOLATED)
fanout1655/X                              6     13     -7 (VIOLATED)
fanout1656/X                              6     13     -7 (VIOLATED)
fanout1657/X                              6     13     -7 (VIOLATED)
fanout1658/X                              6     13     -7 (VIOLATED)
fanout1659/X                              6     13     -7 (VIOLATED)
fanout1660/X                              6     13     -7 (VIOLATED)
fanout1663/X                              6     13     -7 (VIOLATED)
fanout1664/X                              6     13     -7 (VIOLATED)
fanout1665/X                              6     13     -7 (VIOLATED)
fanout1666/X                              6     13     -7 (VIOLATED)
fanout1667/X                              6     13     -7 (VIOLATED)
fanout1668/X                              6     13     -7 (VIOLATED)
fanout1359/X                              6     11     -5 (VIOLATED)
fanout1360/X                              6     11     -5 (VIOLATED)
fanout1420/X                              6     11     -5 (VIOLATED)
fanout1436/X                              6     11     -5 (VIOLATED)
fanout1464/X                              6     11     -5 (VIOLATED)
fanout1475/X                              6     11     -5 (VIOLATED)
fanout1476/X                              6     11     -5 (VIOLATED)
fanout1480/X                              6     11     -5 (VIOLATED)
fanout1488/X                              6     11     -5 (VIOLATED)
fanout1490/X                              6     11     -5 (VIOLATED)
fanout1492/X                              6     11     -5 (VIOLATED)
fanout1510/X                              6     11     -5 (VIOLATED)
fanout1527/X                              6     11     -5 (VIOLATED)
fanout1532/X                              6     11     -5 (VIOLATED)
fanout1540/X                              6     11     -5 (VIOLATED)
fanout1543/X                              6     11     -5 (VIOLATED)
fanout1549/X                              6     11     -5 (VIOLATED)
fanout1554/X                              6     11     -5 (VIOLATED)
fanout1568/X                              6     11     -5 (VIOLATED)
fanout1573/X                              6     11     -5 (VIOLATED)
fanout1580/X                              6     11     -5 (VIOLATED)
input227/X                                6     11     -5 (VIOLATED)
fanout1345/X                              6      9     -3 (VIOLATED)
fanout1347/X                              6      9     -3 (VIOLATED)
fanout1348/X                              6      9     -3 (VIOLATED)
fanout1350/X                              6      9     -3 (VIOLATED)
fanout1371/X                              6      9     -3 (VIOLATED)
fanout1397/X                              6      9     -3 (VIOLATED)
fanout1399/X                              6      9     -3 (VIOLATED)
fanout1400/X                              6      9     -3 (VIOLATED)
fanout1433/X                              6      9     -3 (VIOLATED)
fanout1460/X                              6      9     -3 (VIOLATED)
fanout1462/X                              6      9     -3 (VIOLATED)
fanout1463/X                              6      9     -3 (VIOLATED)
fanout1482/X                              6      9     -3 (VIOLATED)
fanout1495/X                              6      9     -3 (VIOLATED)
fanout1501/X                              6      9     -3 (VIOLATED)
fanout1503/X                              6      9     -3 (VIOLATED)
fanout1504/X                              6      9     -3 (VIOLATED)
fanout1507/X                              6      9     -3 (VIOLATED)
fanout1509/X                              6      9     -3 (VIOLATED)
fanout1514/X                              6      9     -3 (VIOLATED)
fanout1516/X                              6      9     -3 (VIOLATED)
fanout1530/X                              6      9     -3 (VIOLATED)
fanout1534/X                              6      9     -3 (VIOLATED)
fanout1538/X                              6      9     -3 (VIOLATED)
fanout1544/X                              6      9     -3 (VIOLATED)
fanout1577/X                              6      9     -3 (VIOLATED)
fanout1588/X                              6      9     -3 (VIOLATED)
wire1662/X                                6      9     -3 (VIOLATED)
_0393_/X                                  6      7        (VIOLATED)
_0444_/Y                                  6      7        (VIOLATED)
fanout1340/X                              6      7        (VIOLATED)
fanout1343/X                              6      7        (VIOLATED)
fanout1346/X                              6      7        (VIOLATED)
fanout1356/X                              6      7        (VIOLATED)
fanout1358/X                              6      7        (VIOLATED)
fanout1367/X                              6      7        (VIOLATED)
fanout1368/X                              6      7        (VIOLATED)
fanout1369/X                              6      7        (VIOLATED)
fanout1376/X                              6      7        (VIOLATED)
fanout1378/X                              6      7        (VIOLATED)
fanout1379/X                              6      7        (VIOLATED)
fanout1381/X                              6      7        (VIOLATED)
fanout1384/X                              6      7        (VIOLATED)
fanout1385/X                              6      7        (VIOLATED)
fanout1386/X                              6      7        (VIOLATED)
fanout1390/X                              6      7        (VIOLATED)
fanout1393/X                              6      7        (VIOLATED)
fanout1401/X                              6      7        (VIOLATED)
fanout1402/X                              6      7        (VIOLATED)
fanout1403/X                              6      7        (VIOLATED)
fanout1404/X                              6      7        (VIOLATED)
fanout1411/X                              6      7        (VIOLATED)
fanout1413/X                              6      7        (VIOLATED)
fanout1414/X                              6      7        (VIOLATED)
fanout1418/X                              6      7        (VIOLATED)
fanout1422/X                              6      7        (VIOLATED)
fanout1423/X                              6      7        (VIOLATED)
fanout1424/X                              6      7        (VIOLATED)
fanout1428/X                              6      7        (VIOLATED)
fanout1431/X                              6      7        (VIOLATED)
fanout1434/X                              6      7        (VIOLATED)
fanout1438/X                              6      7        (VIOLATED)
fanout1456/X                              6      7        (VIOLATED)
fanout1466/X                              6      7        (VIOLATED)
fanout1467/X                              6      7        (VIOLATED)
fanout1469/X                              6      7        (VIOLATED)
fanout1472/X                              6      7        (VIOLATED)
fanout1484/X                              6      7        (VIOLATED)
fanout1485/X                              6      7        (VIOLATED)
fanout1486/X                              6      7        (VIOLATED)
fanout1496/X                              6      7        (VIOLATED)
fanout1498/X                              6      7        (VIOLATED)
fanout1511/X                              6      7        (VIOLATED)
fanout1512/X                              6      7        (VIOLATED)
fanout1518/X                              6      7        (VIOLATED)
fanout1526/X                              6      7        (VIOLATED)
fanout1536/X                              6      7        (VIOLATED)
fanout1550/X                              6      7        (VIOLATED)
fanout1557/X                              6      7        (VIOLATED)
fanout1559/X                              6      7        (VIOLATED)
fanout1561/X                              6      7        (VIOLATED)
fanout1569/X                              6      7        (VIOLATED)
fanout1570/X                              6      7        (VIOLATED)
fanout1572/X                              6      7        (VIOLATED)
fanout1576/X                              6      7        (VIOLATED)
fanout1584/X                              6      7        (VIOLATED)
fanout1586/X                              6      7        (VIOLATED)

max capacitance

Pin                                        Limit         Cap       Slack
------------------------------------------------------------------------
fanout1350/X                            0.200000    0.218903   -0.018903 (VIOLATED)
tl_host_i[5]                            0.200000    0.206223   -0.006223 (VIOLATED)
wire1662/X                              0.200000    0.204681   -0.004681 (VIOLATED)
fanout1630/X                            0.200000    0.203587   -0.003587 (VIOLATED)
fanout1602/X                            0.200000    0.201239   -0.001239 (VIOLATED)



===========================================================================
report_parasitic_annotation -report_unannotated
============================================================================
Found 2 unannotated drivers.
 clk_i
 rst_ni
Found 0 partially unannotated drivers.

===========================================================================
max slew violation count 0
max fanout violation count 306
max cap violation count 5
============================================================================

===========================================================================
check_setup -verbose -unconstrained_endpoints -multiple_clock -no_clock -no_input_delay -loops -generated_clocks
===========================================================================
