
===========================================================================
 report_power
============================================================================
======================= min_tt_025C_1v80 Corner ===================================

Group                    Internal    Switching      Leakage        Total
                            Power        Power        Power        Power (Watts)
------------------------------------------------------------------------
Sequential           0.000000e+00 0.000000e+00 0.000000e+00 0.000000e+00   0.0%
Combinational        1.896845e-04 5.978742e-04 1.018862e-08 7.875689e-04 100.0%
Clock                -2.367485e-09 0.000000e+00 3.062641e-09 6.951562e-10   0.0%
Macro                0.000000e+00 0.000000e+00 0.000000e+00 0.000000e+00   0.0%
Pad                  0.000000e+00 0.000000e+00 0.000000e+00 0.000000e+00   0.0%
------------------------------------------------------------------------
Total                1.896821e-04 5.978742e-04 1.325115e-08 7.875696e-04 100.0%
                            24.1%        75.9%         0.0%

