Clock: clk_i
Sources: clk_i 
Generated: no
Virtual: yes
Propagated: no
Period: 25.000000

===========================================================================
report_clock_properties
============================================================================
Clock                   Period          Waveform
----------------------------------------------------
clk_i                25.000000    0.000000 12.500000

===========================================================================
report_clock_latency
============================================================================
Clock clk_i
rise -> rise
    min     max
0.000000 0.000000 source latency
0.533823         network latency _1197_/CLK
        1.124456 network latency _1194_/CLK
---------------
0.533823 1.124456 latency
        0.590633 skew

fall -> rise
    min     max
0.000000 0.000000 source latency
4.556551         network latency _1186_/CLK
        4.578317 network latency _1194_/CLK
---------------
4.556551 4.578317 latency
        0.021766 skew

fall -> fall
    min     max
0.000000 0.000000 source latency
0.434595         network latency _1197_/CLK
        4.535723 network latency _1194_/CLK
---------------
0.434595 4.535723 latency
        4.101129 skew



===========================================================================
report_clock_min_period
============================================================================
clk_i period_min = 10.14 fmax = 98.64
