
===========================================================================
 report_power
============================================================================
======================= min_tt_025C_1v80 Corner ===================================

Group                    Internal    Switching      Leakage        Total
                            Power        Power        Power        Power (Watts)
------------------------------------------------------------------------
Sequential           1.057298e-04 2.275288e-06 7.479863e-10 1.080059e-04  22.2%
Combinational        1.580940e-04 8.270526e-05 4.267884e-09 2.408036e-04  49.6%
Clock                6.783452e-05 6.882184e-05 3.404484e-09 1.366598e-04  28.2%
Macro                0.000000e+00 0.000000e+00 0.000000e+00 0.000000e+00   0.0%
Pad                  0.000000e+00 0.000000e+00 0.000000e+00 0.000000e+00   0.0%
------------------------------------------------------------------------
Total                3.316584e-04 1.538023e-04 8.420388e-09 4.854692e-04 100.0%
                            68.3%        31.7%         0.0%

